I0311 13:46:08.563298 1536994 config.py:54] PyTorch version 2.1.1 available.
Loading checkpoint shards:   0%|          | 0/6 [00:00<?, ?it/s]Loading checkpoint shards:  17%|█▋        | 1/6 [00:00<00:00,  8.22it/s]Loading checkpoint shards:  50%|█████     | 3/6 [00:00<00:00, 10.01it/s]Loading checkpoint shards:  83%|████████▎ | 5/6 [00:00<00:00, 10.53it/s]Loading checkpoint shards: 100%|██████████| 6/6 [00:00<00:00, 10.44it/s]
I0311 13:46:10.322104 1536994 quantize_finetune_llama.py:134] loaded model
calculating model weight mean & std:   0%|          | 0/32 [00:00<?, ?it/s]calculating model weight mean & std:   3%|▎         | 1/32 [00:00<00:27,  1.12it/s]calculating model weight mean & std:   6%|▋         | 2/32 [00:01<00:23,  1.28it/s]calculating model weight mean & std:   9%|▉         | 3/32 [00:02<00:21,  1.36it/s]calculating model weight mean & std:  12%|█▎        | 4/32 [00:02<00:20,  1.39it/s]calculating model weight mean & std:  16%|█▌        | 5/32 [00:03<00:19,  1.41it/s]calculating model weight mean & std:  19%|█▉        | 6/32 [00:04<00:18,  1.43it/s]calculating model weight mean & std:  22%|██▏       | 7/32 [00:05<00:17,  1.42it/s]calculating model weight mean & std:  25%|██▌       | 8/32 [00:05<00:16,  1.43it/s]calculating model weight mean & std:  28%|██▊       | 9/32 [00:06<00:16,  1.43it/s]calculating model weight mean & std:  31%|███▏      | 10/32 [00:07<00:15,  1.43it/s]calculating model weight mean & std:  34%|███▍      | 11/32 [00:07<00:14,  1.43it/s]calculating model weight mean & std:  38%|███▊      | 12/32 [00:08<00:13,  1.44it/s]calculating model weight mean & std:  41%|████      | 13/32 [00:09<00:13,  1.44it/s]calculating model weight mean & std:  44%|████▍     | 14/32 [00:09<00:12,  1.44it/s]calculating model weight mean & std:  47%|████▋     | 15/32 [00:10<00:11,  1.44it/s]calculating model weight mean & std:  50%|█████     | 16/32 [00:11<00:11,  1.44it/s]calculating model weight mean & std:  53%|█████▎    | 17/32 [00:12<00:10,  1.44it/s]calculating model weight mean & std:  56%|█████▋    | 18/32 [00:12<00:09,  1.45it/s]calculating model weight mean & std:  59%|█████▉    | 19/32 [00:13<00:08,  1.45it/s]calculating model weight mean & std:  62%|██████▎   | 20/32 [00:14<00:08,  1.45it/s]calculating model weight mean & std:  66%|██████▌   | 21/32 [00:14<00:07,  1.45it/s]calculating model weight mean & std:  69%|██████▉   | 22/32 [00:15<00:06,  1.45it/s]calculating model weight mean & std:  72%|███████▏  | 23/32 [00:16<00:06,  1.45it/s]calculating model weight mean & std:  75%|███████▌  | 24/32 [00:16<00:05,  1.46it/s]calculating model weight mean & std:  78%|███████▊  | 25/32 [00:17<00:04,  1.44it/s]calculating model weight mean & std:  81%|████████▏ | 26/32 [00:18<00:04,  1.43it/s]calculating model weight mean & std:  84%|████████▍ | 27/32 [00:18<00:03,  1.43it/s]calculating model weight mean & std:  88%|████████▊ | 28/32 [00:19<00:02,  1.43it/s]calculating model weight mean & std:  91%|█████████ | 29/32 [00:20<00:02,  1.42it/s]calculating model weight mean & std:  94%|█████████▍| 30/32 [00:21<00:01,  1.43it/s]calculating model weight mean & std:  97%|█████████▋| 31/32 [00:21<00:00,  1.43it/s]calculating model weight mean & std: 100%|██████████| 32/32 [00:22<00:00,  1.43it/s]calculating model weight mean & std: 100%|██████████| 32/32 [00:22<00:00,  1.43it/s]
I0311 13:46:42.728087 1536994 quantize_finetune_llama.py:159] loaded compression model
I0311 13:46:56.403621 1536994 quantize_finetune_llama.py:163] loaded dataset and devset
I0311 13:47:01.491024 1536994 quantize_finetune_llama.py:183] layer 0 gpu 0
The attention layers in this model are transitioning from computing the RoPE embeddings internally through `position_ids` (2D tensor with the indexes of the tokens), to using externally computed `position_embeddings` (Tuple of tensors, containing cos and sin). In v4.46 `position_ids` will be removed and `position_embeddings` will be mandatory.
I0311 13:48:37.187477 1536994 quantize_finetune_llama.py:210] computed original embedding for layer 0 in 95.5641667842865s
huggingface/tokenizers: The current process just got forked, after parallelism has already been used. Disabling parallelism to avoid deadlocks...
To disable this warning, you can either:
	- Avoid using `tokenizers` before the fork if possible
	- Explicitly set the environment variable TOKENIZERS_PARALLELISM=(true | false)
I0311 13:49:03.140241 1538674 config.py:54] PyTorch version 2.1.1 available.
I0311 13:49:04.099658 1536994 quantize_finetune_llama.py:183] layer 1 gpu 1
I0311 13:49:04.173175 1538674 data_utils.py:336] using 256 training seqs, 128 validation seqs
The attention layers in this model are transitioning from computing the RoPE embeddings internally through `position_ids` (2D tensor with the indexes of the tokens), to using externally computed `position_embeddings` (Tuple of tensors, containing cos and sin). In v4.46 `position_ids` will be removed and `position_embeddings` will be mandatory.
I0311 13:49:12.463757 1538674 finetune.py:45] layer 0_v initial loss 2.554325192249962e-06
I0311 13:49:45.109457 1538674 finetune.py:68] layer 0_v @ epoch 0 new loss 9.581951871950878e-07 old loss 2.554325192249962e-06 BETTER
I0311 13:50:13.899135 1536994 quantize_finetune_llama.py:210] computed original embedding for layer 1 in 69.60238862037659s
I0311 13:50:22.203405 1538674 finetune.py:68] layer 0_v @ epoch 1 new loss 4.713891144092486e-07 old loss 9.581951871950878e-07 BETTER
I0311 13:50:24.851878 1539540 config.py:54] PyTorch version 2.1.1 available.
I0311 13:50:25.798046 1536994 quantize_finetune_llama.py:183] layer 2 gpu 2
I0311 13:50:25.864589 1539540 data_utils.py:336] using 256 training seqs, 128 validation seqs
The attention layers in this model are transitioning from computing the RoPE embeddings internally through `position_ids` (2D tensor with the indexes of the tokens), to using externally computed `position_embeddings` (Tuple of tensors, containing cos and sin). In v4.46 `position_ids` will be removed and `position_embeddings` will be mandatory.
I0311 13:50:33.853701 1539540 finetune.py:45] layer 1_v initial loss 8.537031681044027e-05
I0311 13:50:56.003768 1538674 finetune.py:68] layer 0_v @ epoch 2 new loss 3.0105837822702597e-07 old loss 4.713891144092486e-07 BETTER
I0311 13:51:05.106000 1539540 finetune.py:68] layer 1_v @ epoch 0 new loss 2.2812351744505577e-05 old loss 8.537031681044027e-05 BETTER
I0311 13:51:30.154995 1538674 finetune.py:68] layer 0_v @ epoch 3 new loss 2.3368900770037726e-07 old loss 3.0105837822702597e-07 BETTER
I0311 13:51:35.777836 1536994 quantize_finetune_llama.py:210] computed original embedding for layer 2 in 69.81201505661011s
I0311 13:51:38.326927 1539540 finetune.py:68] layer 1_v @ epoch 1 new loss 2.0658464563894086e-05 old loss 2.2812351744505577e-05 BETTER
I0311 13:51:44.309855 1540351 config.py:54] PyTorch version 2.1.1 available.
I0311 13:51:45.361315 1536994 quantize_finetune_llama.py:183] layer 3 gpu 3
I0311 13:51:45.440520 1540351 data_utils.py:336] using 256 training seqs, 128 validation seqs
The attention layers in this model are transitioning from computing the RoPE embeddings internally through `position_ids` (2D tensor with the indexes of the tokens), to using externally computed `position_embeddings` (Tuple of tensors, containing cos and sin). In v4.46 `position_ids` will be removed and `position_embeddings` will be mandatory.
I0311 13:51:53.480049 1540351 finetune.py:45] layer 2_v initial loss 2.7380670871934853e-05
I0311 13:52:04.451865 1538674 finetune.py:68] layer 0_v @ epoch 4 new loss 2.0246579879312776e-07 old loss 2.3368900770037726e-07 BETTER
I0311 13:52:11.034907 1539540 finetune.py:68] layer 1_v @ epoch 2 new loss 1.488140787841985e-05 old loss 2.0658464563894086e-05 BETTER
I0311 13:52:13.606986 1538674 finetune.py:45] layer 0_q initial loss 2.1053342891264037e-07
I0311 13:52:24.775015 1540351 finetune.py:68] layer 2_v @ epoch 0 new loss 1.676382998994086e-05 old loss 2.7380670871934853e-05 BETTER
I0311 13:52:43.127427 1539540 finetune.py:68] layer 1_v @ epoch 3 new loss 1.3756360203842632e-05 old loss 1.488140787841985e-05 BETTER
I0311 13:52:46.642287 1538674 finetune.py:68] layer 0_q @ epoch 0 new loss 1.8325560802168184e-07 old loss 2.1053342891264037e-07 BETTER
I0311 13:52:56.970613 1540351 finetune.py:68] layer 2_v @ epoch 1 new loss 1.2897296073788311e-05 old loss 1.676382998994086e-05 BETTER
I0311 13:52:57.283926 1536994 quantize_finetune_llama.py:210] computed original embedding for layer 3 in 71.78146433830261s
I0311 13:53:08.068797 1541217 config.py:54] PyTorch version 2.1.1 available.
I0311 13:53:09.130120 1536994 quantize_finetune_llama.py:183] layer 4 gpu 0
I0311 13:53:09.177489 1541217 data_utils.py:336] using 256 training seqs, 128 validation seqs
The attention layers in this model are transitioning from computing the RoPE embeddings internally through `position_ids` (2D tensor with the indexes of the tokens), to using externally computed `position_embeddings` (Tuple of tensors, containing cos and sin). In v4.46 `position_ids` will be removed and `position_embeddings` will be mandatory.
I0311 13:53:16.291174 1539540 finetune.py:68] layer 1_v @ epoch 4 new loss 1.150364005297888e-05 old loss 1.3756360203842632e-05 BETTER
I0311 13:53:17.429744 1541217 finetune.py:45] layer 3_v initial loss 4.745550177176483e-05
I0311 13:53:20.845325 1538674 finetune.py:68] layer 0_q @ epoch 1 new loss 1.6924479950830573e-07 old loss 1.8325560802168184e-07 BETTER
I0311 13:53:25.591138 1539540 finetune.py:45] layer 1_q initial loss 3.6798526707571e-05
I0311 13:53:29.701709 1540351 finetune.py:68] layer 2_v @ epoch 2 new loss 1.1219344742130488e-05 old loss 1.2897296073788311e-05 BETTER
I0311 13:53:48.306721 1541217 finetune.py:68] layer 3_v @ epoch 0 new loss 2.5970599381253123e-05 old loss 4.745550177176483e-05 BETTER
I0311 13:53:54.942947 1538674 finetune.py:68] layer 0_q @ epoch 2 new loss 1.5879489012604608e-07 old loss 1.6924479950830573e-07 BETTER
I0311 13:53:56.984475 1539540 finetune.py:68] layer 1_q @ epoch 0 new loss 1.2693595635937527e-05 old loss 3.6798526707571e-05 BETTER
I0311 13:54:02.711965 1540351 finetune.py:68] layer 2_v @ epoch 3 new loss 1.0392825060989708e-05 old loss 1.1219344742130488e-05 BETTER
I0311 13:54:20.222663 1541217 finetune.py:68] layer 3_v @ epoch 1 new loss 2.067692912532948e-05 old loss 2.5970599381253123e-05 BETTER
I0311 13:54:29.088779 1538674 finetune.py:68] layer 0_q @ epoch 3 new loss 1.5078775561505608e-07 old loss 1.5879489012604608e-07 BETTER
I0311 13:54:29.197912 1539540 finetune.py:68] layer 1_q @ epoch 1 new loss 1.1348237421771046e-05 old loss 1.2693595635937527e-05 BETTER
I0311 13:54:35.723104 1540351 finetune.py:68] layer 2_v @ epoch 4 new loss 9.926455277309287e-06 old loss 1.0392825060989708e-05 BETTER
I0311 13:54:44.718986 1540351 finetune.py:45] layer 2_q initial loss 1.1310109584883321e-05
I0311 13:54:52.307001 1541217 finetune.py:68] layer 3_v @ epoch 2 new loss 1.8931725207949057e-05 old loss 2.067692912532948e-05 BETTER
I0311 13:55:01.525924 1539540 finetune.py:76] layer 1_q @ epoch 2 new loss 1.4154073141980916e-05 old loss 1.1348237421771046e-05 WORSE
I0311 13:55:03.138832 1538674 finetune.py:68] layer 0_q @ epoch 4 new loss 1.439081813714438e-07 old loss 1.5078775561505608e-07 BETTER
I0311 13:55:12.235424 1538674 finetune.py:45] layer 0_k initial loss 2.1443572961743484e-07
I0311 13:55:16.270736 1540351 finetune.py:68] layer 2_q @ epoch 0 new loss 1.0405561624793336e-05 old loss 1.1310109584883321e-05 BETTER
I0311 13:55:24.545871 1541217 finetune.py:68] layer 3_v @ epoch 3 new loss 1.811190668377094e-05 old loss 1.8931725207949057e-05 BETTER
I0311 13:55:33.235131 1539540 finetune.py:68] layer 1_q @ epoch 3 new loss 9.599357326806057e-06 old loss 1.1348237421771046e-05 BETTER
I0311 13:55:45.018891 1538674 finetune.py:68] layer 0_k @ epoch 0 new loss 1.4453696906002733e-07 old loss 2.1443572961743484e-07 BETTER
I0311 13:55:48.740222 1540351 finetune.py:68] layer 2_q @ epoch 1 new loss 1.010378218779806e-05 old loss 1.0405561624793336e-05 BETTER
I0311 13:55:56.890446 1541217 finetune.py:68] layer 3_v @ epoch 4 new loss 1.7594536984688602e-05 old loss 1.811190668377094e-05 BETTER
I0311 13:56:05.545403 1539540 finetune.py:76] layer 1_q @ epoch 4 new loss 2.1086214474053122e-05 old loss 9.599357326806057e-06 WORSE
I0311 13:56:05.945664 1541217 finetune.py:45] layer 3_q initial loss 2.1854095393791795e-05
I0311 13:56:14.100771 1539540 finetune.py:45] layer 1_k initial loss 1.971181518456433e-05
I0311 13:56:18.635544 1538674 finetune.py:68] layer 0_k @ epoch 1 new loss 1.385124193120646e-07 old loss 1.4453696906002733e-07 BETTER
I0311 13:56:21.370636 1540351 finetune.py:68] layer 2_q @ epoch 2 new loss 9.877398952085059e-06 old loss 1.010378218779806e-05 BETTER
I0311 13:56:37.322814 1541217 finetune.py:68] layer 3_q @ epoch 0 new loss 2.023902561631985e-05 old loss 2.1854095393791795e-05 BETTER
I0311 13:56:45.651445 1539540 finetune.py:68] layer 1_k @ epoch 0 new loss 1.40840420499444e-05 old loss 1.971181518456433e-05 BETTER
I0311 13:56:52.048100 1538674 finetune.py:68] layer 0_k @ epoch 2 new loss 1.338733852662699e-07 old loss 1.385124193120646e-07 BETTER
I0311 13:56:53.680162 1540351 finetune.py:68] layer 2_q @ epoch 3 new loss 9.688966201792937e-06 old loss 9.877398952085059e-06 BETTER
I0311 13:57:09.354455 1541217 finetune.py:68] layer 3_q @ epoch 1 new loss 1.9725161109818146e-05 old loss 2.023902561631985e-05 BETTER
I0311 13:57:17.702966 1539540 finetune.py:68] layer 1_k @ epoch 1 new loss 1.1195525985385757e-05 old loss 1.40840420499444e-05 BETTER
I0311 13:57:25.533612 1538674 finetune.py:68] layer 0_k @ epoch 3 new loss 1.2976244079254684e-07 old loss 1.338733852662699e-07 BETTER
I0311 13:57:26.269791 1540351 finetune.py:68] layer 2_q @ epoch 4 new loss 9.524875167699065e-06 old loss 9.688966201792937e-06 BETTER
I0311 13:57:35.227087 1540351 finetune.py:45] layer 2_k initial loss 1.0744372048065998e-05
I0311 13:57:41.344363 1541217 finetune.py:68] layer 3_q @ epoch 2 new loss 1.9328619600855745e-05 old loss 1.9725161109818146e-05 BETTER
I0311 13:57:49.692291 1539540 finetune.py:76] layer 1_k @ epoch 2 new loss 1.1211853234271985e-05 old loss 1.1195525985385757e-05 WORSE
I0311 13:57:59.003753 1538674 finetune.py:68] layer 0_k @ epoch 4 new loss 1.2633229573566496e-07 old loss 1.2976244079254684e-07 BETTER
I0311 13:58:06.656712 1540351 finetune.py:68] layer 2_k @ epoch 0 new loss 1.0366266906203236e-05 old loss 1.0744372048065998e-05 BETTER
I0311 13:58:08.218078 1538674 finetune.py:45] layer 0_o initial loss 1.4481456673820503e-06
I0311 13:58:13.353898 1541217 finetune.py:68] layer 3_q @ epoch 3 new loss 1.900163260870613e-05 old loss 1.9328619600855745e-05 BETTER
I0311 13:58:21.103229 1539540 finetune.py:76] layer 1_k @ epoch 3 new loss 1.1399045433790889e-05 old loss 1.1195525985385757e-05 WORSE
I0311 13:58:38.848448 1540351 finetune.py:68] layer 2_k @ epoch 1 new loss 1.018615239445353e-05 old loss 1.0366266906203236e-05 BETTER
I0311 13:58:40.563357 1538674 finetune.py:68] layer 0_o @ epoch 0 new loss 1.334167791355867e-06 old loss 1.4481456673820503e-06 BETTER
I0311 13:58:45.384083 1541217 finetune.py:68] layer 3_q @ epoch 4 new loss 1.871901986305602e-05 old loss 1.900163260870613e-05 BETTER
I0311 13:58:52.513241 1539540 finetune.py:76] layer 1_k @ epoch 4 new loss 1.2100872481823899e-05 old loss 1.1195525985385757e-05 WORSE
I0311 13:58:54.350560 1541217 finetune.py:45] layer 3_k initial loss 2.2277337848208845e-05
I0311 13:59:01.168328 1539540 finetune.py:45] layer 1_o initial loss 4.732710658572614e-05
I0311 13:59:10.918063 1540351 finetune.py:68] layer 2_k @ epoch 2 new loss 1.0040797860710882e-05 old loss 1.018615239445353e-05 BETTER
I0311 13:59:13.472146 1538674 finetune.py:68] layer 0_o @ epoch 1 new loss 1.242406938217755e-06 old loss 1.334167791355867e-06 BETTER
I0311 13:59:25.308469 1541217 finetune.py:68] layer 3_k @ epoch 0 new loss 2.1448335246532224e-05 old loss 2.2277337848208845e-05 BETTER
I0311 13:59:31.720336 1539540 finetune.py:68] layer 1_o @ epoch 0 new loss 2.984016464324668e-05 old loss 4.732710658572614e-05 BETTER
I0311 13:59:43.067531 1540351 finetune.py:68] layer 2_k @ epoch 3 new loss 9.914127076626755e-06 old loss 1.0040797860710882e-05 BETTER
I0311 13:59:46.470557 1538674 finetune.py:68] layer 0_o @ epoch 2 new loss 1.1657219829430687e-06 old loss 1.242406938217755e-06 BETTER
I0311 13:59:56.939860 1541217 finetune.py:68] layer 3_k @ epoch 1 new loss 2.110928289766889e-05 old loss 2.1448335246532224e-05 BETTER
I0311 14:00:03.070289 1539540 finetune.py:68] layer 1_o @ epoch 1 new loss 2.7940219297306612e-05 old loss 2.984016464324668e-05 BETTER
I0311 14:00:15.297348 1540351 finetune.py:68] layer 2_k @ epoch 4 new loss 9.799839062907267e-06 old loss 9.914127076626755e-06 BETTER
I0311 14:00:19.305202 1538674 finetune.py:68] layer 0_o @ epoch 3 new loss 1.1001690154444077e-06 old loss 1.1657219829430687e-06 BETTER
I0311 14:00:24.292977 1540351 finetune.py:45] layer 2_o initial loss 2.800000220304355e-05
I0311 14:00:28.551704 1541217 finetune.py:68] layer 3_k @ epoch 2 new loss 2.0843290258198977e-05 old loss 2.110928289766889e-05 BETTER
I0311 14:00:34.321022 1539540 finetune.py:68] layer 1_o @ epoch 2 new loss 2.713051981118042e-05 old loss 2.7940219297306612e-05 BETTER
I0311 14:00:52.489652 1538674 finetune.py:68] layer 0_o @ epoch 4 new loss 1.0435865078761708e-06 old loss 1.1001690154444077e-06 BETTER
I0311 14:00:55.283279 1540351 finetune.py:68] layer 2_o @ epoch 0 new loss 2.7428610337665305e-05 old loss 2.800000220304355e-05 BETTER
I0311 14:01:00.322438 1541217 finetune.py:68] layer 3_k @ epoch 3 new loss 2.06155855266843e-05 old loss 2.0843290258198977e-05 BETTER
I0311 14:01:05.632058 1539540 finetune.py:68] layer 1_o @ epoch 3 new loss 2.630930976010859e-05 old loss 2.713051981118042e-05 BETTER
I0311 14:01:07.780411 1538674 finetune.py:45] layer 0_up initial loss 1.582181084813783e-06
I0311 14:01:26.973995 1540351 finetune.py:68] layer 2_o @ epoch 1 new loss 2.7028976546716876e-05 old loss 2.7428610337665305e-05 BETTER
I0311 14:01:32.301142 1541217 finetune.py:68] layer 3_k @ epoch 4 new loss 2.041749939962756e-05 old loss 2.06155855266843e-05 BETTER
I0311 14:01:37.017696 1539540 finetune.py:68] layer 1_o @ epoch 4 new loss 2.5572780941729434e-05 old loss 2.630930976010859e-05 BETTER
I0311 14:01:38.179356 1538674 finetune.py:68] layer 0_up @ epoch 0 new loss 1.4438849120779196e-06 old loss 1.582181084813783e-06 BETTER
I0311 14:01:41.546240 1541217 finetune.py:45] layer 3_o initial loss 5.232490730122663e-05
I0311 14:01:51.941570 1539540 finetune.py:45] layer 1_up initial loss 6.510927778435871e-05
I0311 14:01:58.605548 1540351 finetune.py:68] layer 2_o @ epoch 2 new loss 2.6726645955932327e-05 old loss 2.7028976546716876e-05 BETTER
I0311 14:02:09.419912 1538674 finetune.py:68] layer 0_up @ epoch 1 new loss 1.3439632766676368e-06 old loss 1.4438849120779196e-06 BETTER
I0311 14:02:11.739866 1541217 finetune.py:68] layer 3_o @ epoch 0 new loss 5.084694203105755e-05 old loss 5.232490730122663e-05 BETTER
I0311 14:02:20.826081 1539540 finetune.py:68] layer 1_up @ epoch 0 new loss 3.256223499192856e-05 old loss 6.510927778435871e-05 BETTER
I0311 14:02:30.274631 1540351 finetune.py:68] layer 2_o @ epoch 3 new loss 2.6481753593543544e-05 old loss 2.6726645955932327e-05 BETTER
I0311 14:02:40.711348 1538674 finetune.py:68] layer 0_up @ epoch 2 new loss 1.2735147265630076e-06 old loss 1.3439632766676368e-06 BETTER
I0311 14:02:42.690331 1541217 finetune.py:68] layer 3_o @ epoch 1 new loss 4.990080196876079e-05 old loss 5.084694203105755e-05 BETTER
I0311 14:02:50.378314 1539540 finetune.py:68] layer 1_up @ epoch 1 new loss 3.0245511879911646e-05 old loss 3.256223499192856e-05 BETTER
I0311 14:03:01.898676 1540351 finetune.py:68] layer 2_o @ epoch 4 new loss 2.6274707124684937e-05 old loss 2.6481753593543544e-05 BETTER
I0311 14:03:12.004865 1538674 finetune.py:68] layer 0_up @ epoch 3 new loss 1.2209818578412523e-06 old loss 1.2735147265630076e-06 BETTER
I0311 14:03:13.635203 1541217 finetune.py:68] layer 3_o @ epoch 2 new loss 4.923102824250236e-05 old loss 4.990080196876079e-05 BETTER
I0311 14:03:18.375500 1540351 finetune.py:45] layer 2_up initial loss 3.9893398934509605e-05
I0311 14:03:19.839117 1539540 finetune.py:68] layer 1_up @ epoch 2 new loss 2.9903594622737728e-05 old loss 3.0245511879911646e-05 BETTER
I0311 14:03:43.316956 1538674 finetune.py:68] layer 0_up @ epoch 4 new loss 1.1809405577878351e-06 old loss 1.2209818578412523e-06 BETTER
I0311 14:03:44.612107 1541217 finetune.py:68] layer 3_o @ epoch 3 new loss 4.8707261157687753e-05 old loss 4.923102824250236e-05 BETTER
I0311 14:03:47.367907 1540351 finetune.py:68] layer 2_up @ epoch 0 new loss 3.949504753109068e-05 old loss 3.9893398934509605e-05 BETTER
I0311 14:03:49.441088 1539540 finetune.py:68] layer 1_up @ epoch 3 new loss 2.9380249543464743e-05 old loss 2.9903594622737728e-05 BETTER
I0311 14:03:58.806915 1538674 finetune.py:45] layer 0_gate initial loss 1.826443394747912e-06
I0311 14:04:15.832836 1541217 finetune.py:68] layer 3_o @ epoch 4 new loss 4.8279387556249276e-05 old loss 4.8707261157687753e-05 BETTER
I0311 14:04:17.381049 1540351 finetune.py:68] layer 2_up @ epoch 1 new loss 3.919771916116588e-05 old loss 3.949504753109068e-05 BETTER
I0311 14:04:19.190003 1539540 finetune.py:68] layer 1_up @ epoch 4 new loss 2.905377186834812e-05 old loss 2.9380249543464743e-05 BETTER
I0311 14:04:27.329363 1538674 finetune.py:68] layer 0_gate @ epoch 0 new loss 1.6960344737526611e-06 old loss 1.826443394747912e-06 BETTER
I0311 14:04:31.077510 1541217 finetune.py:45] layer 3_up initial loss 7.927886326797307e-05
I0311 14:04:34.457972 1539540 finetune.py:45] layer 1_gate initial loss 5.38173844688572e-05
I0311 14:04:47.351697 1540351 finetune.py:68] layer 2_up @ epoch 2 new loss 3.896427733707242e-05 old loss 3.919771916116588e-05 BETTER
I0311 14:04:57.032274 1538674 finetune.py:68] layer 0_gate @ epoch 1 new loss 1.596762331246282e-06 old loss 1.6960344737526611e-06 BETTER
I0311 14:04:59.444129 1541217 finetune.py:68] layer 3_up @ epoch 0 new loss 7.842981722205877e-05 old loss 7.927886326797307e-05 BETTER
I0311 14:05:01.875378 1539540 finetune.py:68] layer 1_gate @ epoch 0 new loss 3.539460522006266e-05 old loss 5.38173844688572e-05 BETTER
I0311 14:05:17.383244 1540351 finetune.py:68] layer 2_up @ epoch 3 new loss 3.876722257700749e-05 old loss 3.896427733707242e-05 BETTER
I0311 14:05:26.816439 1538674 finetune.py:68] layer 0_gate @ epoch 2 new loss 1.5206155694613699e-06 old loss 1.596762331246282e-06 BETTER
I0311 14:05:28.936993 1541217 finetune.py:68] layer 3_up @ epoch 1 new loss 7.780904707033187e-05 old loss 7.842981722205877e-05 BETTER
I0311 14:05:30.208595 1539540 finetune.py:68] layer 1_gate @ epoch 1 new loss 3.419983841013163e-05 old loss 3.539460522006266e-05 BETTER
I0311 14:05:47.334811 1540351 finetune.py:68] layer 2_up @ epoch 4 new loss 3.8596375816268846e-05 old loss 3.876722257700749e-05 BETTER
I0311 14:05:56.727923 1538674 finetune.py:68] layer 0_gate @ epoch 3 new loss 1.4624141613239772e-06 old loss 1.5206155694613699e-06 BETTER
I0311 14:05:58.412997 1539540 finetune.py:68] layer 1_gate @ epoch 2 new loss 3.373447907506488e-05 old loss 3.419983841013163e-05 BETTER
I0311 14:05:58.670000 1541217 finetune.py:68] layer 3_up @ epoch 2 new loss 7.732522499281913e-05 old loss 7.780904707033187e-05 BETTER
I0311 14:06:02.985209 1540351 finetune.py:45] layer 2_gate initial loss 4.9131504056276754e-05
I0311 14:06:26.734266 1538674 finetune.py:68] layer 0_gate @ epoch 4 new loss 1.4176753211359028e-06 old loss 1.4624141613239772e-06 BETTER
I0311 14:06:26.865825 1539540 finetune.py:68] layer 1_gate @ epoch 3 new loss 3.3244046790059656e-05 old loss 3.373447907506488e-05 BETTER
I0311 14:06:28.820418 1541217 finetune.py:68] layer 3_up @ epoch 3 new loss 7.691763312323019e-05 old loss 7.732522499281913e-05 BETTER
I0311 14:06:30.817210 1540351 finetune.py:68] layer 2_gate @ epoch 0 new loss 4.876563252764754e-05 old loss 4.9131504056276754e-05 BETTER
I0311 14:06:43.117090 1538674 finetune.py:45] layer 0_down initial loss 3.1916385978547623e-06
I0311 14:06:55.297360 1539540 finetune.py:68] layer 1_gate @ epoch 4 new loss 3.2881773222470656e-05 old loss 3.3244046790059656e-05 BETTER
I0311 14:06:58.291562 1541217 finetune.py:68] layer 3_up @ epoch 4 new loss 7.656443631276488e-05 old loss 7.691763312323019e-05 BETTER
I0311 14:06:58.831640 1540351 finetune.py:68] layer 2_gate @ epoch 1 new loss 4.8473677452420816e-05 old loss 4.876563252764754e-05 BETTER
I0311 14:07:10.174100 1538674 finetune.py:68] layer 0_down @ epoch 0 new loss 3.1339864108304027e-06 old loss 3.1916385978547623e-06 BETTER
I0311 14:07:11.111922 1539540 finetune.py:45] layer 1_down initial loss 0.0007299852441065013
I0311 14:07:13.533656 1541217 finetune.py:45] layer 3_gate initial loss 9.997876622946933e-05
I0311 14:07:26.902726 1540351 finetune.py:68] layer 2_gate @ epoch 2 new loss 4.822894698008895e-05 old loss 4.8473677452420816e-05 BETTER
I0311 14:07:36.875015 1539540 finetune.py:68] layer 1_down @ epoch 0 new loss 0.0007277233526110649 old loss 0.0007299852441065013 BETTER
I0311 14:07:38.362671 1538674 finetune.py:68] layer 0_down @ epoch 1 new loss 3.093722398261889e-06 old loss 3.1339864108304027e-06 BETTER
I0311 14:07:40.738705 1541217 finetune.py:68] layer 3_gate @ epoch 0 new loss 9.932941611623392e-05 old loss 9.997876622946933e-05 BETTER
I0311 14:07:54.813791 1540351 finetune.py:68] layer 2_gate @ epoch 3 new loss 4.8017111112130806e-05 old loss 4.822894698008895e-05 BETTER
I0311 14:08:03.541129 1539540 finetune.py:68] layer 1_down @ epoch 1 new loss 0.0007275078096427023 old loss 0.0007277233526110649 BETTER
I0311 14:08:06.687011 1538674 finetune.py:68] layer 0_down @ epoch 2 new loss 3.066145154662081e-06 old loss 3.093722398261889e-06 BETTER
I0311 14:08:08.867661 1541217 finetune.py:68] layer 3_gate @ epoch 1 new loss 9.878475248115137e-05 old loss 9.932941611623392e-05 BETTER
I0311 14:08:22.884467 1540351 finetune.py:68] layer 2_gate @ epoch 4 new loss 4.7830304538365453e-05 old loss 4.8017111112130806e-05 BETTER
I0311 14:08:30.130945 1539540 finetune.py:68] layer 1_down @ epoch 2 new loss 0.0007267529726959765 old loss 0.0007275078096427023 BETTER
I0311 14:08:34.968874 1538674 finetune.py:68] layer 0_down @ epoch 3 new loss 3.0461849291896215e-06 old loss 3.066145154662081e-06 BETTER
I0311 14:08:37.040599 1541217 finetune.py:68] layer 3_gate @ epoch 2 new loss 9.831952047534287e-05 old loss 9.878475248115137e-05 BETTER
I0311 14:08:38.876793 1540351 finetune.py:45] layer 2_down initial loss 7.173252379288897e-05
I0311 14:08:56.884276 1539540 finetune.py:68] layer 1_down @ epoch 3 new loss 0.0007266403408721089 old loss 0.0007267529726959765 BETTER
I0311 14:09:03.331304 1538674 finetune.py:68] layer 0_down @ epoch 4 new loss 3.0309229259728454e-06 old loss 3.0461849291896215e-06 BETTER
I0311 14:09:05.140823 1540351 finetune.py:68] layer 2_down @ epoch 0 new loss 7.15988571755588e-05 old loss 7.173252379288897e-05 BETTER
0_v proxy err 0.032212838530540466 tr(WHW.T) 4.225186347961426
0_q proxy err 0.00017769930127542466 tr(WHW.T) 2711.06396484375
0_k proxy err 0.0001966454874491319 tr(WHW.T) 1699.275146484375
0_o proxy err 0.003652466693893075 tr(WHW.T) 0.9741519689559937
0_up proxy err 0.018997296690940857 tr(WHW.T) 43.276519775390625
0_gate proxy err 0.013092026114463806 tr(WHW.T) 63.4854621887207
0_down proxy err 0.011192004196345806 tr(WHW.T) 0.6611024141311646
I0311 14:09:05.191652 1541217 finetune.py:68] layer 3_gate @ epoch 3 new loss 9.791607590159401e-05 old loss 9.831952047534287e-05 BETTER
I0311 14:09:24.355323 1539540 finetune.py:68] layer 1_down @ epoch 4 new loss 0.0007262344006448984 old loss 0.0007266403408721089 BETTER
1_v proxy err 0.06959035992622375 tr(WHW.T) 16.465883255004883
1_q proxy err 0.000378705415641889 tr(WHW.T) 4781.2998046875
1_k proxy err 0.0003918800794053823 tr(WHW.T) 5002.65869140625
1_o proxy err 0.030111214146018028 tr(WHW.T) 1.1131401062011719
1_up proxy err 0.026185104623436928 tr(WHW.T) 109.84740447998047
1_gate proxy err 0.013483848422765732 tr(WHW.T) 221.14865112304688
1_down proxy err 0.0015495202969759703 tr(WHW.T) 2043.2489013671875
I0311 14:09:32.541431 1540351 finetune.py:68] layer 2_down @ epoch 1 new loss 7.149099837988615e-05 old loss 7.15988571755588e-05 BETTER
I0311 14:09:33.943464 1541217 finetune.py:68] layer 3_gate @ epoch 4 new loss 9.755900100572035e-05 old loss 9.791607590159401e-05 BETTER
I0311 14:09:49.153733 1541217 finetune.py:45] layer 3_down initial loss 0.00014637099229730666
I0311 14:09:59.495890 1540351 finetune.py:68] layer 2_down @ epoch 2 new loss 7.140096568036824e-05 old loss 7.149099837988615e-05 BETTER
I0311 14:10:14.567664 1541217 finetune.py:68] layer 3_down @ epoch 0 new loss 0.00014616255066357553 old loss 0.00014637099229730666 BETTER
I0311 14:10:26.246783 1540351 finetune.py:68] layer 2_down @ epoch 3 new loss 7.13250701664947e-05 old loss 7.140096568036824e-05 BETTER
I0311 14:10:41.281569 1541217 finetune.py:68] layer 3_down @ epoch 1 new loss 0.00014600175200030208 old loss 0.00014616255066357553 BETTER
I0311 14:10:43.103965 1536994 quantize_finetune_llama.py:210] computed original embedding for layer 4 in 72.8058729171753s
I0311 14:10:46.486244 1550761 config.py:54] PyTorch version 2.1.1 available.
I0311 14:10:47.562173 1536994 quantize_finetune_llama.py:183] layer 5 gpu 1
I0311 14:10:47.636425 1550761 data_utils.py:336] using 256 training seqs, 128 validation seqs
The attention layers in this model are transitioning from computing the RoPE embeddings internally through `position_ids` (2D tensor with the indexes of the tokens), to using externally computed `position_embeddings` (Tuple of tensors, containing cos and sin). In v4.46 `position_ids` will be removed and `position_embeddings` will be mandatory.
I0311 14:10:53.279157 1540351 finetune.py:68] layer 2_down @ epoch 4 new loss 7.125977572286502e-05 old loss 7.13250701664947e-05 BETTER
2_v proxy err 0.033577438443899155 tr(WHW.T) 136.67332458496094
2_q proxy err 0.0007389130187220871 tr(WHW.T) 7757.05908203125
2_k proxy err 0.0005793090676888824 tr(WHW.T) 10217.833984375
2_o proxy err 0.036622464656829834 tr(WHW.T) 1.467541217803955
2_up proxy err 0.03198898211121559 tr(WHW.T) 193.5021209716797
2_gate proxy err 0.020822172984480858 tr(WHW.T) 306.3603515625
2_down proxy err 0.033385127782821655 tr(WHW.T) 3.029202938079834
I0311 14:10:57.017527 1550761 finetune.py:45] layer 4_v initial loss 6.788036989746615e-05
I0311 14:11:07.652300 1541217 finetune.py:68] layer 3_down @ epoch 2 new loss 0.00014587261830456555 old loss 0.00014600175200030208 BETTER
I0311 14:11:30.363571 1550761 finetune.py:68] layer 4_v @ epoch 0 new loss 3.684565672301687e-05 old loss 6.788036989746615e-05 BETTER
I0311 14:11:34.006133 1541217 finetune.py:68] layer 3_down @ epoch 3 new loss 0.00014576489047612995 old loss 0.00014587261830456555 BETTER
I0311 14:12:00.594083 1541217 finetune.py:68] layer 3_down @ epoch 4 new loss 0.00014567218022421002 old loss 0.00014576489047612995 BETTER
3_v proxy err 0.0442550852894783 tr(WHW.T) 284.77557373046875
3_q proxy err 0.002071764087304473 tr(WHW.T) 7221.4306640625
3_k proxy err 0.0015196071472018957 tr(WHW.T) 10089.3046875
3_o proxy err 0.030966689810156822 tr(WHW.T) 3.3733444213867188
3_up proxy err 0.03573264181613922 tr(WHW.T) 284.8477478027344
3_gate proxy err 0.02192867547273636 tr(WHW.T) 477.5670166015625
3_down proxy err 0.03400355577468872 tr(WHW.T) 6.184110641479492
I0311 14:12:04.984058 1550761 finetune.py:68] layer 4_v @ epoch 1 new loss 3.037237547687255e-05 old loss 3.684565672301687e-05 BETTER
I0311 14:12:09.202630 1536994 quantize_finetune_llama.py:210] computed original embedding for layer 5 in 70.23426151275635s
I0311 14:12:12.324862 1551641 config.py:54] PyTorch version 2.1.1 available.
I0311 14:12:13.288599 1536994 quantize_finetune_llama.py:183] layer 6 gpu 2
I0311 14:12:13.352885 1551641 data_utils.py:336] using 256 training seqs, 128 validation seqs
The attention layers in this model are transitioning from computing the RoPE embeddings internally through `position_ids` (2D tensor with the indexes of the tokens), to using externally computed `position_embeddings` (Tuple of tensors, containing cos and sin). In v4.46 `position_ids` will be removed and `position_embeddings` will be mandatory.
I0311 14:12:22.264710 1551641 finetune.py:45] layer 5_v initial loss 0.00010091376316267997
I0311 14:12:40.474579 1550761 finetune.py:68] layer 4_v @ epoch 2 new loss 2.8151189326308668e-05 old loss 3.037237547687255e-05 BETTER
I0311 14:12:54.229129 1551641 finetune.py:68] layer 5_v @ epoch 0 new loss 6.267023127293214e-05 old loss 0.00010091376316267997 BETTER
I0311 14:13:15.611653 1550761 finetune.py:68] layer 4_v @ epoch 3 new loss 2.694515023904387e-05 old loss 2.8151189326308668e-05 BETTER
I0311 14:13:27.248087 1551641 finetune.py:68] layer 5_v @ epoch 1 new loss 5.518334364751354e-05 old loss 6.267023127293214e-05 BETTER
I0311 14:13:27.440671 1536994 quantize_finetune_llama.py:210] computed original embedding for layer 6 in 73.7412178516388s
I0311 14:13:30.821698 1552465 config.py:54] PyTorch version 2.1.1 available.
I0311 14:13:31.882822 1536994 quantize_finetune_llama.py:183] layer 7 gpu 3
I0311 14:13:31.952757 1552465 data_utils.py:336] using 256 training seqs, 128 validation seqs
The attention layers in this model are transitioning from computing the RoPE embeddings internally through `position_ids` (2D tensor with the indexes of the tokens), to using externally computed `position_embeddings` (Tuple of tensors, containing cos and sin). In v4.46 `position_ids` will be removed and `position_embeddings` will be mandatory.
I0311 14:13:41.560528 1552465 finetune.py:45] layer 6_v initial loss 0.00014004916010890156
I0311 14:13:50.710978 1550761 finetune.py:68] layer 4_v @ epoch 4 new loss 2.6119927497347817e-05 old loss 2.694515023904387e-05 BETTER
I0311 14:14:00.241914 1550761 finetune.py:45] layer 4_q initial loss 3.1693794880993664e-05
I0311 14:14:00.344892 1551641 finetune.py:68] layer 5_v @ epoch 2 new loss 5.2117728046141565e-05 old loss 5.518334364751354e-05 BETTER
I0311 14:14:13.230438 1552465 finetune.py:68] layer 6_v @ epoch 0 new loss 8.06806783657521e-05 old loss 0.00014004916010890156 BETTER
I0311 14:14:33.333591 1551641 finetune.py:68] layer 5_v @ epoch 3 new loss 5.016841532778926e-05 old loss 5.2117728046141565e-05 BETTER
I0311 14:14:34.011743 1550761 finetune.py:68] layer 4_q @ epoch 0 new loss 2.9845383323845454e-05 old loss 3.1693794880993664e-05 BETTER
I0311 14:14:43.174317 1536994 quantize_finetune_llama.py:210] computed original embedding for layer 7 in 70.83095049858093s
I0311 14:14:46.422423 1552465 finetune.py:68] layer 6_v @ epoch 1 new loss 7.10831445758231e-05 old loss 8.06806783657521e-05 BETTER
I0311 14:14:46.527283 1553244 config.py:54] PyTorch version 2.1.1 available.
I0311 14:14:47.573112 1536994 quantize_finetune_llama.py:183] layer 8 gpu 0
I0311 14:14:47.655291 1553244 data_utils.py:336] using 256 training seqs, 128 validation seqs
The attention layers in this model are transitioning from computing the RoPE embeddings internally through `position_ids` (2D tensor with the indexes of the tokens), to using externally computed `position_embeddings` (Tuple of tensors, containing cos and sin). In v4.46 `position_ids` will be removed and `position_embeddings` will be mandatory.
I0311 14:14:55.841251 1553244 finetune.py:45] layer 7_v initial loss 0.00018061231821775436
I0311 14:15:06.407080 1551641 finetune.py:68] layer 5_v @ epoch 4 new loss 4.874038859270513e-05 old loss 5.016841532778926e-05 BETTER
I0311 14:15:08.480296 1550761 finetune.py:68] layer 4_q @ epoch 1 new loss 2.9018669010838494e-05 old loss 2.9845383323845454e-05 BETTER
I0311 14:15:15.562731 1551641 finetune.py:45] layer 5_q initial loss 5.691890692105517e-05
I0311 14:15:19.335496 1552465 finetune.py:68] layer 6_v @ epoch 2 new loss 6.707712600473315e-05 old loss 7.10831445758231e-05 BETTER
I0311 14:15:26.923729 1553244 finetune.py:68] layer 7_v @ epoch 0 new loss 0.00011065234866691753 old loss 0.00018061231821775436 BETTER
I0311 14:15:43.231094 1550761 finetune.py:68] layer 4_q @ epoch 2 new loss 2.838645741576329e-05 old loss 2.9018669010838494e-05 BETTER
I0311 14:15:47.294695 1551641 finetune.py:68] layer 5_q @ epoch 0 new loss 5.3947456763125956e-05 old loss 5.691890692105517e-05 BETTER
I0311 14:15:52.571053 1552465 finetune.py:68] layer 6_v @ epoch 3 new loss 6.45686304778792e-05 old loss 6.707712600473315e-05 BETTER
I0311 14:15:58.837075 1553244 finetune.py:68] layer 7_v @ epoch 1 new loss 9.95077716652304e-05 old loss 0.00011065234866691753 BETTER
I0311 14:16:17.855121 1550761 finetune.py:68] layer 4_q @ epoch 3 new loss 2.7863652576343156e-05 old loss 2.838645741576329e-05 BETTER
I0311 14:16:19.644873 1551641 finetune.py:68] layer 5_q @ epoch 1 new loss 5.2529951062751934e-05 old loss 5.3947456763125956e-05 BETTER
I0311 14:16:25.960619 1552465 finetune.py:68] layer 6_v @ epoch 4 new loss 6.274517363635823e-05 old loss 6.45686304778792e-05 BETTER
I0311 14:16:30.830878 1553244 finetune.py:68] layer 7_v @ epoch 2 new loss 9.445744217373431e-05 old loss 9.95077716652304e-05 BETTER
I0311 14:16:35.324935 1552465 finetune.py:45] layer 6_q initial loss 8.015005005290732e-05
I0311 14:16:52.355102 1551641 finetune.py:68] layer 5_q @ epoch 2 new loss 5.144715032656677e-05 old loss 5.2529951062751934e-05 BETTER
I0311 14:16:52.631077 1550761 finetune.py:68] layer 4_q @ epoch 4 new loss 2.7418887839303352e-05 old loss 2.7863652576343156e-05 BETTER
I0311 14:17:02.362385 1550761 finetune.py:45] layer 4_k initial loss 3.160337655572221e-05
I0311 14:17:03.676211 1553244 finetune.py:68] layer 7_v @ epoch 3 new loss 9.113884152611718e-05 old loss 9.445744217373431e-05 BETTER
I0311 14:17:07.090533 1552465 finetune.py:68] layer 6_q @ epoch 0 new loss 7.47038793633692e-05 old loss 8.015005005290732e-05 BETTER
I0311 14:17:24.983461 1551641 finetune.py:68] layer 5_q @ epoch 3 new loss 5.05310163134709e-05 old loss 5.144715032656677e-05 BETTER
I0311 14:17:35.340886 1550761 finetune.py:68] layer 4_k @ epoch 0 new loss 3.089660458499566e-05 old loss 3.160337655572221e-05 BETTER
I0311 14:17:36.173853 1553244 finetune.py:68] layer 7_v @ epoch 4 new loss 8.869735029293224e-05 old loss 9.113884152611718e-05 BETTER
I0311 14:17:39.612263 1552465 finetune.py:68] layer 6_q @ epoch 1 new loss 7.267110049724579e-05 old loss 7.47038793633692e-05 BETTER
I0311 14:17:45.344321 1553244 finetune.py:45] layer 7_q initial loss 0.00011357215407770127
I0311 14:17:57.419928 1551641 finetune.py:68] layer 5_q @ epoch 4 new loss 4.973580871592276e-05 old loss 5.05310163134709e-05 BETTER
I0311 14:18:06.451454 1551641 finetune.py:45] layer 5_k initial loss 5.5142569181043655e-05
I0311 14:18:09.422967 1550761 finetune.py:68] layer 4_k @ epoch 1 new loss 3.0457056709565222e-05 old loss 3.089660458499566e-05 BETTER
I0311 14:18:12.882347 1552465 finetune.py:68] layer 6_q @ epoch 2 new loss 7.113735773600638e-05 old loss 7.267110049724579e-05 BETTER
I0311 14:18:16.691760 1553244 finetune.py:68] layer 7_q @ epoch 0 new loss 0.00010589144949335605 old loss 0.00011357215407770127 BETTER
I0311 14:18:37.882238 1551641 finetune.py:68] layer 5_k @ epoch 0 new loss 5.386818156694062e-05 old loss 5.5142569181043655e-05 BETTER
I0311 14:18:43.497113 1550761 finetune.py:68] layer 4_k @ epoch 2 new loss 3.0087454433669336e-05 old loss 3.0457056709565222e-05 BETTER
I0311 14:18:45.890258 1552465 finetune.py:68] layer 6_q @ epoch 3 new loss 6.987808592384681e-05 old loss 7.113735773600638e-05 BETTER
I0311 14:18:48.710915 1553244 finetune.py:68] layer 7_q @ epoch 1 new loss 0.00010299196583218873 old loss 0.00010589144949335605 BETTER
I0311 14:19:10.128829 1551641 finetune.py:68] layer 5_k @ epoch 1 new loss 5.3130534070078284e-05 old loss 5.386818156694062e-05 BETTER
I0311 14:19:17.444227 1550761 finetune.py:68] layer 4_k @ epoch 3 new loss 2.9764232749585062e-05 old loss 3.0087454433669336e-05 BETTER
I0311 14:19:18.859534 1552465 finetune.py:68] layer 6_q @ epoch 4 new loss 6.88175787217915e-05 old loss 6.987808592384681e-05 BETTER
I0311 14:19:20.760385 1553244 finetune.py:68] layer 7_q @ epoch 2 new loss 0.00010081366053782403 old loss 0.00010299196583218873 BETTER
I0311 14:19:28.155241 1552465 finetune.py:45] layer 6_k initial loss 8.118676487356424e-05
I0311 14:19:42.349119 1551641 finetune.py:68] layer 5_k @ epoch 2 new loss 5.250573667581193e-05 old loss 5.3130534070078284e-05 BETTER
I0311 14:19:51.596259 1550761 finetune.py:68] layer 4_k @ epoch 4 new loss 2.9475200790329836e-05 old loss 2.9764232749585062e-05 BETTER
I0311 14:19:52.791646 1553244 finetune.py:68] layer 7_q @ epoch 3 new loss 9.905509068630636e-05 old loss 0.00010081366053782403 BETTER
I0311 14:19:59.653864 1552465 finetune.py:68] layer 6_k @ epoch 0 new loss 7.821157487342134e-05 old loss 8.118676487356424e-05 BETTER
I0311 14:20:01.032750 1550761 finetune.py:45] layer 4_o initial loss 8.285084913950413e-05
I0311 14:20:14.478789 1551641 finetune.py:68] layer 5_k @ epoch 3 new loss 5.1950370107078925e-05 old loss 5.250573667581193e-05 BETTER
I0311 14:20:24.816148 1553244 finetune.py:68] layer 7_q @ epoch 4 new loss 9.755686915013939e-05 old loss 9.905509068630636e-05 BETTER
I0311 14:20:32.138785 1552465 finetune.py:68] layer 6_k @ epoch 1 new loss 7.713191007496789e-05 old loss 7.821157487342134e-05 BETTER
I0311 14:20:33.713368 1550761 finetune.py:68] layer 4_o @ epoch 0 new loss 7.929273851914331e-05 old loss 8.285084913950413e-05 BETTER
I0311 14:20:35.249785 1553244 finetune.py:45] layer 7_k initial loss 0.00011467006697785109
I0311 14:20:47.421574 1551641 finetune.py:68] layer 5_k @ epoch 4 new loss 5.145645991433412e-05 old loss 5.1950370107078925e-05 BETTER
I0311 14:20:56.717588 1551641 finetune.py:45] layer 5_o initial loss 0.00013552226300816983
I0311 14:21:05.136117 1552465 finetune.py:68] layer 6_k @ epoch 2 new loss 7.623159035574645e-05 old loss 7.713191007496789e-05 BETTER
I0311 14:21:06.350050 1553244 finetune.py:68] layer 7_k @ epoch 0 new loss 0.00011157719563925639 old loss 0.00011467006697785109 BETTER
I0311 14:21:07.389679 1550761 finetune.py:68] layer 4_o @ epoch 1 new loss 7.761348388157785e-05 old loss 7.929273851914331e-05 BETTER
I0311 14:21:27.811139 1551641 finetune.py:68] layer 5_o @ epoch 0 new loss 0.00012949973461218178 old loss 0.00013552226300816983 BETTER
I0311 14:21:37.947010 1552465 finetune.py:68] layer 6_k @ epoch 3 new loss 7.546663982793689e-05 old loss 7.623159035574645e-05 BETTER
I0311 14:21:38.340007 1553244 finetune.py:68] layer 7_k @ epoch 1 new loss 0.00011004183761542663 old loss 0.00011157719563925639 BETTER
I0311 14:21:41.158313 1550761 finetune.py:68] layer 4_o @ epoch 2 new loss 7.650953193660825e-05 old loss 7.761348388157785e-05 BETTER
I0311 14:21:59.777446 1551641 finetune.py:68] layer 5_o @ epoch 1 new loss 0.00012656382750719786 old loss 0.00012949973461218178 BETTER
I0311 14:22:10.596531 1553244 finetune.py:68] layer 7_k @ epoch 2 new loss 0.00010876554733840749 old loss 0.00011004183761542663 BETTER
I0311 14:22:10.936320 1552465 finetune.py:68] layer 6_k @ epoch 4 new loss 7.480399654014036e-05 old loss 7.546663982793689e-05 BETTER
I0311 14:22:15.064250 1550761 finetune.py:68] layer 4_o @ epoch 3 new loss 7.566190470242873e-05 old loss 7.650953193660825e-05 BETTER
I0311 14:22:20.384451 1552465 finetune.py:45] layer 6_o initial loss 0.0001990932651096955
I0311 14:22:31.630252 1551641 finetune.py:68] layer 5_o @ epoch 2 new loss 0.00012447297922335565 old loss 0.00012656382750719786 BETTER
I0311 14:22:42.620556 1553244 finetune.py:68] layer 7_k @ epoch 3 new loss 0.00010770127846626565 old loss 0.00010876554733840749 BETTER
I0311 14:22:48.714229 1550761 finetune.py:68] layer 4_o @ epoch 4 new loss 7.494245801353827e-05 old loss 7.566190470242873e-05 BETTER
I0311 14:22:51.835181 1552465 finetune.py:68] layer 6_o @ epoch 0 new loss 0.00018922355957329273 old loss 0.0001990932651096955 BETTER
I0311 14:23:03.520093 1551641 finetune.py:68] layer 5_o @ epoch 3 new loss 0.00012276288180146366 old loss 0.00012447297922335565 BETTER
I0311 14:23:04.248660 1550761 finetune.py:45] layer 4_up initial loss 0.00013242126442492008
I0311 14:23:14.491799 1553244 finetune.py:68] layer 7_k @ epoch 4 new loss 0.00010675166413420811 old loss 0.00010770127846626565 BETTER
I0311 14:23:23.685506 1553244 finetune.py:45] layer 7_o initial loss 0.00027399632381275296
I0311 14:23:23.861199 1552465 finetune.py:68] layer 6_o @ epoch 1 new loss 0.0001848982647061348 old loss 0.00018922355957329273 BETTER
I0311 14:23:35.384699 1551641 finetune.py:68] layer 5_o @ epoch 4 new loss 0.0001213180148624815 old loss 0.00012276288180146366 BETTER
I0311 14:23:35.519548 1550761 finetune.py:68] layer 4_up @ epoch 0 new loss 0.00013068149564787745 old loss 0.00013242126442492008 BETTER
I0311 14:23:50.266799 1551641 finetune.py:45] layer 5_up initial loss 0.00021301890956237912
I0311 14:23:53.943785 1553244 finetune.py:68] layer 7_o @ epoch 0 new loss 0.00025970122078433633 old loss 0.00027399632381275296 BETTER
I0311 14:23:55.829274 1552465 finetune.py:68] layer 6_o @ epoch 2 new loss 0.00018184453074354678 old loss 0.0001848982647061348 BETTER
I0311 14:24:07.407220 1550761 finetune.py:68] layer 4_up @ epoch 1 new loss 0.00012948070070706308 old loss 0.00013068149564787745 BETTER
I0311 14:24:19.392703 1551641 finetune.py:68] layer 5_up @ epoch 0 new loss 0.00021002440189477056 old loss 0.00021301890956237912 BETTER
I0311 14:24:25.069644 1553244 finetune.py:68] layer 7_o @ epoch 1 new loss 0.00025323560112155974 old loss 0.00025970122078433633 BETTER
I0311 14:24:27.925582 1552465 finetune.py:68] layer 6_o @ epoch 3 new loss 0.00017939104873221368 old loss 0.00018184453074354678 BETTER
I0311 14:24:39.406734 1550761 finetune.py:68] layer 4_up @ epoch 2 new loss 0.00012853179941885173 old loss 0.00012948070070706308 BETTER
I0311 14:24:49.519692 1551641 finetune.py:68] layer 5_up @ epoch 1 new loss 0.0002079920086544007 old loss 0.00021002440189477056 BETTER
I0311 14:24:56.116991 1553244 finetune.py:68] layer 7_o @ epoch 2 new loss 0.00024857823154889047 old loss 0.00025323560112155974 BETTER
I0311 14:24:59.895845 1552465 finetune.py:68] layer 6_o @ epoch 4 new loss 0.0001773124822648242 old loss 0.00017939104873221368 BETTER
I0311 14:25:11.435513 1550761 finetune.py:68] layer 4_up @ epoch 3 new loss 0.00012771565525326878 old loss 0.00012853179941885173 BETTER
I0311 14:25:15.116173 1552465 finetune.py:45] layer 6_up initial loss 0.00031729534384794533
I0311 14:25:19.423950 1551641 finetune.py:68] layer 5_up @ epoch 2 new loss 0.00020630218205042183 old loss 0.0002079920086544007 BETTER
I0311 14:25:27.232781 1553244 finetune.py:68] layer 7_o @ epoch 3 new loss 0.00024486149777658284 old loss 0.00024857823154889047 BETTER
I0311 14:25:43.638202 1550761 finetune.py:68] layer 4_up @ epoch 4 new loss 0.00012697746569756418 old loss 0.00012771565525326878 BETTER
I0311 14:25:44.760899 1552465 finetune.py:68] layer 6_up @ epoch 0 new loss 0.0003123259521089494 old loss 0.00031729534384794533 BETTER
I0311 14:25:49.663800 1551641 finetune.py:68] layer 5_up @ epoch 3 new loss 0.00020479357044678181 old loss 0.00020630218205042183 BETTER
I0311 14:25:58.240730 1553244 finetune.py:68] layer 7_o @ epoch 4 new loss 0.0002416973002254963 old loss 0.00024486149777658284 BETTER
I0311 14:25:59.235333 1550761 finetune.py:45] layer 4_gate initial loss 0.00016619812231510878
I0311 14:26:13.225687 1553244 finetune.py:45] layer 7_up initial loss 0.00043088538222946227
I0311 14:26:14.738768 1552465 finetune.py:68] layer 6_up @ epoch 1 new loss 0.0003090934478677809 old loss 0.0003123259521089494 BETTER
I0311 14:26:19.699624 1551641 finetune.py:68] layer 5_up @ epoch 4 new loss 0.00020344210497569293 old loss 0.00020479357044678181 BETTER
I0311 14:26:28.442827 1550761 finetune.py:68] layer 4_gate @ epoch 0 new loss 0.00016493596194777638 old loss 0.00016619812231510878 BETTER
I0311 14:26:36.010680 1551641 finetune.py:45] layer 5_gate initial loss 0.00026219821302220225
I0311 14:26:45.456930 1553244 finetune.py:68] layer 7_up @ epoch 0 new loss 0.00042298203334212303 old loss 0.00043088538222946227 BETTER
I0311 14:26:47.971854 1552465 finetune.py:68] layer 6_up @ epoch 2 new loss 0.00030641868943348527 old loss 0.0003090934478677809 BETTER
I0311 14:27:00.645641 1550761 finetune.py:68] layer 4_gate @ epoch 1 new loss 0.0001639278925722465 old loss 0.00016493596194777638 BETTER
I0311 14:27:05.473103 1551641 finetune.py:68] layer 5_gate @ epoch 0 new loss 0.00026013157912530005 old loss 0.00026219821302220225 BETTER
I0311 14:27:16.565514 1553244 finetune.py:68] layer 7_up @ epoch 1 new loss 0.00041805923683568835 old loss 0.00042298203334212303 BETTER
I0311 14:27:20.241592 1552465 finetune.py:68] layer 6_up @ epoch 3 new loss 0.0003040457086171955 old loss 0.00030641868943348527 BETTER
I0311 14:27:33.239845 1550761 finetune.py:68] layer 4_gate @ epoch 2 new loss 0.00016305242024827749 old loss 0.0001639278925722465 BETTER
I0311 14:27:35.896185 1551641 finetune.py:68] layer 5_gate @ epoch 1 new loss 0.00025852644466795027 old loss 0.00026013157912530005 BETTER
I0311 14:27:48.132428 1553244 finetune.py:68] layer 7_up @ epoch 2 new loss 0.000413994217524305 old loss 0.00041805923683568835 BETTER
I0311 14:27:52.773961 1552465 finetune.py:68] layer 6_up @ epoch 4 new loss 0.00030191525002010167 old loss 0.0003040457086171955 BETTER
I0311 14:28:05.525098 1550761 finetune.py:68] layer 4_gate @ epoch 3 new loss 0.00016226305160671473 old loss 0.00016305242024827749 BETTER
I0311 14:28:05.935701 1551641 finetune.py:68] layer 5_gate @ epoch 2 new loss 0.0002571352815721184 old loss 0.00025852644466795027 BETTER
