I0311 21:00:24.041340 1752459 config.py:54] PyTorch version 2.1.1 available.
Loading checkpoint shards:   0%|          | 0/6 [00:00<?, ?it/s]Loading checkpoint shards:  17%|█▋        | 1/6 [00:00<00:00,  9.34it/s]Loading checkpoint shards:  50%|█████     | 3/6 [00:00<00:00, 10.30it/s]Loading checkpoint shards:  83%|████████▎ | 5/6 [00:00<00:00, 10.09it/s]Loading checkpoint shards: 100%|██████████| 6/6 [00:00<00:00, 10.28it/s]
I0311 21:00:25.827191 1752459 quantize_finetune_llama.py:134] loaded model
calculating model weight mean & std:   0%|          | 0/32 [00:00<?, ?it/s]calculating model weight mean & std:   3%|▎         | 1/32 [00:00<00:23,  1.30it/s]calculating model weight mean & std:   6%|▋         | 2/32 [00:01<00:21,  1.40it/s]calculating model weight mean & std:   9%|▉         | 3/32 [00:02<00:20,  1.43it/s]calculating model weight mean & std:  12%|█▎        | 4/32 [00:02<00:19,  1.42it/s]calculating model weight mean & std:  16%|█▌        | 5/32 [00:03<00:18,  1.43it/s]calculating model weight mean & std:  19%|█▉        | 6/32 [00:04<00:18,  1.43it/s]calculating model weight mean & std:  22%|██▏       | 7/32 [00:04<00:17,  1.42it/s]calculating model weight mean & std:  25%|██▌       | 8/32 [00:05<00:16,  1.42it/s]calculating model weight mean & std:  28%|██▊       | 9/32 [00:06<00:15,  1.45it/s]calculating model weight mean & std:  31%|███▏      | 10/32 [00:06<00:14,  1.47it/s]calculating model weight mean & std:  34%|███▍      | 11/32 [00:07<00:14,  1.49it/s]calculating model weight mean & std:  38%|███▊      | 12/32 [00:08<00:13,  1.49it/s]calculating model weight mean & std:  41%|████      | 13/32 [00:08<00:12,  1.48it/s]calculating model weight mean & std:  44%|████▍     | 14/32 [00:09<00:12,  1.47it/s]calculating model weight mean & std:  47%|████▋     | 15/32 [00:10<00:11,  1.46it/s]calculating model weight mean & std:  50%|█████     | 16/32 [00:11<00:10,  1.46it/s]calculating model weight mean & std:  53%|█████▎    | 17/32 [00:11<00:10,  1.46it/s]calculating model weight mean & std:  56%|█████▋    | 18/32 [00:12<00:09,  1.46it/s]calculating model weight mean & std:  59%|█████▉    | 19/32 [00:13<00:09,  1.42it/s]calculating model weight mean & std:  62%|██████▎   | 20/32 [00:13<00:08,  1.42it/s]calculating model weight mean & std:  66%|██████▌   | 21/32 [00:14<00:07,  1.42it/s]calculating model weight mean & std:  69%|██████▉   | 22/32 [00:15<00:07,  1.42it/s]calculating model weight mean & std:  72%|███████▏  | 23/32 [00:16<00:06,  1.39it/s]calculating model weight mean & std:  75%|███████▌  | 24/32 [00:16<00:05,  1.39it/s]calculating model weight mean & std:  78%|███████▊  | 25/32 [00:17<00:05,  1.38it/s]calculating model weight mean & std:  81%|████████▏ | 26/32 [00:18<00:04,  1.37it/s]calculating model weight mean & std:  84%|████████▍ | 27/32 [00:18<00:03,  1.37it/s]calculating model weight mean & std:  88%|████████▊ | 28/32 [00:19<00:02,  1.37it/s]calculating model weight mean & std:  91%|█████████ | 29/32 [00:20<00:02,  1.36it/s]calculating model weight mean & std:  94%|█████████▍| 30/32 [00:21<00:01,  1.37it/s]calculating model weight mean & std:  97%|█████████▋| 31/32 [00:21<00:00,  1.36it/s]calculating model weight mean & std: 100%|██████████| 32/32 [00:22<00:00,  1.37it/s]calculating model weight mean & std: 100%|██████████| 32/32 [00:22<00:00,  1.42it/s]
I0311 21:00:58.949746 1752459 quantize_finetune_llama.py:159] loaded compression model
I0311 21:01:13.824121 1752459 quantize_finetune_llama.py:163] loaded dataset and devset
I0311 21:01:19.236541 1752459 quantize_finetune_llama.py:183] layer 0 gpu 0
The attention layers in this model are transitioning from computing the RoPE embeddings internally through `position_ids` (2D tensor with the indexes of the tokens), to using externally computed `position_embeddings` (Tuple of tensors, containing cos and sin). In v4.46 `position_ids` will be removed and `position_embeddings` will be mandatory.
I0311 21:02:38.382921 1752459 quantize_finetune_llama.py:210] computed original embedding for layer 0 in 79.00473999977112s
huggingface/tokenizers: The current process just got forked, after parallelism has already been used. Disabling parallelism to avoid deadlocks...
To disable this warning, you can either:
	- Avoid using `tokenizers` before the fork if possible
	- Explicitly set the environment variable TOKENIZERS_PARALLELISM=(true | false)
I0311 21:03:03.988791 1752573 config.py:54] PyTorch version 2.1.1 available.
I0311 21:03:05.086607 1752459 quantize_finetune_llama.py:183] layer 1 gpu 1
I0311 21:03:05.149053 1752573 data_utils.py:336] using 256 training seqs, 128 validation seqs
The attention layers in this model are transitioning from computing the RoPE embeddings internally through `position_ids` (2D tensor with the indexes of the tokens), to using externally computed `position_embeddings` (Tuple of tensors, containing cos and sin). In v4.46 `position_ids` will be removed and `position_embeddings` will be mandatory.
I0311 21:03:13.456361 1752573 finetune.py:45] layer 0_v initial loss 7.280202680703951e-07
I0311 21:03:44.930351 1752573 finetune.py:68] layer 0_v @ epoch 0 new loss 2.862888095478411e-07 old loss 7.280202680703951e-07 BETTER
I0311 21:04:14.106843 1752459 quantize_finetune_llama.py:210] computed original embedding for layer 1 in 68.83641409873962s
I0311 21:04:21.540970 1752573 finetune.py:68] layer 0_v @ epoch 1 new loss 1.398241380456966e-07 old loss 2.862888095478411e-07 BETTER
I0311 21:04:25.486774 1752691 config.py:54] PyTorch version 2.1.1 available.
I0311 21:04:26.469175 1752459 quantize_finetune_llama.py:183] layer 2 gpu 2
I0311 21:04:26.533527 1752691 data_utils.py:336] using 256 training seqs, 128 validation seqs
The attention layers in this model are transitioning from computing the RoPE embeddings internally through `position_ids` (2D tensor with the indexes of the tokens), to using externally computed `position_embeddings` (Tuple of tensors, containing cos and sin). In v4.46 `position_ids` will be removed and `position_embeddings` will be mandatory.
I0311 21:04:34.504501 1752691 finetune.py:45] layer 1_v initial loss 1.6506433894392103e-05
I0311 21:04:54.874006 1752573 finetune.py:68] layer 0_v @ epoch 2 new loss 8.655376859678654e-08 old loss 1.398241380456966e-07 BETTER
I0311 21:05:05.436205 1752691 finetune.py:68] layer 1_v @ epoch 0 new loss 6.69264363750699e-06 old loss 1.6506433894392103e-05 BETTER
I0311 21:05:28.703823 1752573 finetune.py:68] layer 0_v @ epoch 3 new loss 6.510823169492141e-08 old loss 8.655376859678654e-08 BETTER
I0311 21:05:36.625819 1752459 quantize_finetune_llama.py:210] computed original embedding for layer 2 in 69.99340200424194s
I0311 21:05:37.827960 1752691 finetune.py:68] layer 1_v @ epoch 1 new loss 5.7451816246612e-06 old loss 6.69264363750699e-06 BETTER
I0311 21:05:44.553954 1752809 config.py:54] PyTorch version 2.1.1 available.
I0311 21:05:45.547329 1752459 quantize_finetune_llama.py:183] layer 3 gpu 3
I0311 21:05:45.611926 1752809 data_utils.py:336] using 256 training seqs, 128 validation seqs
The attention layers in this model are transitioning from computing the RoPE embeddings internally through `position_ids` (2D tensor with the indexes of the tokens), to using externally computed `position_embeddings` (Tuple of tensors, containing cos and sin). In v4.46 `position_ids` will be removed and `position_embeddings` will be mandatory.
I0311 21:05:53.577150 1752809 finetune.py:45] layer 2_v initial loss 7.434084636770422e-06
I0311 21:06:02.896131 1752573 finetune.py:68] layer 0_v @ epoch 4 new loss 5.526187862869847e-08 old loss 6.510823169492141e-08 BETTER
I0311 21:06:10.644177 1752691 finetune.py:68] layer 1_v @ epoch 2 new loss 4.928138423565542e-06 old loss 5.7451816246612e-06 BETTER
I0311 21:06:12.051952 1752573 finetune.py:45] layer 0_q initial loss 7.545401814468278e-08
I0311 21:06:24.943520 1752809 finetune.py:68] layer 2_v @ epoch 0 new loss 4.9112554734165315e-06 old loss 7.434084636770422e-06 BETTER
I0311 21:06:42.941869 1752691 finetune.py:68] layer 1_v @ epoch 3 new loss 3.538436658345745e-06 old loss 4.928138423565542e-06 BETTER
I0311 21:06:44.977239 1752573 finetune.py:68] layer 0_q @ epoch 0 new loss 5.0454840305746984e-08 old loss 7.545401814468278e-08 BETTER
I0311 21:06:57.426769 1752809 finetune.py:68] layer 2_v @ epoch 1 new loss 3.732554205271299e-06 old loss 4.9112554734165315e-06 BETTER
I0311 21:07:01.336645 1752459 quantize_finetune_llama.py:210] computed original embedding for layer 3 in 75.6677713394165s
I0311 21:07:12.207751 1752927 config.py:54] PyTorch version 2.1.1 available.
I0311 21:07:13.368566 1752459 quantize_finetune_llama.py:183] layer 4 gpu 0
I0311 21:07:13.437851 1752927 data_utils.py:336] using 256 training seqs, 128 validation seqs
I0311 21:07:15.743121 1752691 finetune.py:68] layer 1_v @ epoch 4 new loss 3.2565390029049013e-06 old loss 3.538436658345745e-06 BETTER
The attention layers in this model are transitioning from computing the RoPE embeddings internally through `position_ids` (2D tensor with the indexes of the tokens), to using externally computed `position_embeddings` (Tuple of tensors, containing cos and sin). In v4.46 `position_ids` will be removed and `position_embeddings` will be mandatory.
I0311 21:07:19.206890 1752573 finetune.py:68] layer 0_q @ epoch 1 new loss 4.627630190157106e-08 old loss 5.0454840305746984e-08 BETTER
I0311 21:07:22.211289 1752927 finetune.py:45] layer 3_v initial loss 1.3095553185848985e-05
I0311 21:07:25.323127 1752691 finetune.py:45] layer 1_q initial loss 4.416194769873982e-06
I0311 21:07:30.259430 1752809 finetune.py:68] layer 2_v @ epoch 2 new loss 3.1441882129001897e-06 old loss 3.732554205271299e-06 BETTER
I0311 21:07:53.493736 1752573 finetune.py:68] layer 0_q @ epoch 2 new loss 4.337746872806747e-08 old loss 4.627630190157106e-08 BETTER
I0311 21:07:53.628162 1752927 finetune.py:68] layer 3_v @ epoch 0 new loss 7.189170446508797e-06 old loss 1.3095553185848985e-05 BETTER
I0311 21:07:56.975916 1752691 finetune.py:68] layer 1_q @ epoch 0 new loss 3.116036396022537e-06 old loss 4.416194769873982e-06 BETTER
I0311 21:08:03.129972 1752809 finetune.py:68] layer 2_v @ epoch 3 new loss 2.82884820990148e-06 old loss 3.1441882129001897e-06 BETTER
I0311 21:08:25.732774 1752927 finetune.py:68] layer 3_v @ epoch 1 new loss 5.613477242150111e-06 old loss 7.189170446508797e-06 BETTER
I0311 21:08:27.652618 1752573 finetune.py:68] layer 0_q @ epoch 3 new loss 4.112473206419054e-08 old loss 4.337746872806747e-08 BETTER
I0311 21:08:29.248158 1752691 finetune.py:68] layer 1_q @ epoch 1 new loss 2.964802888527629e-06 old loss 3.116036396022537e-06 BETTER
I0311 21:08:36.161760 1752809 finetune.py:68] layer 2_v @ epoch 4 new loss 2.6466225335752824e-06 old loss 2.82884820990148e-06 BETTER
I0311 21:08:45.559638 1752809 finetune.py:45] layer 2_q initial loss 2.959944822578109e-06
I0311 21:08:58.110857 1752927 finetune.py:68] layer 3_v @ epoch 2 new loss 5.0667858886299655e-06 old loss 5.613477242150111e-06 BETTER
I0311 21:09:01.560317 1752691 finetune.py:76] layer 1_q @ epoch 2 new loss 7.647914571862202e-06 old loss 2.964802888527629e-06 WORSE
I0311 21:09:01.957938 1752573 finetune.py:68] layer 0_q @ epoch 4 new loss 3.923225833091237e-08 old loss 4.112473206419054e-08 BETTER
I0311 21:09:11.318671 1752573 finetune.py:45] layer 0_k initial loss 7.109819222250735e-08
I0311 21:09:17.145876 1752809 finetune.py:68] layer 2_q @ epoch 0 new loss 2.694112481549382e-06 old loss 2.959944822578109e-06 BETTER
I0311 21:09:30.441702 1752927 finetune.py:68] layer 3_v @ epoch 3 new loss 4.797763267561095e-06 old loss 5.0667858886299655e-06 BETTER
I0311 21:09:33.409112 1752691 finetune.py:76] layer 1_q @ epoch 3 new loss 4.3468139665492345e-06 old loss 2.964802888527629e-06 WORSE
I0311 21:09:44.098278 1752573 finetune.py:68] layer 0_k @ epoch 0 new loss 3.99735320399941e-08 old loss 7.109819222250735e-08 BETTER
I0311 21:09:49.780517 1752809 finetune.py:68] layer 2_q @ epoch 1 new loss 2.597635329948389e-06 old loss 2.694112481549382e-06 BETTER
I0311 21:10:02.678686 1752927 finetune.py:68] layer 3_v @ epoch 4 new loss 4.626388090400724e-06 old loss 4.797763267561095e-06 BETTER
I0311 21:10:05.000014 1752691 finetune.py:76] layer 1_q @ epoch 4 new loss 6.925965408299817e-06 old loss 2.964802888527629e-06 WORSE
I0311 21:10:11.851400 1752927 finetune.py:45] layer 3_q initial loss 5.547569799091434e-06
I0311 21:10:13.776476 1752691 finetune.py:45] layer 1_k initial loss 3.0885348678566515e-06
I0311 21:10:17.527635 1752573 finetune.py:68] layer 0_k @ epoch 1 new loss 3.8223749498911275e-08 old loss 3.99735320399941e-08 BETTER
I0311 21:10:22.429786 1752809 finetune.py:68] layer 2_q @ epoch 2 new loss 2.528219056330272e-06 old loss 2.597635329948389e-06 BETTER
I0311 21:10:43.267123 1752927 finetune.py:68] layer 3_q @ epoch 0 new loss 5.161730314284796e-06 old loss 5.547569799091434e-06 BETTER
I0311 21:10:45.267058 1752691 finetune.py:76] layer 1_k @ epoch 0 new loss 3.163500423397636e-06 old loss 3.0885348678566515e-06 WORSE
I0311 21:10:51.419646 1752573 finetune.py:68] layer 0_k @ epoch 2 new loss 3.689386929295324e-08 old loss 3.8223749498911275e-08 BETTER
I0311 21:10:55.282609 1752809 finetune.py:68] layer 2_q @ epoch 3 new loss 2.47332036451553e-06 old loss 2.528219056330272e-06 BETTER
I0311 21:11:15.376793 1752927 finetune.py:68] layer 3_q @ epoch 1 new loss 5.017060630052583e-06 old loss 5.161730314284796e-06 BETTER
I0311 21:11:16.737734 1752691 finetune.py:68] layer 1_k @ epoch 1 new loss 2.897556669267942e-06 old loss 3.0885348678566515e-06 BETTER
I0311 21:11:25.106188 1752573 finetune.py:68] layer 0_k @ epoch 3 new loss 3.576202800559258e-08 old loss 3.689386929295324e-08 BETTER
I0311 21:11:27.991529 1752809 finetune.py:68] layer 2_q @ epoch 4 new loss 2.4271803340525366e-06 old loss 2.47332036451553e-06 BETTER
I0311 21:11:37.188293 1752809 finetune.py:45] layer 2_k initial loss 2.6931759293802315e-06
I0311 21:11:47.568142 1752927 finetune.py:68] layer 3_q @ epoch 2 new loss 4.906267804472009e-06 old loss 5.017060630052583e-06 BETTER
I0311 21:11:48.809286 1752691 finetune.py:68] layer 1_k @ epoch 2 new loss 2.866522663680371e-06 old loss 2.897556669267942e-06 BETTER
I0311 21:11:58.802376 1752573 finetune.py:68] layer 0_k @ epoch 4 new loss 3.481629562429589e-08 old loss 3.576202800559258e-08 BETTER
I0311 21:12:08.301458 1752573 finetune.py:45] layer 0_o initial loss 3.0581480814362294e-07
I0311 21:12:08.894317 1752809 finetune.py:68] layer 2_k @ epoch 0 new loss 2.6269894988217857e-06 old loss 2.6931759293802315e-06 BETTER
I0311 21:12:19.695073 1752927 finetune.py:68] layer 3_q @ epoch 3 new loss 4.817458375327988e-06 old loss 4.906267804472009e-06 BETTER
I0311 21:12:20.959696 1752691 finetune.py:68] layer 1_k @ epoch 3 new loss 2.6529944534559036e-06 old loss 2.866522663680371e-06 BETTER
I0311 21:12:40.300345 1752573 finetune.py:68] layer 0_o @ epoch 0 new loss 2.811883632602985e-07 old loss 3.0581480814362294e-07 BETTER
I0311 21:12:41.010236 1752809 finetune.py:68] layer 2_k @ epoch 1 new loss 2.5833437575784046e-06 old loss 2.6269894988217857e-06 BETTER
I0311 21:12:51.841800 1752927 finetune.py:68] layer 3_q @ epoch 4 new loss 4.742149485537084e-06 old loss 4.817458375327988e-06 BETTER
I0311 21:12:53.110844 1752691 finetune.py:76] layer 1_k @ epoch 4 new loss 4.268959401088068e-06 old loss 2.6529944534559036e-06 WORSE
I0311 21:13:01.266893 1752927 finetune.py:45] layer 3_k initial loss 5.4305205594573636e-06
I0311 21:13:01.916054 1752691 finetune.py:45] layer 1_o initial loss 9.963343472918496e-06
I0311 21:13:13.141458 1752809 finetune.py:68] layer 2_k @ epoch 2 new loss 2.5466326860623667e-06 old loss 2.5833437575784046e-06 BETTER
I0311 21:13:13.536502 1752573 finetune.py:68] layer 0_o @ epoch 1 new loss 2.6226345539726026e-07 old loss 2.811883632602985e-07 BETTER
I0311 21:13:32.277039 1752927 finetune.py:68] layer 3_k @ epoch 0 new loss 5.306401817506412e-06 old loss 5.4305205594573636e-06 BETTER
I0311 21:13:32.718573 1752691 finetune.py:68] layer 1_o @ epoch 0 new loss 6.047601345926523e-06 old loss 9.963343472918496e-06 BETTER
I0311 21:13:45.560124 1752809 finetune.py:68] layer 2_k @ epoch 3 new loss 2.514612560844398e-06 old loss 2.5466326860623667e-06 BETTER
I0311 21:13:46.948758 1752573 finetune.py:68] layer 0_o @ epoch 2 new loss 2.4700020162526926e-07 old loss 2.6226345539726026e-07 BETTER
I0311 21:14:04.005210 1752927 finetune.py:68] layer 3_k @ epoch 1 new loss 5.2397472245502286e-06 old loss 5.306401817506412e-06 BETTER
I0311 21:14:04.289465 1752691 finetune.py:68] layer 1_o @ epoch 1 new loss 5.7101278798654675e-06 old loss 6.047601345926523e-06 BETTER
I0311 21:14:17.720695 1752809 finetune.py:68] layer 2_k @ epoch 4 new loss 2.4857170046743704e-06 old loss 2.514612560844398e-06 BETTER
I0311 21:14:20.170760 1752573 finetune.py:68] layer 0_o @ epoch 3 new loss 2.3453956998764625e-07 old loss 2.4700020162526926e-07 BETTER
I0311 21:14:27.157189 1752809 finetune.py:45] layer 2_o initial loss 6.950504484848352e-06
I0311 21:14:35.658675 1752927 finetune.py:68] layer 3_k @ epoch 2 new loss 5.183760549698491e-06 old loss 5.2397472245502286e-06 BETTER
I0311 21:14:35.778872 1752691 finetune.py:68] layer 1_o @ epoch 2 new loss 5.521983894141158e-06 old loss 5.7101278798654675e-06 BETTER
I0311 21:14:53.460714 1752573 finetune.py:68] layer 0_o @ epoch 4 new loss 2.2433181356973364e-07 old loss 2.3453956998764625e-07 BETTER
I0311 21:14:57.948444 1752809 finetune.py:68] layer 2_o @ epoch 0 new loss 6.864183887955733e-06 old loss 6.950504484848352e-06 BETTER
I0311 21:15:07.448434 1752691 finetune.py:68] layer 1_o @ epoch 3 new loss 5.443776444735704e-06 old loss 5.521983894141158e-06 BETTER
I0311 21:15:07.601402 1752927 finetune.py:68] layer 3_k @ epoch 3 new loss 5.134456387168029e-06 old loss 5.183760549698491e-06 BETTER
I0311 21:15:09.430069 1752573 finetune.py:45] layer 0_up initial loss 3.124935403775453e-07
I0311 21:15:29.478983 1752809 finetune.py:68] layer 2_o @ epoch 1 new loss 6.803653377573937e-06 old loss 6.864183887955733e-06 BETTER
I0311 21:15:38.940166 1752691 finetune.py:68] layer 1_o @ epoch 4 new loss 5.343599696061574e-06 old loss 5.443776444735704e-06 BETTER
I0311 21:15:39.337296 1752927 finetune.py:68] layer 3_k @ epoch 4 new loss 5.09052415509359e-06 old loss 5.134456387168029e-06 BETTER
I0311 21:15:39.863497 1752573 finetune.py:68] layer 0_up @ epoch 0 new loss 2.9302958637345e-07 old loss 3.124935403775453e-07 BETTER
I0311 21:15:48.429323 1752927 finetune.py:45] layer 3_o initial loss 1.3145050616003573e-05
I0311 21:15:53.971918 1752691 finetune.py:45] layer 1_up initial loss 8.638096005597617e-06
I0311 21:16:01.143782 1752809 finetune.py:68] layer 2_o @ epoch 2 new loss 6.75306364428252e-06 old loss 6.803653377573937e-06 BETTER
I0311 21:16:11.117239 1752573 finetune.py:68] layer 0_up @ epoch 1 new loss 2.8358729764477175e-07 old loss 2.9302958637345e-07 BETTER
I0311 21:16:18.546084 1752927 finetune.py:68] layer 3_o @ epoch 0 new loss 1.2881273505627178e-05 old loss 1.3145050616003573e-05 BETTER
I0311 21:16:22.866076 1752691 finetune.py:68] layer 1_up @ epoch 0 new loss 6.310057869995944e-06 old loss 8.638096005597617e-06 BETTER
I0311 21:16:32.919757 1752809 finetune.py:68] layer 2_o @ epoch 3 new loss 6.709255103487521e-06 old loss 6.75306364428252e-06 BETTER
I0311 21:16:42.540714 1752573 finetune.py:68] layer 0_up @ epoch 2 new loss 2.7700463078872417e-07 old loss 2.8358729764477175e-07 BETTER
I0311 21:16:49.572023 1752927 finetune.py:68] layer 3_o @ epoch 1 new loss 1.2706605957646389e-05 old loss 1.2881273505627178e-05 BETTER
I0311 21:16:52.395388 1752691 finetune.py:76] layer 1_up @ epoch 1 new loss 6.32942601441755e-06 old loss 6.310057869995944e-06 WORSE
I0311 21:17:04.530744 1752809 finetune.py:68] layer 2_o @ epoch 4 new loss 6.6702868934953585e-06 old loss 6.709255103487521e-06 BETTER
I0311 21:17:14.018331 1752573 finetune.py:68] layer 0_up @ epoch 3 new loss 2.7174971251042734e-07 old loss 2.7700463078872417e-07 BETTER
I0311 21:17:19.979087 1752809 finetune.py:45] layer 2_up initial loss 9.940400559571572e-06
I0311 21:17:20.848813 1752927 finetune.py:68] layer 3_o @ epoch 2 new loss 1.2577814231917728e-05 old loss 1.2706605957646389e-05 BETTER
I0311 21:17:21.716258 1752691 finetune.py:68] layer 1_up @ epoch 2 new loss 6.195134574227268e-06 old loss 6.310057869995944e-06 BETTER
I0311 21:17:45.675029 1752573 finetune.py:68] layer 0_up @ epoch 4 new loss 2.673845358458493e-07 old loss 2.7174971251042734e-07 BETTER
I0311 21:17:49.111878 1752809 finetune.py:68] layer 2_up @ epoch 0 new loss 9.877739103103522e-06 old loss 9.940400559571572e-06 BETTER
I0311 21:17:51.732391 1752691 finetune.py:76] layer 1_up @ epoch 3 new loss 6.261922408157261e-06 old loss 6.195134574227268e-06 WORSE
I0311 21:17:51.991171 1752927 finetune.py:68] layer 3_o @ epoch 3 new loss 1.2471588888729457e-05 old loss 1.2577814231917728e-05 BETTER
I0311 21:18:01.481627 1752573 finetune.py:45] layer 0_gate initial loss 3.474031586847559e-07
I0311 21:18:19.020408 1752809 finetune.py:68] layer 2_up @ epoch 1 new loss 9.835287528403569e-06 old loss 9.877739103103522e-06 BETTER
I0311 21:18:21.027373 1752691 finetune.py:76] layer 1_up @ epoch 4 new loss 6.2262051869765855e-06 old loss 6.195134574227268e-06 WORSE
I0311 21:18:23.110587 1752927 finetune.py:68] layer 3_o @ epoch 4 new loss 1.2381065062072594e-05 old loss 1.2471588888729457e-05 BETTER
I0311 21:18:30.538653 1752573 finetune.py:68] layer 0_gate @ epoch 0 new loss 3.311285468043934e-07 old loss 3.474031586847559e-07 BETTER
I0311 21:18:36.056226 1752691 finetune.py:45] layer 1_gate initial loss 7.320483291550772e-06
I0311 21:18:38.606218 1752927 finetune.py:45] layer 3_up initial loss 1.9925482774851844e-05
I0311 21:18:49.174233 1752809 finetune.py:68] layer 2_up @ epoch 2 new loss 9.799719009606633e-06 old loss 9.835287528403569e-06 BETTER
I0311 21:19:00.412333 1752573 finetune.py:68] layer 0_gate @ epoch 1 new loss 3.250211193517316e-07 old loss 3.311285468043934e-07 BETTER
I0311 21:19:03.734304 1752691 finetune.py:68] layer 1_gate @ epoch 0 new loss 6.913372089911718e-06 old loss 7.320483291550772e-06 BETTER
I0311 21:19:07.335734 1752927 finetune.py:68] layer 3_up @ epoch 0 new loss 1.9774248357862234e-05 old loss 1.9925482774851844e-05 BETTER
I0311 21:19:19.130349 1752809 finetune.py:68] layer 2_up @ epoch 3 new loss 9.767259143700358e-06 old loss 9.799719009606633e-06 BETTER
I0311 21:19:30.433861 1752573 finetune.py:68] layer 0_gate @ epoch 2 new loss 3.2134244065673556e-07 old loss 3.250211193517316e-07 BETTER
I0311 21:19:31.969274 1752691 finetune.py:68] layer 1_gate @ epoch 1 new loss 6.821622719144216e-06 old loss 6.913372089911718e-06 BETTER
I0311 21:19:36.828088 1752927 finetune.py:68] layer 3_up @ epoch 1 new loss 1.9669269022415392e-05 old loss 1.9774248357862234e-05 BETTER
I0311 21:19:49.238791 1752809 finetune.py:68] layer 2_up @ epoch 4 new loss 9.737114851304796e-06 old loss 9.767259143700358e-06 BETTER
I0311 21:19:59.999665 1752691 finetune.py:76] layer 1_gate @ epoch 2 new loss 6.883873538754415e-06 old loss 6.821622719144216e-06 WORSE
I0311 21:20:00.455888 1752573 finetune.py:68] layer 0_gate @ epoch 3 new loss 3.1851865855969663e-07 old loss 3.2134244065673556e-07 BETTER
I0311 21:20:04.673103 1752809 finetune.py:45] layer 2_gate initial loss 1.2065359442203771e-05
I0311 21:20:06.417747 1752927 finetune.py:68] layer 3_up @ epoch 2 new loss 1.957943823072128e-05 old loss 1.9669269022415392e-05 BETTER
I0311 21:20:27.512936 1752691 finetune.py:76] layer 1_gate @ epoch 3 new loss 6.879219654365443e-06 old loss 6.821622719144216e-06 WORSE
I0311 21:20:30.592402 1752573 finetune.py:68] layer 0_gate @ epoch 4 new loss 3.161777044624614e-07 old loss 3.1851865855969663e-07 BETTER
I0311 21:20:32.247426 1752809 finetune.py:68] layer 2_gate @ epoch 0 new loss 1.2005992175545543e-05 old loss 1.2065359442203771e-05 BETTER
I0311 21:20:36.011137 1752927 finetune.py:68] layer 3_up @ epoch 3 new loss 1.9497245375532657e-05 old loss 1.957943823072128e-05 BETTER
I0311 21:20:46.830611 1752573 finetune.py:45] layer 0_down initial loss 7.416620633193816e-07
I0311 21:20:55.092598 1752691 finetune.py:68] layer 1_gate @ epoch 4 new loss 6.788416612835135e-06 old loss 6.821622719144216e-06 BETTER
I0311 21:21:00.517538 1752809 finetune.py:68] layer 2_gate @ epoch 1 new loss 1.1969917977694422e-05 old loss 1.2005992175545543e-05 BETTER
I0311 21:21:05.498420 1752927 finetune.py:68] layer 3_up @ epoch 4 new loss 1.9421864635660313e-05 old loss 1.9497245375532657e-05 BETTER
I0311 21:21:10.936300 1752691 finetune.py:45] layer 1_down initial loss 0.0005115935346111655
I0311 21:21:14.131538 1752573 finetune.py:68] layer 0_down @ epoch 0 new loss 7.390822815978026e-07 old loss 7.416620633193816e-07 BETTER
I0311 21:21:20.592648 1752927 finetune.py:45] layer 3_gate initial loss 2.480598777765408e-05
I0311 21:21:28.831162 1752809 finetune.py:68] layer 2_gate @ epoch 2 new loss 1.1940888725803234e-05 old loss 1.1969917977694422e-05 BETTER
I0311 21:21:36.811296 1752691 finetune.py:68] layer 1_down @ epoch 0 new loss 0.0004183772252872586 old loss 0.0005115935346111655 BETTER
I0311 21:21:42.515450 1752573 finetune.py:68] layer 0_down @ epoch 1 new loss 7.385504545709409e-07 old loss 7.390822815978026e-07 BETTER
I0311 21:21:48.199715 1752927 finetune.py:68] layer 3_gate @ epoch 0 new loss 2.468117600074038e-05 old loss 2.480598777765408e-05 BETTER
I0311 21:21:57.022731 1752809 finetune.py:68] layer 2_gate @ epoch 3 new loss 1.1915379218407907e-05 old loss 1.1940888725803234e-05 BETTER
I0311 21:22:03.543879 1752691 finetune.py:68] layer 1_down @ epoch 1 new loss 0.0003757862141355872 old loss 0.0004183772252872586 BETTER
I0311 21:22:11.004485 1752573 finetune.py:68] layer 0_down @ epoch 2 new loss 7.38269477551512e-07 old loss 7.385504545709409e-07 BETTER
I0311 21:22:16.220510 1752927 finetune.py:68] layer 3_gate @ epoch 1 new loss 2.4598082745797e-05 old loss 2.468117600074038e-05 BETTER
I0311 21:22:25.273985 1752809 finetune.py:68] layer 2_gate @ epoch 4 new loss 1.1892010661540553e-05 old loss 1.1915379218407907e-05 BETTER
I0311 21:22:30.432727 1752691 finetune.py:68] layer 1_down @ epoch 2 new loss 0.00036086575710214674 old loss 0.0003757862141355872 BETTER
I0311 21:22:39.544533 1752573 finetune.py:68] layer 0_down @ epoch 3 new loss 7.380883744190214e-07 old loss 7.38269477551512e-07 BETTER
I0311 21:22:41.523596 1752809 finetune.py:45] layer 2_down initial loss 1.8055008695228025e-05
I0311 21:22:44.365440 1752927 finetune.py:68] layer 3_gate @ epoch 2 new loss 2.4529217625968158e-05 old loss 2.4598082745797e-05 BETTER
I0311 21:22:57.406333 1752691 finetune.py:68] layer 1_down @ epoch 3 new loss 0.0003564740181900561 old loss 0.00036086575710214674 BETTER
I0311 21:23:07.739947 1752809 finetune.py:68] layer 2_down @ epoch 0 new loss 1.8049782738671638e-05 old loss 1.8055008695228025e-05 BETTER
I0311 21:23:08.189570 1752573 finetune.py:68] layer 0_down @ epoch 4 new loss 7.379300086540752e-07 old loss 7.380883744190214e-07 BETTER
0_v proxy err 0.008880347944796085 tr(WHW.T) 4.225186347961426
0_q proxy err 0.00016480298654641956 tr(WHW.T) 2710.489501953125
0_k proxy err 0.0001740863808663562 tr(WHW.T) 1699.01123046875
0_o proxy err 0.0010234080255031586 tr(WHW.T) 0.9708196520805359
0_up proxy err 0.004714897833764553 tr(WHW.T) 43.27153396606445
0_gate proxy err 0.0032610497437417507 tr(WHW.T) 63.482688903808594
0_down proxy err 0.002813325496390462 tr(WHW.T) 0.6576234102249146
I0311 21:23:12.524449 1752927 finetune.py:68] layer 3_gate @ epoch 3 new loss 2.4468221454299055e-05 old loss 2.4529217625968158e-05 BETTER
I0311 21:23:24.451557 1752691 finetune.py:68] layer 1_down @ epoch 4 new loss 0.0003555755829438567 old loss 0.0003564740181900561 BETTER
1_v proxy err 0.019095685333013535 tr(WHW.T) 16.465883255004883
1_q proxy err 0.0002593540702946484 tr(WHW.T) 4779.20751953125
1_k proxy err 0.00027208717074245214 tr(WHW.T) 4996.9873046875
1_o proxy err 0.008072616532444954 tr(WHW.T) 1.1127345561981201
1_up proxy err 0.006508023012429476 tr(WHW.T) 109.77571105957031
1_gate proxy err 0.0032847558613866568 tr(WHW.T) 221.34732055664062
1_down proxy err 0.001042534364387393 tr(WHW.T) 2041.9547119140625
I0311 21:23:35.052306 1752809 finetune.py:68] layer 2_down @ epoch 1 new loss 1.804770181479398e-05 old loss 1.8049782738671638e-05 BETTER
I0311 21:23:40.931615 1752927 finetune.py:68] layer 3_gate @ epoch 4 new loss 2.4411734557361342e-05 old loss 2.4468221454299055e-05 BETTER
I0311 21:23:56.607119 1752927 finetune.py:45] layer 3_down initial loss 3.709324300871231e-05
I0311 21:24:02.183934 1752809 finetune.py:68] layer 2_down @ epoch 2 new loss 1.8046404875349253e-05 old loss 1.804770181479398e-05 BETTER
I0311 21:24:22.218607 1752927 finetune.py:68] layer 3_down @ epoch 0 new loss 3.7084890209371224e-05 old loss 3.709324300871231e-05 BETTER
I0311 21:24:28.976644 1752809 finetune.py:68] layer 2_down @ epoch 3 new loss 1.80455572262872e-05 old loss 1.8046404875349253e-05 BETTER
I0311 21:24:43.424614 1752459 quantize_finetune_llama.py:210] computed original embedding for layer 4 in 73.45996713638306s
I0311 21:24:46.842426 1753043 config.py:54] PyTorch version 2.1.1 available.
I0311 21:24:47.894737 1752459 quantize_finetune_llama.py:183] layer 5 gpu 1
I0311 21:24:47.987981 1753043 data_utils.py:336] using 256 training seqs, 128 validation seqs
I0311 21:24:48.714015 1752927 finetune.py:68] layer 3_down @ epoch 1 new loss 3.708152871695347e-05 old loss 3.7084890209371224e-05 BETTER
The attention layers in this model are transitioning from computing the RoPE embeddings internally through `position_ids` (2D tensor with the indexes of the tokens), to using externally computed `position_embeddings` (Tuple of tensors, containing cos and sin). In v4.46 `position_ids` will be removed and `position_embeddings` will be mandatory.
I0311 21:24:55.768771 1752809 finetune.py:68] layer 2_down @ epoch 4 new loss 1.8044929674942978e-05 old loss 1.80455572262872e-05 BETTER
I0311 21:24:56.295149 1753043 finetune.py:45] layer 4_v initial loss 1.738009632390458e-05
2_v proxy err 0.008609087206423283 tr(WHW.T) 136.67332458496094
2_q proxy err 0.00023011017765384167 tr(WHW.T) 7755.2255859375
2_k proxy err 0.00019297549442853779 tr(WHW.T) 10207.3173828125
2_o proxy err 0.009486321359872818 tr(WHW.T) 1.4634281396865845
2_up proxy err 0.007998397573828697 tr(WHW.T) 193.43556213378906
2_gate proxy err 0.005099073983728886 tr(WHW.T) 306.629150390625
2_down proxy err 0.008447492495179176 tr(WHW.T) 3.014430522918701
I0311 21:25:15.144865 1752927 finetune.py:68] layer 3_down @ epoch 2 new loss 3.707929135998711e-05 old loss 3.708152871695347e-05 BETTER
I0311 21:25:29.204058 1753043 finetune.py:68] layer 4_v @ epoch 0 new loss 9.332584340882022e-06 old loss 1.738009632390458e-05 BETTER
I0311 21:25:41.676820 1752927 finetune.py:68] layer 3_down @ epoch 3 new loss 3.70779525837861e-05 old loss 3.707929135998711e-05 BETTER
I0311 21:26:03.683985 1753043 finetune.py:68] layer 4_v @ epoch 1 new loss 7.726995136181358e-06 old loss 9.332584340882022e-06 BETTER
I0311 21:26:08.249492 1752927 finetune.py:68] layer 3_down @ epoch 4 new loss 3.707685391418636e-05 old loss 3.70779525837861e-05 BETTER
3_v proxy err 0.011497619561851025 tr(WHW.T) 284.77557373046875
3_q proxy err 0.0005375324981287122 tr(WHW.T) 7219.02880859375
3_k proxy err 0.0004060740757267922 tr(WHW.T) 10077.3740234375
3_o proxy err 0.008146965876221657 tr(WHW.T) 3.361039876937866
3_up proxy err 0.008979937061667442 tr(WHW.T) 284.7776184082031
3_gate proxy err 0.005414262879639864 tr(WHW.T) 478.1085205078125
3_down proxy err 0.008621339686214924 tr(WHW.T) 6.143070697784424
I0311 21:26:11.672445 1752459 quantize_finetune_llama.py:210] computed original embedding for layer 5 in 70.50965547561646s
I0311 21:26:14.829848 1753159 config.py:54] PyTorch version 2.1.1 available.
I0311 21:26:15.808189 1752459 quantize_finetune_llama.py:183] layer 6 gpu 2
I0311 21:26:15.873299 1753159 data_utils.py:336] using 256 training seqs, 128 validation seqs
The attention layers in this model are transitioning from computing the RoPE embeddings internally through `position_ids` (2D tensor with the indexes of the tokens), to using externally computed `position_embeddings` (Tuple of tensors, containing cos and sin). In v4.46 `position_ids` will be removed and `position_embeddings` will be mandatory.
I0311 21:26:24.068628 1753159 finetune.py:45] layer 5_v initial loss 2.6048293875646777e-05
I0311 21:26:38.570331 1753043 finetune.py:68] layer 4_v @ epoch 2 new loss 7.14215138941654e-06 old loss 7.726995136181358e-06 BETTER
I0311 21:26:55.325314 1753159 finetune.py:68] layer 5_v @ epoch 0 new loss 1.5826133676455356e-05 old loss 2.6048293875646777e-05 BETTER
I0311 21:27:13.335392 1753043 finetune.py:68] layer 4_v @ epoch 3 new loss 6.802491043345071e-06 old loss 7.14215138941654e-06 BETTER
I0311 21:27:25.933243 1752459 quantize_finetune_llama.py:210] computed original embedding for layer 6 in 69.72477698326111s
I0311 21:27:27.480108 1753159 finetune.py:68] layer 5_v @ epoch 1 new loss 1.4034470041224267e-05 old loss 1.5826133676455356e-05 BETTER
I0311 21:27:29.188225 1753275 config.py:54] PyTorch version 2.1.1 available.
I0311 21:27:30.174985 1752459 quantize_finetune_llama.py:183] layer 7 gpu 3
I0311 21:27:30.243806 1753275 data_utils.py:336] using 256 training seqs, 128 validation seqs
The attention layers in this model are transitioning from computing the RoPE embeddings internally through `position_ids` (2D tensor with the indexes of the tokens), to using externally computed `position_embeddings` (Tuple of tensors, containing cos and sin). In v4.46 `position_ids` will be removed and `position_embeddings` will be mandatory.
I0311 21:27:38.464238 1753275 finetune.py:45] layer 6_v initial loss 3.4544460504548624e-05
I0311 21:27:48.135251 1753043 finetune.py:68] layer 4_v @ epoch 4 new loss 6.575197403435595e-06 old loss 6.802491043345071e-06 BETTER
I0311 21:27:57.604468 1753043 finetune.py:45] layer 4_q initial loss 7.973037099873181e-06
I0311 21:28:00.392887 1753159 finetune.py:68] layer 5_v @ epoch 2 new loss 1.3239271538623143e-05 old loss 1.4034470041224267e-05 BETTER
I0311 21:28:10.018843 1753275 finetune.py:68] layer 6_v @ epoch 0 new loss 1.9704999431269243e-05 old loss 3.4544460504548624e-05 BETTER
I0311 21:28:31.232891 1753043 finetune.py:68] layer 4_q @ epoch 0 new loss 7.392008683382301e-06 old loss 7.973037099873181e-06 BETTER
I0311 21:28:32.904572 1753159 finetune.py:68] layer 5_v @ epoch 3 new loss 1.2726933164231014e-05 old loss 1.3239271538623143e-05 BETTER
I0311 21:28:41.534556 1752459 quantize_finetune_llama.py:210] computed original embedding for layer 7 in 70.91623044013977s
I0311 21:28:42.563059 1753275 finetune.py:68] layer 6_v @ epoch 1 new loss 1.7638018107390963e-05 old loss 1.9704999431269243e-05 BETTER
I0311 21:28:44.818156 1753391 config.py:54] PyTorch version 2.1.1 available.
I0311 21:28:45.850515 1752459 quantize_finetune_llama.py:183] layer 8 gpu 0
I0311 21:28:45.918911 1753391 data_utils.py:336] using 256 training seqs, 128 validation seqs
The attention layers in this model are transitioning from computing the RoPE embeddings internally through `position_ids` (2D tensor with the indexes of the tokens), to using externally computed `position_embeddings` (Tuple of tensors, containing cos and sin). In v4.46 `position_ids` will be removed and `position_embeddings` will be mandatory.
I0311 21:28:53.944189 1753391 finetune.py:45] layer 7_v initial loss 4.5593504182761535e-05
I0311 21:29:05.696224 1753043 finetune.py:68] layer 4_q @ epoch 1 new loss 7.181674845924135e-06 old loss 7.392008683382301e-06 BETTER
I0311 21:29:05.793693 1753159 finetune.py:68] layer 5_v @ epoch 4 new loss 1.2354656973911915e-05 old loss 1.2726933164231014e-05 BETTER
I0311 21:29:14.863242 1753159 finetune.py:45] layer 5_q initial loss 1.4536487469740678e-05
I0311 21:29:15.327106 1753275 finetune.py:68] layer 6_v @ epoch 2 new loss 1.6649686585878953e-05 old loss 1.7638018107390963e-05 BETTER
I0311 21:29:25.041140 1753391 finetune.py:68] layer 7_v @ epoch 0 new loss 2.731001040956471e-05 old loss 4.5593504182761535e-05 BETTER
I0311 21:29:40.230411 1753043 finetune.py:68] layer 4_q @ epoch 2 new loss 7.0214855441008694e-06 old loss 7.181674845924135e-06 BETTER
I0311 21:29:46.499186 1753159 finetune.py:68] layer 5_q @ epoch 0 new loss 1.3503051377483644e-05 old loss 1.4536487469740678e-05 BETTER
I0311 21:29:48.320867 1753275 finetune.py:68] layer 6_v @ epoch 3 new loss 1.6024823707994074e-05 old loss 1.6649686585878953e-05 BETTER
I0311 21:29:57.047597 1753391 finetune.py:68] layer 7_v @ epoch 1 new loss 2.475376459187828e-05 old loss 2.731001040956471e-05 BETTER
I0311 21:30:14.769367 1753043 finetune.py:68] layer 4_q @ epoch 3 new loss 6.890373697387986e-06 old loss 7.0214855441008694e-06 BETTER
I0311 21:30:18.941659 1753159 finetune.py:68] layer 5_q @ epoch 1 new loss 1.3156995919416659e-05 old loss 1.3503051377483644e-05 BETTER
I0311 21:30:21.465452 1753275 finetune.py:68] layer 6_v @ epoch 4 new loss 1.55725847434951e-05 old loss 1.6024823707994074e-05 BETTER
I0311 21:30:29.356001 1753391 finetune.py:68] layer 7_v @ epoch 2 new loss 2.349359965592157e-05 old loss 2.475376459187828e-05 BETTER
I0311 21:30:31.064453 1753275 finetune.py:45] layer 6_q initial loss 1.9466058802208863e-05
I0311 21:30:49.646756 1753043 finetune.py:68] layer 4_q @ epoch 4 new loss 6.779104296583682e-06 old loss 6.890373697387986e-06 BETTER
I0311 21:30:51.622580 1753159 finetune.py:68] layer 5_q @ epoch 2 new loss 1.2896246516902465e-05 old loss 1.3156995919416659e-05 BETTER
I0311 21:30:59.149260 1753043 finetune.py:45] layer 4_k initial loss 7.755206752335653e-06
I0311 21:31:01.638906 1753391 finetune.py:68] layer 7_v @ epoch 3 new loss 2.2656879082205705e-05 old loss 2.349359965592157e-05 BETTER
I0311 21:31:02.953064 1753275 finetune.py:68] layer 6_q @ epoch 0 new loss 1.8250546418130398e-05 old loss 1.9466058802208863e-05 BETTER
I0311 21:31:23.852732 1753159 finetune.py:68] layer 5_q @ epoch 3 new loss 1.2679191968345549e-05 old loss 1.2896246516902465e-05 BETTER
I0311 21:31:32.319486 1753043 finetune.py:68] layer 4_k @ epoch 0 new loss 7.5605494203045964e-06 old loss 7.755206752335653e-06 BETTER
I0311 21:31:34.379454 1753391 finetune.py:68] layer 7_v @ epoch 4 new loss 2.2052858184906654e-05 old loss 2.2656879082205705e-05 BETTER
I0311 21:31:35.705751 1753275 finetune.py:68] layer 6_q @ epoch 1 new loss 1.777953002601862e-05 old loss 1.8250546418130398e-05 BETTER
I0311 21:31:43.571192 1753391 finetune.py:45] layer 7_q initial loss 2.7732812668546103e-05
I0311 21:31:56.650851 1753159 finetune.py:68] layer 5_q @ epoch 4 new loss 1.2491954294091556e-05 old loss 1.2679191968345549e-05 BETTER
I0311 21:32:05.992496 1753159 finetune.py:45] layer 5_k initial loss 1.367121785733616e-05
I0311 21:32:06.310406 1753043 finetune.py:68] layer 4_k @ epoch 1 new loss 7.461171207978623e-06 old loss 7.5605494203045964e-06 BETTER
I0311 21:32:08.672596 1753275 finetune.py:68] layer 6_q @ epoch 2 new loss 1.742134554660879e-05 old loss 1.777953002601862e-05 BETTER
I0311 21:32:15.050675 1753391 finetune.py:68] layer 7_q @ epoch 0 new loss 2.5947783797164448e-05 old loss 2.7732812668546103e-05 BETTER
I0311 21:32:37.458158 1753159 finetune.py:68] layer 5_k @ epoch 0 new loss 1.338790389127098e-05 old loss 1.367121785733616e-05 BETTER
I0311 21:32:40.204359 1753043 finetune.py:68] layer 4_k @ epoch 2 new loss 7.37728032618179e-06 old loss 7.461171207978623e-06 BETTER
I0311 21:32:41.425404 1753275 finetune.py:68] layer 6_q @ epoch 3 new loss 1.7129215848399326e-05 old loss 1.742134554660879e-05 BETTER
I0311 21:32:47.107010 1753391 finetune.py:68] layer 7_q @ epoch 1 new loss 2.5261078917537816e-05 old loss 2.5947783797164448e-05 BETTER
I0311 21:33:09.718565 1753159 finetune.py:68] layer 5_k @ epoch 1 new loss 1.322044317930704e-05 old loss 1.338790389127098e-05 BETTER
I0311 21:33:14.074433 1753043 finetune.py:68] layer 4_k @ epoch 3 new loss 7.303805432457011e-06 old loss 7.37728032618179e-06 BETTER
I0311 21:33:14.156198 1753275 finetune.py:68] layer 6_q @ epoch 4 new loss 1.688600423221942e-05 old loss 1.7129215848399326e-05 BETTER
I0311 21:33:19.238657 1753391 finetune.py:68] layer 7_q @ epoch 2 new loss 2.4744947950239293e-05 old loss 2.5261078917537816e-05 BETTER
I0311 21:33:23.471792 1753275 finetune.py:45] layer 6_k initial loss 1.958592292794492e-05
I0311 21:33:41.828677 1753159 finetune.py:68] layer 5_k @ epoch 2 new loss 1.3081225915811956e-05 old loss 1.322044317930704e-05 BETTER
I0311 21:33:47.892090 1753043 finetune.py:68] layer 4_k @ epoch 4 new loss 7.2384091254207306e-06 old loss 7.303805432457011e-06 BETTER
I0311 21:33:51.283836 1753391 finetune.py:68] layer 7_q @ epoch 3 new loss 2.432842848065775e-05 old loss 2.4744947950239293e-05 BETTER
I0311 21:33:54.909500 1753275 finetune.py:68] layer 6_k @ epoch 0 new loss 1.896178764582146e-05 old loss 1.958592292794492e-05 BETTER
I0311 21:33:58.000615 1753043 finetune.py:45] layer 4_o initial loss 2.054724063782487e-05
I0311 21:34:13.919245 1753159 finetune.py:68] layer 5_k @ epoch 3 new loss 1.2959084415342659e-05 old loss 1.3081225915811956e-05 BETTER
I0311 21:34:23.617819 1753391 finetune.py:68] layer 7_q @ epoch 4 new loss 2.3979746401892044e-05 old loss 2.432842848065775e-05 BETTER
I0311 21:34:27.371009 1753275 finetune.py:68] layer 6_k @ epoch 1 new loss 1.8735341654974036e-05 old loss 1.896178764582146e-05 BETTER
I0311 21:34:30.415853 1753043 finetune.py:68] layer 4_o @ epoch 0 new loss 1.9934697775170207e-05 old loss 2.054724063782487e-05 BETTER
I0311 21:34:32.993690 1753391 finetune.py:45] layer 7_k initial loss 2.798238529067021e-05
I0311 21:34:45.929530 1753159 finetune.py:68] layer 5_k @ epoch 4 new loss 1.28526089611114e-05 old loss 1.2959084415342659e-05 BETTER
I0311 21:34:55.085056 1753159 finetune.py:45] layer 5_o initial loss 3.4116375900339335e-05
I0311 21:34:59.561974 1753275 finetune.py:68] layer 6_k @ epoch 2 new loss 1.8547812942415476e-05 old loss 1.8735341654974036e-05 BETTER
I0311 21:35:03.874443 1753043 finetune.py:68] layer 4_o @ epoch 1 new loss 1.963089198397938e-05 old loss 1.9934697775170207e-05 BETTER
I0311 21:35:03.925274 1753391 finetune.py:68] layer 7_k @ epoch 0 new loss 2.7144282285007648e-05 old loss 2.798238529067021e-05 BETTER
I0311 21:35:25.796886 1753159 finetune.py:68] layer 5_o @ epoch 0 new loss 3.2827221730258316e-05 old loss 3.4116375900339335e-05 BETTER
I0311 21:35:31.827970 1753275 finetune.py:68] layer 6_k @ epoch 3 new loss 1.8389322576695122e-05 old loss 1.8547812942415476e-05 BETTER
I0311 21:35:35.564652 1753391 finetune.py:68] layer 7_k @ epoch 1 new loss 2.681468140508514e-05 old loss 2.7144282285007648e-05 BETTER
I0311 21:35:37.199393 1753043 finetune.py:68] layer 4_o @ epoch 2 new loss 1.9400988094275817e-05 old loss 1.963089198397938e-05 BETTER
I0311 21:35:57.266833 1753159 finetune.py:68] layer 5_o @ epoch 1 new loss 3.213435411453247e-05 old loss 3.2827221730258316e-05 BETTER
I0311 21:36:03.950961 1753275 finetune.py:68] layer 6_k @ epoch 4 new loss 1.8251141227665357e-05 old loss 1.8389322576695122e-05 BETTER
I0311 21:36:07.379065 1753391 finetune.py:68] layer 7_k @ epoch 2 new loss 2.6544286811258644e-05 old loss 2.681468140508514e-05 BETTER
I0311 21:36:10.610440 1753043 finetune.py:68] layer 4_o @ epoch 3 new loss 1.9209974198020063e-05 old loss 1.9400988094275817e-05 BETTER
I0311 21:36:13.459136 1753275 finetune.py:45] layer 6_o initial loss 5.04918752994854e-05
I0311 21:36:28.797440 1753159 finetune.py:68] layer 5_o @ epoch 2 new loss 3.160105916322209e-05 old loss 3.213435411453247e-05 BETTER
I0311 21:36:39.374449 1753391 finetune.py:68] layer 7_k @ epoch 3 new loss 2.63194215222029e-05 old loss 2.6544286811258644e-05 BETTER
I0311 21:36:44.176267 1753043 finetune.py:68] layer 4_o @ epoch 4 new loss 1.9040853658225387e-05 old loss 1.9209974198020063e-05 BETTER
I0311 21:36:44.282630 1753275 finetune.py:68] layer 6_o @ epoch 0 new loss 4.8348640120821074e-05 old loss 5.04918752994854e-05 BETTER
I0311 21:36:59.439793 1753043 finetune.py:45] layer 4_up initial loss 3.3063817681977525e-05
I0311 21:37:00.388983 1753159 finetune.py:68] layer 5_o @ epoch 3 new loss 3.115610888926312e-05 old loss 3.160105916322209e-05 BETTER
I0311 21:37:11.227368 1753391 finetune.py:68] layer 7_k @ epoch 4 new loss 2.6117093511857092e-05 old loss 2.63194215222029e-05 BETTER
I0311 21:37:15.762475 1753275 finetune.py:68] layer 6_o @ epoch 1 new loss 4.7269335482269526e-05 old loss 4.8348640120821074e-05 BETTER
I0311 21:37:20.833907 1753391 finetune.py:45] layer 7_o initial loss 7.034422014839947e-05
I0311 21:37:29.940784 1753043 finetune.py:68] layer 4_up @ epoch 0 new loss 3.270431261626072e-05 old loss 3.3063817681977525e-05 BETTER
I0311 21:37:31.853848 1753159 finetune.py:68] layer 5_o @ epoch 4 new loss 3.0779698136029765e-05 old loss 3.115610888926312e-05 BETTER
I0311 21:37:46.968996 1753159 finetune.py:45] layer 5_up initial loss 5.338976552593522e-05
I0311 21:37:47.468715 1753275 finetune.py:68] layer 6_o @ epoch 2 new loss 4.645995795726776e-05 old loss 4.7269335482269526e-05 BETTER
I0311 21:37:50.952130 1753391 finetune.py:68] layer 7_o @ epoch 0 new loss 6.670333095826209e-05 old loss 7.034422014839947e-05 BETTER
I0311 21:38:01.480370 1753043 finetune.py:68] layer 4_up @ epoch 1 new loss 3.2462670787936077e-05 old loss 3.270431261626072e-05 BETTER
I0311 21:38:15.844635 1753159 finetune.py:68] layer 5_up @ epoch 0 new loss 5.26936273672618e-05 old loss 5.338976552593522e-05 BETTER
I0311 21:38:19.259624 1753275 finetune.py:68] layer 6_o @ epoch 3 new loss 4.580712993629277e-05 old loss 4.645995795726776e-05 BETTER
I0311 21:38:21.905997 1753391 finetune.py:68] layer 7_o @ epoch 1 new loss 6.490881060017273e-05 old loss 6.670333095826209e-05 BETTER
I0311 21:38:33.047611 1753043 finetune.py:68] layer 4_up @ epoch 2 new loss 3.226104672648944e-05 old loss 3.2462670787936077e-05 BETTER
I0311 21:38:45.795514 1753159 finetune.py:68] layer 5_up @ epoch 1 new loss 5.220301682129502e-05 old loss 5.26936273672618e-05 BETTER
I0311 21:38:51.050474 1753275 finetune.py:68] layer 6_o @ epoch 4 new loss 4.525725671555847e-05 old loss 4.580712993629277e-05 BETTER
I0311 21:38:52.855983 1753391 finetune.py:68] layer 7_o @ epoch 2 new loss 6.360551196848974e-05 old loss 6.490881060017273e-05 BETTER
I0311 21:39:04.711289 1753043 finetune.py:68] layer 4_up @ epoch 3 new loss 3.207955160178244e-05 old loss 3.226104672648944e-05 BETTER
I0311 21:39:06.338037 1753275 finetune.py:45] layer 6_up initial loss 7.98809778643772e-05
I0311 21:39:15.767215 1753159 finetune.py:68] layer 5_up @ epoch 2 new loss 5.178303035791032e-05 old loss 5.220301682129502e-05 BETTER
I0311 21:39:24.008358 1753391 finetune.py:68] layer 7_o @ epoch 3 new loss 6.257669883780181e-05 old loss 6.360551196848974e-05 BETTER
I0311 21:39:35.477123 1753275 finetune.py:68] layer 6_up @ epoch 0 new loss 7.862423080950975e-05 old loss 7.98809778643772e-05 BETTER
I0311 21:39:36.516517 1753043 finetune.py:68] layer 4_up @ epoch 4 new loss 3.191067298757844e-05 old loss 3.207955160178244e-05 BETTER
I0311 21:39:45.557044 1753159 finetune.py:68] layer 5_up @ epoch 3 new loss 5.1404564146650955e-05 old loss 5.178303035791032e-05 BETTER
I0311 21:39:51.639255 1753043 finetune.py:45] layer 4_gate initial loss 4.091495429747738e-05
I0311 21:39:54.978910 1753391 finetune.py:68] layer 7_o @ epoch 4 new loss 6.17147670709528e-05 old loss 6.257669883780181e-05 BETTER
I0311 21:40:05.283308 1753275 finetune.py:68] layer 6_up @ epoch 1 new loss 7.778775034239516e-05 old loss 7.862423080950975e-05 BETTER
I0311 21:40:10.143951 1753391 finetune.py:45] layer 7_up initial loss 0.00010853420826606452
I0311 21:40:15.348133 1753159 finetune.py:68] layer 5_up @ epoch 4 new loss 5.106395110487938e-05 old loss 5.1404564146650955e-05 BETTER
I0311 21:40:20.718666 1753043 finetune.py:68] layer 4_gate @ epoch 0 new loss 4.065197572344914e-05 old loss 4.091495429747738e-05 BETTER
I0311 21:40:30.745183 1753159 finetune.py:45] layer 5_gate initial loss 6.4770647441037e-05
I0311 21:40:35.273131 1753275 finetune.py:68] layer 6_up @ epoch 2 new loss 7.708204793743789e-05 old loss 7.778775034239516e-05 BETTER
I0311 21:40:38.816480 1753391 finetune.py:68] layer 7_up @ epoch 0 new loss 0.00010647164162946865 old loss 0.00010853420826606452 BETTER
I0311 21:40:50.610424 1753043 finetune.py:68] layer 4_gate @ epoch 1 new loss 4.0466260543325916e-05 old loss 4.065197572344914e-05 BETTER
I0311 21:40:58.286058 1753159 finetune.py:68] layer 5_gate @ epoch 0 new loss 6.43223465885967e-05 old loss 6.4770647441037e-05 BETTER
I0311 21:41:05.325052 1753275 finetune.py:68] layer 6_up @ epoch 3 new loss 7.645625009899959e-05 old loss 7.708204793743789e-05 BETTER
I0311 21:41:08.408944 1753391 finetune.py:68] layer 7_up @ epoch 1 new loss 0.00010515488247619942 old loss 0.00010647164162946865 BETTER
I0311 21:41:20.451351 1753043 finetune.py:68] layer 4_gate @ epoch 2 new loss 4.031270873383619e-05 old loss 4.0466260543325916e-05 BETTER
I0311 21:41:26.585330 1753159 finetune.py:68] layer 5_gate @ epoch 1 new loss 6.398464029189199e-05 old loss 6.43223465885967e-05 BETTER
I0311 21:41:35.458575 1753275 finetune.py:68] layer 6_up @ epoch 4 new loss 7.589723827550188e-05 old loss 7.645625009899959e-05 BETTER
I0311 21:41:38.026843 1753391 finetune.py:68] layer 7_up @ epoch 2 new loss 0.00010405053762951866 old loss 0.00010515488247619942 BETTER
I0311 21:41:50.608218 1753043 finetune.py:68] layer 4_gate @ epoch 3 new loss 4.017624451080337e-05 old loss 4.031270873383619e-05 BETTER
I0311 21:41:51.091210 1753275 finetune.py:45] layer 6_gate initial loss 9.507758659310639e-05
I0311 21:41:54.735533 1753159 finetune.py:68] layer 5_gate @ epoch 2 new loss 6.369442417053506e-05 old loss 6.398464029189199e-05 BETTER
