I0312 00:00:50.987405 1756366 config.py:54] PyTorch version 2.1.1 available.
Loading checkpoint shards:   0%|          | 0/6 [00:00<?, ?it/s]Loading checkpoint shards:  17%|█▋        | 1/6 [00:00<00:00,  9.32it/s]Loading checkpoint shards:  50%|█████     | 3/6 [00:00<00:00,  9.52it/s]Loading checkpoint shards:  83%|████████▎ | 5/6 [00:00<00:00, 10.34it/s]Loading checkpoint shards: 100%|██████████| 6/6 [00:00<00:00, 10.36it/s]
I0312 00:00:52.747893 1756366 quantize_finetune_llama.py:134] loaded model
calculating model weight mean & std:   0%|          | 0/32 [00:00<?, ?it/s]calculating model weight mean & std:   3%|▎         | 1/32 [00:00<00:22,  1.37it/s]calculating model weight mean & std:   6%|▋         | 2/32 [00:01<00:20,  1.45it/s]calculating model weight mean & std:   9%|▉         | 3/32 [00:02<00:19,  1.48it/s]calculating model weight mean & std:  12%|█▎        | 4/32 [00:02<00:19,  1.46it/s]calculating model weight mean & std:  16%|█▌        | 5/32 [00:03<00:18,  1.46it/s]calculating model weight mean & std:  19%|█▉        | 6/32 [00:04<00:17,  1.45it/s]calculating model weight mean & std:  22%|██▏       | 7/32 [00:04<00:17,  1.47it/s]calculating model weight mean & std:  25%|██▌       | 8/32 [00:05<00:16,  1.47it/s]calculating model weight mean & std:  28%|██▊       | 9/32 [00:06<00:15,  1.45it/s]calculating model weight mean & std:  31%|███▏      | 10/32 [00:06<00:15,  1.45it/s]calculating model weight mean & std:  34%|███▍      | 11/32 [00:07<00:14,  1.45it/s]calculating model weight mean & std:  38%|███▊      | 12/32 [00:08<00:13,  1.45it/s]calculating model weight mean & std:  41%|████      | 13/32 [00:08<00:13,  1.45it/s]calculating model weight mean & std:  44%|████▍     | 14/32 [00:09<00:12,  1.45it/s]calculating model weight mean & std:  47%|████▋     | 15/32 [00:10<00:11,  1.46it/s]calculating model weight mean & std:  50%|█████     | 16/32 [00:10<00:10,  1.46it/s]calculating model weight mean & std:  53%|█████▎    | 17/32 [00:11<00:10,  1.46it/s]calculating model weight mean & std:  56%|█████▋    | 18/32 [00:12<00:09,  1.46it/s]calculating model weight mean & std:  59%|█████▉    | 19/32 [00:13<00:08,  1.47it/s]calculating model weight mean & std:  62%|██████▎   | 20/32 [00:13<00:07,  1.50it/s]calculating model weight mean & std:  66%|██████▌   | 21/32 [00:14<00:07,  1.51it/s]calculating model weight mean & std:  69%|██████▉   | 22/32 [00:14<00:06,  1.51it/s]calculating model weight mean & std:  72%|███████▏  | 23/32 [00:15<00:06,  1.48it/s]calculating model weight mean & std:  75%|███████▌  | 24/32 [00:16<00:05,  1.46it/s]calculating model weight mean & std:  78%|███████▊  | 25/32 [00:17<00:04,  1.45it/s]calculating model weight mean & std:  81%|████████▏ | 26/32 [00:17<00:04,  1.43it/s]calculating model weight mean & std:  84%|████████▍ | 27/32 [00:18<00:03,  1.42it/s]calculating model weight mean & std:  88%|████████▊ | 28/32 [00:19<00:02,  1.42it/s]calculating model weight mean & std:  91%|█████████ | 29/32 [00:19<00:02,  1.42it/s]calculating model weight mean & std:  94%|█████████▍| 30/32 [00:20<00:01,  1.42it/s]calculating model weight mean & std:  97%|█████████▋| 31/32 [00:21<00:00,  1.42it/s]calculating model weight mean & std: 100%|██████████| 32/32 [00:22<00:00,  1.42it/s]calculating model weight mean & std: 100%|██████████| 32/32 [00:22<00:00,  1.45it/s]
I0312 00:01:24.944469 1756366 quantize_finetune_llama.py:159] loaded compression model
I0312 00:01:38.395593 1756366 quantize_finetune_llama.py:163] loaded dataset and devset
I0312 00:01:43.443717 1756366 quantize_finetune_llama.py:183] layer 0 gpu 0
The attention layers in this model are transitioning from computing the RoPE embeddings internally through `position_ids` (2D tensor with the indexes of the tokens), to using externally computed `position_embeddings` (Tuple of tensors, containing cos and sin). In v4.46 `position_ids` will be removed and `position_embeddings` will be mandatory.
I0312 00:02:47.527744 1756366 quantize_finetune_llama.py:210] computed original embedding for layer 0 in 63.969282150268555s
huggingface/tokenizers: The current process just got forked, after parallelism has already been used. Disabling parallelism to avoid deadlocks...
To disable this warning, you can either:
	- Avoid using `tokenizers` before the fork if possible
	- Explicitly set the environment variable TOKENIZERS_PARALLELISM=(true | false)
I0312 00:03:06.411170 1756480 config.py:54] PyTorch version 2.1.1 available.
I0312 00:03:07.337360 1756366 quantize_finetune_llama.py:183] layer 1 gpu 1
I0312 00:03:07.402338 1756480 data_utils.py:336] using 256 training seqs, 128 validation seqs
The attention layers in this model are transitioning from computing the RoPE embeddings internally through `position_ids` (2D tensor with the indexes of the tokens), to using externally computed `position_embeddings` (Tuple of tensors, containing cos and sin). In v4.46 `position_ids` will be removed and `position_embeddings` will be mandatory.
I0312 00:03:15.527656 1756480 finetune.py:45] layer 0_v initial loss 5.415984674073115e-07
I0312 00:03:47.711338 1756480 finetune.py:68] layer 0_v @ epoch 0 new loss 2.055208483398019e-07 old loss 5.415984674073115e-07 BETTER
I0312 00:04:16.610123 1756366 quantize_finetune_llama.py:210] computed original embedding for layer 1 in 69.13196682929993s
I0312 00:04:24.103067 1756480 finetune.py:68] layer 0_v @ epoch 1 new loss 9.951413915132434e-08 old loss 2.055208483398019e-07 BETTER
I0312 00:04:27.796072 1756598 config.py:54] PyTorch version 2.1.1 available.
I0312 00:04:28.823420 1756366 quantize_finetune_llama.py:183] layer 2 gpu 2
I0312 00:04:28.908858 1756598 data_utils.py:336] using 256 training seqs, 128 validation seqs
The attention layers in this model are transitioning from computing the RoPE embeddings internally through `position_ids` (2D tensor with the indexes of the tokens), to using externally computed `position_embeddings` (Tuple of tensors, containing cos and sin). In v4.46 `position_ids` will be removed and `position_embeddings` will be mandatory.
I0312 00:04:37.003637 1756598 finetune.py:45] layer 1_v initial loss 1.0443455721542705e-05
I0312 00:04:57.774967 1756480 finetune.py:68] layer 0_v @ epoch 2 new loss 6.185787526646891e-08 old loss 9.951413915132434e-08 BETTER
I0312 00:05:08.058419 1756598 finetune.py:68] layer 1_v @ epoch 0 new loss 4.65170751340338e-06 old loss 1.0443455721542705e-05 BETTER
I0312 00:05:31.822594 1756480 finetune.py:68] layer 0_v @ epoch 3 new loss 4.690610566626674e-08 old loss 6.185787526646891e-08 BETTER
I0312 00:05:39.458136 1756366 quantize_finetune_llama.py:210] computed original embedding for layer 2 in 70.49598002433777s
I0312 00:05:40.016229 1756598 finetune.py:76] layer 1_v @ epoch 1 new loss 5.338584742275998e-06 old loss 4.65170751340338e-06 WORSE
I0312 00:05:50.917621 1756716 config.py:54] PyTorch version 2.1.1 available.
I0312 00:05:51.947638 1756366 quantize_finetune_llama.py:183] layer 3 gpu 3
I0312 00:05:52.015553 1756716 data_utils.py:336] using 256 training seqs, 128 validation seqs
The attention layers in this model are transitioning from computing the RoPE embeddings internally through `position_ids` (2D tensor with the indexes of the tokens), to using externally computed `position_embeddings` (Tuple of tensors, containing cos and sin). In v4.46 `position_ids` will be removed and `position_embeddings` will be mandatory.
I0312 00:06:00.340797 1756716 finetune.py:45] layer 2_v initial loss 5.192221124161733e-06
I0312 00:06:06.374367 1756480 finetune.py:68] layer 0_v @ epoch 4 new loss 4.002814080195094e-08 old loss 4.690610566626674e-08 BETTER
I0312 00:06:12.521416 1756598 finetune.py:68] layer 1_v @ epoch 2 new loss 3.989765900769271e-06 old loss 4.65170751340338e-06 BETTER
I0312 00:06:15.769670 1756480 finetune.py:45] layer 0_q initial loss 8.157136477393578e-08
I0312 00:06:31.629280 1756716 finetune.py:68] layer 2_v @ epoch 0 new loss 3.4876611607614905e-06 old loss 5.192221124161733e-06 BETTER
I0312 00:06:45.154630 1756598 finetune.py:68] layer 1_v @ epoch 3 new loss 2.502605411791592e-06 old loss 3.989765900769271e-06 BETTER
I0312 00:06:48.944330 1756480 finetune.py:68] layer 0_q @ epoch 0 new loss 3.8181042327778414e-08 old loss 8.157136477393578e-08 BETTER
I0312 00:07:03.976721 1756716 finetune.py:68] layer 2_v @ epoch 1 new loss 2.6503962544666138e-06 old loss 3.4876611607614905e-06 BETTER
I0312 00:07:04.417901 1756366 quantize_finetune_llama.py:210] computed original embedding for layer 3 in 72.34269332885742s
I0312 00:07:15.265519 1756834 config.py:54] PyTorch version 2.1.1 available.
I0312 00:07:16.385428 1756366 quantize_finetune_llama.py:183] layer 4 gpu 0
I0312 00:07:16.460944 1756834 data_utils.py:336] using 256 training seqs, 128 validation seqs
I0312 00:07:18.023900 1756598 finetune.py:68] layer 1_v @ epoch 4 new loss 2.3942970983625855e-06 old loss 2.502605411791592e-06 BETTER
The attention layers in this model are transitioning from computing the RoPE embeddings internally through `position_ids` (2D tensor with the indexes of the tokens), to using externally computed `position_embeddings` (Tuple of tensors, containing cos and sin). In v4.46 `position_ids` will be removed and `position_embeddings` will be mandatory.
I0312 00:07:23.193311 1756480 finetune.py:68] layer 0_q @ epoch 1 new loss 3.472329623832593e-08 old loss 3.8181042327778414e-08 BETTER
I0312 00:07:25.201311 1756834 finetune.py:45] layer 3_v initial loss 8.993712981464341e-06
I0312 00:07:27.698528 1756598 finetune.py:45] layer 1_q initial loss 3.8117427720862906e-06
I0312 00:07:36.743321 1756716 finetune.py:68] layer 2_v @ epoch 2 new loss 2.2223741780180717e-06 old loss 2.6503962544666138e-06 BETTER
I0312 00:07:56.213473 1756834 finetune.py:68] layer 3_v @ epoch 0 new loss 4.953927145834314e-06 old loss 8.993712981464341e-06 BETTER
I0312 00:07:57.582872 1756480 finetune.py:68] layer 0_q @ epoch 2 new loss 3.237134293954114e-08 old loss 3.472329623832593e-08 BETTER
I0312 00:07:59.308831 1756598 finetune.py:68] layer 1_q @ epoch 0 new loss 2.203692702096305e-06 old loss 3.8117427720862906e-06 BETTER
I0312 00:08:09.593518 1756716 finetune.py:68] layer 2_v @ epoch 3 new loss 1.9873598375852453e-06 old loss 2.2223741780180717e-06 BETTER
I0312 00:08:28.285852 1756834 finetune.py:68] layer 3_v @ epoch 1 new loss 3.864648988383124e-06 old loss 4.953927145834314e-06 BETTER
I0312 00:08:31.787442 1756598 finetune.py:76] layer 1_q @ epoch 1 new loss 2.3303637135541067e-06 old loss 2.203692702096305e-06 WORSE
I0312 00:08:31.848466 1756480 finetune.py:68] layer 0_q @ epoch 3 new loss 3.056894826158896e-08 old loss 3.237134293954114e-08 BETTER
I0312 00:08:42.883482 1756716 finetune.py:68] layer 2_v @ epoch 4 new loss 1.8496275515644811e-06 old loss 1.9873598375852453e-06 BETTER
I0312 00:08:51.999730 1756716 finetune.py:45] layer 2_q initial loss 2.134814621967962e-06
I0312 00:09:00.718694 1756834 finetune.py:68] layer 3_v @ epoch 2 new loss 3.4856632282753708e-06 old loss 3.864648988383124e-06 BETTER
I0312 00:09:03.571323 1756598 finetune.py:76] layer 1_q @ epoch 2 new loss 7.971982086019125e-06 old loss 2.203692702096305e-06 WORSE
I0312 00:09:06.130790 1756480 finetune.py:68] layer 0_q @ epoch 4 new loss 2.9074065821532713e-08 old loss 3.056894826158896e-08 BETTER
I0312 00:09:15.353296 1756480 finetune.py:45] layer 0_k initial loss 1.2466422560919455e-07
I0312 00:09:23.772633 1756716 finetune.py:68] layer 2_q @ epoch 0 new loss 1.887403300315782e-06 old loss 2.134814621967962e-06 BETTER
I0312 00:09:33.289812 1756834 finetune.py:68] layer 3_v @ epoch 3 new loss 3.2950933928077575e-06 old loss 3.4856632282753708e-06 BETTER
I0312 00:09:35.662119 1756598 finetune.py:76] layer 1_q @ epoch 3 new loss 3.905902303813491e-06 old loss 2.203692702096305e-06 WORSE
I0312 00:09:47.993618 1756480 finetune.py:68] layer 0_k @ epoch 0 new loss 4.148121490743506e-08 old loss 1.2466422560919455e-07 BETTER
I0312 00:09:56.258627 1756716 finetune.py:68] layer 2_q @ epoch 1 new loss 1.8091822084898013e-06 old loss 1.887403300315782e-06 BETTER
I0312 00:10:06.135904 1756834 finetune.py:68] layer 3_v @ epoch 4 new loss 3.171856405970175e-06 old loss 3.2950933928077575e-06 BETTER
I0312 00:10:07.872269 1756598 finetune.py:76] layer 1_q @ epoch 4 new loss 5.19129616805003e-06 old loss 2.203692702096305e-06 WORSE
I0312 00:10:15.522970 1756834 finetune.py:45] layer 3_q initial loss 3.937600013159681e-06
I0312 00:10:16.690606 1756598 finetune.py:45] layer 1_k initial loss 2.7202372621104587e-06
I0312 00:10:21.601074 1756480 finetune.py:68] layer 0_k @ epoch 1 new loss 3.632143119602915e-08 old loss 4.148121490743506e-08 BETTER
I0312 00:10:28.613216 1756716 finetune.py:68] layer 2_q @ epoch 2 new loss 1.755156290528248e-06 old loss 1.8091822084898013e-06 BETTER
I0312 00:10:47.062374 1756834 finetune.py:68] layer 3_q @ epoch 0 new loss 3.55625797965331e-06 old loss 3.937600013159681e-06 BETTER
I0312 00:10:48.189668 1756598 finetune.py:68] layer 1_k @ epoch 0 new loss 2.3108525510906475e-06 old loss 2.7202372621104587e-06 BETTER
I0312 00:10:55.349081 1756480 finetune.py:68] layer 0_k @ epoch 2 new loss 3.390136171788072e-08 old loss 3.632143119602915e-08 BETTER
I0312 00:11:01.260082 1756716 finetune.py:68] layer 2_q @ epoch 3 new loss 1.713035885586578e-06 old loss 1.755156290528248e-06 BETTER
I0312 00:11:19.444572 1756834 finetune.py:68] layer 3_q @ epoch 1 new loss 3.44393356499495e-06 old loss 3.55625797965331e-06 BETTER
I0312 00:11:20.311708 1756598 finetune.py:76] layer 1_k @ epoch 1 new loss 2.3658647023694357e-06 old loss 2.3108525510906475e-06 WORSE
I0312 00:11:29.010551 1756480 finetune.py:68] layer 0_k @ epoch 3 new loss 3.227906830716165e-08 old loss 3.390136171788072e-08 BETTER
I0312 00:11:33.692944 1756716 finetune.py:68] layer 2_q @ epoch 4 new loss 1.6781158365120064e-06 old loss 1.713035885586578e-06 BETTER
I0312 00:11:42.971221 1756716 finetune.py:45] layer 2_k initial loss 1.9913732103304937e-06
I0312 00:11:51.626111 1756834 finetune.py:68] layer 3_q @ epoch 2 new loss 3.360620894454769e-06 old loss 3.44393356499495e-06 BETTER
I0312 00:11:51.899703 1756598 finetune.py:68] layer 1_k @ epoch 2 new loss 2.0424515696504386e-06 old loss 2.3108525510906475e-06 BETTER
I0312 00:12:02.935112 1756480 finetune.py:68] layer 0_k @ epoch 4 new loss 3.105562029759312e-08 old loss 3.227906830716165e-08 BETTER
I0312 00:12:12.463381 1756480 finetune.py:45] layer 0_o initial loss 2.258835394286507e-07
I0312 00:12:14.379350 1756716 finetune.py:68] layer 2_k @ epoch 0 new loss 1.9164242530678166e-06 old loss 1.9913732103304937e-06 BETTER
I0312 00:12:23.737938 1756834 finetune.py:68] layer 3_q @ epoch 3 new loss 3.294932639619219e-06 old loss 3.360620894454769e-06 BETTER
I0312 00:12:24.029705 1756598 finetune.py:76] layer 1_k @ epoch 3 new loss 2.441389369778335e-06 old loss 2.0424515696504386e-06 WORSE
I0312 00:12:45.053920 1756480 finetune.py:68] layer 0_o @ epoch 0 new loss 2.069597115905708e-07 old loss 2.258835394286507e-07 BETTER
I0312 00:12:46.495207 1756716 finetune.py:68] layer 2_k @ epoch 1 new loss 1.8752244841380161e-06 old loss 1.9164242530678166e-06 BETTER
I0312 00:12:56.236754 1756598 finetune.py:76] layer 1_k @ epoch 4 new loss 2.17242086364422e-06 old loss 2.0424515696504386e-06 WORSE
I0312 00:12:56.589775 1756834 finetune.py:68] layer 3_q @ epoch 4 new loss 3.2398741041106405e-06 old loss 3.294932639619219e-06 BETTER
I0312 00:13:04.984777 1756598 finetune.py:45] layer 1_o initial loss 6.897012553963577e-06
I0312 00:13:05.948856 1756834 finetune.py:45] layer 3_k initial loss 3.875323272950482e-06
I0312 00:13:18.327330 1756480 finetune.py:68] layer 0_o @ epoch 1 new loss 1.9274357043741475e-07 old loss 2.069597115905708e-07 BETTER
I0312 00:13:18.758547 1756716 finetune.py:68] layer 2_k @ epoch 2 new loss 1.8423925212118775e-06 old loss 1.8752244841380161e-06 BETTER
I0312 00:13:35.935676 1756598 finetune.py:68] layer 1_o @ epoch 0 new loss 4.289062417228706e-06 old loss 6.897012553963577e-06 BETTER
I0312 00:13:37.071933 1756834 finetune.py:68] layer 3_k @ epoch 0 new loss 3.762801725315512e-06 old loss 3.875323272950482e-06 BETTER
I0312 00:13:51.127978 1756716 finetune.py:68] layer 2_k @ epoch 3 new loss 1.8143138049708796e-06 old loss 1.8423925212118775e-06 BETTER
I0312 00:13:51.619373 1756480 finetune.py:68] layer 0_o @ epoch 2 new loss 1.8144918101370422e-07 old loss 1.9274357043741475e-07 BETTER
I0312 00:14:07.657900 1756598 finetune.py:68] layer 1_o @ epoch 1 new loss 3.937750989280175e-06 old loss 4.289062417228706e-06 BETTER
I0312 00:14:09.028485 1756834 finetune.py:68] layer 3_k @ epoch 1 new loss 3.706677489390131e-06 old loss 3.762801725315512e-06 BETTER
I0312 00:14:23.473648 1756716 finetune.py:68] layer 2_k @ epoch 4 new loss 1.7894977872856543e-06 old loss 1.8143138049708796e-06 BETTER
I0312 00:14:25.190283 1756480 finetune.py:68] layer 0_o @ epoch 3 new loss 1.7229569948540302e-07 old loss 1.8144918101370422e-07 BETTER
I0312 00:14:32.795925 1756716 finetune.py:45] layer 2_o initial loss 4.81152437714627e-06
I0312 00:14:39.287908 1756598 finetune.py:68] layer 1_o @ epoch 2 new loss 3.836997620965121e-06 old loss 3.937750989280175e-06 BETTER
I0312 00:14:40.978362 1756834 finetune.py:68] layer 3_k @ epoch 2 new loss 3.660755055534537e-06 old loss 3.706677489390131e-06 BETTER
I0312 00:14:58.500025 1756480 finetune.py:68] layer 0_o @ epoch 4 new loss 1.648243852514497e-07 old loss 1.7229569948540302e-07 BETTER
I0312 00:15:03.786140 1756716 finetune.py:68] layer 2_o @ epoch 0 new loss 4.7565376917191315e-06 old loss 4.81152437714627e-06 BETTER
I0312 00:15:11.030456 1756598 finetune.py:68] layer 1_o @ epoch 3 new loss 3.8022135413484648e-06 old loss 3.836997620965121e-06 BETTER
I0312 00:15:12.973346 1756834 finetune.py:68] layer 3_k @ epoch 3 new loss 3.6213175462762592e-06 old loss 3.660755055534537e-06 BETTER
I0312 00:15:14.165624 1756480 finetune.py:45] layer 0_up initial loss 2.2182084080668574e-07
I0312 00:15:35.537556 1756716 finetune.py:68] layer 2_o @ epoch 1 new loss 4.715534487331752e-06 old loss 4.7565376917191315e-06 BETTER
I0312 00:15:42.820347 1756598 finetune.py:68] layer 1_o @ epoch 4 new loss 3.750792984646978e-06 old loss 3.8022135413484648e-06 BETTER
I0312 00:15:44.722180 1756480 finetune.py:68] layer 0_up @ epoch 0 new loss 2.101373723917277e-07 old loss 2.2182084080668574e-07 BETTER
I0312 00:15:44.877665 1756834 finetune.py:68] layer 3_k @ epoch 4 new loss 3.5866237340087537e-06 old loss 3.6213175462762592e-06 BETTER
I0312 00:15:53.971560 1756834 finetune.py:45] layer 3_o initial loss 9.083226359507535e-06
I0312 00:15:58.100639 1756598 finetune.py:45] layer 1_up initial loss 5.977856289973715e-06
I0312 00:16:07.280649 1756716 finetune.py:68] layer 2_o @ epoch 2 new loss 4.680856818595203e-06 old loss 4.715534487331752e-06 BETTER
I0312 00:16:16.214791 1756480 finetune.py:68] layer 0_up @ epoch 1 new loss 2.0428961988727679e-07 old loss 2.101373723917277e-07 BETTER
I0312 00:16:24.230614 1756834 finetune.py:68] layer 3_o @ epoch 0 new loss 8.9041750470642e-06 old loss 9.083226359507535e-06 BETTER
I0312 00:16:26.938413 1756598 finetune.py:68] layer 1_up @ epoch 0 new loss 4.356813406047877e-06 old loss 5.977856289973715e-06 BETTER
I0312 00:16:39.058731 1756716 finetune.py:68] layer 2_o @ epoch 3 new loss 4.650551090890076e-06 old loss 4.680856818595203e-06 BETTER
I0312 00:16:47.800340 1756480 finetune.py:68] layer 0_up @ epoch 2 new loss 1.9974656595422857e-07 old loss 2.0428961988727679e-07 BETTER
I0312 00:16:55.275862 1756834 finetune.py:68] layer 3_o @ epoch 1 new loss 8.784592864685692e-06 old loss 8.9041750470642e-06 BETTER
I0312 00:16:56.579198 1756598 finetune.py:76] layer 1_up @ epoch 1 new loss 4.404832452564733e-06 old loss 4.356813406047877e-06 WORSE
I0312 00:17:10.929028 1756716 finetune.py:68] layer 2_o @ epoch 4 new loss 4.623440418072278e-06 old loss 4.650551090890076e-06 BETTER
I0312 00:17:19.379233 1756480 finetune.py:68] layer 0_up @ epoch 3 new loss 1.9603957923663984e-07 old loss 1.9974656595422857e-07 BETTER
I0312 00:17:25.891495 1756598 finetune.py:68] layer 1_up @ epoch 2 new loss 4.214798082102789e-06 old loss 4.356813406047877e-06 BETTER
I0312 00:17:26.319563 1756716 finetune.py:45] layer 2_up initial loss 6.8251365519245155e-06
I0312 00:17:26.603345 1756834 finetune.py:68] layer 3_o @ epoch 2 new loss 8.695769793121144e-06 old loss 8.784592864685692e-06 BETTER
I0312 00:17:51.074360 1756480 finetune.py:68] layer 0_up @ epoch 4 new loss 1.9291523756237439e-07 old loss 1.9603957923663984e-07 BETTER
I0312 00:17:55.399930 1756716 finetune.py:68] layer 2_up @ epoch 0 new loss 6.7861888055631425e-06 old loss 6.8251365519245155e-06 BETTER
I0312 00:17:55.965528 1756598 finetune.py:76] layer 1_up @ epoch 3 new loss 4.27853274231893e-06 old loss 4.214798082102789e-06 WORSE
I0312 00:17:57.804681 1756834 finetune.py:68] layer 3_o @ epoch 3 new loss 8.621839697298128e-06 old loss 8.695769793121144e-06 BETTER
I0312 00:18:06.770984 1756480 finetune.py:45] layer 0_gate initial loss 2.43814923805985e-07
I0312 00:18:25.268535 1756598 finetune.py:76] layer 1_up @ epoch 4 new loss 4.2464644138817675e-06 old loss 4.214798082102789e-06 WORSE
I0312 00:18:25.403002 1756716 finetune.py:68] layer 2_up @ epoch 1 new loss 6.758415111107752e-06 old loss 6.7861888055631425e-06 BETTER
I0312 00:18:28.827738 1756834 finetune.py:68] layer 3_o @ epoch 4 new loss 8.558453373552766e-06 old loss 8.621839697298128e-06 BETTER
I0312 00:18:35.728466 1756480 finetune.py:68] layer 0_gate @ epoch 0 new loss 2.347467642493939e-07 old loss 2.43814923805985e-07 BETTER
I0312 00:18:40.047047 1756598 finetune.py:45] layer 1_gate initial loss 5.142995632922975e-06
I0312 00:18:44.475782 1756834 finetune.py:45] layer 3_up initial loss 1.3641181794810109e-05
I0312 00:18:55.273882 1756716 finetune.py:68] layer 2_up @ epoch 2 new loss 6.734472663083579e-06 old loss 6.758415111107752e-06 BETTER
I0312 00:19:05.621198 1756480 finetune.py:68] layer 0_gate @ epoch 1 new loss 2.3149641492636874e-07 old loss 2.347467642493939e-07 BETTER
I0312 00:19:07.603527 1756598 finetune.py:68] layer 1_gate @ epoch 0 new loss 4.681357040681178e-06 old loss 5.142995632922975e-06 BETTER
I0312 00:19:13.130939 1756834 finetune.py:68] layer 3_up @ epoch 0 new loss 1.3543552086048294e-05 old loss 1.3641181794810109e-05 BETTER
I0312 00:19:25.147226 1756716 finetune.py:68] layer 2_up @ epoch 3 new loss 6.712119557050755e-06 old loss 6.734472663083579e-06 BETTER
I0312 00:19:35.467337 1756480 finetune.py:68] layer 0_gate @ epoch 2 new loss 2.2923130416074855e-07 old loss 2.3149641492636874e-07 BETTER
I0312 00:19:35.754903 1756598 finetune.py:68] layer 1_gate @ epoch 1 new loss 4.647053629014408e-06 old loss 4.681357040681178e-06 BETTER
I0312 00:19:42.805377 1756834 finetune.py:68] layer 3_up @ epoch 1 new loss 1.3472907994582783e-05 old loss 1.3543552086048294e-05 BETTER
I0312 00:19:55.210448 1756716 finetune.py:68] layer 2_up @ epoch 4 new loss 6.691167982353363e-06 old loss 6.712119557050755e-06 BETTER
I0312 00:20:04.146391 1756598 finetune.py:76] layer 1_gate @ epoch 2 new loss 4.6876543819962535e-06 old loss 4.647053629014408e-06 WORSE
I0312 00:20:05.487795 1756480 finetune.py:68] layer 0_gate @ epoch 3 new loss 2.273354908766123e-07 old loss 2.2923130416074855e-07 BETTER
I0312 00:20:10.529146 1756716 finetune.py:45] layer 2_gate initial loss 8.255680768343154e-06
I0312 00:20:12.353185 1756834 finetune.py:68] layer 3_up @ epoch 2 new loss 1.3411221516435035e-05 old loss 1.3472907994582783e-05 BETTER
I0312 00:20:31.838305 1756598 finetune.py:68] layer 1_gate @ epoch 3 new loss 4.617732429323951e-06 old loss 4.647053629014408e-06 BETTER
I0312 00:20:35.447917 1756480 finetune.py:68] layer 0_gate @ epoch 4 new loss 2.2570961277779134e-07 old loss 2.273354908766123e-07 BETTER
I0312 00:20:38.102381 1756716 finetune.py:68] layer 2_gate @ epoch 0 new loss 8.219832125178073e-06 old loss 8.255680768343154e-06 BETTER
I0312 00:20:41.787150 1756834 finetune.py:68] layer 3_up @ epoch 3 new loss 1.3354307156987488e-05 old loss 1.3411221516435035e-05 BETTER
I0312 00:20:51.699432 1756480 finetune.py:45] layer 0_down initial loss 5.227490760262299e-07
I0312 00:21:00.089721 1756598 finetune.py:68] layer 1_gate @ epoch 4 new loss 4.588371211866615e-06 old loss 4.617732429323951e-06 BETTER
I0312 00:21:06.195154 1756716 finetune.py:68] layer 2_gate @ epoch 1 new loss 8.197863280656748e-06 old loss 8.219832125178073e-06 BETTER
I0312 00:21:11.256577 1756834 finetune.py:68] layer 3_up @ epoch 4 new loss 1.3301900253281929e-05 old loss 1.3354307156987488e-05 BETTER
I0312 00:21:15.760498 1756598 finetune.py:45] layer 1_down initial loss 0.00029049653676338494
I0312 00:21:18.796265 1756480 finetune.py:68] layer 0_down @ epoch 0 new loss 5.213012741478451e-07 old loss 5.227490760262299e-07 BETTER
I0312 00:21:26.470824 1756834 finetune.py:45] layer 3_gate initial loss 1.69258019013796e-05
I0312 00:21:34.176785 1756716 finetune.py:68] layer 2_gate @ epoch 2 new loss 8.17946329334518e-06 old loss 8.197863280656748e-06 BETTER
I0312 00:21:41.638317 1756598 finetune.py:68] layer 1_down @ epoch 0 new loss 0.00022409412486013025 old loss 0.00029049653676338494 BETTER
I0312 00:21:47.174809 1756480 finetune.py:68] layer 0_down @ epoch 1 new loss 5.210708877712023e-07 old loss 5.213012741478451e-07 BETTER
I0312 00:21:53.505502 1756834 finetune.py:68] layer 3_gate @ epoch 0 new loss 1.6848711311467923e-05 old loss 1.69258019013796e-05 BETTER
I0312 00:22:02.538080 1756716 finetune.py:68] layer 2_gate @ epoch 3 new loss 8.162682206602767e-06 old loss 8.17946329334518e-06 BETTER
I0312 00:22:08.426420 1756598 finetune.py:68] layer 1_down @ epoch 1 new loss 0.0002029275638051331 old loss 0.00022409412486013025 BETTER
I0312 00:22:15.592659 1756480 finetune.py:68] layer 0_down @ epoch 2 new loss 5.209024607211177e-07 old loss 5.210708877712023e-07 BETTER
I0312 00:22:21.691907 1756834 finetune.py:68] layer 3_gate @ epoch 1 new loss 1.679697379586287e-05 old loss 1.6848711311467923e-05 BETTER
I0312 00:22:31.109569 1756716 finetune.py:68] layer 2_gate @ epoch 4 new loss 8.146877917170059e-06 old loss 8.162682206602767e-06 BETTER
I0312 00:22:35.313304 1756598 finetune.py:68] layer 1_down @ epoch 2 new loss 0.000198328765691258 old loss 0.0002029275638051331 BETTER
I0312 00:22:44.130757 1756480 finetune.py:68] layer 0_down @ epoch 3 new loss 5.208267452871951e-07 old loss 5.209024607211177e-07 BETTER
I0312 00:22:47.273658 1756716 finetune.py:45] layer 2_down initial loss 1.2338096894382033e-05
I0312 00:22:50.007408 1756834 finetune.py:68] layer 3_gate @ epoch 2 new loss 1.6752070223446935e-05 old loss 1.679697379586287e-05 BETTER
I0312 00:23:02.310240 1756598 finetune.py:68] layer 1_down @ epoch 3 new loss 0.000197622983250767 old loss 0.000198328765691258 BETTER
I0312 00:23:12.623144 1756480 finetune.py:68] layer 0_down @ epoch 4 new loss 5.207093067838287e-07 old loss 5.208267452871951e-07 BETTER
I0312 00:23:13.513794 1756716 finetune.py:68] layer 2_down @ epoch 0 new loss 1.2335372957750224e-05 old loss 1.2338096894382033e-05 BETTER
0_v proxy err 0.006401833612471819 tr(WHW.T) 4.225186347961426
0_q proxy err 0.000227922952035442 tr(WHW.T) 2710.36865234375
0_k proxy err 0.00022219093807507306 tr(WHW.T) 1698.9349365234375
0_o proxy err 0.0007687349570915103 tr(WHW.T) 0.9715777039527893
0_up proxy err 0.0032181646674871445 tr(WHW.T) 43.269927978515625
0_gate proxy err 0.00224390160292387 tr(WHW.T) 63.4742317199707
0_down proxy err 0.0019518521148711443 tr(WHW.T) 0.6573374271392822
I0312 00:23:18.319274 1756834 finetune.py:68] layer 3_gate @ epoch 3 new loss 1.6711514035705477e-05 old loss 1.6752070223446935e-05 BETTER
I0312 00:23:29.632536 1756598 finetune.py:68] layer 1_down @ epoch 4 new loss 0.0001974658516701311 old loss 0.000197622983250767 BETTER
1_v proxy err 0.013439243659377098 tr(WHW.T) 16.465883255004883
1_q proxy err 0.00026921925018541515 tr(WHW.T) 4779.0654296875
1_k proxy err 0.0002875957579817623 tr(WHW.T) 4997.22607421875
1_o proxy err 0.005587121471762657 tr(WHW.T) 1.1129372119903564
1_up proxy err 0.004406759049743414 tr(WHW.T) 109.74827575683594
1_gate proxy err 0.002234946470707655 tr(WHW.T) 221.324951171875
1_down proxy err 0.0005872164038009942 tr(WHW.T) 2041.9344482421875
I0312 00:23:41.006806 1756716 finetune.py:68] layer 2_down @ epoch 1 new loss 1.2334196981100831e-05 old loss 1.2335372957750224e-05 BETTER
I0312 00:23:47.430207 1756834 finetune.py:68] layer 3_gate @ epoch 4 new loss 1.667344622546807e-05 old loss 1.6711514035705477e-05 BETTER
I0312 00:24:02.882230 1756834 finetune.py:45] layer 3_down initial loss 2.5303861548309214e-05
I0312 00:24:08.097447 1756716 finetune.py:68] layer 2_down @ epoch 2 new loss 1.233332386618713e-05 old loss 1.2334196981100831e-05 BETTER
I0312 00:24:28.395977 1756834 finetune.py:68] layer 3_down @ epoch 0 new loss 2.5299148546764627e-05 old loss 2.5303861548309214e-05 BETTER
I0312 00:24:34.931747 1756716 finetune.py:68] layer 2_down @ epoch 3 new loss 1.2332667211012449e-05 old loss 1.233332386618713e-05 BETTER
I0312 00:24:48.912335 1756366 quantize_finetune_llama.py:210] computed original embedding for layer 4 in 73.63554573059082s
I0312 00:24:52.164252 1756950 config.py:54] PyTorch version 2.1.1 available.
I0312 00:24:53.235899 1756366 quantize_finetune_llama.py:183] layer 5 gpu 1
I0312 00:24:53.324096 1756950 data_utils.py:336] using 256 training seqs, 128 validation seqs
I0312 00:24:54.850355 1756834 finetune.py:68] layer 3_down @ epoch 1 new loss 2.5297777028754354e-05 old loss 2.5299148546764627e-05 BETTER
The attention layers in this model are transitioning from computing the RoPE embeddings internally through `position_ids` (2D tensor with the indexes of the tokens), to using externally computed `position_embeddings` (Tuple of tensors, containing cos and sin). In v4.46 `position_ids` will be removed and `position_embeddings` will be mandatory.
I0312 00:25:01.747130 1756950 finetune.py:45] layer 4_v initial loss 1.1982473552052397e-05
I0312 00:25:01.762649 1756716 finetune.py:68] layer 2_down @ epoch 4 new loss 1.2332147889537737e-05 old loss 1.2332667211012449e-05 BETTER
2_v proxy err 0.0059209526516497135 tr(WHW.T) 136.67332458496094
2_q proxy err 0.00023512453481089324 tr(WHW.T) 7753.50927734375
2_k proxy err 0.00020907062571495771 tr(WHW.T) 10205.427734375
2_o proxy err 0.00647016754373908 tr(WHW.T) 1.4628925323486328
2_up proxy err 0.0054064723663032055 tr(WHW.T) 193.44754028320312
2_gate proxy err 0.003448514034971595 tr(WHW.T) 306.6561584472656
2_down proxy err 0.005730494856834412 tr(WHW.T) 3.0135765075683594
I0312 00:25:21.341607 1756834 finetune.py:68] layer 3_down @ epoch 2 new loss 2.529663106543012e-05 old loss 2.5297777028754354e-05 BETTER
I0312 00:25:34.871825 1756950 finetune.py:68] layer 4_v @ epoch 0 new loss 6.36391951047699e-06 old loss 1.1982473552052397e-05 BETTER
I0312 00:25:47.872654 1756834 finetune.py:68] layer 3_down @ epoch 3 new loss 2.5295765226474032e-05 old loss 2.529663106543012e-05 BETTER
I0312 00:26:09.098626 1756950 finetune.py:68] layer 4_v @ epoch 1 new loss 5.282082383928355e-06 old loss 6.36391951047699e-06 BETTER
I0312 00:26:14.325253 1756834 finetune.py:68] layer 3_down @ epoch 4 new loss 2.529509765736293e-05 old loss 2.5295765226474032e-05 BETTER
3_v proxy err 0.007880429737269878 tr(WHW.T) 284.77557373046875
3_q proxy err 0.00043460202869027853 tr(WHW.T) 7218.57080078125
3_k proxy err 0.0003437307314015925 tr(WHW.T) 10076.9990234375
3_o proxy err 0.005594324786216021 tr(WHW.T) 3.3601245880126953
3_up proxy err 0.006068466696888208 tr(WHW.T) 284.77593994140625
3_gate proxy err 0.0036677978932857513 tr(WHW.T) 478.13671875
3_down proxy err 0.005850514862686396 tr(WHW.T) 6.139037609100342
I0312 00:26:17.346555 1756366 quantize_finetune_llama.py:210] computed original embedding for layer 5 in 70.3269190788269s
I0312 00:26:20.478737 1757066 config.py:54] PyTorch version 2.1.1 available.
I0312 00:26:21.422492 1756366 quantize_finetune_llama.py:183] layer 6 gpu 2
I0312 00:26:21.488230 1757066 data_utils.py:336] using 256 training seqs, 128 validation seqs
The attention layers in this model are transitioning from computing the RoPE embeddings internally through `position_ids` (2D tensor with the indexes of the tokens), to using externally computed `position_embeddings` (Tuple of tensors, containing cos and sin). In v4.46 `position_ids` will be removed and `position_embeddings` will be mandatory.
I0312 00:26:29.758576 1757066 finetune.py:45] layer 5_v initial loss 1.7723519704304636e-05
I0312 00:26:43.754939 1756950 finetune.py:68] layer 4_v @ epoch 2 new loss 4.873236321145669e-06 old loss 5.282082383928355e-06 BETTER
I0312 00:27:01.082428 1757066 finetune.py:68] layer 5_v @ epoch 0 new loss 1.0694883712858427e-05 old loss 1.7723519704304636e-05 BETTER
I0312 00:27:18.598749 1756950 finetune.py:68] layer 4_v @ epoch 3 new loss 4.636695393855916e-06 old loss 4.873236321145669e-06 BETTER
I0312 00:27:31.859588 1756366 quantize_finetune_llama.py:210] computed original embedding for layer 6 in 70.03189396858215s
I0312 00:27:33.423652 1757066 finetune.py:68] layer 5_v @ epoch 1 new loss 9.51474066823721e-06 old loss 1.0694883712858427e-05 BETTER
I0312 00:27:35.122522 1757182 config.py:54] PyTorch version 2.1.1 available.
I0312 00:27:36.259462 1756366 quantize_finetune_llama.py:183] layer 7 gpu 3
I0312 00:27:36.326702 1757182 data_utils.py:336] using 256 training seqs, 128 validation seqs
The attention layers in this model are transitioning from computing the RoPE embeddings internally through `position_ids` (2D tensor with the indexes of the tokens), to using externally computed `position_embeddings` (Tuple of tensors, containing cos and sin). In v4.46 `position_ids` will be removed and `position_embeddings` will be mandatory.
I0312 00:27:44.819475 1757182 finetune.py:45] layer 6_v initial loss 2.3755985239404254e-05
I0312 00:27:53.456776 1756950 finetune.py:68] layer 4_v @ epoch 4 new loss 4.474199613468954e-06 old loss 4.636695393855916e-06 BETTER
I0312 00:28:02.768869 1756950 finetune.py:45] layer 4_q initial loss 5.5993209571170155e-06
I0312 00:28:06.015970 1757066 finetune.py:68] layer 5_v @ epoch 2 new loss 8.974134289019275e-06 old loss 9.51474066823721e-06 BETTER
I0312 00:28:16.211988 1757182 finetune.py:68] layer 6_v @ epoch 0 new loss 1.3358585420064628e-05 old loss 2.3755985239404254e-05 BETTER
I0312 00:28:36.314246 1756950 finetune.py:68] layer 4_q @ epoch 0 new loss 5.063384378445335e-06 old loss 5.5993209571170155e-06 BETTER
I0312 00:28:38.544375 1757066 finetune.py:68] layer 5_v @ epoch 3 new loss 8.625045666121878e-06 old loss 8.974134289019275e-06 BETTER
I0312 00:28:47.580487 1756366 quantize_finetune_llama.py:210] computed original embedding for layer 7 in 70.90984606742859s
I0312 00:28:48.689547 1757182 finetune.py:68] layer 6_v @ epoch 1 new loss 1.1967053069383837e-05 old loss 1.3358585420064628e-05 BETTER
I0312 00:28:50.897486 1757298 config.py:54] PyTorch version 2.1.1 available.
I0312 00:28:52.069966 1756366 quantize_finetune_llama.py:183] layer 8 gpu 0
I0312 00:28:52.156737 1757298 data_utils.py:336] using 256 training seqs, 128 validation seqs
The attention layers in this model are transitioning from computing the RoPE embeddings internally through `position_ids` (2D tensor with the indexes of the tokens), to using externally computed `position_embeddings` (Tuple of tensors, containing cos and sin). In v4.46 `position_ids` will be removed and `position_embeddings` will be mandatory.
I0312 00:29:00.497339 1757298 finetune.py:45] layer 7_v initial loss 3.1200350349536166e-05
I0312 00:29:10.915520 1756950 finetune.py:68] layer 4_q @ epoch 1 new loss 4.901693500869442e-06 old loss 5.063384378445335e-06 BETTER
I0312 00:29:11.593820 1757066 finetune.py:68] layer 5_v @ epoch 4 new loss 8.372903721465264e-06 old loss 8.625045666121878e-06 BETTER
I0312 00:29:20.827975 1757066 finetune.py:45] layer 5_q initial loss 9.867567314358894e-06
I0312 00:29:21.540042 1757182 finetune.py:68] layer 6_v @ epoch 2 new loss 1.1285001164651476e-05 old loss 1.1967053069383837e-05 BETTER
I0312 00:29:31.493999 1757298 finetune.py:68] layer 7_v @ epoch 0 new loss 1.839601645770017e-05 old loss 3.1200350349536166e-05 BETTER
I0312 00:29:45.407717 1756950 finetune.py:68] layer 4_q @ epoch 2 new loss 4.783229996974114e-06 old loss 4.901693500869442e-06 BETTER
I0312 00:29:52.509592 1757066 finetune.py:68] layer 5_q @ epoch 0 new loss 9.17296620173147e-06 old loss 9.867567314358894e-06 BETTER
I0312 00:29:54.425564 1757182 finetune.py:68] layer 6_v @ epoch 3 new loss 1.0861249393201433e-05 old loss 1.1285001164651476e-05 BETTER
I0312 00:30:03.584113 1757298 finetune.py:68] layer 7_v @ epoch 1 new loss 1.6689727999619208e-05 old loss 1.839601645770017e-05 BETTER
I0312 00:30:20.134052 1756950 finetune.py:68] layer 4_q @ epoch 3 new loss 4.688075478043174e-06 old loss 4.783229996974114e-06 BETTER
I0312 00:30:25.212260 1757066 finetune.py:68] layer 5_q @ epoch 1 new loss 8.92823936737841e-06 old loss 9.17296620173147e-06 BETTER
I0312 00:30:27.781583 1757182 finetune.py:68] layer 6_v @ epoch 4 new loss 1.0551801096880808e-05 old loss 1.0861249393201433e-05 BETTER
I0312 00:30:35.682954 1757298 finetune.py:68] layer 7_v @ epoch 2 new loss 1.5844652807572857e-05 old loss 1.6689727999619208e-05 BETTER
I0312 00:30:37.348603 1757182 finetune.py:45] layer 6_q initial loss 1.381014044454787e-05
I0312 00:30:54.900086 1756950 finetune.py:68] layer 4_q @ epoch 4 new loss 4.608777999237645e-06 old loss 4.688075478043174e-06 BETTER
I0312 00:30:57.745501 1757066 finetune.py:68] layer 5_q @ epoch 2 new loss 8.747665560804307e-06 old loss 8.92823936737841e-06 BETTER
I0312 00:31:04.339719 1756950 finetune.py:45] layer 4_k initial loss 5.424001756182406e-06
I0312 00:31:08.030734 1757298 finetune.py:68] layer 7_v @ epoch 3 new loss 1.527832864667289e-05 old loss 1.5844652807572857e-05 BETTER
I0312 00:31:09.159012 1757182 finetune.py:68] layer 6_q @ epoch 0 new loss 1.2460056495910976e-05 old loss 1.381014044454787e-05 BETTER
I0312 00:31:30.393302 1757066 finetune.py:68] layer 5_q @ epoch 3 new loss 8.59906413097633e-06 old loss 8.747665560804307e-06 BETTER
I0312 00:31:37.301262 1756950 finetune.py:68] layer 4_k @ epoch 0 new loss 5.272762791719288e-06 old loss 5.424001756182406e-06 BETTER
I0312 00:31:40.698804 1757298 finetune.py:68] layer 7_v @ epoch 4 new loss 1.487636018282501e-05 old loss 1.527832864667289e-05 BETTER
I0312 00:31:41.678405 1757182 finetune.py:68] layer 6_q @ epoch 1 new loss 1.2106871508876793e-05 old loss 1.2460056495910976e-05 BETTER
I0312 00:31:49.779982 1757298 finetune.py:45] layer 7_q initial loss 1.9115750546916388e-05
I0312 00:32:03.151257 1757066 finetune.py:68] layer 5_q @ epoch 4 new loss 8.470639841107186e-06 old loss 8.59906413097633e-06 BETTER
I0312 00:32:11.258787 1756950 finetune.py:68] layer 4_k @ epoch 1 new loss 5.195807261770824e-06 old loss 5.272762791719288e-06 BETTER
I0312 00:32:12.339430 1757066 finetune.py:45] layer 5_k initial loss 9.62180729402462e-06
I0312 00:32:14.149831 1757182 finetune.py:68] layer 6_q @ epoch 2 new loss 1.1848878784803674e-05 old loss 1.2106871508876793e-05 BETTER
I0312 00:32:21.254873 1757298 finetune.py:68] layer 7_q @ epoch 0 new loss 1.759542283252813e-05 old loss 1.9115750546916388e-05 BETTER
I0312 00:32:43.926511 1757066 finetune.py:68] layer 5_k @ epoch 0 new loss 9.251948540622834e-06 old loss 9.62180729402462e-06 BETTER
I0312 00:32:45.138123 1756950 finetune.py:68] layer 4_k @ epoch 2 new loss 5.132290425535757e-06 old loss 5.195807261770824e-06 BETTER
I0312 00:32:46.576521 1757182 finetune.py:68] layer 6_q @ epoch 3 new loss 1.164147488452727e-05 old loss 1.1848878784803674e-05 BETTER
I0312 00:32:53.300620 1757298 finetune.py:68] layer 7_q @ epoch 1 new loss 1.709541174932383e-05 old loss 1.759542283252813e-05 BETTER
I0312 00:33:16.157384 1757066 finetune.py:68] layer 5_k @ epoch 1 new loss 9.117802619584836e-06 old loss 9.251948540622834e-06 BETTER
I0312 00:33:19.192455 1756950 finetune.py:68] layer 4_k @ epoch 3 new loss 5.077372406958602e-06 old loss 5.132290425535757e-06 BETTER
I0312 00:33:19.489054 1757182 finetune.py:68] layer 6_q @ epoch 4 new loss 1.146982867794577e-05 old loss 1.164147488452727e-05 BETTER
I0312 00:33:25.351480 1757298 finetune.py:68] layer 7_q @ epoch 2 new loss 1.6731471987441182e-05 old loss 1.709541174932383e-05 BETTER
I0312 00:33:28.884602 1757182 finetune.py:45] layer 6_k initial loss 1.400090604875004e-05
I0312 00:33:48.350915 1757066 finetune.py:68] layer 5_k @ epoch 2 new loss 9.01275961950887e-06 old loss 9.117802619584836e-06 BETTER
I0312 00:33:53.280135 1756950 finetune.py:68] layer 4_k @ epoch 4 new loss 5.028532541473396e-06 old loss 5.077372406958602e-06 BETTER
I0312 00:33:57.563044 1757298 finetune.py:68] layer 7_q @ epoch 3 new loss 1.644289295654744e-05 old loss 1.6731471987441182e-05 BETTER
I0312 00:34:00.375529 1757182 finetune.py:68] layer 6_k @ epoch 0 new loss 1.3245070476841647e-05 old loss 1.400090604875004e-05 BETTER
I0312 00:34:03.371365 1756950 finetune.py:45] layer 4_o initial loss 1.4076439583732281e-05
I0312 00:34:20.581566 1757066 finetune.py:68] layer 5_k @ epoch 3 new loss 8.922434062696993e-06 old loss 9.01275961950887e-06 BETTER
I0312 00:34:29.808818 1757298 finetune.py:68] layer 7_q @ epoch 4 new loss 1.620297734916676e-05 old loss 1.644289295654744e-05 BETTER
I0312 00:34:32.644655 1757182 finetune.py:68] layer 6_k @ epoch 1 new loss 1.305334717471851e-05 old loss 1.3245070476841647e-05 BETTER
I0312 00:34:35.817865 1756950 finetune.py:68] layer 4_o @ epoch 0 new loss 1.3665928236150648e-05 old loss 1.4076439583732281e-05 BETTER
I0312 00:34:39.426372 1757298 finetune.py:45] layer 7_k initial loss 1.9091392459813505e-05
I0312 00:34:52.771522 1757066 finetune.py:68] layer 5_k @ epoch 4 new loss 8.84542259882437e-06 old loss 8.922434062696993e-06 BETTER
I0312 00:35:02.124850 1757066 finetune.py:45] layer 5_o initial loss 2.3365299057331868e-05
I0312 00:35:04.857679 1757182 finetune.py:68] layer 6_k @ epoch 2 new loss 1.2904941286251415e-05 old loss 1.305334717471851e-05 BETTER
I0312 00:35:09.185753 1756950 finetune.py:68] layer 4_o @ epoch 1 new loss 1.3459334695653524e-05 old loss 1.3665928236150648e-05 BETTER
I0312 00:35:10.398097 1757298 finetune.py:68] layer 7_k @ epoch 0 new loss 1.8532175090513192e-05 old loss 1.9091392459813505e-05 BETTER
I0312 00:35:32.750473 1757066 finetune.py:68] layer 5_o @ epoch 0 new loss 2.246995791210793e-05 old loss 2.3365299057331868e-05 BETTER
I0312 00:35:37.126933 1757182 finetune.py:68] layer 6_k @ epoch 3 new loss 1.2780567885783967e-05 old loss 1.2904941286251415e-05 BETTER
I0312 00:35:42.287052 1757298 finetune.py:68] layer 7_k @ epoch 1 new loss 1.8305110643268563e-05 old loss 1.8532175090513192e-05 BETTER
I0312 00:35:42.429618 1756950 finetune.py:68] layer 4_o @ epoch 2 new loss 1.3300688806339167e-05 old loss 1.3459334695653524e-05 BETTER
I0312 00:36:04.170200 1757066 finetune.py:68] layer 5_o @ epoch 1 new loss 2.1984673367114738e-05 old loss 2.246995791210793e-05 BETTER
I0312 00:36:09.237251 1757182 finetune.py:68] layer 6_k @ epoch 4 new loss 1.2677070117206313e-05 old loss 1.2780567885783967e-05 BETTER
I0312 00:36:14.651606 1757298 finetune.py:68] layer 7_k @ epoch 2 new loss 1.8117962099495344e-05 old loss 1.8305110643268563e-05 BETTER
I0312 00:36:16.181719 1756950 finetune.py:68] layer 4_o @ epoch 3 new loss 1.3168430086807348e-05 old loss 1.3300688806339167e-05 BETTER
I0312 00:36:19.518264 1757182 finetune.py:45] layer 6_o initial loss 3.466366251814179e-05
I0312 00:36:35.687791 1757066 finetune.py:68] layer 5_o @ epoch 2 new loss 2.1610143448924646e-05 old loss 2.1984673367114738e-05 BETTER
I0312 00:36:46.599527 1757298 finetune.py:68] layer 7_k @ epoch 3 new loss 1.796395008568652e-05 old loss 1.8117962099495344e-05 BETTER
I0312 00:36:49.691285 1756950 finetune.py:68] layer 4_o @ epoch 4 new loss 1.3051309906586539e-05 old loss 1.3168430086807348e-05 BETTER
I0312 00:36:50.484443 1757182 finetune.py:68] layer 6_o @ epoch 0 new loss 3.3175649150507525e-05 old loss 3.466366251814179e-05 BETTER
I0312 00:37:05.037675 1756950 finetune.py:45] layer 4_up initial loss 2.2504309526993893e-05
I0312 00:37:07.170780 1757066 finetune.py:68] layer 5_o @ epoch 3 new loss 2.1298501451383345e-05 old loss 2.1610143448924646e-05 BETTER
I0312 00:37:18.500000 1757298 finetune.py:68] layer 7_k @ epoch 4 new loss 1.782629442459438e-05 old loss 1.796395008568652e-05 BETTER
I0312 00:37:22.134778 1757182 finetune.py:68] layer 6_o @ epoch 1 new loss 3.24152315442916e-05 old loss 3.3175649150507525e-05 BETTER
I0312 00:37:27.597935 1757298 finetune.py:45] layer 7_o initial loss 4.812651968677528e-05
I0312 00:37:35.489213 1756950 finetune.py:68] layer 4_up @ epoch 0 new loss 2.226588003395591e-05 old loss 2.2504309526993893e-05 BETTER
I0312 00:37:38.601217 1757066 finetune.py:68] layer 5_o @ epoch 4 new loss 2.1035362806287594e-05 old loss 2.1298501451383345e-05 BETTER
I0312 00:37:53.548746 1757066 finetune.py:45] layer 5_up initial loss 3.630094215623103e-05
I0312 00:37:53.717933 1757182 finetune.py:68] layer 6_o @ epoch 2 new loss 3.1846564525039867e-05 old loss 3.24152315442916e-05 BETTER
I0312 00:37:57.850441 1757298 finetune.py:68] layer 7_o @ epoch 0 new loss 4.550842641037889e-05 old loss 4.812651968677528e-05 BETTER
I0312 00:38:07.025281 1756950 finetune.py:68] layer 4_up @ epoch 1 new loss 2.2103435185272247e-05 old loss 2.226588003395591e-05 BETTER
I0312 00:38:22.426523 1757066 finetune.py:68] layer 5_up @ epoch 0 new loss 3.582399585866369e-05 old loss 3.630094215623103e-05 BETTER
I0312 00:38:25.415509 1757182 finetune.py:68] layer 6_o @ epoch 3 new loss 3.139091859338805e-05 old loss 3.1846564525039867e-05 BETTER
I0312 00:38:28.777105 1757298 finetune.py:68] layer 7_o @ epoch 1 new loss 4.423307836987078e-05 old loss 4.550842641037889e-05 BETTER
I0312 00:38:38.449173 1756950 finetune.py:68] layer 4_up @ epoch 2 new loss 2.1965479390928522e-05 old loss 2.2103435185272247e-05 BETTER
I0312 00:38:52.278649 1757066 finetune.py:68] layer 5_up @ epoch 1 new loss 3.548424137989059e-05 old loss 3.582399585866369e-05 BETTER
I0312 00:38:57.094315 1757182 finetune.py:68] layer 6_o @ epoch 4 new loss 3.100814137724228e-05 old loss 3.139091859338805e-05 BETTER
I0312 00:38:59.745711 1757298 finetune.py:68] layer 7_o @ epoch 2 new loss 4.3316540541127324e-05 old loss 4.423307836987078e-05 BETTER
I0312 00:39:09.947854 1756950 finetune.py:68] layer 4_up @ epoch 3 new loss 2.184037475672085e-05 old loss 2.1965479390928522e-05 BETTER
I0312 00:39:12.498313 1757182 finetune.py:45] layer 6_up initial loss 5.4426051065092906e-05
I0312 00:39:22.149995 1757066 finetune.py:68] layer 5_up @ epoch 2 new loss 3.5192064387956634e-05 old loss 3.548424137989059e-05 BETTER
I0312 00:39:30.940538 1757298 finetune.py:68] layer 7_o @ epoch 3 new loss 4.2598610889399424e-05 old loss 4.3316540541127324e-05 BETTER
I0312 00:39:41.670992 1756950 finetune.py:68] layer 4_up @ epoch 4 new loss 2.1723790268879384e-05 old loss 2.184037475672085e-05 BETTER
I0312 00:39:41.769959 1757182 finetune.py:68] layer 6_up @ epoch 0 new loss 5.353706728783436e-05 old loss 5.4426051065092906e-05 BETTER
I0312 00:39:51.960592 1757066 finetune.py:68] layer 5_up @ epoch 3 new loss 3.492835821816698e-05 old loss 3.5192064387956634e-05 BETTER
I0312 00:39:57.327792 1756950 finetune.py:45] layer 4_gate initial loss 2.7821959520224482e-05
I0312 00:40:01.989879 1757298 finetune.py:68] layer 7_o @ epoch 4 new loss 4.200047260383144e-05 old loss 4.2598610889399424e-05 BETTER
I0312 00:40:11.482571 1757182 finetune.py:68] layer 6_up @ epoch 1 new loss 5.295006849337369e-05 old loss 5.353706728783436e-05 BETTER
I0312 00:40:16.947822 1757298 finetune.py:45] layer 7_up initial loss 7.366012141574174e-05
I0312 00:40:21.891256 1757066 finetune.py:68] layer 5_up @ epoch 4 new loss 3.469139846856706e-05 old loss 3.492835821816698e-05 BETTER
I0312 00:40:26.322846 1756950 finetune.py:68] layer 4_gate @ epoch 0 new loss 2.7650283300317824e-05 old loss 2.7821959520224482e-05 BETTER
I0312 00:40:37.559431 1757066 finetune.py:45] layer 5_gate initial loss 4.39868526882492e-05
I0312 00:40:41.493809 1757182 finetune.py:68] layer 6_up @ epoch 2 new loss 5.245644933893345e-05 old loss 5.295006849337369e-05 BETTER
I0312 00:40:45.831182 1757298 finetune.py:68] layer 7_up @ epoch 0 new loss 7.218690006993711e-05 old loss 7.366012141574174e-05 BETTER
I0312 00:40:56.098235 1756950 finetune.py:68] layer 4_gate @ epoch 1 new loss 2.753223634499591e-05 old loss 2.7650283300317824e-05 BETTER
I0312 00:41:05.096381 1757066 finetune.py:68] layer 5_gate @ epoch 0 new loss 4.3685016862582415e-05 old loss 4.39868526882492e-05 BETTER
I0312 00:41:11.375311 1757182 finetune.py:68] layer 6_up @ epoch 3 new loss 5.2019207942066714e-05 old loss 5.245644933893345e-05 BETTER
I0312 00:41:15.289768 1757298 finetune.py:68] layer 7_up @ epoch 1 new loss 7.125925912987441e-05 old loss 7.218690006993711e-05 BETTER
I0312 00:41:25.836206 1756950 finetune.py:68] layer 4_gate @ epoch 2 new loss 2.7432020942796953e-05 old loss 2.753223634499591e-05 BETTER
I0312 00:41:33.307202 1757066 finetune.py:68] layer 5_gate @ epoch 1 new loss 4.3459440348669887e-05 old loss 4.3685016862582415e-05 BETTER
I0312 00:41:41.275392 1757182 finetune.py:68] layer 6_up @ epoch 4 new loss 5.163028254173696e-05 old loss 5.2019207942066714e-05 BETTER
I0312 00:41:44.727691 1757298 finetune.py:68] layer 7_up @ epoch 2 new loss 7.048598490655422e-05 old loss 7.125925912987441e-05 BETTER
I0312 00:41:55.742013 1756950 finetune.py:68] layer 4_gate @ epoch 3 new loss 2.734097870416008e-05 old loss 2.7432020942796953e-05 BETTER
I0312 00:41:56.837210 1757182 finetune.py:45] layer 6_gate initial loss 6.466873310273513e-05
I0312 00:42:01.697784 1757066 finetune.py:68] layer 5_gate @ epoch 2 new loss 4.326416819822043e-05 old loss 4.3459440348669887e-05 BETTER
