I0312 07:25:47.300651 1886474 config.py:54] PyTorch version 2.1.1 available.
Loading checkpoint shards:   0%|          | 0/6 [00:00<?, ?it/s]Loading checkpoint shards:  17%|█▋        | 1/6 [00:00<00:00,  8.79it/s]Loading checkpoint shards:  50%|█████     | 3/6 [00:00<00:00, 10.16it/s]Loading checkpoint shards:  67%|██████▋   | 4/6 [00:00<00:00,  9.55it/s]Loading checkpoint shards: 100%|██████████| 6/6 [00:00<00:00, 10.30it/s]Loading checkpoint shards: 100%|██████████| 6/6 [00:00<00:00, 10.08it/s]
I0312 07:25:49.162904 1886474 quantize_finetune_llama.py:134] loaded model
calculating model weight mean & std:   0%|          | 0/32 [00:00<?, ?it/s]calculating model weight mean & std:   3%|▎         | 1/32 [00:00<00:20,  1.52it/s]calculating model weight mean & std:   6%|▋         | 2/32 [00:01<00:20,  1.48it/s]calculating model weight mean & std:   9%|▉         | 3/32 [00:02<00:19,  1.46it/s]calculating model weight mean & std:  12%|█▎        | 4/32 [00:02<00:19,  1.46it/s]calculating model weight mean & std:  16%|█▌        | 5/32 [00:03<00:18,  1.45it/s]calculating model weight mean & std:  19%|█▉        | 6/32 [00:04<00:17,  1.45it/s]calculating model weight mean & std:  22%|██▏       | 7/32 [00:04<00:17,  1.44it/s]calculating model weight mean & std:  25%|██▌       | 8/32 [00:05<00:16,  1.44it/s]calculating model weight mean & std:  28%|██▊       | 9/32 [00:06<00:15,  1.46it/s]calculating model weight mean & std:  31%|███▏      | 10/32 [00:06<00:14,  1.50it/s]calculating model weight mean & std:  34%|███▍      | 11/32 [00:07<00:13,  1.53it/s]calculating model weight mean & std:  38%|███▊      | 12/32 [00:08<00:12,  1.54it/s]calculating model weight mean & std:  41%|████      | 13/32 [00:08<00:12,  1.55it/s]calculating model weight mean & std:  44%|████▍     | 14/32 [00:09<00:11,  1.56it/s]calculating model weight mean & std:  47%|████▋     | 15/32 [00:09<00:10,  1.55it/s]calculating model weight mean & std:  50%|█████     | 16/32 [00:10<00:10,  1.55it/s]calculating model weight mean & std:  53%|█████▎    | 17/32 [00:11<00:09,  1.55it/s]calculating model weight mean & std:  56%|█████▋    | 18/32 [00:11<00:09,  1.55it/s]calculating model weight mean & std:  59%|█████▉    | 19/32 [00:12<00:08,  1.54it/s]calculating model weight mean & std:  62%|██████▎   | 20/32 [00:13<00:07,  1.54it/s]calculating model weight mean & std:  66%|██████▌   | 21/32 [00:13<00:07,  1.53it/s]calculating model weight mean & std:  69%|██████▉   | 22/32 [00:14<00:06,  1.52it/s]calculating model weight mean & std:  72%|███████▏  | 23/32 [00:15<00:05,  1.52it/s]calculating model weight mean & std:  75%|███████▌  | 24/32 [00:15<00:05,  1.52it/s]calculating model weight mean & std:  78%|███████▊  | 25/32 [00:16<00:04,  1.52it/s]calculating model weight mean & std:  81%|████████▏ | 26/32 [00:17<00:03,  1.53it/s]calculating model weight mean & std:  84%|████████▍ | 27/32 [00:17<00:03,  1.55it/s]calculating model weight mean & std:  88%|████████▊ | 28/32 [00:18<00:02,  1.54it/s]calculating model weight mean & std:  91%|█████████ | 29/32 [00:19<00:01,  1.51it/s]calculating model weight mean & std:  94%|█████████▍| 30/32 [00:19<00:01,  1.50it/s]calculating model weight mean & std:  97%|█████████▋| 31/32 [00:20<00:00,  1.48it/s]calculating model weight mean & std: 100%|██████████| 32/32 [00:21<00:00,  1.45it/s]calculating model weight mean & std: 100%|██████████| 32/32 [00:21<00:00,  1.51it/s]
I0312 07:26:20.004212 1886474 quantize_finetune_llama.py:159] loaded compression model
I0312 07:26:34.055106 1886474 quantize_finetune_llama.py:163] loaded dataset and devset
I0312 07:26:39.130907 1886474 quantize_finetune_llama.py:183] layer 0 gpu 0
The attention layers in this model are transitioning from computing the RoPE embeddings internally through `position_ids` (2D tensor with the indexes of the tokens), to using externally computed `position_embeddings` (Tuple of tensors, containing cos and sin). In v4.46 `position_ids` will be removed and `position_embeddings` will be mandatory.
I0312 07:27:45.514676 1886474 quantize_finetune_llama.py:210] computed original embedding for layer 0 in 66.26824808120728s
huggingface/tokenizers: The current process just got forked, after parallelism has already been used. Disabling parallelism to avoid deadlocks...
To disable this warning, you can either:
	- Avoid using `tokenizers` before the fork if possible
	- Explicitly set the environment variable TOKENIZERS_PARALLELISM=(true | false)
I0312 07:28:05.791168 1886633 config.py:54] PyTorch version 2.1.1 available.
I0312 07:28:06.719062 1886474 quantize_finetune_llama.py:183] layer 1 gpu 1
I0312 07:28:06.784626 1886633 data_utils.py:336] using 256 training seqs, 128 validation seqs
The attention layers in this model are transitioning from computing the RoPE embeddings internally through `position_ids` (2D tensor with the indexes of the tokens), to using externally computed `position_embeddings` (Tuple of tensors, containing cos and sin). In v4.46 `position_ids` will be removed and `position_embeddings` will be mandatory.
I0312 07:28:14.654124 1886633 finetune.py:45] layer 0_v initial loss 2.3137631899317057e-07
I0312 07:28:46.712654 1886633 finetune.py:68] layer 0_v @ epoch 0 new loss 6.360730964161121e-08 old loss 2.3137631899317057e-07 BETTER
I0312 07:29:16.536704 1886474 quantize_finetune_llama.py:210] computed original embedding for layer 1 in 69.6807873249054s
I0312 07:29:22.382184 1886633 finetune.py:68] layer 0_v @ epoch 1 new loss 2.6459233026798756e-08 old loss 6.360730964161121e-08 BETTER
I0312 07:29:24.711562 1886781 config.py:54] PyTorch version 2.1.1 available.
I0312 07:29:25.689921 1886474 quantize_finetune_llama.py:183] layer 2 gpu 2
I0312 07:29:25.773793 1886781 data_utils.py:336] using 256 training seqs, 128 validation seqs
The attention layers in this model are transitioning from computing the RoPE embeddings internally through `position_ids` (2D tensor with the indexes of the tokens), to using externally computed `position_embeddings` (Tuple of tensors, containing cos and sin). In v4.46 `position_ids` will be removed and `position_embeddings` will be mandatory.
I0312 07:29:33.548216 1886781 finetune.py:45] layer 1_v initial loss 2.8330293844192056e-06
I0312 07:29:56.093901 1886633 finetune.py:68] layer 0_v @ epoch 2 new loss 1.545436134620104e-08 old loss 2.6459233026798756e-08 BETTER
I0312 07:30:04.297801 1886781 finetune.py:68] layer 1_v @ epoch 0 new loss 1.8803051489157951e-06 old loss 2.8330293844192056e-06 BETTER
I0312 07:30:30.070673 1886633 finetune.py:68] layer 0_v @ epoch 3 new loss 1.1597588667200398e-08 old loss 1.545436134620104e-08 BETTER
I0312 07:30:34.534244 1886474 quantize_finetune_llama.py:210] computed original embedding for layer 2 in 68.72664999961853s
I0312 07:30:38.265908 1886781 finetune.py:68] layer 1_v @ epoch 1 new loss 1.5083013522598776e-06 old loss 1.8803051489157951e-06 BETTER
I0312 07:30:42.576455 1886914 config.py:54] PyTorch version 2.1.1 available.
I0312 07:30:43.618563 1886474 quantize_finetune_llama.py:183] layer 3 gpu 3
I0312 07:30:43.685658 1886914 data_utils.py:336] using 256 training seqs, 128 validation seqs
The attention layers in this model are transitioning from computing the RoPE embeddings internally through `position_ids` (2D tensor with the indexes of the tokens), to using externally computed `position_embeddings` (Tuple of tensors, containing cos and sin). In v4.46 `position_ids` will be removed and `position_embeddings` will be mandatory.
I0312 07:30:51.771987 1886914 finetune.py:45] layer 2_v initial loss 4.698117379575706e-07
I0312 07:31:04.256076 1886633 finetune.py:68] layer 0_v @ epoch 4 new loss 9.885047447255602e-09 old loss 1.1597588667200398e-08 BETTER
I0312 07:31:10.464512 1886781 finetune.py:76] layer 1_v @ epoch 2 new loss 4.804196123586735e-06 old loss 1.5083013522598776e-06 WORSE
I0312 07:31:13.452117 1886633 finetune.py:45] layer 0_q initial loss 1.540702676550154e-08
I0312 07:31:22.820040 1886914 finetune.py:68] layer 2_v @ epoch 0 new loss 3.3337360605401045e-07 old loss 4.698117379575706e-07 BETTER
I0312 07:31:42.203257 1886781 finetune.py:68] layer 1_v @ epoch 3 new loss 7.041713843136677e-07 old loss 1.5083013522598776e-06 BETTER
I0312 07:31:46.181757 1886633 finetune.py:68] layer 0_q @ epoch 0 new loss 9.829205893652215e-09 old loss 1.540702676550154e-08 BETTER
I0312 07:31:54.753461 1886914 finetune.py:68] layer 2_v @ epoch 1 new loss 2.662547160525719e-07 old loss 3.3337360605401045e-07 BETTER
I0312 07:31:55.429672 1886474 quantize_finetune_llama.py:210] computed original embedding for layer 3 in 71.66151714324951s
I0312 07:32:04.174163 1887047 config.py:54] PyTorch version 2.1.1 available.
I0312 07:32:05.240681 1886474 quantize_finetune_llama.py:183] layer 4 gpu 0
I0312 07:32:05.310848 1887047 data_utils.py:336] using 256 training seqs, 128 validation seqs
The attention layers in this model are transitioning from computing the RoPE embeddings internally through `position_ids` (2D tensor with the indexes of the tokens), to using externally computed `position_embeddings` (Tuple of tensors, containing cos and sin). In v4.46 `position_ids` will be removed and `position_embeddings` will be mandatory.
I0312 07:32:13.352725 1887047 finetune.py:45] layer 3_v initial loss 6.959159577490936e-07
I0312 07:32:15.093427 1886781 finetune.py:76] layer 1_v @ epoch 4 new loss 1.4580921288143145e-06 old loss 7.041713843136677e-07 WORSE
I0312 07:32:20.104299 1886633 finetune.py:68] layer 0_q @ epoch 1 new loss 8.77570016655227e-09 old loss 9.829205893652215e-09 BETTER
I0312 07:32:23.919215 1886781 finetune.py:45] layer 1_q initial loss 7.999535682756687e-07
I0312 07:32:27.004423 1886914 finetune.py:68] layer 2_v @ epoch 2 new loss 2.3066201038091094e-07 old loss 2.662547160525719e-07 BETTER
I0312 07:32:43.728059 1887047 finetune.py:68] layer 3_v @ epoch 0 new loss 3.9710712940177473e-07 old loss 6.959159577490936e-07 BETTER
I0312 07:32:54.307146 1886633 finetune.py:68] layer 0_q @ epoch 2 new loss 8.065772050258602e-09 old loss 8.77570016655227e-09 BETTER
I0312 07:32:55.542137 1886781 finetune.py:76] layer 1_q @ epoch 0 new loss 9.466930919188599e-07 old loss 7.999535682756687e-07 WORSE
I0312 07:32:59.897071 1886914 finetune.py:68] layer 2_v @ epoch 3 new loss 2.0953046941940556e-07 old loss 2.3066201038091094e-07 BETTER
I0312 07:33:15.576797 1887047 finetune.py:68] layer 3_v @ epoch 1 new loss 3.332401661282347e-07 old loss 3.9710712940177473e-07 BETTER
I0312 07:33:27.353153 1886781 finetune.py:68] layer 1_q @ epoch 1 new loss 5.747762656937994e-07 old loss 7.999535682756687e-07 BETTER
I0312 07:33:28.338817 1886633 finetune.py:68] layer 0_q @ epoch 3 new loss 7.531742340916026e-09 old loss 8.065772050258602e-09 BETTER
I0312 07:33:32.642272 1886914 finetune.py:68] layer 2_v @ epoch 4 new loss 1.9561414887903084e-07 old loss 2.0953046941940556e-07 BETTER
I0312 07:33:41.601765 1886914 finetune.py:45] layer 2_q initial loss 2.642252638906939e-07
I0312 07:33:47.511077 1887047 finetune.py:68] layer 3_v @ epoch 2 new loss 3.051665942166437e-07 old loss 3.332401661282347e-07 BETTER
I0312 07:33:59.623090 1886781 finetune.py:76] layer 1_q @ epoch 2 new loss 1.055536927196954e-06 old loss 5.747762656937994e-07 WORSE
I0312 07:34:02.546345 1886633 finetune.py:68] layer 0_q @ epoch 4 new loss 7.086839559633518e-09 old loss 7.531742340916026e-09 BETTER
I0312 07:34:11.675445 1886633 finetune.py:45] layer 0_k initial loss 6.584479450566505e-08
I0312 07:34:13.033635 1886914 finetune.py:68] layer 2_q @ epoch 0 new loss 2.0883254592263256e-07 old loss 2.642252638906939e-07 BETTER
I0312 07:34:19.626331 1887047 finetune.py:68] layer 3_v @ epoch 3 new loss 2.8680094033006753e-07 old loss 3.051665942166437e-07 BETTER
I0312 07:34:31.353804 1886781 finetune.py:76] layer 1_q @ epoch 3 new loss 1.3057172054686816e-06 old loss 5.747762656937994e-07 WORSE
I0312 07:34:44.496418 1886633 finetune.py:68] layer 0_k @ epoch 0 new loss 1.2305600982642773e-08 old loss 6.584479450566505e-08 BETTER
I0312 07:34:45.464615 1886914 finetune.py:68] layer 2_q @ epoch 1 new loss 1.9733700185042835e-07 old loss 2.0883254592263256e-07 BETTER
I0312 07:34:51.857845 1887047 finetune.py:68] layer 3_v @ epoch 4 new loss 2.734510928803502e-07 old loss 2.8680094033006753e-07 BETTER
I0312 07:35:00.851966 1887047 finetune.py:45] layer 3_q initial loss 4.603104457601148e-07
I0312 07:35:03.245776 1886781 finetune.py:76] layer 1_q @ epoch 4 new loss 4.855275619775057e-06 old loss 5.747762656937994e-07 WORSE
I0312 07:35:11.780728 1886781 finetune.py:45] layer 1_k initial loss 6.503169629468175e-07
I0312 07:35:17.855182 1886914 finetune.py:68] layer 2_q @ epoch 2 new loss 1.8886255759298365e-07 old loss 1.9733700185042835e-07 BETTER
I0312 07:35:18.088283 1886633 finetune.py:68] layer 0_k @ epoch 1 new loss 9.850657178844813e-09 old loss 1.2305600982642773e-08 BETTER
I0312 07:35:32.158550 1887047 finetune.py:68] layer 3_q @ epoch 0 new loss 3.3775950214476325e-07 old loss 4.603104457601148e-07 BETTER
I0312 07:35:43.192265 1886781 finetune.py:68] layer 1_k @ epoch 0 new loss 4.990803859072912e-07 old loss 6.503169629468175e-07 BETTER
I0312 07:35:50.185752 1886914 finetune.py:68] layer 2_q @ epoch 3 new loss 1.8203709828412684e-07 old loss 1.8886255759298365e-07 BETTER
I0312 07:35:51.853651 1886633 finetune.py:68] layer 0_k @ epoch 2 new loss 8.89790463531881e-09 old loss 9.850657178844813e-09 BETTER
I0312 07:36:04.073527 1887047 finetune.py:68] layer 3_q @ epoch 1 new loss 3.1727483928989386e-07 old loss 3.3775950214476325e-07 BETTER
I0312 07:36:15.262470 1886781 finetune.py:76] layer 1_k @ epoch 1 new loss 7.711970511081745e-07 old loss 4.990803859072912e-07 WORSE
I0312 07:36:22.961466 1886914 finetune.py:68] layer 2_q @ epoch 4 new loss 1.7631390392125468e-07 old loss 1.8203709828412684e-07 BETTER
I0312 07:36:25.700170 1886633 finetune.py:68] layer 0_k @ epoch 3 new loss 8.321035416258837e-09 old loss 8.89790463531881e-09 BETTER
I0312 07:36:32.090207 1886914 finetune.py:45] layer 2_k initial loss 2.457909999975527e-07
I0312 07:36:36.083457 1887047 finetune.py:68] layer 3_q @ epoch 2 new loss 3.0372243031706603e-07 old loss 3.1727483928989386e-07 BETTER
I0312 07:36:46.672606 1886781 finetune.py:68] layer 1_k @ epoch 2 new loss 4.2859593918365135e-07 old loss 4.990803859072912e-07 BETTER
I0312 07:36:59.397176 1886633 finetune.py:68] layer 0_k @ epoch 4 new loss 7.898496967584379e-09 old loss 8.321035416258837e-09 BETTER
I0312 07:37:03.564105 1886914 finetune.py:68] layer 2_k @ epoch 0 new loss 2.3333880960763054e-07 old loss 2.457909999975527e-07 BETTER
I0312 07:37:08.412945 1887047 finetune.py:68] layer 3_q @ epoch 3 new loss 2.9353611807891866e-07 old loss 3.0372243031706603e-07 BETTER
I0312 07:37:09.324006 1886633 finetune.py:45] layer 0_o initial loss 4.014696131093842e-08
I0312 07:37:18.863945 1886781 finetune.py:76] layer 1_k @ epoch 3 new loss 4.5247358571032237e-07 old loss 4.2859593918365135e-07 WORSE
I0312 07:37:35.693050 1886914 finetune.py:68] layer 2_k @ epoch 1 new loss 2.258246638575656e-07 old loss 2.3333880960763054e-07 BETTER
I0312 07:37:40.467285 1887047 finetune.py:68] layer 3_q @ epoch 4 new loss 2.8538858032334247e-07 old loss 2.9353611807891866e-07 BETTER
I0312 07:37:41.670633 1886633 finetune.py:68] layer 0_o @ epoch 0 new loss 3.504932521991577e-08 old loss 4.014696131093842e-08 BETTER
I0312 07:37:49.591296 1887047 finetune.py:45] layer 3_k initial loss 4.78895799460588e-07
I0312 07:37:50.292507 1886781 finetune.py:76] layer 1_k @ epoch 4 new loss 1.092107027034217e-06 old loss 4.2859593918365135e-07 WORSE
I0312 07:37:58.905025 1886781 finetune.py:45] layer 1_o initial loss 6.102056886447826e-07
I0312 07:38:07.744083 1886914 finetune.py:68] layer 2_k @ epoch 2 new loss 2.1988846299336728e-07 old loss 2.258246638575656e-07 BETTER
I0312 07:38:14.661582 1886633 finetune.py:68] layer 0_o @ epoch 1 new loss 3.17221093837361e-08 old loss 3.504932521991577e-08 BETTER
I0312 07:38:20.355231 1887047 finetune.py:68] layer 3_k @ epoch 0 new loss 4.3530809534786385e-07 old loss 4.78895799460588e-07 BETTER
I0312 07:38:29.680490 1886781 finetune.py:68] layer 1_o @ epoch 0 new loss 5.640462177325389e-07 old loss 6.102056886447826e-07 BETTER
I0312 07:38:39.870544 1886914 finetune.py:68] layer 2_k @ epoch 3 new loss 2.1486276580162667e-07 old loss 2.1988846299336728e-07 BETTER
I0312 07:38:47.974141 1886633 finetune.py:68] layer 0_o @ epoch 2 new loss 2.9213808261374652e-08 old loss 3.17221093837361e-08 BETTER
I0312 07:38:52.006689 1887047 finetune.py:68] layer 3_k @ epoch 1 new loss 4.212187150187674e-07 old loss 4.3530809534786385e-07 BETTER
I0312 07:39:01.212191 1886781 finetune.py:68] layer 1_o @ epoch 1 new loss 5.117882437843946e-07 old loss 5.640462177325389e-07 BETTER
I0312 07:39:11.924348 1886914 finetune.py:68] layer 2_k @ epoch 4 new loss 2.1048452936156536e-07 old loss 2.1486276580162667e-07 BETTER
I0312 07:39:21.580615 1886914 finetune.py:45] layer 2_o initial loss 4.4626088424593036e-07
I0312 07:39:21.589018 1886633 finetune.py:68] layer 0_o @ epoch 3 new loss 2.7271520153249185e-08 old loss 2.9213808261374652e-08 BETTER
I0312 07:39:24.176382 1887047 finetune.py:68] layer 3_k @ epoch 2 new loss 4.11016685575305e-07 old loss 4.212187150187674e-07 BETTER
I0312 07:39:32.853624 1886781 finetune.py:68] layer 1_o @ epoch 2 new loss 4.88519731334236e-07 old loss 5.117882437843946e-07 BETTER
I0312 07:39:52.989181 1886914 finetune.py:68] layer 2_o @ epoch 0 new loss 4.4062400661459833e-07 old loss 4.4626088424593036e-07 BETTER
I0312 07:39:55.036942 1886633 finetune.py:68] layer 0_o @ epoch 4 new loss 2.5764718358800565e-08 old loss 2.7271520153249185e-08 BETTER
I0312 07:39:55.967921 1887047 finetune.py:68] layer 3_k @ epoch 3 new loss 4.028619287055335e-07 old loss 4.11016685575305e-07 BETTER
I0312 07:40:04.519315 1886781 finetune.py:68] layer 1_o @ epoch 3 new loss 4.6276105081233254e-07 old loss 4.88519731334236e-07 BETTER
I0312 07:40:10.513954 1886633 finetune.py:45] layer 0_up initial loss 3.088402422690706e-08
I0312 07:40:24.873569 1886914 finetune.py:68] layer 2_o @ epoch 1 new loss 4.360175580586656e-07 old loss 4.4062400661459833e-07 BETTER
I0312 07:40:27.797048 1887047 finetune.py:68] layer 3_k @ epoch 4 new loss 3.9598606349500187e-07 old loss 4.028619287055335e-07 BETTER
I0312 07:40:36.183575 1886781 finetune.py:68] layer 1_o @ epoch 4 new loss 4.4535741494655667e-07 old loss 4.6276105081233254e-07 BETTER
I0312 07:40:36.754670 1887047 finetune.py:45] layer 3_o initial loss 8.591148912273638e-07
I0312 07:40:41.163298 1886633 finetune.py:68] layer 0_up @ epoch 0 new loss 2.95300495167794e-08 old loss 3.088402422690706e-08 BETTER
I0312 07:40:51.394405 1886781 finetune.py:45] layer 1_up initial loss 8.885125453161891e-07
I0312 07:40:56.533434 1886914 finetune.py:68] layer 2_o @ epoch 2 new loss 4.3212452283114544e-07 old loss 4.360175580586656e-07 BETTER
I0312 07:41:07.043598 1887047 finetune.py:68] layer 3_o @ epoch 0 new loss 8.303803724629688e-07 old loss 8.591148912273638e-07 BETTER
I0312 07:41:12.651726 1886633 finetune.py:68] layer 0_up @ epoch 1 new loss 2.851197677955497e-08 old loss 2.95300495167794e-08 BETTER
I0312 07:41:20.227339 1886781 finetune.py:68] layer 1_up @ epoch 0 new loss 5.104265596855839e-07 old loss 8.885125453161891e-07 BETTER
I0312 07:41:28.241847 1886914 finetune.py:68] layer 2_o @ epoch 3 new loss 4.287496722099604e-07 old loss 4.3212452283114544e-07 BETTER
I0312 07:41:38.013169 1887047 finetune.py:68] layer 3_o @ epoch 1 new loss 8.129463253681024e-07 old loss 8.303803724629688e-07 BETTER
I0312 07:41:44.217334 1886633 finetune.py:68] layer 0_up @ epoch 2 new loss 2.7681117842348613e-08 old loss 2.851197677955497e-08 BETTER
I0312 07:41:49.978836 1886781 finetune.py:68] layer 1_up @ epoch 1 new loss 4.883255542154075e-07 old loss 5.104265596855839e-07 BETTER
I0312 07:41:59.892847 1886914 finetune.py:68] layer 2_o @ epoch 4 new loss 4.257062471424433e-07 old loss 4.287496722099604e-07 BETTER
I0312 07:42:08.947402 1887047 finetune.py:68] layer 3_o @ epoch 2 new loss 8.007438623280905e-07 old loss 8.129463253681024e-07 BETTER
I0312 07:42:15.025092 1886914 finetune.py:45] layer 2_up initial loss 6.015742428644444e-07
I0312 07:42:15.763118 1886633 finetune.py:68] layer 0_up @ epoch 3 new loss 2.7013637549089253e-08 old loss 2.7681117842348613e-08 BETTER
I0312 07:42:19.574865 1886781 finetune.py:68] layer 1_up @ epoch 2 new loss 4.799979933522991e-07 old loss 4.883255542154075e-07 BETTER
I0312 07:42:39.877054 1887047 finetune.py:68] layer 3_o @ epoch 3 new loss 7.909865757937951e-07 old loss 8.007438623280905e-07 BETTER
I0312 07:42:44.017278 1886914 finetune.py:68] layer 2_up @ epoch 0 new loss 5.984832114336314e-07 old loss 6.015742428644444e-07 BETTER
I0312 07:42:47.339360 1886633 finetune.py:68] layer 0_up @ epoch 4 new loss 2.646200591982506e-08 old loss 2.7013637549089253e-08 BETTER
I0312 07:42:49.393981 1886781 finetune.py:76] layer 1_up @ epoch 3 new loss 4.807684490515385e-07 old loss 4.799979933522991e-07 WORSE
I0312 07:43:02.635217 1886633 finetune.py:45] layer 0_gate initial loss 3.136659287861221e-08
I0312 07:43:10.882036 1887047 finetune.py:68] layer 3_o @ epoch 4 new loss 7.82858194270375e-07 old loss 7.909865757937951e-07 BETTER
I0312 07:43:13.889563 1886914 finetune.py:68] layer 2_up @ epoch 1 new loss 5.957044209026208e-07 old loss 5.984832114336314e-07 BETTER
I0312 07:43:18.493562 1886781 finetune.py:68] layer 1_up @ epoch 4 new loss 4.785492819792125e-07 old loss 4.799979933522991e-07 BETTER
I0312 07:43:25.795846 1887047 finetune.py:45] layer 3_up initial loss 1.179343826152035e-06
I0312 07:43:31.671798 1886633 finetune.py:68] layer 0_gate @ epoch 0 new loss 3.0799863992569954e-08 old loss 3.136659287861221e-08 BETTER
I0312 07:43:33.523201 1886781 finetune.py:45] layer 1_gate initial loss 6.370780738507165e-07
I0312 07:43:43.701455 1886914 finetune.py:68] layer 2_up @ epoch 2 new loss 5.931893838351243e-07 old loss 5.957044209026208e-07 BETTER
I0312 07:43:54.412561 1887047 finetune.py:68] layer 3_up @ epoch 0 new loss 1.1698946309479652e-06 old loss 1.179343826152035e-06 BETTER
I0312 07:44:01.157619 1886781 finetune.py:68] layer 1_gate @ epoch 0 new loss 5.318544253896107e-07 old loss 6.370780738507165e-07 BETTER
I0312 07:44:01.483119 1886633 finetune.py:68] layer 0_gate @ epoch 1 new loss 3.036007001355756e-08 old loss 3.0799863992569954e-08 BETTER
I0312 07:44:13.592975 1886914 finetune.py:68] layer 2_up @ epoch 3 new loss 5.907757554268755e-07 old loss 5.931893838351243e-07 BETTER
I0312 07:44:23.923792 1887047 finetune.py:68] layer 3_up @ epoch 1 new loss 1.1620417126323446e-06 old loss 1.1698946309479652e-06 BETTER
I0312 07:44:29.350111 1886781 finetune.py:68] layer 1_gate @ epoch 1 new loss 5.088890588922368e-07 old loss 5.318544253896107e-07 BETTER
I0312 07:44:31.415033 1886633 finetune.py:68] layer 0_gate @ epoch 2 new loss 2.9995309347441435e-08 old loss 3.036007001355756e-08 BETTER
I0312 07:44:43.503459 1886914 finetune.py:68] layer 2_up @ epoch 4 new loss 5.885283940187946e-07 old loss 5.907757554268755e-07 BETTER
I0312 07:44:53.439061 1887047 finetune.py:68] layer 3_up @ epoch 2 new loss 1.155146833298204e-06 old loss 1.1620417126323446e-06 BETTER
I0312 07:44:57.774666 1886781 finetune.py:68] layer 1_gate @ epoch 2 new loss 5.083356882096268e-07 old loss 5.088890588922368e-07 BETTER
I0312 07:44:58.767176 1886914 finetune.py:45] layer 2_gate initial loss 7.310874252652866e-07
I0312 07:45:01.665560 1886633 finetune.py:68] layer 0_gate @ epoch 3 new loss 2.96730497950648e-08 old loss 2.9995309347441435e-08 BETTER
I0312 07:45:23.133527 1887047 finetune.py:68] layer 3_up @ epoch 3 new loss 1.1488535847092862e-06 old loss 1.155146833298204e-06 BETTER
I0312 07:45:25.911244 1886781 finetune.py:68] layer 1_gate @ epoch 3 new loss 5.047555760029354e-07 old loss 5.083356882096268e-07 BETTER
I0312 07:45:26.349162 1886914 finetune.py:68] layer 2_gate @ epoch 0 new loss 7.287069934136525e-07 old loss 7.310874252652866e-07 BETTER
I0312 07:45:31.957986 1886633 finetune.py:68] layer 0_gate @ epoch 4 new loss 2.939809817803507e-08 old loss 2.96730497950648e-08 BETTER
I0312 07:45:47.669627 1886633 finetune.py:45] layer 0_down initial loss 6.291893583920682e-08
I0312 07:45:52.932223 1887047 finetune.py:68] layer 3_up @ epoch 4 new loss 1.1431066013756208e-06 old loss 1.1488535847092862e-06 BETTER
I0312 07:45:54.326726 1886781 finetune.py:68] layer 1_gate @ epoch 4 new loss 5.011406756239012e-07 old loss 5.047555760029354e-07 BETTER
I0312 07:45:54.621590 1886914 finetune.py:68] layer 2_gate @ epoch 1 new loss 7.267631190188695e-07 old loss 7.287069934136525e-07 BETTER
I0312 07:46:07.846921 1887047 finetune.py:45] layer 3_gate initial loss 1.456667860111338e-06
I0312 07:46:09.917210 1886781 finetune.py:45] layer 1_down initial loss 0.000250248092925176
I0312 07:46:15.286663 1886633 finetune.py:68] layer 0_down @ epoch 0 new loss 6.282299125359714e-08 old loss 6.291893583920682e-08 BETTER
I0312 07:46:22.949306 1886914 finetune.py:68] layer 2_gate @ epoch 2 new loss 7.249189479807683e-07 old loss 7.267631190188695e-07 BETTER
I0312 07:46:35.083873 1887047 finetune.py:68] layer 3_gate @ epoch 0 new loss 1.4505534409181564e-06 old loss 1.456667860111338e-06 BETTER
I0312 07:46:35.911934 1886781 finetune.py:68] layer 1_down @ epoch 0 new loss 0.00019045986118726432 old loss 0.000250248092925176 BETTER
I0312 07:46:43.773979 1886633 finetune.py:68] layer 0_down @ epoch 1 new loss 6.278927600078532e-08 old loss 6.282299125359714e-08 BETTER
I0312 07:46:51.245066 1886914 finetune.py:68] layer 2_gate @ epoch 3 new loss 7.231894869619282e-07 old loss 7.249189479807683e-07 BETTER
I0312 07:47:02.704806 1886781 finetune.py:68] layer 1_down @ epoch 1 new loss 0.00017297726299148053 old loss 0.00019045986118726432 BETTER
I0312 07:47:03.416589 1887047 finetune.py:68] layer 3_gate @ epoch 1 new loss 1.4455299606197514e-06 old loss 1.4505534409181564e-06 BETTER
I0312 07:47:12.273872 1886633 finetune.py:68] layer 0_down @ epoch 2 new loss 6.27679952458493e-08 old loss 6.278927600078532e-08 BETTER
I0312 07:47:19.487502 1886914 finetune.py:68] layer 2_gate @ epoch 4 new loss 7.215086270662141e-07 old loss 7.231894869619282e-07 BETTER
I0312 07:47:29.435537 1886781 finetune.py:68] layer 1_down @ epoch 2 new loss 0.00017033246695064008 old loss 0.00017297726299148053 BETTER
I0312 07:47:31.627861 1887047 finetune.py:68] layer 3_gate @ epoch 2 new loss 1.4408901733986568e-06 old loss 1.4455299606197514e-06 BETTER
I0312 07:47:35.268092 1886914 finetune.py:45] layer 2_down initial loss 1.0620356079016346e-06
I0312 07:47:40.759296 1886633 finetune.py:68] layer 0_down @ epoch 3 new loss 6.274547814655307e-08 old loss 6.27679952458493e-08 BETTER
I0312 07:47:56.507827 1886781 finetune.py:68] layer 1_down @ epoch 3 new loss 0.000170062281540595 old loss 0.00017033246695064008 BETTER
I0312 07:47:59.895113 1887047 finetune.py:68] layer 3_gate @ epoch 3 new loss 1.436590650882863e-06 old loss 1.4408901733986568e-06 BETTER
I0312 07:48:01.500561 1886914 finetune.py:68] layer 2_down @ epoch 0 new loss 1.0615898418109282e-06 old loss 1.0620356079016346e-06 BETTER
I0312 07:48:09.393964 1886633 finetune.py:68] layer 0_down @ epoch 4 new loss 6.273159414149632e-08 old loss 6.274547814655307e-08 BETTER
0_v proxy err 0.001562951598316431 tr(WHW.T) 4.225186347961426
0_q proxy err 0.00010263844160363078 tr(WHW.T) 2710.2373046875
0_k proxy err 9.33235787670128e-05 tr(WHW.T) 1698.9102783203125
0_o proxy err 0.00013993863831274211 tr(WHW.T) 0.9690864086151123
0_up proxy err 0.00031692057382315397 tr(WHW.T) 43.270538330078125
0_gate proxy err 0.00023835798492655158 tr(WHW.T) 63.47172546386719
0_down proxy err 0.000217798791709356 tr(WHW.T) 0.6568756699562073
I0312 07:48:23.679236 1886781 finetune.py:68] layer 1_down @ epoch 4 new loss 0.00017000774096231908 old loss 0.000170062281540595 BETTER
1_v proxy err 0.002451320644468069 tr(WHW.T) 16.465883255004883
1_q proxy err 7.957599882502109e-05 tr(WHW.T) 4778.42041015625
1_k proxy err 0.00010098243365064263 tr(WHW.T) 4995.7216796875
1_o proxy err 0.0005479453247971833 tr(WHW.T) 1.1127949953079224
1_up proxy err 0.00037235987838357687 tr(WHW.T) 109.70446014404297
1_gate proxy err 0.000224110612180084 tr(WHW.T) 221.37985229492188
1_down proxy err 0.0005056320806033909 tr(WHW.T) 2041.3953857421875
I0312 07:48:28.319380 1887047 finetune.py:68] layer 3_gate @ epoch 4 new loss 1.432514181942679e-06 old loss 1.436590650882863e-06 BETTER
I0312 07:48:28.906804 1886914 finetune.py:68] layer 2_down @ epoch 1 new loss 1.0614567145239562e-06 old loss 1.0615898418109282e-06 BETTER
I0312 07:48:43.880004 1887047 finetune.py:45] layer 3_down initial loss 2.1270138859108556e-06
I0312 07:48:55.932416 1886914 finetune.py:68] layer 2_down @ epoch 2 new loss 1.0613504173306865e-06 old loss 1.0614567145239562e-06 BETTER
I0312 07:49:09.657287 1887047 finetune.py:68] layer 3_down @ epoch 0 new loss 2.12643135455437e-06 old loss 2.1270138859108556e-06 BETTER
I0312 07:49:22.978700 1886914 finetune.py:68] layer 2_down @ epoch 3 new loss 1.0612711776047945e-06 old loss 1.0613504173306865e-06 BETTER
I0312 07:49:35.889719 1887047 finetune.py:68] layer 3_down @ epoch 1 new loss 2.126194885931909e-06 old loss 2.12643135455437e-06 BETTER
I0312 07:49:42.709482 1886474 quantize_finetune_llama.py:210] computed original embedding for layer 4 in 73.09787201881409s
I0312 07:49:46.041306 1887433 config.py:54] PyTorch version 2.1.1 available.
I0312 07:49:47.141400 1886474 quantize_finetune_llama.py:183] layer 5 gpu 1
I0312 07:49:47.232074 1887433 data_utils.py:336] using 256 training seqs, 128 validation seqs
I0312 07:49:49.949107 1886914 finetune.py:68] layer 2_down @ epoch 4 new loss 1.0612221785777365e-06 old loss 1.0612711776047945e-06 BETTER
The attention layers in this model are transitioning from computing the RoPE embeddings internally through `position_ids` (2D tensor with the indexes of the tokens), to using externally computed `position_embeddings` (Tuple of tensors, containing cos and sin). In v4.46 `position_ids` will be removed and `position_embeddings` will be mandatory.
2_v proxy err 0.0007037645555101335 tr(WHW.T) 136.67332458496094
2_q proxy err 5.385595068219118e-05 tr(WHW.T) 7753.4990234375
2_k proxy err 4.931496368953958e-05 tr(WHW.T) 10205.76953125
2_o proxy err 0.0005116495885886252 tr(WHW.T) 1.460561990737915
2_up proxy err 0.00042975714313797653 tr(WHW.T) 193.43820190429688
2_gate proxy err 0.0003048313083127141 tr(WHW.T) 306.671630859375
2_down proxy err 0.00046336877858266234 tr(WHW.T) 3.011180877685547
I0312 07:49:55.765898 1887433 finetune.py:45] layer 4_v initial loss 1.2181573083580588e-06
I0312 07:50:02.142865 1887047 finetune.py:68] layer 3_down @ epoch 2 new loss 2.1260289031488355e-06 old loss 2.126194885931909e-06 BETTER
I0312 07:50:28.574374 1887047 finetune.py:68] layer 3_down @ epoch 3 new loss 2.1258986180328066e-06 old loss 2.1260289031488355e-06 BETTER
I0312 07:50:28.879456 1887433 finetune.py:68] layer 4_v @ epoch 0 new loss 5.963316311863309e-07 old loss 1.2181573083580588e-06 BETTER
I0312 07:50:54.946475 1887047 finetune.py:68] layer 3_down @ epoch 4 new loss 2.125766968674725e-06 old loss 2.1258986180328066e-06 BETTER
3_v proxy err 0.0007481459761038423 tr(WHW.T) 284.77557373046875
3_q proxy err 7.863191422075033e-05 tr(WHW.T) 7218.32861328125
3_k proxy err 6.756374932592735e-05 tr(WHW.T) 10075.5966796875
3_o proxy err 0.00047714117681607604 tr(WHW.T) 3.355159044265747
3_up proxy err 0.00047481252113357186 tr(WHW.T) 284.7733459472656
3_gate proxy err 0.00031237336224876344 tr(WHW.T) 478.1452941894531
3_down proxy err 0.0004702758160419762 tr(WHW.T) 6.132971286773682
I0312 07:51:03.235194 1887433 finetune.py:68] layer 4_v @ epoch 1 new loss 5.007834715797799e-07 old loss 5.963316311863309e-07 BETTER
I0312 07:51:04.219210 1886474 quantize_finetune_llama.py:210] computed original embedding for layer 5 in 69.4908516407013s
I0312 07:51:07.381842 1887564 config.py:54] PyTorch version 2.1.1 available.
I0312 07:51:08.350902 1886474 quantize_finetune_llama.py:183] layer 6 gpu 2
I0312 07:51:08.417179 1887564 data_utils.py:336] using 256 training seqs, 128 validation seqs
The attention layers in this model are transitioning from computing the RoPE embeddings internally through `position_ids` (2D tensor with the indexes of the tokens), to using externally computed `position_embeddings` (Tuple of tensors, containing cos and sin). In v4.46 `position_ids` will be removed and `position_embeddings` will be mandatory.
I0312 07:51:16.349431 1887564 finetune.py:45] layer 5_v initial loss 1.7726962369124522e-06
I0312 07:51:38.027679 1887433 finetune.py:68] layer 4_v @ epoch 2 new loss 4.5800283032804145e-07 old loss 5.007834715797799e-07 BETTER
I0312 07:51:47.493105 1887564 finetune.py:68] layer 5_v @ epoch 0 new loss 9.037004247147706e-07 old loss 1.7726962369124522e-06 BETTER
I0312 07:52:13.002766 1887433 finetune.py:68] layer 4_v @ epoch 3 new loss 4.291911750442523e-07 old loss 4.5800283032804145e-07 BETTER
I0312 07:52:16.882596 1886474 quantize_finetune_llama.py:210] computed original embedding for layer 6 in 68.15614438056946s
I0312 07:52:19.543003 1887564 finetune.py:68] layer 5_v @ epoch 1 new loss 7.800367143317999e-07 old loss 9.037004247147706e-07 BETTER
I0312 07:52:19.992522 1887710 config.py:54] PyTorch version 2.1.1 available.
I0312 07:52:21.013228 1886474 quantize_finetune_llama.py:183] layer 7 gpu 3
I0312 07:52:21.089341 1887710 data_utils.py:336] using 256 training seqs, 128 validation seqs
The attention layers in this model are transitioning from computing the RoPE embeddings internally through `position_ids` (2D tensor with the indexes of the tokens), to using externally computed `position_embeddings` (Tuple of tensors, containing cos and sin). In v4.46 `position_ids` will be removed and `position_embeddings` will be mandatory.
I0312 07:52:29.127995 1887710 finetune.py:45] layer 6_v initial loss 2.259617986055673e-06
I0312 07:52:47.934416 1887433 finetune.py:68] layer 4_v @ epoch 4 new loss 4.123313885884272e-07 old loss 4.291911750442523e-07 BETTER
I0312 07:52:51.850957 1887564 finetune.py:68] layer 5_v @ epoch 2 new loss 7.195939133453066e-07 old loss 7.800367143317999e-07 BETTER
I0312 07:52:57.186897 1887433 finetune.py:45] layer 4_q initial loss 6.432279064938484e-07
I0312 07:53:00.460258 1887710 finetune.py:68] layer 6_v @ epoch 0 new loss 1.1035052693841862e-06 old loss 2.259617986055673e-06 BETTER
I0312 07:53:24.145170 1887564 finetune.py:68] layer 5_v @ epoch 3 new loss 6.817231223976705e-07 old loss 7.195939133453066e-07 BETTER
I0312 07:53:29.595365 1886474 quantize_finetune_llama.py:210] computed original embedding for layer 7 in 68.17009449005127s
I0312 07:53:30.732401 1887433 finetune.py:68] layer 4_q @ epoch 0 new loss 4.913470093015349e-07 old loss 6.432279064938484e-07 BETTER
I0312 07:53:32.778681 1887710 finetune.py:68] layer 6_v @ epoch 1 new loss 9.64190121521824e-07 old loss 1.1035052693841862e-06 BETTER
I0312 07:53:32.892649 1887841 config.py:54] PyTorch version 2.1.1 available.
I0312 07:53:33.946189 1886474 quantize_finetune_llama.py:183] layer 8 gpu 0
I0312 07:53:34.012573 1887841 data_utils.py:336] using 256 training seqs, 128 validation seqs
The attention layers in this model are transitioning from computing the RoPE embeddings internally through `position_ids` (2D tensor with the indexes of the tokens), to using externally computed `position_embeddings` (Tuple of tensors, containing cos and sin). In v4.46 `position_ids` will be removed and `position_embeddings` will be mandatory.
I0312 07:53:41.761684 1887841 finetune.py:45] layer 7_v initial loss 2.945769438156276e-06
I0312 07:53:56.754997 1887564 finetune.py:68] layer 5_v @ epoch 4 new loss 6.571580115632969e-07 old loss 6.817231223976705e-07 BETTER
I0312 07:54:05.183799 1887433 finetune.py:68] layer 4_q @ epoch 1 new loss 4.627914620414231e-07 old loss 4.913470093015349e-07 BETTER
I0312 07:54:05.605813 1887710 finetune.py:68] layer 6_v @ epoch 2 new loss 8.953597330219054e-07 old loss 9.64190121521824e-07 BETTER
I0312 07:54:05.910435 1887564 finetune.py:45] layer 5_q initial loss 9.714957514006528e-07
I0312 07:54:12.564167 1887841 finetune.py:68] layer 7_v @ epoch 0 new loss 1.457034613849828e-06 old loss 2.945769438156276e-06 BETTER
I0312 07:54:37.435540 1887564 finetune.py:68] layer 5_q @ epoch 0 new loss 7.649740041415498e-07 old loss 9.714957514006528e-07 BETTER
I0312 07:54:38.558403 1887710 finetune.py:68] layer 6_v @ epoch 3 new loss 8.717188961782085e-07 old loss 8.953597330219054e-07 BETTER
I0312 07:54:39.745183 1887433 finetune.py:68] layer 4_q @ epoch 2 new loss 4.43337825117851e-07 old loss 4.627914620414231e-07 BETTER
I0312 07:54:44.427349 1887841 finetune.py:68] layer 7_v @ epoch 1 new loss 1.2872433217125945e-06 old loss 1.457034613849828e-06 BETTER
I0312 07:55:09.872843 1887564 finetune.py:68] layer 5_q @ epoch 1 new loss 7.272502102750877e-07 old loss 7.649740041415498e-07 BETTER
I0312 07:55:11.321415 1887710 finetune.py:68] layer 6_v @ epoch 4 new loss 8.40542440982972e-07 old loss 8.717188961782085e-07 BETTER
I0312 07:55:14.332463 1887433 finetune.py:68] layer 4_q @ epoch 3 new loss 4.28329002488681e-07 old loss 4.43337825117851e-07 BETTER
I0312 07:55:16.579089 1887841 finetune.py:68] layer 7_v @ epoch 2 new loss 1.2035098961860058e-06 old loss 1.2872433217125945e-06 BETTER
I0312 07:55:20.823193 1887710 finetune.py:45] layer 6_q initial loss 1.4712810525452369e-06
I0312 07:55:42.503748 1887564 finetune.py:68] layer 5_q @ epoch 2 new loss 7.029311746009625e-07 old loss 7.272502102750877e-07 BETTER
I0312 07:55:48.746155 1887433 finetune.py:68] layer 4_q @ epoch 4 new loss 4.162641005223122e-07 old loss 4.28329002488681e-07 BETTER
I0312 07:55:48.792402 1887841 finetune.py:68] layer 7_v @ epoch 3 new loss 1.1474189705040772e-06 old loss 1.2035098961860058e-06 BETTER
I0312 07:55:52.557057 1887710 finetune.py:68] layer 6_q @ epoch 0 new loss 1.0983187621604884e-06 old loss 1.4712810525452369e-06 BETTER
I0312 07:55:58.298946 1887433 finetune.py:45] layer 4_k initial loss 6.219651709216123e-07
I0312 07:56:14.833233 1887564 finetune.py:68] layer 5_q @ epoch 3 new loss 6.843478104201495e-07 old loss 7.029311746009625e-07 BETTER
I0312 07:56:21.024451 1887841 finetune.py:68] layer 7_v @ epoch 4 new loss 1.1238396382395877e-06 old loss 1.1474189705040772e-06 BETTER
I0312 07:56:24.797364 1887710 finetune.py:68] layer 6_q @ epoch 1 new loss 1.024702896756935e-06 old loss 1.0983187621604884e-06 BETTER
I0312 07:56:30.279170 1887841 finetune.py:45] layer 7_q initial loss 2.0383645278343465e-06
I0312 07:56:31.490064 1887433 finetune.py:68] layer 4_k @ epoch 0 new loss 5.743204383179545e-07 old loss 6.219651709216123e-07 BETTER
I0312 07:56:47.284388 1887564 finetune.py:68] layer 5_q @ epoch 4 new loss 6.688595135528885e-07 old loss 6.843478104201495e-07 BETTER
I0312 07:56:56.209081 1887564 finetune.py:45] layer 5_k initial loss 9.401731517755252e-07
I0312 07:56:57.379511 1887710 finetune.py:68] layer 6_q @ epoch 2 new loss 9.863982768365531e-07 old loss 1.024702896756935e-06 BETTER
I0312 07:57:01.654962 1887841 finetune.py:68] layer 7_q @ epoch 0 new loss 1.4598608686355874e-06 old loss 2.0383645278343465e-06 BETTER
I0312 07:57:05.479187 1887433 finetune.py:68] layer 4_k @ epoch 1 new loss 5.582252811109356e-07 old loss 5.743204383179545e-07 BETTER
I0312 07:57:27.614852 1887564 finetune.py:68] layer 5_k @ epoch 0 new loss 8.548527716811805e-07 old loss 9.401731517755252e-07 BETTER
I0312 07:57:29.740228 1887710 finetune.py:68] layer 6_q @ epoch 3 new loss 9.568624363964773e-07 old loss 9.863982768365531e-07 BETTER
I0312 07:57:34.277394 1887841 finetune.py:68] layer 7_q @ epoch 1 new loss 1.3735505035583628e-06 old loss 1.4598608686355874e-06 BETTER
I0312 07:57:39.631330 1887433 finetune.py:68] layer 4_k @ epoch 2 new loss 5.460065608531295e-07 old loss 5.582252811109356e-07 BETTER
I0312 07:57:59.919663 1887564 finetune.py:68] layer 5_k @ epoch 1 new loss 8.321429731950047e-07 old loss 8.548527716811805e-07 BETTER
I0312 07:58:02.498680 1887710 finetune.py:68] layer 6_q @ epoch 4 new loss 9.343311830889434e-07 old loss 9.568624363964773e-07 BETTER
I0312 07:58:06.395371 1887841 finetune.py:68] layer 7_q @ epoch 2 new loss 1.3241027545518591e-06 old loss 1.3735505035583628e-06 BETTER
I0312 07:58:11.834763 1887710 finetune.py:45] layer 6_k initial loss 1.4807649222348118e-06
I0312 07:58:13.808984 1887433 finetune.py:68] layer 4_k @ epoch 3 new loss 5.360616341931745e-07 old loss 5.460065608531295e-07 BETTER
I0312 07:58:31.991927 1887564 finetune.py:68] layer 5_k @ epoch 2 new loss 8.161579216903192e-07 old loss 8.321429731950047e-07 BETTER
I0312 07:58:38.425371 1887841 finetune.py:68] layer 7_q @ epoch 3 new loss 1.2898345858047833e-06 old loss 1.3241027545518591e-06 BETTER
I0312 07:58:43.282575 1887710 finetune.py:68] layer 6_k @ epoch 0 new loss 1.3112734222886502e-06 old loss 1.4807649222348118e-06 BETTER
I0312 07:58:47.644160 1887433 finetune.py:68] layer 4_k @ epoch 4 new loss 5.274718546388613e-07 old loss 5.360616341931745e-07 BETTER
I0312 07:58:56.922903 1887433 finetune.py:45] layer 4_o initial loss 1.2324034059929545e-06
I0312 07:59:03.962403 1887564 finetune.py:68] layer 5_k @ epoch 3 new loss 8.032502591959201e-07 old loss 8.161579216903192e-07 BETTER
I0312 07:59:10.535258 1887841 finetune.py:68] layer 7_q @ epoch 4 new loss 1.2620164397958433e-06 old loss 1.2898345858047833e-06 BETTER
I0312 07:59:15.396383 1887710 finetune.py:68] layer 6_k @ epoch 1 new loss 1.2792138477379922e-06 old loss 1.3112734222886502e-06 BETTER
I0312 07:59:19.690985 1887841 finetune.py:45] layer 7_k initial loss 2.091928081426886e-06
I0312 07:59:29.652201 1887433 finetune.py:68] layer 4_o @ epoch 0 new loss 1.1827551134047098e-06 old loss 1.2324034059929545e-06 BETTER
I0312 07:59:36.391668 1887564 finetune.py:68] layer 5_k @ epoch 4 new loss 7.929248226901109e-07 old loss 8.032502591959201e-07 BETTER
I0312 07:59:45.607382 1887564 finetune.py:45] layer 5_o initial loss 2.063775809801882e-06
I0312 07:59:47.625160 1887710 finetune.py:68] layer 6_k @ epoch 2 new loss 1.2580677548612584e-06 old loss 1.2792138477379922e-06 BETTER
I0312 07:59:50.659054 1887841 finetune.py:68] layer 7_k @ epoch 0 new loss 1.8483528947399464e-06 old loss 2.091928081426886e-06 BETTER
I0312 08:00:03.476063 1887433 finetune.py:68] layer 4_o @ epoch 1 new loss 1.1606567795752198e-06 old loss 1.1827551134047098e-06 BETTER
I0312 08:00:16.378147 1887564 finetune.py:68] layer 5_o @ epoch 0 new loss 1.9414831058384152e-06 old loss 2.063775809801882e-06 BETTER
I0312 08:00:19.893602 1887710 finetune.py:68] layer 6_k @ epoch 3 new loss 1.2434099971869728e-06 old loss 1.2580677548612584e-06 BETTER
I0312 08:00:22.438236 1887841 finetune.py:68] layer 7_k @ epoch 1 new loss 1.7928567785929772e-06 old loss 1.8483528947399464e-06 BETTER
I0312 08:00:36.773948 1887433 finetune.py:68] layer 4_o @ epoch 2 new loss 1.1443114544817945e-06 old loss 1.1606567795752198e-06 BETTER
I0312 08:00:47.967798 1887564 finetune.py:68] layer 5_o @ epoch 1 new loss 1.8805975514624151e-06 old loss 1.9414831058384152e-06 BETTER
I0312 08:00:52.126271 1887710 finetune.py:68] layer 6_k @ epoch 4 new loss 1.2295164424358518e-06 old loss 1.2434099971869728e-06 BETTER
I0312 08:00:54.123293 1887841 finetune.py:68] layer 7_k @ epoch 2 new loss 1.7555049680595403e-06 old loss 1.7928567785929772e-06 BETTER
I0312 08:01:01.481167 1887710 finetune.py:45] layer 6_o initial loss 2.916882976933266e-06
I0312 08:01:10.326067 1887433 finetune.py:68] layer 4_o @ epoch 3 new loss 1.13100986709469e-06 old loss 1.1443114544817945e-06 BETTER
I0312 08:01:19.440954 1887564 finetune.py:68] layer 5_o @ epoch 2 new loss 1.8362422906648135e-06 old loss 1.8805975514624151e-06 BETTER
I0312 08:01:25.933681 1887841 finetune.py:68] layer 7_k @ epoch 3 new loss 1.7280168549405062e-06 old loss 1.7555049680595403e-06 BETTER
I0312 08:01:32.250265 1887710 finetune.py:68] layer 6_o @ epoch 0 new loss 2.7256000976194628e-06 old loss 2.916882976933266e-06 BETTER
I0312 08:01:43.974263 1887433 finetune.py:68] layer 4_o @ epoch 4 new loss 1.1194105127287912e-06 old loss 1.13100986709469e-06 BETTER
I0312 08:01:50.970262 1887564 finetune.py:68] layer 5_o @ epoch 3 new loss 1.8009578752753441e-06 old loss 1.8362422906648135e-06 BETTER
I0312 08:01:57.624365 1887841 finetune.py:68] layer 7_k @ epoch 4 new loss 1.7047378833012772e-06 old loss 1.7280168549405062e-06 BETTER
I0312 08:01:59.724519 1887433 finetune.py:45] layer 4_up initial loss 1.8708290099311853e-06
I0312 08:02:03.765088 1887710 finetune.py:68] layer 6_o @ epoch 1 new loss 2.6467744191904785e-06 old loss 2.7256000976194628e-06 BETTER
I0312 08:02:07.118094 1887841 finetune.py:45] layer 7_o initial loss 4.069319402333349e-06
I0312 08:02:22.481011 1887564 finetune.py:68] layer 5_o @ epoch 4 new loss 1.7717964055918856e-06 old loss 1.8009578752753441e-06 BETTER
I0312 08:02:30.450694 1887433 finetune.py:68] layer 4_up @ epoch 0 new loss 1.8454015844326932e-06 old loss 1.8708290099311853e-06 BETTER
I0312 08:02:35.692618 1887710 finetune.py:68] layer 6_o @ epoch 2 new loss 2.5922820441337535e-06 old loss 2.6467744191904785e-06 BETTER
I0312 08:02:37.391690 1887841 finetune.py:68] layer 7_o @ epoch 0 new loss 3.730886419361923e-06 old loss 4.069319402333349e-06 BETTER
I0312 08:02:37.532459 1887564 finetune.py:45] layer 5_up initial loss 2.9819461815350223e-06
I0312 08:03:02.134046 1887433 finetune.py:68] layer 4_up @ epoch 1 new loss 1.8289787249159417e-06 old loss 1.8454015844326932e-06 BETTER
I0312 08:03:06.760949 1887564 finetune.py:68] layer 5_up @ epoch 0 new loss 2.9269015158206457e-06 old loss 2.9819461815350223e-06 BETTER
I0312 08:03:08.216344 1887710 finetune.py:68] layer 6_o @ epoch 3 new loss 2.5501788059045793e-06 old loss 2.5922820441337535e-06 BETTER
I0312 08:03:09.122616 1887841 finetune.py:68] layer 7_o @ epoch 1 new loss 3.5993766687170137e-06 old loss 3.730886419361923e-06 BETTER
I0312 08:03:34.080279 1887433 finetune.py:68] layer 4_up @ epoch 2 new loss 1.8151405356547912e-06 old loss 1.8289787249159417e-06 BETTER
I0312 08:03:37.170182 1887564 finetune.py:68] layer 5_up @ epoch 1 new loss 2.8905899398523616e-06 old loss 2.9269015158206457e-06 BETTER
I0312 08:03:40.372087 1887841 finetune.py:68] layer 7_o @ epoch 2 new loss 3.5128141462337226e-06 old loss 3.5993766687170137e-06 BETTER
I0312 08:03:40.533825 1887710 finetune.py:68] layer 6_o @ epoch 4 new loss 2.5160156837955583e-06 old loss 2.5501788059045793e-06 BETTER
I0312 08:03:55.585478 1887710 finetune.py:45] layer 6_up initial loss 4.371969680505572e-06
I0312 08:04:05.970216 1887433 finetune.py:68] layer 4_up @ epoch 3 new loss 1.8027416217591963e-06 old loss 1.8151405356547912e-06 BETTER
I0312 08:04:07.026416 1887564 finetune.py:68] layer 5_up @ epoch 2 new loss 2.859939513655263e-06 old loss 2.8905899398523616e-06 BETTER
I0312 08:04:11.403753 1887841 finetune.py:68] layer 7_o @ epoch 3 new loss 3.4478050565667218e-06 old loss 3.5128141462337226e-06 BETTER
I0312 08:04:24.639101 1887710 finetune.py:68] layer 6_up @ epoch 0 new loss 4.265692041371949e-06 old loss 4.371969680505572e-06 BETTER
I0312 08:04:36.954145 1887564 finetune.py:68] layer 5_up @ epoch 3 new loss 2.832965037669055e-06 old loss 2.859939513655263e-06 BETTER
I0312 08:04:37.753938 1887433 finetune.py:68] layer 4_up @ epoch 4 new loss 1.791354407032486e-06 old loss 1.8027416217591963e-06 BETTER
I0312 08:04:42.393492 1887841 finetune.py:68] layer 7_o @ epoch 4 new loss 3.3954897844523657e-06 old loss 3.4478050565667218e-06 BETTER
I0312 08:04:53.062438 1887433 finetune.py:45] layer 4_gate initial loss 2.348069301660871e-06
I0312 08:04:54.570661 1887710 finetune.py:68] layer 6_up @ epoch 1 new loss 4.205396635370562e-06 old loss 4.265692041371949e-06 BETTER
I0312 08:04:57.644008 1887841 finetune.py:45] layer 7_up initial loss 5.940595656284131e-06
I0312 08:05:07.137514 1887564 finetune.py:68] layer 5_up @ epoch 4 new loss 2.8091671993024647e-06 old loss 2.832965037669055e-06 BETTER
I0312 08:05:22.140551 1887433 finetune.py:68] layer 4_gate @ epoch 0 new loss 2.331445784875541e-06 old loss 2.348069301660871e-06 BETTER
I0312 08:05:22.717254 1887564 finetune.py:45] layer 5_gate initial loss 3.6671892758022295e-06
I0312 08:05:24.720825 1887710 finetune.py:68] layer 6_up @ epoch 2 new loss 4.157064722676296e-06 old loss 4.205396635370562e-06 BETTER
I0312 08:05:26.477578 1887841 finetune.py:68] layer 7_up @ epoch 0 new loss 5.7498768910591025e-06 old loss 5.940595656284131e-06 BETTER
I0312 08:05:50.427467 1887564 finetune.py:68] layer 5_gate @ epoch 0 new loss 3.632332891356782e-06 old loss 3.6671892758022295e-06 BETTER
I0312 08:05:52.267637 1887433 finetune.py:68] layer 4_gate @ epoch 1 new loss 2.3199268071039114e-06 old loss 2.331445784875541e-06 BETTER
I0312 08:05:54.852052 1887710 finetune.py:68] layer 6_up @ epoch 3 new loss 4.115805040783016e-06 old loss 4.157064722676296e-06 BETTER
I0312 08:05:56.229066 1887841 finetune.py:68] layer 7_up @ epoch 1 new loss 5.652459094562801e-06 old loss 5.7498768910591025e-06 BETTER
I0312 08:06:18.884774 1887564 finetune.py:68] layer 5_gate @ epoch 1 new loss 3.6083122267882572e-06 old loss 3.632332891356782e-06 BETTER
I0312 08:06:22.391665 1887433 finetune.py:68] layer 4_gate @ epoch 2 new loss 2.3095694814401213e-06 old loss 2.3199268071039114e-06 BETTER
I0312 08:06:25.114382 1887710 finetune.py:68] layer 6_up @ epoch 4 new loss 4.080095095559955e-06 old loss 4.115805040783016e-06 BETTER
I0312 08:06:25.957689 1887841 finetune.py:68] layer 7_up @ epoch 2 new loss 5.576367584581021e-06 old loss 5.652459094562801e-06 BETTER
I0312 08:06:40.574594 1887710 finetune.py:45] layer 6_gate initial loss 5.323416189639829e-06
I0312 08:06:47.338288 1887564 finetune.py:68] layer 5_gate @ epoch 2 new loss 3.587301080187899e-06 old loss 3.6083122267882572e-06 BETTER
