I0312 10:30:48.222284 1891709 config.py:54] PyTorch version 2.1.1 available.
Loading checkpoint shards:   0%|          | 0/6 [00:00<?, ?it/s]Loading checkpoint shards:  17%|█▋        | 1/6 [00:00<00:00,  7.58it/s]Loading checkpoint shards:  33%|███▎      | 2/6 [00:00<00:00,  8.73it/s]Loading checkpoint shards:  50%|█████     | 3/6 [00:00<00:00,  8.28it/s]Loading checkpoint shards:  67%|██████▋   | 4/6 [00:00<00:00,  8.59it/s]Loading checkpoint shards: 100%|██████████| 6/6 [00:00<00:00,  9.49it/s]Loading checkpoint shards: 100%|██████████| 6/6 [00:00<00:00,  9.04it/s]
I0312 10:30:50.286258 1891709 quantize_finetune_llama.py:134] loaded model
calculating model weight mean & std:   0%|          | 0/32 [00:00<?, ?it/s]calculating model weight mean & std:   3%|▎         | 1/32 [00:00<00:23,  1.33it/s]calculating model weight mean & std:   6%|▋         | 2/32 [00:01<00:21,  1.36it/s]calculating model weight mean & std:   9%|▉         | 3/32 [00:02<00:20,  1.38it/s]calculating model weight mean & std:  12%|█▎        | 4/32 [00:02<00:20,  1.38it/s]calculating model weight mean & std:  16%|█▌        | 5/32 [00:03<00:19,  1.39it/s]calculating model weight mean & std:  19%|█▉        | 6/32 [00:04<00:19,  1.32it/s]calculating model weight mean & std:  22%|██▏       | 7/32 [00:05<00:19,  1.25it/s]calculating model weight mean & std:  25%|██▌       | 8/32 [00:06<00:19,  1.21it/s]calculating model weight mean & std:  28%|██▊       | 9/32 [00:07<00:19,  1.19it/s]calculating model weight mean & std:  31%|███▏      | 10/32 [00:07<00:18,  1.17it/s]calculating model weight mean & std:  34%|███▍      | 11/32 [00:08<00:17,  1.18it/s]calculating model weight mean & std:  38%|███▊      | 12/32 [00:09<00:16,  1.24it/s]calculating model weight mean & std:  41%|████      | 13/32 [00:10<00:14,  1.28it/s]calculating model weight mean & std:  44%|████▍     | 14/32 [00:10<00:13,  1.31it/s]calculating model weight mean & std:  47%|████▋     | 15/32 [00:11<00:12,  1.33it/s]calculating model weight mean & std:  50%|█████     | 16/32 [00:12<00:11,  1.35it/s]calculating model weight mean & std:  53%|█████▎    | 17/32 [00:13<00:10,  1.37it/s]calculating model weight mean & std:  56%|█████▋    | 18/32 [00:13<00:10,  1.37it/s]calculating model weight mean & std:  59%|█████▉    | 19/32 [00:14<00:09,  1.37it/s]calculating model weight mean & std:  62%|██████▎   | 20/32 [00:15<00:08,  1.38it/s]calculating model weight mean & std:  66%|██████▌   | 21/32 [00:15<00:07,  1.41it/s]calculating model weight mean & std:  69%|██████▉   | 22/32 [00:16<00:07,  1.41it/s]calculating model weight mean & std:  72%|███████▏  | 23/32 [00:17<00:06,  1.41it/s]calculating model weight mean & std:  75%|███████▌  | 24/32 [00:18<00:05,  1.43it/s]calculating model weight mean & std:  78%|███████▊  | 25/32 [00:18<00:04,  1.46it/s]calculating model weight mean & std:  81%|████████▏ | 26/32 [00:19<00:04,  1.47it/s]calculating model weight mean & std:  84%|████████▍ | 27/32 [00:20<00:03,  1.49it/s]calculating model weight mean & std:  88%|████████▊ | 28/32 [00:20<00:02,  1.50it/s]calculating model weight mean & std:  91%|█████████ | 29/32 [00:21<00:01,  1.51it/s]calculating model weight mean & std:  94%|█████████▍| 30/32 [00:21<00:01,  1.52it/s]calculating model weight mean & std:  97%|█████████▋| 31/32 [00:22<00:00,  1.53it/s]calculating model weight mean & std: 100%|██████████| 32/32 [00:23<00:00,  1.53it/s]calculating model weight mean & std: 100%|██████████| 32/32 [00:23<00:00,  1.38it/s]
I0312 10:31:22.764284 1891709 quantize_finetune_llama.py:159] loaded compression model
I0312 10:31:37.019943 1891709 quantize_finetune_llama.py:163] loaded dataset and devset
I0312 10:31:42.709254 1891709 quantize_finetune_llama.py:183] layer 0 gpu 0
The attention layers in this model are transitioning from computing the RoPE embeddings internally through `position_ids` (2D tensor with the indexes of the tokens), to using externally computed `position_embeddings` (Tuple of tensors, containing cos and sin). In v4.46 `position_ids` will be removed and `position_embeddings` will be mandatory.
I0312 10:32:51.487260 1891709 quantize_finetune_llama.py:210] computed original embedding for layer 0 in 68.66370725631714s
huggingface/tokenizers: The current process just got forked, after parallelism has already been used. Disabling parallelism to avoid deadlocks...
To disable this warning, you can either:
	- Avoid using `tokenizers` before the fork if possible
	- Explicitly set the environment variable TOKENIZERS_PARALLELISM=(true | false)
I0312 10:33:09.233169 1891823 config.py:54] PyTorch version 2.1.1 available.
I0312 10:33:10.163856 1891709 quantize_finetune_llama.py:183] layer 1 gpu 1
I0312 10:33:10.228324 1891823 data_utils.py:336] using 256 training seqs, 128 validation seqs
The attention layers in this model are transitioning from computing the RoPE embeddings internally through `position_ids` (2D tensor with the indexes of the tokens), to using externally computed `position_embeddings` (Tuple of tensors, containing cos and sin). In v4.46 `position_ids` will be removed and `position_embeddings` will be mandatory.
I0312 10:33:18.004215 1891823 finetune.py:45] layer 0_v initial loss 2.8238139293534914e-07
I0312 10:33:49.727653 1891823 finetune.py:68] layer 0_v @ epoch 0 new loss 7.796153767003489e-08 old loss 2.8238139293534914e-07 BETTER
I0312 10:34:16.542608 1891709 quantize_finetune_llama.py:210] computed original embedding for layer 1 in 66.23954510688782s
I0312 10:34:23.819752 1891823 finetune.py:68] layer 0_v @ epoch 1 new loss 3.275666671243016e-08 old loss 7.796153767003489e-08 BETTER
I0312 10:34:24.502143 1891941 config.py:54] PyTorch version 2.1.1 available.
I0312 10:34:25.492403 1891709 quantize_finetune_llama.py:183] layer 2 gpu 2
I0312 10:34:25.557596 1891941 data_utils.py:336] using 256 training seqs, 128 validation seqs
The attention layers in this model are transitioning from computing the RoPE embeddings internally through `position_ids` (2D tensor with the indexes of the tokens), to using externally computed `position_embeddings` (Tuple of tensors, containing cos and sin). In v4.46 `position_ids` will be removed and `position_embeddings` will be mandatory.
I0312 10:34:33.263185 1891941 finetune.py:45] layer 1_v initial loss 3.638467205746565e-06
I0312 10:34:57.272572 1891823 finetune.py:68] layer 0_v @ epoch 2 new loss 1.8824255931804146e-08 old loss 3.275666671243016e-08 BETTER
I0312 10:35:04.161616 1891941 finetune.py:68] layer 1_v @ epoch 0 new loss 2.29220154324139e-06 old loss 3.638467205746565e-06 BETTER
I0312 10:35:31.241369 1891823 finetune.py:68] layer 0_v @ epoch 3 new loss 1.38243461123011e-08 old loss 1.8824255931804146e-08 BETTER
I0312 10:35:34.372527 1891709 quantize_finetune_llama.py:210] computed original embedding for layer 2 in 68.7452073097229s
I0312 10:35:37.249035 1891941 finetune.py:76] layer 1_v @ epoch 1 new loss 2.438558567519067e-06 old loss 2.29220154324139e-06 WORSE
I0312 10:35:42.250352 1892059 config.py:54] PyTorch version 2.1.1 available.
I0312 10:35:43.285344 1891709 quantize_finetune_llama.py:183] layer 3 gpu 3
I0312 10:35:43.356571 1892059 data_utils.py:336] using 256 training seqs, 128 validation seqs
The attention layers in this model are transitioning from computing the RoPE embeddings internally through `position_ids` (2D tensor with the indexes of the tokens), to using externally computed `position_embeddings` (Tuple of tensors, containing cos and sin). In v4.46 `position_ids` will be removed and `position_embeddings` will be mandatory.
I0312 10:35:51.307296 1892059 finetune.py:45] layer 2_v initial loss 4.3588551079665194e-07
I0312 10:36:05.554837 1891823 finetune.py:68] layer 0_v @ epoch 4 new loss 1.163048946040135e-08 old loss 1.38243461123011e-08 BETTER
I0312 10:36:09.185029 1891941 finetune.py:76] layer 1_v @ epoch 2 new loss 3.98067004425684e-06 old loss 2.29220154324139e-06 WORSE
I0312 10:36:14.669606 1891823 finetune.py:45] layer 0_q initial loss 2.8979185273669827e-08
I0312 10:36:22.472867 1892059 finetune.py:68] layer 2_v @ epoch 0 new loss 3.1720901461085305e-07 old loss 4.3588551079665194e-07 BETTER
I0312 10:36:41.029620 1891941 finetune.py:68] layer 1_v @ epoch 3 new loss 7.663263659196673e-07 old loss 2.29220154324139e-06 BETTER
I0312 10:36:47.540395 1891823 finetune.py:68] layer 0_q @ epoch 0 new loss 1.1723806814245563e-08 old loss 2.8979185273669827e-08 BETTER
I0312 10:36:54.576406 1892059 finetune.py:68] layer 2_v @ epoch 1 new loss 2.5727658226060157e-07 old loss 3.1720901461085305e-07 BETTER
I0312 10:36:56.529449 1891709 quantize_finetune_llama.py:210] computed original embedding for layer 3 in 73.10264492034912s
I0312 10:37:07.662469 1892177 config.py:54] PyTorch version 2.1.1 available.
I0312 10:37:08.808616 1891709 quantize_finetune_llama.py:183] layer 4 gpu 0
I0312 10:37:08.900858 1892177 data_utils.py:336] using 256 training seqs, 128 validation seqs
The attention layers in this model are transitioning from computing the RoPE embeddings internally through `position_ids` (2D tensor with the indexes of the tokens), to using externally computed `position_embeddings` (Tuple of tensors, containing cos and sin). In v4.46 `position_ids` will be removed and `position_embeddings` will be mandatory.
I0312 10:37:14.072017 1891941 finetune.py:76] layer 1_v @ epoch 4 new loss 1.2623487464225036e-06 old loss 7.663263659196673e-07 WORSE
I0312 10:37:17.839718 1892177 finetune.py:45] layer 3_v initial loss 6.431422434616252e-07
I0312 10:37:21.709835 1891823 finetune.py:68] layer 0_q @ epoch 1 new loss 1.0420291296497908e-08 old loss 1.1723806814245563e-08 BETTER
I0312 10:37:23.083942 1891941 finetune.py:45] layer 1_q initial loss 9.150766686616407e-07
I0312 10:37:27.508473 1892059 finetune.py:68] layer 2_v @ epoch 2 new loss 2.2475735761418036e-07 old loss 2.5727658226060157e-07 BETTER
I0312 10:37:48.436067 1892177 finetune.py:68] layer 3_v @ epoch 0 new loss 3.7594014656860963e-07 old loss 6.431422434616252e-07 BETTER
I0312 10:37:54.583455 1891941 finetune.py:68] layer 1_q @ epoch 0 new loss 8.909182724892162e-07 old loss 9.150766686616407e-07 BETTER
I0312 10:37:55.865134 1891823 finetune.py:68] layer 0_q @ epoch 2 new loss 9.551161639365091e-09 old loss 1.0420291296497908e-08 BETTER
I0312 10:38:00.395047 1892059 finetune.py:68] layer 2_v @ epoch 3 new loss 2.0484245055740757e-07 old loss 2.2475735761418036e-07 BETTER
I0312 10:38:20.308666 1892177 finetune.py:68] layer 3_v @ epoch 1 new loss 3.167332636166975e-07 old loss 3.7594014656860963e-07 BETTER
I0312 10:38:26.908349 1891941 finetune.py:68] layer 1_q @ epoch 1 new loss 6.572304869223444e-07 old loss 8.909182724892162e-07 BETTER
I0312 10:38:30.289386 1891823 finetune.py:68] layer 0_q @ epoch 3 new loss 8.872289569694658e-09 old loss 9.551161639365091e-09 BETTER
I0312 10:38:33.368632 1892059 finetune.py:68] layer 2_v @ epoch 4 new loss 1.9133862849685102e-07 old loss 2.0484245055740757e-07 BETTER
I0312 10:38:42.565936 1892059 finetune.py:45] layer 2_q initial loss 2.835784584931389e-07
I0312 10:38:52.190227 1892177 finetune.py:68] layer 3_v @ epoch 2 new loss 2.8917040140186145e-07 old loss 3.167332636166975e-07 BETTER
I0312 10:38:59.174681 1891941 finetune.py:76] layer 1_q @ epoch 2 new loss 1.3439567965178867e-06 old loss 6.572304869223444e-07 WORSE
I0312 10:39:04.667249 1891823 finetune.py:68] layer 0_q @ epoch 4 new loss 8.31785662569473e-09 old loss 8.872289569694658e-09 BETTER
I0312 10:39:13.955362 1891823 finetune.py:45] layer 0_k initial loss 2.7557982562598227e-08
I0312 10:39:14.156991 1892059 finetune.py:68] layer 2_q @ epoch 0 new loss 2.115069435149053e-07 old loss 2.835784584931389e-07 BETTER
I0312 10:39:24.147060 1892177 finetune.py:68] layer 3_v @ epoch 3 new loss 2.708187025746156e-07 old loss 2.8917040140186145e-07 BETTER
I0312 10:39:30.866396 1891941 finetune.py:76] layer 1_q @ epoch 3 new loss 2.1372773062466877e-06 old loss 6.572304869223444e-07 WORSE
I0312 10:39:46.638395 1892059 finetune.py:68] layer 2_q @ epoch 1 new loss 1.9772852510868688e-07 old loss 2.115069435149053e-07 BETTER
I0312 10:39:46.669620 1891823 finetune.py:68] layer 0_k @ epoch 0 new loss 1.1450237202836888e-08 old loss 2.7557982562598227e-08 BETTER
I0312 10:39:56.360807 1892177 finetune.py:68] layer 3_v @ epoch 4 new loss 2.5724665420057136e-07 old loss 2.708187025746156e-07 BETTER
I0312 10:40:02.577570 1891941 finetune.py:76] layer 1_q @ epoch 4 new loss 4.8775668801681604e-06 old loss 6.572304869223444e-07 WORSE
I0312 10:40:05.940113 1892177 finetune.py:45] layer 3_q initial loss 4.876554271504574e-07
I0312 10:40:11.425226 1891941 finetune.py:45] layer 1_k initial loss 1.4565708852387615e-06
I0312 10:40:19.337947 1892059 finetune.py:68] layer 2_q @ epoch 2 new loss 1.8801152634750906e-07 old loss 1.9772852510868688e-07 BETTER
I0312 10:40:20.186337 1891823 finetune.py:68] layer 0_k @ epoch 1 new loss 1.0611604928101315e-08 old loss 1.1450237202836888e-08 BETTER
I0312 10:40:37.315348 1892177 finetune.py:68] layer 3_q @ epoch 0 new loss 3.249047040299047e-07 old loss 4.876554271504574e-07 BETTER
I0312 10:40:42.895998 1891941 finetune.py:68] layer 1_k @ epoch 0 new loss 6.173846145429707e-07 old loss 1.4565708852387615e-06 BETTER
I0312 10:40:51.810265 1892059 finetune.py:68] layer 2_q @ epoch 3 new loss 1.8039193605545734e-07 old loss 1.8801152634750906e-07 BETTER
I0312 10:40:53.922188 1891823 finetune.py:68] layer 0_k @ epoch 2 new loss 1.0013764928373803e-08 old loss 1.0611604928101315e-08 BETTER
I0312 10:41:09.337741 1892177 finetune.py:68] layer 3_q @ epoch 1 new loss 3.0245374205151165e-07 old loss 3.249047040299047e-07 BETTER
I0312 10:41:15.031242 1891941 finetune.py:76] layer 1_k @ epoch 1 new loss 9.515105716673133e-07 old loss 6.173846145429707e-07 WORSE
I0312 10:41:24.397873 1892059 finetune.py:68] layer 2_q @ epoch 4 new loss 1.7403760921297362e-07 old loss 1.8039193605545734e-07 BETTER
I0312 10:41:27.515302 1891823 finetune.py:68] layer 0_k @ epoch 3 new loss 9.527540534293166e-09 old loss 1.0013764928373803e-08 BETTER
I0312 10:41:33.713950 1892059 finetune.py:45] layer 2_k initial loss 2.6508504902267305e-07
I0312 10:41:41.369412 1892177 finetune.py:68] layer 3_q @ epoch 2 new loss 2.879304190628318e-07 old loss 3.0245374205151165e-07 BETTER
I0312 10:41:46.484138 1891941 finetune.py:68] layer 1_k @ epoch 2 new loss 4.842686394113116e-07 old loss 6.173846145429707e-07 BETTER
I0312 10:42:01.219657 1891823 finetune.py:68] layer 0_k @ epoch 4 new loss 9.122684829776517e-09 old loss 9.527540534293166e-09 BETTER
I0312 10:42:05.144858 1892059 finetune.py:68] layer 2_k @ epoch 0 new loss 2.3791290004737675e-07 old loss 2.6508504902267305e-07 BETTER
I0312 10:42:10.586998 1891823 finetune.py:45] layer 0_o initial loss 4.643941053927847e-08
I0312 10:42:13.375040 1892177 finetune.py:68] layer 3_q @ epoch 3 new loss 2.7718388651010173e-07 old loss 2.879304190628318e-07 BETTER
I0312 10:42:18.714142 1891941 finetune.py:76] layer 1_k @ epoch 3 new loss 1.3824657116856542e-06 old loss 4.842686394113116e-07 WORSE
I0312 10:42:37.193962 1892059 finetune.py:68] layer 2_k @ epoch 1 new loss 2.278945743228178e-07 old loss 2.3791290004737675e-07 BETTER
I0312 10:42:42.872753 1891823 finetune.py:68] layer 0_o @ epoch 0 new loss 4.066917114187163e-08 old loss 4.643941053927847e-08 BETTER
I0312 10:42:45.730206 1892177 finetune.py:68] layer 3_q @ epoch 4 new loss 2.685768833998736e-07 old loss 2.7718388651010173e-07 BETTER
I0312 10:42:50.104147 1891941 finetune.py:76] layer 1_k @ epoch 4 new loss 1.8488460682419827e-06 old loss 4.842686394113116e-07 WORSE
I0312 10:42:54.842485 1892177 finetune.py:45] layer 3_k initial loss 4.73272393719526e-07
I0312 10:42:58.858546 1891941 finetune.py:45] layer 1_o initial loss 7.521990710301907e-07
I0312 10:43:09.164162 1892059 finetune.py:68] layer 2_k @ epoch 2 new loss 2.2075035133184429e-07 old loss 2.278945743228178e-07 BETTER
I0312 10:43:15.985749 1891823 finetune.py:68] layer 0_o @ epoch 1 new loss 3.6891396604232796e-08 old loss 4.066917114187163e-08 BETTER
I0312 10:43:25.720392 1892177 finetune.py:68] layer 3_k @ epoch 0 new loss 4.2752651552291354e-07 old loss 4.73272393719526e-07 BETTER
I0312 10:43:29.491087 1891941 finetune.py:68] layer 1_o @ epoch 0 new loss 6.468694664363284e-07 old loss 7.521990710301907e-07 BETTER
I0312 10:43:41.235792 1892059 finetune.py:68] layer 2_k @ epoch 3 new loss 2.1502580693777418e-07 old loss 2.2075035133184429e-07 BETTER
I0312 10:43:49.113505 1891823 finetune.py:68] layer 0_o @ epoch 2 new loss 3.39977255237045e-08 old loss 3.6891396604232796e-08 BETTER
I0312 10:43:57.306949 1892177 finetune.py:68] layer 3_k @ epoch 1 new loss 4.1199416500603547e-07 old loss 4.2752651552291354e-07 BETTER
I0312 10:44:00.900409 1891941 finetune.py:68] layer 1_o @ epoch 1 new loss 6.241701839826419e-07 old loss 6.468694664363284e-07 BETTER
I0312 10:44:13.265268 1892059 finetune.py:68] layer 2_k @ epoch 4 new loss 2.1014949425079976e-07 old loss 2.1502580693777418e-07 BETTER
I0312 10:44:22.181382 1892059 finetune.py:45] layer 2_o initial loss 4.231262948906078e-07
I0312 10:44:22.263589 1891823 finetune.py:68] layer 0_o @ epoch 3 new loss 3.172408469254151e-08 old loss 3.39977255237045e-08 BETTER
I0312 10:44:29.012669 1892177 finetune.py:68] layer 3_k @ epoch 2 new loss 4.0104791310113796e-07 old loss 4.1199416500603547e-07 BETTER
I0312 10:44:32.171158 1891941 finetune.py:76] layer 1_o @ epoch 2 new loss 7.031406425994646e-07 old loss 6.241701839826419e-07 WORSE
I0312 10:44:53.013087 1892059 finetune.py:68] layer 2_o @ epoch 0 new loss 4.1694710262163426e-07 old loss 4.231262948906078e-07 BETTER
I0312 10:44:55.473371 1891823 finetune.py:68] layer 0_o @ epoch 4 new loss 2.995250270032557e-08 old loss 3.172408469254151e-08 BETTER
I0312 10:45:00.567842 1892177 finetune.py:68] layer 3_k @ epoch 3 new loss 3.9225236037054856e-07 old loss 4.0104791310113796e-07 BETTER
I0312 10:45:02.882275 1891941 finetune.py:76] layer 1_o @ epoch 3 new loss 6.455279617512133e-07 old loss 6.241701839826419e-07 WORSE
I0312 10:45:10.542988 1891823 finetune.py:45] layer 0_up initial loss 3.486353250536922e-08
I0312 10:45:24.543109 1892059 finetune.py:68] layer 2_o @ epoch 1 new loss 4.12055612741824e-07 old loss 4.1694710262163426e-07 BETTER
I0312 10:45:32.199369 1892177 finetune.py:68] layer 3_k @ epoch 4 new loss 3.8485171671709395e-07 old loss 3.9225236037054856e-07 BETTER
I0312 10:45:33.612751 1891941 finetune.py:76] layer 1_o @ epoch 4 new loss 6.783863568671222e-07 old loss 6.241701839826419e-07 WORSE
I0312 10:45:40.837362 1891823 finetune.py:68] layer 0_up @ epoch 0 new loss 3.331675912932042e-08 old loss 3.486353250536922e-08 BETTER
I0312 10:45:41.292608 1892177 finetune.py:45] layer 3_o initial loss 8.215886850848619e-07
I0312 10:45:48.242211 1891941 finetune.py:45] layer 1_up initial loss 8.292632855955162e-07
I0312 10:45:56.213968 1892059 finetune.py:68] layer 2_o @ epoch 2 new loss 4.079928430655855e-07 old loss 4.12055612741824e-07 BETTER
I0312 10:46:11.361545 1892177 finetune.py:68] layer 3_o @ epoch 0 new loss 7.874173206801061e-07 old loss 8.215886850848619e-07 BETTER
I0312 10:46:12.230327 1891823 finetune.py:68] layer 0_up @ epoch 1 new loss 3.2113465664451724e-08 old loss 3.331675912932042e-08 BETTER
I0312 10:46:17.097495 1891941 finetune.py:68] layer 1_up @ epoch 0 new loss 6.72446560656681e-07 old loss 8.292632855955162e-07 BETTER
I0312 10:46:27.624042 1892059 finetune.py:68] layer 2_o @ epoch 3 new loss 4.0449171478940116e-07 old loss 4.079928430655855e-07 BETTER
I0312 10:46:42.098357 1892177 finetune.py:68] layer 3_o @ epoch 1 new loss 7.677118674109806e-07 old loss 7.874173206801061e-07 BETTER
I0312 10:46:43.664308 1891823 finetune.py:68] layer 0_up @ epoch 2 new loss 3.1131499156344944e-08 old loss 3.2113465664451724e-08 BETTER
I0312 10:46:46.630094 1891941 finetune.py:76] layer 1_up @ epoch 1 new loss 7.088374331942759e-07 old loss 6.72446560656681e-07 WORSE
I0312 10:46:59.255361 1892059 finetune.py:68] layer 2_o @ epoch 4 new loss 4.0137629753189685e-07 old loss 4.0449171478940116e-07 BETTER
I0312 10:47:13.612051 1892177 finetune.py:68] layer 3_o @ epoch 2 new loss 7.541343052253069e-07 old loss 7.677118674109806e-07 BETTER
I0312 10:47:14.867174 1892059 finetune.py:45] layer 2_up initial loss 5.596837127086474e-07
I0312 10:47:15.714185 1891823 finetune.py:68] layer 0_up @ epoch 3 new loss 3.033494877513476e-08 old loss 3.1131499156344944e-08 BETTER
I0312 10:47:16.101211 1891941 finetune.py:76] layer 1_up @ epoch 2 new loss 7.264425221364945e-07 old loss 6.72446560656681e-07 WORSE
I0312 10:47:44.082377 1892059 finetune.py:68] layer 2_up @ epoch 0 new loss 5.565469223256514e-07 old loss 5.596837127086474e-07 BETTER
I0312 10:47:44.910165 1892177 finetune.py:68] layer 3_o @ epoch 3 new loss 7.435519933096657e-07 old loss 7.541343052253069e-07 BETTER
I0312 10:47:45.332652 1891941 finetune.py:76] layer 1_up @ epoch 3 new loss 7.715171932431986e-07 old loss 6.72446560656681e-07 WORSE
I0312 10:47:47.495910 1891823 finetune.py:68] layer 0_up @ epoch 4 new loss 2.967555978727887e-08 old loss 3.033494877513476e-08 BETTER
I0312 10:48:02.570101 1891823 finetune.py:45] layer 0_gate initial loss 3.4779084501224133e-08
I0312 10:48:14.103463 1892059 finetune.py:68] layer 2_up @ epoch 1 new loss 5.53760287402838e-07 old loss 5.565469223256514e-07 BETTER
I0312 10:48:14.524323 1891941 finetune.py:76] layer 1_up @ epoch 4 new loss 8.415919410253991e-07 old loss 6.72446560656681e-07 WORSE
I0312 10:48:16.050652 1892177 finetune.py:68] layer 3_o @ epoch 4 new loss 7.348056101363909e-07 old loss 7.435519933096657e-07 BETTER
I0312 10:48:28.794560 1891941 finetune.py:45] layer 1_gate initial loss 1.2045167068208684e-06
I0312 10:48:30.799552 1892177 finetune.py:45] layer 3_up initial loss 1.0889335726460558e-06
I0312 10:48:31.684494 1891823 finetune.py:68] layer 0_gate @ epoch 0 new loss 3.4053400099764985e-08 old loss 3.4779084501224133e-08 BETTER
I0312 10:48:43.884365 1892059 finetune.py:68] layer 2_up @ epoch 2 new loss 5.512314373845584e-07 old loss 5.53760287402838e-07 BETTER
I0312 10:48:56.390584 1891941 finetune.py:68] layer 1_gate @ epoch 0 new loss 7.374783876912261e-07 old loss 1.2045167068208684e-06 BETTER
I0312 10:48:59.494801 1892177 finetune.py:68] layer 3_up @ epoch 0 new loss 1.0790040505526122e-06 old loss 1.0889335726460558e-06 BETTER
I0312 10:49:01.540663 1891823 finetune.py:68] layer 0_gate @ epoch 1 new loss 3.354261224330912e-08 old loss 3.4053400099764985e-08 BETTER
I0312 10:49:13.874276 1892059 finetune.py:68] layer 2_up @ epoch 3 new loss 5.488623173732776e-07 old loss 5.512314373845584e-07 BETTER
I0312 10:49:24.702838 1891941 finetune.py:76] layer 1_gate @ epoch 1 new loss 7.726529815954564e-07 old loss 7.374783876912261e-07 WORSE
I0312 10:49:28.980685 1892177 finetune.py:68] layer 3_up @ epoch 1 new loss 1.0708952231652802e-06 old loss 1.0790040505526122e-06 BETTER
I0312 10:49:31.718945 1891823 finetune.py:68] layer 0_gate @ epoch 2 new loss 3.3104850416521003e-08 old loss 3.354261224330912e-08 BETTER
I0312 10:49:44.004547 1892059 finetune.py:68] layer 2_up @ epoch 4 new loss 5.466331458592322e-07 old loss 5.488623173732776e-07 BETTER
I0312 10:49:52.414314 1891941 finetune.py:76] layer 1_gate @ epoch 2 new loss 7.96300867023092e-07 old loss 7.374783876912261e-07 WORSE
I0312 10:49:58.529792 1892177 finetune.py:68] layer 3_up @ epoch 2 new loss 1.0638138974172762e-06 old loss 1.0708952231652802e-06 BETTER
I0312 10:49:59.218618 1892059 finetune.py:45] layer 2_gate initial loss 6.79634467815049e-07
I0312 10:50:01.629836 1891823 finetune.py:68] layer 0_gate @ epoch 3 new loss 3.272539927934304e-08 old loss 3.3104850416521003e-08 BETTER
I0312 10:50:20.006035 1891941 finetune.py:76] layer 1_gate @ epoch 3 new loss 8.56384815506317e-07 old loss 7.374783876912261e-07 WORSE
I0312 10:50:26.830936 1892059 finetune.py:68] layer 2_gate @ epoch 0 new loss 6.773427685402567e-07 old loss 6.79634467815049e-07 BETTER
I0312 10:50:28.050590 1892177 finetune.py:68] layer 3_up @ epoch 3 new loss 1.057375811797101e-06 old loss 1.0638138974172762e-06 BETTER
I0312 10:50:31.509582 1891823 finetune.py:68] layer 0_gate @ epoch 4 new loss 3.2405733207951926e-08 old loss 3.272539927934304e-08 BETTER
I0312 10:50:47.115131 1891823 finetune.py:45] layer 0_down initial loss 6.708788902187734e-08
I0312 10:50:47.539371 1891941 finetune.py:76] layer 1_gate @ epoch 4 new loss 8.450224413536489e-07 old loss 7.374783876912261e-07 WORSE
I0312 10:50:54.944772 1892059 finetune.py:68] layer 2_gate @ epoch 1 new loss 6.754169135092525e-07 old loss 6.773427685402567e-07 BETTER
I0312 10:50:57.522150 1892177 finetune.py:68] layer 3_up @ epoch 4 new loss 1.0515119583942578e-06 old loss 1.057375811797101e-06 BETTER
I0312 10:51:02.689610 1891941 finetune.py:45] layer 1_down initial loss 0.00020615087123587728
I0312 10:51:12.878421 1892177 finetune.py:45] layer 3_gate initial loss 1.3476795857059187e-06
I0312 10:51:14.401966 1891823 finetune.py:68] layer 0_down @ epoch 0 new loss 6.700108912127689e-08 old loss 6.708788902187734e-08 BETTER
I0312 10:51:23.115880 1892059 finetune.py:68] layer 2_gate @ epoch 2 new loss 6.735895112797152e-07 old loss 6.754169135092525e-07 BETTER
I0312 10:51:28.563985 1891941 finetune.py:68] layer 1_down @ epoch 0 new loss 0.0001593168854014948 old loss 0.00020615087123587728 BETTER
I0312 10:51:39.785174 1892177 finetune.py:68] layer 3_gate @ epoch 0 new loss 1.340468315902399e-06 old loss 1.3476795857059187e-06 BETTER
I0312 10:51:42.791199 1891823 finetune.py:68] layer 0_down @ epoch 1 new loss 6.697681698142333e-08 old loss 6.700108912127689e-08 BETTER
I0312 10:51:51.348744 1892059 finetune.py:68] layer 2_gate @ epoch 3 new loss 6.718652230119915e-07 old loss 6.735895112797152e-07 BETTER
I0312 10:51:55.274756 1891941 finetune.py:68] layer 1_down @ epoch 1 new loss 0.00015035686374176294 old loss 0.0001593168854014948 BETTER
I0312 10:52:07.681542 1892177 finetune.py:68] layer 3_gate @ epoch 1 new loss 1.3352125733945286e-06 old loss 1.340468315902399e-06 BETTER
I0312 10:52:11.283651 1891823 finetune.py:68] layer 0_down @ epoch 2 new loss 6.695054111105492e-08 old loss 6.697681698142333e-08 BETTER
I0312 10:52:19.501172 1892059 finetune.py:68] layer 2_gate @ epoch 4 new loss 6.702209702780237e-07 old loss 6.718652230119915e-07 BETTER
I0312 10:52:22.140233 1891941 finetune.py:68] layer 1_down @ epoch 2 new loss 0.00014955336519051343 old loss 0.00015035686374176294 BETTER
I0312 10:52:35.132023 1892059 finetune.py:45] layer 2_down initial loss 9.798606015465339e-07
I0312 10:52:35.651527 1892177 finetune.py:68] layer 3_gate @ epoch 2 new loss 1.330387817688461e-06 old loss 1.3352125733945286e-06 BETTER
I0312 10:52:39.740069 1891823 finetune.py:68] layer 0_down @ epoch 3 new loss 6.692516052453357e-08 old loss 6.695054111105492e-08 BETTER
I0312 10:52:49.301242 1891941 finetune.py:68] layer 1_down @ epoch 3 new loss 0.0001495465257903561 old loss 0.00014955336519051343 BETTER
I0312 10:53:01.604196 1892059 finetune.py:68] layer 2_down @ epoch 0 new loss 9.79475885287684e-07 old loss 9.798606015465339e-07 BETTER
I0312 10:53:03.975950 1892177 finetune.py:68] layer 3_gate @ epoch 3 new loss 1.3259905244922265e-06 old loss 1.330387817688461e-06 BETTER
I0312 10:53:08.351047 1891823 finetune.py:68] layer 0_down @ epoch 4 new loss 6.69054145419068e-08 old loss 6.692516052453357e-08 BETTER
0_v proxy err 0.0017843166133388877 tr(WHW.T) 4.225186347961426
0_q proxy err 0.00012495601549744606 tr(WHW.T) 2710.30224609375
0_k proxy err 0.00011637061106739566 tr(WHW.T) 1698.9615478515625
0_o proxy err 0.00016165905981324613 tr(WHW.T) 0.9703740477561951
0_up proxy err 0.0003080961178056896 tr(WHW.T) 43.27195358276367
0_gate proxy err 0.00024392838531639427 tr(WHW.T) 63.47618865966797
0_down proxy err 0.00022149499272927642 tr(WHW.T) 0.6570097804069519
I0312 10:53:16.473128 1891941 finetune.py:76] layer 1_down @ epoch 4 new loss 0.000149594183312729 old loss 0.0001495465257903561 WORSE
1_v proxy err 0.002689515706151724 tr(WHW.T) 16.465883255004883
1_q proxy err 0.00011042554979212582 tr(WHW.T) 4778.5009765625
1_k proxy err 0.0001236438110936433 tr(WHW.T) 4995.67431640625
1_o proxy err 0.0005391804734244943 tr(WHW.T) 1.113130807876587
1_up proxy err 0.00034213741309940815 tr(WHW.T) 109.71495056152344
1_gate proxy err 0.0002162949531339109 tr(WHW.T) 221.3954620361328
1_down proxy err 0.00041654263623058796 tr(WHW.T) 2041.5435791015625
I0312 10:53:28.481285 1892059 finetune.py:68] layer 2_down @ epoch 1 new loss 9.793487834031112e-07 old loss 9.79475885287684e-07 BETTER
I0312 10:53:32.314473 1892177 finetune.py:68] layer 3_gate @ epoch 4 new loss 1.3218063941167202e-06 old loss 1.3259905244922265e-06 BETTER
I0312 10:53:47.248826 1892177 finetune.py:45] layer 3_down initial loss 1.9503947896737373e-06
I0312 10:53:55.250100 1892059 finetune.py:68] layer 2_down @ epoch 2 new loss 9.79259425548662e-07 old loss 9.793487834031112e-07 BETTER
I0312 10:54:12.622245 1892177 finetune.py:68] layer 3_down @ epoch 0 new loss 1.9497701941872947e-06 old loss 1.9503947896737373e-06 BETTER
I0312 10:54:21.921922 1892059 finetune.py:68] layer 2_down @ epoch 3 new loss 9.791820048121735e-07 old loss 9.79259425548662e-07 BETTER
I0312 10:54:33.366421 1891709 quantize_finetune_llama.py:210] computed original embedding for layer 4 in 72.3085069656372s
I0312 10:54:36.744057 1892293 config.py:54] PyTorch version 2.1.1 available.
I0312 10:54:37.812341 1891709 quantize_finetune_llama.py:183] layer 5 gpu 1
I0312 10:54:37.888610 1892293 data_utils.py:336] using 256 training seqs, 128 validation seqs
I0312 10:54:39.091203 1892177 finetune.py:68] layer 3_down @ epoch 1 new loss 1.9495387277856935e-06 old loss 1.9497701941872947e-06 BETTER
The attention layers in this model are transitioning from computing the RoPE embeddings internally through `position_ids` (2D tensor with the indexes of the tokens), to using externally computed `position_embeddings` (Tuple of tensors, containing cos and sin). In v4.46 `position_ids` will be removed and `position_embeddings` will be mandatory.
I0312 10:54:46.868136 1892293 finetune.py:45] layer 4_v initial loss 1.2263338931006729e-06
I0312 10:54:48.842466 1892059 finetune.py:68] layer 2_down @ epoch 4 new loss 9.791151569515932e-07 old loss 9.791820048121735e-07 BETTER
2_v proxy err 0.0007175011560320854 tr(WHW.T) 136.67332458496094
2_q proxy err 7.263638690346852e-05 tr(WHW.T) 7753.72265625
2_k proxy err 6.904366455273703e-05 tr(WHW.T) 10207.14453125
2_o proxy err 0.000462439376860857 tr(WHW.T) 1.4601540565490723
2_up proxy err 0.0003854656533803791 tr(WHW.T) 193.43569946289062
2_gate proxy err 0.00027896385290659964 tr(WHW.T) 306.6646423339844
2_down proxy err 0.0004214584769215435 tr(WHW.T) 3.0111000537872314
I0312 10:55:05.565620 1892177 finetune.py:68] layer 3_down @ epoch 2 new loss 1.9492929368425393e-06 old loss 1.9495387277856935e-06 BETTER
I0312 10:55:19.979081 1892293 finetune.py:68] layer 4_v @ epoch 0 new loss 5.987890290271025e-07 old loss 1.2263338931006729e-06 BETTER
I0312 10:55:31.839685 1892177 finetune.py:68] layer 3_down @ epoch 3 new loss 1.949081479324377e-06 old loss 1.9492929368425393e-06 BETTER
I0312 10:55:54.311367 1892293 finetune.py:68] layer 4_v @ epoch 1 new loss 4.970112286173389e-07 old loss 5.987890290271025e-07 BETTER
I0312 10:55:58.431734 1892177 finetune.py:68] layer 3_down @ epoch 4 new loss 1.948955286934506e-06 old loss 1.949081479324377e-06 BETTER
3_v proxy err 0.0007298805867321789 tr(WHW.T) 284.77557373046875
3_q proxy err 9.693089668871835e-05 tr(WHW.T) 7218.03759765625
3_k proxy err 8.61361259012483e-05 tr(WHW.T) 10077.4697265625
3_o proxy err 0.00045105390017852187 tr(WHW.T) 3.353517770767212
3_up proxy err 0.00042337802005931735 tr(WHW.T) 284.7901611328125
3_gate proxy err 0.00029303328483365476 tr(WHW.T) 478.1421813964844
3_down proxy err 0.00042648566886782646 tr(WHW.T) 6.133144855499268
I0312 10:56:03.949984 1891709 quantize_finetune_llama.py:210] computed original embedding for layer 5 in 70.33832836151123s
I0312 10:56:06.936807 1892409 config.py:54] PyTorch version 2.1.1 available.
I0312 10:56:07.894058 1891709 quantize_finetune_llama.py:183] layer 6 gpu 2
I0312 10:56:07.966449 1892409 data_utils.py:336] using 256 training seqs, 128 validation seqs
The attention layers in this model are transitioning from computing the RoPE embeddings internally through `position_ids` (2D tensor with the indexes of the tokens), to using externally computed `position_embeddings` (Tuple of tensors, containing cos and sin). In v4.46 `position_ids` will be removed and `position_embeddings` will be mandatory.
I0312 10:56:15.931003 1892409 finetune.py:45] layer 5_v initial loss 1.795253638192662e-06
I0312 10:56:29.092422 1892293 finetune.py:68] layer 4_v @ epoch 2 new loss 4.4947893229618785e-07 old loss 4.970112286173389e-07 BETTER
I0312 10:56:47.063907 1892409 finetune.py:68] layer 5_v @ epoch 0 new loss 8.790970582595037e-07 old loss 1.795253638192662e-06 BETTER
I0312 10:57:03.931372 1892293 finetune.py:68] layer 4_v @ epoch 3 new loss 4.1865598632284673e-07 old loss 4.4947893229618785e-07 BETTER
I0312 10:57:18.096475 1891709 quantize_finetune_llama.py:210] computed original embedding for layer 6 in 69.86159300804138s
I0312 10:57:19.211999 1892409 finetune.py:68] layer 5_v @ epoch 1 new loss 7.434562121488852e-07 old loss 8.790970582595037e-07 BETTER
I0312 10:57:21.326598 1892525 config.py:54] PyTorch version 2.1.1 available.
I0312 10:57:22.447632 1891709 quantize_finetune_llama.py:183] layer 7 gpu 3
I0312 10:57:22.521544 1892525 data_utils.py:336] using 256 training seqs, 128 validation seqs
The attention layers in this model are transitioning from computing the RoPE embeddings internally through `position_ids` (2D tensor with the indexes of the tokens), to using externally computed `position_embeddings` (Tuple of tensors, containing cos and sin). In v4.46 `position_ids` will be removed and `position_embeddings` will be mandatory.
I0312 10:57:30.311079 1892525 finetune.py:45] layer 6_v initial loss 2.1663843199348776e-06
I0312 10:57:38.823493 1892293 finetune.py:68] layer 4_v @ epoch 4 new loss 4.0041990700956376e-07 old loss 4.1865598632284673e-07 BETTER
I0312 10:57:48.054907 1892293 finetune.py:45] layer 4_q initial loss 7.104032420102158e-07
I0312 10:57:51.347743 1892409 finetune.py:68] layer 5_v @ epoch 2 new loss 6.786552262383339e-07 old loss 7.434562121488852e-07 BETTER
I0312 10:58:01.690843 1892525 finetune.py:68] layer 6_v @ epoch 0 new loss 1.0437573791932664e-06 old loss 2.1663843199348776e-06 BETTER
I0312 10:58:21.988255 1892293 finetune.py:68] layer 4_q @ epoch 0 new loss 4.886097144662926e-07 old loss 7.104032420102158e-07 BETTER
I0312 10:58:23.958525 1892409 finetune.py:68] layer 5_v @ epoch 3 new loss 6.383562549672206e-07 old loss 6.786552262383339e-07 BETTER
I0312 10:58:34.290560 1892525 finetune.py:68] layer 6_v @ epoch 1 new loss 8.977168590718065e-07 old loss 1.0437573791932664e-06 BETTER
I0312 10:58:34.819391 1891709 quantize_finetune_llama.py:210] computed original embedding for layer 7 in 71.8993558883667s
I0312 10:58:38.097999 1892641 config.py:54] PyTorch version 2.1.1 available.
I0312 10:58:39.124875 1891709 quantize_finetune_llama.py:183] layer 8 gpu 0
I0312 10:58:39.204478 1892641 data_utils.py:336] using 256 training seqs, 128 validation seqs
The attention layers in this model are transitioning from computing the RoPE embeddings internally through `position_ids` (2D tensor with the indexes of the tokens), to using externally computed `position_embeddings` (Tuple of tensors, containing cos and sin). In v4.46 `position_ids` will be removed and `position_embeddings` will be mandatory.
I0312 10:58:47.288384 1892641 finetune.py:45] layer 7_v initial loss 2.9074385565763805e-06
I0312 10:58:56.675945 1892293 finetune.py:68] layer 4_q @ epoch 1 new loss 4.5486046928999713e-07 old loss 4.886097144662926e-07 BETTER
I0312 10:58:56.789539 1892409 finetune.py:68] layer 5_v @ epoch 4 new loss 6.119644808677549e-07 old loss 6.383562549672206e-07 BETTER
I0312 10:59:06.235376 1892409 finetune.py:45] layer 5_q initial loss 1.0926153208856704e-06
I0312 10:59:07.051151 1892525 finetune.py:68] layer 6_v @ epoch 2 new loss 8.274764695670456e-07 old loss 8.977168590718065e-07 BETTER
I0312 10:59:18.458147 1892641 finetune.py:68] layer 7_v @ epoch 0 new loss 1.3722014955419581e-06 old loss 2.9074385565763805e-06 BETTER
I0312 10:59:31.385966 1892293 finetune.py:68] layer 4_q @ epoch 2 new loss 4.324986946357967e-07 old loss 4.5486046928999713e-07 BETTER
I0312 10:59:37.776757 1892409 finetune.py:68] layer 5_q @ epoch 0 new loss 7.388257472484838e-07 old loss 1.0926153208856704e-06 BETTER
I0312 10:59:39.942663 1892525 finetune.py:68] layer 6_v @ epoch 3 new loss 8.015986736609193e-07 old loss 8.274764695670456e-07 BETTER
I0312 10:59:50.550032 1892641 finetune.py:68] layer 7_v @ epoch 1 new loss 1.1924656746487017e-06 old loss 1.3722014955419581e-06 BETTER
I0312 11:00:06.175241 1892293 finetune.py:68] layer 4_q @ epoch 3 new loss 4.1566073605281417e-07 old loss 4.324986946357967e-07 BETTER
I0312 11:00:10.187978 1892409 finetune.py:68] layer 5_q @ epoch 1 new loss 6.91417483267287e-07 old loss 7.388257472484838e-07 BETTER
I0312 11:00:12.814322 1892525 finetune.py:68] layer 6_v @ epoch 4 new loss 7.724535748820927e-07 old loss 8.015986736609193e-07 BETTER
I0312 11:00:21.991369 1892525 finetune.py:45] layer 6_q initial loss 1.3712062809645431e-06
I0312 11:00:22.922396 1892641 finetune.py:68] layer 7_v @ epoch 2 new loss 1.105722844840784e-06 old loss 1.1924656746487017e-06 BETTER
I0312 11:00:40.929443 1892293 finetune.py:68] layer 4_q @ epoch 4 new loss 4.0208954033005284e-07 old loss 4.1566073605281417e-07 BETTER
I0312 11:00:42.737149 1892409 finetune.py:68] layer 5_q @ epoch 2 new loss 6.618197403440718e-07 old loss 6.91417483267287e-07 BETTER
I0312 11:00:50.548069 1892293 finetune.py:45] layer 4_k initial loss 6.734137514285976e-07
I0312 11:00:53.738222 1892525 finetune.py:68] layer 6_q @ epoch 0 new loss 1.0389813951405813e-06 old loss 1.3712062809645431e-06 BETTER
I0312 11:00:55.521107 1892641 finetune.py:68] layer 7_v @ epoch 3 new loss 1.047284285959904e-06 old loss 1.105722844840784e-06 BETTER
I0312 11:01:15.028498 1892409 finetune.py:68] layer 5_q @ epoch 3 new loss 6.393861440301407e-07 old loss 6.618197403440718e-07 BETTER
I0312 11:01:24.064132 1892293 finetune.py:68] layer 4_k @ epoch 0 new loss 5.764044885836483e-07 old loss 6.734137514285976e-07 BETTER
I0312 11:01:26.411665 1892525 finetune.py:68] layer 6_q @ epoch 1 new loss 9.605108743926394e-07 old loss 1.0389813951405813e-06 BETTER
I0312 11:01:28.229620 1892641 finetune.py:68] layer 7_v @ epoch 4 new loss 1.0346071803724044e-06 old loss 1.047284285959904e-06 BETTER
I0312 11:01:37.365213 1892641 finetune.py:45] layer 7_q initial loss 1.9317676560604014e-06
I0312 11:01:47.499411 1892409 finetune.py:68] layer 5_q @ epoch 4 new loss 6.2149973700798e-07 old loss 6.393861440301407e-07 BETTER
I0312 11:01:56.750139 1892409 finetune.py:45] layer 5_k initial loss 9.218014156431309e-07
I0312 11:01:58.287905 1892293 finetune.py:68] layer 4_k @ epoch 1 new loss 5.529997793018993e-07 old loss 5.764044885836483e-07 BETTER
I0312 11:01:59.280603 1892525 finetune.py:68] layer 6_q @ epoch 2 new loss 9.181574114336399e-07 old loss 9.605108743926394e-07 BETTER
I0312 11:02:08.739929 1892641 finetune.py:68] layer 7_q @ epoch 0 new loss 1.3680199799637194e-06 old loss 1.9317676560604014e-06 BETTER
I0312 11:02:28.255390 1892409 finetune.py:68] layer 5_k @ epoch 0 new loss 8.325617386617523e-07 old loss 9.218014156431309e-07 BETTER
I0312 11:02:32.052785 1892525 finetune.py:68] layer 6_q @ epoch 3 new loss 8.86291786628135e-07 old loss 9.181574114336399e-07 BETTER
I0312 11:02:32.504010 1892293 finetune.py:68] layer 4_k @ epoch 2 new loss 5.385468853091879e-07 old loss 5.529997793018993e-07 BETTER
I0312 11:02:40.830012 1892641 finetune.py:68] layer 7_q @ epoch 1 new loss 1.2754668432535254e-06 old loss 1.3680199799637194e-06 BETTER
I0312 11:03:00.453694 1892409 finetune.py:68] layer 5_k @ epoch 1 new loss 8.072439072748239e-07 old loss 8.325617386617523e-07 BETTER
I0312 11:03:04.524040 1892525 finetune.py:68] layer 6_q @ epoch 4 new loss 8.616950708528748e-07 old loss 8.86291786628135e-07 BETTER
I0312 11:03:06.726007 1892293 finetune.py:68] layer 4_k @ epoch 3 new loss 5.279905508359661e-07 old loss 5.385468853091879e-07 BETTER
I0312 11:03:13.301920 1892641 finetune.py:68] layer 7_q @ epoch 2 new loss 1.221896354763885e-06 old loss 1.2754668432535254e-06 BETTER
I0312 11:03:14.168452 1892525 finetune.py:45] layer 6_k initial loss 1.4655444147138041e-06
I0312 11:03:32.505464 1892409 finetune.py:68] layer 5_k @ epoch 2 new loss 7.890293431955797e-07 old loss 8.072439072748239e-07 BETTER
I0312 11:03:40.869395 1892293 finetune.py:68] layer 4_k @ epoch 4 new loss 5.187805527384626e-07 old loss 5.279905508359661e-07 BETTER
I0312 11:03:45.411853 1892641 finetune.py:68] layer 7_q @ epoch 3 new loss 1.183233280244167e-06 old loss 1.221896354763885e-06 BETTER
I0312 11:03:45.691702 1892525 finetune.py:68] layer 6_k @ epoch 0 new loss 1.3060181345281308e-06 old loss 1.4655444147138041e-06 BETTER
I0312 11:03:50.694442 1892293 finetune.py:45] layer 4_o initial loss 1.1580513046283158e-06
I0312 11:04:04.556428 1892409 finetune.py:68] layer 5_k @ epoch 3 new loss 7.745869652353576e-07 old loss 7.890293431955797e-07 BETTER
I0312 11:04:18.285420 1892641 finetune.py:68] layer 7_q @ epoch 4 new loss 1.1525422678460018e-06 old loss 1.183233280244167e-06 BETTER
I0312 11:04:18.588074 1892525 finetune.py:68] layer 6_k @ epoch 1 new loss 1.2645951983358827e-06 old loss 1.3060181345281308e-06 BETTER
I0312 11:04:23.608119 1892293 finetune.py:68] layer 4_o @ epoch 0 new loss 1.103328145291016e-06 old loss 1.1580513046283158e-06 BETTER
I0312 11:04:27.636617 1892641 finetune.py:45] layer 7_k initial loss 1.9738909031730145e-06
I0312 11:04:36.606765 1892409 finetune.py:68] layer 5_k @ epoch 4 new loss 7.631967378074478e-07 old loss 7.745869652353576e-07 BETTER
I0312 11:04:45.840291 1892409 finetune.py:45] layer 5_o initial loss 1.955299921974074e-06
I0312 11:04:50.630862 1892525 finetune.py:68] layer 6_k @ epoch 2 new loss 1.237481001226115e-06 old loss 1.2645951983358827e-06 BETTER
I0312 11:04:57.207200 1892293 finetune.py:68] layer 4_o @ epoch 1 new loss 1.0809236528075417e-06 old loss 1.103328145291016e-06 BETTER
I0312 11:04:58.487963 1892641 finetune.py:68] layer 7_k @ epoch 0 new loss 1.6839641148180817e-06 old loss 1.9738909031730145e-06 BETTER
I0312 11:05:16.553443 1892409 finetune.py:68] layer 5_o @ epoch 0 new loss 1.8316222849534824e-06 old loss 1.955299921974074e-06 BETTER
I0312 11:05:22.702406 1892525 finetune.py:68] layer 6_k @ epoch 3 new loss 1.2194213923066854e-06 old loss 1.237481001226115e-06 BETTER
I0312 11:05:29.975873 1892641 finetune.py:68] layer 7_k @ epoch 1 new loss 1.6359817891498096e-06 old loss 1.6839641148180817e-06 BETTER
I0312 11:05:30.788764 1892293 finetune.py:68] layer 4_o @ epoch 2 new loss 1.0645690053934231e-06 old loss 1.0809236528075417e-06 BETTER
I0312 11:05:47.883234 1892409 finetune.py:68] layer 5_o @ epoch 1 new loss 1.7697553857942694e-06 old loss 1.8316222849534824e-06 BETTER
I0312 11:05:54.850515 1892525 finetune.py:68] layer 6_k @ epoch 4 new loss 1.2011323633487336e-06 old loss 1.2194213923066854e-06 BETTER
I0312 11:06:01.638118 1892641 finetune.py:68] layer 7_k @ epoch 2 new loss 1.605413899596897e-06 old loss 1.6359817891498096e-06 BETTER
I0312 11:06:04.101192 1892293 finetune.py:68] layer 4_o @ epoch 3 new loss 1.051391791406786e-06 old loss 1.0645690053934231e-06 BETTER
I0312 11:06:04.199131 1892525 finetune.py:45] layer 6_o initial loss 2.7255116492597153e-06
I0312 11:06:19.194390 1892409 finetune.py:68] layer 5_o @ epoch 2 new loss 1.724623302834516e-06 old loss 1.7697553857942694e-06 BETTER
I0312 11:06:33.299005 1892641 finetune.py:68] layer 7_k @ epoch 3 new loss 1.5819434793229448e-06 old loss 1.605413899596897e-06 BETTER
I0312 11:06:34.977277 1892525 finetune.py:68] layer 6_o @ epoch 0 new loss 2.522567456253455e-06 old loss 2.7255116492597153e-06 BETTER
I0312 11:06:37.630201 1892293 finetune.py:68] layer 4_o @ epoch 4 new loss 1.0399630809843075e-06 old loss 1.051391791406786e-06 BETTER
I0312 11:06:50.546019 1892409 finetune.py:68] layer 5_o @ epoch 3 new loss 1.6887966012291145e-06 old loss 1.724623302834516e-06 BETTER
I0312 11:06:53.169665 1892293 finetune.py:45] layer 4_up initial loss 1.7192737686855253e-06
I0312 11:07:05.050308 1892641 finetune.py:68] layer 7_k @ epoch 4 new loss 1.5626602589691174e-06 old loss 1.5819434793229448e-06 BETTER
I0312 11:07:06.589059 1892525 finetune.py:68] layer 6_o @ epoch 1 new loss 2.444517576805083e-06 old loss 2.522567456253455e-06 BETTER
I0312 11:07:14.222065 1892641 finetune.py:45] layer 7_o initial loss 3.697601187013788e-06
I0312 11:07:21.854439 1892409 finetune.py:68] layer 5_o @ epoch 4 new loss 1.6594340195297264e-06 old loss 1.6887966012291145e-06 BETTER
I0312 11:07:23.895698 1892293 finetune.py:68] layer 4_up @ epoch 0 new loss 1.6923008843150456e-06 old loss 1.7192737686855253e-06 BETTER
I0312 11:07:36.781409 1892409 finetune.py:45] layer 5_up initial loss 2.754359002210549e-06
I0312 11:07:38.218456 1892525 finetune.py:68] layer 6_o @ epoch 2 new loss 2.391129100942635e-06 old loss 2.444517576805083e-06 BETTER
I0312 11:07:44.637026 1892641 finetune.py:68] layer 7_o @ epoch 0 new loss 3.35328581968497e-06 old loss 3.697601187013788e-06 BETTER
I0312 11:07:55.633667 1892293 finetune.py:68] layer 4_up @ epoch 1 new loss 1.6760059224907309e-06 old loss 1.6923008843150456e-06 BETTER
I0312 11:08:05.880339 1892409 finetune.py:68] layer 5_up @ epoch 0 new loss 2.6963975869875867e-06 old loss 2.754359002210549e-06 BETTER
I0312 11:08:09.867604 1892525 finetune.py:68] layer 6_o @ epoch 3 new loss 2.3502270778408274e-06 old loss 2.391129100942635e-06 BETTER
I0312 11:08:15.466081 1892641 finetune.py:68] layer 7_o @ epoch 1 new loss 3.2280834147968562e-06 old loss 3.35328581968497e-06 BETTER
I0312 11:08:27.391299 1892293 finetune.py:68] layer 4_up @ epoch 2 new loss 1.6623662304482423e-06 old loss 1.6760059224907309e-06 BETTER
I0312 11:08:35.313349 1892409 finetune.py:68] layer 5_up @ epoch 1 new loss 2.6599111606628867e-06 old loss 2.6963975869875867e-06 BETTER
I0312 11:08:41.459304 1892525 finetune.py:68] layer 6_o @ epoch 4 new loss 2.317202188351075e-06 old loss 2.3502270778408274e-06 BETTER
I0312 11:08:46.199603 1892641 finetune.py:68] layer 7_o @ epoch 2 new loss 3.1466177006223006e-06 old loss 3.2280834147968562e-06 BETTER
I0312 11:08:56.572701 1892525 finetune.py:45] layer 6_up initial loss 3.9970213947526645e-06
I0312 11:08:59.416009 1892293 finetune.py:68] layer 4_up @ epoch 3 new loss 1.6501762729603797e-06 old loss 1.6623662304482423e-06 BETTER
I0312 11:09:04.843990 1892409 finetune.py:68] layer 5_up @ epoch 2 new loss 2.629458776937099e-06 old loss 2.6599111606628867e-06 BETTER
I0312 11:09:17.096067 1892641 finetune.py:68] layer 7_o @ epoch 3 new loss 3.0861331197229447e-06 old loss 3.1466177006223006e-06 BETTER
I0312 11:09:25.565061 1892525 finetune.py:68] layer 6_up @ epoch 0 new loss 3.886396825691918e-06 old loss 3.9970213947526645e-06 BETTER
I0312 11:09:31.176135 1892293 finetune.py:68] layer 4_up @ epoch 4 new loss 1.6390533801313723e-06 old loss 1.6501762729603797e-06 BETTER
I0312 11:09:34.654496 1892409 finetune.py:68] layer 5_up @ epoch 3 new loss 2.602815584396012e-06 old loss 2.629458776937099e-06 BETTER
I0312 11:09:46.405764 1892293 finetune.py:45] layer 4_gate initial loss 2.17742262975662e-06
I0312 11:09:48.478951 1892641 finetune.py:68] layer 7_o @ epoch 4 new loss 3.0378530482266797e-06 old loss 3.0861331197229447e-06 BETTER
I0312 11:09:56.057161 1892525 finetune.py:68] layer 6_up @ epoch 1 new loss 3.826879947155248e-06 old loss 3.886396825691918e-06 BETTER
I0312 11:10:05.434121 1892409 finetune.py:68] layer 5_up @ epoch 4 new loss 2.5793942768359557e-06 old loss 2.602815584396012e-06 BETTER
I0312 11:10:06.571877 1892641 finetune.py:45] layer 7_up initial loss 5.353500000637723e-06
I0312 11:10:15.766078 1892293 finetune.py:68] layer 4_gate @ epoch 0 new loss 2.1571634079009527e-06 old loss 2.17742262975662e-06 BETTER
I0312 11:10:21.193608 1892409 finetune.py:45] layer 5_gate initial loss 3.3957860523514682e-06
I0312 11:10:26.048727 1892525 finetune.py:68] layer 6_up @ epoch 2 new loss 3.780104862016742e-06 old loss 3.826879947155248e-06 BETTER
I0312 11:10:34.880996 1892641 finetune.py:68] layer 7_up @ epoch 0 new loss 5.153063284524251e-06 old loss 5.353500000637723e-06 BETTER
I0312 11:10:45.725455 1892293 finetune.py:68] layer 4_gate @ epoch 1 new loss 2.1451412521855673e-06 old loss 2.1571634079009527e-06 BETTER
I0312 11:10:48.669724 1892409 finetune.py:68] layer 5_gate @ epoch 0 new loss 3.356019988132175e-06 old loss 3.3957860523514682e-06 BETTER
I0312 11:10:55.839744 1892525 finetune.py:68] layer 6_up @ epoch 3 new loss 3.7403904116217745e-06 old loss 3.780104862016742e-06 BETTER
I0312 11:11:03.888771 1892641 finetune.py:68] layer 7_up @ epoch 1 new loss 5.0589032980496995e-06 old loss 5.153063284524251e-06 BETTER
I0312 11:11:15.736403 1892293 finetune.py:68] layer 4_gate @ epoch 2 new loss 2.134497663064394e-06 old loss 2.1451412521855673e-06 BETTER
I0312 11:11:16.922883 1892409 finetune.py:68] layer 5_gate @ epoch 1 new loss 3.3316264307359233e-06 old loss 3.356019988132175e-06 BETTER
I0312 11:11:25.730523 1892525 finetune.py:68] layer 6_up @ epoch 4 new loss 3.7062766296003247e-06 old loss 3.7403904116217745e-06 BETTER
I0312 11:11:33.287905 1892641 finetune.py:68] layer 7_up @ epoch 2 new loss 4.986385192751186e-06 old loss 5.0589032980496995e-06 BETTER
I0312 11:11:40.682458 1892525 finetune.py:45] layer 6_gate initial loss 4.880113010585774e-06
I0312 11:11:45.083547 1892409 finetune.py:68] layer 5_gate @ epoch 2 new loss 3.310421334390412e-06 old loss 3.3316264307359233e-06 BETTER
