I0314 03:13:14.030771 2357215 config.py:54] PyTorch version 2.1.1 available.
Loading checkpoint shards:   0%|          | 0/6 [00:00<?, ?it/s]Loading checkpoint shards:  17%|█▋        | 1/6 [00:00<00:00,  8.31it/s]Loading checkpoint shards:  50%|█████     | 3/6 [00:00<00:00,  9.75it/s]Loading checkpoint shards:  83%|████████▎ | 5/6 [00:00<00:00, 10.11it/s]Loading checkpoint shards: 100%|██████████| 6/6 [00:00<00:00, 10.09it/s]
I0314 03:13:15.868814 2357215 quantize_finetune_llama.py:142] loaded model
calculating model weight mean & std:   0%|          | 0/32 [00:00<?, ?it/s]calculating model weight mean & std:   3%|▎         | 1/32 [00:00<00:22,  1.39it/s]calculating model weight mean & std:   6%|▋         | 2/32 [00:01<00:21,  1.38it/s]calculating model weight mean & std:   9%|▉         | 3/32 [00:02<00:20,  1.40it/s]calculating model weight mean & std:  12%|█▎        | 4/32 [00:02<00:19,  1.40it/s]calculating model weight mean & std:  16%|█▌        | 5/32 [00:03<00:18,  1.42it/s]calculating model weight mean & std:  19%|█▉        | 6/32 [00:04<00:18,  1.44it/s]calculating model weight mean & std:  22%|██▏       | 7/32 [00:04<00:17,  1.45it/s]calculating model weight mean & std:  25%|██▌       | 8/32 [00:05<00:16,  1.46it/s]calculating model weight mean & std:  28%|██▊       | 9/32 [00:06<00:15,  1.45it/s]calculating model weight mean & std:  31%|███▏      | 10/32 [00:06<00:15,  1.46it/s]calculating model weight mean & std:  34%|███▍      | 11/32 [00:07<00:14,  1.46it/s]calculating model weight mean & std:  38%|███▊      | 12/32 [00:08<00:13,  1.46it/s]calculating model weight mean & std:  41%|████      | 13/32 [00:09<00:13,  1.46it/s]calculating model weight mean & std:  44%|████▍     | 14/32 [00:09<00:12,  1.46it/s]calculating model weight mean & std:  47%|████▋     | 15/32 [00:10<00:11,  1.46it/s]calculating model weight mean & std:  50%|█████     | 16/32 [00:11<00:10,  1.46it/s]calculating model weight mean & std:  53%|█████▎    | 17/32 [00:11<00:10,  1.46it/s]calculating model weight mean & std:  56%|█████▋    | 18/32 [00:12<00:09,  1.46it/s]calculating model weight mean & std:  59%|█████▉    | 19/32 [00:13<00:08,  1.46it/s]calculating model weight mean & std:  62%|██████▎   | 20/32 [00:13<00:08,  1.46it/s]calculating model weight mean & std:  66%|██████▌   | 21/32 [00:14<00:07,  1.45it/s]calculating model weight mean & std:  69%|██████▉   | 22/32 [00:15<00:06,  1.45it/s]calculating model weight mean & std:  72%|███████▏  | 23/32 [00:15<00:06,  1.46it/s]calculating model weight mean & std:  75%|███████▌  | 24/32 [00:16<00:05,  1.47it/s]calculating model weight mean & std:  78%|███████▊  | 25/32 [00:17<00:04,  1.48it/s]calculating model weight mean & std:  81%|████████▏ | 26/32 [00:17<00:04,  1.48it/s]calculating model weight mean & std:  84%|████████▍ | 27/32 [00:18<00:03,  1.49it/s]calculating model weight mean & std:  88%|████████▊ | 28/32 [00:19<00:02,  1.50it/s]calculating model weight mean & std:  91%|█████████ | 29/32 [00:19<00:02,  1.50it/s]calculating model weight mean & std:  94%|█████████▍| 30/32 [00:20<00:01,  1.51it/s]calculating model weight mean & std:  97%|█████████▋| 31/32 [00:21<00:00,  1.51it/s]calculating model weight mean & std: 100%|██████████| 32/32 [00:21<00:00,  1.52it/s]calculating model weight mean & std: 100%|██████████| 32/32 [00:21<00:00,  1.47it/s]
I0314 03:13:46.809574 2357215 quantize_finetune_llama.py:167] loaded compression model
I0314 03:14:01.050558 2357215 quantize_finetune_llama.py:171] loaded dataset and devset
I0314 03:14:05.949462 2357215 quantize_finetune_llama.py:191] layer 0 gpu 0
The attention layers in this model are transitioning from computing the RoPE embeddings internally through `position_ids` (2D tensor with the indexes of the tokens), to using externally computed `position_embeddings` (Tuple of tensors, containing cos and sin). In v4.46 `position_ids` will be removed and `position_embeddings` will be mandatory.
I0314 03:15:24.922662 2357215 quantize_finetune_llama.py:218] computed original embedding for layer 0 in 78.84438061714172s
huggingface/tokenizers: The current process just got forked, after parallelism has already been used. Disabling parallelism to avoid deadlocks...
To disable this warning, you can either:
	- Avoid using `tokenizers` before the fork if possible
	- Explicitly set the environment variable TOKENIZERS_PARALLELISM=(true | false)
I0314 03:15:43.080420 2358843 config.py:54] PyTorch version 2.1.1 available.
I0314 03:15:44.007141 2357215 quantize_finetune_llama.py:191] layer 1 gpu 1
I0314 03:15:44.064991 2358843 data_utils.py:336] using 256 training seqs, 128 validation seqs
The attention layers in this model are transitioning from computing the RoPE embeddings internally through `position_ids` (2D tensor with the indexes of the tokens), to using externally computed `position_embeddings` (Tuple of tensors, containing cos and sin). In v4.46 `position_ids` will be removed and `position_embeddings` will be mandatory.
I0314 03:15:52.700119 2358843 finetune.py:45] layer 0_v initial loss 1.1026614629372489e-05
I0314 03:16:25.042020 2358843 finetune.py:68] layer 0_v @ epoch 0 new loss 2.6895781957136933e-06 old loss 1.1026614629372489e-05 BETTER
I0314 03:16:50.614280 2357215 quantize_finetune_llama.py:218] computed original embedding for layer 1 in 66.46855568885803s
I0314 03:16:58.691647 2358843 finetune.py:68] layer 0_v @ epoch 1 new loss 1.1080957165177097e-06 old loss 2.6895781957136933e-06 BETTER
I0314 03:16:58.710484 2359699 config.py:54] PyTorch version 2.1.1 available.
I0314 03:16:59.674044 2357215 quantize_finetune_llama.py:191] layer 2 gpu 2
I0314 03:16:59.729427 2359699 data_utils.py:336] using 256 training seqs, 128 validation seqs
The attention layers in this model are transitioning from computing the RoPE embeddings internally through `position_ids` (2D tensor with the indexes of the tokens), to using externally computed `position_embeddings` (Tuple of tensors, containing cos and sin). In v4.46 `position_ids` will be removed and `position_embeddings` will be mandatory.
I0314 03:17:08.094652 2359699 finetune.py:45] layer 1_v initial loss 0.0001730442891130224
I0314 03:17:32.503003 2358843 finetune.py:68] layer 0_v @ epoch 2 new loss 7.369714012384065e-07 old loss 1.1080957165177097e-06 BETTER
I0314 03:17:39.191695 2359699 finetune.py:68] layer 1_v @ epoch 0 new loss 5.547481123358011e-05 old loss 0.0001730442891130224 BETTER
I0314 03:18:06.593327 2358843 finetune.py:68] layer 0_v @ epoch 3 new loss 6.167391006783873e-07 old loss 7.369714012384065e-07 BETTER
I0314 03:18:07.956702 2357215 quantize_finetune_llama.py:218] computed original embedding for layer 2 in 68.142911195755s
I0314 03:18:13.886127 2359699 finetune.py:68] layer 1_v @ epoch 1 new loss 2.988586129504256e-05 old loss 5.547481123358011e-05 BETTER
I0314 03:18:18.561657 2360622 config.py:54] PyTorch version 2.1.1 available.
I0314 03:18:19.562432 2357215 quantize_finetune_llama.py:191] layer 3 gpu 3
I0314 03:18:19.629813 2360622 data_utils.py:336] using 256 training seqs, 128 validation seqs
The attention layers in this model are transitioning from computing the RoPE embeddings internally through `position_ids` (2D tensor with the indexes of the tokens), to using externally computed `position_embeddings` (Tuple of tensors, containing cos and sin). In v4.46 `position_ids` will be removed and `position_embeddings` will be mandatory.
I0314 03:18:28.514392 2360622 finetune.py:45] layer 2_v initial loss 1.862994031398557e-05
I0314 03:18:41.022435 2358843 finetune.py:68] layer 0_v @ epoch 4 new loss 5.545889507629909e-07 old loss 6.167391006783873e-07 BETTER
I0314 03:18:46.197788 2359699 finetune.py:68] layer 1_v @ epoch 2 new loss 1.890376915980596e-05 old loss 2.988586129504256e-05 BETTER
I0314 03:18:51.418154 2358843 finetune.py:45] layer 0_q initial loss 6.364623459376162e-07
I0314 03:18:59.735210 2360622 finetune.py:68] layer 2_v @ epoch 0 new loss 1.3381435564951971e-05 old loss 1.862994031398557e-05 BETTER
I0314 03:19:18.608249 2359699 finetune.py:68] layer 1_v @ epoch 3 new loss 1.3719084563490469e-05 old loss 1.890376915980596e-05 BETTER
I0314 03:19:24.510098 2358843 finetune.py:68] layer 0_q @ epoch 0 new loss 5.141421297594206e-07 old loss 6.364623459376162e-07 BETTER
I0314 03:19:32.088831 2360622 finetune.py:68] layer 2_v @ epoch 1 new loss 1.0798285984492395e-05 old loss 1.3381435564951971e-05 BETTER
I0314 03:19:35.346708 2357215 quantize_finetune_llama.py:218] computed original embedding for layer 3 in 75.6103720664978s
I0314 03:19:44.503462 2361668 config.py:54] PyTorch version 2.1.1 available.
I0314 03:19:45.688357 2357215 quantize_finetune_llama.py:191] layer 4 gpu 0
I0314 03:19:45.744512 2361668 data_utils.py:336] using 256 training seqs, 128 validation seqs
The attention layers in this model are transitioning from computing the RoPE embeddings internally through `position_ids` (2D tensor with the indexes of the tokens), to using externally computed `position_embeddings` (Tuple of tensors, containing cos and sin). In v4.46 `position_ids` will be removed and `position_embeddings` will be mandatory.
I0314 03:19:52.238226 2359699 finetune.py:68] layer 1_v @ epoch 4 new loss 1.1570952665351797e-05 old loss 1.3719084563490469e-05 BETTER
I0314 03:19:55.296218 2361668 finetune.py:45] layer 3_v initial loss 2.8852718969574198e-05
I0314 03:19:58.942406 2358843 finetune.py:68] layer 0_q @ epoch 1 new loss 4.685246324243053e-07 old loss 5.141421297594206e-07 BETTER
I0314 03:20:03.230170 2359699 finetune.py:45] layer 1_q initial loss 1.3648213098349515e-05
I0314 03:20:05.262653 2360622 finetune.py:68] layer 2_v @ epoch 2 new loss 9.345216312794946e-06 old loss 1.0798285984492395e-05 BETTER
I0314 03:20:25.973130 2361668 finetune.py:68] layer 3_v @ epoch 0 new loss 1.7990463675232604e-05 old loss 2.8852718969574198e-05 BETTER
I0314 03:20:33.073534 2358843 finetune.py:68] layer 0_q @ epoch 2 new loss 4.3456859089019417e-07 old loss 4.685246324243053e-07 BETTER
I0314 03:20:34.663540 2359699 finetune.py:68] layer 1_q @ epoch 0 new loss 1.1583148989302572e-05 old loss 1.3648213098349515e-05 BETTER
I0314 03:20:37.753305 2360622 finetune.py:68] layer 2_v @ epoch 3 new loss 8.4359689935809e-06 old loss 9.345216312794946e-06 BETTER
I0314 03:20:57.866966 2361668 finetune.py:68] layer 3_v @ epoch 1 new loss 1.4419078070204705e-05 old loss 1.7990463675232604e-05 BETTER
I0314 03:21:06.735208 2359699 finetune.py:68] layer 1_q @ epoch 1 new loss 8.893321137293242e-06 old loss 1.1583148989302572e-05 BETTER
I0314 03:21:07.251437 2358843 finetune.py:68] layer 0_q @ epoch 3 new loss 4.0630763464832853e-07 old loss 4.3456859089019417e-07 BETTER
I0314 03:21:10.679206 2360622 finetune.py:68] layer 2_v @ epoch 4 new loss 7.815567187208217e-06 old loss 8.4359689935809e-06 BETTER
I0314 03:21:20.920327 2360622 finetune.py:45] layer 2_q initial loss 8.917519153328612e-06
I0314 03:21:29.863473 2361668 finetune.py:68] layer 3_v @ epoch 2 new loss 1.280187916563591e-05 old loss 1.4419078070204705e-05 BETTER
I0314 03:21:38.785790 2359699 finetune.py:76] layer 1_q @ epoch 2 new loss 9.929025509336498e-06 old loss 8.893321137293242e-06 WORSE
I0314 03:21:41.747785 2358843 finetune.py:68] layer 0_q @ epoch 4 new loss 3.810919793068024e-07 old loss 4.0630763464832853e-07 BETTER
I0314 03:21:52.108132 2358843 finetune.py:45] layer 0_k initial loss 4.738823236039025e-07
I0314 03:21:52.532573 2360622 finetune.py:68] layer 2_q @ epoch 0 new loss 7.789923984091729e-06 old loss 8.917519153328612e-06 BETTER
I0314 03:22:02.011992 2361668 finetune.py:68] layer 3_v @ epoch 3 new loss 1.1854815966216847e-05 old loss 1.280187916563591e-05 BETTER
I0314 03:22:10.517057 2359699 finetune.py:68] layer 1_q @ epoch 3 new loss 7.694895430176985e-06 old loss 8.893321137293242e-06 BETTER
I0314 03:22:24.822314 2360622 finetune.py:68] layer 2_q @ epoch 1 new loss 7.34639343136223e-06 old loss 7.789923984091729e-06 BETTER
I0314 03:22:25.184039 2358843 finetune.py:68] layer 0_k @ epoch 0 new loss 3.8488417430926347e-07 old loss 4.738823236039025e-07 BETTER
I0314 03:22:34.657537 2361668 finetune.py:68] layer 3_v @ epoch 4 new loss 1.1179970897501335e-05 old loss 1.1854815966216847e-05 BETTER
I0314 03:22:42.867327 2359699 finetune.py:76] layer 1_q @ epoch 4 new loss 8.200965567084495e-06 old loss 7.694895430176985e-06 WORSE
I0314 03:22:44.840053 2361668 finetune.py:45] layer 3_q initial loss 1.3775284969597124e-05
I0314 03:22:52.582499 2359699 finetune.py:45] layer 1_k initial loss 9.02651845535729e-06
I0314 03:22:57.270908 2360622 finetune.py:68] layer 2_q @ epoch 2 new loss 7.008897682680981e-06 old loss 7.34639343136223e-06 BETTER
I0314 03:22:59.006414 2358843 finetune.py:68] layer 0_k @ epoch 1 new loss 3.6113104329160706e-07 old loss 3.8488417430926347e-07 BETTER
I0314 03:23:16.191638 2361668 finetune.py:68] layer 3_q @ epoch 0 new loss 1.2133344171161298e-05 old loss 1.3775284969597124e-05 BETTER
I0314 03:23:23.953052 2359699 finetune.py:76] layer 1_k @ epoch 0 new loss 1.2199696357129142e-05 old loss 9.02651845535729e-06 WORSE
I0314 03:23:30.338405 2360622 finetune.py:68] layer 2_q @ epoch 3 new loss 6.7296496126800776e-06 old loss 7.008897682680981e-06 BETTER
I0314 03:23:33.173404 2358843 finetune.py:68] layer 0_k @ epoch 2 new loss 3.433291908550018e-07 old loss 3.6113104329160706e-07 BETTER
I0314 03:23:48.183159 2361668 finetune.py:68] layer 3_q @ epoch 1 new loss 1.1518307474034373e-05 old loss 1.2133344171161298e-05 BETTER
I0314 03:23:55.363957 2359699 finetune.py:68] layer 1_k @ epoch 1 new loss 7.425623607559828e-06 old loss 9.02651845535729e-06 BETTER
I0314 03:24:03.044254 2360622 finetune.py:68] layer 2_q @ epoch 4 new loss 6.489865882031154e-06 old loss 6.7296496126800776e-06 BETTER
I0314 03:24:07.097106 2358843 finetune.py:68] layer 0_k @ epoch 3 new loss 3.2852955200723954e-07 old loss 3.433291908550018e-07 BETTER
I0314 03:24:13.748617 2360622 finetune.py:45] layer 2_k initial loss 7.391884082608158e-06
I0314 03:24:20.232668 2361668 finetune.py:68] layer 3_q @ epoch 2 new loss 1.106141644413583e-05 old loss 1.1518307474034373e-05 BETTER
I0314 03:24:27.393516 2359699 finetune.py:68] layer 1_k @ epoch 2 new loss 7.025031663943082e-06 old loss 7.425623607559828e-06 BETTER
I0314 03:24:41.058689 2358843 finetune.py:68] layer 0_k @ epoch 4 new loss 3.138014506021136e-07 old loss 3.2852955200723954e-07 BETTER
I0314 03:24:45.199041 2360622 finetune.py:68] layer 2_k @ epoch 0 new loss 6.987224878685083e-06 old loss 7.391884082608158e-06 BETTER
I0314 03:24:51.772980 2358843 finetune.py:45] layer 0_o initial loss 2.441062633806723e-06
I0314 03:24:52.483344 2361668 finetune.py:68] layer 3_q @ epoch 3 new loss 1.0690680937841535e-05 old loss 1.106141644413583e-05 BETTER
I0314 03:24:59.464818 2359699 finetune.py:68] layer 1_k @ epoch 3 new loss 6.969414698687615e-06 old loss 7.025031663943082e-06 BETTER
I0314 03:25:17.229446 2360622 finetune.py:68] layer 2_k @ epoch 1 new loss 6.755919912393438e-06 old loss 6.987224878685083e-06 BETTER
I0314 03:25:24.420776 2358843 finetune.py:68] layer 0_o @ epoch 0 new loss 2.1808136807521805e-06 old loss 2.441062633806723e-06 BETTER
I0314 03:25:24.454060 2361668 finetune.py:68] layer 3_q @ epoch 4 new loss 1.038418758980697e-05 old loss 1.0690680937841535e-05 BETTER
I0314 03:25:31.514523 2359699 finetune.py:68] layer 1_k @ epoch 4 new loss 6.927903996256646e-06 old loss 6.969414698687615e-06 BETTER
I0314 03:25:34.640049 2361668 finetune.py:45] layer 3_k initial loss 1.2530438652902376e-05
I0314 03:25:41.748415 2359699 finetune.py:45] layer 1_o initial loss 4.368368900031783e-05
I0314 03:25:49.219028 2360622 finetune.py:68] layer 2_k @ epoch 2 new loss 6.568654498551041e-06 old loss 6.755919912393438e-06 BETTER
I0314 03:25:57.709503 2358843 finetune.py:68] layer 0_o @ epoch 1 new loss 1.9906231045752065e-06 old loss 2.1808136807521805e-06 BETTER
I0314 03:26:05.478195 2361668 finetune.py:68] layer 3_k @ epoch 0 new loss 1.1842877938761376e-05 old loss 1.2530438652902376e-05 BETTER
I0314 03:26:12.562107 2359699 finetune.py:68] layer 1_o @ epoch 0 new loss 2.1339967133826576e-05 old loss 4.368368900031783e-05 BETTER
I0314 03:26:21.189785 2360622 finetune.py:68] layer 2_k @ epoch 3 new loss 6.404440227925079e-06 old loss 6.568654498551041e-06 BETTER
I0314 03:26:30.900865 2358843 finetune.py:68] layer 0_o @ epoch 2 new loss 1.8390959439784638e-06 old loss 1.9906231045752065e-06 BETTER
I0314 03:26:36.970731 2361668 finetune.py:68] layer 3_k @ epoch 1 new loss 1.1522489330673125e-05 old loss 1.1842877938761376e-05 BETTER
I0314 03:26:44.031379 2359699 finetune.py:68] layer 1_o @ epoch 1 new loss 1.8353977793594822e-05 old loss 2.1339967133826576e-05 BETTER
I0314 03:26:53.220143 2360622 finetune.py:68] layer 2_k @ epoch 4 new loss 6.258383564272663e-06 old loss 6.404440227925079e-06 BETTER
I0314 03:27:03.474788 2360622 finetune.py:45] layer 2_o initial loss 1.3781243069388438e-05
I0314 03:27:04.293559 2358843 finetune.py:68] layer 0_o @ epoch 3 new loss 1.7125917111115996e-06 old loss 1.8390959439784638e-06 BETTER
I0314 03:27:08.482613 2361668 finetune.py:68] layer 3_k @ epoch 2 new loss 1.1270104550931137e-05 old loss 1.1522489330673125e-05 BETTER
I0314 03:27:15.400911 2359699 finetune.py:68] layer 1_o @ epoch 2 new loss 1.7192594896187074e-05 old loss 1.8353977793594822e-05 BETTER
I0314 03:27:34.165303 2360622 finetune.py:68] layer 2_o @ epoch 0 new loss 1.3561389096139465e-05 old loss 1.3781243069388438e-05 BETTER
I0314 03:27:37.735914 2358843 finetune.py:68] layer 0_o @ epoch 4 new loss 1.6046435575844953e-06 old loss 1.7125917111115996e-06 BETTER
I0314 03:27:40.042980 2361668 finetune.py:68] layer 3_k @ epoch 3 new loss 1.1046548934245948e-05 old loss 1.1270104550931137e-05 BETTER
I0314 03:27:46.772174 2359699 finetune.py:68] layer 1_o @ epoch 3 new loss 1.6433268683613278e-05 old loss 1.7192594896187074e-05 BETTER
I0314 03:27:54.629280 2358843 finetune.py:45] layer 0_up initial loss 1.8164514585805591e-06
I0314 03:28:05.756782 2360622 finetune.py:68] layer 2_o @ epoch 1 new loss 1.3399742783803958e-05 old loss 1.3561389096139465e-05 BETTER
I0314 03:28:11.571583 2361668 finetune.py:68] layer 3_k @ epoch 4 new loss 1.0853266758203972e-05 old loss 1.1046548934245948e-05 BETTER
I0314 03:28:18.062876 2359699 finetune.py:68] layer 1_o @ epoch 4 new loss 1.5591187548125163e-05 old loss 1.6433268683613278e-05 BETTER
I0314 03:28:21.533371 2361668 finetune.py:45] layer 3_o initial loss 2.7228907129028812e-05
I0314 03:28:25.009264 2358843 finetune.py:68] layer 0_up @ epoch 0 new loss 1.6961322444331017e-06 old loss 1.8164514585805591e-06 BETTER
I0314 03:28:34.630069 2359699 finetune.py:45] layer 1_up initial loss 0.00014166886103339493
I0314 03:28:37.386829 2360622 finetune.py:68] layer 2_o @ epoch 2 new loss 1.3263696018839255e-05 old loss 1.3399742783803958e-05 BETTER
I0314 03:28:51.668053 2361668 finetune.py:68] layer 3_o @ epoch 0 new loss 2.6349729523644783e-05 old loss 2.7228907129028812e-05 BETTER
I0314 03:28:56.350227 2358843 finetune.py:68] layer 0_up @ epoch 1 new loss 1.6041961998780607e-06 old loss 1.6961322444331017e-06 BETTER
I0314 03:29:03.347527 2359699 finetune.py:68] layer 1_up @ epoch 0 new loss 4.967011045664549e-05 old loss 0.00014166886103339493 BETTER
I0314 03:29:08.857569 2360622 finetune.py:68] layer 2_o @ epoch 3 new loss 1.3145385310053825e-05 old loss 1.3263696018839255e-05 BETTER
I0314 03:29:22.617501 2361668 finetune.py:68] layer 3_o @ epoch 1 new loss 2.5769764761207625e-05 old loss 2.6349729523644783e-05 BETTER
I0314 03:29:27.965391 2358843 finetune.py:68] layer 0_up @ epoch 2 new loss 1.5292229136321112e-06 old loss 1.6041961998780607e-06 BETTER
I0314 03:29:32.949328 2359699 finetune.py:68] layer 1_up @ epoch 1 new loss 2.2182604880072176e-05 old loss 4.967011045664549e-05 BETTER
I0314 03:29:40.748217 2360622 finetune.py:68] layer 2_o @ epoch 4 new loss 1.3039046280027833e-05 old loss 1.3145385310053825e-05 BETTER
I0314 03:29:53.527877 2361668 finetune.py:68] layer 3_o @ epoch 2 new loss 2.534213854232803e-05 old loss 2.5769764761207625e-05 BETTER
I0314 03:29:57.436518 2360622 finetune.py:45] layer 2_up initial loss 1.7791828213375993e-05
I0314 03:29:59.604392 2358843 finetune.py:68] layer 0_up @ epoch 3 new loss 1.4646115005234606e-06 old loss 1.5292229136321112e-06 BETTER
I0314 03:30:02.669695 2359699 finetune.py:68] layer 1_up @ epoch 2 new loss 1.7371736248605885e-05 old loss 2.2182604880072176e-05 BETTER
I0314 03:30:24.601630 2361668 finetune.py:68] layer 3_o @ epoch 3 new loss 2.4991410100483336e-05 old loss 2.534213854232803e-05 BETTER
I0314 03:30:26.663755 2360622 finetune.py:68] layer 2_up @ epoch 0 new loss 1.7655644114711322e-05 old loss 1.7791828213375993e-05 BETTER
I0314 03:30:31.283399 2358843 finetune.py:68] layer 0_up @ epoch 4 new loss 1.4082136203796836e-06 old loss 1.4646115005234606e-06 BETTER
I0314 03:30:32.520503 2359699 finetune.py:68] layer 1_up @ epoch 3 new loss 1.6612930267001502e-05 old loss 1.7371736248605885e-05 BETTER
I0314 03:30:48.459108 2358843 finetune.py:45] layer 0_gate initial loss 1.5938720707708853e-06
I0314 03:30:55.629881 2361668 finetune.py:68] layer 3_o @ epoch 4 new loss 2.4700282665435225e-05 old loss 2.4991410100483336e-05 BETTER
I0314 03:30:56.643813 2360622 finetune.py:68] layer 2_up @ epoch 1 new loss 1.7553304132889025e-05 old loss 1.7655644114711322e-05 BETTER
I0314 03:31:02.450920 2359699 finetune.py:68] layer 1_up @ epoch 4 new loss 1.6146557754836977e-05 old loss 1.6612930267001502e-05 BETTER
I0314 03:31:12.662587 2361668 finetune.py:45] layer 3_up initial loss 3.609917257563211e-05
I0314 03:31:17.411015 2358843 finetune.py:68] layer 0_gate @ epoch 0 new loss 1.5159356507865596e-06 old loss 1.5938720707708853e-06 BETTER
I0314 03:31:19.797240 2359699 finetune.py:45] layer 1_gate initial loss 0.0001518483622930944
I0314 03:31:26.374510 2360622 finetune.py:68] layer 2_up @ epoch 2 new loss 1.7465772543800995e-05 old loss 1.7553304132889025e-05 BETTER
I0314 03:31:41.332333 2361668 finetune.py:68] layer 3_up @ epoch 0 new loss 3.572924470063299e-05 old loss 3.609917257563211e-05 BETTER
I0314 03:31:47.313010 2358843 finetune.py:68] layer 0_gate @ epoch 1 new loss 1.460964881516702e-06 old loss 1.5159356507865596e-06 BETTER
I0314 03:31:47.314810 2359699 finetune.py:68] layer 1_gate @ epoch 0 new loss 7.01901808497496e-05 old loss 0.0001518483622930944 BETTER
I0314 03:31:56.245894 2360622 finetune.py:68] layer 2_up @ epoch 3 new loss 1.738685205054935e-05 old loss 1.7465772543800995e-05 BETTER
I0314 03:32:10.747476 2361668 finetune.py:68] layer 3_up @ epoch 1 new loss 3.54588519257959e-05 old loss 3.572924470063299e-05 BETTER
I0314 03:32:15.627597 2359699 finetune.py:68] layer 1_gate @ epoch 1 new loss 3.385429590707645e-05 old loss 7.01901808497496e-05 BETTER
I0314 03:32:17.381243 2358843 finetune.py:68] layer 0_gate @ epoch 2 new loss 1.4177774119161768e-06 old loss 1.460964881516702e-06 BETTER
I0314 03:32:26.252822 2360622 finetune.py:68] layer 2_up @ epoch 4 new loss 1.7314210708718747e-05 old loss 1.738685205054935e-05 BETTER
I0314 03:32:40.269530 2361668 finetune.py:68] layer 3_up @ epoch 2 new loss 3.523207487887703e-05 old loss 3.54588519257959e-05 BETTER
I0314 03:32:43.679292 2360622 finetune.py:45] layer 2_gate initial loss 2.081510319840163e-05
I0314 03:32:43.971404 2359699 finetune.py:68] layer 1_gate @ epoch 2 new loss 2.239807872683741e-05 old loss 3.385429590707645e-05 BETTER
I0314 03:32:47.412968 2358843 finetune.py:68] layer 0_gate @ epoch 3 new loss 1.3820359754390665e-06 old loss 1.4177774119161768e-06 BETTER
I0314 03:33:09.798217 2361668 finetune.py:68] layer 3_up @ epoch 3 new loss 3.502980689518154e-05 old loss 3.523207487887703e-05 BETTER
I0314 03:33:11.352504 2360622 finetune.py:68] layer 2_gate @ epoch 0 new loss 2.0703068003058434e-05 old loss 2.081510319840163e-05 BETTER
I0314 03:33:12.290974 2359699 finetune.py:68] layer 1_gate @ epoch 3 new loss 1.9512874132487923e-05 old loss 2.239807872683741e-05 BETTER
I0314 03:33:17.365414 2358843 finetune.py:68] layer 0_gate @ epoch 4 new loss 1.351296077700681e-06 old loss 1.3820359754390665e-06 BETTER
I0314 03:33:35.422853 2358843 finetune.py:45] layer 0_down initial loss 2.4746923372731544e-06
I0314 03:33:39.377367 2361668 finetune.py:68] layer 3_up @ epoch 4 new loss 3.4842825698433444e-05 old loss 3.502980689518154e-05 BETTER
I0314 03:33:39.652383 2360622 finetune.py:68] layer 2_gate @ epoch 1 new loss 2.0621384464902803e-05 old loss 2.0703068003058434e-05 BETTER
I0314 03:33:40.542352 2359699 finetune.py:68] layer 1_gate @ epoch 4 new loss 1.8906363038695417e-05 old loss 1.9512874132487923e-05 BETTER
I0314 03:33:55.812202 2361668 finetune.py:45] layer 3_gate initial loss 4.3094092688988894e-05
I0314 03:33:58.602566 2359699 finetune.py:45] layer 1_down initial loss 0.002984001999720931
I0314 03:34:02.470174 2358843 finetune.py:68] layer 0_down @ epoch 0 new loss 2.456129550409969e-06 old loss 2.4746923372731544e-06 BETTER
I0314 03:34:08.043853 2360622 finetune.py:68] layer 2_gate @ epoch 2 new loss 2.055250297416933e-05 old loss 2.0621384464902803e-05 BETTER
I0314 03:34:22.845726 2361668 finetune.py:68] layer 3_gate @ epoch 0 new loss 4.285525210434571e-05 old loss 4.3094092688988894e-05 BETTER
I0314 03:34:24.366489 2359699 finetune.py:68] layer 1_down @ epoch 0 new loss 0.002944604493677616 old loss 0.002984001999720931 BETTER
I0314 03:34:30.923285 2358843 finetune.py:68] layer 0_down @ epoch 1 new loss 2.4487385417160112e-06 old loss 2.456129550409969e-06 BETTER
I0314 03:34:36.155910 2360622 finetune.py:68] layer 2_gate @ epoch 3 new loss 2.049190879915841e-05 old loss 2.055250297416933e-05 BETTER
I0314 03:34:51.261811 2361668 finetune.py:68] layer 3_gate @ epoch 1 new loss 4.2670249968068674e-05 old loss 4.285525210434571e-05 BETTER
I0314 03:34:51.478422 2359699 finetune.py:68] layer 1_down @ epoch 1 new loss 0.002936611883342266 old loss 0.002944604493677616 BETTER
I0314 03:34:59.397585 2358843 finetune.py:68] layer 0_down @ epoch 2 new loss 2.4447710984532023e-06 old loss 2.4487385417160112e-06 BETTER
I0314 03:35:04.484217 2360622 finetune.py:68] layer 2_gate @ epoch 4 new loss 2.0436264094314538e-05 old loss 2.049190879915841e-05 BETTER
I0314 03:35:18.483089 2359699 finetune.py:68] layer 1_down @ epoch 2 new loss 0.0029355594888329506 old loss 0.002936611883342266 BETTER
I0314 03:35:19.309718 2361668 finetune.py:68] layer 3_gate @ epoch 2 new loss 4.2512587242526934e-05 old loss 4.2670249968068674e-05 BETTER
I0314 03:35:23.536714 2360622 finetune.py:45] layer 2_down initial loss 3.0107985367067158e-05
I0314 03:35:27.856789 2358843 finetune.py:68] layer 0_down @ epoch 3 new loss 2.4423284230579156e-06 old loss 2.4447710984532023e-06 BETTER
I0314 03:35:45.608800 2359699 finetune.py:68] layer 1_down @ epoch 3 new loss 0.002935244468972087 old loss 0.0029355594888329506 BETTER
I0314 03:35:47.760184 2361668 finetune.py:68] layer 3_gate @ epoch 3 new loss 4.2370396840851754e-05 old loss 4.2512587242526934e-05 BETTER
I0314 03:35:49.471401 2360622 finetune.py:68] layer 2_down @ epoch 0 new loss 3.009196007042192e-05 old loss 3.0107985367067158e-05 BETTER
I0314 03:35:56.417981 2358843 finetune.py:68] layer 0_down @ epoch 4 new loss 2.4405519525316777e-06 old loss 2.4423284230579156e-06 BETTER
0_v proxy err 0.08050522953271866 tr(WHW.T) 4.225186347961426
0_q proxy err 0.0004832620616070926 tr(WHW.T) 2710.47119140625
0_k proxy err 0.0005284149083308876 tr(WHW.T) 1699.797607421875
0_o proxy err 0.005578760989010334 tr(WHW.T) 0.9704830050468445
0_up proxy err 0.009763509035110474 tr(WHW.T) 43.3036003112793
0_gate proxy err 0.006789292674511671 tr(WHW.T) 63.55564498901367
0_down proxy err 0.006742761004716158 tr(WHW.T) 0.6594889163970947
I0314 03:36:13.376085 2359699 finetune.py:68] layer 1_down @ epoch 4 new loss 0.0029346286319196224 old loss 0.002935244468972087 BETTER
1_v proxy err 0.11517074704170227 tr(WHW.T) 16.465883255004883
1_q proxy err 0.0006658961647190154 tr(WHW.T) 4780.7177734375
1_k proxy err 0.0006362255662679672 tr(WHW.T) 5002.150390625
1_o proxy err 0.019050728529691696 tr(WHW.T) 1.11350417137146
1_up proxy err 0.010229953564703465 tr(WHW.T) 110.06100463867188
1_gate proxy err 0.005287602078169584 tr(WHW.T) 222.1815185546875
1_down proxy err 0.006059425417333841 tr(WHW.T) 2044.833251953125
I0314 03:36:16.692591 2361668 finetune.py:68] layer 3_gate @ epoch 4 new loss 4.223885480314493e-05 old loss 4.2370396840851754e-05 BETTER
I0314 03:36:17.144378 2360622 finetune.py:68] layer 2_down @ epoch 1 new loss 3.0082976081757806e-05 old loss 3.009196007042192e-05 BETTER
I0314 03:36:34.045961 2361668 finetune.py:45] layer 3_down initial loss 6.266542914090678e-05
I0314 03:36:43.897359 2360622 finetune.py:68] layer 2_down @ epoch 2 new loss 3.007730992976576e-05 old loss 3.0082976081757806e-05 BETTER
I0314 03:36:59.448780 2361668 finetune.py:68] layer 3_down @ epoch 0 new loss 6.263561954256147e-05 old loss 6.266542914090678e-05 BETTER
I0314 03:37:10.659917 2360622 finetune.py:68] layer 2_down @ epoch 3 new loss 3.007293344126083e-05 old loss 3.007730992976576e-05 BETTER
I0314 03:37:25.631714 2361668 finetune.py:68] layer 3_down @ epoch 1 new loss 6.262214446906e-05 old loss 6.263561954256147e-05 BETTER
I0314 03:37:30.000434 2357215 quantize_finetune_llama.py:218] computed original embedding for layer 4 in 71.44314885139465s
I0314 03:37:33.157947 2373291 config.py:54] PyTorch version 2.1.1 available.
I0314 03:37:34.244895 2357215 quantize_finetune_llama.py:191] layer 5 gpu 1
I0314 03:37:34.316777 2373291 data_utils.py:336] using 256 training seqs, 128 validation seqs
I0314 03:37:37.400768 2360622 finetune.py:68] layer 2_down @ epoch 4 new loss 3.006973201991059e-05 old loss 3.007293344126083e-05 BETTER
The attention layers in this model are transitioning from computing the RoPE embeddings internally through `position_ids` (2D tensor with the indexes of the tokens), to using externally computed `position_embeddings` (Tuple of tensors, containing cos and sin). In v4.46 `position_ids` will be removed and `position_embeddings` will be mandatory.
2_v proxy err 0.02979182079434395 tr(WHW.T) 136.67332458496094
2_q proxy err 0.0007878380711190403 tr(WHW.T) 7770.7021484375
2_k proxy err 0.0006266316049732268 tr(WHW.T) 10224.837890625
2_o proxy err 0.015778923407197 tr(WHW.T) 1.4656692743301392
2_up proxy err 0.011958514340221882 tr(WHW.T) 193.4906768798828
2_gate proxy err 0.007787596434354782 tr(WHW.T) 306.5665283203125
2_down proxy err 0.01372738741338253 tr(WHW.T) 3.01717209815979
I0314 03:37:43.412969 2373291 finetune.py:45] layer 4_v initial loss 5.182664972380735e-05
I0314 03:37:52.064540 2361668 finetune.py:68] layer 3_down @ epoch 2 new loss 6.261323142098263e-05 old loss 6.262214446906e-05 BETTER
I0314 03:38:16.458445 2373291 finetune.py:68] layer 4_v @ epoch 0 new loss 2.8409320293576457e-05 old loss 5.182664972380735e-05 BETTER
I0314 03:38:18.395016 2361668 finetune.py:68] layer 3_down @ epoch 3 new loss 6.260653753997758e-05 old loss 6.261323142098263e-05 BETTER
I0314 03:38:44.927110 2361668 finetune.py:68] layer 3_down @ epoch 4 new loss 6.260123336687684e-05 old loss 6.260653753997758e-05 BETTER
3_v proxy err 0.027675889432430267 tr(WHW.T) 284.77557373046875
3_q proxy err 0.0014669335214421153 tr(WHW.T) 7231.1455078125
3_k proxy err 0.001096801133826375 tr(WHW.T) 10100.3876953125
3_o proxy err 0.01578538306057453 tr(WHW.T) 3.363485813140869
3_up proxy err 0.013624663464725018 tr(WHW.T) 284.8811340332031
3_gate proxy err 0.008382500149309635 tr(WHW.T) 478.4920654296875
3_down proxy err 0.014021174050867558 tr(WHW.T) 6.153166770935059
I0314 03:38:50.390613 2357215 quantize_finetune_llama.py:218] computed original embedding for layer 5 in 68.52503633499146s
I0314 03:38:51.029151 2373291 finetune.py:68] layer 4_v @ epoch 1 new loss 2.2128151613287628e-05 old loss 2.8409320293576457e-05 BETTER
I0314 03:38:53.422803 2374234 config.py:54] PyTorch version 2.1.1 available.
I0314 03:38:54.403733 2357215 quantize_finetune_llama.py:191] layer 6 gpu 2
I0314 03:38:54.464745 2374234 data_utils.py:336] using 256 training seqs, 128 validation seqs
The attention layers in this model are transitioning from computing the RoPE embeddings internally through `position_ids` (2D tensor with the indexes of the tokens), to using externally computed `position_embeddings` (Tuple of tensors, containing cos and sin). In v4.46 `position_ids` will be removed and `position_embeddings` will be mandatory.
I0314 03:39:02.926576 2374234 finetune.py:45] layer 5_v initial loss 7.82306888140738e-05
I0314 03:39:25.772879 2373291 finetune.py:68] layer 4_v @ epoch 2 new loss 1.9443112250883132e-05 old loss 2.2128151613287628e-05 BETTER
I0314 03:39:34.206070 2374234 finetune.py:68] layer 5_v @ epoch 0 new loss 4.2630545067368075e-05 old loss 7.82306888140738e-05 BETTER
I0314 03:40:00.651745 2373291 finetune.py:68] layer 4_v @ epoch 3 new loss 1.7837894120020792e-05 old loss 1.9443112250883132e-05 BETTER
I0314 03:40:02.808432 2357215 quantize_finetune_llama.py:218] computed original embedding for layer 6 in 68.03828716278076s
I0314 03:40:06.023807 2375091 config.py:54] PyTorch version 2.1.1 available.
I0314 03:40:06.499620 2374234 finetune.py:68] layer 5_v @ epoch 1 new loss 3.4160908398916945e-05 old loss 4.2630545067368075e-05 BETTER
I0314 03:40:07.023849 2357215 quantize_finetune_llama.py:191] layer 7 gpu 3
I0314 03:40:07.089730 2375091 data_utils.py:336] using 256 training seqs, 128 validation seqs
The attention layers in this model are transitioning from computing the RoPE embeddings internally through `position_ids` (2D tensor with the indexes of the tokens), to using externally computed `position_embeddings` (Tuple of tensors, containing cos and sin). In v4.46 `position_ids` will be removed and `position_embeddings` will be mandatory.
I0314 03:40:15.958089 2375091 finetune.py:45] layer 6_v initial loss 9.743315604282543e-05
I0314 03:40:35.560888 2373291 finetune.py:68] layer 4_v @ epoch 4 new loss 1.670198980718851e-05 old loss 1.7837894120020792e-05 BETTER
I0314 03:40:38.730439 2374234 finetune.py:68] layer 5_v @ epoch 2 new loss 3.0514405807480216e-05 old loss 3.4160908398916945e-05 BETTER
I0314 03:40:45.936728 2373291 finetune.py:45] layer 4_q initial loss 2.121932993759401e-05
I0314 03:40:47.430739 2375091 finetune.py:68] layer 6_v @ epoch 0 new loss 5.1455725042615086e-05 old loss 9.743315604282543e-05 BETTER
I0314 03:41:11.600865 2374234 finetune.py:68] layer 5_v @ epoch 3 new loss 2.827462594723329e-05 old loss 3.0514405807480216e-05 BETTER
I0314 03:41:15.911456 2357215 quantize_finetune_llama.py:218] computed original embedding for layer 7 in 68.41450500488281s
I0314 03:41:19.305685 2375996 config.py:54] PyTorch version 2.1.1 available.
I0314 03:41:19.562370 2373291 finetune.py:68] layer 4_q @ epoch 0 new loss 1.8179658582084812e-05 old loss 2.121932993759401e-05 BETTER
I0314 03:41:20.268677 2375091 finetune.py:68] layer 6_v @ epoch 1 new loss 4.244762021698989e-05 old loss 5.1455725042615086e-05 BETTER
I0314 03:41:20.357885 2357215 quantize_finetune_llama.py:191] layer 8 gpu 0
I0314 03:41:20.424337 2375996 data_utils.py:336] using 256 training seqs, 128 validation seqs
The attention layers in this model are transitioning from computing the RoPE embeddings internally through `position_ids` (2D tensor with the indexes of the tokens), to using externally computed `position_embeddings` (Tuple of tensors, containing cos and sin). In v4.46 `position_ids` will be removed and `position_embeddings` will be mandatory.
I0314 03:41:29.323287 2375996 finetune.py:45] layer 7_v initial loss 0.0001247208274435252
I0314 03:41:44.550202 2374234 finetune.py:68] layer 5_v @ epoch 4 new loss 2.670546564331744e-05 old loss 2.827462594723329e-05 BETTER
I0314 03:41:53.239784 2375091 finetune.py:68] layer 6_v @ epoch 2 new loss 3.825261956080794e-05 old loss 4.244762021698989e-05 BETTER
I0314 03:41:53.986554 2373291 finetune.py:68] layer 4_q @ epoch 1 new loss 1.7165797544294037e-05 old loss 1.8179658582084812e-05 BETTER
I0314 03:41:54.986008 2374234 finetune.py:45] layer 5_q initial loss 3.279236261732876e-05
I0314 03:42:00.418116 2375996 finetune.py:68] layer 7_v @ epoch 0 new loss 6.535070133395493e-05 old loss 0.0001247208274435252 BETTER
I0314 03:42:26.510423 2375091 finetune.py:68] layer 6_v @ epoch 3 new loss 3.564284634194337e-05 old loss 3.825261956080794e-05 BETTER
I0314 03:42:26.837588 2374234 finetune.py:68] layer 5_q @ epoch 0 new loss 2.865577334887348e-05 old loss 3.279236261732876e-05 BETTER
I0314 03:42:28.614625 2373291 finetune.py:68] layer 4_q @ epoch 2 new loss 1.6413034245488234e-05 old loss 1.7165797544294037e-05 BETTER
I0314 03:42:32.390603 2375996 finetune.py:68] layer 7_v @ epoch 1 new loss 5.455702921608463e-05 old loss 6.535070133395493e-05 BETTER
I0314 03:42:59.147537 2374234 finetune.py:68] layer 5_q @ epoch 1 new loss 2.7223855795455165e-05 old loss 2.865577334887348e-05 BETTER
I0314 03:42:59.700081 2375091 finetune.py:68] layer 6_v @ epoch 4 new loss 3.382521026651375e-05 old loss 3.564284634194337e-05 BETTER
I0314 03:43:03.461117 2373291 finetune.py:68] layer 4_q @ epoch 3 new loss 1.582153345225379e-05 old loss 1.6413034245488234e-05 BETTER
I0314 03:43:04.374135 2375996 finetune.py:68] layer 7_v @ epoch 2 new loss 4.961121521773748e-05 old loss 5.455702921608463e-05 BETTER
I0314 03:43:10.395050 2375091 finetune.py:45] layer 6_q initial loss 4.5539465645560995e-05
I0314 03:43:31.611179 2374234 finetune.py:68] layer 5_q @ epoch 2 new loss 2.6194760721409693e-05 old loss 2.7223855795455165e-05 BETTER
I0314 03:43:36.695344 2375996 finetune.py:68] layer 7_v @ epoch 3 new loss 4.652444476960227e-05 old loss 4.961121521773748e-05 BETTER
I0314 03:43:38.159580 2373291 finetune.py:68] layer 4_q @ epoch 4 new loss 1.5322515537263826e-05 old loss 1.582153345225379e-05 BETTER
I0314 03:43:42.027010 2375091 finetune.py:68] layer 6_q @ epoch 0 new loss 3.894075780408457e-05 old loss 4.5539465645560995e-05 BETTER
I0314 03:43:48.757607 2373291 finetune.py:45] layer 4_k initial loss 1.8757260477286763e-05
I0314 03:44:04.229530 2374234 finetune.py:68] layer 5_q @ epoch 3 new loss 2.5381637897226028e-05 old loss 2.6194760721409693e-05 BETTER
I0314 03:44:09.047806 2375996 finetune.py:68] layer 7_v @ epoch 4 new loss 4.437004463397898e-05 old loss 4.652444476960227e-05 BETTER
I0314 03:44:14.356833 2375091 finetune.py:68] layer 6_q @ epoch 1 new loss 3.7116886232979596e-05 old loss 3.894075780408457e-05 BETTER
I0314 03:44:19.424864 2375996 finetune.py:45] layer 7_q initial loss 6.0259466408751905e-05
I0314 03:44:21.693951 2373291 finetune.py:68] layer 4_k @ epoch 0 new loss 1.7566155293025076e-05 old loss 1.8757260477286763e-05 BETTER
I0314 03:44:36.779622 2374234 finetune.py:68] layer 5_q @ epoch 4 new loss 2.4704719180590473e-05 old loss 2.5381637897226028e-05 BETTER
I0314 03:44:46.747953 2375091 finetune.py:68] layer 6_q @ epoch 2 new loss 3.578600808396004e-05 old loss 3.7116886232979596e-05 BETTER
I0314 03:44:46.854276 2374234 finetune.py:45] layer 5_k initial loss 2.8806605769204907e-05
I0314 03:44:50.734274 2375996 finetune.py:68] layer 7_q @ epoch 0 new loss 5.203440741752274e-05 old loss 6.0259466408751905e-05 BETTER
I0314 03:44:55.294234 2373291 finetune.py:68] layer 4_k @ epoch 1 new loss 1.706284638203215e-05 old loss 1.7566155293025076e-05 BETTER
I0314 03:45:18.770659 2374234 finetune.py:68] layer 5_k @ epoch 0 new loss 2.6959874958265573e-05 old loss 2.8806605769204907e-05 BETTER
I0314 03:45:19.635686 2375091 finetune.py:68] layer 6_q @ epoch 3 new loss 3.4743588912533596e-05 old loss 3.578600808396004e-05 BETTER
I0314 03:45:22.858951 2375996 finetune.py:68] layer 7_q @ epoch 1 new loss 4.968539360561408e-05 old loss 5.203440741752274e-05 BETTER
I0314 03:45:29.289412 2373291 finetune.py:68] layer 4_k @ epoch 2 new loss 1.6655079889460467e-05 old loss 1.706284638203215e-05 BETTER
I0314 03:45:51.245317 2374234 finetune.py:68] layer 5_k @ epoch 1 new loss 2.632711039041169e-05 old loss 2.6959874958265573e-05 BETTER
I0314 03:45:52.584914 2375091 finetune.py:68] layer 6_q @ epoch 4 new loss 3.3860218536574394e-05 old loss 3.4743588912533596e-05 BETTER
I0314 03:45:55.014776 2375996 finetune.py:68] layer 7_q @ epoch 2 new loss 4.802348848897964e-05 old loss 4.968539360561408e-05 BETTER
I0314 03:46:03.211749 2373291 finetune.py:68] layer 4_k @ epoch 3 new loss 1.6309379134327173e-05 old loss 1.6655079889460467e-05 BETTER
I0314 03:46:03.415715 2375091 finetune.py:45] layer 6_k initial loss 4.243662260705605e-05
I0314 03:46:23.507526 2374234 finetune.py:68] layer 5_k @ epoch 2 new loss 2.5808783902903087e-05 old loss 2.632711039041169e-05 BETTER
I0314 03:46:27.044140 2375996 finetune.py:68] layer 7_q @ epoch 3 new loss 4.671953502111137e-05 old loss 4.802348848897964e-05 BETTER
I0314 03:46:34.912128 2375091 finetune.py:68] layer 6_k @ epoch 0 new loss 3.918963193427771e-05 old loss 4.243662260705605e-05 BETTER
I0314 03:46:37.308236 2373291 finetune.py:68] layer 4_k @ epoch 4 new loss 1.6005478755687363e-05 old loss 1.6309379134327173e-05 BETTER
I0314 03:46:48.153366 2373291 finetune.py:45] layer 4_o initial loss 3.916401692549698e-05
I0314 03:46:55.675113 2374234 finetune.py:68] layer 5_k @ epoch 3 new loss 2.5366251065861434e-05 old loss 2.5808783902903087e-05 BETTER
I0314 03:46:59.095437 2375996 finetune.py:68] layer 7_q @ epoch 4 new loss 4.5647444494534284e-05 old loss 4.671953502111137e-05 BETTER
I0314 03:47:07.023420 2375091 finetune.py:68] layer 6_k @ epoch 1 new loss 3.8306432543322444e-05 old loss 3.918963193427771e-05 BETTER
I0314 03:47:09.227789 2375996 finetune.py:45] layer 7_k initial loss 5.748807961936109e-05
I0314 03:47:20.411530 2373291 finetune.py:68] layer 4_o @ epoch 0 new loss 3.745242065633647e-05 old loss 3.916401692549698e-05 BETTER
I0314 03:47:27.785211 2374234 finetune.py:68] layer 5_k @ epoch 4 new loss 2.498365574865602e-05 old loss 2.5366251065861434e-05 BETTER
I0314 03:47:38.036350 2374234 finetune.py:45] layer 5_o initial loss 7.095068576745689e-05
I0314 03:47:39.151940 2375091 finetune.py:68] layer 6_k @ epoch 2 new loss 3.760406980291009e-05 old loss 3.8306432543322444e-05 BETTER
I0314 03:47:39.989442 2375996 finetune.py:68] layer 7_k @ epoch 0 new loss 5.382377639762126e-05 old loss 5.748807961936109e-05 BETTER
I0314 03:47:53.450124 2373291 finetune.py:68] layer 4_o @ epoch 1 new loss 3.6634603020502254e-05 old loss 3.745242065633647e-05 BETTER
I0314 03:48:08.626603 2374234 finetune.py:68] layer 5_o @ epoch 0 new loss 6.696634227409959e-05 old loss 7.095068576745689e-05 BETTER
I0314 03:48:11.203451 2375091 finetune.py:68] layer 6_k @ epoch 3 new loss 3.7000416341470554e-05 old loss 3.760406980291009e-05 BETTER
I0314 03:48:11.589998 2375996 finetune.py:68] layer 7_k @ epoch 1 new loss 5.270912515698001e-05 old loss 5.382377639762126e-05 BETTER
I0314 03:48:26.666205 2373291 finetune.py:68] layer 4_o @ epoch 2 new loss 3.606832615332678e-05 old loss 3.6634603020502254e-05 BETTER
I0314 03:48:40.115025 2374234 finetune.py:68] layer 5_o @ epoch 1 new loss 6.481229502242059e-05 old loss 6.696634227409959e-05 BETTER
I0314 03:48:43.252478 2375091 finetune.py:68] layer 6_k @ epoch 4 new loss 3.647897392511368e-05 old loss 3.7000416341470554e-05 BETTER
I0314 03:48:43.361233 2375996 finetune.py:68] layer 7_k @ epoch 2 new loss 5.1835639169439673e-05 old loss 5.270912515698001e-05 BETTER
I0314 03:48:53.307919 2375091 finetune.py:45] layer 6_o initial loss 9.394037624588236e-05
I0314 03:48:59.743269 2373291 finetune.py:68] layer 4_o @ epoch 3 new loss 3.560450568329543e-05 old loss 3.606832615332678e-05 BETTER
I0314 03:49:11.650230 2374234 finetune.py:68] layer 5_o @ epoch 2 new loss 6.322253466350958e-05 old loss 6.481229502242059e-05 BETTER
I0314 03:49:14.986401 2375996 finetune.py:68] layer 7_k @ epoch 3 new loss 5.1100319979013875e-05 old loss 5.1835639169439673e-05 BETTER
I0314 03:49:24.097407 2375091 finetune.py:68] layer 6_o @ epoch 0 new loss 8.785319369053468e-05 old loss 9.394037624588236e-05 BETTER
I0314 03:49:33.289392 2373291 finetune.py:68] layer 4_o @ epoch 4 new loss 3.5206412576371804e-05 old loss 3.560450568329543e-05 BETTER
I0314 03:49:43.060751 2374234 finetune.py:68] layer 5_o @ epoch 3 new loss 6.191938882693648e-05 old loss 6.322253466350958e-05 BETTER
I0314 03:49:46.578293 2375996 finetune.py:68] layer 7_k @ epoch 4 new loss 5.044675344834104e-05 old loss 5.1100319979013875e-05 BETTER
I0314 03:49:50.098292 2373291 finetune.py:45] layer 4_up initial loss 5.7095199736068025e-05
I0314 03:49:55.509238 2375091 finetune.py:68] layer 6_o @ epoch 1 new loss 8.527001045877114e-05 old loss 8.785319369053468e-05 BETTER
I0314 03:49:56.952309 2375996 finetune.py:45] layer 7_o initial loss 0.00012957990111317486
I0314 03:50:14.490199 2374234 finetune.py:68] layer 5_o @ epoch 4 new loss 6.0818532801931724e-05 old loss 6.191938882693648e-05 BETTER
I0314 03:50:20.431299 2373291 finetune.py:68] layer 4_up @ epoch 0 new loss 5.6275584938703105e-05 old loss 5.7095199736068025e-05 BETTER
I0314 03:50:27.158404 2375091 finetune.py:68] layer 6_o @ epoch 2 new loss 8.344188972841948e-05 old loss 8.527001045877114e-05 BETTER
I0314 03:50:27.285393 2375996 finetune.py:68] layer 7_o @ epoch 0 new loss 0.00011984677257714793 old loss 0.00012957990111317486 BETTER
I0314 03:50:31.741765 2374234 finetune.py:45] layer 5_up initial loss 9.563604544382542e-05
I0314 03:50:51.871684 2373291 finetune.py:68] layer 4_up @ epoch 1 new loss 5.57435596419964e-05 old loss 5.6275584938703105e-05 BETTER
I0314 03:50:58.195033 2375996 finetune.py:68] layer 7_o @ epoch 1 new loss 0.00011566605826374143 old loss 0.00011984677257714793 BETTER
I0314 03:50:58.760506 2375091 finetune.py:68] layer 6_o @ epoch 3 new loss 8.19947017589584e-05 old loss 8.344188972841948e-05 BETTER
I0314 03:51:00.573159 2374234 finetune.py:68] layer 5_up @ epoch 0 new loss 9.394492371939123e-05 old loss 9.563604544382542e-05 BETTER
I0314 03:51:23.365525 2373291 finetune.py:68] layer 4_up @ epoch 2 new loss 5.531950591830537e-05 old loss 5.57435596419964e-05 BETTER
I0314 03:51:29.367723 2375996 finetune.py:68] layer 7_o @ epoch 2 new loss 0.00011275407450739294 old loss 0.00011566605826374143 BETTER
I0314 03:51:30.344658 2374234 finetune.py:68] layer 5_up @ epoch 1 new loss 9.281275561079383e-05 old loss 9.394492371939123e-05 BETTER
I0314 03:51:30.639790 2375091 finetune.py:68] layer 6_o @ epoch 4 new loss 8.080695261014625e-05 old loss 8.19947017589584e-05 BETTER
I0314 03:51:46.908196 2375091 finetune.py:45] layer 6_up initial loss 0.0001344567717751488
I0314 03:51:54.843759 2373291 finetune.py:68] layer 4_up @ epoch 3 new loss 5.494393553817645e-05 old loss 5.531950591830537e-05 BETTER
I0314 03:51:59.876972 2374234 finetune.py:68] layer 5_up @ epoch 2 new loss 9.185951785184443e-05 old loss 9.281275561079383e-05 BETTER
I0314 03:52:00.254376 2375996 finetune.py:68] layer 7_o @ epoch 3 new loss 0.00011053194612031803 old loss 0.00011275407450739294 BETTER
I0314 03:52:15.663389 2375091 finetune.py:68] layer 6_up @ epoch 0 new loss 0.00013162025425117463 old loss 0.0001344567717751488 BETTER
I0314 03:52:26.374152 2373291 finetune.py:68] layer 4_up @ epoch 4 new loss 5.460171450977214e-05 old loss 5.494393553817645e-05 BETTER
I0314 03:52:29.566965 2374234 finetune.py:68] layer 5_up @ epoch 3 new loss 9.101301111513749e-05 old loss 9.185951785184443e-05 BETTER
I0314 03:52:31.042657 2375996 finetune.py:68] layer 7_o @ epoch 4 new loss 0.00010870755795622244 old loss 0.00011053194612031803 BETTER
I0314 03:52:43.734898 2373291 finetune.py:45] layer 4_gate initial loss 6.895436672493815e-05
I0314 03:52:45.355895 2375091 finetune.py:68] layer 6_up @ epoch 1 new loss 0.0001300094445468858 old loss 0.00013162025425117463 BETTER
I0314 03:52:48.227956 2375996 finetune.py:45] layer 7_up initial loss 0.00018257321789860725
I0314 03:52:59.198788 2374234 finetune.py:68] layer 5_up @ epoch 4 new loss 9.024784958455712e-05 old loss 9.101301111513749e-05 BETTER
I0314 03:53:12.698128 2373291 finetune.py:68] layer 4_gate @ epoch 0 new loss 6.84873157297261e-05 old loss 6.895436672493815e-05 BETTER
I0314 03:53:15.221860 2375091 finetune.py:68] layer 6_up @ epoch 2 new loss 0.00012867322948295623 old loss 0.0001300094445468858 BETTER
I0314 03:53:16.123066 2374234 finetune.py:45] layer 5_gate initial loss 0.00011182629532413557
I0314 03:53:16.849921 2375996 finetune.py:68] layer 7_up @ epoch 0 new loss 0.00017784473311621696 old loss 0.00018257321789860725 BETTER
I0314 03:53:42.742887 2373291 finetune.py:68] layer 4_gate @ epoch 1 new loss 6.812674837419763e-05 old loss 6.84873157297261e-05 BETTER
I0314 03:53:43.639591 2374234 finetune.py:68] layer 5_gate @ epoch 0 new loss 0.00011095147783635184 old loss 0.00011182629532413557 BETTER
I0314 03:53:45.344605 2375091 finetune.py:68] layer 6_up @ epoch 3 new loss 0.00012751376198139042 old loss 0.00012867322948295623 BETTER
I0314 03:53:46.432800 2375996 finetune.py:68] layer 7_up @ epoch 1 new loss 0.0001751738163875416 old loss 0.00017784473311621696 BETTER
I0314 03:54:12.086022 2374234 finetune.py:68] layer 5_gate @ epoch 1 new loss 0.00011025383719243109 old loss 0.00011095147783635184 BETTER
I0314 03:54:12.843972 2373291 finetune.py:68] layer 4_gate @ epoch 2 new loss 6.781988486181945e-05 old loss 6.812674837419763e-05 BETTER
I0314 03:54:15.417953 2375091 finetune.py:68] layer 6_up @ epoch 4 new loss 0.00012647974654100835 old loss 0.00012751376198139042 BETTER
I0314 03:54:15.935382 2375996 finetune.py:68] layer 7_up @ epoch 2 new loss 0.00017307089001405984 old loss 0.0001751738163875416 BETTER
I0314 03:54:32.374521 2375091 finetune.py:45] layer 6_gate initial loss 0.00015682712546549737
I0314 03:54:40.445631 2374234 finetune.py:68] layer 5_gate @ epoch 2 new loss 0.0001096488194889389 old loss 0.00011025383719243109 BETTER
I0314 03:54:42.792684 2373291 finetune.py:68] layer 4_gate @ epoch 3 new loss 6.754686182830483e-05 old loss 6.781988486181945e-05 BETTER
