I0313 01:57:45.558749 1985945 config.py:54] PyTorch version 2.1.1 available.
Loading checkpoint shards:   0%|          | 0/6 [00:00<?, ?it/s]Loading checkpoint shards:  17%|█▋        | 1/6 [00:00<00:00,  8.91it/s]Loading checkpoint shards:  50%|█████     | 3/6 [00:00<00:00, 10.12it/s]Loading checkpoint shards:  67%|██████▋   | 4/6 [00:00<00:00,  9.96it/s]Loading checkpoint shards:  83%|████████▎ | 5/6 [00:00<00:00,  9.84it/s]Loading checkpoint shards: 100%|██████████| 6/6 [00:00<00:00, 10.06it/s]
I0313 01:57:47.345823 1985945 quantize_finetune_llama.py:135] loaded model
calculating model weight mean & std:   0%|          | 0/32 [00:00<?, ?it/s]calculating model weight mean & std:   3%|▎         | 1/32 [00:00<00:21,  1.44it/s]calculating model weight mean & std:   6%|▋         | 2/32 [00:01<00:20,  1.44it/s]calculating model weight mean & std:   9%|▉         | 3/32 [00:02<00:20,  1.44it/s]calculating model weight mean & std:  12%|█▎        | 4/32 [00:02<00:19,  1.44it/s]calculating model weight mean & std:  16%|█▌        | 5/32 [00:03<00:18,  1.44it/s]calculating model weight mean & std:  19%|█▉        | 6/32 [00:04<00:19,  1.36it/s]calculating model weight mean & std:  22%|██▏       | 7/32 [00:05<00:19,  1.28it/s]calculating model weight mean & std:  25%|██▌       | 8/32 [00:06<00:19,  1.23it/s]calculating model weight mean & std:  28%|██▊       | 9/32 [00:06<00:17,  1.29it/s]calculating model weight mean & std:  31%|███▏      | 10/32 [00:07<00:16,  1.33it/s]calculating model weight mean & std:  34%|███▍      | 11/32 [00:08<00:15,  1.34it/s]calculating model weight mean & std:  38%|███▊      | 12/32 [00:08<00:14,  1.34it/s]calculating model weight mean & std:  41%|████      | 13/32 [00:09<00:13,  1.36it/s]calculating model weight mean & std:  44%|████▍     | 14/32 [00:10<00:13,  1.38it/s]calculating model weight mean & std:  47%|████▋     | 15/32 [00:11<00:12,  1.39it/s]calculating model weight mean & std:  50%|█████     | 16/32 [00:11<00:11,  1.40it/s]calculating model weight mean & std:  53%|█████▎    | 17/32 [00:12<00:10,  1.41it/s]calculating model weight mean & std:  56%|█████▋    | 18/32 [00:13<00:09,  1.42it/s]calculating model weight mean & std:  59%|█████▉    | 19/32 [00:13<00:09,  1.42it/s]calculating model weight mean & std:  62%|██████▎   | 20/32 [00:14<00:08,  1.42it/s]calculating model weight mean & std:  66%|██████▌   | 21/32 [00:15<00:07,  1.42it/s]calculating model weight mean & std:  69%|██████▉   | 22/32 [00:15<00:07,  1.43it/s]calculating model weight mean & std:  72%|███████▏  | 23/32 [00:16<00:06,  1.43it/s]calculating model weight mean & std:  75%|███████▌  | 24/32 [00:17<00:05,  1.46it/s]calculating model weight mean & std:  78%|███████▊  | 25/32 [00:17<00:04,  1.48it/s]calculating model weight mean & std:  81%|████████▏ | 26/32 [00:18<00:04,  1.49it/s]calculating model weight mean & std:  84%|████████▍ | 27/32 [00:19<00:03,  1.50it/s]calculating model weight mean & std:  88%|████████▊ | 28/32 [00:19<00:02,  1.51it/s]calculating model weight mean & std:  91%|█████████ | 29/32 [00:20<00:01,  1.52it/s]calculating model weight mean & std:  94%|█████████▍| 30/32 [00:21<00:01,  1.52it/s]calculating model weight mean & std:  97%|█████████▋| 31/32 [00:21<00:00,  1.53it/s]calculating model weight mean & std: 100%|██████████| 32/32 [00:22<00:00,  1.53it/s]calculating model weight mean & std: 100%|██████████| 32/32 [00:22<00:00,  1.42it/s]
I0313 01:58:19.495519 1985945 quantize_finetune_llama.py:160] loaded compression model
I0313 01:58:33.056693 1985945 quantize_finetune_llama.py:164] loaded dataset and devset
I0313 01:58:38.405621 1985945 quantize_finetune_llama.py:184] layer 0 gpu 0
The attention layers in this model are transitioning from computing the RoPE embeddings internally through `position_ids` (2D tensor with the indexes of the tokens), to using externally computed `position_embeddings` (Tuple of tensors, containing cos and sin). In v4.46 `position_ids` will be removed and `position_embeddings` will be mandatory.
I0313 01:59:59.223777 1985945 quantize_finetune_llama.py:211] computed original embedding for layer 0 in 80.70205402374268s
huggingface/tokenizers: The current process just got forked, after parallelism has already been used. Disabling parallelism to avoid deadlocks...
To disable this warning, you can either:
	- Avoid using `tokenizers` before the fork if possible
	- Explicitly set the environment variable TOKENIZERS_PARALLELISM=(true | false)
I0313 02:00:21.994711 1987950 config.py:54] PyTorch version 2.1.1 available.
I0313 02:00:23.040404 1985945 quantize_finetune_llama.py:184] layer 1 gpu 1
I0313 02:00:23.108590 1987950 data_utils.py:336] using 256 training seqs, 128 validation seqs
The attention layers in this model are transitioning from computing the RoPE embeddings internally through `position_ids` (2D tensor with the indexes of the tokens), to using externally computed `position_embeddings` (Tuple of tensors, containing cos and sin). In v4.46 `position_ids` will be removed and `position_embeddings` will be mandatory.
I0313 02:00:40.143256 1987950 finetune.py:45] layer 0_v initial loss 2.870400237497961e-07
I0313 02:01:12.013486 1987950 finetune.py:68] layer 0_v @ epoch 0 new loss 1.3196306269946945e-07 old loss 2.870400237497961e-07 BETTER
I0313 02:01:32.992608 1985945 quantize_finetune_llama.py:211] computed original embedding for layer 1 in 69.77637219429016s
I0313 02:01:43.745651 1989071 config.py:54] PyTorch version 2.1.1 available.
I0313 02:01:44.756682 1985945 quantize_finetune_llama.py:184] layer 2 gpu 2
I0313 02:01:44.825353 1989071 data_utils.py:336] using 256 training seqs, 128 validation seqs
I0313 02:01:45.405247 1987950 finetune.py:68] layer 0_v @ epoch 1 new loss 8.358924930007561e-08 old loss 1.3196306269946945e-07 BETTER
The attention layers in this model are transitioning from computing the RoPE embeddings internally through `position_ids` (2D tensor with the indexes of the tokens), to using externally computed `position_embeddings` (Tuple of tensors, containing cos and sin). In v4.46 `position_ids` will be removed and `position_embeddings` will be mandatory.
I0313 02:02:01.817012 1989071 finetune.py:45] layer 1_v initial loss 8.611550583736971e-05
I0313 02:02:19.017459 1987950 finetune.py:68] layer 0_v @ epoch 2 new loss 6.684212650043264e-08 old loss 8.358924930007561e-08 BETTER
I0313 02:02:32.712050 1989071 finetune.py:68] layer 1_v @ epoch 0 new loss 1.0108044079970568e-05 old loss 8.611550583736971e-05 BETTER
I0313 02:02:53.148319 1987950 finetune.py:68] layer 0_v @ epoch 3 new loss 5.9419619446998695e-08 old loss 6.684212650043264e-08 BETTER
I0313 02:02:54.475377 1985945 quantize_finetune_llama.py:211] computed original embedding for layer 2 in 69.5282027721405s
I0313 02:03:02.922785 1990119 config.py:54] PyTorch version 2.1.1 available.
I0313 02:03:03.962701 1985945 quantize_finetune_llama.py:184] layer 3 gpu 3
I0313 02:03:04.035905 1990119 data_utils.py:336] using 256 training seqs, 128 validation seqs
I0313 02:03:04.606645 1989071 finetune.py:68] layer 1_v @ epoch 1 new loss 7.943514901853632e-06 old loss 1.0108044079970568e-05 BETTER
The attention layers in this model are transitioning from computing the RoPE embeddings internally through `position_ids` (2D tensor with the indexes of the tokens), to using externally computed `position_embeddings` (Tuple of tensors, containing cos and sin). In v4.46 `position_ids` will be removed and `position_embeddings` will be mandatory.
I0313 02:03:20.989781 1990119 finetune.py:45] layer 2_v initial loss 2.284164474986028e-05
I0313 02:03:27.357550 1987950 finetune.py:68] layer 0_v @ epoch 4 new loss 5.5497707762697246e-08 old loss 5.9419619446998695e-08 BETTER
I0313 02:03:36.821504 1989071 finetune.py:68] layer 1_v @ epoch 2 new loss 6.59077932141372e-06 old loss 7.943514901853632e-06 BETTER
I0313 02:03:44.950283 1987950 finetune.py:45] layer 0_q initial loss 5.649275180985569e-08
I0313 02:03:52.265470 1990119 finetune.py:68] layer 2_v @ epoch 0 new loss 1.196040648210328e-05 old loss 2.284164474986028e-05 BETTER
I0313 02:04:10.982986 1989071 finetune.py:76] layer 1_v @ epoch 3 new loss 7.2351872404397e-06 old loss 6.59077932141372e-06 WORSE
I0313 02:04:19.014713 1987950 finetune.py:68] layer 0_q @ epoch 0 new loss 5.3077801709378036e-08 old loss 5.649275180985569e-08 BETTER
I0313 02:04:23.130696 1985945 quantize_finetune_llama.py:211] computed original embedding for layer 3 in 78.97543406486511s
I0313 02:04:29.068089 1990119 finetune.py:68] layer 2_v @ epoch 1 new loss 8.122487997752614e-06 old loss 1.196040648210328e-05 BETTER
I0313 02:04:34.375869 1991347 config.py:54] PyTorch version 2.1.1 available.
I0313 02:04:35.476868 1985945 quantize_finetune_llama.py:184] layer 4 gpu 0
I0313 02:04:35.548932 1991347 data_utils.py:336] using 256 training seqs, 128 validation seqs
I0313 02:04:44.281671 1989071 finetune.py:76] layer 1_v @ epoch 4 new loss 7.2412613008054905e-06 old loss 6.59077932141372e-06 WORSE
The attention layers in this model are transitioning from computing the RoPE embeddings internally through `position_ids` (2D tensor with the indexes of the tokens), to using externally computed `position_embeddings` (Tuple of tensors, containing cos and sin). In v4.46 `position_ids` will be removed and `position_embeddings` will be mandatory.
I0313 02:04:52.531621 1991347 finetune.py:45] layer 3_v initial loss 5.040111864218488e-05
I0313 02:04:53.521741 1987950 finetune.py:68] layer 0_q @ epoch 1 new loss 5.1001144640849816e-08 old loss 5.3077801709378036e-08 BETTER
I0313 02:05:01.286953 1990119 finetune.py:68] layer 2_v @ epoch 2 new loss 6.6339589466224425e-06 old loss 8.122487997752614e-06 BETTER
I0313 02:05:01.567558 1989071 finetune.py:45] layer 1_q initial loss 1.9923783838748932e-05
I0313 02:05:23.450748 1991347 finetune.py:68] layer 3_v @ epoch 0 new loss 2.19557732634712e-05 old loss 5.040111864218488e-05 BETTER
I0313 02:05:27.409272 1987950 finetune.py:68] layer 0_q @ epoch 2 new loss 4.9396454926409206e-08 old loss 5.1001144640849816e-08 BETTER
I0313 02:05:32.926323 1989071 finetune.py:68] layer 1_q @ epoch 0 new loss 7.811092473275494e-06 old loss 1.9923783838748932e-05 BETTER
I0313 02:05:34.152560 1990119 finetune.py:68] layer 2_v @ epoch 3 new loss 6.01308056502603e-06 old loss 6.6339589466224425e-06 BETTER
I0313 02:05:55.443055 1991347 finetune.py:68] layer 3_v @ epoch 1 new loss 1.5062315469549503e-05 old loss 2.19557732634712e-05 BETTER
I0313 02:06:01.461208 1987950 finetune.py:68] layer 0_q @ epoch 3 new loss 4.815217380382819e-08 old loss 4.9396454926409206e-08 BETTER
I0313 02:06:04.997711 1989071 finetune.py:68] layer 1_q @ epoch 1 new loss 7.131964594009332e-06 old loss 7.811092473275494e-06 BETTER
I0313 02:06:07.187254 1990119 finetune.py:68] layer 2_v @ epoch 4 new loss 5.733924353990005e-06 old loss 6.01308056502603e-06 BETTER
I0313 02:06:24.741328 1990119 finetune.py:45] layer 2_q initial loss 6.200195457495283e-06
I0313 02:06:27.591607 1991347 finetune.py:68] layer 3_v @ epoch 2 new loss 1.3069366104900837e-05 old loss 1.5062315469549503e-05 BETTER
I0313 02:06:35.414099 1987950 finetune.py:68] layer 0_q @ epoch 4 new loss 4.7119137036588654e-08 old loss 4.815217380382819e-08 BETTER
I0313 02:06:37.108405 1989071 finetune.py:76] layer 1_q @ epoch 2 new loss 8.49470143293729e-06 old loss 7.131964594009332e-06 WORSE
I0313 02:06:52.930450 1987950 finetune.py:45] layer 0_k initial loss 4.9119439182732094e-08
I0313 02:06:56.190752 1990119 finetune.py:68] layer 2_q @ epoch 0 new loss 5.9760691328847315e-06 old loss 6.200195457495283e-06 BETTER
I0313 02:06:59.898924 1991347 finetune.py:68] layer 3_v @ epoch 3 new loss 1.2351952136668842e-05 old loss 1.3069366104900837e-05 BETTER
I0313 02:07:08.538408 1989071 finetune.py:76] layer 1_q @ epoch 3 new loss 7.3689866439963225e-06 old loss 7.131964594009332e-06 WORSE
I0313 02:07:25.194878 1987950 finetune.py:68] layer 0_k @ epoch 0 new loss 4.7304666850322974e-08 old loss 4.9119439182732094e-08 BETTER
I0313 02:07:28.601544 1990119 finetune.py:68] layer 2_q @ epoch 1 new loss 5.885160135221668e-06 old loss 5.9760691328847315e-06 BETTER
I0313 02:07:32.256485 1991347 finetune.py:68] layer 3_v @ epoch 4 new loss 1.2016689652227797e-05 old loss 1.2351952136668842e-05 BETTER
I0313 02:07:39.948156 1989071 finetune.py:76] layer 1_q @ epoch 4 new loss 1.2389079529384617e-05 old loss 7.131964594009332e-06 WORSE
I0313 02:07:49.684093 1991347 finetune.py:45] layer 3_q initial loss 1.4211566849553492e-05
I0313 02:07:56.797729 1989071 finetune.py:45] layer 1_k initial loss 1.064565822161967e-05
I0313 02:07:58.474510 1987950 finetune.py:68] layer 0_k @ epoch 1 new loss 4.638850015226126e-08 old loss 4.7304666850322974e-08 BETTER
I0313 02:08:00.851914 1990119 finetune.py:68] layer 2_q @ epoch 2 new loss 5.823193077958422e-06 old loss 5.885160135221668e-06 BETTER
I0313 02:08:20.818847 1991347 finetune.py:68] layer 3_q @ epoch 0 new loss 1.3755236977885943e-05 old loss 1.4211566849553492e-05 BETTER
I0313 02:08:27.752135 1989071 finetune.py:68] layer 1_k @ epoch 0 new loss 8.381002771784551e-06 old loss 1.064565822161967e-05 BETTER
I0313 02:08:31.938819 1987950 finetune.py:68] layer 0_k @ epoch 2 new loss 4.56444162466596e-08 old loss 4.638850015226126e-08 BETTER
I0313 02:08:33.162289 1990119 finetune.py:68] layer 2_q @ epoch 3 new loss 5.77297032577917e-06 old loss 5.823193077958422e-06 BETTER
I0313 02:08:52.801031 1991347 finetune.py:68] layer 3_q @ epoch 1 new loss 1.3549441064242274e-05 old loss 1.3755236977885943e-05 BETTER
I0313 02:08:59.702709 1989071 finetune.py:68] layer 1_k @ epoch 1 new loss 8.181635166693013e-06 old loss 8.381002771784551e-06 BETTER
I0313 02:09:05.449819 1987950 finetune.py:68] layer 0_k @ epoch 3 new loss 4.498183869827699e-08 old loss 4.56444162466596e-08 BETTER
I0313 02:09:05.512406 1990119 finetune.py:68] layer 2_q @ epoch 4 new loss 5.729993063141592e-06 old loss 5.77297032577917e-06 BETTER
I0313 02:09:23.105470 1990119 finetune.py:45] layer 2_k initial loss 6.171823770273477e-06
I0313 02:09:24.762297 1991347 finetune.py:68] layer 3_q @ epoch 2 new loss 1.3393018889473751e-05 old loss 1.3549441064242274e-05 BETTER
I0313 02:09:31.713515 1989071 finetune.py:76] layer 1_k @ epoch 2 new loss 8.24256676423829e-06 old loss 8.181635166693013e-06 WORSE
I0313 02:09:38.831441 1987950 finetune.py:68] layer 0_k @ epoch 4 new loss 4.4534608889534866e-08 old loss 4.498183869827699e-08 BETTER
I0313 02:09:54.563044 1990119 finetune.py:68] layer 2_k @ epoch 0 new loss 6.125070285634138e-06 old loss 6.171823770273477e-06 BETTER
I0313 02:09:56.771356 1991347 finetune.py:68] layer 3_q @ epoch 3 new loss 1.3268239854369313e-05 old loss 1.3393018889473751e-05 BETTER
I0313 02:09:56.835487 1987950 finetune.py:45] layer 0_o initial loss 3.2731452392908977e-07
I0313 02:10:03.344029 1989071 finetune.py:68] layer 1_k @ epoch 3 new loss 7.792303222231567e-06 old loss 8.181635166693013e-06 BETTER
I0313 02:10:26.787332 1990119 finetune.py:68] layer 2_k @ epoch 1 new loss 6.087988822400803e-06 old loss 6.125070285634138e-06 BETTER
I0313 02:10:28.633868 1987950 finetune.py:68] layer 0_o @ epoch 0 new loss 3.1027212799017434e-07 old loss 3.2731452392908977e-07 BETTER
I0313 02:10:28.857748 1991347 finetune.py:68] layer 3_q @ epoch 4 new loss 1.3161083188606426e-05 old loss 1.3268239854369313e-05 BETTER
I0313 02:10:35.334190 1989071 finetune.py:68] layer 1_k @ epoch 4 new loss 7.069069397402927e-06 old loss 7.792303222231567e-06 BETTER
I0313 02:10:46.419595 1991347 finetune.py:45] layer 3_k initial loss 1.4899984307703562e-05
I0313 02:10:53.134608 1989071 finetune.py:45] layer 1_o initial loss 2.5830862796283327e-05
I0313 02:10:58.937622 1990119 finetune.py:68] layer 2_k @ epoch 2 new loss 6.0548895817191806e-06 old loss 6.087988822400803e-06 BETTER
I0313 02:11:01.314861 1987950 finetune.py:68] layer 0_o @ epoch 1 new loss 2.9786758659611223e-07 old loss 3.1027212799017434e-07 BETTER
I0313 02:11:17.206939 1991347 finetune.py:68] layer 3_k @ epoch 0 new loss 1.4733383977727499e-05 old loss 1.4899984307703562e-05 BETTER
I0313 02:11:23.397682 1989071 finetune.py:68] layer 1_o @ epoch 0 new loss 1.542878817417659e-05 old loss 2.5830862796283327e-05 BETTER
I0313 02:11:31.045567 1990119 finetune.py:68] layer 2_k @ epoch 3 new loss 6.025093625794398e-06 old loss 6.0548895817191806e-06 BETTER
I0313 02:11:34.255392 1987950 finetune.py:68] layer 0_o @ epoch 2 new loss 2.8810742946916434e-07 old loss 2.9786758659611223e-07 BETTER
I0313 02:11:48.854850 1991347 finetune.py:68] layer 3_k @ epoch 1 new loss 1.4637497770308983e-05 old loss 1.4733383977727499e-05 BETTER
I0313 02:11:54.568913 1989071 finetune.py:68] layer 1_o @ epoch 1 new loss 1.5289100701920688e-05 old loss 1.542878817417659e-05 BETTER
I0313 02:12:03.318215 1990119 finetune.py:68] layer 2_k @ epoch 4 new loss 5.997553216730012e-06 old loss 6.025093625794398e-06 BETTER
I0313 02:12:07.580686 1987950 finetune.py:68] layer 0_o @ epoch 3 new loss 2.8035071863996563e-07 old loss 2.8810742946916434e-07 BETTER
I0313 02:12:20.435711 1991347 finetune.py:68] layer 3_k @ epoch 2 new loss 1.4558633665728848e-05 old loss 1.4637497770308983e-05 BETTER
I0313 02:12:21.447233 1990119 finetune.py:45] layer 2_o initial loss 2.0742403648910113e-05
I0313 02:12:25.899365 1989071 finetune.py:68] layer 1_o @ epoch 2 new loss 1.5099964002729394e-05 old loss 1.5289100701920688e-05 BETTER
I0313 02:12:40.768470 1987950 finetune.py:68] layer 0_o @ epoch 4 new loss 2.7412170311436057e-07 old loss 2.8035071863996563e-07 BETTER
I0313 02:12:52.098316 1990119 finetune.py:68] layer 2_o @ epoch 0 new loss 2.030650466622319e-05 old loss 2.0742403648910113e-05 BETTER
I0313 02:12:52.099500 1991347 finetune.py:68] layer 3_k @ epoch 3 new loss 1.4488340639218222e-05 old loss 1.4558633665728848e-05 BETTER
I0313 02:12:57.270165 1989071 finetune.py:68] layer 1_o @ epoch 3 new loss 1.5088251529959962e-05 old loss 1.5099964002729394e-05 BETTER
I0313 02:13:04.193561 1987950 finetune.py:45] layer 0_up initial loss 5.001584781894053e-07
I0313 02:13:23.570382 1990119 finetune.py:68] layer 2_o @ epoch 1 new loss 2.000252243306022e-05 old loss 2.030650466622319e-05 BETTER
I0313 02:13:23.783293 1991347 finetune.py:68] layer 3_k @ epoch 4 new loss 1.4425834706344176e-05 old loss 1.4488340639218222e-05 BETTER
I0313 02:13:28.861769 1989071 finetune.py:68] layer 1_o @ epoch 4 new loss 1.5035886463010684e-05 old loss 1.5088251529959962e-05 BETTER
I0313 02:13:34.353762 1987950 finetune.py:68] layer 0_up @ epoch 0 new loss 4.717265937870252e-07 old loss 5.001584781894053e-07 BETTER
I0313 02:13:41.620306 1991347 finetune.py:45] layer 3_o initial loss 4.1107061406364664e-05
I0313 02:13:51.703790 1989071 finetune.py:45] layer 1_up initial loss 2.3369966584141366e-05
I0313 02:13:55.060949 1990119 finetune.py:68] layer 2_o @ epoch 2 new loss 1.9771880033658817e-05 old loss 2.000252243306022e-05 BETTER
I0313 02:14:05.562755 1987950 finetune.py:68] layer 0_up @ epoch 1 new loss 4.5764048195451323e-07 old loss 4.717265937870252e-07 BETTER
I0313 02:14:11.548808 1991347 finetune.py:68] layer 3_o @ epoch 0 new loss 3.993789869127795e-05 old loss 4.1107061406364664e-05 BETTER
I0313 02:14:20.425540 1989071 finetune.py:68] layer 1_up @ epoch 0 new loss 1.76539397216402e-05 old loss 2.3369966584141366e-05 BETTER
I0313 02:14:26.516397 1990119 finetune.py:68] layer 2_o @ epoch 3 new loss 1.9587534552556463e-05 old loss 1.9771880033658817e-05 BETTER
I0313 02:14:37.040610 1987950 finetune.py:68] layer 0_up @ epoch 2 new loss 4.4950192545911705e-07 old loss 4.5764048195451323e-07 BETTER
I0313 02:14:42.503571 1991347 finetune.py:68] layer 3_o @ epoch 1 new loss 3.920986637240276e-05 old loss 3.993789869127795e-05 BETTER
I0313 02:14:50.176283 1989071 finetune.py:68] layer 1_up @ epoch 1 new loss 1.7574207959114574e-05 old loss 1.76539397216402e-05 BETTER
I0313 02:14:58.315958 1990119 finetune.py:68] layer 2_o @ epoch 4 new loss 1.9436276488704607e-05 old loss 1.9587534552556463e-05 BETTER
I0313 02:15:08.569281 1987950 finetune.py:68] layer 0_up @ epoch 3 new loss 4.4415739353098616e-07 old loss 4.4950192545911705e-07 BETTER
I0313 02:15:13.431157 1991347 finetune.py:68] layer 3_o @ epoch 2 new loss 3.8728474464733154e-05 old loss 3.920986637240276e-05 BETTER
I0313 02:15:19.925595 1989071 finetune.py:68] layer 1_up @ epoch 2 new loss 1.742262793413829e-05 old loss 1.7574207959114574e-05 BETTER
I0313 02:15:21.728676 1990119 finetune.py:45] layer 2_up initial loss 2.8494612706708722e-05
I0313 02:15:40.162401 1987950 finetune.py:68] layer 0_up @ epoch 4 new loss 4.4030795720573224e-07 old loss 4.4415739353098616e-07 BETTER
I0313 02:15:44.504293 1991347 finetune.py:68] layer 3_o @ epoch 3 new loss 3.838254633592442e-05 old loss 3.8728474464733154e-05 BETTER
I0313 02:15:49.659240 1989071 finetune.py:68] layer 1_up @ epoch 3 new loss 1.7198019122588448e-05 old loss 1.742262793413829e-05 BETTER
I0313 02:15:50.605763 1990119 finetune.py:68] layer 2_up @ epoch 0 new loss 2.8309241315582767e-05 old loss 2.8494612706708722e-05 BETTER
I0313 02:16:03.263232 1987950 finetune.py:45] layer 0_gate initial loss 6.873640359117417e-07
I0313 02:16:15.426740 1991347 finetune.py:68] layer 3_o @ epoch 4 new loss 3.8120597309898585e-05 old loss 3.838254633592442e-05 BETTER
I0313 02:16:19.418191 1989071 finetune.py:68] layer 1_up @ epoch 4 new loss 1.7114703950937837e-05 old loss 1.7198019122588448e-05 BETTER
I0313 02:16:20.258156 1990119 finetune.py:68] layer 2_up @ epoch 1 new loss 2.817761378537398e-05 old loss 2.8309241315582767e-05 BETTER
I0313 02:16:31.916348 1987950 finetune.py:68] layer 0_gate @ epoch 0 new loss 6.552828040184977e-07 old loss 6.873640359117417e-07 BETTER
I0313 02:16:38.754780 1991347 finetune.py:45] layer 3_up initial loss 6.096020297263749e-05
I0313 02:16:42.295743 1989071 finetune.py:45] layer 1_gate initial loss 2.2358412024914287e-05
I0313 02:16:49.928673 1990119 finetune.py:68] layer 2_up @ epoch 2 new loss 2.8073367502656765e-05 old loss 2.817761378537398e-05 BETTER
I0313 02:17:01.649028 1987950 finetune.py:68] layer 0_gate @ epoch 1 new loss 6.383205004567571e-07 old loss 6.552828040184977e-07 BETTER
I0313 02:17:07.237502 1991347 finetune.py:68] layer 3_up @ epoch 0 new loss 6.0567752370843664e-05 old loss 6.096020297263749e-05 BETTER
I0313 02:17:09.640202 1989071 finetune.py:68] layer 1_gate @ epoch 0 new loss 1.945046824403107e-05 old loss 2.2358412024914287e-05 BETTER
I0313 02:17:19.759585 1990119 finetune.py:68] layer 2_up @ epoch 3 new loss 2.7984850021312013e-05 old loss 2.8073367502656765e-05 BETTER
I0313 02:17:31.360359 1987950 finetune.py:68] layer 0_gate @ epoch 2 new loss 6.279216790971986e-07 old loss 6.383205004567571e-07 BETTER
I0313 02:17:36.650720 1991347 finetune.py:68] layer 3_up @ epoch 1 new loss 6.0299909819150344e-05 old loss 6.0567752370843664e-05 BETTER
I0313 02:17:37.842984 1989071 finetune.py:68] layer 1_gate @ epoch 1 new loss 1.9390541638131253e-05 old loss 1.945046824403107e-05 BETTER
I0313 02:17:49.650306 1990119 finetune.py:68] layer 2_up @ epoch 4 new loss 2.790805410768371e-05 old loss 2.7984850021312013e-05 BETTER
I0313 02:18:01.116232 1987950 finetune.py:68] layer 0_gate @ epoch 3 new loss 6.207827141224698e-07 old loss 6.279216790971986e-07 BETTER
I0313 02:18:05.991680 1989071 finetune.py:68] layer 1_gate @ epoch 2 new loss 1.91925519175129e-05 old loss 1.9390541638131253e-05 BETTER
I0313 02:18:06.122704 1991347 finetune.py:68] layer 3_up @ epoch 2 new loss 6.009888238622807e-05 old loss 6.0299909819150344e-05 BETTER
I0313 02:18:12.762881 1990119 finetune.py:45] layer 2_gate initial loss 3.4497676097089425e-05
I0313 02:18:31.046442 1987950 finetune.py:68] layer 0_gate @ epoch 4 new loss 6.156051881589519e-07 old loss 6.207827141224698e-07 BETTER
I0313 02:18:34.144819 1989071 finetune.py:68] layer 1_gate @ epoch 3 new loss 1.9119232092634775e-05 old loss 1.91925519175129e-05 BETTER
I0313 02:18:35.586516 1991347 finetune.py:68] layer 3_up @ epoch 3 new loss 5.99289451201912e-05 old loss 6.009888238622807e-05 BETTER
I0313 02:18:40.272793 1990119 finetune.py:68] layer 2_gate @ epoch 0 new loss 3.4353182854829356e-05 old loss 3.4497676097089425e-05 BETTER
I0313 02:19:02.197278 1989071 finetune.py:68] layer 1_gate @ epoch 4 new loss 1.907765181385912e-05 old loss 1.9119232092634775e-05 BETTER
I0313 02:19:05.076889 1991347 finetune.py:68] layer 3_up @ epoch 4 new loss 5.977924229227938e-05 old loss 5.99289451201912e-05 BETTER
I0313 02:19:08.286090 1990119 finetune.py:68] layer 2_gate @ epoch 1 new loss 3.425385875743814e-05 old loss 3.4353182854829356e-05 BETTER
I0313 02:19:11.881022 1987950 finetune.py:45] layer 0_down initial loss 1.5318396435759496e-06
I0313 02:19:27.649086 1991347 finetune.py:45] layer 3_gate initial loss 7.654225191799924e-05
I0313 02:19:36.396912 1990119 finetune.py:68] layer 2_gate @ epoch 2 new loss 3.417626430746168e-05 old loss 3.425385875743814e-05 BETTER
I0313 02:19:38.237768 1987950 finetune.py:68] layer 0_down @ epoch 0 new loss 1.5263494788086973e-06 old loss 1.5318396435759496e-06 BETTER
I0313 02:19:42.746957 1989071 finetune.py:45] layer 1_down initial loss 3.05112171190558e-05
I0313 02:19:54.471151 1991347 finetune.py:68] layer 3_gate @ epoch 0 new loss 7.625539728906006e-05 old loss 7.654225191799924e-05 BETTER
I0313 02:20:04.786036 1990119 finetune.py:68] layer 2_gate @ epoch 3 new loss 3.4111446439055726e-05 old loss 3.417626430746168e-05 BETTER
I0313 02:20:06.150729 1987950 finetune.py:68] layer 0_down @ epoch 1 new loss 1.5232383248076076e-06 old loss 1.5263494788086973e-06 BETTER
I0313 02:20:08.268006 1989071 finetune.py:68] layer 1_down @ epoch 0 new loss 3.0325700208777562e-05 old loss 3.05112171190558e-05 BETTER
I0313 02:20:22.285489 1991347 finetune.py:68] layer 3_gate @ epoch 1 new loss 7.603743870276958e-05 old loss 7.625539728906006e-05 BETTER
I0313 02:20:32.979371 1990119 finetune.py:68] layer 2_gate @ epoch 4 new loss 3.4055821743095294e-05 old loss 3.4111446439055726e-05 BETTER
I0313 02:20:34.339068 1987950 finetune.py:68] layer 0_down @ epoch 2 new loss 1.5211221580102574e-06 old loss 1.5232383248076076e-06 BETTER
I0313 02:20:34.606589 1989071 finetune.py:68] layer 1_down @ epoch 1 new loss 3.0219809559639543e-05 old loss 3.0325700208777562e-05 BETTER
I0313 02:20:50.170753 1991347 finetune.py:68] layer 3_gate @ epoch 2 new loss 7.586355059174821e-05 old loss 7.603743870276958e-05 BETTER
I0313 02:21:01.099499 1989071 finetune.py:68] layer 1_down @ epoch 2 new loss 3.0178283850545995e-05 old loss 3.0219809559639543e-05 BETTER
I0313 02:21:02.719498 1987950 finetune.py:68] layer 0_down @ epoch 3 new loss 1.519620695944468e-06 old loss 1.5211221580102574e-06 BETTER
I0313 02:21:14.913109 1990119 finetune.py:45] layer 2_down initial loss 5.365052857086994e-05
I0313 02:21:18.282530 1991347 finetune.py:68] layer 3_gate @ epoch 3 new loss 7.57201632950455e-05 old loss 7.586355059174821e-05 BETTER
I0313 02:21:27.873745 1989071 finetune.py:76] layer 1_down @ epoch 3 new loss 3.02068601740757e-05 old loss 3.0178283850545995e-05 WORSE
I0313 02:21:30.965234 1987950 finetune.py:68] layer 0_down @ epoch 4 new loss 1.5184612038865453e-06 old loss 1.519620695944468e-06 BETTER
0_v proxy err 0.00980015005916357 tr(WHW.T) 4.225186347961426
0_q proxy err 2.210937236668542e-05 tr(WHW.T) 2710.45751953125
0_k proxy err 3.169892806909047e-05 tr(WHW.T) 1698.7501220703125
0_o proxy err 0.001019088551402092 tr(WHW.T) 0.9687241911888123
0_up proxy err 0.01019021775573492 tr(WHW.T) 43.27389907836914
0_gate proxy err 0.006972184404730797 tr(WHW.T) 63.442996978759766
0_down proxy err 0.00610636780038476 tr(WHW.T) 0.6576115489006042
I0313 02:21:41.371716 1990119 finetune.py:68] layer 2_down @ epoch 0 new loss 5.362524461816065e-05 old loss 5.365052857086994e-05 BETTER
I0313 02:21:46.870419 1991347 finetune.py:68] layer 3_gate @ epoch 4 new loss 7.559471850981936e-05 old loss 7.57201632950455e-05 BETTER
I0313 02:21:54.783385 1989071 finetune.py:68] layer 1_down @ epoch 4 new loss 3.0126586352707818e-05 old loss 3.0178283850545995e-05 BETTER
1_v proxy err 0.02642023004591465 tr(WHW.T) 16.465883255004883
1_q proxy err 0.00010706015746109188 tr(WHW.T) 4778.5966796875
1_k proxy err 0.00010488845146028325 tr(WHW.T) 4996.0341796875
1_o proxy err 0.018868230283260345 tr(WHW.T) 1.1122004985809326
1_up proxy err 0.01442593801766634 tr(WHW.T) 109.73991394042969
1_gate proxy err 0.007256765384227037 tr(WHW.T) 221.26754760742188
1_down proxy err 0.00018243800150230527 tr(WHW.T) 2042.3294677734375
I0313 02:22:08.188987 1990119 finetune.py:68] layer 2_down @ epoch 1 new loss 5.360946670407429e-05 old loss 5.362524461816065e-05 BETTER
I0313 02:22:27.816806 1991347 finetune.py:45] layer 3_down initial loss 0.0001165738285635598
I0313 02:22:34.840156 1990119 finetune.py:68] layer 2_down @ epoch 2 new loss 5.3598567319568247e-05 old loss 5.360946670407429e-05 BETTER
I0313 02:22:52.640534 1991347 finetune.py:68] layer 3_down @ epoch 0 new loss 0.0001165227877208963 old loss 0.0001165738285635598 BETTER
I0313 02:23:01.611896 1990119 finetune.py:68] layer 2_down @ epoch 3 new loss 5.3590738389175385e-05 old loss 5.3598567319568247e-05 BETTER
I0313 02:23:13.464422 1985945 quantize_finetune_llama.py:211] computed original embedding for layer 4 in 73.61947512626648s
I0313 02:23:16.935437 1991729 config.py:54] PyTorch version 2.1.1 available.
I0313 02:23:18.059111 1985945 quantize_finetune_llama.py:184] layer 5 gpu 1
I0313 02:23:18.129933 1991729 data_utils.py:336] using 256 training seqs, 128 validation seqs
I0313 02:23:18.542246 1991347 finetune.py:68] layer 3_down @ epoch 1 new loss 0.00011648962390609086 old loss 0.0001165227877208963 BETTER
I0313 02:23:28.539345 1990119 finetune.py:68] layer 2_down @ epoch 4 new loss 5.358489943319e-05 old loss 5.3590738389175385e-05 BETTER
2_v proxy err 0.017010115087032318 tr(WHW.T) 136.67332458496094
2_q proxy err 0.0003417187253944576 tr(WHW.T) 7749.8310546875
2_k proxy err 0.0002618407888803631 tr(WHW.T) 10205.7177734375
2_o proxy err 0.02852557972073555 tr(WHW.T) 1.46206796169281
2_up proxy err 0.020702166482806206 tr(WHW.T) 193.44711303710938
2_gate proxy err 0.013298201374709606 tr(WHW.T) 306.4130554199219
2_down proxy err 0.027394097298383713 tr(WHW.T) 3.018242597579956
The attention layers in this model are transitioning from computing the RoPE embeddings internally through `position_ids` (2D tensor with the indexes of the tokens), to using externally computed `position_embeddings` (Tuple of tensors, containing cos and sin). In v4.46 `position_ids` will be removed and `position_embeddings` will be mandatory.
I0313 02:23:35.538039 1991729 finetune.py:45] layer 4_v initial loss 6.71806265017949e-05
I0313 02:23:44.516040 1991347 finetune.py:68] layer 3_down @ epoch 2 new loss 0.00011646539496723562 old loss 0.00011648962390609086 BETTER
I0313 02:24:08.369227 1991729 finetune.py:68] layer 4_v @ epoch 0 new loss 2.958037111966405e-05 old loss 6.71806265017949e-05 BETTER
I0313 02:24:10.765048 1991347 finetune.py:68] layer 3_down @ epoch 3 new loss 0.00011644676851574332 old loss 0.00011646539496723562 BETTER
I0313 02:24:37.158278 1991347 finetune.py:68] layer 3_down @ epoch 4 new loss 0.0001164325003628619 old loss 0.00011644676851574332 BETTER
3_v proxy err 0.028541048988699913 tr(WHW.T) 284.77557373046875
3_q proxy err 0.0012847298057749867 tr(WHW.T) 7217.0810546875
3_k proxy err 0.0009284138795919716 tr(WHW.T) 10076.7587890625
3_o proxy err 0.024605954065918922 tr(WHW.T) 3.362360715866089
3_up proxy err 0.0258343368768692 tr(WHW.T) 284.74493408203125
3_gate proxy err 0.015686748549342155 tr(WHW.T) 477.6507568359375
3_down proxy err 0.02858733758330345 tr(WHW.T) 6.156436443328857
I0313 02:24:42.624949 1991729 finetune.py:68] layer 4_v @ epoch 1 new loss 2.236938053101767e-05 old loss 2.958037111966405e-05 BETTER
I0313 02:24:43.467099 1985945 quantize_finetune_llama.py:211] computed original embedding for layer 5 in 69.97060823440552s
I0313 02:24:46.678882 1991845 config.py:54] PyTorch version 2.1.1 available.
I0313 02:24:47.627409 1985945 quantize_finetune_llama.py:184] layer 6 gpu 2
I0313 02:24:47.693411 1991845 data_utils.py:336] using 256 training seqs, 128 validation seqs
The attention layers in this model are transitioning from computing the RoPE embeddings internally through `position_ids` (2D tensor with the indexes of the tokens), to using externally computed `position_embeddings` (Tuple of tensors, containing cos and sin). In v4.46 `position_ids` will be removed and `position_embeddings` will be mandatory.
I0313 02:25:03.928736 1991845 finetune.py:45] layer 5_v initial loss 9.650945867178962e-05
I0313 02:25:17.285322 1991729 finetune.py:68] layer 4_v @ epoch 2 new loss 2.041852167167235e-05 old loss 2.236938053101767e-05 BETTER
I0313 02:25:35.150918 1991845 finetune.py:68] layer 5_v @ epoch 0 new loss 4.895278834737837e-05 old loss 9.650945867178962e-05 BETTER
I0313 02:25:51.981177 1991729 finetune.py:68] layer 4_v @ epoch 3 new loss 1.9606393834692426e-05 old loss 2.041852167167235e-05 BETTER
I0313 02:25:56.935215 1985945 quantize_finetune_llama.py:211] computed original embedding for layer 6 in 68.93873405456543s
I0313 02:26:00.027880 1991961 config.py:54] PyTorch version 2.1.1 available.
I0313 02:26:01.022265 1985945 quantize_finetune_llama.py:184] layer 7 gpu 3
I0313 02:26:01.088574 1991961 data_utils.py:336] using 256 training seqs, 128 validation seqs
I0313 02:26:07.281180 1991845 finetune.py:68] layer 5_v @ epoch 1 new loss 4.116813579457812e-05 old loss 4.895278834737837e-05 BETTER
The attention layers in this model are transitioning from computing the RoPE embeddings internally through `position_ids` (2D tensor with the indexes of the tokens), to using externally computed `position_embeddings` (Tuple of tensors, containing cos and sin). In v4.46 `position_ids` will be removed and `position_embeddings` will be mandatory.
I0313 02:26:18.017100 1991961 finetune.py:45] layer 6_v initial loss 0.00014721152547281235
I0313 02:26:26.950189 1991729 finetune.py:68] layer 4_v @ epoch 4 new loss 1.913897540362086e-05 old loss 1.9606393834692426e-05 BETTER
I0313 02:26:39.452901 1991845 finetune.py:68] layer 5_v @ epoch 2 new loss 3.8852136640343815e-05 old loss 4.116813579457812e-05 BETTER
I0313 02:26:45.101293 1991729 finetune.py:45] layer 4_q initial loss 2.2416188585339114e-05
I0313 02:26:49.389963 1991961 finetune.py:68] layer 6_v @ epoch 0 new loss 6.496364949271083e-05 old loss 0.00014721152547281235 BETTER
I0313 02:27:11.558027 1985945 quantize_finetune_llama.py:211] computed original embedding for layer 7 in 70.01697516441345s
I0313 02:27:12.363131 1991845 finetune.py:68] layer 5_v @ epoch 3 new loss 3.767881207750179e-05 old loss 3.8852136640343815e-05 BETTER
I0313 02:27:14.901190 1992077 config.py:54] PyTorch version 2.1.1 available.
I0313 02:27:15.930122 1985945 quantize_finetune_llama.py:184] layer 8 gpu 0
I0313 02:27:15.995325 1992077 data_utils.py:336] using 256 training seqs, 128 validation seqs
I0313 02:27:18.172627 1991729 finetune.py:68] layer 4_q @ epoch 0 new loss 2.1761972675449215e-05 old loss 2.2416188585339114e-05 BETTER
I0313 02:27:21.748576 1991961 finetune.py:68] layer 6_v @ epoch 1 new loss 5.4540010751225054e-05 old loss 6.496364949271083e-05 BETTER
The attention layers in this model are transitioning from computing the RoPE embeddings internally through `position_ids` (2D tensor with the indexes of the tokens), to using externally computed `position_embeddings` (Tuple of tensors, containing cos and sin). In v4.46 `position_ids` will be removed and `position_embeddings` will be mandatory.
I0313 02:27:32.953146 1992077 finetune.py:45] layer 7_v initial loss 0.0001720751606626436
I0313 02:27:45.333249 1991845 finetune.py:68] layer 5_v @ epoch 4 new loss 3.692358222906478e-05 old loss 3.767881207750179e-05 BETTER
I0313 02:27:52.270840 1991729 finetune.py:68] layer 4_q @ epoch 1 new loss 2.1411369743873365e-05 old loss 2.1761972675449215e-05 BETTER
I0313 02:27:54.301367 1991961 finetune.py:68] layer 6_v @ epoch 2 new loss 5.134840102982707e-05 old loss 5.4540010751225054e-05 BETTER
I0313 02:28:02.712774 1991845 finetune.py:45] layer 5_q initial loss 4.1894640162354335e-05
I0313 02:28:03.804519 1992077 finetune.py:68] layer 7_v @ epoch 0 new loss 8.71798547450453e-05 old loss 0.0001720751606626436 BETTER
I0313 02:28:26.523195 1991729 finetune.py:68] layer 4_q @ epoch 2 new loss 2.1143065168871544e-05 old loss 2.1411369743873365e-05 BETTER
I0313 02:28:27.051688 1991961 finetune.py:68] layer 6_v @ epoch 3 new loss 4.970836016582325e-05 old loss 5.134840102982707e-05 BETTER
I0313 02:28:34.177464 1991845 finetune.py:68] layer 5_q @ epoch 0 new loss 4.083984094904736e-05 old loss 4.1894640162354335e-05 BETTER
I0313 02:28:35.721678 1992077 finetune.py:68] layer 7_v @ epoch 1 new loss 7.678399560973048e-05 old loss 8.71798547450453e-05 BETTER
I0313 02:29:00.041747 1991961 finetune.py:68] layer 6_v @ epoch 4 new loss 4.863298454438336e-05 old loss 4.970836016582325e-05 BETTER
I0313 02:29:00.866363 1991729 finetune.py:68] layer 4_q @ epoch 3 new loss 2.0920462702633813e-05 old loss 2.1143065168871544e-05 BETTER
I0313 02:29:06.266682 1991845 finetune.py:68] layer 5_q @ epoch 1 new loss 4.0213155443780124e-05 old loss 4.083984094904736e-05 BETTER
I0313 02:29:07.814705 1992077 finetune.py:68] layer 7_v @ epoch 2 new loss 7.331695087486878e-05 old loss 7.678399560973048e-05 BETTER
I0313 02:29:17.555248 1991961 finetune.py:45] layer 6_q initial loss 5.941800191067159e-05
I0313 02:29:35.134001 1991729 finetune.py:68] layer 4_q @ epoch 4 new loss 2.0733406927320175e-05 old loss 2.0920462702633813e-05 BETTER
I0313 02:29:38.418347 1991845 finetune.py:68] layer 5_q @ epoch 2 new loss 3.9732269215164706e-05 old loss 4.0213155443780124e-05 BETTER
I0313 02:29:39.923730 1992077 finetune.py:68] layer 7_v @ epoch 3 new loss 7.136658678064123e-05 old loss 7.331695087486878e-05 BETTER
I0313 02:29:48.985357 1991961 finetune.py:68] layer 6_q @ epoch 0 new loss 5.761057400377467e-05 old loss 5.941800191067159e-05 BETTER
I0313 02:29:53.145830 1991729 finetune.py:45] layer 4_k initial loss 2.3349301045527682e-05
I0313 02:30:10.951287 1991845 finetune.py:68] layer 5_q @ epoch 3 new loss 3.9317284972639754e-05 old loss 3.9732269215164706e-05 BETTER
I0313 02:30:11.953283 1992077 finetune.py:68] layer 7_v @ epoch 4 new loss 7.006199302850291e-05 old loss 7.136658678064123e-05 BETTER
I0313 02:30:21.176589 1991961 finetune.py:68] layer 6_q @ epoch 1 new loss 5.6669941841391847e-05 old loss 5.761057400377467e-05 BETTER
I0313 02:30:25.558934 1991729 finetune.py:68] layer 4_k @ epoch 0 new loss 2.3054401026456617e-05 old loss 2.3349301045527682e-05 BETTER
I0313 02:30:29.361739 1992077 finetune.py:45] layer 7_q initial loss 8.582149894209579e-05
I0313 02:30:43.778619 1991845 finetune.py:68] layer 5_q @ epoch 4 new loss 3.8952272007009014e-05 old loss 3.9317284972639754e-05 BETTER
I0313 02:30:53.647010 1991961 finetune.py:68] layer 6_q @ epoch 2 new loss 5.5940119636943564e-05 old loss 5.6669941841391847e-05 BETTER
I0313 02:30:59.371072 1991729 finetune.py:68] layer 4_k @ epoch 1 new loss 2.2882204575580545e-05 old loss 2.3054401026456617e-05 BETTER
I0313 02:31:00.585892 1992077 finetune.py:68] layer 7_q @ epoch 0 new loss 8.317722677020356e-05 old loss 8.582149894209579e-05 BETTER
I0313 02:31:01.530032 1991845 finetune.py:45] layer 5_k initial loss 4.199973773211241e-05
I0313 02:31:26.016717 1991961 finetune.py:68] layer 6_q @ epoch 3 new loss 5.53334757569246e-05 old loss 5.5940119636943564e-05 BETTER
I0313 02:31:32.653384 1991845 finetune.py:68] layer 5_k @ epoch 0 new loss 4.157091461820528e-05 old loss 4.199973773211241e-05 BETTER
I0313 02:31:32.793150 1992077 finetune.py:68] layer 7_q @ epoch 1 new loss 8.186618651961908e-05 old loss 8.317722677020356e-05 BETTER
I0313 02:31:32.965406 1991729 finetune.py:68] layer 4_k @ epoch 2 new loss 2.2739386622561142e-05 old loss 2.2882204575580545e-05 BETTER
I0313 02:31:58.506485 1991961 finetune.py:68] layer 6_q @ epoch 4 new loss 5.4819134675199166e-05 old loss 5.53334757569246e-05 BETTER
I0313 02:32:04.592499 1991845 finetune.py:68] layer 5_k @ epoch 1 new loss 4.1257582779508084e-05 old loss 4.157091461820528e-05 BETTER
I0313 02:32:04.843695 1992077 finetune.py:68] layer 7_q @ epoch 2 new loss 8.081956912064925e-05 old loss 8.186618651961908e-05 BETTER
I0313 02:32:06.873958 1991729 finetune.py:68] layer 4_k @ epoch 3 new loss 2.261108602397144e-05 old loss 2.2739386622561142e-05 BETTER
I0313 02:32:15.894363 1991961 finetune.py:45] layer 6_k initial loss 6.19438142166473e-05
I0313 02:32:36.581520 1991845 finetune.py:68] layer 5_k @ epoch 2 new loss 4.0988023101817816e-05 old loss 4.1257582779508084e-05 BETTER
I0313 02:32:36.873748 1992077 finetune.py:68] layer 7_q @ epoch 3 new loss 7.994029874680564e-05 old loss 8.081956912064925e-05 BETTER
I0313 02:32:40.775209 1991729 finetune.py:68] layer 4_k @ epoch 4 new loss 2.2496882593259215e-05 old loss 2.261108602397144e-05 BETTER
I0313 02:32:47.291970 1991961 finetune.py:68] layer 6_k @ epoch 0 new loss 6.112910341471434e-05 old loss 6.19438142166473e-05 BETTER
I0313 02:32:58.568706 1991729 finetune.py:45] layer 4_o initial loss 6.443876918638125e-05
I0313 02:33:08.552708 1991845 finetune.py:68] layer 5_k @ epoch 3 new loss 4.074499156558886e-05 old loss 4.0988023101817816e-05 BETTER
I0313 02:33:08.864706 1992077 finetune.py:68] layer 7_q @ epoch 4 new loss 7.919631025288254e-05 old loss 7.994029874680564e-05 BETTER
I0313 02:33:19.341226 1991961 finetune.py:68] layer 6_k @ epoch 1 new loss 6.068669608794153e-05 old loss 6.112910341471434e-05 BETTER
I0313 02:33:26.295629 1992077 finetune.py:45] layer 7_k initial loss 9.069406951311976e-05
I0313 02:33:30.360020 1991729 finetune.py:68] layer 4_o @ epoch 0 new loss 6.190511339809746e-05 old loss 6.443876918638125e-05 BETTER
I0313 02:33:40.596177 1991845 finetune.py:68] layer 5_k @ epoch 4 new loss 4.053115480928682e-05 old loss 4.074499156558886e-05 BETTER
I0313 02:33:51.352115 1991961 finetune.py:68] layer 6_k @ epoch 2 new loss 6.0302496422082186e-05 old loss 6.068669608794153e-05 BETTER
I0313 02:33:56.888985 1992077 finetune.py:68] layer 7_k @ epoch 0 new loss 8.904658170649782e-05 old loss 9.069406951311976e-05 BETTER
I0313 02:33:58.653961 1991845 finetune.py:45] layer 5_o initial loss 0.00010450083937030286
I0313 02:34:03.553994 1991729 finetune.py:68] layer 4_o @ epoch 1 new loss 6.0919817769899964e-05 old loss 6.190511339809746e-05 BETTER
I0313 02:34:23.403384 1991961 finetune.py:68] layer 6_k @ epoch 3 new loss 5.997709740768187e-05 old loss 6.0302496422082186e-05 BETTER
I0313 02:34:28.379714 1992077 finetune.py:68] layer 7_k @ epoch 1 new loss 8.83281827555038e-05 old loss 8.904658170649782e-05 BETTER
I0313 02:34:29.007083 1991845 finetune.py:68] layer 5_o @ epoch 0 new loss 0.00010044515511253849 old loss 0.00010450083937030286 BETTER
I0313 02:34:36.818043 1991729 finetune.py:68] layer 4_o @ epoch 2 new loss 6.036816193955019e-05 old loss 6.0919817769899964e-05 BETTER
I0313 02:34:55.392139 1991961 finetune.py:68] layer 6_k @ epoch 4 new loss 5.969262929284014e-05 old loss 5.997709740768187e-05 BETTER
I0313 02:34:59.961938 1992077 finetune.py:68] layer 7_k @ epoch 2 new loss 8.772654109634459e-05 old loss 8.83281827555038e-05 BETTER
I0313 02:35:00.178256 1991845 finetune.py:68] layer 5_o @ epoch 1 new loss 9.898095595417544e-05 old loss 0.00010044515511253849 BETTER
I0313 02:35:10.341369 1991729 finetune.py:68] layer 4_o @ epoch 3 new loss 5.997333937557414e-05 old loss 6.036816193955019e-05 BETTER
I0313 02:35:13.341410 1991961 finetune.py:45] layer 6_o initial loss 0.0001553534675622359
I0313 02:35:31.464585 1991845 finetune.py:68] layer 5_o @ epoch 2 new loss 9.806311572901905e-05 old loss 9.898095595417544e-05 BETTER
I0313 02:35:31.496172 1992077 finetune.py:68] layer 7_k @ epoch 3 new loss 8.722425991436467e-05 old loss 8.772654109634459e-05 BETTER
I0313 02:35:44.067613 1991961 finetune.py:68] layer 6_o @ epoch 0 new loss 0.0001480448991060257 old loss 0.0001553534675622359 BETTER
I0313 02:35:44.073202 1991729 finetune.py:68] layer 4_o @ epoch 4 new loss 5.964942465652712e-05 old loss 5.997333937557414e-05 BETTER
I0313 02:36:03.028197 1991845 finetune.py:68] layer 5_o @ epoch 3 new loss 9.733373735798523e-05 old loss 9.806311572901905e-05 BETTER
I0313 02:36:03.250589 1992077 finetune.py:68] layer 7_k @ epoch 4 new loss 8.677323057781905e-05 old loss 8.722425991436467e-05 BETTER
I0313 02:36:07.029285 1991729 finetune.py:45] layer 4_up initial loss 0.00010209362517343834
I0313 02:36:15.467291 1991961 finetune.py:68] layer 6_o @ epoch 1 new loss 0.00014601345174014568 old loss 0.0001480448991060257 BETTER
I0313 02:36:20.658807 1992077 finetune.py:45] layer 7_o initial loss 0.00021245052630547434
I0313 02:36:34.288913 1991845 finetune.py:68] layer 5_o @ epoch 4 new loss 9.672228043200448e-05 old loss 9.733373735798523e-05 BETTER
I0313 02:36:37.542109 1991729 finetune.py:68] layer 4_up @ epoch 0 new loss 0.00010135983757209033 old loss 0.00010209362517343834 BETTER
I0313 02:36:46.857064 1991961 finetune.py:68] layer 6_o @ epoch 2 new loss 0.00014476245269179344 old loss 0.00014601345174014568 BETTER
I0313 02:36:50.779144 1992077 finetune.py:68] layer 7_o @ epoch 0 new loss 0.00020383342052809894 old loss 0.00021245052630547434 BETTER
I0313 02:36:58.441808 1991845 finetune.py:45] layer 5_up initial loss 0.0001641747949179262
I0313 02:37:09.450465 1991729 finetune.py:68] layer 4_up @ epoch 1 new loss 0.00010088203271152452 old loss 0.00010135983757209033 BETTER
I0313 02:37:19.077826 1991961 finetune.py:68] layer 6_o @ epoch 3 new loss 0.00014377431944012642 old loss 0.00014476245269179344 BETTER
I0313 02:37:22.774787 1992077 finetune.py:68] layer 7_o @ epoch 1 new loss 0.00020113274513278157 old loss 0.00020383342052809894 BETTER
I0313 02:37:27.493115 1991845 finetune.py:68] layer 5_up @ epoch 0 new loss 0.00016299457638524473 old loss 0.0001641747949179262 BETTER
I0313 02:37:41.123569 1991729 finetune.py:68] layer 4_up @ epoch 2 new loss 0.000100510056654457 old loss 0.00010088203271152452 BETTER
I0313 02:37:51.316916 1991961 finetune.py:68] layer 6_o @ epoch 4 new loss 0.00014293928688857704 old loss 0.00014377431944012642 BETTER
I0313 02:37:54.766568 1992077 finetune.py:68] layer 7_o @ epoch 2 new loss 0.00019927590619772673 old loss 0.00020113274513278157 BETTER
I0313 02:37:57.223608 1991845 finetune.py:68] layer 5_up @ epoch 1 new loss 0.00016219499229919165 old loss 0.00016299457638524473 BETTER
I0313 02:38:13.939454 1991729 finetune.py:68] layer 4_up @ epoch 3 new loss 0.00010018681496148929 old loss 0.000100510056654457 BETTER
I0313 02:38:16.985009 1991961 finetune.py:45] layer 6_up initial loss 0.0002481331175658852
I0313 02:38:25.944699 1992077 finetune.py:68] layer 7_o @ epoch 3 new loss 0.00019777953275479376 old loss 0.00019927590619772673 BETTER
I0313 02:38:27.252313 1991845 finetune.py:68] layer 5_up @ epoch 2 new loss 0.0001615188957657665 old loss 0.00016219499229919165 BETTER
I0313 02:38:45.729452 1991729 finetune.py:68] layer 4_up @ epoch 4 new loss 9.989343379857019e-05 old loss 0.00010018681496148929 BETTER
I0313 02:38:45.955484 1991961 finetune.py:68] layer 6_up @ epoch 0 new loss 0.00024614715948700905 old loss 0.0002481331175658852 BETTER
I0313 02:38:56.903928 1992077 finetune.py:68] layer 7_o @ epoch 4 new loss 0.00019648519810289145 old loss 0.00019777953275479376 BETTER
I0313 02:38:56.986315 1991845 finetune.py:68] layer 5_up @ epoch 3 new loss 0.00016090748249553144 old loss 0.0001615188957657665 BETTER
I0313 02:39:08.492074 1991729 finetune.py:45] layer 4_gate initial loss 0.00012784465798176825
I0313 02:39:15.612427 1991961 finetune.py:68] layer 6_up @ epoch 1 new loss 0.00024486175971105695 old loss 0.00024614715948700905 BETTER
I0313 02:39:19.741159 1992077 finetune.py:45] layer 7_up initial loss 0.000339565915055573
I0313 02:39:26.715192 1991845 finetune.py:68] layer 5_up @ epoch 4 new loss 0.0001603542477823794 old loss 0.00016090748249553144 BETTER
I0313 02:39:37.309125 1991729 finetune.py:68] layer 4_gate @ epoch 0 new loss 0.0001273115340154618 old loss 0.00012784465798176825 BETTER
I0313 02:39:45.442673 1991961 finetune.py:68] layer 6_up @ epoch 2 new loss 0.0002437777875456959 old loss 0.00024486175971105695 BETTER
I0313 02:39:48.174457 1992077 finetune.py:68] layer 7_up @ epoch 0 new loss 0.00033639511093497276 old loss 0.000339565915055573 BETTER
I0313 02:39:49.756282 1991845 finetune.py:45] layer 5_gate initial loss 0.00020233937539160252
I0313 02:40:07.000440 1991729 finetune.py:68] layer 4_gate @ epoch 1 new loss 0.0001269082131329924 old loss 0.0001273115340154618 BETTER
I0313 02:40:15.392325 1991961 finetune.py:68] layer 6_up @ epoch 3 new loss 0.00024279749777633697 old loss 0.0002437777875456959 BETTER
I0313 02:40:17.218376 1991845 finetune.py:68] layer 5_gate @ epoch 0 new loss 0.00020145582675468177 old loss 0.00020233937539160252 BETTER
I0313 02:40:17.603637 1992077 finetune.py:68] layer 7_up @ epoch 1 new loss 0.0003344104334246367 old loss 0.00033639511093497276 BETTER
I0313 02:40:36.740442 1991729 finetune.py:68] layer 4_gate @ epoch 2 new loss 0.0001265704195247963 old loss 0.0001269082131329924 BETTER
I0313 02:40:45.426407 1991961 finetune.py:68] layer 6_up @ epoch 4 new loss 0.00024190379190258682 old loss 0.00024279749777633697 BETTER
I0313 02:40:45.570782 1991845 finetune.py:68] layer 5_gate @ epoch 1 new loss 0.0002007996226893738 old loss 0.00020145582675468177 BETTER
I0313 02:40:47.220240 1992077 finetune.py:68] layer 7_up @ epoch 2 new loss 0.0003327084123156965 old loss 0.0003344104334246367 BETTER
I0313 02:41:06.694181 1991729 finetune.py:68] layer 4_gate @ epoch 3 new loss 0.00012627318210434169 old loss 0.0001265704195247963 BETTER
I0313 02:41:08.534712 1991961 finetune.py:45] layer 6_gate initial loss 0.0003018666466232389
