I0313 06:34:18.884844 2090717 config.py:54] PyTorch version 2.1.1 available.
Loading checkpoint shards:   0%|          | 0/6 [00:00<?, ?it/s]Loading checkpoint shards:  17%|█▋        | 1/6 [00:00<00:00,  8.72it/s]Loading checkpoint shards:  50%|█████     | 3/6 [00:00<00:00, 10.14it/s]Loading checkpoint shards:  67%|██████▋   | 4/6 [00:00<00:00,  9.77it/s]Loading checkpoint shards: 100%|██████████| 6/6 [00:00<00:00, 10.26it/s]Loading checkpoint shards: 100%|██████████| 6/6 [00:00<00:00, 10.08it/s]
I0313 06:34:20.700519 2090717 quantize_finetune_llama.py:135] loaded model
calculating model weight mean & std:   0%|          | 0/32 [00:00<?, ?it/s]calculating model weight mean & std:   3%|▎         | 1/32 [00:00<00:21,  1.44it/s]calculating model weight mean & std:   6%|▋         | 2/32 [00:01<00:20,  1.44it/s]calculating model weight mean & std:   9%|▉         | 3/32 [00:02<00:20,  1.44it/s]calculating model weight mean & std:  12%|█▎        | 4/32 [00:02<00:19,  1.44it/s]calculating model weight mean & std:  16%|█▌        | 5/32 [00:03<00:18,  1.44it/s]calculating model weight mean & std:  19%|█▉        | 6/32 [00:04<00:18,  1.44it/s]calculating model weight mean & std:  22%|██▏       | 7/32 [00:04<00:17,  1.44it/s]calculating model weight mean & std:  25%|██▌       | 8/32 [00:05<00:16,  1.44it/s]calculating model weight mean & std:  28%|██▊       | 9/32 [00:06<00:16,  1.43it/s]calculating model weight mean & std:  31%|███▏      | 10/32 [00:06<00:15,  1.43it/s]calculating model weight mean & std:  34%|███▍      | 11/32 [00:07<00:14,  1.43it/s]calculating model weight mean & std:  38%|███▊      | 12/32 [00:08<00:13,  1.43it/s]calculating model weight mean & std:  41%|████      | 13/32 [00:09<00:13,  1.43it/s]calculating model weight mean & std:  44%|████▍     | 14/32 [00:09<00:12,  1.43it/s]calculating model weight mean & std:  47%|████▋     | 15/32 [00:10<00:11,  1.43it/s]calculating model weight mean & std:  50%|█████     | 16/32 [00:11<00:11,  1.43it/s]calculating model weight mean & std:  53%|█████▎    | 17/32 [00:11<00:10,  1.43it/s]calculating model weight mean & std:  56%|█████▋    | 18/32 [00:12<00:09,  1.44it/s]calculating model weight mean & std:  59%|█████▉    | 19/32 [00:13<00:08,  1.47it/s]calculating model weight mean & std:  62%|██████▎   | 20/32 [00:13<00:08,  1.48it/s]calculating model weight mean & std:  66%|██████▌   | 21/32 [00:14<00:07,  1.50it/s]calculating model weight mean & std:  69%|██████▉   | 22/32 [00:15<00:06,  1.46it/s]calculating model weight mean & std:  72%|███████▏  | 23/32 [00:15<00:06,  1.42it/s]calculating model weight mean & std:  75%|███████▌  | 24/32 [00:16<00:05,  1.42it/s]calculating model weight mean & std:  78%|███████▊  | 25/32 [00:17<00:04,  1.42it/s]calculating model weight mean & std:  81%|████████▏ | 26/32 [00:18<00:04,  1.43it/s]calculating model weight mean & std:  84%|████████▍ | 27/32 [00:18<00:03,  1.43it/s]calculating model weight mean & std:  88%|████████▊ | 28/32 [00:19<00:02,  1.44it/s]calculating model weight mean & std:  91%|█████████ | 29/32 [00:20<00:02,  1.42it/s]calculating model weight mean & std:  94%|█████████▍| 30/32 [00:20<00:01,  1.43it/s]calculating model weight mean & std:  97%|█████████▋| 31/32 [00:21<00:00,  1.43it/s]calculating model weight mean & std: 100%|██████████| 32/32 [00:22<00:00,  1.44it/s]calculating model weight mean & std: 100%|██████████| 32/32 [00:22<00:00,  1.44it/s]
I0313 06:34:52.810873 2090717 quantize_finetune_llama.py:160] loaded compression model
I0313 06:35:07.208379 2090717 quantize_finetune_llama.py:164] loaded dataset and devset
I0313 06:35:12.952648 2090717 quantize_finetune_llama.py:184] layer 0 gpu 0
The attention layers in this model are transitioning from computing the RoPE embeddings internally through `position_ids` (2D tensor with the indexes of the tokens), to using externally computed `position_embeddings` (Tuple of tensors, containing cos and sin). In v4.46 `position_ids` will be removed and `position_embeddings` will be mandatory.
I0313 06:36:22.729644 2090717 quantize_finetune_llama.py:211] computed original embedding for layer 0 in 69.66232204437256s
huggingface/tokenizers: The current process just got forked, after parallelism has already been used. Disabling parallelism to avoid deadlocks...
To disable this warning, you can either:
	- Avoid using `tokenizers` before the fork if possible
	- Explicitly set the environment variable TOKENIZERS_PARALLELISM=(true | false)
I0313 06:36:42.827664 2092127 config.py:54] PyTorch version 2.1.1 available.
I0313 06:36:43.906794 2090717 quantize_finetune_llama.py:184] layer 1 gpu 1
I0313 06:36:43.972888 2092127 data_utils.py:336] using 256 training seqs, 128 validation seqs
The attention layers in this model are transitioning from computing the RoPE embeddings internally through `position_ids` (2D tensor with the indexes of the tokens), to using externally computed `position_embeddings` (Tuple of tensors, containing cos and sin). In v4.46 `position_ids` will be removed and `position_embeddings` will be mandatory.
I0313 06:37:01.185993 2092127 finetune.py:45] layer 0_v initial loss 1.4812351878390473e-07
I0313 06:37:32.964684 2092127 finetune.py:68] layer 0_v @ epoch 0 new loss 6.127645235665113e-08 old loss 1.4812351878390473e-07 BETTER
I0313 06:37:53.840874 2090717 quantize_finetune_llama.py:211] computed original embedding for layer 1 in 69.80683922767639s
I0313 06:38:02.274563 2092954 config.py:54] PyTorch version 2.1.1 available.
I0313 06:38:03.323241 2090717 quantize_finetune_llama.py:184] layer 2 gpu 2
I0313 06:38:03.396567 2092954 data_utils.py:336] using 256 training seqs, 128 validation seqs
I0313 06:38:05.959244 2092127 finetune.py:68] layer 0_v @ epoch 1 new loss 3.860156994051067e-08 old loss 6.127645235665113e-08 BETTER
The attention layers in this model are transitioning from computing the RoPE embeddings internally through `position_ids` (2D tensor with the indexes of the tokens), to using externally computed `position_embeddings` (Tuple of tensors, containing cos and sin). In v4.46 `position_ids` will be removed and `position_embeddings` will be mandatory.
I0313 06:38:20.194635 2092954 finetune.py:45] layer 1_v initial loss 8.21965113573242e-06
I0313 06:38:39.531379 2092127 finetune.py:68] layer 0_v @ epoch 2 new loss 3.169339279907035e-08 old loss 3.860156994051067e-08 BETTER
I0313 06:38:51.135802 2092954 finetune.py:68] layer 1_v @ epoch 0 new loss 4.1779894672799855e-06 old loss 8.21965113573242e-06 BETTER
I0313 06:39:13.418991 2092127 finetune.py:68] layer 0_v @ epoch 3 new loss 2.8626319092950325e-08 old loss 3.169339279907035e-08 BETTER
I0313 06:39:15.545560 2090717 quantize_finetune_llama.py:211] computed original embedding for layer 2 in 72.07946109771729s
I0313 06:39:24.760426 2092954 finetune.py:76] layer 1_v @ epoch 1 new loss 4.219215043121949e-06 old loss 4.1779894672799855e-06 WORSE
I0313 06:39:26.129567 2093823 config.py:54] PyTorch version 2.1.1 available.
I0313 06:39:27.148927 2090717 quantize_finetune_llama.py:184] layer 3 gpu 3
I0313 06:39:27.213042 2093823 data_utils.py:336] using 256 training seqs, 128 validation seqs
The attention layers in this model are transitioning from computing the RoPE embeddings internally through `position_ids` (2D tensor with the indexes of the tokens), to using externally computed `position_embeddings` (Tuple of tensors, containing cos and sin). In v4.46 `position_ids` will be removed and `position_embeddings` will be mandatory.
I0313 06:39:43.992357 2093823 finetune.py:45] layer 2_v initial loss 1.111453639168758e-05
I0313 06:39:47.570554 2092127 finetune.py:68] layer 0_v @ epoch 4 new loss 2.69512376860348e-08 old loss 2.8626319092950325e-08 BETTER
I0313 06:39:56.490961 2092954 finetune.py:76] layer 1_v @ epoch 2 new loss 4.4030407480022404e-06 old loss 4.1779894672799855e-06 WORSE
I0313 06:40:05.403398 2092127 finetune.py:45] layer 0_q initial loss 2.7420794523891345e-08
I0313 06:40:15.434981 2093823 finetune.py:68] layer 2_v @ epoch 0 new loss 6.2559970501752105e-06 old loss 1.111453639168758e-05 BETTER
I0313 06:40:28.425783 2092954 finetune.py:68] layer 1_v @ epoch 3 new loss 3.088857738475781e-06 old loss 4.1779894672799855e-06 BETTER
I0313 06:40:37.995624 2092127 finetune.py:68] layer 0_q @ epoch 0 new loss 2.592153158786914e-08 old loss 2.7420794523891345e-08 BETTER
I0313 06:40:42.468147 2090717 quantize_finetune_llama.py:211] computed original embedding for layer 3 in 75.1467604637146s
I0313 06:40:51.257170 2093823 finetune.py:68] layer 2_v @ epoch 1 new loss 4.3339809963072184e-06 old loss 6.2559970501752105e-06 BETTER
I0313 06:40:53.473232 2094706 config.py:54] PyTorch version 2.1.1 available.
I0313 06:40:54.528655 2090717 quantize_finetune_llama.py:184] layer 4 gpu 0
I0313 06:40:54.608334 2094706 data_utils.py:336] using 256 training seqs, 128 validation seqs
I0313 06:41:01.175254 2092954 finetune.py:76] layer 1_v @ epoch 4 new loss 3.2959567306534154e-06 old loss 3.088857738475781e-06 WORSE
The attention layers in this model are transitioning from computing the RoPE embeddings internally through `position_ids` (2D tensor with the indexes of the tokens), to using externally computed `position_embeddings` (Tuple of tensors, containing cos and sin). In v4.46 `position_ids` will be removed and `position_embeddings` will be mandatory.
I0313 06:41:11.444773 2094706 finetune.py:45] layer 3_v initial loss 2.4698681954760104e-05
I0313 06:41:11.547018 2092127 finetune.py:68] layer 0_q @ epoch 1 new loss 2.498568107967003e-08 old loss 2.592153158786914e-08 BETTER
I0313 06:41:18.442202 2092954 finetune.py:45] layer 1_q initial loss 5.65026311960537e-06
I0313 06:41:23.735226 2093823 finetune.py:68] layer 2_v @ epoch 2 new loss 3.508490863168845e-06 old loss 4.3339809963072184e-06 BETTER
I0313 06:41:42.029623 2094706 finetune.py:68] layer 3_v @ epoch 0 new loss 1.1161237125634216e-05 old loss 2.4698681954760104e-05 BETTER
I0313 06:41:45.150368 2092127 finetune.py:68] layer 0_q @ epoch 2 new loss 2.42560389551727e-08 old loss 2.498568107967003e-08 BETTER
I0313 06:41:49.819335 2092954 finetune.py:68] layer 1_q @ epoch 0 new loss 3.708974190885783e-06 old loss 5.65026311960537e-06 BETTER
I0313 06:41:56.246413 2093823 finetune.py:68] layer 2_v @ epoch 3 new loss 3.130065806544735e-06 old loss 3.508490863168845e-06 BETTER
I0313 06:42:13.998331 2094706 finetune.py:68] layer 3_v @ epoch 1 new loss 7.68008339946391e-06 old loss 1.1161237125634216e-05 BETTER
I0313 06:42:18.796105 2092127 finetune.py:68] layer 0_q @ epoch 3 new loss 2.3685696959319102e-08 old loss 2.42560389551727e-08 BETTER
I0313 06:42:21.851735 2092954 finetune.py:76] layer 1_q @ epoch 1 new loss 3.807740085903788e-06 old loss 3.708974190885783e-06 WORSE
I0313 06:42:29.038829 2093823 finetune.py:68] layer 2_v @ epoch 4 new loss 2.9458349217748037e-06 old loss 3.130065806544735e-06 BETTER
I0313 06:42:45.913465 2094706 finetune.py:68] layer 3_v @ epoch 2 new loss 6.651583589700749e-06 old loss 7.68008339946391e-06 BETTER
I0313 06:42:46.730041 2093823 finetune.py:45] layer 2_q initial loss 3.1631375350116286e-06
I0313 06:42:52.735945 2092127 finetune.py:68] layer 0_q @ epoch 4 new loss 2.3191132569877482e-08 old loss 2.3685696959319102e-08 BETTER
I0313 06:42:53.262119 2092954 finetune.py:68] layer 1_q @ epoch 2 new loss 2.9788166102662217e-06 old loss 3.708974190885783e-06 BETTER
I0313 06:43:10.226754 2092127 finetune.py:45] layer 0_k initial loss 2.4593227010427654e-08
I0313 06:43:18.160444 2093823 finetune.py:68] layer 2_q @ epoch 0 new loss 3.0293097097455757e-06 old loss 3.1631375350116286e-06 BETTER
I0313 06:43:18.244333 2094706 finetune.py:68] layer 3_v @ epoch 3 new loss 6.263363047764869e-06 old loss 6.651583589700749e-06 BETTER
I0313 06:43:25.531869 2092954 finetune.py:76] layer 1_q @ epoch 3 new loss 5.417520696937572e-06 old loss 2.9788166102662217e-06 WORSE
I0313 06:43:42.593754 2092127 finetune.py:68] layer 0_k @ epoch 0 new loss 2.3349230104940943e-08 old loss 2.4593227010427654e-08 BETTER
I0313 06:43:50.214488 2093823 finetune.py:68] layer 2_q @ epoch 1 new loss 2.9673028620891273e-06 old loss 3.0293097097455757e-06 BETTER
I0313 06:43:50.432495 2094706 finetune.py:68] layer 3_v @ epoch 4 new loss 6.070470135455253e-06 old loss 6.263363047764869e-06 BETTER
I0313 06:43:56.943089 2092954 finetune.py:76] layer 1_q @ epoch 4 new loss 3.431075583648635e-06 old loss 2.9788166102662217e-06 WORSE
I0313 06:44:07.827670 2094706 finetune.py:45] layer 3_q initial loss 7.125865977286594e-06
I0313 06:44:14.134997 2092954 finetune.py:45] layer 1_k initial loss 3.944164291169727e-06
I0313 06:44:16.010827 2092127 finetune.py:68] layer 0_k @ epoch 1 new loss 2.2916450959087342e-08 old loss 2.3349230104940943e-08 BETTER
I0313 06:44:22.722612 2093823 finetune.py:68] layer 2_q @ epoch 2 new loss 2.926840579675627e-06 old loss 2.9673028620891273e-06 BETTER
I0313 06:44:38.969701 2094706 finetune.py:68] layer 3_q @ epoch 0 new loss 6.9056477514095604e-06 old loss 7.125865977286594e-06 BETTER
I0313 06:44:45.300419 2092954 finetune.py:76] layer 1_k @ epoch 0 new loss 4.2349133764219005e-06 old loss 3.944164291169727e-06 WORSE
I0313 06:44:49.460095 2092127 finetune.py:68] layer 0_k @ epoch 2 new loss 2.2540017852179517e-08 old loss 2.2916450959087342e-08 BETTER
I0313 06:44:55.134026 2093823 finetune.py:68] layer 2_q @ epoch 3 new loss 2.8958286293345736e-06 old loss 2.926840579675627e-06 BETTER
I0313 06:45:10.925905 2094706 finetune.py:68] layer 3_q @ epoch 1 new loss 6.786853191442788e-06 old loss 6.9056477514095604e-06 BETTER
I0313 06:45:16.717461 2092954 finetune.py:68] layer 1_k @ epoch 1 new loss 3.6691205878014443e-06 old loss 3.944164291169727e-06 BETTER
I0313 06:45:22.972132 2092127 finetune.py:68] layer 0_k @ epoch 3 new loss 2.225395689947618e-08 old loss 2.2540017852179517e-08 BETTER
I0313 06:45:27.784087 2093823 finetune.py:68] layer 2_q @ epoch 4 new loss 2.870136768251541e-06 old loss 2.8958286293345736e-06 BETTER
I0313 06:45:43.182247 2094706 finetune.py:68] layer 3_q @ epoch 2 new loss 6.698465767840389e-06 old loss 6.786853191442788e-06 BETTER
I0313 06:45:45.669232 2093823 finetune.py:45] layer 2_k initial loss 3.0806152153672883e-06
I0313 06:45:49.062434 2092954 finetune.py:68] layer 1_k @ epoch 2 new loss 3.400351033633342e-06 old loss 3.6691205878014443e-06 BETTER
I0313 06:45:56.533591 2092127 finetune.py:68] layer 0_k @ epoch 4 new loss 2.203439386505579e-08 old loss 2.225395689947618e-08 BETTER
I0313 06:46:14.507762 2092127 finetune.py:45] layer 0_o initial loss 1.4191265051977098e-07
I0313 06:46:15.491122 2094706 finetune.py:68] layer 3_q @ epoch 3 new loss 6.628845767409075e-06 old loss 6.698465767840389e-06 BETTER
I0313 06:46:17.166099 2093823 finetune.py:68] layer 2_k @ epoch 0 new loss 3.055448814848205e-06 old loss 3.0806152153672883e-06 BETTER
I0313 06:46:21.116863 2092954 finetune.py:68] layer 1_k @ epoch 3 new loss 3.2717518934077816e-06 old loss 3.400351033633342e-06 BETTER
I0313 06:46:46.265479 2092127 finetune.py:68] layer 0_o @ epoch 0 new loss 1.3640297424899472e-07 old loss 1.4191265051977098e-07 BETTER
I0313 06:46:47.648021 2094706 finetune.py:68] layer 3_q @ epoch 4 new loss 6.570598998223431e-06 old loss 6.628845767409075e-06 BETTER
I0313 06:46:49.475843 2093823 finetune.py:68] layer 2_k @ epoch 1 new loss 3.0351250188687118e-06 old loss 3.055448814848205e-06 BETTER
I0313 06:46:53.146915 2092954 finetune.py:76] layer 1_k @ epoch 4 new loss 4.415465809870511e-06 old loss 3.2717518934077816e-06 WORSE
I0313 06:47:05.531165 2094706 finetune.py:45] layer 3_k initial loss 7.402188202831894e-06
I0313 06:47:10.711731 2092954 finetune.py:45] layer 1_o initial loss 8.41593646327965e-06
I0313 06:47:19.157090 2092127 finetune.py:68] layer 0_o @ epoch 1 new loss 1.3264026677006768e-07 old loss 1.3640297424899472e-07 BETTER
I0313 06:47:21.607934 2093823 finetune.py:68] layer 2_k @ epoch 2 new loss 3.017022663698299e-06 old loss 3.0351250188687118e-06 BETTER
I0313 06:47:36.002927 2094706 finetune.py:68] layer 3_k @ epoch 0 new loss 7.324324087676359e-06 old loss 7.402188202831894e-06 BETTER
I0313 06:47:40.947895 2092954 finetune.py:68] layer 1_o @ epoch 0 new loss 7.136917702155188e-06 old loss 8.41593646327965e-06 BETTER
I0313 06:47:51.864846 2092127 finetune.py:68] layer 0_o @ epoch 2 new loss 1.297785701126486e-07 old loss 1.3264026677006768e-07 BETTER
I0313 06:47:53.740500 2093823 finetune.py:68] layer 2_k @ epoch 3 new loss 3.000978495037998e-06 old loss 3.017022663698299e-06 BETTER
I0313 06:48:07.335396 2094706 finetune.py:68] layer 3_k @ epoch 1 new loss 7.278011253220029e-06 old loss 7.324324087676359e-06 BETTER
I0313 06:48:12.163180 2092954 finetune.py:68] layer 1_o @ epoch 1 new loss 7.131103757274104e-06 old loss 7.136917702155188e-06 BETTER
I0313 06:48:24.640607 2092127 finetune.py:68] layer 0_o @ epoch 3 new loss 1.2757055856127408e-07 old loss 1.297785701126486e-07 BETTER
I0313 06:48:25.827691 2093823 finetune.py:68] layer 2_k @ epoch 4 new loss 2.9862185328966007e-06 old loss 3.000978495037998e-06 BETTER
I0313 06:48:38.822040 2094706 finetune.py:68] layer 3_k @ epoch 2 new loss 7.238820671773283e-06 old loss 7.278011253220029e-06 BETTER
I0313 06:48:43.332505 2092954 finetune.py:76] layer 1_o @ epoch 2 new loss 7.176744929893175e-06 old loss 7.131103757274104e-06 WORSE
I0313 06:48:43.878067 2093823 finetune.py:45] layer 2_o initial loss 9.954042980098166e-06
I0313 06:48:57.367640 2092127 finetune.py:68] layer 0_o @ epoch 4 new loss 1.2585840636347712e-07 old loss 1.2757055856127408e-07 BETTER
I0313 06:49:10.336486 2094706 finetune.py:68] layer 3_k @ epoch 3 new loss 7.203841505543096e-06 old loss 7.238820671773283e-06 BETTER
I0313 06:49:14.003446 2092954 finetune.py:76] layer 1_o @ epoch 3 new loss 7.147528322093422e-06 old loss 7.131103757274104e-06 WORSE
I0313 06:49:14.271830 2093823 finetune.py:68] layer 2_o @ epoch 0 new loss 9.816492820391431e-06 old loss 9.954042980098166e-06 BETTER
I0313 06:49:20.430886 2092127 finetune.py:45] layer 0_up initial loss 2.251078541348761e-07
I0313 06:49:42.006461 2094706 finetune.py:68] layer 3_k @ epoch 4 new loss 7.1723375185683835e-06 old loss 7.203841505543096e-06 BETTER
I0313 06:49:44.792872 2092954 finetune.py:76] layer 1_o @ epoch 4 new loss 7.1320800998364575e-06 old loss 7.131103757274104e-06 WORSE
I0313 06:49:45.622967 2093823 finetune.py:68] layer 2_o @ epoch 1 new loss 9.724679330247454e-06 old loss 9.816492820391431e-06 BETTER
I0313 06:49:50.547178 2092127 finetune.py:68] layer 0_up @ epoch 0 new loss 2.161410463941138e-07 old loss 2.251078541348761e-07 BETTER
I0313 06:50:00.069763 2094706 finetune.py:45] layer 3_o initial loss 1.9865152353304438e-05
I0313 06:50:07.703885 2092954 finetune.py:45] layer 1_up initial loss 8.679352504259441e-06
I0313 06:50:17.093611 2093823 finetune.py:68] layer 2_o @ epoch 2 new loss 9.652416338212788e-06 old loss 9.724679330247454e-06 BETTER
I0313 06:50:21.893343 2092127 finetune.py:68] layer 0_up @ epoch 1 new loss 2.13099752954804e-07 old loss 2.161410463941138e-07 BETTER
I0313 06:50:30.040279 2094706 finetune.py:68] layer 3_o @ epoch 0 new loss 1.9480023183859885e-05 old loss 1.9865152353304438e-05 BETTER
I0313 06:50:36.659547 2092954 finetune.py:68] layer 1_up @ epoch 0 new loss 8.383446584048215e-06 old loss 8.679352504259441e-06 BETTER
I0313 06:50:48.744552 2093823 finetune.py:68] layer 2_o @ epoch 3 new loss 9.593321919965092e-06 old loss 9.652416338212788e-06 BETTER
I0313 06:50:53.254061 2092127 finetune.py:68] layer 0_up @ epoch 2 new loss 2.114215220672122e-07 old loss 2.13099752954804e-07 BETTER
I0313 06:51:00.882824 2094706 finetune.py:68] layer 3_o @ epoch 1 new loss 1.925454671436455e-05 old loss 1.9480023183859885e-05 BETTER
I0313 06:51:06.208925 2092954 finetune.py:68] layer 1_up @ epoch 1 new loss 8.314839760714676e-06 old loss 8.383446584048215e-06 BETTER
I0313 06:51:20.555160 2093823 finetune.py:68] layer 2_o @ epoch 4 new loss 9.543887244944926e-06 old loss 9.593321919965092e-06 BETTER
I0313 06:51:24.859038 2092127 finetune.py:68] layer 0_up @ epoch 3 new loss 2.10279665679991e-07 old loss 2.114215220672122e-07 BETTER
I0313 06:51:31.889168 2094706 finetune.py:68] layer 3_o @ epoch 2 new loss 1.9105318642687052e-05 old loss 1.925454671436455e-05 BETTER
I0313 06:51:35.800048 2092954 finetune.py:68] layer 1_up @ epoch 2 new loss 8.307360985781997e-06 old loss 8.314839760714676e-06 BETTER
I0313 06:51:43.956425 2093823 finetune.py:45] layer 2_up initial loss 1.4010547602083534e-05
I0313 06:51:56.390044 2092127 finetune.py:68] layer 0_up @ epoch 4 new loss 2.094160862498029e-07 old loss 2.10279665679991e-07 BETTER
I0313 06:52:02.745413 2094706 finetune.py:68] layer 3_o @ epoch 3 new loss 1.89937672985252e-05 old loss 1.9105318642687052e-05 BETTER
I0313 06:52:05.529920 2092954 finetune.py:68] layer 1_up @ epoch 3 new loss 8.30390490591526e-06 old loss 8.307360985781997e-06 BETTER
I0313 06:52:12.857390 2093823 finetune.py:68] layer 2_up @ epoch 0 new loss 1.39477915581665e-05 old loss 1.4010547602083534e-05 BETTER
I0313 06:52:19.438194 2092127 finetune.py:45] layer 0_gate initial loss 3.057928950056521e-07
I0313 06:52:33.694225 2094706 finetune.py:68] layer 3_o @ epoch 4 new loss 1.8904811440734193e-05 old loss 1.89937672985252e-05 BETTER
I0313 06:52:35.261879 2092954 finetune.py:68] layer 1_up @ epoch 4 new loss 8.266531949630007e-06 old loss 8.30390490591526e-06 BETTER
I0313 06:52:42.629013 2093823 finetune.py:68] layer 2_up @ epoch 1 new loss 1.3905626474297605e-05 old loss 1.39477915581665e-05 BETTER
I0313 06:52:48.271775 2092127 finetune.py:68] layer 0_gate @ epoch 0 new loss 2.9537355317188485e-07 old loss 3.057928950056521e-07 BETTER
I0313 06:52:56.699116 2094706 finetune.py:45] layer 3_up initial loss 3.018779170815833e-05
I0313 06:52:58.349842 2092954 finetune.py:45] layer 1_gate initial loss 9.299133125750814e-06
I0313 06:53:12.319739 2093823 finetune.py:68] layer 2_up @ epoch 2 new loss 1.3871346709493082e-05 old loss 1.3905626474297605e-05 BETTER
I0313 06:53:18.014030 2092127 finetune.py:68] layer 0_gate @ epoch 1 new loss 2.917661277024308e-07 old loss 2.9537355317188485e-07 BETTER
I0313 06:53:25.180446 2094706 finetune.py:68] layer 3_up @ epoch 0 new loss 3.0043578590266407e-05 old loss 3.018779170815833e-05 BETTER
I0313 06:53:25.804399 2092954 finetune.py:68] layer 1_gate @ epoch 0 new loss 9.097323527385015e-06 old loss 9.299133125750814e-06 BETTER
I0313 06:53:42.170852 2093823 finetune.py:68] layer 2_up @ epoch 3 new loss 1.3841000509273726e-05 old loss 1.3871346709493082e-05 BETTER
I0313 06:53:47.710421 2092127 finetune.py:68] layer 0_gate @ epoch 2 new loss 2.898694049235928e-07 old loss 2.917661277024308e-07 BETTER
I0313 06:53:53.996386 2092954 finetune.py:68] layer 1_gate @ epoch 1 new loss 9.055073860508855e-06 old loss 9.097323527385015e-06 BETTER
I0313 06:53:54.494346 2094706 finetune.py:68] layer 3_up @ epoch 1 new loss 2.9951788746984676e-05 old loss 3.0043578590266407e-05 BETTER
I0313 06:54:12.222078 2093823 finetune.py:68] layer 2_up @ epoch 4 new loss 1.3813641999149695e-05 old loss 1.3841000509273726e-05 BETTER
I0313 06:54:17.445088 2092127 finetune.py:68] layer 0_gate @ epoch 3 new loss 2.886447134642367e-07 old loss 2.898694049235928e-07 BETTER
I0313 06:54:22.307907 2092954 finetune.py:68] layer 1_gate @ epoch 2 new loss 9.010786016006023e-06 old loss 9.055073860508855e-06 BETTER
I0313 06:54:23.900243 2094706 finetune.py:68] layer 3_up @ epoch 2 new loss 2.9876669941586442e-05 old loss 2.9951788746984676e-05 BETTER
I0313 06:54:35.224648 2093823 finetune.py:45] layer 2_gate initial loss 1.7007760106935166e-05
I0313 06:54:47.282414 2092127 finetune.py:68] layer 0_gate @ epoch 4 new loss 2.8770500648533925e-07 old loss 2.886447134642367e-07 BETTER
I0313 06:54:50.519243 2092954 finetune.py:68] layer 1_gate @ epoch 3 new loss 9.001093530969229e-06 old loss 9.010786016006023e-06 BETTER
I0313 06:54:53.291419 2094706 finetune.py:68] layer 3_up @ epoch 3 new loss 2.980879071401432e-05 old loss 2.9876669941586442e-05 BETTER
I0313 06:55:02.763750 2093823 finetune.py:68] layer 2_gate @ epoch 0 new loss 1.695459650363773e-05 old loss 1.7007760106935166e-05 BETTER
I0313 06:55:18.689931 2092954 finetune.py:76] layer 1_gate @ epoch 4 new loss 9.00168379303068e-06 old loss 9.001093530969229e-06 WORSE
I0313 06:55:22.723068 2094706 finetune.py:68] layer 3_up @ epoch 4 new loss 2.9746526706730947e-05 old loss 2.980879071401432e-05 BETTER
I0313 06:55:27.937011 2092127 finetune.py:45] layer 0_down initial loss 7.434167628161958e-07
I0313 06:55:30.835926 2093823 finetune.py:68] layer 2_gate @ epoch 1 new loss 1.6923833754844964e-05 old loss 1.695459650363773e-05 BETTER
I0313 06:55:45.409099 2094706 finetune.py:45] layer 3_gate initial loss 3.793219366343692e-05
I0313 06:55:54.391182 2092127 finetune.py:68] layer 0_down @ epoch 0 new loss 7.425529133797681e-07 old loss 7.434167628161958e-07 BETTER
I0313 06:55:59.168019 2093823 finetune.py:68] layer 2_gate @ epoch 2 new loss 1.689975215413142e-05 old loss 1.6923833754844964e-05 BETTER
I0313 06:56:00.369667 2092954 finetune.py:45] layer 1_down initial loss 1.4522610399581026e-05
I0313 06:56:12.484435 2094706 finetune.py:68] layer 3_gate @ epoch 0 new loss 3.78122967958916e-05 old loss 3.793219366343692e-05 BETTER
I0313 06:56:22.246345 2092127 finetune.py:68] layer 0_down @ epoch 1 new loss 7.421813847940939e-07 old loss 7.425529133797681e-07 BETTER
I0313 06:56:25.539131 2092954 finetune.py:68] layer 1_down @ epoch 0 new loss 1.4514637769025285e-05 old loss 1.4522610399581026e-05 BETTER
I0313 06:56:27.339352 2093823 finetune.py:68] layer 2_gate @ epoch 3 new loss 1.687900657998398e-05 old loss 1.689975215413142e-05 BETTER
I0313 06:56:40.198855 2094706 finetune.py:68] layer 3_gate @ epoch 1 new loss 3.77353499061428e-05 old loss 3.78122967958916e-05 BETTER
I0313 06:56:50.582696 2092127 finetune.py:68] layer 0_down @ epoch 2 new loss 7.418954055538052e-07 old loss 7.421813847940939e-07 BETTER
I0313 06:56:51.817253 2092954 finetune.py:68] layer 1_down @ epoch 1 new loss 1.4373246813192964e-05 old loss 1.4514637769025285e-05 BETTER
I0313 06:56:55.501023 2093823 finetune.py:68] layer 2_gate @ epoch 4 new loss 1.6860245523275807e-05 old loss 1.687900657998398e-05 BETTER
I0313 06:57:08.171040 2094706 finetune.py:68] layer 3_gate @ epoch 2 new loss 3.767563248402439e-05 old loss 3.77353499061428e-05 BETTER
I0313 06:57:18.612412 2092954 finetune.py:68] layer 1_down @ epoch 2 new loss 1.4342685062729288e-05 old loss 1.4373246813192964e-05 BETTER
I0313 06:57:19.000247 2092127 finetune.py:68] layer 0_down @ epoch 3 new loss 7.416857670250465e-07 old loss 7.418954055538052e-07 BETTER
I0313 06:57:36.141202 2094706 finetune.py:68] layer 3_gate @ epoch 3 new loss 3.762429696507752e-05 old loss 3.767563248402439e-05 BETTER
I0313 06:57:36.273050 2093823 finetune.py:45] layer 2_down initial loss 2.6814130251295865e-05
I0313 06:57:45.224164 2092954 finetune.py:76] layer 1_down @ epoch 3 new loss 1.437395258108154e-05 old loss 1.4342685062729288e-05 WORSE
I0313 06:57:47.366242 2092127 finetune.py:68] layer 0_down @ epoch 4 new loss 7.41549570193456e-07 old loss 7.416857670250465e-07 BETTER
0_v proxy err 0.0049193985760211945 tr(WHW.T) 4.225186347961426
0_q proxy err 1.0331964404031169e-05 tr(WHW.T) 2710.42529296875
0_k proxy err 1.5422630895045586e-05 tr(WHW.T) 1698.7462158203125
0_o proxy err 0.0005083662108518183 tr(WHW.T) 0.9680441617965698
0_up proxy err 0.005082752555608749 tr(WHW.T) 43.272708892822266
0_gate proxy err 0.003476179903373122 tr(WHW.T) 63.46289825439453
0_down proxy err 0.003050530329346657 tr(WHW.T) 0.6570964455604553
I0313 06:58:01.994666 2093823 finetune.py:68] layer 2_down @ epoch 0 new loss 2.681019395822659e-05 old loss 2.6814130251295865e-05 BETTER
I0313 06:58:04.501717 2094706 finetune.py:68] layer 3_gate @ epoch 4 new loss 3.757722879527137e-05 old loss 3.762429696507752e-05 BETTER
I0313 06:58:11.695674 2092954 finetune.py:76] layer 1_down @ epoch 4 new loss 1.4345376257551834e-05 old loss 1.4342685062729288e-05 WORSE
1_v proxy err 0.013161279261112213 tr(WHW.T) 16.465883255004883
1_q proxy err 5.3227453463478014e-05 tr(WHW.T) 4778.29833984375
1_k proxy err 5.201610110816546e-05 tr(WHW.T) 4994.8623046875
1_o proxy err 0.009414760395884514 tr(WHW.T) 1.1120301485061646
1_up proxy err 0.007194385398179293 tr(WHW.T) 109.70372772216797
1_gate proxy err 0.003614411922171712 tr(WHW.T) 221.32684326171875
1_down proxy err 9.109471284318715e-05 tr(WHW.T) 2041.6270751953125
I0313 06:58:28.998819 2093823 finetune.py:68] layer 2_down @ epoch 1 new loss 2.6808429538505152e-05 old loss 2.681019395822659e-05 BETTER
I0313 06:58:45.195427 2094706 finetune.py:45] layer 3_down initial loss 5.8474866818869486e-05
I0313 06:58:55.633097 2093823 finetune.py:68] layer 2_down @ epoch 2 new loss 2.6807338144863024e-05 old loss 2.6808429538505152e-05 BETTER
I0313 06:59:09.990684 2094706 finetune.py:68] layer 3_down @ epoch 0 new loss 5.8466339396545663e-05 old loss 5.8474866818869486e-05 BETTER
I0313 06:59:22.244488 2093823 finetune.py:68] layer 2_down @ epoch 3 new loss 2.6806546884472482e-05 old loss 2.6807338144863024e-05 BETTER
I0313 06:59:28.556771 2090717 quantize_finetune_llama.py:211] computed original embedding for layer 4 in 72.37934398651123s
I0313 06:59:31.745970 2104946 config.py:54] PyTorch version 2.1.1 available.
I0313 06:59:32.921940 2090717 quantize_finetune_llama.py:184] layer 5 gpu 1
I0313 06:59:33.001554 2104946 data_utils.py:336] using 256 training seqs, 128 validation seqs
I0313 06:59:36.077667 2094706 finetune.py:68] layer 3_down @ epoch 1 new loss 5.846190470037982e-05 old loss 5.8466339396545663e-05 BETTER
The attention layers in this model are transitioning from computing the RoPE embeddings internally through `position_ids` (2D tensor with the indexes of the tokens), to using externally computed `position_embeddings` (Tuple of tensors, containing cos and sin). In v4.46 `position_ids` will be removed and `position_embeddings` will be mandatory.
I0313 06:59:48.976479 2093823 finetune.py:68] layer 2_down @ epoch 4 new loss 2.6805944798979908e-05 old loss 2.6806546884472482e-05 BETTER
I0313 06:59:49.763326 2104946 finetune.py:45] layer 4_v initial loss 3.311934051453136e-05
2_v proxy err 0.008486867882311344 tr(WHW.T) 136.67332458496094
2_q proxy err 0.00017021424719132483 tr(WHW.T) 7750.087890625
2_k proxy err 0.00013036229938734323 tr(WHW.T) 10203.947265625
2_o proxy err 0.014235914684832096 tr(WHW.T) 1.461812973022461
2_up proxy err 0.010333461686968803 tr(WHW.T) 193.42652893066406
2_gate proxy err 0.006629396695643663 tr(WHW.T) 306.5737609863281
2_down proxy err 0.01370998565107584 tr(WHW.T) 3.0139577388763428
I0313 07:00:02.127936 2094706 finetune.py:68] layer 3_down @ epoch 2 new loss 5.845933628734201e-05 old loss 5.846190470037982e-05 BETTER
I0313 07:00:22.486441 2104946 finetune.py:68] layer 4_v @ epoch 0 new loss 1.4519504475174472e-05 old loss 3.311934051453136e-05 BETTER
I0313 07:00:28.165619 2094706 finetune.py:68] layer 3_down @ epoch 3 new loss 5.845748819410801e-05 old loss 5.845933628734201e-05 BETTER
I0313 07:00:54.378973 2094706 finetune.py:68] layer 3_down @ epoch 4 new loss 5.845623309141956e-05 old loss 5.845748819410801e-05 BETTER
3_v proxy err 0.014254020527005196 tr(WHW.T) 284.77557373046875
3_q proxy err 0.0006405014428310096 tr(WHW.T) 7215.8994140625
3_k proxy err 0.0004627686575986445 tr(WHW.T) 10073.9169921875
3_o proxy err 0.01229079719632864 tr(WHW.T) 3.3588037490844727
3_up proxy err 0.01290204282850027 tr(WHW.T) 284.7816467285156
3_gate proxy err 0.007826696150004864 tr(WHW.T) 478.0036926269531
3_down proxy err 0.014315620064735413 tr(WHW.T) 6.144412994384766
I0313 07:00:56.402616 2104946 finetune.py:68] layer 4_v @ epoch 1 new loss 1.1128824553452432e-05 old loss 1.4519504475174472e-05 BETTER
I0313 07:01:03.604011 2090717 quantize_finetune_llama.py:211] computed original embedding for layer 5 in 69.3573784828186s
I0313 07:01:06.703812 2105897 config.py:54] PyTorch version 2.1.1 available.
I0313 07:01:07.707985 2090717 quantize_finetune_llama.py:184] layer 6 gpu 2
I0313 07:01:07.772398 2105897 data_utils.py:336] using 256 training seqs, 128 validation seqs
The attention layers in this model are transitioning from computing the RoPE embeddings internally through `position_ids` (2D tensor with the indexes of the tokens), to using externally computed `position_embeddings` (Tuple of tensors, containing cos and sin). In v4.46 `position_ids` will be removed and `position_embeddings` will be mandatory.
I0313 07:01:24.660830 2105897 finetune.py:45] layer 5_v initial loss 4.858460306422785e-05
I0313 07:01:30.909198 2104946 finetune.py:68] layer 4_v @ epoch 2 new loss 1.0198570635111537e-05 old loss 1.1128824553452432e-05 BETTER
I0313 07:01:55.760994 2105897 finetune.py:68] layer 5_v @ epoch 0 new loss 2.4074348402791657e-05 old loss 4.858460306422785e-05 BETTER
I0313 07:02:05.623676 2104946 finetune.py:68] layer 4_v @ epoch 3 new loss 9.778497769730166e-06 old loss 1.0198570635111537e-05 BETTER
I0313 07:02:17.648160 2090717 quantize_finetune_llama.py:211] computed original embedding for layer 6 in 69.54529905319214s
I0313 07:02:20.765086 2106700 config.py:54] PyTorch version 2.1.1 available.
I0313 07:02:21.787710 2090717 quantize_finetune_llama.py:184] layer 7 gpu 3
I0313 07:02:21.856731 2106700 data_utils.py:336] using 256 training seqs, 128 validation seqs
I0313 07:02:27.883712 2105897 finetune.py:68] layer 5_v @ epoch 1 new loss 2.044379107246641e-05 old loss 2.4074348402791657e-05 BETTER
The attention layers in this model are transitioning from computing the RoPE embeddings internally through `position_ids` (2D tensor with the indexes of the tokens), to using externally computed `position_embeddings` (Tuple of tensors, containing cos and sin). In v4.46 `position_ids` will be removed and `position_embeddings` will be mandatory.
I0313 07:02:38.709414 2106700 finetune.py:45] layer 6_v initial loss 7.160089444369078e-05
I0313 07:02:40.414910 2104946 finetune.py:68] layer 4_v @ epoch 4 new loss 9.532190233585425e-06 old loss 9.778497769730166e-06 BETTER
I0313 07:02:57.898969 2104946 finetune.py:45] layer 4_q initial loss 1.1130235179734882e-05
I0313 07:03:00.243830 2105897 finetune.py:68] layer 5_v @ epoch 2 new loss 1.9329403585288674e-05 old loss 2.044379107246641e-05 BETTER
I0313 07:03:10.089659 2106700 finetune.py:68] layer 6_v @ epoch 0 new loss 3.167392060277052e-05 old loss 7.160089444369078e-05 BETTER
I0313 07:03:30.767714 2104946 finetune.py:68] layer 4_q @ epoch 0 new loss 1.0817538168339524e-05 old loss 1.1130235179734882e-05 BETTER
I0313 07:03:31.548215 2090717 quantize_finetune_llama.py:211] computed original embedding for layer 7 in 69.31210446357727s
I0313 07:03:32.735843 2105897 finetune.py:68] layer 5_v @ epoch 3 new loss 1.8740005543804727e-05 old loss 1.9329403585288674e-05 BETTER
I0313 07:03:34.738292 2107465 config.py:54] PyTorch version 2.1.1 available.
I0313 07:03:35.781825 2090717 quantize_finetune_llama.py:184] layer 8 gpu 0
I0313 07:03:35.849216 2107465 data_utils.py:336] using 256 training seqs, 128 validation seqs
I0313 07:03:42.400823 2106700 finetune.py:68] layer 6_v @ epoch 1 new loss 2.699353535717819e-05 old loss 3.167392060277052e-05 BETTER
The attention layers in this model are transitioning from computing the RoPE embeddings internally through `position_ids` (2D tensor with the indexes of the tokens), to using externally computed `position_embeddings` (Tuple of tensors, containing cos and sin). In v4.46 `position_ids` will be removed and `position_embeddings` will be mandatory.
I0313 07:03:52.512167 2107465 finetune.py:45] layer 7_v initial loss 8.63952882355079e-05
I0313 07:04:04.682112 2104946 finetune.py:68] layer 4_q @ epoch 1 new loss 1.0636863407853525e-05 old loss 1.0817538168339524e-05 BETTER
I0313 07:04:05.464754 2105897 finetune.py:68] layer 5_v @ epoch 4 new loss 1.835017610574141e-05 old loss 1.8740005543804727e-05 BETTER
I0313 07:04:14.971138 2106700 finetune.py:68] layer 6_v @ epoch 2 new loss 2.5414776246179827e-05 old loss 2.699353535717819e-05 BETTER
I0313 07:04:22.866784 2105897 finetune.py:45] layer 5_q initial loss 2.0770936316694133e-05
I0313 07:04:23.254189 2107465 finetune.py:68] layer 7_v @ epoch 0 new loss 4.289781645638868e-05 old loss 8.63952882355079e-05 BETTER
I0313 07:04:38.847324 2104946 finetune.py:68] layer 4_q @ epoch 2 new loss 1.0497879884496797e-05 old loss 1.0636863407853525e-05 BETTER
I0313 07:04:47.441540 2106700 finetune.py:68] layer 6_v @ epoch 3 new loss 2.4580596800660715e-05 old loss 2.5414776246179827e-05 BETTER
I0313 07:04:54.308063 2105897 finetune.py:68] layer 5_q @ epoch 0 new loss 2.0282201148802415e-05 old loss 2.0770936316694133e-05 BETTER
I0313 07:04:55.173539 2107465 finetune.py:68] layer 7_v @ epoch 1 new loss 3.812598151853308e-05 old loss 4.289781645638868e-05 BETTER
I0313 07:05:12.958334 2104946 finetune.py:68] layer 4_q @ epoch 3 new loss 1.038447953760624e-05 old loss 1.0497879884496797e-05 BETTER
I0313 07:05:20.272222 2106700 finetune.py:68] layer 6_v @ epoch 4 new loss 2.4025192033150233e-05 old loss 2.4580596800660715e-05 BETTER
I0313 07:05:26.461170 2105897 finetune.py:68] layer 5_q @ epoch 1 new loss 1.99679871002445e-05 old loss 2.0282201148802415e-05 BETTER
I0313 07:05:27.012291 2107465 finetune.py:68] layer 7_v @ epoch 2 new loss 3.639504939201288e-05 old loss 3.812598151853308e-05 BETTER
I0313 07:05:37.764238 2106700 finetune.py:45] layer 6_q initial loss 2.929418405983597e-05
I0313 07:05:47.273410 2104946 finetune.py:68] layer 4_q @ epoch 4 new loss 1.0288913472322747e-05 old loss 1.038447953760624e-05 BETTER
I0313 07:05:58.649417 2105897 finetune.py:68] layer 5_q @ epoch 2 new loss 1.972631253011059e-05 old loss 1.99679871002445e-05 BETTER
I0313 07:05:59.196039 2107465 finetune.py:68] layer 7_v @ epoch 3 new loss 3.539323734003119e-05 old loss 3.639504939201288e-05 BETTER
I0313 07:06:04.839325 2104946 finetune.py:45] layer 4_k initial loss 1.1566805369511712e-05
I0313 07:06:09.177692 2106700 finetune.py:68] layer 6_q @ epoch 0 new loss 2.846845382009633e-05 old loss 2.929418405983597e-05 BETTER
I0313 07:06:30.954248 2105897 finetune.py:68] layer 5_q @ epoch 3 new loss 1.9523500668583438e-05 old loss 1.972631253011059e-05 BETTER
I0313 07:06:31.228876 2107465 finetune.py:68] layer 7_v @ epoch 4 new loss 3.471907621133141e-05 old loss 3.539323734003119e-05 BETTER
I0313 07:06:37.322082 2104946 finetune.py:68] layer 4_k @ epoch 0 new loss 1.142486962635303e-05 old loss 1.1566805369511712e-05 BETTER
I0313 07:06:41.428295 2106700 finetune.py:68] layer 6_q @ epoch 1 new loss 2.799499452521559e-05 old loss 2.846845382009633e-05 BETTER
I0313 07:06:48.781253 2107465 finetune.py:45] layer 7_q initial loss 4.2472282075323164e-05
I0313 07:07:03.269657 2105897 finetune.py:68] layer 5_q @ epoch 4 new loss 1.9344892280059867e-05 old loss 1.9523500668583438e-05 BETTER
I0313 07:07:10.343722 2104946 finetune.py:68] layer 4_k @ epoch 1 new loss 1.1342400284775067e-05 old loss 1.142486962635303e-05 BETTER
I0313 07:07:13.477820 2106700 finetune.py:68] layer 6_q @ epoch 2 new loss 2.7629552278085612e-05 old loss 2.799499452521559e-05 BETTER
I0313 07:07:19.778048 2107465 finetune.py:68] layer 7_q @ epoch 0 new loss 4.126613202970475e-05 old loss 4.2472282075323164e-05 BETTER
I0313 07:07:20.978009 2105897 finetune.py:45] layer 5_k initial loss 2.0811899958061986e-05
I0313 07:07:43.700735 2104946 finetune.py:68] layer 4_k @ epoch 2 new loss 1.1272740266576875e-05 old loss 1.1342400284775067e-05 BETTER
I0313 07:07:45.767556 2106700 finetune.py:68] layer 6_q @ epoch 3 new loss 2.7334119295119308e-05 old loss 2.7629552278085612e-05 BETTER
I0313 07:07:51.709182 2107465 finetune.py:68] layer 7_q @ epoch 1 new loss 4.059319326188415e-05 old loss 4.126613202970475e-05 BETTER
I0313 07:07:51.988735 2105897 finetune.py:68] layer 5_k @ epoch 0 new loss 2.0610468709492125e-05 old loss 2.0811899958061986e-05 BETTER
I0313 07:08:17.232017 2104946 finetune.py:68] layer 4_k @ epoch 3 new loss 1.1209849617443979e-05 old loss 1.1272740266576875e-05 BETTER
I0313 07:08:18.098286 2106700 finetune.py:68] layer 6_q @ epoch 4 new loss 2.7074607714894228e-05 old loss 2.7334119295119308e-05 BETTER
I0313 07:08:23.625437 2107465 finetune.py:68] layer 7_q @ epoch 2 new loss 4.0062706830212846e-05 old loss 4.059319326188415e-05 BETTER
I0313 07:08:23.843967 2105897 finetune.py:68] layer 5_k @ epoch 1 new loss 2.0464245608309284e-05 old loss 2.0610468709492125e-05 BETTER
I0313 07:08:36.068995 2106700 finetune.py:45] layer 6_k initial loss 3.056721106986515e-05
I0313 07:08:51.047562 2104946 finetune.py:68] layer 4_k @ epoch 4 new loss 1.1154196727147792e-05 old loss 1.1209849617443979e-05 BETTER
I0313 07:08:55.571298 2107465 finetune.py:68] layer 7_q @ epoch 3 new loss 3.9617701986571774e-05 old loss 4.0062706830212846e-05 BETTER
I0313 07:08:55.794993 2105897 finetune.py:68] layer 5_k @ epoch 2 new loss 2.0336517991381697e-05 old loss 2.0464245608309284e-05 BETTER
I0313 07:09:07.380309 2106700 finetune.py:68] layer 6_k @ epoch 0 new loss 3.0175277061061934e-05 old loss 3.056721106986515e-05 BETTER
I0313 07:09:09.284988 2104946 finetune.py:45] layer 4_o initial loss 3.1334184313891456e-05
I0313 07:09:27.582218 2107465 finetune.py:68] layer 7_q @ epoch 4 new loss 3.9244820072781295e-05 old loss 3.9617701986571774e-05 BETTER
I0313 07:09:27.786627 2105897 finetune.py:68] layer 5_k @ epoch 3 new loss 2.0223182218614966e-05 old loss 2.0336517991381697e-05 BETTER
I0313 07:09:39.592439 2106700 finetune.py:68] layer 6_k @ epoch 1 new loss 2.9970440664328635e-05 old loss 3.0175277061061934e-05 BETTER
I0313 07:09:41.152248 2104946 finetune.py:68] layer 4_o @ epoch 0 new loss 3.0497902116621844e-05 old loss 3.1334184313891456e-05 BETTER
I0313 07:09:45.610699 2107465 finetune.py:45] layer 7_k initial loss 4.462477591005154e-05
I0313 07:09:59.776387 2105897 finetune.py:68] layer 5_k @ epoch 4 new loss 2.01243474293733e-05 old loss 2.0223182218614966e-05 BETTER
I0313 07:10:11.641654 2106700 finetune.py:68] layer 6_k @ epoch 2 new loss 2.979478449560702e-05 old loss 2.9970440664328635e-05 BETTER
I0313 07:10:14.518169 2104946 finetune.py:68] layer 4_o @ epoch 1 new loss 3.0190887628123164e-05 old loss 3.0497902116621844e-05 BETTER
I0313 07:10:16.359783 2107465 finetune.py:68] layer 7_k @ epoch 0 new loss 4.400723264552653e-05 old loss 4.462477591005154e-05 BETTER
I0313 07:10:17.601639 2105897 finetune.py:45] layer 5_o initial loss 5.1055361836915836e-05
I0313 07:10:43.713223 2106700 finetune.py:68] layer 6_k @ epoch 3 new loss 2.9641496439580806e-05 old loss 2.979478449560702e-05 BETTER
I0313 07:10:48.100379 2105897 finetune.py:68] layer 5_o @ epoch 0 new loss 4.960090518579818e-05 old loss 5.1055361836915836e-05 BETTER
I0313 07:10:48.114248 2107465 finetune.py:68] layer 7_k @ epoch 1 new loss 4.368305599200539e-05 old loss 4.400723264552653e-05 BETTER
I0313 07:10:48.146805 2104946 finetune.py:68] layer 4_o @ epoch 2 new loss 2.999334355990868e-05 old loss 3.0190887628123164e-05 BETTER
I0313 07:11:16.023407 2106700 finetune.py:68] layer 6_k @ epoch 4 new loss 2.950897214759607e-05 old loss 2.9641496439580806e-05 BETTER
I0313 07:11:19.271727 2105897 finetune.py:68] layer 5_o @ epoch 1 new loss 4.905028617940843e-05 old loss 4.960090518579818e-05 BETTER
I0313 07:11:19.626835 2107465 finetune.py:68] layer 7_k @ epoch 2 new loss 4.341052772360854e-05 old loss 4.368305599200539e-05 BETTER
I0313 07:11:21.629553 2104946 finetune.py:68] layer 4_o @ epoch 3 new loss 2.983635749842506e-05 old loss 2.999334355990868e-05 BETTER
I0313 07:11:33.871269 2106700 finetune.py:45] layer 6_o initial loss 7.578005897812545e-05
I0313 07:11:52.211260 2105897 finetune.py:68] layer 5_o @ epoch 2 new loss 4.865611845161766e-05 old loss 4.905028617940843e-05 BETTER
I0313 07:11:53.010171 2107465 finetune.py:68] layer 7_k @ epoch 3 new loss 4.3183266825508326e-05 old loss 4.341052772360854e-05 BETTER
I0313 07:11:55.780832 2104946 finetune.py:68] layer 4_o @ epoch 4 new loss 2.969947126985062e-05 old loss 2.983635749842506e-05 BETTER
I0313 07:12:05.012885 2106700 finetune.py:68] layer 6_o @ epoch 0 new loss 7.342344906646758e-05 old loss 7.578005897812545e-05 BETTER
I0313 07:12:20.616073 2104946 finetune.py:45] layer 4_up initial loss 5.06279720866587e-05
I0313 07:12:25.184903 2105897 finetune.py:68] layer 5_o @ epoch 3 new loss 4.832330523640849e-05 old loss 4.865611845161766e-05 BETTER
I0313 07:12:25.947551 2107465 finetune.py:68] layer 7_k @ epoch 4 new loss 4.296952101867646e-05 old loss 4.3183266825508326e-05 BETTER
I0313 07:12:36.915462 2106700 finetune.py:68] layer 6_o @ epoch 1 new loss 7.269802881637588e-05 old loss 7.342344906646758e-05 BETTER
I0313 07:12:45.593348 2107465 finetune.py:45] layer 7_o initial loss 0.00010468484106240794
I0313 07:12:51.305727 2104946 finetune.py:68] layer 4_up @ epoch 0 new loss 5.0335507694398984e-05 old loss 5.06279720866587e-05 BETTER
I0313 07:12:57.070376 2105897 finetune.py:68] layer 5_o @ epoch 4 new loss 4.803636693395674e-05 old loss 4.832330523640849e-05 BETTER
I0313 07:13:08.951749 2106700 finetune.py:68] layer 6_o @ epoch 2 new loss 7.216525409603491e-05 old loss 7.269802881637588e-05 BETTER
I0313 07:13:16.690526 2107465 finetune.py:68] layer 7_o @ epoch 0 new loss 0.0001015798989101313 old loss 0.00010468484106240794 BETTER
I0313 07:13:23.739583 2104946 finetune.py:68] layer 4_up @ epoch 1 new loss 5.014294947613962e-05 old loss 5.0335507694398984e-05 BETTER
I0313 07:13:24.305813 2105897 finetune.py:45] layer 5_up initial loss 8.142376464093104e-05
I0313 07:13:40.878952 2106700 finetune.py:68] layer 6_o @ epoch 3 new loss 7.1719303377904e-05 old loss 7.216525409603491e-05 BETTER
I0313 07:13:47.674644 2107465 finetune.py:68] layer 7_o @ epoch 1 new loss 0.00010043672227766365 old loss 0.0001015798989101313 BETTER
I0313 07:13:53.218156 2105897 finetune.py:68] layer 5_up @ epoch 0 new loss 8.091210474958643e-05 old loss 8.142376464093104e-05 BETTER
I0313 07:13:55.579686 2104946 finetune.py:68] layer 4_up @ epoch 2 new loss 4.9984955694526434e-05 old loss 5.014294947613962e-05 BETTER
I0313 07:14:12.569222 2106700 finetune.py:68] layer 6_o @ epoch 4 new loss 7.132949394872412e-05 old loss 7.1719303377904e-05 BETTER
I0313 07:14:18.551186 2107465 finetune.py:68] layer 7_o @ epoch 2 new loss 9.957022120943293e-05 old loss 0.00010043672227766365 BETTER
I0313 07:14:22.793090 2105897 finetune.py:68] layer 5_up @ epoch 1 new loss 8.054451609496027e-05 old loss 8.091210474958643e-05 BETTER
I0313 07:14:27.378574 2104946 finetune.py:68] layer 4_up @ epoch 3 new loss 4.9841815780382603e-05 old loss 4.9984955694526434e-05 BETTER
I0313 07:14:35.852936 2106700 finetune.py:45] layer 6_up initial loss 0.00012338923988863826
I0313 07:14:49.374607 2107465 finetune.py:68] layer 7_o @ epoch 3 new loss 9.885335748549551e-05 old loss 9.957022120943293e-05 BETTER
I0313 07:14:52.473912 2105897 finetune.py:68] layer 5_up @ epoch 2 new loss 8.022367546800524e-05 old loss 8.054451609496027e-05 BETTER
I0313 07:14:59.121708 2104946 finetune.py:68] layer 4_up @ epoch 4 new loss 4.970779991708696e-05 old loss 4.9841815780382603e-05 BETTER
I0313 07:15:04.711037 2106700 finetune.py:68] layer 6_up @ epoch 0 new loss 0.00012250919826328754 old loss 0.00012338923988863826 BETTER
I0313 07:15:20.649097 2107465 finetune.py:68] layer 7_o @ epoch 4 new loss 9.821902494877577e-05 old loss 9.885335748549551e-05 BETTER
I0313 07:15:22.335966 2105897 finetune.py:68] layer 5_up @ epoch 3 new loss 7.992963219294325e-05 old loss 8.022367546800524e-05 BETTER
I0313 07:15:22.472614 2104946 finetune.py:45] layer 4_gate initial loss 6.33744421065785e-05
I0313 07:15:34.603789 2106700 finetune.py:68] layer 6_up @ epoch 1 new loss 0.00012190152483526617 old loss 0.00012250919826328754 BETTER
I0313 07:15:43.983528 2107465 finetune.py:45] layer 7_up initial loss 0.00016904853691812605
I0313 07:15:51.288600 2104946 finetune.py:68] layer 4_gate @ epoch 0 new loss 6.314494385151193e-05 old loss 6.33744421065785e-05 BETTER
I0313 07:15:52.167398 2105897 finetune.py:68] layer 5_up @ epoch 4 new loss 7.965976692503318e-05 old loss 7.992963219294325e-05 BETTER
I0313 07:16:04.476009 2106700 finetune.py:68] layer 6_up @ epoch 2 new loss 0.00012137051089666784 old loss 0.00012190152483526617 BETTER
I0313 07:16:12.296176 2107465 finetune.py:68] layer 7_up @ epoch 0 new loss 0.00016762512677814811 old loss 0.00016904853691812605 BETTER
I0313 07:16:15.270459 2105897 finetune.py:45] layer 5_gate initial loss 0.00010030044359154999
I0313 07:16:21.083164 2104946 finetune.py:68] layer 4_gate @ epoch 1 new loss 6.298339576460421e-05 old loss 6.314494385151193e-05 BETTER
I0313 07:16:34.324671 2106700 finetune.py:68] layer 6_up @ epoch 3 new loss 0.00012088543735444546 old loss 0.00012137051089666784 BETTER
I0313 07:16:41.587637 2107465 finetune.py:68] layer 7_up @ epoch 1 new loss 0.00016665252042002976 old loss 0.00016762512677814811 BETTER
I0313 07:16:42.629127 2105897 finetune.py:68] layer 5_gate @ epoch 0 new loss 9.990981925511733e-05 old loss 0.00010030044359154999 BETTER
I0313 07:16:51.158979 2104946 finetune.py:68] layer 4_gate @ epoch 2 new loss 6.285257404670119e-05 old loss 6.298339576460421e-05 BETTER
I0313 07:17:04.355497 2106700 finetune.py:68] layer 6_up @ epoch 4 new loss 0.00012043836613884196 old loss 0.00012088543735444546 BETTER
I0313 07:17:10.860541 2105897 finetune.py:68] layer 5_gate @ epoch 1 new loss 9.962564217858016e-05 old loss 9.990981925511733e-05 BETTER
I0313 07:17:10.998201 2107465 finetune.py:68] layer 7_up @ epoch 2 new loss 0.00016578884969931096 old loss 0.00016665252042002976 BETTER
I0313 07:17:21.040207 2104946 finetune.py:68] layer 4_gate @ epoch 3 new loss 6.273880717344582e-05 old loss 6.285257404670119e-05 BETTER
I0313 07:17:27.416453 2106700 finetune.py:45] layer 6_gate initial loss 0.0001498216442996636
