I0325 05:01:56.534296 382969 config.py:54] PyTorch version 2.6.0 available.
W0325 05:01:56.825226 382969 warnings.py:109] /opt/conda/lib/python3.10/site-packages/torchvision/io/image.py:13: UserWarning: Failed to load image Python extension: '/opt/conda/lib/python3.10/site-packages/torchvision/image.so: undefined symbol: _ZN3c1017RegisterOperatorsD1Ev'If you don't plan on using image functionality from `torchvision.io`, you can ignore this warning. Otherwise, there might be something wrong with your environment. Did you have `libjpeg` or `libpng` installed before building `torchvision` from source?
  warn(

W0325 05:01:57.730436 382969 warnings.py:109] /opt/conda/lib/python3.10/site-packages/compressai/models/video/google.py:353: FutureWarning: `torch.cuda.amp.autocast(args...)` is deprecated. Please use `torch.amp.autocast('cuda', args...)` instead.
  @amp.autocast(enabled=False)

Loading checkpoint shards:   0%|          | 0/6 [00:00<?, ?it/s]Loading checkpoint shards:  17%|█▋        | 1/6 [00:00<00:00,  7.04it/s]Loading checkpoint shards:  33%|███▎      | 2/6 [00:00<00:00,  7.48it/s]Loading checkpoint shards:  50%|█████     | 3/6 [00:00<00:00,  7.77it/s]Loading checkpoint shards:  67%|██████▋   | 4/6 [00:00<00:00,  7.91it/s]Loading checkpoint shards:  83%|████████▎ | 5/6 [00:00<00:00,  8.02it/s]Loading checkpoint shards: 100%|██████████| 6/6 [00:00<00:00,  7.57it/s]Loading checkpoint shards: 100%|██████████| 6/6 [00:00<00:00,  7.65it/s]
I0325 05:01:58.723249 382969 quantize_finetune_llama.py:150] loaded model
calculating model weight mean & std:   0%|          | 0/32 [00:00<?, ?it/s]calculating model weight mean & std:   3%|▎         | 1/32 [00:00<00:14,  2.13it/s]calculating model weight mean & std:   6%|▋         | 2/32 [00:00<00:14,  2.12it/s]calculating model weight mean & std:   9%|▉         | 3/32 [00:01<00:13,  2.13it/s]calculating model weight mean & std:  12%|█▎        | 4/32 [00:01<00:13,  2.14it/s]calculating model weight mean & std:  16%|█▌        | 5/32 [00:02<00:12,  2.15it/s]calculating model weight mean & std:  19%|█▉        | 6/32 [00:02<00:12,  2.13it/s]calculating model weight mean & std:  22%|██▏       | 7/32 [00:03<00:11,  2.12it/s]calculating model weight mean & std:  25%|██▌       | 8/32 [00:03<00:11,  2.11it/s]calculating model weight mean & std:  28%|██▊       | 9/32 [00:04<00:10,  2.10it/s]calculating model weight mean & std:  31%|███▏      | 10/32 [00:04<00:10,  2.11it/s]calculating model weight mean & std:  34%|███▍      | 11/32 [00:05<00:09,  2.18it/s]calculating model weight mean & std:  38%|███▊      | 12/32 [00:05<00:08,  2.23it/s]calculating model weight mean & std:  41%|████      | 13/32 [00:05<00:08,  2.27it/s]calculating model weight mean & std:  44%|████▍     | 14/32 [00:06<00:07,  2.30it/s]calculating model weight mean & std:  47%|████▋     | 15/32 [00:06<00:07,  2.32it/s]calculating model weight mean & std:  50%|█████     | 16/32 [00:07<00:06,  2.33it/s]calculating model weight mean & std:  53%|█████▎    | 17/32 [00:07<00:06,  2.35it/s]calculating model weight mean & std:  56%|█████▋    | 18/32 [00:08<00:05,  2.36it/s]calculating model weight mean & std:  59%|█████▉    | 19/32 [00:08<00:05,  2.36it/s]calculating model weight mean & std:  62%|██████▎   | 20/32 [00:08<00:05,  2.36it/s]calculating model weight mean & std:  66%|██████▌   | 21/32 [00:09<00:04,  2.36it/s]calculating model weight mean & std:  69%|██████▉   | 22/32 [00:09<00:04,  2.37it/s]calculating model weight mean & std:  72%|███████▏  | 23/32 [00:10<00:03,  2.37it/s]calculating model weight mean & std:  75%|███████▌  | 24/32 [00:10<00:03,  2.38it/s]calculating model weight mean & std:  78%|███████▊  | 25/32 [00:11<00:02,  2.38it/s]calculating model weight mean & std:  81%|████████▏ | 26/32 [00:11<00:02,  2.39it/s]calculating model weight mean & std:  84%|████████▍ | 27/32 [00:11<00:02,  2.44it/s]calculating model weight mean & std:  88%|████████▊ | 28/32 [00:12<00:01,  2.45it/s]calculating model weight mean & std:  91%|█████████ | 29/32 [00:12<00:01,  2.49it/s]calculating model weight mean & std:  94%|█████████▍| 30/32 [00:13<00:00,  2.51it/s]calculating model weight mean & std:  97%|█████████▋| 31/32 [00:13<00:00,  2.52it/s]calculating model weight mean & std: 100%|██████████| 32/32 [00:13<00:00,  2.54it/s]calculating model weight mean & std: 100%|██████████| 32/32 [00:13<00:00,  2.32it/s]
I0325 05:02:19.894116 382969 quantize_finetune_llama.py:185] loaded compression model
I0325 05:02:34.823139 382969 quantize_finetune_llama.py:189] loaded dataset and devset
I0325 05:02:39.380274 382969 quantize_finetune_llama.py:209] layer 0 gpu 0
The attention layers in this model are transitioning from computing the RoPE embeddings internally through `position_ids` (2D tensor with the indexes of the tokens), to using externally computed `position_embeddings` (Tuple of tensors, containing cos and sin). In v4.46 `position_ids` will be removed and `position_embeddings` will be mandatory.
I0325 05:03:44.329319 382969 quantize_finetune_llama.py:240] computed original embedding for layer 0 in 64.80348134040833s
tensor(-3.6338e-06) tensor(0.0192)
tensor(0.0192) tensor(-3.6338e-06)
huggingface/tokenizers: The current process just got forked, after parallelism has already been used. Disabling parallelism to avoid deadlocks...
To disable this warning, you can either:
	- Avoid using `tokenizers` before the fork if possible
	- Explicitly set the environment variable TOKENIZERS_PARALLELISM=(true | false)
I0325 05:04:05.622535 384683 config.py:54] PyTorch version 2.6.0 available.
W0325 05:04:05.910196 384683 warnings.py:109] /opt/conda/lib/python3.10/site-packages/torchvision/io/image.py:13: UserWarning: Failed to load image Python extension: '/opt/conda/lib/python3.10/site-packages/torchvision/image.so: undefined symbol: _ZN3c1017RegisterOperatorsD1Ev'If you don't plan on using image functionality from `torchvision.io`, you can ignore this warning. Otherwise, there might be something wrong with your environment. Did you have `libjpeg` or `libpng` installed before building `torchvision` from source?
  warn(

W0325 05:04:06.872031 384683 warnings.py:109] /opt/conda/lib/python3.10/site-packages/compressai/models/video/google.py:353: FutureWarning: `torch.cuda.amp.autocast(args...)` is deprecated. Please use `torch.amp.autocast('cuda', args...)` instead.
  @amp.autocast(enabled=False)

I0325 05:04:06.876106 382969 quantize_finetune_llama.py:209] layer 1 gpu 1
I0325 05:04:06.889175 384683 data_utils.py:336] using 256 training seqs, 128 validation seqs
The attention layers in this model are transitioning from computing the RoPE embeddings internally through `position_ids` (2D tensor with the indexes of the tokens), to using externally computed `position_embeddings` (Tuple of tensors, containing cos and sin). In v4.46 `position_ids` will be removed and `position_embeddings` will be mandatory.
I0325 05:04:26.846997 384683 finetune.py:45] layer 0_v initial loss 4.7346995302177675e-07
W0325 05:04:26.847176 384683 warnings.py:109] /workspace/Weight_compression/comp_lm_qtip/lib/algo/finetune.py:46: FutureWarning: `torch.cuda.amp.GradScaler(args...)` is deprecated. Please use `torch.amp.GradScaler('cuda', args...)` instead.
  scaler = torch.cuda.amp.GradScaler(enabled=(orig_dtype==torch.float16))

I0325 05:05:00.536604 384683 finetune.py:68] layer 0_v @ epoch 0 new loss 2.3199343957003293e-07 old loss 4.7346995302177675e-07 BETTER
I0325 05:05:19.857164 382969 quantize_finetune_llama.py:240] computed original embedding for layer 1 in 72.80867075920105s
I0325 05:05:31.496254 385771 config.py:54] PyTorch version 2.6.0 available.
W0325 05:05:31.798634 385771 warnings.py:109] /opt/conda/lib/python3.10/site-packages/torchvision/io/image.py:13: UserWarning: Failed to load image Python extension: '/opt/conda/lib/python3.10/site-packages/torchvision/image.so: undefined symbol: _ZN3c1017RegisterOperatorsD1Ev'If you don't plan on using image functionality from `torchvision.io`, you can ignore this warning. Otherwise, there might be something wrong with your environment. Did you have `libjpeg` or `libpng` installed before building `torchvision` from source?
  warn(

W0325 05:05:32.760340 385771 warnings.py:109] /opt/conda/lib/python3.10/site-packages/compressai/models/video/google.py:353: FutureWarning: `torch.cuda.amp.autocast(args...)` is deprecated. Please use `torch.amp.autocast('cuda', args...)` instead.
  @amp.autocast(enabled=False)

I0325 05:05:32.764432 382969 quantize_finetune_llama.py:209] layer 2 gpu 2
I0325 05:05:32.777901 385771 data_utils.py:336] using 256 training seqs, 128 validation seqs
I0325 05:05:36.757707 384683 finetune.py:68] layer 0_v @ epoch 1 new loss 1.491376480089457e-07 old loss 2.3199343957003293e-07 BETTER
The attention layers in this model are transitioning from computing the RoPE embeddings internally through `position_ids` (2D tensor with the indexes of the tokens), to using externally computed `position_embeddings` (Tuple of tensors, containing cos and sin). In v4.46 `position_ids` will be removed and `position_embeddings` will be mandatory.
I0325 05:05:54.787981 385771 finetune.py:45] layer 1_v initial loss 0.0006490367813967168
W0325 05:05:54.788766 385771 warnings.py:109] /workspace/Weight_compression/comp_lm_qtip/lib/algo/finetune.py:46: FutureWarning: `torch.cuda.amp.GradScaler(args...)` is deprecated. Please use `torch.amp.GradScaler('cuda', args...)` instead.
  scaler = torch.cuda.amp.GradScaler(enabled=(orig_dtype==torch.float16))

I0325 05:06:12.633471 384683 finetune.py:68] layer 0_v @ epoch 2 new loss 1.1807086508497378e-07 old loss 1.491376480089457e-07 BETTER
I0325 05:06:27.793893 385771 finetune.py:68] layer 1_v @ epoch 0 new loss 1.5698111383244395e-05 old loss 0.0006490367813967168 BETTER
I0325 05:06:48.802775 384683 finetune.py:68] layer 0_v @ epoch 3 new loss 1.0398032657121803e-07 old loss 1.1807086508497378e-07 BETTER
I0325 05:06:51.400836 382969 quantize_finetune_llama.py:240] computed original embedding for layer 2 in 78.43814325332642s
I0325 05:07:03.013767 385771 finetune.py:68] layer 1_v @ epoch 1 new loss 1.3655406291945837e-05 old loss 1.5698111383244395e-05 BETTER
I0325 05:07:03.982691 386989 config.py:54] PyTorch version 2.6.0 available.
W0325 05:07:04.280391 386989 warnings.py:109] /opt/conda/lib/python3.10/site-packages/torchvision/io/image.py:13: UserWarning: Failed to load image Python extension: '/opt/conda/lib/python3.10/site-packages/torchvision/image.so: undefined symbol: _ZN3c1017RegisterOperatorsD1Ev'If you don't plan on using image functionality from `torchvision.io`, you can ignore this warning. Otherwise, there might be something wrong with your environment. Did you have `libjpeg` or `libpng` installed before building `torchvision` from source?
  warn(

W0325 05:07:05.250158 386989 warnings.py:109] /opt/conda/lib/python3.10/site-packages/compressai/models/video/google.py:353: FutureWarning: `torch.cuda.amp.autocast(args...)` is deprecated. Please use `torch.amp.autocast('cuda', args...)` instead.
  @amp.autocast(enabled=False)

I0325 05:07:05.254539 382969 quantize_finetune_llama.py:209] layer 3 gpu 0
I0325 05:07:05.268032 386989 data_utils.py:336] using 256 training seqs, 128 validation seqs
The attention layers in this model are transitioning from computing the RoPE embeddings internally through `position_ids` (2D tensor with the indexes of the tokens), to using externally computed `position_embeddings` (Tuple of tensors, containing cos and sin). In v4.46 `position_ids` will be removed and `position_embeddings` will be mandatory.
I0325 05:07:23.667097 386989 finetune.py:45] layer 2_v initial loss 3.7097459426149726e-05
W0325 05:07:23.667399 386989 warnings.py:109] /workspace/Weight_compression/comp_lm_qtip/lib/algo/finetune.py:46: FutureWarning: `torch.cuda.amp.GradScaler(args...)` is deprecated. Please use `torch.amp.GradScaler('cuda', args...)` instead.
  scaler = torch.cuda.amp.GradScaler(enabled=(orig_dtype==torch.float16))

I0325 05:07:25.372600 384683 finetune.py:68] layer 0_v @ epoch 4 new loss 9.654856825136449e-08 old loss 1.0398032657121803e-07 BETTER
I0325 05:07:36.473697 385771 finetune.py:68] layer 1_v @ epoch 2 new loss 1.3561183550336864e-05 old loss 1.3655406291945837e-05 BETTER
I0325 05:07:45.056853 384683 finetune.py:45] layer 0_q initial loss 9.850041493564277e-08
I0325 05:07:55.147807 386989 finetune.py:68] layer 2_v @ epoch 0 new loss 1.8654960513231345e-05 old loss 3.7097459426149726e-05 BETTER
I0325 05:08:09.618139 385771 finetune.py:68] layer 1_v @ epoch 3 new loss 1.178273669211194e-05 old loss 1.3561183550336864e-05 BETTER
I0325 05:08:18.396528 384683 finetune.py:68] layer 0_q @ epoch 0 new loss 9.186451421783204e-08 old loss 9.850041493564277e-08 BETTER
I0325 05:08:27.544071 386989 finetune.py:68] layer 2_v @ epoch 1 new loss 1.2786397746822331e-05 old loss 1.8654960513231345e-05 BETTER
I0325 05:08:43.128871 385771 finetune.py:68] layer 1_v @ epoch 4 new loss 1.1142959920107387e-05 old loss 1.178273669211194e-05 BETTER
I0325 05:08:52.833880 384683 finetune.py:68] layer 0_q @ epoch 1 new loss 8.798975414947563e-08 old loss 9.186451421783204e-08 BETTER
I0325 05:09:00.434272 386989 finetune.py:68] layer 2_v @ epoch 2 new loss 1.0663549801392946e-05 old loss 1.2786397746822331e-05 BETTER
I0325 05:09:03.719474 385771 finetune.py:45] layer 1_q initial loss 1.814206552808173e-05
I0325 05:09:27.510565 384683 finetune.py:68] layer 0_q @ epoch 2 new loss 8.506818005571404e-08 old loss 8.798975414947563e-08 BETTER
I0325 05:09:33.816959 386989 finetune.py:68] layer 2_v @ epoch 3 new loss 9.825530469242949e-06 old loss 1.0663549801392946e-05 BETTER
I0325 05:09:35.500444 385771 finetune.py:68] layer 1_q @ epoch 0 new loss 1.3158422007109039e-05 old loss 1.814206552808173e-05 BETTER
I0325 05:10:02.304695 384683 finetune.py:68] layer 0_q @ epoch 3 new loss 8.282657404379279e-08 old loss 8.506818005571404e-08 BETTER
I0325 05:10:07.700562 386989 finetune.py:68] layer 2_v @ epoch 4 new loss 9.461428817303386e-06 old loss 9.825530469242949e-06 BETTER
I0325 05:10:08.641934 385771 finetune.py:76] layer 1_q @ epoch 1 new loss 1.5206316675175913e-05 old loss 1.3158422007109039e-05 WORSE
I0325 05:10:27.771251 386989 finetune.py:45] layer 2_q initial loss 1.0324411050532945e-05
I0325 05:10:37.038450 384683 finetune.py:68] layer 0_q @ epoch 4 new loss 8.093233816452994e-08 old loss 8.282657404379279e-08 BETTER
I0325 05:10:41.353154 385771 finetune.py:68] layer 1_q @ epoch 2 new loss 1.213505402120063e-05 old loss 1.3158422007109039e-05 BETTER
I0325 05:10:57.586980 384683 finetune.py:45] layer 0_k initial loss 8.670966877843966e-08
I0325 05:10:59.849524 386989 finetune.py:68] layer 2_q @ epoch 0 new loss 9.975413377105724e-06 old loss 1.0324411050532945e-05 BETTER
I0325 05:11:14.298902 385771 finetune.py:76] layer 1_q @ epoch 3 new loss 1.3467700227920432e-05 old loss 1.213505402120063e-05 WORSE
I0325 05:11:31.327277 384683 finetune.py:68] layer 0_k @ epoch 0 new loss 8.084104052841212e-08 old loss 8.670966877843966e-08 BETTER
I0325 05:11:32.619515 386989 finetune.py:68] layer 2_q @ epoch 1 new loss 9.845678505371325e-06 old loss 9.975413377105724e-06 BETTER
I0325 05:11:47.216664 385771 finetune.py:68] layer 1_q @ epoch 4 new loss 1.1304777217446826e-05 old loss 1.213505402120063e-05 BETTER
I0325 05:12:06.609864 386989 finetune.py:68] layer 2_q @ epoch 2 new loss 9.75159855443053e-06 old loss 9.845678505371325e-06 BETTER
I0325 05:12:06.664227 384683 finetune.py:68] layer 0_k @ epoch 1 new loss 7.932544576760847e-08 old loss 8.084104052841212e-08 BETTER
I0325 05:12:09.440186 385771 finetune.py:45] layer 1_k initial loss 1.7985015801968984e-05
I0325 05:12:39.745072 386989 finetune.py:68] layer 2_q @ epoch 3 new loss 9.672594387666322e-06 old loss 9.75159855443053e-06 BETTER
I0325 05:12:41.845179 384683 finetune.py:68] layer 0_k @ epoch 2 new loss 7.797904544304401e-08 old loss 7.932544576760847e-08 BETTER
I0325 05:12:42.073257 385771 finetune.py:68] layer 1_k @ epoch 0 new loss 1.5569128663628362e-05 old loss 1.7985015801968984e-05 BETTER
I0325 05:13:12.710185 386989 finetune.py:68] layer 2_q @ epoch 4 new loss 9.604334081814159e-06 old loss 9.672594387666322e-06 BETTER
I0325 05:13:15.240614 385771 finetune.py:68] layer 1_k @ epoch 1 new loss 1.5306082786992192e-05 old loss 1.5569128663628362e-05 BETTER
I0325 05:13:16.660011 384683 finetune.py:68] layer 0_k @ epoch 3 new loss 7.686995928679607e-08 old loss 7.797904544304401e-08 BETTER
I0325 05:13:34.003484 386989 finetune.py:45] layer 2_k initial loss 1.0408084563096054e-05
I0325 05:13:49.772955 385771 finetune.py:68] layer 1_k @ epoch 2 new loss 1.4524421203532256e-05 old loss 1.5306082786992192e-05 BETTER
I0325 05:13:52.227064 384683 finetune.py:68] layer 0_k @ epoch 4 new loss 7.604375440450895e-08 old loss 7.686995928679607e-08 BETTER
I0325 05:14:05.472289 386989 finetune.py:68] layer 2_k @ epoch 0 new loss 1.0325730727345217e-05 old loss 1.0408084563096054e-05 BETTER
I0325 05:14:13.466634 384683 finetune.py:45] layer 0_o initial loss 6.259172664613288e-07
I0325 05:14:24.127014 385771 finetune.py:76] layer 1_k @ epoch 3 new loss 1.493915988248773e-05 old loss 1.4524421203532256e-05 WORSE
I0325 05:14:38.535841 386989 finetune.py:68] layer 2_k @ epoch 1 new loss 1.0262969226459973e-05 old loss 1.0325730727345217e-05 BETTER
I0325 05:14:45.930500 384683 finetune.py:68] layer 0_o @ epoch 0 new loss 5.876160571460787e-07 old loss 6.259172664613288e-07 BETTER
I0325 05:14:56.235265 385771 finetune.py:68] layer 1_k @ epoch 4 new loss 1.3875919648853596e-05 old loss 1.4524421203532256e-05 BETTER
I0325 05:15:11.053560 386989 finetune.py:68] layer 2_k @ epoch 2 new loss 1.0206469596596435e-05 old loss 1.0262969226459973e-05 BETTER
I0325 05:15:19.596062 385771 finetune.py:45] layer 1_o initial loss 0.00021479940915014595
I0325 05:15:21.674065 384683 finetune.py:68] layer 0_o @ epoch 1 new loss 5.589681677520275e-07 old loss 5.876160571460787e-07 BETTER
I0325 05:15:43.450502 386989 finetune.py:68] layer 2_k @ epoch 3 new loss 1.0155520612897817e-05 old loss 1.0206469596596435e-05 BETTER
I0325 05:15:50.981782 385771 finetune.py:68] layer 1_o @ epoch 0 new loss 8.15589664853178e-05 old loss 0.00021479940915014595 BETTER
I0325 05:15:55.663115 384683 finetune.py:68] layer 0_o @ epoch 2 new loss 5.356657766242279e-07 old loss 5.589681677520275e-07 BETTER
I0325 05:16:16.759576 386989 finetune.py:68] layer 2_k @ epoch 4 new loss 1.0108139576914255e-05 old loss 1.0155520612897817e-05 BETTER
I0325 05:16:24.820674 385771 finetune.py:68] layer 1_o @ epoch 1 new loss 4.9694193876348436e-05 old loss 8.15589664853178e-05 BETTER
I0325 05:16:30.109913 384683 finetune.py:68] layer 0_o @ epoch 3 new loss 5.165231300452433e-07 old loss 5.356657766242279e-07 BETTER
I0325 05:16:39.892550 386989 finetune.py:45] layer 2_o initial loss 3.5670345823746175e-05
I0325 05:16:59.271440 385771 finetune.py:68] layer 1_o @ epoch 2 new loss 4.4029329728800803e-05 old loss 4.9694193876348436e-05 BETTER
I0325 05:17:05.141489 384683 finetune.py:68] layer 0_o @ epoch 4 new loss 5.007452728023054e-07 old loss 5.165231300452433e-07 BETTER
I0325 05:17:11.197750 386989 finetune.py:68] layer 2_o @ epoch 0 new loss 3.4724551369436085e-05 old loss 3.5670345823746175e-05 BETTER
I0325 05:17:32.908884 385771 finetune.py:68] layer 1_o @ epoch 3 new loss 4.2827698052860796e-05 old loss 4.4029329728800803e-05 BETTER
I0325 05:17:33.660045 384683 finetune.py:45] layer 0_up initial loss 9.474405828768795e-07
I0325 05:17:44.080175 386989 finetune.py:68] layer 2_o @ epoch 1 new loss 3.402385482331738e-05 old loss 3.4724551369436085e-05 BETTER
I0325 05:18:06.754368 384683 finetune.py:68] layer 0_up @ epoch 0 new loss 8.842870897751709e-07 old loss 9.474405828768795e-07 BETTER
I0325 05:18:07.599034 385771 finetune.py:68] layer 1_o @ epoch 4 new loss 4.19218631577678e-05 old loss 4.2827698052860796e-05 BETTER
I0325 05:18:16.476414 386989 finetune.py:68] layer 2_o @ epoch 2 new loss 3.348516838741489e-05 old loss 3.402385482331738e-05 BETTER
I0325 05:18:38.475744 385771 finetune.py:45] layer 1_up initial loss 6.32090523140505e-05
I0325 05:18:40.379112 384683 finetune.py:68] layer 0_up @ epoch 1 new loss 8.438110512543062e-07 old loss 8.842870897751709e-07 BETTER
I0325 05:18:49.520156 386989 finetune.py:68] layer 2_o @ epoch 3 new loss 3.305863356217742e-05 old loss 3.348516838741489e-05 BETTER
I0325 05:19:07.815283 385771 finetune.py:68] layer 1_up @ epoch 0 new loss 4.902611908619292e-05 old loss 6.32090523140505e-05 BETTER
I0325 05:19:13.752514 384683 finetune.py:68] layer 0_up @ epoch 2 new loss 8.17172008282796e-07 old loss 8.438110512543062e-07 BETTER
I0325 05:19:22.528964 386989 finetune.py:68] layer 2_o @ epoch 4 new loss 3.271088644396514e-05 old loss 3.305863356217742e-05 BETTER
I0325 05:19:39.519336 385771 finetune.py:68] layer 1_up @ epoch 1 new loss 4.731274748337455e-05 old loss 4.902611908619292e-05 BETTER
I0325 05:19:46.898966 384683 finetune.py:68] layer 0_up @ epoch 3 new loss 7.985708521118795e-07 old loss 8.17172008282796e-07 BETTER
I0325 05:19:54.790506 386989 finetune.py:45] layer 2_up initial loss 4.82211253256537e-05
I0325 05:20:11.403061 385771 finetune.py:68] layer 1_up @ epoch 2 new loss 4.601766704581678e-05 old loss 4.731274748337455e-05 BETTER
I0325 05:20:20.656843 384683 finetune.py:68] layer 0_up @ epoch 4 new loss 7.850338192838535e-07 old loss 7.985708521118795e-07 BETTER
I0325 05:20:24.408595 386989 finetune.py:68] layer 2_up @ epoch 0 new loss 4.7794103011256084e-05 old loss 4.82211253256537e-05 BETTER
I0325 05:20:42.861519 385771 finetune.py:68] layer 1_up @ epoch 3 new loss 4.47702404926531e-05 old loss 4.601766704581678e-05 BETTER
I0325 05:20:51.683829 384683 finetune.py:45] layer 0_gate initial loss 1.3499193300958723e-06
I0325 05:20:55.738375 386989 finetune.py:68] layer 2_up @ epoch 1 new loss 4.7470770368818194e-05 old loss 4.7794103011256084e-05 BETTER
I0325 05:21:14.824893 385771 finetune.py:68] layer 1_up @ epoch 4 new loss 4.442554563865997e-05 old loss 4.47702404926531e-05 BETTER
I0325 05:21:21.160931 384683 finetune.py:68] layer 0_gate @ epoch 0 new loss 1.2786421166310902e-06 old loss 1.3499193300958723e-06 BETTER
I0325 05:21:26.291550 386989 finetune.py:68] layer 2_up @ epoch 2 new loss 4.7217199607985094e-05 old loss 4.7470770368818194e-05 BETTER
I0325 05:21:47.028824 385771 finetune.py:45] layer 1_gate initial loss 5.977877299301326e-05
I0325 05:21:52.523028 384683 finetune.py:68] layer 0_gate @ epoch 1 new loss 1.2297231251068297e-06 old loss 1.2786421166310902e-06 BETTER
I0325 05:21:57.426643 386989 finetune.py:68] layer 2_up @ epoch 3 new loss 4.700685531133786e-05 old loss 4.7217199607985094e-05 BETTER
I0325 05:22:16.093161 385771 finetune.py:68] layer 1_gate @ epoch 0 new loss 4.984005499863997e-05 old loss 5.977877299301326e-05 BETTER
I0325 05:22:24.666443 384683 finetune.py:68] layer 0_gate @ epoch 2 new loss 1.1943365052502486e-06 old loss 1.2297231251068297e-06 BETTER
I0325 05:22:29.398390 386989 finetune.py:68] layer 2_up @ epoch 4 new loss 4.68282014480792e-05 old loss 4.700685531133786e-05 BETTER
I0325 05:22:46.568706 385771 finetune.py:68] layer 1_gate @ epoch 1 new loss 4.891623757430352e-05 old loss 4.984005499863997e-05 BETTER
I0325 05:22:56.712504 384683 finetune.py:68] layer 0_gate @ epoch 3 new loss 1.1675475661832024e-06 old loss 1.1943365052502486e-06 BETTER
I0325 05:23:01.166970 386989 finetune.py:45] layer 2_gate initial loss 5.843174221809022e-05
I0325 05:23:17.381898 385771 finetune.py:68] layer 1_gate @ epoch 2 new loss 4.791637184098363e-05 old loss 4.891623757430352e-05 BETTER
I0325 05:23:29.080282 384683 finetune.py:68] layer 0_gate @ epoch 4 new loss 1.1467211606941419e-06 old loss 1.1675475661832024e-06 BETTER
I0325 05:23:30.475847 386989 finetune.py:68] layer 2_gate @ epoch 0 new loss 5.812535164295696e-05 old loss 5.843174221809022e-05 BETTER
I0325 05:23:47.122645 385771 finetune.py:68] layer 1_gate @ epoch 3 new loss 4.7044697566889226e-05 old loss 4.791637184098363e-05 BETTER
I0325 05:23:59.562532 386989 finetune.py:68] layer 2_gate @ epoch 1 new loss 5.788622365798801e-05 old loss 5.812535164295696e-05 BETTER
I0325 05:24:18.231436 384683 finetune.py:45] layer 0_down initial loss 2.6336269911553245e-06
I0325 05:24:18.434508 385771 finetune.py:68] layer 1_gate @ epoch 4 new loss 4.5952310756547377e-05 old loss 4.7044697566889226e-05 BETTER
I0325 05:24:28.730738 386989 finetune.py:68] layer 2_gate @ epoch 2 new loss 5.768838309450075e-05 old loss 5.788622365798801e-05 BETTER
I0325 05:24:46.128679 384683 finetune.py:68] layer 0_down @ epoch 0 new loss 2.611098352645058e-06 old loss 2.6336269911553245e-06 BETTER
I0325 05:24:58.660987 386989 finetune.py:68] layer 2_gate @ epoch 3 new loss 5.751956268795766e-05 old loss 5.768838309450075e-05 BETTER
I0325 05:25:11.124703 385771 finetune.py:45] layer 1_down initial loss 6.501548341475427e-05
I0325 05:25:16.905094 384683 finetune.py:68] layer 0_down @ epoch 1 new loss 2.5955359888030216e-06 old loss 2.611098352645058e-06 BETTER
I0325 05:25:29.291450 386989 finetune.py:68] layer 2_gate @ epoch 4 new loss 5.737355968449265e-05 old loss 5.751956268795766e-05 BETTER
I0325 05:25:38.558718 385771 finetune.py:68] layer 1_down @ epoch 0 new loss 6.445815961342305e-05 old loss 6.501548341475427e-05 BETTER
I0325 05:25:47.558670 384683 finetune.py:68] layer 0_down @ epoch 2 new loss 2.584107278380543e-06 old loss 2.5955359888030216e-06 BETTER
I0325 05:26:07.975834 385771 finetune.py:68] layer 1_down @ epoch 1 new loss 6.396367098204792e-05 old loss 6.445815961342305e-05 BETTER
I0325 05:26:18.288301 384683 finetune.py:68] layer 0_down @ epoch 3 new loss 2.5755209662747802e-06 old loss 2.584107278380543e-06 BETTER
I0325 05:26:19.771651 386989 finetune.py:45] layer 2_down initial loss 8.903181878849864e-05
I0325 05:26:36.645236 385771 finetune.py:68] layer 1_down @ epoch 2 new loss 6.3220904849004e-05 old loss 6.396367098204792e-05 BETTER
I0325 05:26:47.036229 386989 finetune.py:68] layer 2_down @ epoch 0 new loss 8.89375587576069e-05 old loss 8.903181878849864e-05 BETTER
I0325 05:26:48.810003 384683 finetune.py:68] layer 0_down @ epoch 4 new loss 2.568509898992488e-06 old loss 2.5755209662747802e-06 BETTER
0_v proxy err 0.01611548475921154 tr(WHW.T) 992.1710205078125
bpp_loss 1.7892597619211301
0_q proxy err 3.1749095796840265e-05 tr(WHW.T) 636515.0
bpp_loss 1.881683309446089
0_k proxy err 4.7846751840552315e-05 tr(WHW.T) 398923.21875
bpp_loss 2.0050085035909433
0_o proxy err 0.00166529999114573 tr(WHW.T) 15969.26171875
bpp_loss 1.6726946974522434
0_up proxy err 0.017079276964068413 tr(WHW.T) 24234.798828125
bpp_loss 2.127108956145686
0_gate proxy err 0.011696750298142433 tr(WHW.T) 35512.65234375
bpp_loss 2.144845964387059
0_down proxy err 0.009832746349275112 tr(WHW.T) 36017.4921875
bpp_loss 2.1772762824196454
I0325 05:27:05.127280 385771 finetune.py:68] layer 1_down @ epoch 3 new loss 6.263570685405284e-05 old loss 6.3220904849004e-05 BETTER
I0325 05:27:14.846684 386989 finetune.py:68] layer 2_down @ epoch 1 new loss 8.88643553480506e-05 old loss 8.89375587576069e-05 BETTER
I0325 05:27:33.191956 385771 finetune.py:68] layer 1_down @ epoch 4 new loss 6.209382263477892e-05 old loss 6.263570685405284e-05 BETTER
1_v proxy err 0.043214816600084305 tr(WHW.T) 673.7838745117188
bpp_loss 1.7559688439941965
1_q proxy err 0.00017852161545306444 tr(WHW.T) 195552.71875
bpp_loss 2.5404650320415385
1_k proxy err 0.00017547616153024137 tr(WHW.T) 204427.25
bpp_loss 2.55749938703957
1_o proxy err 0.030306965112686157 tr(WHW.T) 4052.82373046875
bpp_loss 1.721547113294946
1_up proxy err 0.024202583357691765 tr(WHW.T) 23365.70703125
bpp_loss 2.19504592134509
1_gate proxy err 0.012208704836666584 tr(WHW.T) 47090.54296875
bpp_loss 2.265952400126776
1_down proxy err 0.00030210777185857296 tr(WHW.T) 40954.3359375
bpp_loss 2.1792678012144426
I0325 05:27:41.867750 386989 finetune.py:68] layer 2_down @ epoch 2 new loss 8.880514360498637e-05 old loss 8.88643553480506e-05 BETTER
I0325 05:28:08.572429 386989 finetune.py:68] layer 2_down @ epoch 3 new loss 8.875680214259773e-05 old loss 8.880514360498637e-05 BETTER
I0325 05:28:35.403663 386989 finetune.py:68] layer 2_down @ epoch 4 new loss 8.871585305314511e-05 old loss 8.875680214259773e-05 BETTER
2_v proxy err 0.028346069157123566 tr(WHW.T) 2814.01025390625
bpp_loss 2.000079934805399
2_q proxy err 0.0005775411846116185 tr(WHW.T) 159596.890625
bpp_loss 2.688583256327547
2_k proxy err 0.00044273893581703305 tr(WHW.T) 210201.96875
bpp_loss 2.7405255061166827
2_o proxy err 0.04695681482553482 tr(WHW.T) 5339.73828125
bpp_loss 1.978835308458656
2_up proxy err 0.03469492122530937 tr(WHW.T) 20071.798828125
bpp_loss 2.2069185945790175
2_gate proxy err 0.02235422283411026 tr(WHW.T) 31769.92578125
bpp_loss 2.2944077895737665
2_down proxy err 0.04518038406968117 tr(WHW.T) 17500.666015625
bpp_loss 2.2017504464141853
I0325 05:28:42.666948 382969 quantize_finetune_llama.py:240] computed original embedding for layer 3 in 63.482141971588135s
I0325 05:28:45.959394 403279 config.py:54] PyTorch version 2.6.0 available.
W0325 05:28:46.242737 403279 warnings.py:109] /opt/conda/lib/python3.10/site-packages/torchvision/io/image.py:13: UserWarning: Failed to load image Python extension: '/opt/conda/lib/python3.10/site-packages/torchvision/image.so: undefined symbol: _ZN3c1017RegisterOperatorsD1Ev'If you don't plan on using image functionality from `torchvision.io`, you can ignore this warning. Otherwise, there might be something wrong with your environment. Did you have `libjpeg` or `libpng` installed before building `torchvision` from source?
  warn(

W0325 05:28:47.147146 403279 warnings.py:109] /opt/conda/lib/python3.10/site-packages/compressai/models/video/google.py:353: FutureWarning: `torch.cuda.amp.autocast(args...)` is deprecated. Please use `torch.amp.autocast('cuda', args...)` instead.
  @amp.autocast(enabled=False)

I0325 05:28:47.151140 382969 quantize_finetune_llama.py:209] layer 4 gpu 1
I0325 05:28:47.164545 403279 data_utils.py:336] using 256 training seqs, 128 validation seqs
The attention layers in this model are transitioning from computing the RoPE embeddings internally through `position_ids` (2D tensor with the indexes of the tokens), to using externally computed `position_embeddings` (Tuple of tensors, containing cos and sin). In v4.46 `position_ids` will be removed and `position_embeddings` will be mandatory.
I0325 05:29:05.389503 403279 finetune.py:45] layer 3_v initial loss 8.429137233179063e-05
W0325 05:29:05.389705 403279 warnings.py:109] /workspace/Weight_compression/comp_lm_qtip/lib/algo/finetune.py:46: FutureWarning: `torch.cuda.amp.GradScaler(args...)` is deprecated. Please use `torch.amp.GradScaler('cuda', args...)` instead.
  scaler = torch.cuda.amp.GradScaler(enabled=(orig_dtype==torch.float16))

I0325 05:29:38.133168 403279 finetune.py:68] layer 3_v @ epoch 0 new loss 3.562409256119281e-05 old loss 8.429137233179063e-05 BETTER
I0325 05:29:47.832084 382969 quantize_finetune_llama.py:240] computed original embedding for layer 4 in 60.19295310974121s
I0325 05:29:51.313286 404132 config.py:54] PyTorch version 2.6.0 available.
W0325 05:29:51.626789 404132 warnings.py:109] /opt/conda/lib/python3.10/site-packages/torchvision/io/image.py:13: UserWarning: Failed to load image Python extension: '/opt/conda/lib/python3.10/site-packages/torchvision/image.so: undefined symbol: _ZN3c1017RegisterOperatorsD1Ev'If you don't plan on using image functionality from `torchvision.io`, you can ignore this warning. Otherwise, there might be something wrong with your environment. Did you have `libjpeg` or `libpng` installed before building `torchvision` from source?
  warn(

W0325 05:29:52.591374 404132 warnings.py:109] /opt/conda/lib/python3.10/site-packages/compressai/models/video/google.py:353: FutureWarning: `torch.cuda.amp.autocast(args...)` is deprecated. Please use `torch.amp.autocast('cuda', args...)` instead.
  @amp.autocast(enabled=False)

I0325 05:29:52.596051 382969 quantize_finetune_llama.py:209] layer 5 gpu 2
I0325 05:29:52.615139 404132 data_utils.py:336] using 256 training seqs, 128 validation seqs
The attention layers in this model are transitioning from computing the RoPE embeddings internally through `position_ids` (2D tensor with the indexes of the tokens), to using externally computed `position_embeddings` (Tuple of tensors, containing cos and sin). In v4.46 `position_ids` will be removed and `position_embeddings` will be mandatory.
I0325 05:30:13.398581 403279 finetune.py:68] layer 3_v @ epoch 1 new loss 2.4701810616534203e-05 old loss 3.562409256119281e-05 BETTER
I0325 05:30:13.576212 404132 finetune.py:45] layer 4_v initial loss 0.00014953649952076375
W0325 05:30:13.576408 404132 warnings.py:109] /workspace/Weight_compression/comp_lm_qtip/lib/algo/finetune.py:46: FutureWarning: `torch.cuda.amp.GradScaler(args...)` is deprecated. Please use `torch.amp.GradScaler('cuda', args...)` instead.
  scaler = torch.cuda.amp.GradScaler(enabled=(orig_dtype==torch.float16))

I0325 05:30:45.429561 404132 finetune.py:68] layer 4_v @ epoch 0 new loss 5.640029485221021e-05 old loss 0.00014953649952076375 BETTER
I0325 05:30:48.575831 403279 finetune.py:68] layer 3_v @ epoch 2 new loss 2.1543972252402455e-05 old loss 2.4701810616534203e-05 BETTER
I0325 05:31:00.682292 382969 quantize_finetune_llama.py:240] computed original embedding for layer 5 in 67.59265184402466s
I0325 05:31:04.731671 405093 config.py:54] PyTorch version 2.6.0 available.
W0325 05:31:05.096104 405093 warnings.py:109] /opt/conda/lib/python3.10/site-packages/torchvision/io/image.py:13: UserWarning: Failed to load image Python extension: '/opt/conda/lib/python3.10/site-packages/torchvision/image.so: undefined symbol: _ZN3c1017RegisterOperatorsD1Ev'If you don't plan on using image functionality from `torchvision.io`, you can ignore this warning. Otherwise, there might be something wrong with your environment. Did you have `libjpeg` or `libpng` installed before building `torchvision` from source?
  warn(

W0325 05:31:06.160032 405093 warnings.py:109] /opt/conda/lib/python3.10/site-packages/compressai/models/video/google.py:353: FutureWarning: `torch.cuda.amp.autocast(args...)` is deprecated. Please use `torch.amp.autocast('cuda', args...)` instead.
  @amp.autocast(enabled=False)

I0325 05:31:06.164653 382969 quantize_finetune_llama.py:209] layer 6 gpu 0
I0325 05:31:06.184234 405093 data_utils.py:336] using 256 training seqs, 128 validation seqs
I0325 05:31:19.060906 404132 finetune.py:68] layer 4_v @ epoch 1 new loss 3.976627340307459e-05 old loss 5.640029485221021e-05 BETTER
The attention layers in this model are transitioning from computing the RoPE embeddings internally through `position_ids` (2D tensor with the indexes of the tokens), to using externally computed `position_embeddings` (Tuple of tensors, containing cos and sin). In v4.46 `position_ids` will be removed and `position_embeddings` will be mandatory.
I0325 05:31:24.137868 403279 finetune.py:68] layer 3_v @ epoch 3 new loss 2.0422708985279314e-05 old loss 2.1543972252402455e-05 BETTER
I0325 05:31:27.901790 405093 finetune.py:45] layer 5_v initial loss 0.00020962243434041739
W0325 05:31:27.902245 405093 warnings.py:109] /workspace/Weight_compression/comp_lm_qtip/lib/algo/finetune.py:46: FutureWarning: `torch.cuda.amp.GradScaler(args...)` is deprecated. Please use `torch.amp.GradScaler('cuda', args...)` instead.
  scaler = torch.cuda.amp.GradScaler(enabled=(orig_dtype==torch.float16))

I0325 05:31:54.065561 404132 finetune.py:68] layer 4_v @ epoch 2 new loss 3.545097933965735e-05 old loss 3.976627340307459e-05 BETTER
I0325 05:32:00.614092 403279 finetune.py:68] layer 3_v @ epoch 4 new loss 1.9912118659703992e-05 old loss 2.0422708985279314e-05 BETTER
I0325 05:32:02.081929 405093 finetune.py:68] layer 5_v @ epoch 0 new loss 9.064871846931055e-05 old loss 0.00020962243434041739 BETTER
I0325 05:32:21.876962 403279 finetune.py:45] layer 3_q initial loss 2.388521534157917e-05
I0325 05:32:29.100045 404132 finetune.py:68] layer 4_v @ epoch 3 new loss 3.381881469977088e-05 old loss 3.545097933965735e-05 BETTER
I0325 05:32:36.238905 405093 finetune.py:68] layer 5_v @ epoch 1 new loss 7.174314669100568e-05 old loss 9.064871846931055e-05 BETTER
I0325 05:32:55.535548 403279 finetune.py:68] layer 3_q @ epoch 0 new loss 2.2997384803602472e-05 old loss 2.388521534157917e-05 BETTER
I0325 05:33:04.165907 404132 finetune.py:68] layer 4_v @ epoch 4 new loss 3.2939664379227906e-05 old loss 3.381881469977088e-05 BETTER
I0325 05:33:10.650802 405093 finetune.py:68] layer 5_v @ epoch 2 new loss 6.640378705924377e-05 old loss 7.174314669100568e-05 BETTER
I0325 05:33:27.196204 404132 finetune.py:45] layer 4_q initial loss 3.869161082548089e-05
I0325 05:33:31.010007 403279 finetune.py:68] layer 3_q @ epoch 1 new loss 2.2669421014143154e-05 old loss 2.2997384803602472e-05 BETTER
I0325 05:33:46.058593 405093 finetune.py:68] layer 5_v @ epoch 3 new loss 6.398089317372069e-05 old loss 6.640378705924377e-05 BETTER
I0325 05:34:00.927504 404132 finetune.py:68] layer 4_q @ epoch 0 new loss 3.7342426367104053e-05 old loss 3.869161082548089e-05 BETTER
I0325 05:34:06.876547 403279 finetune.py:68] layer 3_q @ epoch 2 new loss 2.241684342152439e-05 old loss 2.2669421014143154e-05 BETTER
I0325 05:34:21.151557 405093 finetune.py:68] layer 5_v @ epoch 4 new loss 6.251704326132312e-05 old loss 6.398089317372069e-05 BETTER
I0325 05:34:34.476815 404132 finetune.py:68] layer 4_q @ epoch 1 new loss 3.6673369322670624e-05 old loss 3.7342426367104053e-05 BETTER
I0325 05:34:42.511027 403279 finetune.py:68] layer 3_q @ epoch 3 new loss 2.2212851035874337e-05 old loss 2.241684342152439e-05 BETTER
I0325 05:34:45.277156 405093 finetune.py:45] layer 5_q initial loss 7.129855657694861e-05
I0325 05:35:08.290402 404132 finetune.py:68] layer 4_q @ epoch 2 new loss 3.6168239603284746e-05 old loss 3.6673369322670624e-05 BETTER
I0325 05:35:18.280731 403279 finetune.py:68] layer 3_q @ epoch 4 new loss 2.2036172595107928e-05 old loss 2.2212851035874337e-05 BETTER
I0325 05:35:18.509890 405093 finetune.py:68] layer 5_q @ epoch 0 new loss 6.90235392539762e-05 old loss 7.129855657694861e-05 BETTER
I0325 05:35:39.418004 403279 finetune.py:45] layer 3_k initial loss 2.5191407985403202e-05
I0325 05:35:42.692165 404132 finetune.py:68] layer 4_q @ epoch 3 new loss 3.575473965611309e-05 old loss 3.6168239603284746e-05 BETTER
I0325 05:35:54.010091 405093 finetune.py:68] layer 5_q @ epoch 1 new loss 6.782893615309149e-05 old loss 6.90235392539762e-05 BETTER
I0325 05:36:12.939886 403279 finetune.py:68] layer 3_k @ epoch 0 new loss 2.488330937922001e-05 old loss 2.5191407985403202e-05 BETTER
I0325 05:36:16.649239 404132 finetune.py:68] layer 4_q @ epoch 4 new loss 3.5403427318669856e-05 old loss 3.575473965611309e-05 BETTER
I0325 05:36:27.132404 405093 finetune.py:68] layer 5_q @ epoch 2 new loss 6.693461909890175e-05 old loss 6.782893615309149e-05 BETTER
I0325 05:36:38.595076 404132 finetune.py:45] layer 4_k initial loss 4.011109922430478e-05
I0325 05:36:46.971264 403279 finetune.py:68] layer 3_k @ epoch 1 new loss 2.4702540031285025e-05 old loss 2.488330937922001e-05 BETTER
I0325 05:37:01.100299 405093 finetune.py:68] layer 5_q @ epoch 3 new loss 6.616272730752826e-05 old loss 6.693461909890175e-05 BETTER
I0325 05:37:10.751216 404132 finetune.py:68] layer 4_k @ epoch 0 new loss 3.9608818042324856e-05 old loss 4.011109922430478e-05 BETTER
I0325 05:37:20.697829 403279 finetune.py:68] layer 3_k @ epoch 2 new loss 2.4556480639148504e-05 old loss 2.4702540031285025e-05 BETTER
I0325 05:37:34.143971 405093 finetune.py:68] layer 5_q @ epoch 4 new loss 6.549428508151323e-05 old loss 6.616272730752826e-05 BETTER
I0325 05:37:43.233243 404132 finetune.py:68] layer 4_k @ epoch 1 new loss 3.928071600967087e-05 old loss 3.9608818042324856e-05 BETTER
I0325 05:37:53.872455 405093 finetune.py:45] layer 5_k initial loss 7.125306728994474e-05
I0325 05:37:54.530688 403279 finetune.py:68] layer 3_k @ epoch 3 new loss 2.442948243697174e-05 old loss 2.4556480639148504e-05 BETTER
I0325 05:38:15.561495 404132 finetune.py:68] layer 4_k @ epoch 2 new loss 3.900940282619558e-05 old loss 3.928071600967087e-05 BETTER
I0325 05:38:25.643299 405093 finetune.py:68] layer 5_k @ epoch 0 new loss 7.041099161142483e-05 old loss 7.125306728994474e-05 BETTER
I0325 05:38:28.519383 403279 finetune.py:68] layer 3_k @ epoch 4 new loss 2.4318258510902524e-05 old loss 2.442948243697174e-05 BETTER
I0325 05:38:50.923195 403279 finetune.py:45] layer 3_o initial loss 7.036770693957806e-05
I0325 05:38:52.445343 404132 finetune.py:68] layer 4_k @ epoch 3 new loss 3.87647669413127e-05 old loss 3.900940282619558e-05 BETTER
I0325 05:39:00.794355 405093 finetune.py:68] layer 5_k @ epoch 1 new loss 6.982462218729779e-05 old loss 7.041099161142483e-05 BETTER
I0325 05:39:23.020597 403279 finetune.py:68] layer 3_o @ epoch 0 new loss 6.77930293022655e-05 old loss 7.036770693957806e-05 BETTER
I0325 05:39:25.340046 404132 finetune.py:68] layer 4_k @ epoch 4 new loss 3.8550570025108755e-05 old loss 3.87647669413127e-05 BETTER
I0325 05:39:33.522180 405093 finetune.py:68] layer 5_k @ epoch 2 new loss 6.931555253686383e-05 old loss 6.982462218729779e-05 BETTER
I0325 05:39:49.821832 404132 finetune.py:45] layer 4_o initial loss 0.00011546639143489301
I0325 05:39:58.003073 403279 finetune.py:68] layer 3_o @ epoch 1 new loss 6.609784759348258e-05 old loss 6.77930293022655e-05 BETTER
I0325 05:40:06.900776 405093 finetune.py:68] layer 5_k @ epoch 3 new loss 6.884909817017615e-05 old loss 6.931555253686383e-05 BETTER
I0325 05:40:20.944339 404132 finetune.py:68] layer 4_o @ epoch 0 new loss 0.00010778320574900135 old loss 0.00011546639143489301 BETTER
I0325 05:40:32.630870 403279 finetune.py:68] layer 3_o @ epoch 2 new loss 6.494950503110886e-05 old loss 6.609784759348258e-05 BETTER
I0325 05:40:41.325377 405093 finetune.py:68] layer 5_k @ epoch 4 new loss 6.844224117230624e-05 old loss 6.884909817017615e-05 BETTER
I0325 05:40:54.081254 404132 finetune.py:68] layer 4_o @ epoch 1 new loss 0.00010439476318424568 old loss 0.00010778320574900135 BETTER
I0325 05:41:03.733990 405093 finetune.py:45] layer 5_o initial loss 0.00018032950174529105
I0325 05:41:07.287151 403279 finetune.py:68] layer 3_o @ epoch 3 new loss 6.412548100342974e-05 old loss 6.494950503110886e-05 BETTER
I0325 05:41:28.259471 404132 finetune.py:68] layer 4_o @ epoch 2 new loss 0.00010259322880301625 old loss 0.00010439476318424568 BETTER
I0325 05:41:36.731265 405093 finetune.py:68] layer 5_o @ epoch 0 new loss 0.00017006509006023407 old loss 0.00018032950174529105 BETTER
I0325 05:41:41.032281 403279 finetune.py:68] layer 3_o @ epoch 4 new loss 6.3511666667182e-05 old loss 6.412548100342974e-05 BETTER
I0325 05:42:01.672177 404132 finetune.py:68] layer 4_o @ epoch 3 new loss 0.00010145056148758158 old loss 0.00010259322880301625 BETTER
I0325 05:42:11.136965 403279 finetune.py:45] layer 3_up initial loss 0.00010238630056846887
I0325 05:42:11.694658 405093 finetune.py:68] layer 5_o @ epoch 1 new loss 0.0001661395508563146 old loss 0.00017006509006023407 BETTER
I0325 05:42:36.072697 404132 finetune.py:68] layer 4_o @ epoch 4 new loss 0.00010061061038868502 old loss 0.00010145056148758158 BETTER
I0325 05:42:42.552886 403279 finetune.py:68] layer 3_up @ epoch 0 new loss 0.00010151112655876204 old loss 0.00010238630056846887 BETTER
I0325 05:42:45.058559 405093 finetune.py:68] layer 5_o @ epoch 2 new loss 0.00016399804735556245 old loss 0.0001661395508563146 BETTER
I0325 05:43:09.094465 404132 finetune.py:45] layer 4_up initial loss 0.00017314542492385954
I0325 05:43:16.175131 403279 finetune.py:68] layer 3_up @ epoch 1 new loss 0.00010087686678161845 old loss 0.00010151112655876204 BETTER
I0325 05:43:19.895583 405093 finetune.py:68] layer 5_o @ epoch 3 new loss 0.00016248221800196916 old loss 0.00016399804735556245 BETTER
I0325 05:43:38.311541 404132 finetune.py:68] layer 4_up @ epoch 0 new loss 0.00017145856691058725 old loss 0.00017314542492385954 BETTER
I0325 05:43:50.065778 403279 finetune.py:68] layer 3_up @ epoch 2 new loss 0.00010039926564786583 old loss 0.00010087686678161845 BETTER
I0325 05:43:55.109899 405093 finetune.py:68] layer 5_o @ epoch 4 new loss 0.0001612884079804644 old loss 0.00016248221800196916 BETTER
I0325 05:44:10.309369 404132 finetune.py:68] layer 4_up @ epoch 1 new loss 0.00017035470227710903 old loss 0.00017145856691058725 BETTER
I0325 05:44:23.245862 403279 finetune.py:68] layer 3_up @ epoch 3 new loss 0.00010001388727687299 old loss 0.00010039926564786583 BETTER
I0325 05:44:27.557600 405093 finetune.py:45] layer 5_up initial loss 0.0002758332993835211
I0325 05:44:43.041136 404132 finetune.py:68] layer 4_up @ epoch 2 new loss 0.00016952180885709822 old loss 0.00017035470227710903 BETTER
I0325 05:44:56.865479 403279 finetune.py:68] layer 3_up @ epoch 4 new loss 9.969058010028675e-05 old loss 0.00010001388727687299 BETTER
I0325 05:44:59.257432 405093 finetune.py:68] layer 5_up @ epoch 0 new loss 0.0002734545269049704 old loss 0.0002758332993835211 BETTER
I0325 05:45:15.315589 404132 finetune.py:68] layer 4_up @ epoch 3 new loss 0.00016882768250070512 old loss 0.00016952180885709822 BETTER
I0325 05:45:28.444482 403279 finetune.py:45] layer 3_gate initial loss 0.00012885051546618342
I0325 05:45:32.323017 405093 finetune.py:68] layer 5_up @ epoch 1 new loss 0.0002718851901590824 old loss 0.0002734545269049704 BETTER
I0325 05:45:46.131219 404132 finetune.py:68] layer 4_up @ epoch 4 new loss 0.0001682174624875188 old loss 0.00016882768250070512 BETTER
I0325 05:45:56.954604 403279 finetune.py:68] layer 3_gate @ epoch 0 new loss 0.00012828763283323497 old loss 0.00012885051546618342 BETTER
I0325 05:46:04.716230 405093 finetune.py:68] layer 5_up @ epoch 2 new loss 0.00027061632135882974 old loss 0.0002718851901590824 BETTER
I0325 05:46:17.053281 404132 finetune.py:45] layer 4_gate initial loss 0.00021699522039853036
I0325 05:46:28.076565 403279 finetune.py:68] layer 3_gate @ epoch 1 new loss 0.00012781286204699427 old loss 0.00012828763283323497 BETTER
I0325 05:46:35.934461 405093 finetune.py:68] layer 5_up @ epoch 3 new loss 0.0002694901777431369 old loss 0.00027061632135882974 BETTER
I0325 05:46:46.374862 404132 finetune.py:68] layer 4_gate @ epoch 0 new loss 0.0002159339637728408 old loss 0.00021699522039853036 BETTER
I0325 05:46:58.295639 403279 finetune.py:68] layer 3_gate @ epoch 2 new loss 0.00012740847887471318 old loss 0.00012781286204699427 BETTER
I0325 05:47:08.993458 405093 finetune.py:68] layer 5_up @ epoch 4 new loss 0.00026848455308936536 old loss 0.0002694901777431369 BETTER
I0325 05:47:16.156150 404132 finetune.py:68] layer 4_gate @ epoch 1 new loss 0.0002150984073523432 old loss 0.0002159339637728408 BETTER
I0325 05:47:29.512976 403279 finetune.py:68] layer 3_gate @ epoch 3 new loss 0.00012706182315014303 old loss 0.00012740847887471318 BETTER
I0325 05:47:39.867182 405093 finetune.py:45] layer 5_gate initial loss 0.0003410328645259142
I0325 05:47:46.581304 404132 finetune.py:68] layer 4_gate @ epoch 2 new loss 0.00021437705436255783 old loss 0.0002150984073523432 BETTER
I0325 05:48:00.200119 403279 finetune.py:68] layer 3_gate @ epoch 4 new loss 0.00012675744073931128 old loss 0.00012706182315014303 BETTER
I0325 05:48:09.767804 405093 finetune.py:68] layer 5_gate @ epoch 0 new loss 0.0003393809893168509 old loss 0.0003410328645259142 BETTER
I0325 05:48:15.471497 404132 finetune.py:68] layer 4_gate @ epoch 3 new loss 0.00021372712217271328 old loss 0.00021437705436255783 BETTER
I0325 05:48:40.493306 405093 finetune.py:68] layer 5_gate @ epoch 1 new loss 0.00033809279557317495 old loss 0.0003393809893168509 BETTER
I0325 05:48:46.417306 404132 finetune.py:68] layer 4_gate @ epoch 4 new loss 0.00021313599427230656 old loss 0.00021372712217271328 BETTER
I0325 05:48:48.943913 403279 finetune.py:45] layer 3_down initial loss 0.00019227406301070005
I0325 05:49:11.558667 405093 finetune.py:68] layer 5_gate @ epoch 2 new loss 0.0003369858313817531 old loss 0.00033809279557317495 BETTER
I0325 05:49:16.588387 403279 finetune.py:68] layer 3_down @ epoch 0 new loss 0.0001920947543112561 old loss 0.00019227406301070005 BETTER
I0325 05:49:35.371753 404132 finetune.py:45] layer 4_down initial loss 0.00033436520607210696
I0325 05:49:43.584493 405093 finetune.py:68] layer 5_gate @ epoch 3 new loss 0.0003359731344971806 old loss 0.0003369858313817531 BETTER
I0325 05:49:46.960009 403279 finetune.py:68] layer 3_down @ epoch 1 new loss 0.00019195704953745008 old loss 0.0001920947543112561 BETTER
I0325 05:50:03.424854 404132 finetune.py:68] layer 4_down @ epoch 0 new loss 0.00033409640309400856 old loss 0.00033436520607210696 BETTER
I0325 05:50:14.654886 405093 finetune.py:68] layer 5_gate @ epoch 4 new loss 0.00033504507155157626 old loss 0.0003359731344971806 BETTER
I0325 05:50:16.342681 403279 finetune.py:68] layer 3_down @ epoch 2 new loss 0.00019184852135367692 old loss 0.00019195704953745008 BETTER
I0325 05:50:31.822525 404132 finetune.py:68] layer 4_down @ epoch 1 new loss 0.0003338675305712968 old loss 0.00033409640309400856 BETTER
I0325 05:50:45.686619 403279 finetune.py:68] layer 3_down @ epoch 3 new loss 0.00019175861962139606 old loss 0.00019184852135367692 BETTER
I0325 05:51:01.295042 404132 finetune.py:68] layer 4_down @ epoch 2 new loss 0.00033367358264513314 old loss 0.0003338675305712968 BETTER
I0325 05:51:05.857364 405093 finetune.py:45] layer 5_down initial loss 0.0005160936852917075
I0325 05:51:16.535154 403279 finetune.py:68] layer 3_down @ epoch 4 new loss 0.0001916822075145319 old loss 0.00019175861962139606 BETTER
3_v proxy err 0.04738690331578255 tr(WHW.T) 3009.644287109375
bpp_loss 1.9471146425057668
3_q proxy err 0.002166422549635172 tr(WHW.T) 76290.1484375
bpp_loss 2.6204775596852414
3_k proxy err 0.0015664887614548206 tr(WHW.T) 106529.7421875
bpp_loss 2.6722356044629123
