I0325 09:26:25.465235 583434 config.py:54] PyTorch version 2.6.0 available.
W0325 09:26:25.749890 583434 warnings.py:109] /opt/conda/lib/python3.10/site-packages/torchvision/io/image.py:13: UserWarning: Failed to load image Python extension: '/opt/conda/lib/python3.10/site-packages/torchvision/image.so: undefined symbol: _ZN3c1017RegisterOperatorsD1Ev'If you don't plan on using image functionality from `torchvision.io`, you can ignore this warning. Otherwise, there might be something wrong with your environment. Did you have `libjpeg` or `libpng` installed before building `torchvision` from source?
  warn(

W0325 09:26:26.652188 583434 warnings.py:109] /opt/conda/lib/python3.10/site-packages/compressai/models/video/google.py:353: FutureWarning: `torch.cuda.amp.autocast(args...)` is deprecated. Please use `torch.amp.autocast('cuda', args...)` instead.
  @amp.autocast(enabled=False)

Loading checkpoint shards:   0%|          | 0/6 [00:00<?, ?it/s]Loading checkpoint shards:  17%|█▋        | 1/6 [00:00<00:00,  7.23it/s]Loading checkpoint shards:  33%|███▎      | 2/6 [00:00<00:00,  7.76it/s]Loading checkpoint shards:  50%|█████     | 3/6 [00:00<00:00,  7.79it/s]Loading checkpoint shards:  67%|██████▋   | 4/6 [00:00<00:00,  7.89it/s]Loading checkpoint shards:  83%|████████▎ | 5/6 [00:00<00:00,  7.80it/s]Loading checkpoint shards: 100%|██████████| 6/6 [00:00<00:00,  7.70it/s]Loading checkpoint shards: 100%|██████████| 6/6 [00:00<00:00,  7.72it/s]
I0325 09:26:27.640147 583434 quantize_finetune_llama.py:150] loaded model
calculating model weight mean & std:   0%|          | 0/32 [00:00<?, ?it/s]calculating model weight mean & std:   3%|▎         | 1/32 [00:00<00:14,  2.09it/s]calculating model weight mean & std:   6%|▋         | 2/32 [00:00<00:14,  2.09it/s]calculating model weight mean & std:   9%|▉         | 3/32 [00:01<00:13,  2.10it/s]calculating model weight mean & std:  12%|█▎        | 4/32 [00:01<00:13,  2.10it/s]calculating model weight mean & std:  16%|█▌        | 5/32 [00:02<00:12,  2.11it/s]calculating model weight mean & std:  19%|█▉        | 6/32 [00:02<00:12,  2.10it/s]calculating model weight mean & std:  22%|██▏       | 7/32 [00:03<00:11,  2.10it/s]calculating model weight mean & std:  25%|██▌       | 8/32 [00:03<00:11,  2.10it/s]calculating model weight mean & std:  28%|██▊       | 9/32 [00:04<00:11,  2.09it/s]calculating model weight mean & std:  31%|███▏      | 10/32 [00:04<00:10,  2.08it/s]calculating model weight mean & std:  34%|███▍      | 11/32 [00:05<00:10,  2.09it/s]calculating model weight mean & std:  38%|███▊      | 12/32 [00:05<00:09,  2.10it/s]calculating model weight mean & std:  41%|████      | 13/32 [00:06<00:08,  2.12it/s]calculating model weight mean & std:  44%|████▍     | 14/32 [00:06<00:08,  2.11it/s]calculating model weight mean & std:  47%|████▋     | 15/32 [00:07<00:08,  2.11it/s]calculating model weight mean & std:  50%|█████     | 16/32 [00:07<00:07,  2.16it/s]calculating model weight mean & std:  53%|█████▎    | 17/32 [00:08<00:06,  2.21it/s]calculating model weight mean & std:  56%|█████▋    | 18/32 [00:08<00:06,  2.25it/s]calculating model weight mean & std:  59%|█████▉    | 19/32 [00:08<00:05,  2.28it/s]calculating model weight mean & std:  62%|██████▎   | 20/32 [00:09<00:05,  2.30it/s]calculating model weight mean & std:  66%|██████▌   | 21/32 [00:09<00:04,  2.32it/s]calculating model weight mean & std:  69%|██████▉   | 22/32 [00:10<00:04,  2.32it/s]calculating model weight mean & std:  72%|███████▏  | 23/32 [00:10<00:03,  2.33it/s]calculating model weight mean & std:  75%|███████▌  | 24/32 [00:10<00:03,  2.34it/s]calculating model weight mean & std:  78%|███████▊  | 25/32 [00:11<00:02,  2.35it/s]calculating model weight mean & std:  81%|████████▏ | 26/32 [00:11<00:02,  2.37it/s]calculating model weight mean & std:  84%|████████▍ | 27/32 [00:12<00:02,  2.38it/s]calculating model weight mean & std:  88%|████████▊ | 28/32 [00:12<00:01,  2.36it/s]calculating model weight mean & std:  91%|█████████ | 29/32 [00:13<00:01,  2.37it/s]calculating model weight mean & std:  94%|█████████▍| 30/32 [00:13<00:00,  2.36it/s]calculating model weight mean & std:  97%|█████████▋| 31/32 [00:13<00:00,  2.36it/s]calculating model weight mean & std: 100%|██████████| 32/32 [00:14<00:00,  2.37it/s]calculating model weight mean & std: 100%|██████████| 32/32 [00:14<00:00,  2.23it/s]
I0325 09:26:48.016694 583434 quantize_finetune_llama.py:185] loaded compression model
I0325 09:27:03.096550 583434 quantize_finetune_llama.py:189] loaded dataset and devset
I0325 09:27:07.587165 583434 quantize_finetune_llama.py:209] layer 0 gpu 0
The attention layers in this model are transitioning from computing the RoPE embeddings internally through `position_ids` (2D tensor with the indexes of the tokens), to using externally computed `position_embeddings` (Tuple of tensors, containing cos and sin). In v4.46 `position_ids` will be removed and `position_embeddings` will be mandatory.
I0325 09:28:16.119914 583434 quantize_finetune_llama.py:240] computed original embedding for layer 0 in 68.3882372379303s
tensor(-3.6338e-06) tensor(0.0192)
tensor(0.0192) tensor(-3.6338e-06)
huggingface/tokenizers: The current process just got forked, after parallelism has already been used. Disabling parallelism to avoid deadlocks...
To disable this warning, you can either:
	- Avoid using `tokenizers` before the fork if possible
	- Explicitly set the environment variable TOKENIZERS_PARALLELISM=(true | false)
I0325 09:28:38.419615 585175 config.py:54] PyTorch version 2.6.0 available.
W0325 09:28:38.705638 585175 warnings.py:109] /opt/conda/lib/python3.10/site-packages/torchvision/io/image.py:13: UserWarning: Failed to load image Python extension: '/opt/conda/lib/python3.10/site-packages/torchvision/image.so: undefined symbol: _ZN3c1017RegisterOperatorsD1Ev'If you don't plan on using image functionality from `torchvision.io`, you can ignore this warning. Otherwise, there might be something wrong with your environment. Did you have `libjpeg` or `libpng` installed before building `torchvision` from source?
  warn(

W0325 09:28:39.629780 585175 warnings.py:109] /opt/conda/lib/python3.10/site-packages/compressai/models/video/google.py:353: FutureWarning: `torch.cuda.amp.autocast(args...)` is deprecated. Please use `torch.amp.autocast('cuda', args...)` instead.
  @amp.autocast(enabled=False)

I0325 09:28:39.633864 583434 quantize_finetune_llama.py:209] layer 1 gpu 1
I0325 09:29:49.376175 583434 quantize_finetune_llama.py:240] computed original embedding for layer 1 in 69.57389831542969s
I0325 09:30:00.137162 586165 config.py:54] PyTorch version 2.6.0 available.
W0325 09:30:00.423599 586165 warnings.py:109] /opt/conda/lib/python3.10/site-packages/torchvision/io/image.py:13: UserWarning: Failed to load image Python extension: '/opt/conda/lib/python3.10/site-packages/torchvision/image.so: undefined symbol: _ZN3c1017RegisterOperatorsD1Ev'If you don't plan on using image functionality from `torchvision.io`, you can ignore this warning. Otherwise, there might be something wrong with your environment. Did you have `libjpeg` or `libpng` installed before building `torchvision` from source?
  warn(

W0325 09:30:01.332723 586165 warnings.py:109] /opt/conda/lib/python3.10/site-packages/compressai/models/video/google.py:353: FutureWarning: `torch.cuda.amp.autocast(args...)` is deprecated. Please use `torch.amp.autocast('cuda', args...)` instead.
  @amp.autocast(enabled=False)

I0325 09:30:01.336866 583434 quantize_finetune_llama.py:209] layer 2 gpu 2
I0325 09:31:12.143800 583434 quantize_finetune_llama.py:240] computed original embedding for layer 2 in 70.61633062362671s
I0325 09:31:21.017168 587173 config.py:54] PyTorch version 2.6.0 available.
W0325 09:31:21.311694 587173 warnings.py:109] /opt/conda/lib/python3.10/site-packages/torchvision/io/image.py:13: UserWarning: Failed to load image Python extension: '/opt/conda/lib/python3.10/site-packages/torchvision/image.so: undefined symbol: _ZN3c1017RegisterOperatorsD1Ev'If you don't plan on using image functionality from `torchvision.io`, you can ignore this warning. Otherwise, there might be something wrong with your environment. Did you have `libjpeg` or `libpng` installed before building `torchvision` from source?
  warn(

W0325 09:31:22.320919 587173 warnings.py:109] /opt/conda/lib/python3.10/site-packages/compressai/models/video/google.py:353: FutureWarning: `torch.cuda.amp.autocast(args...)` is deprecated. Please use `torch.amp.autocast('cuda', args...)` instead.
  @amp.autocast(enabled=False)

I0325 09:31:22.325484 583434 quantize_finetune_llama.py:209] layer 3 gpu 0
I0325 09:31:22.338745 587173 data_utils.py:336] using 256 training seqs, 128 validation seqs
The attention layers in this model are transitioning from computing the RoPE embeddings internally through `position_ids` (2D tensor with the indexes of the tokens), to using externally computed `position_embeddings` (Tuple of tensors, containing cos and sin). In v4.46 `position_ids` will be removed and `position_embeddings` will be mandatory.
I0325 09:31:41.814186 587173 finetune.py:45] layer 2_v initial loss 8.967424946604297e-05
W0325 09:31:41.814466 587173 warnings.py:109] /workspace/Weight_compression/comp_lm_qtip/lib/algo/finetune.py:46: FutureWarning: `torch.cuda.amp.GradScaler(args...)` is deprecated. Please use `torch.amp.GradScaler('cuda', args...)` instead.
  scaler = torch.cuda.amp.GradScaler(enabled=(orig_dtype==torch.float16))

I0325 09:32:13.113739 587173 finetune.py:68] layer 2_v @ epoch 0 new loss 4.78803958685603e-05 old loss 8.967424946604297e-05 BETTER
I0325 09:32:25.488339 583434 quantize_finetune_llama.py:240] computed original embedding for layer 3 in 61.32596707344055s
I0325 09:32:28.989279 588049 config.py:54] PyTorch version 2.6.0 available.
W0325 09:32:29.302384 588049 warnings.py:109] /opt/conda/lib/python3.10/site-packages/torchvision/io/image.py:13: UserWarning: Failed to load image Python extension: '/opt/conda/lib/python3.10/site-packages/torchvision/image.so: undefined symbol: _ZN3c1017RegisterOperatorsD1Ev'If you don't plan on using image functionality from `torchvision.io`, you can ignore this warning. Otherwise, there might be something wrong with your environment. Did you have `libjpeg` or `libpng` installed before building `torchvision` from source?
  warn(

W0325 09:32:30.289746 588049 warnings.py:109] /opt/conda/lib/python3.10/site-packages/compressai/models/video/google.py:353: FutureWarning: `torch.cuda.amp.autocast(args...)` is deprecated. Please use `torch.amp.autocast('cuda', args...)` instead.
  @amp.autocast(enabled=False)

I0325 09:32:30.293594 583434 quantize_finetune_llama.py:209] layer 4 gpu 1
I0325 09:32:30.306396 588049 data_utils.py:336] using 256 training seqs, 128 validation seqs
The attention layers in this model are transitioning from computing the RoPE embeddings internally through `position_ids` (2D tensor with the indexes of the tokens), to using externally computed `position_embeddings` (Tuple of tensors, containing cos and sin). In v4.46 `position_ids` will be removed and `position_embeddings` will be mandatory.
I0325 09:32:45.421828 587173 finetune.py:68] layer 2_v @ epoch 1 new loss 3.642666706582531e-05 old loss 4.78803958685603e-05 BETTER
I0325 09:32:48.068818 588049 finetune.py:45] layer 3_v initial loss 0.00019332708325237036
W0325 09:32:48.069032 588049 warnings.py:109] /workspace/Weight_compression/comp_lm_qtip/lib/algo/finetune.py:46: FutureWarning: `torch.cuda.amp.GradScaler(args...)` is deprecated. Please use `torch.amp.GradScaler('cuda', args...)` instead.
  scaler = torch.cuda.amp.GradScaler(enabled=(orig_dtype==torch.float16))

I0325 09:33:18.246701 587173 finetune.py:68] layer 2_v @ epoch 2 new loss 3.230860602343455e-05 old loss 3.642666706582531e-05 BETTER
I0325 09:33:20.374097 588049 finetune.py:68] layer 3_v @ epoch 0 new loss 9.312611655332148e-05 old loss 0.00019332708325237036 BETTER
I0325 09:33:51.238369 587173 finetune.py:68] layer 2_v @ epoch 3 new loss 3.061514507862739e-05 old loss 3.230860602343455e-05 BETTER
I0325 09:33:54.179442 588049 finetune.py:68] layer 3_v @ epoch 1 new loss 7.154668855946511e-05 old loss 9.312611655332148e-05 BETTER
I0325 09:34:24.286872 587173 finetune.py:68] layer 2_v @ epoch 4 new loss 2.9813918445142917e-05 old loss 3.061514507862739e-05 BETTER
I0325 09:34:28.599217 588049 finetune.py:68] layer 3_v @ epoch 2 new loss 6.46994449198246e-05 old loss 7.154668855946511e-05 BETTER
I0325 09:34:43.058806 587173 finetune.py:45] layer 2_q initial loss 3.3507036278024316e-05
I0325 09:35:03.315485 588049 finetune.py:68] layer 3_v @ epoch 3 new loss 6.20235368842259e-05 old loss 6.46994449198246e-05 BETTER
I0325 09:35:14.590607 587173 finetune.py:68] layer 2_q @ epoch 0 new loss 3.216180994058959e-05 old loss 3.3507036278024316e-05 BETTER
I0325 09:35:38.388114 588049 finetune.py:68] layer 3_v @ epoch 4 new loss 6.07104338996578e-05 old loss 6.20235368842259e-05 BETTER
I0325 09:35:46.644109 587173 finetune.py:68] layer 2_q @ epoch 1 new loss 3.172153083141893e-05 old loss 3.216180994058959e-05 BETTER
I0325 09:35:57.008017 588049 finetune.py:45] layer 3_q initial loss 7.59409085731022e-05
I0325 09:36:19.074382 587173 finetune.py:68] layer 2_q @ epoch 2 new loss 3.139331238344312e-05 old loss 3.172153083141893e-05 BETTER
I0325 09:36:30.235520 588049 finetune.py:68] layer 3_q @ epoch 0 new loss 7.197293598437682e-05 old loss 7.59409085731022e-05 BETTER
I0325 09:36:51.405261 587173 finetune.py:68] layer 2_q @ epoch 3 new loss 3.111568730673753e-05 old loss 3.139331238344312e-05 BETTER
I0325 09:37:04.739498 588049 finetune.py:68] layer 3_q @ epoch 1 new loss 7.065937825245783e-05 old loss 7.197293598437682e-05 BETTER
I0325 09:37:24.394292 587173 finetune.py:68] layer 2_q @ epoch 4 new loss 3.0874914955347776e-05 old loss 3.111568730673753e-05 BETTER
I0325 09:37:39.463094 588049 finetune.py:68] layer 3_q @ epoch 2 new loss 6.977247539907694e-05 old loss 7.065937825245783e-05 BETTER
I0325 09:37:43.226015 587173 finetune.py:45] layer 2_k initial loss 3.4138643968617544e-05
I0325 09:38:14.214515 588049 finetune.py:68] layer 3_q @ epoch 3 new loss 6.906889757374302e-05 old loss 6.977247539907694e-05 BETTER
I0325 09:38:14.660559 587173 finetune.py:68] layer 2_k @ epoch 0 new loss 3.3791417081374675e-05 old loss 3.4138643968617544e-05 BETTER
I0325 09:38:46.651067 587173 finetune.py:68] layer 2_k @ epoch 1 new loss 3.3561340387677774e-05 old loss 3.3791417081374675e-05 BETTER
I0325 09:38:48.971310 588049 finetune.py:68] layer 3_q @ epoch 4 new loss 6.845311872893944e-05 old loss 6.906889757374302e-05 BETTER
I0325 09:39:07.471654 588049 finetune.py:45] layer 3_k initial loss 8.100087143247947e-05
I0325 09:39:18.760458 587173 finetune.py:68] layer 2_k @ epoch 2 new loss 3.3352789614582434e-05 old loss 3.3561340387677774e-05 BETTER
I0325 09:39:40.369709 588049 finetune.py:68] layer 3_k @ epoch 0 new loss 7.964939868543297e-05 old loss 8.100087143247947e-05 BETTER
I0325 09:39:50.871248 587173 finetune.py:68] layer 2_k @ epoch 3 new loss 3.316091897431761e-05 old loss 3.3352789614582434e-05 BETTER
I0325 09:40:14.104635 588049 finetune.py:68] layer 3_k @ epoch 1 new loss 7.894252485129982e-05 old loss 7.964939868543297e-05 BETTER
I0325 09:40:22.941274 587173 finetune.py:68] layer 2_k @ epoch 4 new loss 3.298133015050553e-05 old loss 3.316091897431761e-05 BETTER
I0325 09:40:41.746690 587173 finetune.py:45] layer 2_o initial loss 0.00011616593837970868
I0325 09:40:48.187932 588049 finetune.py:68] layer 3_k @ epoch 2 new loss 7.834952702978626e-05 old loss 7.894252485129982e-05 BETTER
I0325 09:41:12.387058 587173 finetune.py:68] layer 2_o @ epoch 0 new loss 0.00011224627087358385 old loss 0.00011616593837970868 BETTER
I0325 09:41:22.091431 588049 finetune.py:68] layer 3_k @ epoch 3 new loss 7.782982720527798e-05 old loss 7.834952702978626e-05 BETTER
I0325 09:41:43.937067 587173 finetune.py:68] layer 2_o @ epoch 1 new loss 0.00010911593562923372 old loss 0.00011224627087358385 BETTER
I0325 09:41:56.056566 588049 finetune.py:68] layer 3_k @ epoch 4 new loss 7.736792758805677e-05 old loss 7.782982720527798e-05 BETTER
I0325 09:42:14.729551 588049 finetune.py:45] layer 3_o initial loss 0.00021698173077311367
I0325 09:42:15.448447 587173 finetune.py:68] layer 2_o @ epoch 2 new loss 0.00010657855455065146 old loss 0.00010911593562923372 BETTER
I0325 09:42:47.009681 588049 finetune.py:68] layer 3_o @ epoch 0 new loss 0.0002070802729576826 old loss 0.00021698173077311367 BETTER
I0325 09:42:47.258007 587173 finetune.py:68] layer 2_o @ epoch 3 new loss 0.00010448850662214682 old loss 0.00010657855455065146 BETTER
I0325 09:43:19.048594 587173 finetune.py:68] layer 2_o @ epoch 4 new loss 0.00010276019020238891 old loss 0.00010448850662214682 BETTER
I0325 09:43:20.078310 588049 finetune.py:68] layer 3_o @ epoch 1 new loss 0.00020006534759886563 old loss 0.0002070802729576826 BETTER
I0325 09:43:44.253017 587173 finetune.py:45] layer 2_up initial loss 0.0001565662823850289
I0325 09:43:53.471859 588049 finetune.py:68] layer 3_o @ epoch 2 new loss 0.00019492463616188616 old loss 0.00020006534759886563 BETTER
I0325 09:44:13.229904 587173 finetune.py:68] layer 2_up @ epoch 0 new loss 0.0001545323757454753 old loss 0.0001565662823850289 BETTER
I0325 09:44:26.761667 588049 finetune.py:68] layer 3_o @ epoch 3 new loss 0.00019104924285784364 old loss 0.00019492463616188616 BETTER
I0325 09:44:43.022377 587173 finetune.py:68] layer 2_up @ epoch 1 new loss 0.0001527887798147276 old loss 0.0001545323757454753 BETTER
I0325 09:45:00.153251 588049 finetune.py:68] layer 3_o @ epoch 4 new loss 0.000188085570698604 old loss 0.00019104924285784364 BETTER
I0325 09:45:12.853561 587173 finetune.py:68] layer 2_up @ epoch 2 new loss 0.00015130278188735247 old loss 0.0001527887798147276 BETTER
I0325 09:45:25.375576 588049 finetune.py:45] layer 3_up initial loss 0.00032020887010730803
I0325 09:45:42.864663 587173 finetune.py:68] layer 2_up @ epoch 3 new loss 0.00015001992869656533 old loss 0.00015130278188735247 BETTER
I0325 09:45:55.753331 588049 finetune.py:68] layer 3_up @ epoch 0 new loss 0.000315975776175037 old loss 0.00032020887010730803 BETTER
I0325 09:46:12.915466 587173 finetune.py:68] layer 2_up @ epoch 4 new loss 0.00014890602324157953 old loss 0.00015001992869656533 BETTER
I0325 09:46:27.246918 588049 finetune.py:68] layer 3_up @ epoch 1 new loss 0.00031254440546035767 old loss 0.000315975776175037 BETTER
I0325 09:46:38.184070 587173 finetune.py:45] layer 2_gate initial loss 0.0001928070414578542
I0325 09:46:58.871999 588049 finetune.py:68] layer 3_up @ epoch 2 new loss 0.0003097513399552554 old loss 0.00031254440546035767 BETTER
I0325 09:47:05.538676 587173 finetune.py:68] layer 2_gate @ epoch 0 new loss 0.0001915219909278676 old loss 0.0001928070414578542 BETTER
I0325 09:47:30.603811 588049 finetune.py:68] layer 3_up @ epoch 3 new loss 0.00030740423244424164 old loss 0.0003097513399552554 BETTER
I0325 09:47:33.750439 587173 finetune.py:68] layer 2_gate @ epoch 1 new loss 0.0001903694646898657 old loss 0.0001915219909278676 BETTER
I0325 09:48:01.801856 587173 finetune.py:68] layer 2_gate @ epoch 2 new loss 0.0001893263979582116 old loss 0.0001903694646898657 BETTER
I0325 09:48:02.504234 588049 finetune.py:68] layer 3_up @ epoch 4 new loss 0.0003054218541365117 old loss 0.00030740423244424164 BETTER
I0325 09:48:27.602755 588049 finetune.py:45] layer 3_gate initial loss 0.00041122385300695896
I0325 09:48:29.994379 587173 finetune.py:68] layer 2_gate @ epoch 3 new loss 0.00018837543029803783 old loss 0.0001893263979582116 BETTER
I0325 09:48:56.506644 588049 finetune.py:68] layer 3_gate @ epoch 0 new loss 0.0004090603324584663 old loss 0.00041122385300695896 BETTER
I0325 09:48:58.325986 587173 finetune.py:68] layer 2_gate @ epoch 4 new loss 0.00018750749586615711 old loss 0.00018837543029803783 BETTER
I0325 09:49:26.376954 588049 finetune.py:68] layer 3_gate @ epoch 1 new loss 0.00040709268068894744 old loss 0.0004090603324584663 BETTER
I0325 09:49:40.725898 587173 finetune.py:45] layer 2_down initial loss 0.00027236383175477386
I0325 09:49:56.392031 588049 finetune.py:68] layer 3_gate @ epoch 2 new loss 0.0004052822187077254 old loss 0.00040709268068894744 BETTER
I0325 09:50:06.281958 587173 finetune.py:68] layer 2_down @ epoch 0 new loss 0.00027184298960492015 old loss 0.00027236383175477386 BETTER
I0325 09:50:26.502043 588049 finetune.py:68] layer 3_gate @ epoch 3 new loss 0.0004036203899886459 old loss 0.0004052822187077254 BETTER
I0325 09:50:33.014486 587173 finetune.py:68] layer 2_down @ epoch 1 new loss 0.0002713636204134673 old loss 0.00027184298960492015 BETTER
I0325 09:50:56.748531 588049 finetune.py:68] layer 3_gate @ epoch 4 new loss 0.0004020640335511416 old loss 0.0004036203899886459 BETTER
I0325 09:51:00.068490 587173 finetune.py:68] layer 2_down @ epoch 2 new loss 0.00027092231903225183 old loss 0.0002713636204134673 BETTER
I0325 09:51:26.820335 587173 finetune.py:68] layer 2_down @ epoch 3 new loss 0.00027051035431213677 old loss 0.00027092231903225183 BETTER
I0325 09:51:39.641086 588049 finetune.py:45] layer 3_down initial loss 0.000572345161344856
I0325 09:51:54.051392 587173 finetune.py:68] layer 2_down @ epoch 4 new loss 0.0002701259800232947 old loss 0.00027051035431213677 BETTER
2_v proxy err 0.08700457215309143 tr(WHW.T) 2814.01025390625
bpp_loss 1.2614079113554908
2_q proxy err 0.0018445947207510471 tr(WHW.T) 159682.265625
bpp_loss 1.9237550840771291
2_k proxy err 0.0014067870797589421 tr(WHW.T) 210372.40625
bpp_loss 1.9756635719822953
2_o proxy err 0.14077670872211456 tr(WHW.T) 5344.1103515625
bpp_loss 1.2318212729442166
2_up proxy err 0.10933131724596024 tr(WHW.T) 20078.5625
bpp_loss 1.4445548646022068
2_gate proxy err 0.07159243524074554 tr(WHW.T) 31683.0234375
bpp_loss 1.5332598495622014
2_down proxy err 0.1389751434326172 tr(WHW.T) 17684.46875
bpp_loss 1.4125068976522186
I0325 09:52:06.257311 588049 finetune.py:68] layer 3_down @ epoch 0 new loss 0.0005714985309168696 old loss 0.000572345161344856 BETTER
I0325 09:52:34.305594 588049 finetune.py:68] layer 3_down @ epoch 1 new loss 0.0005706995143555105 old loss 0.0005714985309168696 BETTER
I0325 09:53:02.426373 583434 quantize_finetune_llama.py:240] computed original embedding for layer 4 in 63.44582486152649s
I0325 09:53:02.855125 588049 finetune.py:68] layer 3_down @ epoch 2 new loss 0.0005699376342818141 old loss 0.0005706995143555105 BETTER
I0325 09:53:05.934661 603166 config.py:54] PyTorch version 2.6.0 available.
W0325 09:53:06.237511 603166 warnings.py:109] /opt/conda/lib/python3.10/site-packages/torchvision/io/image.py:13: UserWarning: Failed to load image Python extension: '/opt/conda/lib/python3.10/site-packages/torchvision/image.so: undefined symbol: _ZN3c1017RegisterOperatorsD1Ev'If you don't plan on using image functionality from `torchvision.io`, you can ignore this warning. Otherwise, there might be something wrong with your environment. Did you have `libjpeg` or `libpng` installed before building `torchvision` from source?
  warn(

W0325 09:53:07.163131 603166 warnings.py:109] /opt/conda/lib/python3.10/site-packages/compressai/models/video/google.py:353: FutureWarning: `torch.cuda.amp.autocast(args...)` is deprecated. Please use `torch.amp.autocast('cuda', args...)` instead.
  @amp.autocast(enabled=False)

I0325 09:53:07.167288 583434 quantize_finetune_llama.py:209] layer 5 gpu 2
I0325 09:53:07.180201 603166 data_utils.py:336] using 256 training seqs, 128 validation seqs
The attention layers in this model are transitioning from computing the RoPE embeddings internally through `position_ids` (2D tensor with the indexes of the tokens), to using externally computed `position_embeddings` (Tuple of tensors, containing cos and sin). In v4.46 `position_ids` will be removed and `position_embeddings` will be mandatory.
I0325 09:53:25.956457 603166 finetune.py:45] layer 4_v initial loss 0.0003574053989723325
W0325 09:53:25.956668 603166 warnings.py:109] /workspace/Weight_compression/comp_lm_qtip/lib/algo/finetune.py:46: FutureWarning: `torch.cuda.amp.GradScaler(args...)` is deprecated. Please use `torch.amp.GradScaler('cuda', args...)` instead.
  scaler = torch.cuda.amp.GradScaler(enabled=(orig_dtype==torch.float16))

I0325 09:53:31.279725 588049 finetune.py:68] layer 3_down @ epoch 3 new loss 0.0005692202248610556 old loss 0.0005699376342818141 BETTER
I0325 09:53:57.265582 603166 finetune.py:68] layer 4_v @ epoch 0 new loss 0.00015664412057958543 old loss 0.0003574053989723325 BETTER
I0325 09:53:59.793430 588049 finetune.py:68] layer 3_down @ epoch 4 new loss 0.000568539195228368 old loss 0.0005692202248610556 BETTER
3_v proxy err 0.14119340479373932 tr(WHW.T) 3009.644287109375
bpp_loss 1.1976747765438631
3_q proxy err 0.006903971545398235 tr(WHW.T) 76303.421875
bpp_loss 1.8387409933638992
3_k proxy err 0.004979593679308891 tr(WHW.T) 106544.859375
bpp_loss 1.8903885711479234
3_o proxy err 0.11846821010112762 tr(WHW.T) 5328.0498046875
bpp_loss 1.1678338447818533
3_up proxy err 0.13506083190441132 tr(WHW.T) 17603.828125
bpp_loss 1.421676927072884
3_gate proxy err 0.08377540111541748 tr(WHW.T) 29350.32421875
bpp_loss 1.5168462030936118
3_down proxy err 0.14336733520030975 tr(WHW.T) 17439.265625
bpp_loss 1.4063055554383197
I0325 09:54:10.937186 583434 quantize_finetune_llama.py:240] computed original embedding for layer 5 in 63.293396949768066s
I0325 09:54:14.538650 604079 config.py:54] PyTorch version 2.6.0 available.
W0325 09:54:14.843867 604079 warnings.py:109] /opt/conda/lib/python3.10/site-packages/torchvision/io/image.py:13: UserWarning: Failed to load image Python extension: '/opt/conda/lib/python3.10/site-packages/torchvision/image.so: undefined symbol: _ZN3c1017RegisterOperatorsD1Ev'If you don't plan on using image functionality from `torchvision.io`, you can ignore this warning. Otherwise, there might be something wrong with your environment. Did you have `libjpeg` or `libpng` installed before building `torchvision` from source?
  warn(

W0325 09:54:15.908742 604079 warnings.py:109] /opt/conda/lib/python3.10/site-packages/compressai/models/video/google.py:353: FutureWarning: `torch.cuda.amp.autocast(args...)` is deprecated. Please use `torch.amp.autocast('cuda', args...)` instead.
  @amp.autocast(enabled=False)

I0325 09:54:15.913006 583434 quantize_finetune_llama.py:209] layer 6 gpu 0
I0325 09:54:15.928638 604079 data_utils.py:336] using 256 training seqs, 128 validation seqs
I0325 09:54:30.404533 603166 finetune.py:68] layer 4_v @ epoch 1 new loss 0.00012115173740312457 old loss 0.00015664412057958543 BETTER
The attention layers in this model are transitioning from computing the RoPE embeddings internally through `position_ids` (2D tensor with the indexes of the tokens), to using externally computed `position_embeddings` (Tuple of tensors, containing cos and sin). In v4.46 `position_ids` will be removed and `position_embeddings` will be mandatory.
I0325 09:54:36.063892 604079 finetune.py:45] layer 5_v initial loss 0.0005332588334567845
W0325 09:54:36.064095 604079 warnings.py:109] /workspace/Weight_compression/comp_lm_qtip/lib/algo/finetune.py:46: FutureWarning: `torch.cuda.amp.GradScaler(args...)` is deprecated. Please use `torch.amp.GradScaler('cuda', args...)` instead.
  scaler = torch.cuda.amp.GradScaler(enabled=(orig_dtype==torch.float16))

I0325 09:55:03.053525 603166 finetune.py:68] layer 4_v @ epoch 2 new loss 0.00011069727770518512 old loss 0.00012115173740312457 BETTER
I0325 09:55:07.442784 604079 finetune.py:68] layer 5_v @ epoch 0 new loss 0.000257098552538082 old loss 0.0005332588334567845 BETTER
I0325 09:55:35.944681 603166 finetune.py:68] layer 4_v @ epoch 3 new loss 0.00010645155271049589 old loss 0.00011069727770518512 BETTER
I0325 09:55:39.900957 604079 finetune.py:68] layer 5_v @ epoch 1 new loss 0.00021204799122642726 old loss 0.000257098552538082 BETTER
I0325 09:56:08.874691 603166 finetune.py:68] layer 4_v @ epoch 4 new loss 0.0001041072464431636 old loss 0.00010645155271049589 BETTER
I0325 09:56:12.871862 604079 finetune.py:68] layer 5_v @ epoch 2 new loss 0.00019734495435841382 old loss 0.00021204799122642726 BETTER
I0325 09:56:27.819374 603166 finetune.py:45] layer 4_q initial loss 0.00012461676669772714
I0325 09:56:46.101546 604079 finetune.py:68] layer 5_v @ epoch 3 new loss 0.00019036739831790328 old loss 0.00019734495435841382 BETTER
I0325 09:56:59.238954 603166 finetune.py:68] layer 4_q @ epoch 0 new loss 0.00011941191769437864 old loss 0.00012461676669772714 BETTER
I0325 09:57:19.371165 604079 finetune.py:68] layer 5_v @ epoch 4 new loss 0.00018610125698614866 old loss 0.00019036739831790328 BETTER
I0325 09:57:31.670331 603166 finetune.py:68] layer 4_q @ epoch 1 new loss 0.00011719060421455652 old loss 0.00011941191769437864 BETTER
I0325 09:57:38.294834 604079 finetune.py:45] layer 5_q initial loss 0.0002176761772716418
I0325 09:58:04.099671 603166 finetune.py:68] layer 4_q @ epoch 2 new loss 0.00011558701226022094 old loss 0.00011719060421455652 BETTER
I0325 09:58:09.734939 604079 finetune.py:68] layer 5_q @ epoch 0 new loss 0.0002091143251163885 old loss 0.0002176761772716418 BETTER
I0325 09:58:36.540801 603166 finetune.py:68] layer 4_q @ epoch 3 new loss 0.00011425017873989418 old loss 0.00011558701226022094 BETTER
I0325 09:58:42.065939 604079 finetune.py:68] layer 5_q @ epoch 1 new loss 0.00020491999748628587 old loss 0.0002091143251163885 BETTER
I0325 09:59:08.739897 603166 finetune.py:68] layer 4_q @ epoch 4 new loss 0.0001131155586335808 old loss 0.00011425017873989418 BETTER
I0325 09:59:14.355600 604079 finetune.py:68] layer 5_q @ epoch 2 new loss 0.0002019607345573604 old loss 0.00020491999748628587 BETTER
I0325 09:59:27.460756 603166 finetune.py:45] layer 4_k initial loss 0.00012991648691240698
I0325 09:59:46.886215 604079 finetune.py:68] layer 5_q @ epoch 3 new loss 0.00019944075029343367 old loss 0.0002019607345573604 BETTER
I0325 09:59:58.582633 603166 finetune.py:68] layer 4_k @ epoch 0 new loss 0.00012810139742214233 old loss 0.00012991648691240698 BETTER
I0325 10:00:19.436393 604079 finetune.py:68] layer 5_q @ epoch 4 new loss 0.00019726340542547405 old loss 0.00019944075029343367 BETTER
I0325 10:00:30.613848 603166 finetune.py:68] layer 4_k @ epoch 1 new loss 0.0001269420754397288 old loss 0.00012810139742214233 BETTER
I0325 10:00:38.285326 604079 finetune.py:45] layer 5_k initial loss 0.00021940477017778903
I0325 10:01:02.665041 603166 finetune.py:68] layer 4_k @ epoch 2 new loss 0.0001259732962353155 old loss 0.0001269420754397288 BETTER
I0325 10:01:09.679619 604079 finetune.py:68] layer 5_k @ epoch 0 new loss 0.00021644160733558238 old loss 0.00021940477017778903 BETTER
I0325 10:01:34.717314 603166 finetune.py:68] layer 4_k @ epoch 3 new loss 0.0001250884961336851 old loss 0.0001259732962353155 BETTER
I0325 10:01:41.791123 604079 finetune.py:68] layer 5_k @ epoch 1 new loss 0.00021444800950121135 old loss 0.00021644160733558238 BETTER
I0325 10:02:06.826611 603166 finetune.py:68] layer 4_k @ epoch 4 new loss 0.00012431036157067865 old loss 0.0001250884961336851 BETTER
I0325 10:02:13.841681 604079 finetune.py:68] layer 5_k @ epoch 2 new loss 0.00021271021978463978 old loss 0.00021444800950121135 BETTER
I0325 10:02:25.596884 603166 finetune.py:45] layer 4_o initial loss 0.0003700972883962095
I0325 10:02:46.013468 604079 finetune.py:68] layer 5_k @ epoch 3 new loss 0.00021110053057782352 old loss 0.00021271021978463978 BETTER
I0325 10:02:55.969214 603166 finetune.py:68] layer 4_o @ epoch 0 new loss 0.0003403170558158308 old loss 0.0003700972883962095 BETTER
I0325 10:03:18.281983 604079 finetune.py:68] layer 5_k @ epoch 4 new loss 0.00020967616001144052 old loss 0.00021110053057782352 BETTER
I0325 10:03:27.441131 603166 finetune.py:68] layer 4_o @ epoch 1 new loss 0.0003247094282414764 old loss 0.0003403170558158308 BETTER
I0325 10:03:37.091480 604079 finetune.py:45] layer 5_o initial loss 0.0005608864594250917
I0325 10:03:59.011729 603166 finetune.py:68] layer 4_o @ epoch 2 new loss 0.0003152274002786726 old loss 0.0003247094282414764 BETTER
I0325 10:04:07.905036 604079 finetune.py:68] layer 5_o @ epoch 0 new loss 0.0005207299836911261 old loss 0.0005608864594250917 BETTER
I0325 10:04:30.501682 603166 finetune.py:68] layer 4_o @ epoch 3 new loss 0.00030901579884812236 old loss 0.0003152274002786726 BETTER
I0325 10:04:39.537559 604079 finetune.py:68] layer 5_o @ epoch 1 new loss 0.0005019059171900153 old loss 0.0005207299836911261 BETTER
I0325 10:05:01.992011 603166 finetune.py:68] layer 4_o @ epoch 4 new loss 0.00030458782566711307 old loss 0.00030901579884812236 BETTER
I0325 10:05:11.086941 604079 finetune.py:68] layer 5_o @ epoch 2 new loss 0.0004909397102892399 old loss 0.0005019059171900153 BETTER
I0325 10:05:27.400334 603166 finetune.py:45] layer 4_up initial loss 0.0005513336509466171
I0325 10:05:42.718464 604079 finetune.py:68] layer 5_o @ epoch 3 new loss 0.0004836001608055085 old loss 0.0004909397102892399 BETTER
I0325 10:05:56.173304 603166 finetune.py:68] layer 4_up @ epoch 0 new loss 0.0005426954012364149 old loss 0.0005513336509466171 BETTER
I0325 10:06:14.409052 604079 finetune.py:68] layer 5_o @ epoch 4 new loss 0.0004781942698173225 old loss 0.0004836001608055085 BETTER
I0325 10:06:25.865476 603166 finetune.py:68] layer 4_up @ epoch 1 new loss 0.0005365722463466227 old loss 0.0005426954012364149 BETTER
I0325 10:06:39.660497 604079 finetune.py:45] layer 5_up initial loss 0.0008577455882914364
I0325 10:06:55.618268 603166 finetune.py:68] layer 4_up @ epoch 2 new loss 0.0005319400224834681 old loss 0.0005365722463466227 BETTER
I0325 10:07:08.589293 604079 finetune.py:68] layer 5_up @ epoch 0 new loss 0.0008464218117296696 old loss 0.0008577455882914364 BETTER
I0325 10:07:25.469256 603166 finetune.py:68] layer 4_up @ epoch 3 new loss 0.0005281534395180643 old loss 0.0005319400224834681 BETTER
I0325 10:07:38.321631 604079 finetune.py:68] layer 5_up @ epoch 1 new loss 0.0008387654088437557 old loss 0.0008464218117296696 BETTER
I0325 10:07:55.338798 603166 finetune.py:68] layer 4_up @ epoch 4 new loss 0.0005249374662525952 old loss 0.0005281534395180643 BETTER
I0325 10:08:08.292761 604079 finetune.py:68] layer 5_up @ epoch 2 new loss 0.0008329158881679177 old loss 0.0008387654088437557 BETTER
I0325 10:08:20.570005 603166 finetune.py:45] layer 4_gate initial loss 0.000699806900229305
I0325 10:08:38.301244 604079 finetune.py:68] layer 5_up @ epoch 3 new loss 0.0008280049078166485 old loss 0.0008329158881679177 BETTER
I0325 10:08:47.791062 603166 finetune.py:68] layer 4_gate @ epoch 0 new loss 0.0006958247977308929 old loss 0.000699806900229305 BETTER
I0325 10:09:08.195118 604079 finetune.py:68] layer 5_up @ epoch 4 new loss 0.0008237723377533257 old loss 0.0008280049078166485 BETTER
I0325 10:09:16.172839 603166 finetune.py:68] layer 4_gate @ epoch 1 new loss 0.0006924825720489025 old loss 0.0006958247977308929 BETTER
I0325 10:09:33.961358 604079 finetune.py:45] layer 5_gate initial loss 0.001074516330845654
I0325 10:09:44.385439 603166 finetune.py:68] layer 4_gate @ epoch 2 new loss 0.0006895119440741837 old loss 0.0006924825720489025 BETTER
I0325 10:10:01.376465 604079 finetune.py:68] layer 5_gate @ epoch 0 new loss 0.0010687196627259254 old loss 0.001074516330845654 BETTER
I0325 10:10:12.633996 603166 finetune.py:68] layer 4_gate @ epoch 3 new loss 0.0006868031923659146 old loss 0.0006895119440741837 BETTER
I0325 10:10:29.508654 604079 finetune.py:68] layer 5_gate @ epoch 1 new loss 0.00106392044108361 old loss 0.0010687196627259254 BETTER
I0325 10:10:40.968180 603166 finetune.py:68] layer 4_gate @ epoch 4 new loss 0.0006842724396847188 old loss 0.0006868031923659146 BETTER
I0325 10:10:57.779991 604079 finetune.py:68] layer 5_gate @ epoch 2 new loss 0.0010597631335258484 old loss 0.00106392044108361 BETTER
I0325 10:11:22.619265 603166 finetune.py:45] layer 4_down initial loss 0.0009960439056158066
I0325 10:11:25.831391 604079 finetune.py:68] layer 5_gate @ epoch 3 new loss 0.001055948087014258 old loss 0.0010597631335258484 BETTER
I0325 10:11:47.861169 603166 finetune.py:68] layer 4_down @ epoch 0 new loss 0.0009950378444045782 old loss 0.0009960439056158066 BETTER
I0325 10:11:53.984001 604079 finetune.py:68] layer 5_gate @ epoch 4 new loss 0.0010524047538638115 old loss 0.001055948087014258 BETTER
I0325 10:12:14.297867 603166 finetune.py:68] layer 4_down @ epoch 1 new loss 0.0009940764866769314 old loss 0.0009950378444045782 BETTER
I0325 10:12:36.237063 604079 finetune.py:45] layer 5_down initial loss 0.0015136221190914512
I0325 10:12:40.971656 603166 finetune.py:68] layer 4_down @ epoch 2 new loss 0.0009931556414812803 old loss 0.0009940764866769314 BETTER
I0325 10:13:01.720582 604079 finetune.py:68] layer 5_down @ epoch 0 new loss 0.0015125705394893885 old loss 0.0015136221190914512 BETTER
I0325 10:13:07.723558 603166 finetune.py:68] layer 4_down @ epoch 3 new loss 0.000992265879176557 old loss 0.0009931556414812803 BETTER
I0325 10:13:28.653890 604079 finetune.py:68] layer 5_down @ epoch 1 new loss 0.0015115686692297459 old loss 0.0015125705394893885 BETTER
I0325 10:13:34.557003 603166 finetune.py:68] layer 4_down @ epoch 4 new loss 0.0009914111578837037 old loss 0.000992265879176557 BETTER
4_v proxy err 0.13764572143554688 tr(WHW.T) 3131.788818359375
bpp_loss 1.23494644476159
4_q proxy err 0.006743166595697403 tr(WHW.T) 78950.2109375
bpp_loss 1.9151828141475562
4_k proxy err 0.004480193834751844 tr(WHW.T) 118876.7578125
bpp_loss 1.9437793565302854
4_o proxy err 0.13817621767520905 tr(WHW.T) 5399.755859375
bpp_loss 1.2179132479359396
4_up proxy err 0.13268138468265533 tr(WHW.T) 17722.072265625
bpp_loss 1.4089431904992737
4_gate proxy err 0.06804033368825912 tr(WHW.T) 36124.9765625
bpp_loss 1.5352880234808424
4_down proxy err 0.1390756219625473 tr(WHW.T) 17663.51953125
bpp_loss 1.3911185877202727
I0325 10:13:55.807736 604079 finetune.py:68] layer 5_down @ epoch 2 new loss 0.0015106130158528686 old loss 0.0015115686692297459 BETTER
I0325 10:14:22.678795 604079 finetune.py:68] layer 5_down @ epoch 3 new loss 0.0015096860006451607 old loss 0.0015106130158528686 BETTER
I0325 10:14:43.511090 583434 quantize_finetune_llama.py:240] computed original embedding for layer 6 in 62.170727014541626s
I0325 10:14:47.261328 619229 config.py:54] PyTorch version 2.6.0 available.
W0325 10:14:47.614208 619229 warnings.py:109] /opt/conda/lib/python3.10/site-packages/torchvision/io/image.py:13: UserWarning: Failed to load image Python extension: '/opt/conda/lib/python3.10/site-packages/torchvision/image.so: undefined symbol: _ZN3c1017RegisterOperatorsD1Ev'If you don't plan on using image functionality from `torchvision.io`, you can ignore this warning. Otherwise, there might be something wrong with your environment. Did you have `libjpeg` or `libpng` installed before building `torchvision` from source?
  warn(

W0325 10:14:48.647635 619229 warnings.py:109] /opt/conda/lib/python3.10/site-packages/compressai/models/video/google.py:353: FutureWarning: `torch.cuda.amp.autocast(args...)` is deprecated. Please use `torch.amp.autocast('cuda', args...)` instead.
  @amp.autocast(enabled=False)

I0325 10:14:48.651836 583434 quantize_finetune_llama.py:209] layer 7 gpu 1
I0325 10:14:48.671253 619229 data_utils.py:336] using 256 training seqs, 128 validation seqs
I0325 10:14:49.470835 604079 finetune.py:68] layer 5_down @ epoch 4 new loss 0.0015087921638041735 old loss 0.0015096860006451607 BETTER
5_v proxy err 0.14779511094093323 tr(WHW.T) 3202.603515625
bpp_loss 1.2454162096692016
5_q proxy err 0.00805316586047411 tr(WHW.T) 72696.09375
bpp_loss 1.9253817427525064
5_k proxy err 0.0050641074776649475 tr(WHW.T) 116392.9296875
bpp_loss 1.9807280272507342
5_o proxy err 0.14830131828784943 tr(WHW.T) 3840.68505859375
bpp_loss 1.2213766627683071
5_up proxy err 0.13066133856773376 tr(WHW.T) 18078.939453125
bpp_loss 1.4083148154408434
5_gate proxy err 0.06391727924346924 tr(WHW.T) 38697.859375
bpp_loss 1.5423786767303598
5_down proxy err 0.15252463519573212 tr(WHW.T) 16725.73046875
bpp_loss 1.3899181077343434
The attention layers in this model are transitioning from computing the RoPE embeddings internally through `position_ids` (2D tensor with the indexes of the tokens), to using externally computed `position_embeddings` (Tuple of tensors, containing cos and sin). In v4.46 `position_ids` will be removed and `position_embeddings` will be mandatory.
I0325 10:15:07.155159 619229 finetune.py:45] layer 6_v initial loss 0.0006324026035144925
W0325 10:15:07.155417 619229 warnings.py:109] /workspace/Weight_compression/comp_lm_qtip/lib/algo/finetune.py:46: FutureWarning: `torch.cuda.amp.GradScaler(args...)` is deprecated. Please use `torch.amp.GradScaler('cuda', args...)` instead.
  scaler = torch.cuda.amp.GradScaler(enabled=(orig_dtype==torch.float16))

I0325 10:15:39.753963 619229 finetune.py:68] layer 6_v @ epoch 0 new loss 0.00032746425131335855 old loss 0.0006324026035144925 BETTER
I0325 10:15:56.481340 583434 quantize_finetune_llama.py:240] computed original embedding for layer 7 in 61.208813428878784s
I0325 10:16:00.044429 620178 config.py:54] PyTorch version 2.6.0 available.
W0325 10:16:00.357294 620178 warnings.py:109] /opt/conda/lib/python3.10/site-packages/torchvision/io/image.py:13: UserWarning: Failed to load image Python extension: '/opt/conda/lib/python3.10/site-packages/torchvision/image.so: undefined symbol: _ZN3c1017RegisterOperatorsD1Ev'If you don't plan on using image functionality from `torchvision.io`, you can ignore this warning. Otherwise, there might be something wrong with your environment. Did you have `libjpeg` or `libpng` installed before building `torchvision` from source?
  warn(

W0325 10:16:01.380710 620178 warnings.py:109] /opt/conda/lib/python3.10/site-packages/compressai/models/video/google.py:353: FutureWarning: `torch.cuda.amp.autocast(args...)` is deprecated. Please use `torch.amp.autocast('cuda', args...)` instead.
  @amp.autocast(enabled=False)

I0325 10:16:01.384857 583434 quantize_finetune_llama.py:209] layer 8 gpu 2
I0325 10:16:01.398315 620178 data_utils.py:336] using 256 training seqs, 128 validation seqs
I0325 10:16:13.946494 619229 finetune.py:68] layer 6_v @ epoch 1 new loss 0.00027991391834802926 old loss 0.00032746425131335855 BETTER
The attention layers in this model are transitioning from computing the RoPE embeddings internally through `position_ids` (2D tensor with the indexes of the tokens), to using externally computed `position_embeddings` (Tuple of tensors, containing cos and sin). In v4.46 `position_ids` will be removed and `position_embeddings` will be mandatory.
I0325 10:16:20.489613 620178 finetune.py:45] layer 7_v initial loss 0.0008860028465278447
W0325 10:16:20.489814 620178 warnings.py:109] /workspace/Weight_compression/comp_lm_qtip/lib/algo/finetune.py:46: FutureWarning: `torch.cuda.amp.GradScaler(args...)` is deprecated. Please use `torch.amp.GradScaler('cuda', args...)` instead.
  scaler = torch.cuda.amp.GradScaler(enabled=(orig_dtype==torch.float16))

I0325 10:16:48.857078 619229 finetune.py:68] layer 6_v @ epoch 2 new loss 0.0002650830429047346 old loss 0.00027991391834802926 BETTER
I0325 10:16:51.960335 620178 finetune.py:68] layer 7_v @ epoch 0 new loss 0.0004596914805006236 old loss 0.0008860028465278447 BETTER
I0325 10:17:04.679092 583434 quantize_finetune_llama.py:240] computed original embedding for layer 8 in 62.828967571258545s
I0325 10:17:08.237390 621100 config.py:54] PyTorch version 2.6.0 available.
W0325 10:17:08.560510 621100 warnings.py:109] /opt/conda/lib/python3.10/site-packages/torchvision/io/image.py:13: UserWarning: Failed to load image Python extension: '/opt/conda/lib/python3.10/site-packages/torchvision/image.so: undefined symbol: _ZN3c1017RegisterOperatorsD1Ev'If you don't plan on using image functionality from `torchvision.io`, you can ignore this warning. Otherwise, there might be something wrong with your environment. Did you have `libjpeg` or `libpng` installed before building `torchvision` from source?
  warn(

W0325 10:17:09.615209 621100 warnings.py:109] /opt/conda/lib/python3.10/site-packages/compressai/models/video/google.py:353: FutureWarning: `torch.cuda.amp.autocast(args...)` is deprecated. Please use `torch.amp.autocast('cuda', args...)` instead.
  @amp.autocast(enabled=False)

I0325 10:17:09.619376 583434 quantize_finetune_llama.py:209] layer 9 gpu 0
I0325 10:17:09.632738 621100 data_utils.py:336] using 256 training seqs, 128 validation seqs
The attention layers in this model are transitioning from computing the RoPE embeddings internally through `position_ids` (2D tensor with the indexes of the tokens), to using externally computed `position_embeddings` (Tuple of tensors, containing cos and sin). In v4.46 `position_ids` will be removed and `position_embeddings` will be mandatory.
I0325 10:17:23.953048 619229 finetune.py:68] layer 6_v @ epoch 3 new loss 0.0002576085098553449 old loss 0.0002650830429047346 BETTER
I0325 10:17:24.401548 620178 finetune.py:68] layer 7_v @ epoch 1 new loss 0.000396867748349905 old loss 0.0004596914805006236 BETTER
I0325 10:17:28.705361 621100 finetune.py:45] layer 8_v initial loss 0.0010881011839956045
W0325 10:17:28.705769 621100 warnings.py:109] /workspace/Weight_compression/comp_lm_qtip/lib/algo/finetune.py:46: FutureWarning: `torch.cuda.amp.GradScaler(args...)` is deprecated. Please use `torch.amp.GradScaler('cuda', args...)` instead.
  scaler = torch.cuda.amp.GradScaler(enabled=(orig_dtype==torch.float16))

I0325 10:17:58.136667 620178 finetune.py:68] layer 7_v @ epoch 2 new loss 0.0003764315915759653 old loss 0.000396867748349905 BETTER
I0325 10:17:59.811492 619229 finetune.py:68] layer 6_v @ epoch 4 new loss 0.0002526648167986423 old loss 0.0002576085098553449 BETTER
I0325 10:18:01.050237 621100 finetune.py:68] layer 8_v @ epoch 0 new loss 0.0006411125650629401 old loss 0.0010881011839956045 BETTER
I0325 10:18:19.005445 619229 finetune.py:45] layer 6_q initial loss 0.00031663154368288815
I0325 10:18:31.180078 620178 finetune.py:68] layer 7_v @ epoch 3 new loss 0.00036582170287147164 old loss 0.0003764315915759653 BETTER
I0325 10:18:34.044768 621100 finetune.py:68] layer 8_v @ epoch 1 new loss 0.0005667514633387327 old loss 0.0006411125650629401 BETTER
I0325 10:18:52.749084 619229 finetune.py:68] layer 6_q @ epoch 0 new loss 0.00030195919680409133 old loss 0.00031663154368288815 BETTER
I0325 10:19:04.859252 620178 finetune.py:68] layer 7_v @ epoch 4 new loss 0.00035886335535906255 old loss 0.00036582170287147164 BETTER
I0325 10:19:07.490353 621100 finetune.py:68] layer 8_v @ epoch 2 new loss 0.0005405264673754573 old loss 0.0005667514633387327 BETTER
I0325 10:19:24.182603 620178 finetune.py:45] layer 7_q initial loss 0.00045309565030038357
I0325 10:19:27.413563 619229 finetune.py:68] layer 6_q @ epoch 1 new loss 0.00029631241341121495 old loss 0.00030195919680409133 BETTER
I0325 10:19:40.800166 621100 finetune.py:68] layer 8_v @ epoch 3 new loss 0.0005261182086542249 old loss 0.0005405264673754573 BETTER
I0325 10:19:55.795805 620178 finetune.py:68] layer 7_q @ epoch 0 new loss 0.0004296294355299324 old loss 0.00045309565030038357 BETTER
I0325 10:20:02.339505 619229 finetune.py:68] layer 6_q @ epoch 2 new loss 0.0002923003048636019 old loss 0.00029631241341121495 BETTER
I0325 10:20:14.184674 621100 finetune.py:68] layer 8_v @ epoch 4 new loss 0.0005161100416444242 old loss 0.0005261182086542249 BETTER
I0325 10:20:28.188352 620178 finetune.py:68] layer 7_q @ epoch 1 new loss 0.00042070940253324807 old loss 0.0004296294355299324 BETTER
I0325 10:20:33.547613 621100 finetune.py:45] layer 8_q initial loss 0.0006322739063762128
I0325 10:20:37.289411 619229 finetune.py:68] layer 6_q @ epoch 3 new loss 0.0002889297902584076 old loss 0.0002923003048636019 BETTER
I0325 10:21:00.837121 620178 finetune.py:68] layer 7_q @ epoch 2 new loss 0.0004145548155065626 old loss 0.00042070940253324807 BETTER
I0325 10:21:05.114263 621100 finetune.py:68] layer 8_q @ epoch 0 new loss 0.0006056640413589776 old loss 0.0006322739063762128 BETTER
I0325 10:21:12.193086 619229 finetune.py:68] layer 6_q @ epoch 4 new loss 0.00028606734122149646 old loss 0.0002889297902584076 BETTER
I0325 10:21:31.329260 619229 finetune.py:45] layer 6_k initial loss 0.00033756287302821875
I0325 10:21:33.667675 620178 finetune.py:68] layer 7_q @ epoch 3 new loss 0.00040956283919513226 old loss 0.0004145548155065626 BETTER
I0325 10:21:37.389033 621100 finetune.py:68] layer 8_q @ epoch 1 new loss 0.0005945200682617724 old loss 0.0006056640413589776 BETTER
I0325 10:22:04.121127 619229 finetune.py:68] layer 6_k @ epoch 0 new loss 0.0003282506368122995 old loss 0.00033756287302821875 BETTER
I0325 10:22:06.255916 620178 finetune.py:68] layer 7_q @ epoch 4 new loss 0.00040535215521231294 old loss 0.00040956283919513226 BETTER
I0325 10:22:09.915580 621100 finetune.py:68] layer 8_q @ epoch 2 new loss 0.0005862857215106487 old loss 0.0005945200682617724 BETTER
I0325 10:22:25.681384 620178 finetune.py:45] layer 7_k initial loss 0.0004750421503558755
I0325 10:22:37.910089 619229 finetune.py:68] layer 6_k @ epoch 1 new loss 0.00032505093258805573 old loss 0.0003282506368122995 BETTER
I0325 10:22:42.764898 621100 finetune.py:68] layer 8_q @ epoch 3 new loss 0.0005793869495391846 old loss 0.0005862857215106487 BETTER
I0325 10:22:56.859746 620178 finetune.py:68] layer 7_k @ epoch 0 new loss 0.0004652395145967603 old loss 0.0004750421503558755 BETTER
I0325 10:23:12.138265 619229 finetune.py:68] layer 6_k @ epoch 2 new loss 0.0003222934028599411 old loss 0.00032505093258805573 BETTER
I0325 10:23:15.634050 621100 finetune.py:68] layer 8_q @ epoch 4 new loss 0.000573481956962496 old loss 0.0005793869495391846 BETTER
I0325 10:23:28.969587 620178 finetune.py:68] layer 7_k @ epoch 1 new loss 0.00046060295426286757 old loss 0.0004652395145967603 BETTER
