3_o proxy err 0.04041292890906334 tr(WHW.T) 5305.953125
bpp_loss 1.9265070331748575
3_up proxy err 0.04322254657745361 tr(WHW.T) 17604.142578125
bpp_loss 2.2023654198923777
3_gate proxy err 0.026343604549765587 tr(WHW.T) 29485.162109375
bpp_loss 2.2991901402643253
3_down proxy err 0.0469365157186985 tr(WHW.T) 17166.1015625
bpp_loss 2.199348584640511
I0325 05:51:29.822967 404132 finetune.py:68] layer 4_down @ epoch 3 new loss 0.0003335076617076993 old loss 0.00033367358264513314 BETTER
I0325 05:51:33.096301 405093 finetune.py:68] layer 5_down @ epoch 0 new loss 0.0005158042185939848 old loss 0.0005160936852917075 BETTER
I0325 05:51:57.319549 404132 finetune.py:68] layer 4_down @ epoch 4 new loss 0.000333366944687441 old loss 0.0003335076617076993 BETTER
4_v proxy err 0.045544762164354324 tr(WHW.T) 3131.788818359375
bpp_loss 1.992028006905457
4_q proxy err 0.002103287959471345 tr(WHW.T) 78913.6015625
bpp_loss 2.7029407294176053
4_k proxy err 0.0014020184753462672 tr(WHW.T) 118816.5234375
bpp_loss 2.7300526759645436
4_o proxy err 0.04647473245859146 tr(WHW.T) 5383.37890625
bpp_loss 1.982723046647152
4_up proxy err 0.04245113581418991 tr(WHW.T) 17757.8046875
bpp_loss 2.191451218542318
4_gate proxy err 0.021249808371067047 tr(WHW.T) 36482.6015625
bpp_loss 2.32046572777421
4_down proxy err 0.0461667962372303 tr(WHW.T) 17201.01171875
bpp_loss 2.1844624270100232
I0325 05:52:00.366032 405093 finetune.py:68] layer 5_down @ epoch 1 new loss 0.0005155558465048671 old loss 0.0005158042185939848 BETTER
I0325 05:52:27.699724 405093 finetune.py:68] layer 5_down @ epoch 2 new loss 0.0005153396632522345 old loss 0.0005155558465048671 BETTER
I0325 05:52:55.136478 405093 finetune.py:68] layer 5_down @ epoch 3 new loss 0.0005151524674147367 old loss 0.0005153396632522345 BETTER
I0325 05:53:06.085851 382969 quantize_finetune_llama.py:240] computed original embedding for layer 6 in 63.71351361274719s
I0325 05:53:09.587371 421721 config.py:54] PyTorch version 2.6.0 available.
W0325 05:53:09.883022 421721 warnings.py:109] /opt/conda/lib/python3.10/site-packages/torchvision/io/image.py:13: UserWarning: Failed to load image Python extension: '/opt/conda/lib/python3.10/site-packages/torchvision/image.so: undefined symbol: _ZN3c1017RegisterOperatorsD1Ev'If you don't plan on using image functionality from `torchvision.io`, you can ignore this warning. Otherwise, there might be something wrong with your environment. Did you have `libjpeg` or `libpng` installed before building `torchvision` from source?
  warn(

W0325 05:53:10.837394 421721 warnings.py:109] /opt/conda/lib/python3.10/site-packages/compressai/models/video/google.py:353: FutureWarning: `torch.cuda.amp.autocast(args...)` is deprecated. Please use `torch.amp.autocast('cuda', args...)` instead.
  @amp.autocast(enabled=False)

I0325 05:53:10.841237 382969 quantize_finetune_llama.py:209] layer 7 gpu 1
I0325 05:53:10.854281 421721 data_utils.py:336] using 256 training seqs, 128 validation seqs
I0325 05:53:22.286496 405093 finetune.py:68] layer 5_down @ epoch 4 new loss 0.0005149905919097364 old loss 0.0005151524674147367 BETTER
5_v proxy err 0.04894155636429787 tr(WHW.T) 3202.603515625
bpp_loss 2.0093079973303247
5_q proxy err 0.0025092926807701588 tr(WHW.T) 72679.0
bpp_loss 2.7202317970222794
5_k proxy err 0.0015811024932190776 tr(WHW.T) 116357.8046875
bpp_loss 2.7749957254563924
5_o proxy err 0.04990435391664505 tr(WHW.T) 3812.085205078125
bpp_loss 1.9900422350328881
5_up proxy err 0.041814014315605164 tr(WHW.T) 18118.490234375
bpp_loss 2.19160695811517
5_gate proxy err 0.01984940841794014 tr(WHW.T) 39312.78515625
bpp_loss 2.327617012094273
5_down proxy err 0.05059865117073059 tr(WHW.T) 16309.396484375
bpp_loss 2.185219626007385
The attention layers in this model are transitioning from computing the RoPE embeddings internally through `position_ids` (2D tensor with the indexes of the tokens), to using externally computed `position_embeddings` (Tuple of tensors, containing cos and sin). In v4.46 `position_ids` will be removed and `position_embeddings` will be mandatory.
I0325 05:53:28.898380 421721 finetune.py:45] layer 6_v initial loss 0.0002685104263946414
W0325 05:53:28.898782 421721 warnings.py:109] /workspace/Weight_compression/comp_lm_qtip/lib/algo/finetune.py:46: FutureWarning: `torch.cuda.amp.GradScaler(args...)` is deprecated. Please use `torch.amp.GradScaler('cuda', args...)` instead.
  scaler = torch.cuda.amp.GradScaler(enabled=(orig_dtype==torch.float16))

I0325 05:54:01.666890 421721 finetune.py:68] layer 6_v @ epoch 0 new loss 0.00011428316065575927 old loss 0.0002685104263946414 BETTER
I0325 05:54:29.842404 382969 quantize_finetune_llama.py:240] computed original embedding for layer 7 in 61.80234980583191s
I0325 05:54:33.436929 422788 config.py:54] PyTorch version 2.6.0 available.
W0325 05:54:33.743088 422788 warnings.py:109] /opt/conda/lib/python3.10/site-packages/torchvision/io/image.py:13: UserWarning: Failed to load image Python extension: '/opt/conda/lib/python3.10/site-packages/torchvision/image.so: undefined symbol: _ZN3c1017RegisterOperatorsD1Ev'If you don't plan on using image functionality from `torchvision.io`, you can ignore this warning. Otherwise, there might be something wrong with your environment. Did you have `libjpeg` or `libpng` installed before building `torchvision` from source?
  warn(

W0325 05:54:34.650719 422788 warnings.py:109] /opt/conda/lib/python3.10/site-packages/compressai/models/video/google.py:353: FutureWarning: `torch.cuda.amp.autocast(args...)` is deprecated. Please use `torch.amp.autocast('cuda', args...)` instead.
  @amp.autocast(enabled=False)

I0325 05:54:34.655085 382969 quantize_finetune_llama.py:209] layer 8 gpu 2
I0325 05:54:34.675312 422788 data_utils.py:336] using 256 training seqs, 128 validation seqs
I0325 05:54:35.746555 421721 finetune.py:68] layer 6_v @ epoch 1 new loss 9.299589873990044e-05 old loss 0.00011428316065575927 BETTER
The attention layers in this model are transitioning from computing the RoPE embeddings internally through `position_ids` (2D tensor with the indexes of the tokens), to using externally computed `position_embeddings` (Tuple of tensors, containing cos and sin). In v4.46 `position_ids` will be removed and `position_embeddings` will be mandatory.
I0325 05:54:53.772296 422788 finetune.py:45] layer 7_v initial loss 0.00035162249696440995
W0325 05:54:53.772697 422788 warnings.py:109] /workspace/Weight_compression/comp_lm_qtip/lib/algo/finetune.py:46: FutureWarning: `torch.cuda.amp.GradScaler(args...)` is deprecated. Please use `torch.amp.GradScaler('cuda', args...)` instead.
  scaler = torch.cuda.amp.GradScaler(enabled=(orig_dtype==torch.float16))

I0325 05:55:10.536968 421721 finetune.py:68] layer 6_v @ epoch 2 new loss 8.701194019522518e-05 old loss 9.299589873990044e-05 BETTER
I0325 05:55:25.360524 422788 finetune.py:68] layer 7_v @ epoch 0 new loss 0.00015841898857615888 old loss 0.00035162249696440995 BETTER
I0325 05:55:39.576638 382969 quantize_finetune_llama.py:240] computed original embedding for layer 8 in 64.42706823348999s
I0325 05:55:43.470053 423717 config.py:54] PyTorch version 2.6.0 available.
W0325 05:55:43.857392 423717 warnings.py:109] /opt/conda/lib/python3.10/site-packages/torchvision/io/image.py:13: UserWarning: Failed to load image Python extension: '/opt/conda/lib/python3.10/site-packages/torchvision/image.so: undefined symbol: _ZN3c1017RegisterOperatorsD1Ev'If you don't plan on using image functionality from `torchvision.io`, you can ignore this warning. Otherwise, there might be something wrong with your environment. Did you have `libjpeg` or `libpng` installed before building `torchvision` from source?
  warn(

W0325 05:55:44.927618 423717 warnings.py:109] /opt/conda/lib/python3.10/site-packages/compressai/models/video/google.py:353: FutureWarning: `torch.cuda.amp.autocast(args...)` is deprecated. Please use `torch.amp.autocast('cuda', args...)` instead.
  @amp.autocast(enabled=False)

I0325 05:55:44.931855 382969 quantize_finetune_llama.py:209] layer 9 gpu 0
I0325 05:55:44.947941 423717 data_utils.py:336] using 256 training seqs, 128 validation seqs
I0325 05:55:46.107608 421721 finetune.py:68] layer 6_v @ epoch 3 new loss 8.415642514592037e-05 old loss 8.701194019522518e-05 BETTER
I0325 05:55:58.015121 422788 finetune.py:68] layer 7_v @ epoch 1 new loss 0.00013308653433341533 old loss 0.00015841898857615888 BETTER
The attention layers in this model are transitioning from computing the RoPE embeddings internally through `position_ids` (2D tensor with the indexes of the tokens), to using externally computed `position_embeddings` (Tuple of tensors, containing cos and sin). In v4.46 `position_ids` will be removed and `position_embeddings` will be mandatory.
I0325 05:56:07.375218 423717 finetune.py:45] layer 8_v initial loss 0.000428553408710286
W0325 05:56:07.375653 423717 warnings.py:109] /workspace/Weight_compression/comp_lm_qtip/lib/algo/finetune.py:46: FutureWarning: `torch.cuda.amp.GradScaler(args...)` is deprecated. Please use `torch.amp.GradScaler('cuda', args...)` instead.
  scaler = torch.cuda.amp.GradScaler(enabled=(orig_dtype==torch.float16))

I0325 05:56:22.156099 421721 finetune.py:68] layer 6_v @ epoch 4 new loss 8.229833474615589e-05 old loss 8.415642514592037e-05 BETTER
I0325 05:56:32.351958 422788 finetune.py:68] layer 7_v @ epoch 2 new loss 0.00012550436076708138 old loss 0.00013308653433341533 BETTER
I0325 05:56:41.089632 423717 finetune.py:68] layer 8_v @ epoch 0 new loss 0.00022087004617787898 old loss 0.000428553408710286 BETTER
I0325 05:56:44.367915 421721 finetune.py:45] layer 6_q initial loss 0.00010109486902365461
I0325 05:57:06.082661 422788 finetune.py:68] layer 7_v @ epoch 3 new loss 0.00012161524500697851 old loss 0.00012550436076708138 BETTER
I0325 05:57:16.482618 423717 finetune.py:68] layer 8_v @ epoch 1 new loss 0.0001910318387672305 old loss 0.00022087004617787898 BETTER
I0325 05:57:18.875832 421721 finetune.py:68] layer 6_q @ epoch 0 new loss 9.755396604305133e-05 old loss 0.00010109486902365461 BETTER
I0325 05:57:40.430701 422788 finetune.py:68] layer 7_v @ epoch 4 new loss 0.00011911116598639637 old loss 0.00012161524500697851 BETTER
I0325 05:57:52.058135 423717 finetune.py:68] layer 8_v @ epoch 2 new loss 0.00018128450028598309 old loss 0.0001910318387672305 BETTER
I0325 05:57:53.856582 421721 finetune.py:68] layer 6_q @ epoch 1 new loss 9.592085552867502e-05 old loss 9.755396604305133e-05 BETTER
I0325 05:58:03.156688 422788 finetune.py:45] layer 7_q initial loss 0.00014663528418168426
I0325 05:58:28.062300 423717 finetune.py:68] layer 8_v @ epoch 3 new loss 0.00017602786829229444 old loss 0.00018128450028598309 BETTER
I0325 05:58:29.754674 421721 finetune.py:68] layer 6_q @ epoch 2 new loss 9.465983021073043e-05 old loss 9.592085552867502e-05 BETTER
I0325 05:58:35.940082 422788 finetune.py:68] layer 7_q @ epoch 0 new loss 0.00014104312867857516 old loss 0.00014663528418168426 BETTER
I0325 05:59:02.792622 423717 finetune.py:68] layer 8_v @ epoch 4 new loss 0.00017243837646674365 old loss 0.00017602786829229444 BETTER
I0325 05:59:05.244187 421721 finetune.py:68] layer 6_q @ epoch 3 new loss 9.35950520215556e-05 old loss 9.465983021073043e-05 BETTER
I0325 05:59:09.825958 422788 finetune.py:68] layer 7_q @ epoch 1 new loss 0.0001386212243232876 old loss 0.00014104312867857516 BETTER
I0325 05:59:27.221349 423717 finetune.py:45] layer 8_q initial loss 0.00020690765813924372
I0325 05:59:42.428745 421721 finetune.py:68] layer 6_q @ epoch 4 new loss 9.270551527151838e-05 old loss 9.35950520215556e-05 BETTER
I0325 05:59:44.745576 422788 finetune.py:68] layer 7_q @ epoch 2 new loss 0.00013671729539055377 old loss 0.0001386212243232876 BETTER
I0325 06:00:01.350558 423717 finetune.py:68] layer 8_q @ epoch 0 new loss 0.0002004496200243011 old loss 0.00020690765813924372 BETTER
I0325 06:00:05.940681 421721 finetune.py:45] layer 6_k initial loss 0.00010695987293729559
I0325 06:00:19.644118 422788 finetune.py:68] layer 7_q @ epoch 3 new loss 0.00013514497550204396 old loss 0.00013671729539055377 BETTER
I0325 06:00:37.054903 423717 finetune.py:68] layer 8_q @ epoch 1 new loss 0.00019706379680428654 old loss 0.0002004496200243011 BETTER
I0325 06:00:40.237050 421721 finetune.py:68] layer 6_k @ epoch 0 new loss 0.00010461015335749835 old loss 0.00010695987293729559 BETTER
I0325 06:00:54.355870 422788 finetune.py:68] layer 7_q @ epoch 4 new loss 0.00013381632743403316 old loss 0.00013514497550204396 BETTER
I0325 06:01:11.775138 423717 finetune.py:68] layer 8_q @ epoch 2 new loss 0.00019445116049610078 old loss 0.00019706379680428654 BETTER
I0325 06:01:15.602486 421721 finetune.py:68] layer 6_k @ epoch 1 new loss 0.00010369724623160437 old loss 0.00010461015335749835 BETTER
I0325 06:01:18.000561 422788 finetune.py:45] layer 7_k initial loss 0.00015386435552500188
I0325 06:01:47.221732 423717 finetune.py:68] layer 8_q @ epoch 3 new loss 0.00019220731337554753 old loss 0.00019445116049610078 BETTER
I0325 06:01:51.550089 421721 finetune.py:68] layer 6_k @ epoch 2 new loss 0.0001029342893161811 old loss 0.00010369724623160437 BETTER
I0325 06:01:52.084942 422788 finetune.py:68] layer 7_k @ epoch 0 new loss 0.00015118735609576106 old loss 0.00015386435552500188 BETTER
I0325 06:02:22.917438 423717 finetune.py:68] layer 8_q @ epoch 4 new loss 0.000190274091437459 old loss 0.00019220731337554753 BETTER
I0325 06:02:26.794704 422788 finetune.py:68] layer 7_k @ epoch 1 new loss 0.0001498701167292893 old loss 0.00015118735609576106 BETTER
I0325 06:02:26.860312 421721 finetune.py:68] layer 6_k @ epoch 3 new loss 0.00010229313193121925 old loss 0.0001029342893161811 BETTER
I0325 06:02:47.239274 423717 finetune.py:45] layer 8_k initial loss 0.00021660761558450758
I0325 06:03:01.353083 422788 finetune.py:68] layer 7_k @ epoch 2 new loss 0.00014876550994813442 old loss 0.0001498701167292893 BETTER
I0325 06:03:02.121344 421721 finetune.py:68] layer 6_k @ epoch 4 new loss 0.00010173265764024109 old loss 0.00010229313193121925 BETTER
I0325 06:03:20.329222 423717 finetune.py:68] layer 8_k @ epoch 0 new loss 0.00021336920326575637 old loss 0.00021660761558450758 BETTER
I0325 06:03:24.476328 421721 finetune.py:45] layer 6_o initial loss 0.00026891581364907324
I0325 06:03:36.076670 422788 finetune.py:68] layer 7_k @ epoch 3 new loss 0.00014784019731450826 old loss 0.00014876550994813442 BETTER
I0325 06:03:55.328491 423717 finetune.py:68] layer 8_k @ epoch 1 new loss 0.00021155124704819173 old loss 0.00021336920326575637 BETTER
I0325 06:03:57.683100 421721 finetune.py:68] layer 6_o @ epoch 0 new loss 0.00024947774363681674 old loss 0.00026891581364907324 BETTER
I0325 06:04:10.766983 422788 finetune.py:68] layer 7_k @ epoch 4 new loss 0.0001470156421419233 old loss 0.00014784019731450826 BETTER
I0325 06:04:30.958956 423717 finetune.py:68] layer 8_k @ epoch 2 new loss 0.00021005018788855523 old loss 0.00021155124704819173 BETTER
I0325 06:04:33.056814 421721 finetune.py:68] layer 6_o @ epoch 1 new loss 0.00024348522129002959 old loss 0.00024947774363681674 BETTER
I0325 06:04:35.668534 422788 finetune.py:45] layer 7_o initial loss 0.000362224702257663
I0325 06:05:06.875692 423717 finetune.py:68] layer 8_k @ epoch 3 new loss 0.00020869819854851812 old loss 0.00021005018788855523 BETTER
I0325 06:05:09.058035 422788 finetune.py:68] layer 7_o @ epoch 0 new loss 0.000340372760547325 old loss 0.000362224702257663 BETTER
I0325 06:05:09.208888 421721 finetune.py:68] layer 6_o @ epoch 2 new loss 0.00024045442114584148 old loss 0.00024348522129002959 BETTER
I0325 06:05:43.217191 423717 finetune.py:68] layer 8_k @ epoch 4 new loss 0.00020753902208525687 old loss 0.00020869819854851812 BETTER
I0325 06:05:43.999540 422788 finetune.py:68] layer 7_o @ epoch 1 new loss 0.0003337700618430972 old loss 0.000340372760547325 BETTER
I0325 06:05:45.100668 421721 finetune.py:68] layer 6_o @ epoch 3 new loss 0.000238316337345168 old loss 0.00024045442114584148 BETTER
I0325 06:06:09.048986 423717 finetune.py:45] layer 8_o initial loss 0.0005117403925396502
I0325 06:06:18.581424 422788 finetune.py:68] layer 7_o @ epoch 2 new loss 0.00032998586539179087 old loss 0.0003337700618430972 BETTER
I0325 06:06:20.517307 421721 finetune.py:68] layer 6_o @ epoch 4 new loss 0.0002366242988500744 old loss 0.000238316337345168 BETTER
I0325 06:06:42.283273 423717 finetune.py:68] layer 8_o @ epoch 0 new loss 0.00048247218364849687 old loss 0.0005117403925396502 BETTER
I0325 06:06:54.238468 422788 finetune.py:68] layer 7_o @ epoch 3 new loss 0.0003271583409514278 old loss 0.00032998586539179087 BETTER
I0325 06:06:55.938980 421721 finetune.py:45] layer 6_up initial loss 0.00041481369407847524
I0325 06:07:14.501939 423717 finetune.py:68] layer 8_o @ epoch 1 new loss 0.00047334356349892914 old loss 0.00048247218364849687 BETTER
I0325 06:07:25.830929 421721 finetune.py:68] layer 6_up @ epoch 0 new loss 0.0004108857538085431 old loss 0.00041481369407847524 BETTER
I0325 06:07:26.279752 422788 finetune.py:68] layer 7_o @ epoch 4 new loss 0.00032481280504725873 old loss 0.0003271583409514278 BETTER
I0325 06:07:47.998020 423717 finetune.py:68] layer 8_o @ epoch 2 new loss 0.000468046753667295 old loss 0.00047334356349892914 BETTER
I0325 06:07:56.129336 422788 finetune.py:45] layer 7_up initial loss 0.0005673429113812745
I0325 06:07:59.088329 421721 finetune.py:68] layer 6_up @ epoch 1 new loss 0.0004084568645339459 old loss 0.0004108857538085431 BETTER
I0325 06:08:20.460129 423717 finetune.py:68] layer 8_o @ epoch 3 new loss 0.00046403249143622816 old loss 0.000468046753667295 BETTER
I0325 06:08:25.060408 422788 finetune.py:68] layer 7_up @ epoch 0 new loss 0.0005611781380139291 old loss 0.0005673429113812745 BETTER
I0325 06:08:30.808522 421721 finetune.py:68] layer 6_up @ epoch 2 new loss 0.0004064828681293875 old loss 0.0004084568645339459 BETTER
I0325 06:08:53.682747 423717 finetune.py:68] layer 8_o @ epoch 4 new loss 0.000460689450846985 old loss 0.00046403249143622816 BETTER
I0325 06:08:56.035417 422788 finetune.py:68] layer 7_up @ epoch 1 new loss 0.0005575254908762872 old loss 0.0005611781380139291 BETTER
I0325 06:09:02.510422 421721 finetune.py:68] layer 6_up @ epoch 3 new loss 0.0004047266556881368 old loss 0.0004064828681293875 BETTER
I0325 06:09:22.222623 423717 finetune.py:45] layer 8_up initial loss 0.0007486137328669429
I0325 06:09:27.398975 422788 finetune.py:68] layer 7_up @ epoch 2 new loss 0.0005545277963392437 old loss 0.0005575254908762872 BETTER
I0325 06:09:34.898364 421721 finetune.py:68] layer 6_up @ epoch 4 new loss 0.00040314573561772704 old loss 0.0004047266556881368 BETTER
I0325 06:09:53.513284 423717 finetune.py:68] layer 8_up @ epoch 0 new loss 0.0007403861964121461 old loss 0.0007486137328669429 BETTER
I0325 06:09:58.084623 422788 finetune.py:68] layer 7_up @ epoch 3 new loss 0.000551898090634495 old loss 0.0005545277963392437 BETTER
I0325 06:10:03.876703 421721 finetune.py:45] layer 6_gate initial loss 0.0005068018799647689
I0325 06:10:25.845238 423717 finetune.py:68] layer 8_up @ epoch 1 new loss 0.0007355633424594998 old loss 0.0007403861964121461 BETTER
I0325 06:10:30.842950 422788 finetune.py:68] layer 7_up @ epoch 4 new loss 0.0005495062796398997 old loss 0.000551898090634495 BETTER
I0325 06:10:33.597146 421721 finetune.py:68] layer 6_gate @ epoch 0 new loss 0.0005042096599936485 old loss 0.0005068018799647689 BETTER
I0325 06:10:57.444054 423717 finetune.py:68] layer 8_up @ epoch 2 new loss 0.0007315432303585112 old loss 0.0007355633424594998 BETTER
I0325 06:10:59.541739 422788 finetune.py:45] layer 7_gate initial loss 0.0006882481393404305
I0325 06:11:03.880041 421721 finetune.py:68] layer 6_gate @ epoch 1 new loss 0.0005022867117077112 old loss 0.0005042096599936485 BETTER
I0325 06:11:28.263784 422788 finetune.py:68] layer 7_gate @ epoch 0 new loss 0.0006843730807304382 old loss 0.0006882481393404305 BETTER
I0325 06:11:29.006787 423717 finetune.py:68] layer 8_up @ epoch 3 new loss 0.0007280068821273744 old loss 0.0007315432303585112 BETTER
I0325 06:11:34.263805 421721 finetune.py:68] layer 6_gate @ epoch 2 new loss 0.0005005975253880024 old loss 0.0005022867117077112 BETTER
I0325 06:11:57.955006 422788 finetune.py:68] layer 7_gate @ epoch 1 new loss 0.0006815373199060559 old loss 0.0006843730807304382 BETTER
I0325 06:12:00.999211 423717 finetune.py:68] layer 8_up @ epoch 4 new loss 0.0007247993489727378 old loss 0.0007280068821273744 BETTER
I0325 06:12:04.872152 421721 finetune.py:68] layer 6_gate @ epoch 3 new loss 0.0004990645102225244 old loss 0.0005005975253880024 BETTER
I0325 06:12:27.789367 422788 finetune.py:68] layer 7_gate @ epoch 2 new loss 0.0006790498737245798 old loss 0.0006815373199060559 BETTER
I0325 06:12:31.840853 423717 finetune.py:45] layer 8_gate initial loss 0.0009034828981384635
I0325 06:12:35.462584 421721 finetune.py:68] layer 6_gate @ epoch 4 new loss 0.0004976385971531272 old loss 0.0004990645102225244 BETTER
I0325 06:12:57.023967 422788 finetune.py:68] layer 7_gate @ epoch 3 new loss 0.0006768095190636814 old loss 0.0006790498737245798 BETTER
I0325 06:13:00.589901 423717 finetune.py:68] layer 8_gate @ epoch 0 new loss 0.0008983148145489395 old loss 0.0009034828981384635 BETTER
I0325 06:13:22.353366 421721 finetune.py:45] layer 6_down initial loss 0.0007645418518222868
I0325 06:13:28.846660 422788 finetune.py:68] layer 7_gate @ epoch 4 new loss 0.0006747665465809405 old loss 0.0006768095190636814 BETTER
I0325 06:13:31.575371 423717 finetune.py:68] layer 8_gate @ epoch 1 new loss 0.0008946052985265851 old loss 0.0008983148145489395 BETTER
I0325 06:13:49.781067 421721 finetune.py:68] layer 6_down @ epoch 0 new loss 0.000764150929171592 old loss 0.0007645418518222868 BETTER
I0325 06:14:00.634923 423717 finetune.py:68] layer 8_gate @ epoch 2 new loss 0.0008914546924643219 old loss 0.0008946052985265851 BETTER
I0325 06:14:15.750178 422788 finetune.py:45] layer 7_down initial loss 0.0010286339092999697
I0325 06:14:19.571874 421721 finetune.py:68] layer 6_down @ epoch 1 new loss 0.0007638147217221558 old loss 0.000764150929171592 BETTER
I0325 06:14:32.616993 423717 finetune.py:68] layer 8_gate @ epoch 3 new loss 0.0008886134601198137 old loss 0.0008914546924643219 BETTER
I0325 06:14:43.260863 422788 finetune.py:68] layer 7_down @ epoch 0 new loss 0.001028155442327261 old loss 0.0010286339092999697 BETTER
I0325 06:14:48.503316 421721 finetune.py:68] layer 6_down @ epoch 2 new loss 0.0007635238580405712 old loss 0.0007638147217221558 BETTER
I0325 06:15:03.884606 423717 finetune.py:68] layer 8_gate @ epoch 4 new loss 0.0008860139641910791 old loss 0.0008886134601198137 BETTER
I0325 06:15:11.568140 422788 finetune.py:68] layer 7_down @ epoch 1 new loss 0.0010277444962412119 old loss 0.001028155442327261 BETTER
I0325 06:15:17.900303 421721 finetune.py:68] layer 6_down @ epoch 3 new loss 0.0007632719352841377 old loss 0.0007635238580405712 BETTER
I0325 06:15:39.666690 422788 finetune.py:68] layer 7_down @ epoch 2 new loss 0.0010273815132677555 old loss 0.0010277444962412119 BETTER
I0325 06:15:46.908139 421721 finetune.py:68] layer 6_down @ epoch 4 new loss 0.0007630508625879884 old loss 0.0007632719352841377 BETTER
6_v proxy err 0.05348064750432968 tr(WHW.T) 3211.84423828125
bpp_loss 1.9445325932756532
6_q proxy err 0.0036180117167532444 tr(WHW.T) 54859.24609375
bpp_loss 2.6026145307405386
6_k proxy err 0.0026422881055623293 tr(WHW.T) 75366.3359375
bpp_loss 2.6281833990942687
6_o proxy err 0.05558721721172333 tr(WHW.T) 4099.2001953125
bpp_loss 1.9443126614787616
6_up proxy err 0.04240104928612709 tr(WHW.T) 18098.283203125
bpp_loss 2.186181602176539
6_gate proxy err 0.01748090423643589 tr(WHW.T) 45460.5703125
bpp_loss 2.347283297759849
6_down proxy err 0.051016148179769516 tr(WHW.T) 15813.5068359375
bpp_loss 2.180078201559047
I0325 06:15:52.394840 423717 finetune.py:45] layer 8_down initial loss 0.0013103513047099113
I0325 06:16:07.824823 422788 finetune.py:68] layer 7_down @ epoch 3 new loss 0.0010270680068060756 old loss 0.0010273815132677555 BETTER
I0325 06:16:19.633665 423717 finetune.py:68] layer 8_down @ epoch 0 new loss 0.0013098021736368537 old loss 0.0013103513047099113 BETTER
I0325 06:16:34.851969 422788 finetune.py:68] layer 7_down @ epoch 4 new loss 0.0010267914040014148 old loss 0.0010270680068060756 BETTER
7_v proxy err 0.053510550409555435 tr(WHW.T) 3282.554443359375
bpp_loss 1.952596817893209
7_q proxy err 0.003929505590349436 tr(WHW.T) 51450.12890625
bpp_loss 2.5953003637841903
7_k proxy err 0.0029595252126455307 tr(WHW.T) 68389.203125
bpp_loss 2.605991511751199
7_o proxy err 0.0601634755730629 tr(WHW.T) 3591.654296875
bpp_loss 1.947143337369198
7_up proxy err 0.04120596870779991 tr(WHW.T) 18340.302734375
bpp_loss 2.188449558087213
7_gate proxy err 0.016759468242526054 tr(WHW.T) 46624.78125
bpp_loss 2.3444420602172613
7_down proxy err 0.05098632350564003 tr(WHW.T) 15579.287109375
bpp_loss 2.1823602804892457
I0325 06:16:46.883579 423717 finetune.py:68] layer 8_down @ epoch 1 new loss 0.0013093275483697653 old loss 0.0013098021736368537 BETTER
I0325 06:17:14.255383 423717 finetune.py:68] layer 8_down @ epoch 2 new loss 0.0013089139247313142 old loss 0.0013093275483697653 BETTER
I0325 06:17:41.751450 423717 finetune.py:68] layer 8_down @ epoch 3 new loss 0.0013085505925118923 old loss 0.0013089139247313142 BETTER
I0325 06:17:42.801924 382969 quantize_finetune_llama.py:240] computed original embedding for layer 9 in 63.3048300743103s
I0325 06:17:46.315569 440193 config.py:54] PyTorch version 2.6.0 available.
W0325 06:17:46.615152 440193 warnings.py:109] /opt/conda/lib/python3.10/site-packages/torchvision/io/image.py:13: UserWarning: Failed to load image Python extension: '/opt/conda/lib/python3.10/site-packages/torchvision/image.so: undefined symbol: _ZN3c1017RegisterOperatorsD1Ev'If you don't plan on using image functionality from `torchvision.io`, you can ignore this warning. Otherwise, there might be something wrong with your environment. Did you have `libjpeg` or `libpng` installed before building `torchvision` from source?
  warn(

W0325 06:17:47.594527 440193 warnings.py:109] /opt/conda/lib/python3.10/site-packages/compressai/models/video/google.py:353: FutureWarning: `torch.cuda.amp.autocast(args...)` is deprecated. Please use `torch.amp.autocast('cuda', args...)` instead.
  @amp.autocast(enabled=False)

I0325 06:17:47.598686 382969 quantize_finetune_llama.py:209] layer 10 gpu 1
I0325 06:17:47.618024 440193 data_utils.py:336] using 256 training seqs, 128 validation seqs
The attention layers in this model are transitioning from computing the RoPE embeddings internally through `position_ids` (2D tensor with the indexes of the tokens), to using externally computed `position_embeddings` (Tuple of tensors, containing cos and sin). In v4.46 `position_ids` will be removed and `position_embeddings` will be mandatory.
I0325 06:18:05.574447 440193 finetune.py:45] layer 9_v initial loss 0.00044017290929332376
W0325 06:18:05.574719 440193 warnings.py:109] /workspace/Weight_compression/comp_lm_qtip/lib/algo/finetune.py:46: FutureWarning: `torch.cuda.amp.GradScaler(args...)` is deprecated. Please use `torch.amp.GradScaler('cuda', args...)` instead.
  scaler = torch.cuda.amp.GradScaler(enabled=(orig_dtype==torch.float16))

I0325 06:18:09.118476 423717 finetune.py:68] layer 8_down @ epoch 4 new loss 0.0013082303339615464 old loss 0.0013085505925118923 BETTER
8_v proxy err 0.04844759777188301 tr(WHW.T) 3503.97314453125
bpp_loss 1.9785881774732843
8_q proxy err 0.0040798974223434925 tr(WHW.T) 47731.87109375
bpp_loss 2.6113809176022187
8_k proxy err 0.002777381334453821 tr(WHW.T) 70261.6484375
bpp_loss 2.6288436037721112
8_o proxy err 0.06564352661371231 tr(WHW.T) 3182.5556640625
bpp_loss 1.9730880686547607
8_up proxy err 0.03771776705980301 tr(WHW.T) 19950.654296875
bpp_loss 2.202708907858577
8_gate proxy err 0.017053768038749695 tr(WHW.T) 45259.375
bpp_loss 2.324154952021186
8_down proxy err 0.050535909831523895 tr(WHW.T) 15658.869140625
bpp_loss 2.1931527881384936
I0325 06:18:38.406699 440193 finetune.py:68] layer 9_v @ epoch 0 new loss 0.0002678004384506494 old loss 0.00044017290929332376 BETTER
I0325 06:19:12.799721 440193 finetune.py:68] layer 9_v @ epoch 1 new loss 0.00024233065778389573 old loss 0.0002678004384506494 BETTER
I0325 06:19:14.620042 382969 quantize_finetune_llama.py:240] computed original embedding for layer 10 in 60.55653429031372s
I0325 06:19:18.010860 441385 config.py:54] PyTorch version 2.6.0 available.
W0325 06:19:18.307525 441385 warnings.py:109] /opt/conda/lib/python3.10/site-packages/torchvision/io/image.py:13: UserWarning: Failed to load image Python extension: '/opt/conda/lib/python3.10/site-packages/torchvision/image.so: undefined symbol: _ZN3c1017RegisterOperatorsD1Ev'If you don't plan on using image functionality from `torchvision.io`, you can ignore this warning. Otherwise, there might be something wrong with your environment. Did you have `libjpeg` or `libpng` installed before building `torchvision` from source?
  warn(

W0325 06:19:19.223975 441385 warnings.py:109] /opt/conda/lib/python3.10/site-packages/compressai/models/video/google.py:353: FutureWarning: `torch.cuda.amp.autocast(args...)` is deprecated. Please use `torch.amp.autocast('cuda', args...)` instead.
  @amp.autocast(enabled=False)

I0325 06:19:19.227745 382969 quantize_finetune_llama.py:209] layer 11 gpu 2
I0325 06:19:19.240657 441385 data_utils.py:336] using 256 training seqs, 128 validation seqs
The attention layers in this model are transitioning from computing the RoPE embeddings internally through `position_ids` (2D tensor with the indexes of the tokens), to using externally computed `position_embeddings` (Tuple of tensors, containing cos and sin). In v4.46 `position_ids` will be removed and `position_embeddings` will be mandatory.
I0325 06:19:36.920700 441385 finetune.py:45] layer 10_v initial loss 0.0005591209046542645
W0325 06:19:36.921004 441385 warnings.py:109] /workspace/Weight_compression/comp_lm_qtip/lib/algo/finetune.py:46: FutureWarning: `torch.cuda.amp.GradScaler(args...)` is deprecated. Please use `torch.amp.GradScaler('cuda', args...)` instead.
  scaler = torch.cuda.amp.GradScaler(enabled=(orig_dtype==torch.float16))

I0325 06:19:47.582648 440193 finetune.py:68] layer 9_v @ epoch 2 new loss 0.00023301001056097448 old loss 0.00024233065778389573 BETTER
I0325 06:20:08.195974 441385 finetune.py:68] layer 10_v @ epoch 0 new loss 0.00038051215233281255 old loss 0.0005591209046542645 BETTER
I0325 06:20:22.711741 382969 quantize_finetune_llama.py:240] computed original embedding for layer 11 in 63.01014256477356s
I0325 06:20:22.826569 440193 finetune.py:68] layer 9_v @ epoch 3 new loss 0.00022741731663700193 old loss 0.00023301001056097448 BETTER
I0325 06:20:26.294120 442257 config.py:54] PyTorch version 2.6.0 available.
W0325 06:20:26.617271 442257 warnings.py:109] /opt/conda/lib/python3.10/site-packages/torchvision/io/image.py:13: UserWarning: Failed to load image Python extension: '/opt/conda/lib/python3.10/site-packages/torchvision/image.so: undefined symbol: _ZN3c1017RegisterOperatorsD1Ev'If you don't plan on using image functionality from `torchvision.io`, you can ignore this warning. Otherwise, there might be something wrong with your environment. Did you have `libjpeg` or `libpng` installed before building `torchvision` from source?
  warn(

W0325 06:20:27.570725 442257 warnings.py:109] /opt/conda/lib/python3.10/site-packages/compressai/models/video/google.py:353: FutureWarning: `torch.cuda.amp.autocast(args...)` is deprecated. Please use `torch.amp.autocast('cuda', args...)` instead.
  @amp.autocast(enabled=False)

I0325 06:20:27.574800 382969 quantize_finetune_llama.py:209] layer 12 gpu 0
I0325 06:20:27.587899 442257 data_utils.py:336] using 256 training seqs, 128 validation seqs
I0325 06:20:41.604453 441385 finetune.py:68] layer 10_v @ epoch 1 new loss 0.0003511651884764433 old loss 0.00038051215233281255 BETTER
The attention layers in this model are transitioning from computing the RoPE embeddings internally through `position_ids` (2D tensor with the indexes of the tokens), to using externally computed `position_embeddings` (Tuple of tensors, containing cos and sin). In v4.46 `position_ids` will be removed and `position_embeddings` will be mandatory.
I0325 06:20:49.275089 442257 finetune.py:45] layer 11_v initial loss 0.0005953592481091619
W0325 06:20:49.275376 442257 warnings.py:109] /workspace/Weight_compression/comp_lm_qtip/lib/algo/finetune.py:46: FutureWarning: `torch.cuda.amp.GradScaler(args...)` is deprecated. Please use `torch.amp.GradScaler('cuda', args...)` instead.
  scaler = torch.cuda.amp.GradScaler(enabled=(orig_dtype==torch.float16))

I0325 06:20:58.589699 440193 finetune.py:68] layer 9_v @ epoch 4 new loss 0.0002233736595371738 old loss 0.00022741731663700193 BETTER
I0325 06:21:14.796496 441385 finetune.py:68] layer 10_v @ epoch 2 new loss 0.00033784666447900236 old loss 0.0003511651884764433 BETTER
I0325 06:21:20.947607 440193 finetune.py:45] layer 9_q initial loss 0.0002670058165676892
I0325 06:21:23.199533 442257 finetune.py:68] layer 11_v @ epoch 0 new loss 0.00039067131001502275 old loss 0.0005953592481091619 BETTER
I0325 06:21:48.049583 441385 finetune.py:68] layer 10_v @ epoch 3 new loss 0.00032912136521190405 old loss 0.00033784666447900236 BETTER
I0325 06:21:56.038363 440193 finetune.py:68] layer 9_q @ epoch 0 new loss 0.00025903337518684566 old loss 0.0002670058165676892 BETTER
I0325 06:21:57.928493 442257 finetune.py:68] layer 11_v @ epoch 1 new loss 0.00035808217944577336 old loss 0.00039067131001502275 BETTER
I0325 06:22:22.159549 441385 finetune.py:68] layer 10_v @ epoch 4 new loss 0.00032265749177895486 old loss 0.00032912136521190405 BETTER
I0325 06:22:31.488039 440193 finetune.py:68] layer 9_q @ epoch 1 new loss 0.00025498142349533737 old loss 0.00025903337518684566 BETTER
I0325 06:22:32.146432 442257 finetune.py:68] layer 11_v @ epoch 2 new loss 0.00034397109993733466 old loss 0.00035808217944577336 BETTER
I0325 06:22:42.729384 441385 finetune.py:45] layer 10_q initial loss 0.0003742164117284119
I0325 06:23:07.001258 442257 finetune.py:68] layer 11_v @ epoch 3 new loss 0.00033505784813314676 old loss 0.00034397109993733466 BETTER
I0325 06:23:07.140085 440193 finetune.py:68] layer 9_q @ epoch 2 new loss 0.0002517280518077314 old loss 0.00025498142349533737 BETTER
I0325 06:23:14.725966 441385 finetune.py:68] layer 10_q @ epoch 0 new loss 0.0003628260164987296 old loss 0.0003742164117284119 BETTER
I0325 06:23:40.857923 442257 finetune.py:68] layer 11_v @ epoch 4 new loss 0.0003286823339294642 old loss 0.00033505784813314676 BETTER
I0325 06:23:41.939413 440193 finetune.py:68] layer 9_q @ epoch 3 new loss 0.00024900215794332325 old loss 0.0002517280518077314 BETTER
I0325 06:23:47.257592 441385 finetune.py:68] layer 10_q @ epoch 1 new loss 0.0003567805397324264 old loss 0.0003628260164987296 BETTER
I0325 06:24:03.121315 442257 finetune.py:45] layer 11_q initial loss 0.0003868404892273247
I0325 06:24:17.637477 440193 finetune.py:68] layer 9_q @ epoch 4 new loss 0.0002465516154188663 old loss 0.00024900215794332325 BETTER
I0325 06:24:20.563222 441385 finetune.py:68] layer 10_q @ epoch 2 new loss 0.0003518015437293798 old loss 0.0003567805397324264 BETTER
I0325 06:24:36.653416 442257 finetune.py:68] layer 11_q @ epoch 0 new loss 0.00037583374069072306 old loss 0.0003868404892273247 BETTER
I0325 06:24:39.756167 440193 finetune.py:45] layer 9_k initial loss 0.00028082088101655245
I0325 06:24:53.333836 441385 finetune.py:68] layer 10_q @ epoch 3 new loss 0.00034755567321553826 old loss 0.0003518015437293798 BETTER
I0325 06:25:11.464566 442257 finetune.py:68] layer 11_q @ epoch 1 new loss 0.0003699557564686984 old loss 0.00037583374069072306 BETTER
I0325 06:25:13.858247 440193 finetune.py:68] layer 9_k @ epoch 0 new loss 0.00027561397291719913 old loss 0.00028082088101655245 BETTER
I0325 06:25:25.943725 441385 finetune.py:68] layer 10_q @ epoch 4 new loss 0.00034381268778815866 old loss 0.00034755567321553826 BETTER
I0325 06:25:46.359942 442257 finetune.py:68] layer 11_q @ epoch 2 new loss 0.00036531026125885546 old loss 0.0003699557564686984 BETTER
I0325 06:25:48.014573 441385 finetune.py:45] layer 10_k initial loss 0.0003836420364677906
I0325 06:25:49.643637 440193 finetune.py:68] layer 9_k @ epoch 1 new loss 0.000273295387160033 old loss 0.00027561397291719913 BETTER
I0325 06:26:20.731925 441385 finetune.py:68] layer 10_k @ epoch 0 new loss 0.00037711317418143153 old loss 0.0003836420364677906 BETTER
I0325 06:26:21.855574 442257 finetune.py:68] layer 11_q @ epoch 3 new loss 0.0003612928558140993 old loss 0.00036531026125885546 BETTER
I0325 06:26:24.563397 440193 finetune.py:68] layer 9_k @ epoch 2 new loss 0.0002713046851567924 old loss 0.000273295387160033 BETTER
I0325 06:26:54.668774 441385 finetune.py:68] layer 10_k @ epoch 1 new loss 0.00037350505590438843 old loss 0.00037711317418143153 BETTER
I0325 06:26:57.062193 442257 finetune.py:68] layer 11_q @ epoch 4 new loss 0.00035785295767709613 old loss 0.0003612928558140993 BETTER
I0325 06:26:59.405498 440193 finetune.py:68] layer 9_k @ epoch 3 new loss 0.0002695320581551641 old loss 0.0002713046851567924 BETTER
I0325 06:27:19.464011 442257 finetune.py:45] layer 11_k initial loss 0.0004059701750520617
I0325 06:27:28.138701 441385 finetune.py:68] layer 10_k @ epoch 2 new loss 0.0003704159171320498 old loss 0.00037350505590438843 BETTER
I0325 06:27:33.970675 440193 finetune.py:68] layer 9_k @ epoch 4 new loss 0.00026796484598889947 old loss 0.0002695320581551641 BETTER
I0325 06:27:52.915682 442257 finetune.py:68] layer 11_k @ epoch 0 new loss 0.00039875725633464754 old loss 0.0004059701750520617 BETTER
I0325 06:27:56.087235 440193 finetune.py:45] layer 9_o initial loss 0.000647274311631918
I0325 06:28:00.540913 441385 finetune.py:68] layer 10_k @ epoch 3 new loss 0.00036766170524060726 old loss 0.0003704159171320498 BETTER
I0325 06:28:27.705891 442257 finetune.py:68] layer 11_k @ epoch 1 new loss 0.0003952023689635098 old loss 0.00039875725633464754 BETTER
I0325 06:28:29.095009 440193 finetune.py:68] layer 9_o @ epoch 0 new loss 0.0006201526266522706 old loss 0.000647274311631918 BETTER
I0325 06:28:33.681398 441385 finetune.py:68] layer 10_k @ epoch 4 new loss 0.0003651592996902764 old loss 0.00036766170524060726 BETTER
I0325 06:28:55.162457 441385 finetune.py:45] layer 10_o initial loss 0.0008638714789412916
I0325 06:29:02.821028 442257 finetune.py:68] layer 11_k @ epoch 2 new loss 0.0003922698087990284 old loss 0.0003952023689635098 BETTER
I0325 06:29:04.095237 440193 finetune.py:68] layer 9_o @ epoch 1 new loss 0.0006115264841355383 old loss 0.0006201526266522706 BETTER
I0325 06:29:26.598970 441385 finetune.py:68] layer 10_o @ epoch 0 new loss 0.0008340621134266257 old loss 0.0008638714789412916 BETTER
I0325 06:29:36.429435 442257 finetune.py:68] layer 11_k @ epoch 3 new loss 0.0003897004935424775 old loss 0.0003922698087990284 BETTER
I0325 06:29:38.317464 440193 finetune.py:68] layer 9_o @ epoch 2 new loss 0.0006059394800104201 old loss 0.0006115264841355383 BETTER
I0325 06:29:59.020866 441385 finetune.py:68] layer 10_o @ epoch 1 new loss 0.0008234887500293553 old loss 0.0008340621134266257 BETTER
I0325 06:30:11.349554 442257 finetune.py:68] layer 11_k @ epoch 4 new loss 0.00038736488204449415 old loss 0.0003897004935424775 BETTER
I0325 06:30:13.284500 440193 finetune.py:68] layer 9_o @ epoch 3 new loss 0.0006013893871568143 old loss 0.0006059394800104201 BETTER
I0325 06:30:31.536786 441385 finetune.py:68] layer 10_o @ epoch 2 new loss 0.0008158658747561276 old loss 0.0008234887500293553 BETTER
I0325 06:30:34.212195 442257 finetune.py:45] layer 11_o initial loss 0.0009024239843711257
I0325 06:30:47.529310 440193 finetune.py:68] layer 9_o @ epoch 4 new loss 0.0005974819650873542 old loss 0.0006013893871568143 BETTER
I0325 06:31:04.539859 441385 finetune.py:68] layer 10_o @ epoch 3 new loss 0.0008094626246020198 old loss 0.0008158658747561276 BETTER
I0325 06:31:06.838975 442257 finetune.py:68] layer 11_o @ epoch 0 new loss 0.0008704958599992096 old loss 0.0009024239843711257 BETTER
I0325 06:31:18.329747 440193 finetune.py:45] layer 9_up initial loss 0.0009305174462497234
I0325 06:31:37.106247 441385 finetune.py:68] layer 10_o @ epoch 4 new loss 0.0008039133390411735 old loss 0.0008094626246020198 BETTER
I0325 06:31:40.392378 442257 finetune.py:68] layer 11_o @ epoch 1 new loss 0.0008600587025284767 old loss 0.0008704958599992096 BETTER
I0325 06:31:48.874739 440193 finetune.py:68] layer 9_up @ epoch 0 new loss 0.0009215503232553601 old loss 0.0009305174462497234 BETTER
I0325 06:32:06.537606 441385 finetune.py:45] layer 10_up initial loss 0.0011823917739093304
I0325 06:32:13.257010 442257 finetune.py:68] layer 11_o @ epoch 2 new loss 0.0008526677847839892 old loss 0.0008600587025284767 BETTER
I0325 06:32:21.164322 440193 finetune.py:68] layer 9_up @ epoch 1 new loss 0.0009160966728813946 old loss 0.0009215503232553601 BETTER
I0325 06:32:35.957202 441385 finetune.py:68] layer 10_up @ epoch 0 new loss 0.0011707652593031526 old loss 0.0011823917739093304 BETTER
I0325 06:32:47.204235 442257 finetune.py:68] layer 11_o @ epoch 3 new loss 0.0008465146529488266 old loss 0.0008526677847839892 BETTER
I0325 06:32:53.039191 440193 finetune.py:68] layer 9_up @ epoch 2 new loss 0.0009113632841035724 old loss 0.0009160966728813946 BETTER
I0325 06:33:06.363521 441385 finetune.py:68] layer 10_up @ epoch 1 new loss 0.0011636510025709867 old loss 0.0011707652593031526 BETTER
I0325 06:33:21.278185 442257 finetune.py:68] layer 11_o @ epoch 4 new loss 0.0008412629249505699 old loss 0.0008465146529488266 BETTER
I0325 06:33:25.277197 440193 finetune.py:68] layer 9_up @ epoch 3 new loss 0.0009071287349797785 old loss 0.0009113632841035724 BETTER
I0325 06:33:36.329626 441385 finetune.py:68] layer 10_up @ epoch 2 new loss 0.0011574660893529654 old loss 0.0011636510025709867 BETTER
I0325 06:33:50.818713 442257 finetune.py:45] layer 11_up initial loss 0.0012787128798663616
I0325 06:33:57.444878 440193 finetune.py:68] layer 9_up @ epoch 4 new loss 0.0009032907546497881 old loss 0.0009071287349797785 BETTER
I0325 06:34:06.726767 441385 finetune.py:68] layer 10_up @ epoch 3 new loss 0.0011519783874973655 old loss 0.0011574660893529654 BETTER
I0325 06:34:21.164720 442257 finetune.py:68] layer 11_up @ epoch 0 new loss 0.0012664644746109843 old loss 0.0012787128798663616 BETTER
I0325 06:34:27.568595 440193 finetune.py:45] layer 9_gate initial loss 0.001117622246965766
I0325 06:34:37.717804 441385 finetune.py:68] layer 10_up @ epoch 4 new loss 0.0011469044256955385 old loss 0.0011519783874973655 BETTER
I0325 06:34:53.022690 442257 finetune.py:68] layer 11_up @ epoch 1 new loss 0.0012589712860062718 old loss 0.0012664644746109843 BETTER
I0325 06:34:57.068628 440193 finetune.py:68] layer 9_gate @ epoch 0 new loss 0.0011120012495666742 old loss 0.001117622246965766 BETTER
I0325 06:35:07.226631 441385 finetune.py:45] layer 10_gate initial loss 0.0014021170791238546
I0325 06:35:25.133981 442257 finetune.py:68] layer 11_up @ epoch 2 new loss 0.0012526552891358733 old loss 0.0012589712860062718 BETTER
I0325 06:35:27.859036 440193 finetune.py:68] layer 9_gate @ epoch 1 new loss 0.0011078320676460862 old loss 0.0011120012495666742 BETTER
I0325 06:35:34.990192 441385 finetune.py:68] layer 10_gate @ epoch 0 new loss 0.0013948269188404083 old loss 0.0014021170791238546 BETTER
I0325 06:35:58.803495 442257 finetune.py:68] layer 11_up @ epoch 3 new loss 0.001246999017894268 old loss 0.0012526552891358733 BETTER
I0325 06:35:59.877843 440193 finetune.py:68] layer 9_gate @ epoch 2 new loss 0.0011041677789762616 old loss 0.0011078320676460862 BETTER
I0325 06:36:04.048613 441385 finetune.py:68] layer 10_gate @ epoch 1 new loss 0.0013896371237933636 old loss 0.0013948269188404083 BETTER
I0325 06:36:31.193419 440193 finetune.py:68] layer 9_gate @ epoch 3 new loss 0.0011008426081389189 old loss 0.0011041677789762616 BETTER
I0325 06:36:31.341787 442257 finetune.py:68] layer 11_up @ epoch 4 new loss 0.0012417706893756986 old loss 0.001246999017894268 BETTER
I0325 06:36:33.155019 441385 finetune.py:68] layer 10_gate @ epoch 2 new loss 0.00138510437682271 old loss 0.0013896371237933636 BETTER
I0325 06:37:01.102483 442257 finetune.py:45] layer 11_gate initial loss 0.0015384694561362267
I0325 06:37:02.367579 440193 finetune.py:68] layer 9_gate @ epoch 4 new loss 0.0010977828642353415 old loss 0.0011008426081389189 BETTER
I0325 06:37:02.511728 441385 finetune.py:68] layer 10_gate @ epoch 3 new loss 0.001380899571813643 old loss 0.00138510437682271 BETTER
I0325 06:37:29.677953 442257 finetune.py:68] layer 11_gate @ epoch 0 new loss 0.0015306303976103663 old loss 0.0015384694561362267 BETTER
I0325 06:37:31.210015 441385 finetune.py:68] layer 10_gate @ epoch 4 new loss 0.001377017586492002 old loss 0.001380899571813643 BETTER
I0325 06:37:48.005530 440193 finetune.py:45] layer 9_down initial loss 0.001592836924828589
I0325 06:37:59.307612 442257 finetune.py:68] layer 11_gate @ epoch 1 new loss 0.0015250702854245901 old loss 0.0015306303976103663 BETTER
I0325 06:38:15.109925 440193 finetune.py:68] layer 9_down @ epoch 0 new loss 0.0015922579914331436 old loss 0.001592836924828589 BETTER
I0325 06:38:17.673055 441385 finetune.py:45] layer 10_down initial loss 0.0019450142281129956
I0325 06:38:29.556078 442257 finetune.py:68] layer 11_gate @ epoch 2 new loss 0.0015201742062345147 old loss 0.0015250702854245901 BETTER
I0325 06:38:44.047752 441385 finetune.py:68] layer 10_down @ epoch 0 new loss 0.0019443414639681578 old loss 0.0019450142281129956 BETTER
I0325 06:38:44.182756 440193 finetune.py:68] layer 9_down @ epoch 1 new loss 0.0015917528653517365 old loss 0.0015922579914331436 BETTER
I0325 06:38:59.582582 442257 finetune.py:68] layer 11_gate @ epoch 3 new loss 0.0015156874433159828 old loss 0.0015201742062345147 BETTER
I0325 06:39:11.897858 441385 finetune.py:68] layer 10_down @ epoch 1 new loss 0.0019437598530203104 old loss 0.0019443414639681578 BETTER
I0325 06:39:13.627563 440193 finetune.py:68] layer 9_down @ epoch 2 new loss 0.0015913101378828287 old loss 0.0015917528653517365 BETTER
I0325 06:39:29.643148 442257 finetune.py:68] layer 11_gate @ epoch 4 new loss 0.001511553069576621 old loss 0.0015156874433159828 BETTER
I0325 06:39:39.096175 441385 finetune.py:68] layer 10_down @ epoch 2 new loss 0.0019432506524026394 old loss 0.0019437598530203104 BETTER
I0325 06:39:42.441776 440193 finetune.py:68] layer 9_down @ epoch 3 new loss 0.0015909288777038455 old loss 0.0015913101378828287 BETTER
I0325 06:40:06.314023 441385 finetune.py:68] layer 10_down @ epoch 3 new loss 0.0019428067607805133 old loss 0.0019432506524026394 BETTER
I0325 06:40:11.393020 440193 finetune.py:68] layer 9_down @ epoch 4 new loss 0.0015905952313914895 old loss 0.0015909288777038455 BETTER
9_v proxy err 0.048804350197315216 tr(WHW.T) 3711.38134765625
bpp_loss 1.9947041092382278
9_q proxy err 0.004544140305370092 tr(WHW.T) 45828.23046875
bpp_loss 2.637163429928478
9_k proxy err 0.0028956562746316195 tr(WHW.T) 72253.46875
bpp_loss 2.6723781392502133
9_o proxy err 0.06755511462688446 tr(WHW.T) 3224.6259765625
bpp_loss 1.9903826804074924
9_up proxy err 0.03649140149354935 tr(WHW.T) 20702.41015625
bpp_loss 2.2100331866030776
9_gate proxy err 0.017025727778673172 tr(WHW.T) 45298.28515625
bpp_loss 2.310742251011868
9_down proxy err 0.051222071051597595 tr(WHW.T) 15630.583984375
bpp_loss 2.200191050887021
I0325 06:40:16.745706 442257 finetune.py:45] layer 11_down initial loss 0.0021497851703315973
I0325 06:40:34.074088 441385 finetune.py:68] layer 10_down @ epoch 4 new loss 0.0019424182828515768 old loss 0.0019428067607805133 BETTER
10_v proxy err 0.04948342218995094 tr(WHW.T) 3685.848388671875
bpp_loss 1.9883701242797542
10_q proxy err 0.004752065055072308 tr(WHW.T) 44087.68359375
bpp_loss 2.626957299449714
10_k proxy err 0.0030052289366722107 tr(WHW.T) 70116.796875
bpp_loss 2.666591255227104
10_o proxy err 0.06782151758670807 tr(WHW.T) 3125.811279296875
bpp_loss 1.9890267650480382
10_up proxy err 0.034400079399347305 tr(WHW.T) 21985.375
bpp_loss 2.222176517251619
10_gate proxy err 0.01671845279633999 tr(WHW.T) 45987.78125
bpp_loss 2.3032465127924846
10_down proxy err 0.048110898584127426 tr(WHW.T) 16425.181640625
bpp_loss 2.208313406640014
I0325 06:40:43.673178 442257 finetune.py:68] layer 11_down @ epoch 0 new loss 0.002148966770619154 old loss 0.0021497851703315973 BETTER
I0325 06:41:10.970449 442257 finetune.py:68] layer 11_down @ epoch 1 new loss 0.0021482561714947224 old loss 0.002148966770619154 BETTER
I0325 06:41:38.331097 442257 finetune.py:68] layer 11_down @ epoch 2 new loss 0.0021476324182003736 old loss 0.0021482561714947224 BETTER
I0325 06:41:42.985808 382969 quantize_finetune_llama.py:240] computed original embedding for layer 12 in 64.29645299911499s
I0325 06:41:46.478063 458230 config.py:54] PyTorch version 2.6.0 available.
W0325 06:41:46.809207 458230 warnings.py:109] /opt/conda/lib/python3.10/site-packages/torchvision/io/image.py:13: UserWarning: Failed to load image Python extension: '/opt/conda/lib/python3.10/site-packages/torchvision/image.so: undefined symbol: _ZN3c1017RegisterOperatorsD1Ev'If you don't plan on using image functionality from `torchvision.io`, you can ignore this warning. Otherwise, there might be something wrong with your environment. Did you have `libjpeg` or `libpng` installed before building `torchvision` from source?
  warn(

W0325 06:41:47.805294 458230 warnings.py:109] /opt/conda/lib/python3.10/site-packages/compressai/models/video/google.py:353: FutureWarning: `torch.cuda.amp.autocast(args...)` is deprecated. Please use `torch.amp.autocast('cuda', args...)` instead.
  @amp.autocast(enabled=False)

I0325 06:41:47.809671 382969 quantize_finetune_llama.py:209] layer 13 gpu 1
I0325 06:41:47.823412 458230 data_utils.py:336] using 256 training seqs, 128 validation seqs
