I0326 04:32:29.614379 1371104 finetune.py:45] layer 25_v initial loss 4.397788143251091e-05
W0326 04:32:29.614667 1371104 warnings.py:109] /workspace/Weight_compression/comp_lm_qtip/lib/algo/finetune.py:46: FutureWarning: `torch.cuda.amp.GradScaler(args...)` is deprecated. Please use `torch.amp.GradScaler('cuda', args...)` instead.
  scaler = torch.cuda.amp.GradScaler(enabled=(orig_dtype==torch.float16))

I0326 04:32:38.282565 1370522 finetune.py:68] layer 24_v @ epoch 1 new loss 1.9874481949955225e-05 old loss 2.1269102944643237e-05 BETTER
I0326 04:33:03.195019 1371104 finetune.py:68] layer 25_v @ epoch 0 new loss 2.5336365069961175e-05 old loss 4.397788143251091e-05 BETTER
I0326 04:33:15.763114 1370522 finetune.py:68] layer 24_v @ epoch 2 new loss 1.915763641591184e-05 old loss 1.9874481949955225e-05 BETTER
I0326 04:33:37.740215 1371104 finetune.py:68] layer 25_v @ epoch 1 new loss 2.365673572057858e-05 old loss 2.5336365069961175e-05 BETTER
I0326 04:33:52.774627 1370522 finetune.py:68] layer 24_v @ epoch 3 new loss 1.8723496395978145e-05 old loss 1.915763641591184e-05 BETTER
I0326 04:34:12.469564 1371104 finetune.py:68] layer 25_v @ epoch 2 new loss 2.275611950608436e-05 old loss 2.365673572057858e-05 BETTER
I0326 04:34:29.782207 1370522 finetune.py:68] layer 24_v @ epoch 4 new loss 1.8371594705968164e-05 old loss 1.8723496395978145e-05 BETTER
I0326 04:34:39.550671 1370522 finetune.py:45] layer 24_q initial loss 2.4284734536195174e-05
I0326 04:34:47.502524 1371104 finetune.py:68] layer 25_v @ epoch 3 new loss 2.233364648418501e-05 old loss 2.275611950608436e-05 BETTER
I0326 04:35:15.740356 1370522 finetune.py:68] layer 24_q @ epoch 0 new loss 2.3251250240718946e-05 old loss 2.4284734536195174e-05 BETTER
I0326 04:35:22.568614 1371104 finetune.py:68] layer 25_v @ epoch 4 new loss 2.1815945729031228e-05 old loss 2.233364648418501e-05 BETTER
I0326 04:35:31.941876 1371104 finetune.py:45] layer 25_q initial loss 3.364087751833722e-05
I0326 04:35:52.518304 1370522 finetune.py:68] layer 24_q @ epoch 1 new loss 2.279851833009161e-05 old loss 2.3251250240718946e-05 BETTER
I0326 04:36:05.711163 1371104 finetune.py:68] layer 25_q @ epoch 0 new loss 3.0624800274381414e-05 old loss 3.364087751833722e-05 BETTER
I0326 04:36:29.335584 1370522 finetune.py:68] layer 24_q @ epoch 2 new loss 2.2474883735412732e-05 old loss 2.279851833009161e-05 BETTER
I0326 04:36:40.224467 1371104 finetune.py:68] layer 25_q @ epoch 1 new loss 2.9636439649038948e-05 old loss 3.0624800274381414e-05 BETTER
I0326 04:37:06.273114 1370522 finetune.py:68] layer 24_q @ epoch 3 new loss 2.223987212346401e-05 old loss 2.2474883735412732e-05 BETTER
I0326 04:37:14.774942 1371104 finetune.py:68] layer 25_q @ epoch 2 new loss 2.900332947319839e-05 old loss 2.9636439649038948e-05 BETTER
I0326 04:37:43.113443 1370522 finetune.py:68] layer 24_q @ epoch 4 new loss 2.2024181816959754e-05 old loss 2.223987212346401e-05 BETTER
I0326 04:37:49.343319 1371104 finetune.py:68] layer 25_q @ epoch 3 new loss 2.8506232411018573e-05 old loss 2.900332947319839e-05 BETTER
I0326 04:37:51.128177 1370522 finetune.py:45] layer 24_k initial loss 2.4580542230978608e-05
I0326 04:38:24.208455 1371104 finetune.py:68] layer 25_q @ epoch 4 new loss 2.8093121727579273e-05 old loss 2.8506232411018573e-05 BETTER
I0326 04:38:27.311895 1370522 finetune.py:68] layer 24_k @ epoch 0 new loss 2.433935515000485e-05 old loss 2.4580542230978608e-05 BETTER
I0326 04:38:32.394438 1371104 finetune.py:45] layer 25_k initial loss 3.278132498962805e-05
I0326 04:39:04.398617 1370522 finetune.py:68] layer 24_k @ epoch 1 new loss 2.417711220914498e-05 old loss 2.433935515000485e-05 BETTER
I0326 04:39:06.455755 1371104 finetune.py:68] layer 25_k @ epoch 0 new loss 3.217077028239146e-05 old loss 3.278132498962805e-05 BETTER
I0326 04:39:41.124178 1371104 finetune.py:68] layer 25_k @ epoch 1 new loss 3.18515049002599e-05 old loss 3.217077028239146e-05 BETTER
I0326 04:39:41.219195 1370522 finetune.py:68] layer 24_k @ epoch 2 new loss 2.4058686904027127e-05 old loss 2.417711220914498e-05 BETTER
I0326 04:40:15.856855 1371104 finetune.py:68] layer 25_k @ epoch 2 new loss 3.160726555506699e-05 old loss 3.18515049002599e-05 BETTER
I0326 04:40:18.051002 1370522 finetune.py:68] layer 24_k @ epoch 3 new loss 2.395204865024425e-05 old loss 2.4058686904027127e-05 BETTER
I0326 04:40:50.530628 1371104 finetune.py:68] layer 25_k @ epoch 3 new loss 3.1400395528180525e-05 old loss 3.160726555506699e-05 BETTER
I0326 04:40:54.714139 1370522 finetune.py:68] layer 24_k @ epoch 4 new loss 2.3847163902246393e-05 old loss 2.395204865024425e-05 BETTER
I0326 04:41:04.382864 1370522 finetune.py:45] layer 24_o initial loss 6.721456156810746e-05
I0326 04:41:25.120625 1371104 finetune.py:68] layer 25_k @ epoch 4 new loss 3.123120768577792e-05 old loss 3.1400395528180525e-05 BETTER
I0326 04:41:34.315853 1371104 finetune.py:45] layer 25_o initial loss 7.886677485657856e-05
I0326 04:41:39.805101 1370522 finetune.py:68] layer 24_o @ epoch 0 new loss 6.336181832011789e-05 old loss 6.721456156810746e-05 BETTER
I0326 04:42:07.748771 1371104 finetune.py:68] layer 25_o @ epoch 0 new loss 7.354703120654449e-05 old loss 7.886677485657856e-05 BETTER
I0326 04:42:16.092453 1370522 finetune.py:68] layer 24_o @ epoch 1 new loss 6.197571201482788e-05 old loss 6.336181832011789e-05 BETTER
I0326 04:42:41.620682 1371104 finetune.py:68] layer 25_o @ epoch 1 new loss 7.168670708779246e-05 old loss 7.354703120654449e-05 BETTER
I0326 04:42:52.189864 1370522 finetune.py:68] layer 24_o @ epoch 2 new loss 6.10422357567586e-05 old loss 6.197571201482788e-05 BETTER
I0326 04:43:15.565400 1371104 finetune.py:68] layer 25_o @ epoch 2 new loss 7.046195969451219e-05 old loss 7.168670708779246e-05 BETTER
I0326 04:43:28.320923 1370522 finetune.py:68] layer 24_o @ epoch 3 new loss 6.0333957662805915e-05 old loss 6.10422357567586e-05 BETTER
I0326 04:43:49.658772 1371104 finetune.py:68] layer 25_o @ epoch 3 new loss 6.956618744879961e-05 old loss 7.046195969451219e-05 BETTER
I0326 04:44:04.604154 1370522 finetune.py:68] layer 24_o @ epoch 4 new loss 5.975730164209381e-05 old loss 6.0333957662805915e-05 BETTER
I0326 04:44:23.842774 1371104 finetune.py:68] layer 25_o @ epoch 4 new loss 6.888034840812907e-05 old loss 6.956618744879961e-05 BETTER
I0326 04:44:26.197304 1370522 finetune.py:45] layer 24_up initial loss 0.00019688189786393195
I0326 04:44:45.172897 1371104 finetune.py:45] layer 25_up initial loss 0.00022171817545313388
I0326 04:44:58.543807 1370522 finetune.py:68] layer 24_up @ epoch 0 new loss 0.00019023117783945054 old loss 0.00019688189786393195 BETTER
I0326 04:45:16.177091 1371104 finetune.py:68] layer 25_up @ epoch 0 new loss 0.00021398796525318176 old loss 0.00022171817545313388 BETTER
I0326 04:45:31.968076 1370522 finetune.py:68] layer 24_up @ epoch 1 new loss 0.00018688563432078809 old loss 0.00019023117783945054 BETTER
I0326 04:45:48.294851 1371104 finetune.py:68] layer 25_up @ epoch 1 new loss 0.00021028421178925782 old loss 0.00021398796525318176 BETTER
I0326 04:46:05.687929 1370522 finetune.py:68] layer 24_up @ epoch 2 new loss 0.0001843658392317593 old loss 0.00018688563432078809 BETTER
I0326 04:46:20.388384 1371104 finetune.py:68] layer 25_up @ epoch 2 new loss 0.00020750406838487834 old loss 0.00021028421178925782 BETTER
I0326 04:46:39.461357 1370522 finetune.py:68] layer 24_up @ epoch 3 new loss 0.0001822657068260014 old loss 0.0001843658392317593 BETTER
I0326 04:46:52.522905 1371104 finetune.py:68] layer 25_up @ epoch 3 new loss 0.00020523404236882925 old loss 0.00020750406838487834 BETTER
I0326 04:47:13.333090 1370522 finetune.py:68] layer 24_up @ epoch 4 new loss 0.0001805070205591619 old loss 0.0001822657068260014 BETTER
I0326 04:47:24.666048 1371104 finetune.py:68] layer 25_up @ epoch 4 new loss 0.00020331608538981527 old loss 0.00020523404236882925 BETTER
I0326 04:47:35.101077 1370522 finetune.py:45] layer 24_gate initial loss 0.00023867333948146552
I0326 04:47:46.195698 1371104 finetune.py:45] layer 25_gate initial loss 0.00027009681798517704
I0326 04:48:05.498582 1370522 finetune.py:68] layer 24_gate @ epoch 0 new loss 0.0002365967520745471 old loss 0.00023867333948146552 BETTER
I0326 04:48:14.858124 1371104 finetune.py:68] layer 25_gate @ epoch 0 new loss 0.0002678162418305874 old loss 0.00027009681798517704 BETTER
I0326 04:48:36.956532 1370522 finetune.py:68] layer 24_gate @ epoch 1 new loss 0.0002349875430809334 old loss 0.0002365967520745471 BETTER
I0326 04:48:44.449266 1371104 finetune.py:68] layer 25_gate @ epoch 1 new loss 0.0002660585450939834 old loss 0.0002678162418305874 BETTER
I0326 04:49:08.506279 1370522 finetune.py:68] layer 24_gate @ epoch 2 new loss 0.00023362197680398822 old loss 0.0002349875430809334 BETTER
I0326 04:49:14.173256 1371104 finetune.py:68] layer 25_gate @ epoch 2 new loss 0.00026457521016709507 old loss 0.0002660585450939834 BETTER
I0326 04:49:40.219398 1370522 finetune.py:68] layer 24_gate @ epoch 3 new loss 0.00023238341964315623 old loss 0.00023362197680398822 BETTER
I0326 04:49:43.975981 1371104 finetune.py:68] layer 25_gate @ epoch 3 new loss 0.0002632584946695715 old loss 0.00026457521016709507 BETTER
I0326 04:50:11.937539 1370522 finetune.py:68] layer 24_gate @ epoch 4 new loss 0.00023130585032049567 old loss 0.00023238341964315623 BETTER
I0326 04:50:13.813523 1371104 finetune.py:68] layer 25_gate @ epoch 4 new loss 0.00026208776398561895 old loss 0.0002632584946695715 BETTER
I0326 04:50:34.672734 1370522 finetune.py:45] layer 24_down initial loss 0.00040226441342383623
I0326 04:50:36.133534 1371104 finetune.py:45] layer 25_down initial loss 0.0004456455062609166
I0326 04:51:03.108964 1370522 finetune.py:68] layer 24_down @ epoch 0 new loss 0.0004022190114483237 old loss 0.00040226441342383623 BETTER
I0326 04:51:03.122192 1371104 finetune.py:68] layer 25_down @ epoch 0 new loss 0.0004456036549527198 old loss 0.0004456455062609166 BETTER
I0326 04:51:30.691686 1371104 finetune.py:68] layer 25_down @ epoch 1 new loss 0.0004455663438420743 old loss 0.0004456036549527198 BETTER
I0326 04:51:32.247624 1370522 finetune.py:68] layer 24_down @ epoch 1 new loss 0.00040218321373686194 old loss 0.0004022190114483237 BETTER
I0326 04:51:58.395654 1371104 finetune.py:68] layer 25_down @ epoch 2 new loss 0.0004455352609511465 old loss 0.0004455663438420743 BETTER
I0326 04:52:01.500819 1370522 finetune.py:68] layer 24_down @ epoch 2 new loss 0.0004021529748570174 old loss 0.00040218321373686194 BETTER
I0326 04:52:26.143574 1371104 finetune.py:68] layer 25_down @ epoch 3 new loss 0.00044550671009346843 old loss 0.0004455352609511465 BETTER
I0326 04:52:30.983655 1370522 finetune.py:68] layer 24_down @ epoch 3 new loss 0.00040212812018580735 old loss 0.0004021529748570174 BETTER
I0326 04:52:53.927608 1371104 finetune.py:68] layer 25_down @ epoch 4 new loss 0.00044548336882144213 old loss 0.00044550671009346843 BETTER
25_v proxy err 0.016167225316166878 tr(WHW.T) 557.8086547851562
bpp_loss 3.0590734481811523
25_q proxy err 0.001516291406005621 tr(WHW.T) 26151.703125
bpp_loss 3.4819886684417725
25_k proxy err 0.0007606510771438479 tr(WHW.T) 14442.9150390625
bpp_loss 4.1845152378082275
25_o proxy err 0.0195381548255682 tr(WHW.T) 1993.7313232421875
bpp_loss 2.9766368865966797
25_up proxy err 0.021950535476207733 tr(WHW.T) 7386.37451171875
bpp_loss 2.9820841380528043
25_gate proxy err 0.006675733719021082 tr(WHW.T) 26238.14453125
bpp_loss 3.342624936785017
25_down proxy err 0.02106585167348385 tr(WHW.T) 6685.84130859375
bpp_loss 2.9803041390010288
I0326 04:53:00.443436 1370522 finetune.py:68] layer 24_down @ epoch 4 new loss 0.00040210637962445617 old loss 0.00040212812018580735 BETTER
24_v proxy err 0.018847495317459106 tr(WHW.T) 467.2783508300781
bpp_loss 3.0477782487869263
24_q proxy err 0.0017270472599193454 tr(WHW.T) 22470.029296875
bpp_loss 3.5000298023223877
24_k proxy err 0.0007552954484708607 tr(WHW.T) 14210.67578125
bpp_loss 4.2036967277526855
24_o proxy err 0.02451815828680992 tr(WHW.T) 1596.3975830078125
bpp_loss 2.979040741920471
24_up proxy err 0.02223249338567257 tr(WHW.T) 7312.716796875
bpp_loss 2.973172460283552
24_gate proxy err 0.006808477453887463 tr(WHW.T) 25816.44921875
bpp_loss 3.334437506539481
24_down proxy err 0.02135240100324154 tr(WHW.T) 6811.05029296875
bpp_loss 2.9717189243861606
I0326 04:54:08.042366 1258494 quantize_finetune_llama.py:240] computed original embedding for layer 26 in 62.721168994903564s
I0326 04:54:11.217580 1381863 config.py:54] PyTorch version 2.6.0 available.
W0326 04:54:11.499669 1381863 warnings.py:109] /opt/conda/lib/python3.10/site-packages/torchvision/io/image.py:13: UserWarning: Failed to load image Python extension: '/opt/conda/lib/python3.10/site-packages/torchvision/image.so: undefined symbol: _ZN3c1017RegisterOperatorsD1Ev'If you don't plan on using image functionality from `torchvision.io`, you can ignore this warning. Otherwise, there might be something wrong with your environment. Did you have `libjpeg` or `libpng` installed before building `torchvision` from source?
  warn(

W0326 04:54:12.377474 1381863 warnings.py:109] /opt/conda/lib/python3.10/site-packages/compressai/models/video/google.py:353: FutureWarning: `torch.cuda.amp.autocast(args...)` is deprecated. Please use `torch.amp.autocast('cuda', args...)` instead.
  @amp.autocast(enabled=False)

I0326 04:54:12.381418 1258494 quantize_finetune_llama.py:209] layer 27 gpu 1
I0326 04:54:12.395016 1381863 data_utils.py:336] using 256 training seqs, 128 validation seqs
The attention layers in this model are transitioning from computing the RoPE embeddings internally through `position_ids` (2D tensor with the indexes of the tokens), to using externally computed `position_embeddings` (Tuple of tensors, containing cos and sin). In v4.46 `position_ids` will be removed and `position_embeddings` will be mandatory.
I0326 04:54:19.740291 1381863 finetune.py:45] layer 26_v initial loss 5.917993621551432e-05
W0326 04:54:19.740539 1381863 warnings.py:109] /workspace/Weight_compression/comp_lm_qtip/lib/algo/finetune.py:46: FutureWarning: `torch.cuda.amp.GradScaler(args...)` is deprecated. Please use `torch.amp.GradScaler('cuda', args...)` instead.
  scaler = torch.cuda.amp.GradScaler(enabled=(orig_dtype==torch.float16))

I0326 04:54:56.116732 1381863 finetune.py:68] layer 26_v @ epoch 0 new loss 3.781284249271266e-05 old loss 5.917993621551432e-05 BETTER
I0326 04:55:12.607933 1258494 quantize_finetune_llama.py:240] computed original embedding for layer 27 in 59.80666637420654s
I0326 04:55:15.903846 1382443 config.py:54] PyTorch version 2.6.0 available.
W0326 04:55:16.195485 1382443 warnings.py:109] /opt/conda/lib/python3.10/site-packages/torchvision/io/image.py:13: UserWarning: Failed to load image Python extension: '/opt/conda/lib/python3.10/site-packages/torchvision/image.so: undefined symbol: _ZN3c1017RegisterOperatorsD1Ev'If you don't plan on using image functionality from `torchvision.io`, you can ignore this warning. Otherwise, there might be something wrong with your environment. Did you have `libjpeg` or `libpng` installed before building `torchvision` from source?
  warn(

W0326 04:55:17.086265 1382443 warnings.py:109] /opt/conda/lib/python3.10/site-packages/compressai/models/video/google.py:353: FutureWarning: `torch.cuda.amp.autocast(args...)` is deprecated. Please use `torch.amp.autocast('cuda', args...)` instead.
  @amp.autocast(enabled=False)

I0326 04:55:17.090281 1258494 quantize_finetune_llama.py:209] layer 28 gpu 0
I0326 04:55:17.104076 1382443 data_utils.py:336] using 256 training seqs, 128 validation seqs
The attention layers in this model are transitioning from computing the RoPE embeddings internally through `position_ids` (2D tensor with the indexes of the tokens), to using externally computed `position_embeddings` (Tuple of tensors, containing cos and sin). In v4.46 `position_ids` will be removed and `position_embeddings` will be mandatory.
I0326 04:55:23.924799 1382443 finetune.py:45] layer 27_v initial loss 5.7861889217747375e-05
W0326 04:55:23.925117 1382443 warnings.py:109] /workspace/Weight_compression/comp_lm_qtip/lib/algo/finetune.py:46: FutureWarning: `torch.cuda.amp.GradScaler(args...)` is deprecated. Please use `torch.amp.GradScaler('cuda', args...)` instead.
  scaler = torch.cuda.amp.GradScaler(enabled=(orig_dtype==torch.float16))

I0326 04:55:33.123203 1381863 finetune.py:68] layer 26_v @ epoch 1 new loss 3.520498285070062e-05 old loss 3.781284249271266e-05 BETTER
I0326 04:55:57.324540 1382443 finetune.py:68] layer 27_v @ epoch 0 new loss 3.474129334790632e-05 old loss 5.7861889217747375e-05 BETTER
I0326 04:56:10.180744 1381863 finetune.py:68] layer 26_v @ epoch 2 new loss 3.372271385160275e-05 old loss 3.520498285070062e-05 BETTER
I0326 04:56:31.933606 1382443 finetune.py:68] layer 27_v @ epoch 1 new loss 3.264487531851046e-05 old loss 3.474129334790632e-05 BETTER
I0326 04:56:47.123361 1381863 finetune.py:68] layer 26_v @ epoch 3 new loss 3.270697925472632e-05 old loss 3.372271385160275e-05 BETTER
I0326 04:57:06.966487 1382443 finetune.py:68] layer 27_v @ epoch 2 new loss 3.1564475648337975e-05 old loss 3.264487531851046e-05 BETTER
I0326 04:57:24.204433 1381863 finetune.py:68] layer 26_v @ epoch 4 new loss 3.196370744262822e-05 old loss 3.270697925472632e-05 BETTER
I0326 04:57:33.939689 1381863 finetune.py:45] layer 26_q initial loss 4.090331640327349e-05
I0326 04:57:42.088037 1382443 finetune.py:68] layer 27_v @ epoch 3 new loss 3.0835064535494894e-05 old loss 3.1564475648337975e-05 BETTER
I0326 04:58:10.082138 1381863 finetune.py:68] layer 26_q @ epoch 0 new loss 3.9121830923249945e-05 old loss 4.090331640327349e-05 BETTER
I0326 04:58:17.063617 1382443 finetune.py:68] layer 27_v @ epoch 4 new loss 3.0191245969035663e-05 old loss 3.0835064535494894e-05 BETTER
I0326 04:58:26.402267 1382443 finetune.py:45] layer 27_q initial loss 4.474385059438646e-05
I0326 04:58:47.069661 1381863 finetune.py:68] layer 26_q @ epoch 1 new loss 3.821205973508768e-05 old loss 3.9121830923249945e-05 BETTER
I0326 04:59:00.438250 1382443 finetune.py:68] layer 27_q @ epoch 0 new loss 4.184998033451848e-05 old loss 4.474385059438646e-05 BETTER
I0326 04:59:23.953624 1381863 finetune.py:68] layer 26_q @ epoch 2 new loss 3.756622027140111e-05 old loss 3.821205973508768e-05 BETTER
I0326 04:59:34.962868 1382443 finetune.py:68] layer 27_q @ epoch 1 new loss 4.093328243470751e-05 old loss 4.184998033451848e-05 BETTER
I0326 05:00:00.796927 1381863 finetune.py:68] layer 26_q @ epoch 3 new loss 3.701079185702838e-05 old loss 3.756622027140111e-05 BETTER
I0326 05:00:09.538686 1382443 finetune.py:68] layer 27_q @ epoch 2 new loss 4.0333114156965166e-05 old loss 4.093328243470751e-05 BETTER
I0326 05:00:37.631961 1381863 finetune.py:68] layer 26_q @ epoch 4 new loss 3.660549919004552e-05 old loss 3.701079185702838e-05 BETTER
I0326 05:00:44.113582 1382443 finetune.py:68] layer 27_q @ epoch 3 new loss 3.987924355897121e-05 old loss 4.0333114156965166e-05 BETTER
I0326 05:00:45.604606 1381863 finetune.py:45] layer 26_k initial loss 3.97565308958292e-05
I0326 05:01:18.747794 1382443 finetune.py:68] layer 27_q @ epoch 4 new loss 3.947857840103097e-05 old loss 3.987924355897121e-05 BETTER
I0326 05:01:21.504407 1381863 finetune.py:68] layer 26_k @ epoch 0 new loss 3.91853682231158e-05 old loss 3.97565308958292e-05 BETTER
I0326 05:01:26.415223 1382443 finetune.py:45] layer 27_k initial loss 4.5503791625378653e-05
I0326 05:01:57.930139 1381863 finetune.py:68] layer 26_k @ epoch 1 new loss 3.889441359206103e-05 old loss 3.91853682231158e-05 BETTER
I0326 05:02:00.080263 1382443 finetune.py:68] layer 27_k @ epoch 0 new loss 4.462791184778325e-05 old loss 4.5503791625378653e-05 BETTER
I0326 05:02:34.584182 1382443 finetune.py:68] layer 27_k @ epoch 1 new loss 4.419919059728272e-05 old loss 4.462791184778325e-05 BETTER
I0326 05:02:34.600727 1381863 finetune.py:68] layer 26_k @ epoch 2 new loss 3.861756340484135e-05 old loss 3.889441359206103e-05 BETTER
I0326 05:03:09.125479 1382443 finetune.py:68] layer 27_k @ epoch 2 new loss 4.393848212203011e-05 old loss 4.419919059728272e-05 BETTER
I0326 05:03:11.337064 1381863 finetune.py:68] layer 26_k @ epoch 3 new loss 3.8416434108512476e-05 old loss 3.861756340484135e-05 BETTER
I0326 05:03:43.864835 1382443 finetune.py:68] layer 27_k @ epoch 3 new loss 4.374142736196518e-05 old loss 4.393848212203011e-05 BETTER
I0326 05:03:48.124873 1381863 finetune.py:68] layer 26_k @ epoch 4 new loss 3.8218178815441206e-05 old loss 3.8416434108512476e-05 BETTER
I0326 05:03:57.822672 1381863 finetune.py:45] layer 26_o initial loss 0.0001138640072895214
I0326 05:04:18.391113 1382443 finetune.py:68] layer 27_k @ epoch 4 new loss 4.356962381280027e-05 old loss 4.374142736196518e-05 BETTER
I0326 05:04:27.752551 1382443 finetune.py:45] layer 27_o initial loss 0.000132826273329556
I0326 05:04:33.034324 1381863 finetune.py:68] layer 26_o @ epoch 0 new loss 0.00010554093023529276 old loss 0.0001138640072895214 BETTER
I0326 05:05:00.966509 1382443 finetune.py:68] layer 27_o @ epoch 0 new loss 0.00012338673695921898 old loss 0.000132826273329556 BETTER
I0326 05:05:09.011092 1381863 finetune.py:68] layer 26_o @ epoch 1 new loss 0.00010263289004797116 old loss 0.00010554093023529276 BETTER
I0326 05:05:35.140938 1382443 finetune.py:68] layer 27_o @ epoch 1 new loss 0.00012024942407151684 old loss 0.00012338673695921898 BETTER
I0326 05:05:45.267370 1381863 finetune.py:68] layer 26_o @ epoch 2 new loss 0.00010065985406981781 old loss 0.00010263289004797116 BETTER
I0326 05:06:09.298089 1382443 finetune.py:68] layer 27_o @ epoch 2 new loss 0.00011812189768534154 old loss 0.00012024942407151684 BETTER
I0326 05:06:21.579191 1381863 finetune.py:68] layer 26_o @ epoch 3 new loss 9.914193651638925e-05 old loss 0.00010065985406981781 BETTER
I0326 05:06:43.384875 1382443 finetune.py:68] layer 27_o @ epoch 3 new loss 0.00011649171938188374 old loss 0.00011812189768534154 BETTER
I0326 05:06:57.873961 1381863 finetune.py:68] layer 26_o @ epoch 4 new loss 9.791131014935672e-05 old loss 9.914193651638925e-05 BETTER
I0326 05:07:17.447607 1382443 finetune.py:68] layer 27_o @ epoch 4 new loss 0.00011526218440849334 old loss 0.00011649171938188374 BETTER
I0326 05:07:19.400196 1381863 finetune.py:45] layer 26_up initial loss 0.00027594223502092063
I0326 05:07:38.786129 1382443 finetune.py:45] layer 27_up initial loss 0.0003226604894734919
I0326 05:07:51.638968 1381863 finetune.py:68] layer 26_up @ epoch 0 new loss 0.0002667300868779421 old loss 0.00027594223502092063 BETTER
I0326 05:08:09.505490 1382443 finetune.py:68] layer 27_up @ epoch 0 new loss 0.00031052459962666035 old loss 0.0003226604894734919 BETTER
I0326 05:08:24.813458 1381863 finetune.py:68] layer 26_up @ epoch 1 new loss 0.0002622377942316234 old loss 0.0002667300868779421 BETTER
I0326 05:08:41.293312 1382443 finetune.py:68] layer 27_up @ epoch 1 new loss 0.00030510107171721756 old loss 0.00031052459962666035 BETTER
I0326 05:08:58.525243 1381863 finetune.py:68] layer 26_up @ epoch 2 new loss 0.00025886044022627175 old loss 0.0002622377942316234 BETTER
I0326 05:09:13.435922 1382443 finetune.py:68] layer 27_up @ epoch 2 new loss 0.00030110508669167757 old loss 0.00030510107171721756 BETTER
I0326 05:09:32.242196 1381863 finetune.py:68] layer 26_up @ epoch 3 new loss 0.0002560539578553289 old loss 0.00025886044022627175 BETTER
I0326 05:09:45.517380 1382443 finetune.py:68] layer 27_up @ epoch 3 new loss 0.00029784927028231323 old loss 0.00030110508669167757 BETTER
I0326 05:10:06.098834 1381863 finetune.py:68] layer 26_up @ epoch 4 new loss 0.00025367308990098536 old loss 0.0002560539578553289 BETTER
I0326 05:10:17.587887 1382443 finetune.py:68] layer 27_up @ epoch 4 new loss 0.00029505888232961297 old loss 0.00029784927028231323 BETTER
I0326 05:10:27.736650 1381863 finetune.py:45] layer 26_gate initial loss 0.0003323837008792907
I0326 05:10:39.230532 1382443 finetune.py:45] layer 27_gate initial loss 0.00039215717697516084
I0326 05:10:57.971836 1381863 finetune.py:68] layer 26_gate @ epoch 0 new loss 0.0003295870264992118 old loss 0.0003323837008792907 BETTER
I0326 05:11:07.923980 1382443 finetune.py:68] layer 27_gate @ epoch 0 new loss 0.0003883899771608412 old loss 0.00039215717697516084 BETTER
I0326 05:11:29.179529 1381863 finetune.py:68] layer 26_gate @ epoch 1 new loss 0.0003274767950642854 old loss 0.0003295870264992118 BETTER
I0326 05:11:37.278011 1382443 finetune.py:68] layer 27_gate @ epoch 1 new loss 0.0003857869596686214 old loss 0.0003883899771608412 BETTER
I0326 05:12:00.631609 1381863 finetune.py:68] layer 26_gate @ epoch 2 new loss 0.00032567698508501053 old loss 0.0003274767950642854 BETTER
I0326 05:12:06.874403 1382443 finetune.py:68] layer 27_gate @ epoch 2 new loss 0.00038362201303243637 old loss 0.0003857869596686214 BETTER
I0326 05:12:32.216371 1381863 finetune.py:68] layer 26_gate @ epoch 3 new loss 0.0003240691148675978 old loss 0.00032567698508501053 BETTER
I0326 05:12:36.621415 1382443 finetune.py:68] layer 27_gate @ epoch 3 new loss 0.0003817327960859984 old loss 0.00038362201303243637 BETTER
I0326 05:13:03.789167 1381863 finetune.py:68] layer 26_gate @ epoch 4 new loss 0.0003226661356166005 old loss 0.0003240691148675978 BETTER
I0326 05:13:06.428231 1382443 finetune.py:68] layer 27_gate @ epoch 4 new loss 0.0003800739941652864 old loss 0.0003817327960859984 BETTER
I0326 05:13:26.531229 1381863 finetune.py:45] layer 26_down initial loss 0.0005363244563341141
I0326 05:13:28.637964 1382443 finetune.py:45] layer 27_down initial loss 0.0006420836434699595
I0326 05:13:54.446308 1381863 finetune.py:68] layer 26_down @ epoch 0 new loss 0.0005362753290683031 old loss 0.0005363244563341141 BETTER
I0326 05:13:55.329808 1382443 finetune.py:68] layer 27_down @ epoch 0 new loss 0.0006420117570087314 old loss 0.0006420836434699595 BETTER
I0326 05:14:22.981621 1382443 finetune.py:68] layer 27_down @ epoch 1 new loss 0.0006419530254788697 old loss 0.0006420117570087314 BETTER
I0326 05:14:23.788603 1381863 finetune.py:68] layer 26_down @ epoch 1 new loss 0.0005362325464375317 old loss 0.0005362753290683031 BETTER
I0326 05:14:50.645087 1382443 finetune.py:68] layer 27_down @ epoch 2 new loss 0.0006419025012291968 old loss 0.0006419530254788697 BETTER
I0326 05:14:53.015214 1381863 finetune.py:68] layer 26_down @ epoch 2 new loss 0.0005361945368349552 old loss 0.0005362325464375317 BETTER
I0326 05:15:18.343086 1382443 finetune.py:68] layer 27_down @ epoch 3 new loss 0.0006418597185984254 old loss 0.0006419025012291968 BETTER
I0326 05:15:22.369779 1381863 finetune.py:68] layer 26_down @ epoch 3 new loss 0.0005361612420529127 old loss 0.0005361945368349552 BETTER
I0326 05:15:46.058359 1382443 finetune.py:68] layer 27_down @ epoch 4 new loss 0.0006418190314434469 old loss 0.0006418597185984254 BETTER
27_v proxy err 0.013694045133888721 tr(WHW.T) 677.69384765625
bpp_loss 3.191537857055664
27_q proxy err 0.0018615680746734142 tr(WHW.T) 21320.017578125
bpp_loss 3.462545156478882
27_k proxy err 0.0007922175573185086 tr(WHW.T) 14044.283203125
bpp_loss 4.216889381408691
27_o proxy err 0.018631037324666977 tr(WHW.T) 2162.01123046875
bpp_loss 3.0336549282073975
27_up proxy err 0.019293170422315598 tr(WHW.T) 8479.1240234375
bpp_loss 3.0058788572038924
27_gate proxy err 0.00539393862709403 tr(WHW.T) 32761.208984375
bpp_loss 3.356621742248535
27_down proxy err 0.018470527604222298 tr(WHW.T) 6627.17626953125
bpp_loss 2.9980625084468295
I0326 05:15:51.684295 1381863 finetune.py:68] layer 26_down @ epoch 4 new loss 0.0005361315561458468 old loss 0.0005361612420529127 BETTER
26_v proxy err 0.01988927274942398 tr(WHW.T) 434.54583740234375
bpp_loss 3.1048452854156494
26_q proxy err 0.0017607727786526084 tr(WHW.T) 21414.78515625
bpp_loss 3.4909974336624146
26_k proxy err 0.0006860221619717777 tr(WHW.T) 15456.8486328125
bpp_loss 4.259861469268799
26_o proxy err 0.01628684252500534 tr(WHW.T) 2392.3818359375
bpp_loss 2.9934065341949463
26_up proxy err 0.021189739927649498 tr(WHW.T) 7652.41259765625
bpp_loss 2.990966251918248
26_gate proxy err 0.00607317266985774 tr(WHW.T) 28857.29296875
bpp_loss 3.3472016198294505
26_down proxy err 0.021287329494953156 tr(WHW.T) 6681.07421875
bpp_loss 2.9876749515533447
I0326 05:16:59.994404 1258494 quantize_finetune_llama.py:240] computed original embedding for layer 28 in 63.437443017959595s
I0326 05:17:03.215656 1393090 config.py:54] PyTorch version 2.6.0 available.
W0326 05:17:03.496733 1393090 warnings.py:109] /opt/conda/lib/python3.10/site-packages/torchvision/io/image.py:13: UserWarning: Failed to load image Python extension: '/opt/conda/lib/python3.10/site-packages/torchvision/image.so: undefined symbol: _ZN3c1017RegisterOperatorsD1Ev'If you don't plan on using image functionality from `torchvision.io`, you can ignore this warning. Otherwise, there might be something wrong with your environment. Did you have `libjpeg` or `libpng` installed before building `torchvision` from source?
  warn(

W0326 05:17:04.371004 1393090 warnings.py:109] /opt/conda/lib/python3.10/site-packages/compressai/models/video/google.py:353: FutureWarning: `torch.cuda.amp.autocast(args...)` is deprecated. Please use `torch.amp.autocast('cuda', args...)` instead.
  @amp.autocast(enabled=False)

I0326 05:17:04.374916 1258494 quantize_finetune_llama.py:209] layer 29 gpu 1
I0326 05:17:04.387922 1393090 data_utils.py:336] using 256 training seqs, 128 validation seqs
The attention layers in this model are transitioning from computing the RoPE embeddings internally through `position_ids` (2D tensor with the indexes of the tokens), to using externally computed `position_embeddings` (Tuple of tensors, containing cos and sin). In v4.46 `position_ids` will be removed and `position_embeddings` will be mandatory.
I0326 05:17:11.712229 1393090 finetune.py:45] layer 28_v initial loss 9.127727389568463e-05
W0326 05:17:11.712435 1393090 warnings.py:109] /workspace/Weight_compression/comp_lm_qtip/lib/algo/finetune.py:46: FutureWarning: `torch.cuda.amp.GradScaler(args...)` is deprecated. Please use `torch.amp.GradScaler('cuda', args...)` instead.
  scaler = torch.cuda.amp.GradScaler(enabled=(orig_dtype==torch.float16))

I0326 05:17:47.749167 1393090 finetune.py:68] layer 28_v @ epoch 0 new loss 5.034704736317508e-05 old loss 9.127727389568463e-05 BETTER
I0326 05:18:04.752592 1258494 quantize_finetune_llama.py:240] computed original embedding for layer 29 in 59.964786529541016s
I0326 05:18:08.225840 1393672 config.py:54] PyTorch version 2.6.0 available.
W0326 05:18:08.499783 1393672 warnings.py:109] /opt/conda/lib/python3.10/site-packages/torchvision/io/image.py:13: UserWarning: Failed to load image Python extension: '/opt/conda/lib/python3.10/site-packages/torchvision/image.so: undefined symbol: _ZN3c1017RegisterOperatorsD1Ev'If you don't plan on using image functionality from `torchvision.io`, you can ignore this warning. Otherwise, there might be something wrong with your environment. Did you have `libjpeg` or `libpng` installed before building `torchvision` from source?
  warn(

W0326 05:18:09.387991 1393672 warnings.py:109] /opt/conda/lib/python3.10/site-packages/compressai/models/video/google.py:353: FutureWarning: `torch.cuda.amp.autocast(args...)` is deprecated. Please use `torch.amp.autocast('cuda', args...)` instead.
  @amp.autocast(enabled=False)

I0326 05:18:09.391896 1258494 quantize_finetune_llama.py:209] layer 30 gpu 0
I0326 05:18:09.405237 1393672 data_utils.py:336] using 256 training seqs, 128 validation seqs
The attention layers in this model are transitioning from computing the RoPE embeddings internally through `position_ids` (2D tensor with the indexes of the tokens), to using externally computed `position_embeddings` (Tuple of tensors, containing cos and sin). In v4.46 `position_ids` will be removed and `position_embeddings` will be mandatory.
I0326 05:18:16.230648 1393672 finetune.py:45] layer 29_v initial loss 9.133299317909405e-05
W0326 05:18:16.230929 1393672 warnings.py:109] /workspace/Weight_compression/comp_lm_qtip/lib/algo/finetune.py:46: FutureWarning: `torch.cuda.amp.GradScaler(args...)` is deprecated. Please use `torch.amp.GradScaler('cuda', args...)` instead.
  scaler = torch.cuda.amp.GradScaler(enabled=(orig_dtype==torch.float16))

I0326 05:18:24.600803 1393090 finetune.py:68] layer 28_v @ epoch 1 new loss 4.711808651336469e-05 old loss 5.034704736317508e-05 BETTER
I0326 05:18:49.700994 1393672 finetune.py:68] layer 29_v @ epoch 0 new loss 5.548568879021332e-05 old loss 9.133299317909405e-05 BETTER
I0326 05:19:01.621361 1393090 finetune.py:68] layer 28_v @ epoch 2 new loss 4.549077493720688e-05 old loss 4.711808651336469e-05 BETTER
I0326 05:19:24.171438 1393672 finetune.py:68] layer 29_v @ epoch 1 new loss 5.2560673793777823e-05 old loss 5.548568879021332e-05 BETTER
I0326 05:19:38.654508 1393090 finetune.py:68] layer 28_v @ epoch 3 new loss 4.416620868141763e-05 old loss 4.549077493720688e-05 BETTER
I0326 05:19:58.861398 1393672 finetune.py:68] layer 29_v @ epoch 2 new loss 5.096934546600096e-05 old loss 5.2560673793777823e-05 BETTER
I0326 05:20:15.605220 1393090 finetune.py:68] layer 28_v @ epoch 4 new loss 4.367763904156163e-05 old loss 4.416620868141763e-05 BETTER
I0326 05:20:25.223369 1393090 finetune.py:45] layer 28_q initial loss 6.080911771277897e-05
I0326 05:20:33.870859 1393672 finetune.py:68] layer 29_v @ epoch 3 new loss 5.066148878540844e-05 old loss 5.096934546600096e-05 BETTER
I0326 05:21:01.528337 1393090 finetune.py:68] layer 28_q @ epoch 0 new loss 5.6385051721008494e-05 old loss 6.080911771277897e-05 BETTER
I0326 05:21:08.996286 1393672 finetune.py:68] layer 29_v @ epoch 4 new loss 5.011069879401475e-05 old loss 5.066148878540844e-05 BETTER
I0326 05:21:18.324007 1393672 finetune.py:45] layer 29_q initial loss 9.460491128265858e-05
I0326 05:21:38.475013 1393090 finetune.py:68] layer 28_q @ epoch 1 new loss 5.5033440730767325e-05 old loss 5.6385051721008494e-05 BETTER
I0326 05:21:52.164603 1393672 finetune.py:68] layer 29_q @ epoch 0 new loss 8.286393131129444e-05 old loss 9.460491128265858e-05 BETTER
I0326 05:22:15.337660 1393090 finetune.py:68] layer 28_q @ epoch 2 new loss 5.403931572800502e-05 old loss 5.5033440730767325e-05 BETTER
I0326 05:22:26.888188 1393672 finetune.py:68] layer 29_q @ epoch 1 new loss 7.951161387609318e-05 old loss 8.286393131129444e-05 BETTER
I0326 05:22:52.241399 1393090 finetune.py:68] layer 28_q @ epoch 3 new loss 5.325486199581064e-05 old loss 5.403931572800502e-05 BETTER
I0326 05:23:01.809989 1393672 finetune.py:68] layer 29_q @ epoch 2 new loss 7.734246901236475e-05 old loss 7.951161387609318e-05 BETTER
I0326 05:23:29.099774 1393090 finetune.py:68] layer 28_q @ epoch 4 new loss 5.264686114969663e-05 old loss 5.325486199581064e-05 BETTER
I0326 05:23:36.690230 1393672 finetune.py:68] layer 29_q @ epoch 3 new loss 7.557664503110573e-05 old loss 7.734246901236475e-05 BETTER
I0326 05:23:36.866569 1393090 finetune.py:45] layer 28_k initial loss 5.887201405130327e-05
I0326 05:24:11.532499 1393672 finetune.py:68] layer 29_q @ epoch 4 new loss 7.434980216203257e-05 old loss 7.557664503110573e-05 BETTER
I0326 05:24:13.156227 1393090 finetune.py:68] layer 28_k @ epoch 0 new loss 5.7956582168117166e-05 old loss 5.887201405130327e-05 BETTER
I0326 05:24:19.291681 1393672 finetune.py:45] layer 29_k initial loss 8.358771447092295e-05
I0326 05:24:50.135205 1393090 finetune.py:68] layer 28_k @ epoch 1 new loss 5.7457724324194714e-05 old loss 5.7956582168117166e-05 BETTER
I0326 05:24:53.668313 1393672 finetune.py:68] layer 29_k @ epoch 0 new loss 8.180913573596627e-05 old loss 8.358771447092295e-05 BETTER
I0326 05:25:26.794843 1393090 finetune.py:68] layer 28_k @ epoch 2 new loss 5.71207856410183e-05 old loss 5.7457724324194714e-05 BETTER
I0326 05:25:28.352258 1393672 finetune.py:68] layer 29_k @ epoch 1 new loss 8.087327296379954e-05 old loss 8.180913573596627e-05 BETTER
I0326 05:26:02.849978 1393672 finetune.py:68] layer 29_k @ epoch 2 new loss 8.025964052649215e-05 old loss 8.087327296379954e-05 BETTER
I0326 05:26:03.645746 1393090 finetune.py:68] layer 28_k @ epoch 3 new loss 5.674288695445284e-05 old loss 5.71207856410183e-05 BETTER
I0326 05:26:37.444514 1393672 finetune.py:68] layer 29_k @ epoch 3 new loss 7.96253007138148e-05 old loss 8.025964052649215e-05 BETTER
I0326 05:26:40.556909 1393090 finetune.py:68] layer 28_k @ epoch 4 new loss 5.654849883285351e-05 old loss 5.674288695445284e-05 BETTER
I0326 05:26:50.187345 1393090 finetune.py:45] layer 28_o initial loss 0.00017330468108411878
I0326 05:27:12.071671 1393672 finetune.py:68] layer 29_k @ epoch 4 new loss 7.931108848424628e-05 old loss 7.96253007138148e-05 BETTER
I0326 05:27:21.798132 1393672 finetune.py:45] layer 29_o initial loss 0.00020464652334339917
I0326 05:27:25.489520 1393090 finetune.py:68] layer 28_o @ epoch 0 new loss 0.00015886107576079667 old loss 0.00017330468108411878 BETTER
I0326 05:27:54.859930 1393672 finetune.py:68] layer 29_o @ epoch 0 new loss 0.00018741999519988894 old loss 0.00020464652334339917 BETTER
I0326 05:28:01.614754 1393090 finetune.py:68] layer 28_o @ epoch 1 new loss 0.00015377748059108853 old loss 0.00015886107576079667 BETTER
I0326 05:28:28.644796 1393672 finetune.py:68] layer 29_o @ epoch 1 new loss 0.0001820104371290654 old loss 0.00018741999519988894 BETTER
I0326 05:28:37.518057 1393090 finetune.py:68] layer 28_o @ epoch 2 new loss 0.00015015136159490794 old loss 0.00015377748059108853 BETTER
I0326 05:29:02.452054 1393672 finetune.py:68] layer 29_o @ epoch 2 new loss 0.00017868196300696582 old loss 0.0001820104371290654 BETTER
I0326 05:29:13.516397 1393090 finetune.py:68] layer 28_o @ epoch 3 new loss 0.0001474105956731364 old loss 0.00015015136159490794 BETTER
I0326 05:29:36.212263 1393672 finetune.py:68] layer 29_o @ epoch 3 new loss 0.00017598693375475705 old loss 0.00017868196300696582 BETTER
I0326 05:29:49.447855 1393090 finetune.py:68] layer 28_o @ epoch 4 new loss 0.00014520279364660382 old loss 0.0001474105956731364 BETTER
I0326 05:30:09.938193 1393672 finetune.py:68] layer 29_o @ epoch 4 new loss 0.00017377373296767473 old loss 0.00017598693375475705 BETTER
I0326 05:30:10.982342 1393090 finetune.py:45] layer 28_up initial loss 0.0004078115161973983
I0326 05:30:31.152342 1393672 finetune.py:45] layer 29_up initial loss 0.0005487682647071779
I0326 05:30:43.114055 1393090 finetune.py:68] layer 28_up @ epoch 0 new loss 0.0003893445827998221 old loss 0.0004078115161973983 BETTER
I0326 05:31:01.862726 1393672 finetune.py:68] layer 29_up @ epoch 0 new loss 0.0005170376389287412 old loss 0.0005487682647071779 BETTER
I0326 05:31:16.608948 1393090 finetune.py:68] layer 28_up @ epoch 1 new loss 0.0003816948155872524 old loss 0.0003893445827998221 BETTER
I0326 05:31:33.826307 1393672 finetune.py:68] layer 29_up @ epoch 1 new loss 0.0005052833002991974 old loss 0.0005170376389287412 BETTER
I0326 05:31:50.544744 1393090 finetune.py:68] layer 28_up @ epoch 2 new loss 0.0003761223633773625 old loss 0.0003816948155872524 BETTER
I0326 05:32:05.929219 1393672 finetune.py:68] layer 29_up @ epoch 2 new loss 0.0004968504654243588 old loss 0.0005052833002991974 BETTER
I0326 05:32:24.605876 1393090 finetune.py:68] layer 28_up @ epoch 3 new loss 0.00037162465741857886 old loss 0.0003761223633773625 BETTER
I0326 05:32:38.071392 1393672 finetune.py:68] layer 29_up @ epoch 3 new loss 0.0004899342893622816 old loss 0.0004968504654243588 BETTER
I0326 05:32:58.463157 1393090 finetune.py:68] layer 28_up @ epoch 4 new loss 0.00036776650813408196 old loss 0.00037162465741857886 BETTER
I0326 05:33:10.186868 1393672 finetune.py:68] layer 29_up @ epoch 4 new loss 0.0004843675415031612 old loss 0.0004899342893622816 BETTER
I0326 05:33:20.326383 1393090 finetune.py:45] layer 28_gate initial loss 0.0004957822384312749
I0326 05:33:31.570100 1393672 finetune.py:45] layer 29_gate initial loss 0.0006606538663618267
I0326 05:33:50.689109 1393090 finetune.py:68] layer 28_gate @ epoch 0 new loss 0.0004900682251900434 old loss 0.0004957822384312749 BETTER
I0326 05:34:00.391594 1393672 finetune.py:68] layer 29_gate @ epoch 0 new loss 0.0006513239932246506 old loss 0.0006606538663618267 BETTER
I0326 05:34:22.104266 1393090 finetune.py:68] layer 28_gate @ epoch 1 new loss 0.0004863925860263407 old loss 0.0004900682251900434 BETTER
I0326 05:34:29.953466 1393672 finetune.py:68] layer 29_gate @ epoch 1 new loss 0.0006457637064158916 old loss 0.0006513239932246506 BETTER
I0326 05:34:53.525520 1393090 finetune.py:68] layer 28_gate @ epoch 2 new loss 0.00048320755013264716 old loss 0.0004863925860263407 BETTER
I0326 05:34:59.720967 1393672 finetune.py:68] layer 29_gate @ epoch 2 new loss 0.000641411985270679 old loss 0.0006457637064158916 BETTER
I0326 05:35:24.948297 1393090 finetune.py:68] layer 28_gate @ epoch 3 new loss 0.0004806037759408355 old loss 0.00048320755013264716 BETTER
I0326 05:35:29.485841 1393672 finetune.py:68] layer 29_gate @ epoch 3 new loss 0.0006375475786626339 old loss 0.000641411985270679 BETTER
I0326 05:35:56.424046 1393090 finetune.py:68] layer 28_gate @ epoch 4 new loss 0.00047820768668316305 old loss 0.0004806037759408355 BETTER
I0326 05:35:59.188656 1393672 finetune.py:68] layer 29_gate @ epoch 4 new loss 0.000634306576102972 old loss 0.0006375475786626339 BETTER
I0326 05:36:19.085396 1393090 finetune.py:45] layer 28_down initial loss 0.000829414464533329
I0326 05:36:21.343273 1393672 finetune.py:45] layer 29_down initial loss 0.001130912103690207
I0326 05:36:47.380666 1393090 finetune.py:68] layer 28_down @ epoch 0 new loss 0.0008293191203847528 old loss 0.000829414464533329 BETTER
I0326 05:36:48.152175 1393672 finetune.py:68] layer 29_down @ epoch 0 new loss 0.001130647142417729 old loss 0.001130912103690207 BETTER
I0326 05:37:15.738420 1393672 finetune.py:68] layer 29_down @ epoch 1 new loss 0.0011304327053949237 old loss 0.001130647142417729 BETTER
I0326 05:37:16.512969 1393090 finetune.py:68] layer 28_down @ epoch 1 new loss 0.0008292316342703998 old loss 0.0008293191203847528 BETTER
I0326 05:37:43.378306 1393672 finetune.py:68] layer 29_down @ epoch 2 new loss 0.0011302619241178036 old loss 0.0011304327053949237 BETTER
I0326 05:37:45.711416 1393090 finetune.py:68] layer 28_down @ epoch 2 new loss 0.0008291543927043676 old loss 0.0008292316342703998 BETTER
I0326 05:38:11.046751 1393672 finetune.py:68] layer 29_down @ epoch 3 new loss 0.0011301117483526468 old loss 0.0011302619241178036 BETTER
I0326 05:38:14.955325 1393090 finetune.py:68] layer 28_down @ epoch 3 new loss 0.0008290846017189324 old loss 0.0008291543927043676 BETTER
I0326 05:38:38.812116 1393672 finetune.py:68] layer 29_down @ epoch 4 new loss 0.0011299708858132362 old loss 0.0011301117483526468 BETTER
29_v proxy err 0.012052749283611774 tr(WHW.T) 850.4290161132812
bpp_loss 3.303333878517151
29_q proxy err 0.002128331921994686 tr(WHW.T) 20659.447265625
bpp_loss 3.464329719543457
29_k proxy err 0.0007535289041697979 tr(WHW.T) 16413.349609375
bpp_loss 4.259103536605835
29_o proxy err 0.011118665337562561 tr(WHW.T) 3110.4033203125
bpp_loss 3.0940483808517456
29_up proxy err 0.01278185285627842 tr(WHW.T) 12858.0390625
bpp_loss 3.0586471557617188
29_gate proxy err 0.004573336336761713 tr(WHW.T) 38262.15625
bpp_loss 3.3337278366088867
29_down proxy err 0.01593877002596855 tr(WHW.T) 7569.83251953125
bpp_loss 3.02508476802281
I0326 05:38:44.365360 1393090 finetune.py:68] layer 28_down @ epoch 4 new loss 0.000829018244985491 old loss 0.0008290846017189324 BETTER
28_v proxy err 0.01549232006072998 tr(WHW.T) 601.4844360351562
bpp_loss 3.2381471395492554
28_q proxy err 0.0017294017598032951 tr(WHW.T) 23182.099609375
bpp_loss 3.4729233980178833
28_k proxy err 0.0007407473167404532 tr(WHW.T) 15032.2666015625
bpp_loss 4.182328462600708
28_o proxy err 0.016269654035568237 tr(WHW.T) 2520.239990234375
bpp_loss 3.061489701271057
28_up proxy err 0.0158582404255867 tr(WHW.T) 10249.9443359375
bpp_loss 3.0267814908708846
28_gate proxy err 0.004864963702857494 tr(WHW.T) 35859.140625
bpp_loss 3.3426480974469865
28_down proxy err 0.01833811029791832 tr(WHW.T) 7296.0439453125
bpp_loss 3.0120692934308733
I0326 05:39:52.779891 1258494 quantize_finetune_llama.py:240] computed original embedding for layer 30 in 63.52716636657715s
I0326 05:39:55.995074 1404318 config.py:54] PyTorch version 2.6.0 available.
W0326 05:39:56.275761 1404318 warnings.py:109] /opt/conda/lib/python3.10/site-packages/torchvision/io/image.py:13: UserWarning: Failed to load image Python extension: '/opt/conda/lib/python3.10/site-packages/torchvision/image.so: undefined symbol: _ZN3c1017RegisterOperatorsD1Ev'If you don't plan on using image functionality from `torchvision.io`, you can ignore this warning. Otherwise, there might be something wrong with your environment. Did you have `libjpeg` or `libpng` installed before building `torchvision` from source?
  warn(

W0326 05:39:57.154014 1404318 warnings.py:109] /opt/conda/lib/python3.10/site-packages/compressai/models/video/google.py:353: FutureWarning: `torch.cuda.amp.autocast(args...)` is deprecated. Please use `torch.amp.autocast('cuda', args...)` instead.
  @amp.autocast(enabled=False)

I0326 05:39:57.158058 1258494 quantize_finetune_llama.py:209] layer 31 gpu 1
I0326 05:39:57.172825 1404318 data_utils.py:336] using 256 training seqs, 128 validation seqs
The attention layers in this model are transitioning from computing the RoPE embeddings internally through `position_ids` (2D tensor with the indexes of the tokens), to using externally computed `position_embeddings` (Tuple of tensors, containing cos and sin). In v4.46 `position_ids` will be removed and `position_embeddings` will be mandatory.
I0326 05:40:04.486388 1404318 finetune.py:45] layer 30_v initial loss 0.0001642741699470207
W0326 05:40:04.486656 1404318 warnings.py:109] /workspace/Weight_compression/comp_lm_qtip/lib/algo/finetune.py:46: FutureWarning: `torch.cuda.amp.GradScaler(args...)` is deprecated. Please use `torch.amp.GradScaler('cuda', args...)` instead.
  scaler = torch.cuda.amp.GradScaler(enabled=(orig_dtype==torch.float16))

I0326 05:40:40.537892 1404318 finetune.py:68] layer 30_v @ epoch 0 new loss 0.00010395493154646829 old loss 0.0001642741699470207 BETTER
I0326 05:40:57.657101 1258494 quantize_finetune_llama.py:240] computed original embedding for layer 31 in 60.08300542831421s
I0326 05:41:01.094366 1404897 config.py:54] PyTorch version 2.6.0 available.
W0326 05:41:01.380356 1404897 warnings.py:109] /opt/conda/lib/python3.10/site-packages/torchvision/io/image.py:13: UserWarning: Failed to load image Python extension: '/opt/conda/lib/python3.10/site-packages/torchvision/image.so: undefined symbol: _ZN3c1017RegisterOperatorsD1Ev'If you don't plan on using image functionality from `torchvision.io`, you can ignore this warning. Otherwise, there might be something wrong with your environment. Did you have `libjpeg` or `libpng` installed before building `torchvision` from source?
  warn(

W0326 05:41:02.296084 1404897 warnings.py:109] /opt/conda/lib/python3.10/site-packages/compressai/models/video/google.py:353: FutureWarning: `torch.cuda.amp.autocast(args...)` is deprecated. Please use `torch.amp.autocast('cuda', args...)` instead.
  @amp.autocast(enabled=False)

I0326 05:41:02.313217 1404897 data_utils.py:336] using 256 training seqs, 128 validation seqs
The attention layers in this model are transitioning from computing the RoPE embeddings internally through `position_ids` (2D tensor with the indexes of the tokens), to using externally computed `position_embeddings` (Tuple of tensors, containing cos and sin). In v4.46 `position_ids` will be removed and `position_embeddings` will be mandatory.
I0326 05:41:09.154508 1404897 finetune.py:45] layer 31_v initial loss 0.0003513468836899847
W0326 05:41:09.154785 1404897 warnings.py:109] /workspace/Weight_compression/comp_lm_qtip/lib/algo/finetune.py:46: FutureWarning: `torch.cuda.amp.GradScaler(args...)` is deprecated. Please use `torch.amp.GradScaler('cuda', args...)` instead.
  scaler = torch.cuda.amp.GradScaler(enabled=(orig_dtype==torch.float16))

I0326 05:41:17.632887 1404318 finetune.py:68] layer 30_v @ epoch 1 new loss 9.708157449495047e-05 old loss 0.00010395493154646829 BETTER
I0326 05:41:42.694456 1404897 finetune.py:68] layer 31_v @ epoch 0 new loss 0.00018022608128376305 old loss 0.0003513468836899847 BETTER
I0326 05:41:54.778874 1404318 finetune.py:68] layer 30_v @ epoch 2 new loss 9.366049926029518e-05 old loss 9.708157449495047e-05 BETTER
I0326 05:42:17.269700 1404897 finetune.py:76] layer 31_v @ epoch 1 new loss 0.0002143776509910822 old loss 0.00018022608128376305 WORSE
I0326 05:42:31.729207 1404318 finetune.py:68] layer 30_v @ epoch 3 new loss 9.219833737006411e-05 old loss 9.366049926029518e-05 BETTER
I0326 05:42:51.517716 1404897 finetune.py:68] layer 31_v @ epoch 2 new loss 0.00017505350115243345 old loss 0.00018022608128376305 BETTER
I0326 05:43:08.708329 1404318 finetune.py:68] layer 30_v @ epoch 4 new loss 8.974374213721603e-05 old loss 9.219833737006411e-05 BETTER
I0326 05:43:18.308706 1404318 finetune.py:45] layer 30_q initial loss 0.00012468185741454363
I0326 05:43:26.565055 1404897 finetune.py:68] layer 31_v @ epoch 3 new loss 0.00016167009016498923 old loss 0.00017505350115243345 BETTER
I0326 05:43:54.384648 1404318 finetune.py:68] layer 30_q @ epoch 0 new loss 0.00011424379772506654 old loss 0.00012468185741454363 BETTER
I0326 05:44:01.657197 1404897 finetune.py:68] layer 31_v @ epoch 4 new loss 0.0001544160331832245 old loss 0.00016167009016498923 BETTER
I0326 05:44:11.010736 1404897 finetune.py:45] layer 31_q initial loss 0.00026758696185424924
I0326 05:44:31.317464 1404318 finetune.py:68] layer 30_q @ epoch 1 new loss 0.0001116563071263954 old loss 0.00011424379772506654 BETTER
I0326 05:44:44.801214 1404897 finetune.py:68] layer 31_q @ epoch 0 new loss 0.0002178874856326729 old loss 0.00026758696185424924 BETTER
