I0325 18:48:19.212696 1014653 finetune.py:45] layer 5_down initial loss 0.00014006171841174364
I0325 18:48:19.317843 1013719 finetune.py:45] layer 4_down initial loss 9.974834392778575e-05
I0325 18:48:45.943536 1014653 finetune.py:68] layer 5_down @ epoch 0 new loss 0.00014000418013893068 old loss 0.00014006171841174364 BETTER
I0325 18:48:47.634891 1013719 finetune.py:68] layer 4_down @ epoch 0 new loss 9.969433449441567e-05 old loss 9.974834392778575e-05 BETTER
I0325 18:49:13.701368 1014653 finetune.py:68] layer 5_down @ epoch 1 new loss 0.00013996152847539634 old loss 0.00014000418013893068 BETTER
I0325 18:49:17.069581 1013719 finetune.py:68] layer 4_down @ epoch 1 new loss 9.965390927391127e-05 old loss 9.969433449441567e-05 BETTER
I0325 18:49:41.459510 1014653 finetune.py:68] layer 5_down @ epoch 2 new loss 0.00013992541062179953 old loss 0.00013996152847539634 BETTER
I0325 18:49:46.541628 1013719 finetune.py:68] layer 4_down @ epoch 2 new loss 9.961829346138984e-05 old loss 9.965390927391127e-05 BETTER
I0325 18:50:09.230237 1014653 finetune.py:68] layer 5_down @ epoch 3 new loss 0.0001398944586981088 old loss 0.00013992541062179953 BETTER
I0325 18:50:16.088360 1013719 finetune.py:68] layer 4_down @ epoch 3 new loss 9.958790906239301e-05 old loss 9.961829346138984e-05 BETTER
I0325 18:50:36.973871 1014653 finetune.py:68] layer 5_down @ epoch 4 new loss 0.0001398660388076678 old loss 0.0001398944586981088 BETTER
5_v proxy err 0.07773909717798233 tr(WHW.T) 208.81988525390625
bpp_loss 2.127954602241516
5_q proxy err 0.002258944557979703 tr(WHW.T) 36022.1640625
bpp_loss 3.043466806411743
5_k proxy err 0.0010005689691752195 tr(WHW.T) 23058.359375
bpp_loss 3.862603783607483
5_o proxy err 0.06373060494661331 tr(WHW.T) 1073.214599609375
bpp_loss 2.2662819623947144
5_up proxy err 0.04156552627682686 tr(WHW.T) 7657.8603515625
bpp_loss 2.428450311933245
5_gate proxy err 0.011399442330002785 tr(WHW.T) 30361.607421875
bpp_loss 2.75093936920166
5_down proxy err 0.04813840240240097 tr(WHW.T) 6513.04736328125
bpp_loss 2.4316818714141846
I0325 18:50:45.837931 1013719 finetune.py:68] layer 4_down @ epoch 4 new loss 9.956116991816089e-05 old loss 9.958790906239301e-05 BETTER
4_v proxy err 0.05734242498874664 tr(WHW.T) 285.30712890625
bpp_loss 2.239655017852783
4_q proxy err 0.0016044947551563382 tr(WHW.T) 50140.01171875
bpp_loss 3.067779064178467
4_k proxy err 0.0007879872573539615 tr(WHW.T) 29373.05859375
bpp_loss 3.889027237892151
4_o proxy err 0.05486854538321495 tr(WHW.T) 1315.539794921875
bpp_loss 2.3179253339767456
4_up proxy err 0.04336943477392197 tr(WHW.T) 7379.947265625
bpp_loss 2.423159599304199
4_gate proxy err 0.01200755313038826 tr(WHW.T) 29030.220703125
bpp_loss 2.74795286996024
4_down proxy err 0.049013275653123856 tr(WHW.T) 6495.33935546875
bpp_loss 2.4266456195286343
I0325 18:51:53.969283 975333 quantize_finetune_llama.py:240] computed original embedding for layer 6 in 63.192827463150024s
I0325 18:51:57.366436 1032025 config.py:54] PyTorch version 2.6.0 available.
W0325 18:51:57.650493 1032025 warnings.py:109] /opt/conda/lib/python3.10/site-packages/torchvision/io/image.py:13: UserWarning: Failed to load image Python extension: '/opt/conda/lib/python3.10/site-packages/torchvision/image.so: undefined symbol: _ZN3c1017RegisterOperatorsD1Ev'If you don't plan on using image functionality from `torchvision.io`, you can ignore this warning. Otherwise, there might be something wrong with your environment. Did you have `libjpeg` or `libpng` installed before building `torchvision` from source?
  warn(

W0325 18:51:58.518127 1032025 warnings.py:109] /opt/conda/lib/python3.10/site-packages/compressai/models/video/google.py:353: FutureWarning: `torch.cuda.amp.autocast(args...)` is deprecated. Please use `torch.amp.autocast('cuda', args...)` instead.
  @amp.autocast(enabled=False)

I0325 18:51:58.522214 975333 quantize_finetune_llama.py:209] layer 7 gpu 1
I0325 18:51:58.536007 1032025 data_utils.py:336] using 256 training seqs, 128 validation seqs
The attention layers in this model are transitioning from computing the RoPE embeddings internally through `position_ids` (2D tensor with the indexes of the tokens), to using externally computed `position_embeddings` (Tuple of tensors, containing cos and sin). In v4.46 `position_ids` will be removed and `position_embeddings` will be mandatory.
I0325 18:52:05.715501 1032025 finetune.py:45] layer 6_v initial loss 3.920683229807764e-05
W0325 18:52:05.715716 1032025 warnings.py:109] /workspace/Weight_compression/comp_lm_qtip/lib/algo/finetune.py:46: FutureWarning: `torch.cuda.amp.GradScaler(args...)` is deprecated. Please use `torch.amp.GradScaler('cuda', args...)` instead.
  scaler = torch.cuda.amp.GradScaler(enabled=(orig_dtype==torch.float16))

I0325 18:52:41.529625 1032025 finetune.py:68] layer 6_v @ epoch 0 new loss 2.172294625779614e-05 old loss 3.920683229807764e-05 BETTER
I0325 18:52:58.693390 975333 quantize_finetune_llama.py:240] computed original embedding for layer 7 in 59.74563646316528s
I0325 18:53:02.146214 1032944 config.py:54] PyTorch version 2.6.0 available.
W0325 18:53:02.461645 1032944 warnings.py:109] /opt/conda/lib/python3.10/site-packages/torchvision/io/image.py:13: UserWarning: Failed to load image Python extension: '/opt/conda/lib/python3.10/site-packages/torchvision/image.so: undefined symbol: _ZN3c1017RegisterOperatorsD1Ev'If you don't plan on using image functionality from `torchvision.io`, you can ignore this warning. Otherwise, there might be something wrong with your environment. Did you have `libjpeg` or `libpng` installed before building `torchvision` from source?
  warn(

W0325 18:53:03.389233 1032944 warnings.py:109] /opt/conda/lib/python3.10/site-packages/compressai/models/video/google.py:353: FutureWarning: `torch.cuda.amp.autocast(args...)` is deprecated. Please use `torch.amp.autocast('cuda', args...)` instead.
  @amp.autocast(enabled=False)

I0325 18:53:03.393336 975333 quantize_finetune_llama.py:209] layer 8 gpu 0
I0325 18:53:03.407372 1032944 data_utils.py:336] using 256 training seqs, 128 validation seqs
The attention layers in this model are transitioning from computing the RoPE embeddings internally through `position_ids` (2D tensor with the indexes of the tokens), to using externally computed `position_embeddings` (Tuple of tensors, containing cos and sin). In v4.46 `position_ids` will be removed and `position_embeddings` will be mandatory.
I0325 18:53:10.344550 1032944 finetune.py:45] layer 7_v initial loss 4.138965596212074e-05
W0325 18:53:10.344841 1032944 warnings.py:109] /workspace/Weight_compression/comp_lm_qtip/lib/algo/finetune.py:46: FutureWarning: `torch.cuda.amp.GradScaler(args...)` is deprecated. Please use `torch.amp.GradScaler('cuda', args...)` instead.
  scaler = torch.cuda.amp.GradScaler(enabled=(orig_dtype==torch.float16))

I0325 18:53:18.486480 1032025 finetune.py:68] layer 6_v @ epoch 1 new loss 1.9663702914840542e-05 old loss 2.172294625779614e-05 BETTER
I0325 18:53:43.777329 1032944 finetune.py:68] layer 7_v @ epoch 0 new loss 2.672136906767264e-05 old loss 4.138965596212074e-05 BETTER
I0325 18:53:55.582138 1032025 finetune.py:68] layer 6_v @ epoch 2 new loss 1.8672124497243203e-05 old loss 1.9663702914840542e-05 BETTER
I0325 18:54:18.251896 1032944 finetune.py:68] layer 7_v @ epoch 1 new loss 2.458219569234643e-05 old loss 2.672136906767264e-05 BETTER
I0325 18:54:32.852166 1032025 finetune.py:68] layer 6_v @ epoch 3 new loss 1.8025193639914505e-05 old loss 1.8672124497243203e-05 BETTER
I0325 18:54:53.285606 1032944 finetune.py:68] layer 7_v @ epoch 2 new loss 2.3446131308446638e-05 old loss 2.458219569234643e-05 BETTER
I0325 18:55:10.093417 1032025 finetune.py:68] layer 6_v @ epoch 4 new loss 1.754479671944864e-05 old loss 1.8025193639914505e-05 BETTER
I0325 18:55:19.970181 1032025 finetune.py:45] layer 6_q initial loss 2.244582719868049e-05
I0325 18:55:28.456938 1032944 finetune.py:68] layer 7_v @ epoch 3 new loss 2.2682210328639485e-05 old loss 2.3446131308446638e-05 BETTER
I0325 18:55:56.281929 1032025 finetune.py:68] layer 6_q @ epoch 0 new loss 2.083602339553181e-05 old loss 2.244582719868049e-05 BETTER
I0325 18:56:03.633363 1032944 finetune.py:68] layer 7_v @ epoch 4 new loss 2.2097598048276268e-05 old loss 2.2682210328639485e-05 BETTER
I0325 18:56:13.153730 1032944 finetune.py:45] layer 7_q initial loss 2.8915466828038916e-05
I0325 18:56:33.279200 1032025 finetune.py:68] layer 6_q @ epoch 1 new loss 2.0301016775192693e-05 old loss 2.083602339553181e-05 BETTER
I0325 18:56:47.078269 1032944 finetune.py:68] layer 7_q @ epoch 0 new loss 2.7050466087530367e-05 old loss 2.8915466828038916e-05 BETTER
I0325 18:57:10.306807 1032025 finetune.py:68] layer 6_q @ epoch 2 new loss 1.990660712181125e-05 old loss 2.0301016775192693e-05 BETTER
I0325 18:57:21.657429 1032944 finetune.py:68] layer 7_q @ epoch 1 new loss 2.6375304514658637e-05 old loss 2.7050466087530367e-05 BETTER
I0325 18:57:47.306854 1032025 finetune.py:68] layer 6_q @ epoch 3 new loss 1.9568764400901273e-05 old loss 1.990660712181125e-05 BETTER
I0325 18:57:56.380609 1032944 finetune.py:68] layer 7_q @ epoch 2 new loss 2.586587652331218e-05 old loss 2.6375304514658637e-05 BETTER
I0325 18:58:24.273421 1032025 finetune.py:68] layer 6_q @ epoch 4 new loss 1.9290795535198413e-05 old loss 1.9568764400901273e-05 BETTER
I0325 18:58:31.121271 1032944 finetune.py:68] layer 7_q @ epoch 3 new loss 2.5457322408328764e-05 old loss 2.586587652331218e-05 BETTER
I0325 18:58:32.310539 1032025 finetune.py:45] layer 6_k initial loss 2.0770794435520656e-05
I0325 18:59:06.000525 1032944 finetune.py:68] layer 7_q @ epoch 4 new loss 2.510133526811842e-05 old loss 2.5457322408328764e-05 BETTER
I0325 18:59:08.706094 1032025 finetune.py:68] layer 6_k @ epoch 0 new loss 2.0252027752576396e-05 old loss 2.0770794435520656e-05 BETTER
I0325 18:59:13.826228 1032944 finetune.py:45] layer 7_k initial loss 2.6997597160516307e-05
I0325 18:59:45.772196 1032025 finetune.py:68] layer 6_k @ epoch 1 new loss 2.0017971110064536e-05 old loss 2.0252027752576396e-05 BETTER
I0325 18:59:47.754987 1032944 finetune.py:68] layer 7_k @ epoch 0 new loss 2.635491000546608e-05 old loss 2.6997597160516307e-05 BETTER
I0325 19:00:22.317558 1032944 finetune.py:68] layer 7_k @ epoch 1 new loss 2.6055960915982723e-05 old loss 2.635491000546608e-05 BETTER
I0325 19:00:22.647833 1032025 finetune.py:68] layer 6_k @ epoch 2 new loss 1.9818318833131343e-05 old loss 2.0017971110064536e-05 BETTER
I0325 19:00:56.950589 1032944 finetune.py:68] layer 7_k @ epoch 2 new loss 2.5804969482123852e-05 old loss 2.6055960915982723e-05 BETTER
I0325 19:00:59.365048 1032025 finetune.py:68] layer 6_k @ epoch 3 new loss 1.9633036572486162e-05 old loss 1.9818318833131343e-05 BETTER
I0325 19:01:31.627433 1032944 finetune.py:68] layer 7_k @ epoch 3 new loss 2.5581821319065057e-05 old loss 2.5804969482123852e-05 BETTER
I0325 19:01:36.359801 1032025 finetune.py:68] layer 6_k @ epoch 4 new loss 1.9472658095764928e-05 old loss 1.9633036572486162e-05 BETTER
I0325 19:01:46.136247 1032025 finetune.py:45] layer 6_o initial loss 5.951813000137918e-05
I0325 19:02:06.401598 1032944 finetune.py:68] layer 7_k @ epoch 4 new loss 2.5373006792506203e-05 old loss 2.5581821319065057e-05 BETTER
I0325 19:02:16.025905 1032944 finetune.py:45] layer 7_o initial loss 8.360311767319217e-05
I0325 19:02:21.441277 1032025 finetune.py:68] layer 6_o @ epoch 0 new loss 5.477566082845442e-05 old loss 5.951813000137918e-05 BETTER
I0325 19:02:49.292329 1032944 finetune.py:68] layer 7_o @ epoch 0 new loss 7.618695963174105e-05 old loss 8.360311767319217e-05 BETTER
I0325 19:02:57.495453 1032025 finetune.py:68] layer 6_o @ epoch 1 new loss 5.280285040498711e-05 old loss 5.477566082845442e-05 BETTER
I0325 19:03:23.377238 1032944 finetune.py:68] layer 7_o @ epoch 1 new loss 7.283170998562127e-05 old loss 7.618695963174105e-05 BETTER
I0325 19:03:33.575932 1032025 finetune.py:68] layer 6_o @ epoch 2 new loss 5.143634552950971e-05 old loss 5.280285040498711e-05 BETTER
I0325 19:03:57.685052 1032944 finetune.py:68] layer 7_o @ epoch 2 new loss 7.053541048662737e-05 old loss 7.283170998562127e-05 BETTER
I0325 19:04:09.702615 1032025 finetune.py:68] layer 6_o @ epoch 3 new loss 5.03693227074109e-05 old loss 5.143634552950971e-05 BETTER
I0325 19:04:31.971307 1032944 finetune.py:68] layer 7_o @ epoch 3 new loss 6.875807594042271e-05 old loss 7.053541048662737e-05 BETTER
I0325 19:04:45.705533 1032025 finetune.py:68] layer 6_o @ epoch 4 new loss 4.948751666233875e-05 old loss 5.03693227074109e-05 BETTER
I0325 19:05:06.109677 1032944 finetune.py:68] layer 7_o @ epoch 4 new loss 6.732530164299533e-05 old loss 6.875807594042271e-05 BETTER
I0325 19:05:07.614903 1032025 finetune.py:45] layer 6_up initial loss 0.00010444714280311018
I0325 19:05:27.920471 1032944 finetune.py:45] layer 7_up initial loss 0.000127179388073273
I0325 19:05:39.988678 1032025 finetune.py:68] layer 6_up @ epoch 0 new loss 0.00010177090007346123 old loss 0.00010444714280311018 BETTER
I0325 19:05:58.694753 1032944 finetune.py:68] layer 7_up @ epoch 0 new loss 0.0001237930409843102 old loss 0.000127179388073273 BETTER
I0325 19:06:13.570129 1032025 finetune.py:68] layer 6_up @ epoch 1 new loss 0.00010010897676693276 old loss 0.00010177090007346123 BETTER
I0325 19:06:30.635095 1032944 finetune.py:68] layer 7_up @ epoch 1 new loss 0.00012166858505224809 old loss 0.0001237930409843102 BETTER
I0325 19:06:47.302062 1032025 finetune.py:68] layer 6_up @ epoch 2 new loss 9.876002150122076e-05 old loss 0.00010010897676693276 BETTER
I0325 19:07:02.695122 1032944 finetune.py:68] layer 7_up @ epoch 2 new loss 0.00011991854989901185 old loss 0.00012166858505224809 BETTER
I0325 19:07:21.032016 1032025 finetune.py:68] layer 6_up @ epoch 3 new loss 9.758987289387733e-05 old loss 9.876002150122076e-05 BETTER
I0325 19:07:34.869655 1032944 finetune.py:68] layer 7_up @ epoch 3 new loss 0.00011840374645544216 old loss 0.00011991854989901185 BETTER
I0325 19:07:55.020021 1032025 finetune.py:68] layer 6_up @ epoch 4 new loss 9.65354047366418e-05 old loss 9.758987289387733e-05 BETTER
I0325 19:08:07.079863 1032944 finetune.py:68] layer 7_up @ epoch 4 new loss 0.00011703977361321449 old loss 0.00011840374645544216 BETTER
I0325 19:08:17.021183 1032025 finetune.py:45] layer 6_gate initial loss 0.0001155393329099752
I0325 19:08:28.846766 1032944 finetune.py:45] layer 7_gate initial loss 0.00014003347314428538
I0325 19:08:47.452686 1032025 finetune.py:68] layer 6_gate @ epoch 0 new loss 0.00011430440645199269 old loss 0.0001155393329099752 BETTER
I0325 19:08:57.562170 1032944 finetune.py:68] layer 7_gate @ epoch 0 new loss 0.00013845441571902484 old loss 0.00014003347314428538 BETTER
I0325 19:09:18.955609 1032025 finetune.py:68] layer 6_gate @ epoch 1 new loss 0.00011333282600389794 old loss 0.00011430440645199269 BETTER
I0325 19:09:27.293143 1032944 finetune.py:68] layer 7_gate @ epoch 1 new loss 0.000137238297611475 old loss 0.00013845441571902484 BETTER
I0325 19:09:50.605078 1032025 finetune.py:68] layer 6_gate @ epoch 2 new loss 0.00011247166548855603 old loss 0.00011333282600389794 BETTER
I0325 19:09:57.096277 1032944 finetune.py:68] layer 7_gate @ epoch 2 new loss 0.00013616473006550223 old loss 0.000137238297611475 BETTER
I0325 19:10:22.459086 1032025 finetune.py:68] layer 6_gate @ epoch 3 new loss 0.00011167940101586282 old loss 0.00011247166548855603 BETTER
I0325 19:10:27.080910 1032944 finetune.py:68] layer 7_gate @ epoch 3 new loss 0.0001351822866126895 old loss 0.00013616473006550223 BETTER
I0325 19:10:54.099165 1032025 finetune.py:68] layer 6_gate @ epoch 4 new loss 0.00011094680667156354 old loss 0.00011167940101586282 BETTER
I0325 19:10:57.083652 1032944 finetune.py:68] layer 7_gate @ epoch 4 new loss 0.0001342740433756262 old loss 0.0001351822866126895 BETTER
I0325 19:11:17.844140 1032025 finetune.py:45] layer 6_down initial loss 0.00017765266238711774
I0325 19:11:20.253141 1032944 finetune.py:45] layer 7_down initial loss 0.00020763570501003414
I0325 19:11:46.056252 1032025 finetune.py:68] layer 6_down @ epoch 0 new loss 0.00017758290050551295 old loss 0.00017765266238711774 BETTER
I0325 19:11:47.085730 1032944 finetune.py:68] layer 7_down @ epoch 0 new loss 0.00020756496815010905 old loss 0.00020763570501003414 BETTER
I0325 19:12:14.788561 1032944 finetune.py:68] layer 7_down @ epoch 1 new loss 0.000207501943805255 old loss 0.00020756496815010905 BETTER
I0325 19:12:15.094538 1032025 finetune.py:68] layer 6_down @ epoch 1 new loss 0.00017752959684003145 old loss 0.00017758290050551295 BETTER
I0325 19:12:42.519264 1032944 finetune.py:68] layer 7_down @ epoch 2 new loss 0.0002074462827295065 old loss 0.000207501943805255 BETTER
I0325 19:12:44.593548 1032025 finetune.py:68] layer 6_down @ epoch 2 new loss 0.00017748524260241538 old loss 0.00017752959684003145 BETTER
I0325 19:13:10.331737 1032944 finetune.py:68] layer 7_down @ epoch 3 new loss 0.0002073958603432402 old loss 0.0002074462827295065 BETTER
I0325 19:13:14.052599 1032025 finetune.py:68] layer 6_down @ epoch 3 new loss 0.00017744582146406174 old loss 0.00017748524260241538 BETTER
I0325 19:13:38.188870 1032944 finetune.py:68] layer 7_down @ epoch 4 new loss 0.00020734932331833988 old loss 0.0002073958603432402 BETTER
7_v proxy err 0.054532043635845184 tr(WHW.T) 309.4270935058594
bpp_loss 2.1714601516723633
7_q proxy err 0.0024560000747442245 tr(WHW.T) 35181.96484375
bpp_loss 3.0170546770095825
7_k proxy err 0.0009348637540824711 tr(WHW.T) 26960.984375
bpp_loss 3.951054573059082
7_o proxy err 0.07389151304960251 tr(WHW.T) 981.849365234375
bpp_loss 2.309838652610779
7_up proxy err 0.03588808700442314 tr(WHW.T) 8623.71484375
bpp_loss 2.4399345942905972
7_gate proxy err 0.009593779221177101 tr(WHW.T) 34868.63671875
bpp_loss 2.727545601981027
7_down proxy err 0.048095621168613434 tr(WHW.T) 6640.62109375
bpp_loss 2.4461565698896135
I0325 19:13:43.454021 1032025 finetune.py:68] layer 6_down @ epoch 4 new loss 0.00017741079500410706 old loss 0.00017744582146406174 BETTER
6_v proxy err 0.06482826918363571 tr(WHW.T) 253.63377380371094
bpp_loss 2.17340886592865
6_q proxy err 0.002338375197723508 tr(WHW.T) 35684.02734375
bpp_loss 3.0881214141845703
6_k proxy err 0.0009182809153571725 tr(WHW.T) 26253.4296875
bpp_loss 3.930781602859497
6_o proxy err 0.07259651273488998 tr(WHW.T) 1031.54248046875
bpp_loss 2.299301266670227
6_up proxy err 0.03946142643690109 tr(WHW.T) 7918.51220703125
bpp_loss 2.4275030408586775
6_gate proxy err 0.009568019770085812 tr(WHW.T) 35638.78515625
bpp_loss 2.7551210948399136
6_down proxy err 0.04776019975543022 tr(WHW.T) 6592.70654296875
bpp_loss 2.4321036679404124
I0325 19:14:51.923362 975333 quantize_finetune_llama.py:240] computed original embedding for layer 8 in 63.62218260765076s
I0325 19:14:55.130372 1050187 config.py:54] PyTorch version 2.6.0 available.
W0325 19:14:55.409335 1050187 warnings.py:109] /opt/conda/lib/python3.10/site-packages/torchvision/io/image.py:13: UserWarning: Failed to load image Python extension: '/opt/conda/lib/python3.10/site-packages/torchvision/image.so: undefined symbol: _ZN3c1017RegisterOperatorsD1Ev'If you don't plan on using image functionality from `torchvision.io`, you can ignore this warning. Otherwise, there might be something wrong with your environment. Did you have `libjpeg` or `libpng` installed before building `torchvision` from source?
  warn(

W0325 19:14:56.281130 1050187 warnings.py:109] /opt/conda/lib/python3.10/site-packages/compressai/models/video/google.py:353: FutureWarning: `torch.cuda.amp.autocast(args...)` is deprecated. Please use `torch.amp.autocast('cuda', args...)` instead.
  @amp.autocast(enabled=False)

I0325 19:14:56.285000 975333 quantize_finetune_llama.py:209] layer 9 gpu 1
I0325 19:14:56.297447 1050187 data_utils.py:336] using 256 training seqs, 128 validation seqs
The attention layers in this model are transitioning from computing the RoPE embeddings internally through `position_ids` (2D tensor with the indexes of the tokens), to using externally computed `position_embeddings` (Tuple of tensors, containing cos and sin). In v4.46 `position_ids` will be removed and `position_embeddings` will be mandatory.
I0325 19:15:03.542625 1050187 finetune.py:45] layer 8_v initial loss 4.510521830525249e-05
W0325 19:15:03.542813 1050187 warnings.py:109] /workspace/Weight_compression/comp_lm_qtip/lib/algo/finetune.py:46: FutureWarning: `torch.cuda.amp.GradScaler(args...)` is deprecated. Please use `torch.amp.GradScaler('cuda', args...)` instead.
  scaler = torch.cuda.amp.GradScaler(enabled=(orig_dtype==torch.float16))

I0325 19:15:39.727927 1050187 finetune.py:68] layer 8_v @ epoch 0 new loss 2.9989045287948102e-05 old loss 4.510521830525249e-05 BETTER
I0325 19:15:56.693643 975333 quantize_finetune_llama.py:240] computed original embedding for layer 9 in 59.99244999885559s
I0325 19:16:00.128747 1051098 config.py:54] PyTorch version 2.6.0 available.
W0325 19:16:00.453221 1051098 warnings.py:109] /opt/conda/lib/python3.10/site-packages/torchvision/io/image.py:13: UserWarning: Failed to load image Python extension: '/opt/conda/lib/python3.10/site-packages/torchvision/image.so: undefined symbol: _ZN3c1017RegisterOperatorsD1Ev'If you don't plan on using image functionality from `torchvision.io`, you can ignore this warning. Otherwise, there might be something wrong with your environment. Did you have `libjpeg` or `libpng` installed before building `torchvision` from source?
  warn(

W0325 19:16:01.389371 1051098 warnings.py:109] /opt/conda/lib/python3.10/site-packages/compressai/models/video/google.py:353: FutureWarning: `torch.cuda.amp.autocast(args...)` is deprecated. Please use `torch.amp.autocast('cuda', args...)` instead.
  @amp.autocast(enabled=False)

I0325 19:16:01.393482 975333 quantize_finetune_llama.py:209] layer 10 gpu 0
I0325 19:16:01.407036 1051098 data_utils.py:336] using 256 training seqs, 128 validation seqs
The attention layers in this model are transitioning from computing the RoPE embeddings internally through `position_ids` (2D tensor with the indexes of the tokens), to using externally computed `position_embeddings` (Tuple of tensors, containing cos and sin). In v4.46 `position_ids` will be removed and `position_embeddings` will be mandatory.
I0325 19:16:08.375711 1051098 finetune.py:45] layer 9_v initial loss 5.051923290011473e-05
W0325 19:16:08.376014 1051098 warnings.py:109] /workspace/Weight_compression/comp_lm_qtip/lib/algo/finetune.py:46: FutureWarning: `torch.cuda.amp.GradScaler(args...)` is deprecated. Please use `torch.amp.GradScaler('cuda', args...)` instead.
  scaler = torch.cuda.amp.GradScaler(enabled=(orig_dtype==torch.float16))

I0325 19:16:17.120390 1050187 finetune.py:68] layer 8_v @ epoch 1 new loss 2.7679554477799684e-05 old loss 2.9989045287948102e-05 BETTER
I0325 19:16:42.011245 1051098 finetune.py:68] layer 9_v @ epoch 0 new loss 3.124740396742709e-05 old loss 5.051923290011473e-05 BETTER
I0325 19:16:54.670264 1050187 finetune.py:68] layer 8_v @ epoch 2 new loss 2.6441633963258937e-05 old loss 2.7679554477799684e-05 BETTER
I0325 19:17:16.576918 1051098 finetune.py:68] layer 9_v @ epoch 1 new loss 2.8496655431808904e-05 old loss 3.124740396742709e-05 BETTER
I0325 19:17:32.223545 1050187 finetune.py:68] layer 8_v @ epoch 3 new loss 2.5592946258257143e-05 old loss 2.6441633963258937e-05 BETTER
I0325 19:17:51.555356 1051098 finetune.py:68] layer 9_v @ epoch 2 new loss 2.7095911718788557e-05 old loss 2.8496655431808904e-05 BETTER
I0325 19:18:09.597938 1050187 finetune.py:68] layer 8_v @ epoch 4 new loss 2.4952161766123027e-05 old loss 2.5592946258257143e-05 BETTER
I0325 19:18:19.438506 1050187 finetune.py:45] layer 8_q initial loss 3.182974978699349e-05
I0325 19:18:26.722610 1051098 finetune.py:68] layer 9_v @ epoch 3 new loss 2.614280310808681e-05 old loss 2.7095911718788557e-05 BETTER
I0325 19:18:55.864397 1050187 finetune.py:68] layer 8_q @ epoch 0 new loss 3.0263348890002817e-05 old loss 3.182974978699349e-05 BETTER
I0325 19:19:02.089019 1051098 finetune.py:68] layer 9_v @ epoch 4 new loss 2.546066571085248e-05 old loss 2.614280310808681e-05 BETTER
I0325 19:19:11.556706 1051098 finetune.py:45] layer 9_q initial loss 3.3175412681885064e-05
I0325 19:19:32.841985 1050187 finetune.py:68] layer 8_q @ epoch 1 new loss 2.9545659344876185e-05 old loss 3.0263348890002817e-05 BETTER
I0325 19:19:45.640830 1051098 finetune.py:68] layer 9_q @ epoch 0 new loss 3.131805351586081e-05 old loss 3.3175412681885064e-05 BETTER
I0325 19:20:09.897376 1050187 finetune.py:68] layer 8_q @ epoch 2 new loss 2.9011909646214917e-05 old loss 2.9545659344876185e-05 BETTER
I0325 19:20:20.507762 1051098 finetune.py:68] layer 9_q @ epoch 1 new loss 3.057130015804432e-05 old loss 3.131805351586081e-05 BETTER
I0325 19:20:47.318838 1050187 finetune.py:68] layer 8_q @ epoch 3 new loss 2.8561378712765872e-05 old loss 2.9011909646214917e-05 BETTER
I0325 19:20:55.372310 1051098 finetune.py:68] layer 9_q @ epoch 2 new loss 3.0009003239683807e-05 old loss 3.057130015804432e-05 BETTER
I0325 19:21:24.380373 1050187 finetune.py:68] layer 8_q @ epoch 4 new loss 2.8186323106638156e-05 old loss 2.8561378712765872e-05 BETTER
I0325 19:21:30.194558 1051098 finetune.py:68] layer 9_q @ epoch 3 new loss 2.955306990770623e-05 old loss 3.0009003239683807e-05 BETTER
I0325 19:21:32.577898 1050187 finetune.py:45] layer 8_k initial loss 2.9782351703033783e-05
I0325 19:22:05.049670 1051098 finetune.py:68] layer 9_q @ epoch 4 new loss 2.915675941039808e-05 old loss 2.955306990770623e-05 BETTER
I0325 19:22:08.795745 1050187 finetune.py:68] layer 8_k @ epoch 0 new loss 2.9340237233554944e-05 old loss 2.9782351703033783e-05 BETTER
I0325 19:22:13.003489 1051098 finetune.py:45] layer 9_k initial loss 3.120631299680099e-05
I0325 19:22:45.858213 1050187 finetune.py:68] layer 8_k @ epoch 1 new loss 2.9042077585472725e-05 old loss 2.9340237233554944e-05 BETTER
I0325 19:22:47.023763 1051098 finetune.py:68] layer 9_k @ epoch 0 new loss 3.0668819817947224e-05 old loss 3.120631299680099e-05 BETTER
I0325 19:23:21.670083 1051098 finetune.py:68] layer 9_k @ epoch 1 new loss 3.0341188903548755e-05 old loss 3.0668819817947224e-05 BETTER
I0325 19:23:22.795733 1050187 finetune.py:68] layer 8_k @ epoch 2 new loss 2.87836210191017e-05 old loss 2.9042077585472725e-05 BETTER
I0325 19:23:56.376663 1051098 finetune.py:68] layer 9_k @ epoch 2 new loss 3.0052533475100063e-05 old loss 3.0341188903548755e-05 BETTER
I0325 19:23:59.819335 1050187 finetune.py:68] layer 8_k @ epoch 3 new loss 2.8543297958094627e-05 old loss 2.87836210191017e-05 BETTER
I0325 19:24:30.956276 1051098 finetune.py:68] layer 9_k @ epoch 3 new loss 2.980964200105518e-05 old loss 3.0052533475100063e-05 BETTER
I0325 19:24:36.855162 1050187 finetune.py:68] layer 8_k @ epoch 4 new loss 2.833421058312524e-05 old loss 2.8543297958094627e-05 BETTER
I0325 19:24:46.730080 1050187 finetune.py:45] layer 8_o initial loss 0.00010370928066549823
I0325 19:25:05.437929 1051098 finetune.py:68] layer 9_k @ epoch 4 new loss 2.957843753392808e-05 old loss 2.980964200105518e-05 BETTER
I0325 19:25:15.011584 1051098 finetune.py:45] layer 9_o initial loss 0.00011254390847170725
I0325 19:25:22.020995 1050187 finetune.py:68] layer 8_o @ epoch 0 new loss 9.471078374190256e-05 old loss 0.00010370928066549823 BETTER
I0325 19:25:48.298398 1051098 finetune.py:68] layer 9_o @ epoch 0 new loss 0.00010245268640574068 old loss 0.00011254390847170725 BETTER
I0325 19:25:58.020246 1050187 finetune.py:68] layer 8_o @ epoch 1 new loss 9.054299880517647e-05 old loss 9.471078374190256e-05 BETTER
I0325 19:26:22.149513 1051098 finetune.py:68] layer 9_o @ epoch 1 new loss 9.780843538464978e-05 old loss 0.00010245268640574068 BETTER
I0325 19:26:34.097289 1050187 finetune.py:68] layer 8_o @ epoch 2 new loss 8.761283970670775e-05 old loss 9.054299880517647e-05 BETTER
I0325 19:26:56.107042 1051098 finetune.py:68] layer 9_o @ epoch 2 new loss 9.450974175706506e-05 old loss 9.780843538464978e-05 BETTER
I0325 19:27:10.415658 1050187 finetune.py:68] layer 8_o @ epoch 3 new loss 8.53516103234142e-05 old loss 8.761283970670775e-05 BETTER
I0325 19:27:30.245663 1051098 finetune.py:68] layer 9_o @ epoch 3 new loss 9.197894542012364e-05 old loss 9.450974175706506e-05 BETTER
I0325 19:27:46.891693 1050187 finetune.py:68] layer 8_o @ epoch 4 new loss 8.348748087882996e-05 old loss 8.53516103234142e-05 BETTER
I0325 19:28:04.370097 1051098 finetune.py:68] layer 9_o @ epoch 4 new loss 8.990569040179253e-05 old loss 9.197894542012364e-05 BETTER
I0325 19:28:08.966263 1050187 finetune.py:45] layer 8_up initial loss 0.00014874187763780355
I0325 19:28:26.134168 1051098 finetune.py:45] layer 9_up initial loss 0.0001618801470613107
I0325 19:28:41.555083 1050187 finetune.py:68] layer 8_up @ epoch 0 new loss 0.00014499473036266863 old loss 0.00014874187763780355 BETTER
I0325 19:28:56.999848 1051098 finetune.py:68] layer 9_up @ epoch 0 new loss 0.00015741889365017414 old loss 0.0001618801470613107 BETTER
I0325 19:29:15.288307 1050187 finetune.py:68] layer 8_up @ epoch 1 new loss 0.00014253435074351728 old loss 0.00014499473036266863 BETTER
I0325 19:29:29.144844 1051098 finetune.py:68] layer 9_up @ epoch 1 new loss 0.0001546290295664221 old loss 0.00015741889365017414 BETTER
I0325 19:29:49.073028 1050187 finetune.py:68] layer 8_up @ epoch 2 new loss 0.00014049725723452866 old loss 0.00014253435074351728 BETTER
I0325 19:30:01.254441 1051098 finetune.py:68] layer 9_up @ epoch 2 new loss 0.0001523244718555361 old loss 0.0001546290295664221 BETTER
I0325 19:30:22.966331 1050187 finetune.py:68] layer 8_up @ epoch 3 new loss 0.0001387349475407973 old loss 0.00014049725723452866 BETTER
I0325 19:30:33.407144 1051098 finetune.py:68] layer 9_up @ epoch 3 new loss 0.00015030161011964083 old loss 0.0001523244718555361 BETTER
I0325 19:30:56.821821 1050187 finetune.py:68] layer 8_up @ epoch 4 new loss 0.00013712942018173635 old loss 0.0001387349475407973 BETTER
I0325 19:31:05.549453 1051098 finetune.py:68] layer 9_up @ epoch 4 new loss 0.0001485208049416542 old loss 0.00015030161011964083 BETTER
I0325 19:31:18.897929 1050187 finetune.py:45] layer 8_gate initial loss 0.000161669246153906
I0325 19:31:27.497117 1051098 finetune.py:45] layer 9_gate initial loss 0.0001750728697516024
I0325 19:31:49.225713 1050187 finetune.py:68] layer 8_gate @ epoch 0 new loss 0.00015994231216609478 old loss 0.000161669246153906 BETTER
I0325 19:31:56.016860 1051098 finetune.py:68] layer 9_gate @ epoch 0 new loss 0.00017302623018622398 old loss 0.0001750728697516024 BETTER
I0325 19:32:20.574535 1050187 finetune.py:68] layer 8_gate @ epoch 1 new loss 0.00015853146032895893 old loss 0.00015994231216609478 BETTER
I0325 19:32:25.659250 1051098 finetune.py:68] layer 9_gate @ epoch 1 new loss 0.00017145175661426038 old loss 0.00017302623018622398 BETTER
I0325 19:32:52.271136 1050187 finetune.py:68] layer 8_gate @ epoch 2 new loss 0.00015726499259471893 old loss 0.00015853146032895893 BETTER
I0325 19:32:55.387620 1051098 finetune.py:68] layer 9_gate @ epoch 2 new loss 0.00017005170229822397 old loss 0.00017145175661426038 BETTER
I0325 19:33:24.058739 1050187 finetune.py:68] layer 8_gate @ epoch 3 new loss 0.0001561224489705637 old loss 0.00015726499259471893 BETTER
I0325 19:33:25.178843 1051098 finetune.py:68] layer 9_gate @ epoch 3 new loss 0.00016875786241143942 old loss 0.00017005170229822397 BETTER
I0325 19:33:55.024635 1051098 finetune.py:68] layer 9_gate @ epoch 4 new loss 0.00016757867706473917 old loss 0.00016875786241143942 BETTER
I0325 19:33:55.784087 1050187 finetune.py:68] layer 8_gate @ epoch 4 new loss 0.00015504540351685137 old loss 0.0001561224489705637 BETTER
I0325 19:34:17.524569 1051098 finetune.py:45] layer 9_down initial loss 0.00025627430295571685
I0325 19:34:18.750167 1050187 finetune.py:45] layer 8_down initial loss 0.00023461849195882678
I0325 19:34:44.179332 1051098 finetune.py:68] layer 9_down @ epoch 0 new loss 0.00025617826031520963 old loss 0.00025627430295571685 BETTER
I0325 19:34:46.764914 1050187 finetune.py:68] layer 8_down @ epoch 0 new loss 0.00023452355526387691 old loss 0.00023461849195882678 BETTER
I0325 19:35:11.908783 1051098 finetune.py:68] layer 9_down @ epoch 1 new loss 0.00025609589647501707 old loss 0.00025617826031520963 BETTER
I0325 19:35:15.879829 1050187 finetune.py:68] layer 8_down @ epoch 1 new loss 0.0002344499807804823 old loss 0.00023452355526387691 BETTER
I0325 19:35:39.683382 1051098 finetune.py:68] layer 9_down @ epoch 2 new loss 0.00025602325331419706 old loss 0.00025609589647501707 BETTER
I0325 19:35:44.970952 1050187 finetune.py:68] layer 8_down @ epoch 2 new loss 0.00023438752396032214 old loss 0.0002344499807804823 BETTER
I0325 19:36:07.508553 1051098 finetune.py:68] layer 9_down @ epoch 3 new loss 0.0002559587883297354 old loss 0.00025602325331419706 BETTER
I0325 19:36:14.102077 1050187 finetune.py:68] layer 8_down @ epoch 3 new loss 0.0002343253290746361 old loss 0.00023438752396032214 BETTER
I0325 19:36:35.304229 1051098 finetune.py:68] layer 9_down @ epoch 4 new loss 0.00025589161668904126 old loss 0.0002559587883297354 BETTER
9_v proxy err 0.04611710086464882 tr(WHW.T) 351.4288024902344
bpp_loss 2.289726138114929
9_q proxy err 0.003011728636920452 tr(WHW.T) 25671.98046875
bpp_loss 3.015762448310852
9_k proxy err 0.0010697467951104045 tr(WHW.T) 21006.1953125
bpp_loss 3.887578845024109
9_o proxy err 0.09196604043245316 tr(WHW.T) 793.4456787109375
bpp_loss 2.3742374181747437
9_up proxy err 0.03448847681283951 tr(WHW.T) 8978.7431640625
bpp_loss 2.444945744105748
9_gate proxy err 0.008502190001308918 tr(WHW.T) 39521.7421875
bpp_loss 2.74454471043178
9_down proxy err 0.04968275874853134 tr(WHW.T) 6384.7373046875
bpp_loss 2.445909261703491
I0325 19:36:43.491438 1050187 finetune.py:68] layer 8_down @ epoch 4 new loss 0.00023427122505381703 old loss 0.0002343253290746361 BETTER
8_v proxy err 0.06214619800448418 tr(WHW.T) 257.7052307128906
bpp_loss 2.192232131958008
8_q proxy err 0.00291129550896585 tr(WHW.T) 26617.953125
bpp_loss 3.003813862800598
8_k proxy err 0.0009972058469429612 tr(WHW.T) 22572.70703125
bpp_loss 3.8681777715682983
8_o proxy err 0.09676873683929443 tr(WHW.T) 763.6322631835938
bpp_loss 2.320492744445801
8_up proxy err 0.03627150505781174 tr(WHW.T) 8498.564453125
bpp_loss 2.435897554670061
8_gate proxy err 0.00893675908446312 tr(WHW.T) 37315.92578125
bpp_loss 2.7317748750959123
8_down proxy err 0.04904872179031372 tr(WHW.T) 6595.2783203125
bpp_loss 2.4445875031607494
I0325 19:37:51.429064 975333 quantize_finetune_llama.py:240] computed original embedding for layer 10 in 63.030911922454834s
I0325 19:37:54.817072 1068416 config.py:54] PyTorch version 2.6.0 available.
W0325 19:37:55.100414 1068416 warnings.py:109] /opt/conda/lib/python3.10/site-packages/torchvision/io/image.py:13: UserWarning: Failed to load image Python extension: '/opt/conda/lib/python3.10/site-packages/torchvision/image.so: undefined symbol: _ZN3c1017RegisterOperatorsD1Ev'If you don't plan on using image functionality from `torchvision.io`, you can ignore this warning. Otherwise, there might be something wrong with your environment. Did you have `libjpeg` or `libpng` installed before building `torchvision` from source?
  warn(

W0325 19:37:55.974529 1068416 warnings.py:109] /opt/conda/lib/python3.10/site-packages/compressai/models/video/google.py:353: FutureWarning: `torch.cuda.amp.autocast(args...)` is deprecated. Please use `torch.amp.autocast('cuda', args...)` instead.
  @amp.autocast(enabled=False)

I0325 19:37:55.978537 975333 quantize_finetune_llama.py:209] layer 11 gpu 1
I0325 19:37:55.991960 1068416 data_utils.py:336] using 256 training seqs, 128 validation seqs
The attention layers in this model are transitioning from computing the RoPE embeddings internally through `position_ids` (2D tensor with the indexes of the tokens), to using externally computed `position_embeddings` (Tuple of tensors, containing cos and sin). In v4.46 `position_ids` will be removed and `position_embeddings` will be mandatory.
I0325 19:38:03.221140 1068416 finetune.py:45] layer 10_v initial loss 5.8538251323625445e-05
W0325 19:38:03.221485 1068416 warnings.py:109] /workspace/Weight_compression/comp_lm_qtip/lib/algo/finetune.py:46: FutureWarning: `torch.cuda.amp.GradScaler(args...)` is deprecated. Please use `torch.amp.GradScaler('cuda', args...)` instead.
  scaler = torch.cuda.amp.GradScaler(enabled=(orig_dtype==torch.float16))

I0325 19:38:38.825032 1068416 finetune.py:68] layer 10_v @ epoch 0 new loss 4.103605533600785e-05 old loss 5.8538251323625445e-05 BETTER
I0325 19:38:56.363198 975333 quantize_finetune_llama.py:240] computed original embedding for layer 11 in 59.94272232055664s
I0325 19:38:59.882295 1069334 config.py:54] PyTorch version 2.6.0 available.
W0325 19:39:00.200054 1069334 warnings.py:109] /opt/conda/lib/python3.10/site-packages/torchvision/io/image.py:13: UserWarning: Failed to load image Python extension: '/opt/conda/lib/python3.10/site-packages/torchvision/image.so: undefined symbol: _ZN3c1017RegisterOperatorsD1Ev'If you don't plan on using image functionality from `torchvision.io`, you can ignore this warning. Otherwise, there might be something wrong with your environment. Did you have `libjpeg` or `libpng` installed before building `torchvision` from source?
  warn(

W0325 19:39:01.132262 1069334 warnings.py:109] /opt/conda/lib/python3.10/site-packages/compressai/models/video/google.py:353: FutureWarning: `torch.cuda.amp.autocast(args...)` is deprecated. Please use `torch.amp.autocast('cuda', args...)` instead.
  @amp.autocast(enabled=False)

I0325 19:39:01.136325 975333 quantize_finetune_llama.py:209] layer 12 gpu 0
I0325 19:39:01.149960 1069334 data_utils.py:336] using 256 training seqs, 128 validation seqs
The attention layers in this model are transitioning from computing the RoPE embeddings internally through `position_ids` (2D tensor with the indexes of the tokens), to using externally computed `position_embeddings` (Tuple of tensors, containing cos and sin). In v4.46 `position_ids` will be removed and `position_embeddings` will be mandatory.
I0325 19:39:08.127812 1069334 finetune.py:45] layer 11_v initial loss 5.2230192522984e-05
W0325 19:39:08.128098 1069334 warnings.py:109] /workspace/Weight_compression/comp_lm_qtip/lib/algo/finetune.py:46: FutureWarning: `torch.cuda.amp.GradScaler(args...)` is deprecated. Please use `torch.amp.GradScaler('cuda', args...)` instead.
  scaler = torch.cuda.amp.GradScaler(enabled=(orig_dtype==torch.float16))

I0325 19:39:15.675118 1068416 finetune.py:68] layer 10_v @ epoch 1 new loss 3.790959090110846e-05 old loss 4.103605533600785e-05 BETTER
I0325 19:39:41.444032 1069334 finetune.py:68] layer 11_v @ epoch 0 new loss 3.615567766246386e-05 old loss 5.2230192522984e-05 BETTER
I0325 19:39:52.605503 1068416 finetune.py:68] layer 10_v @ epoch 2 new loss 3.62045357178431e-05 old loss 3.790959090110846e-05 BETTER
I0325 19:40:15.992965 1069334 finetune.py:68] layer 11_v @ epoch 1 new loss 3.344250944792293e-05 old loss 3.615567766246386e-05 BETTER
I0325 19:40:29.703691 1068416 finetune.py:68] layer 10_v @ epoch 3 new loss 3.5028984711971134e-05 old loss 3.62045357178431e-05 BETTER
I0325 19:40:50.868730 1069334 finetune.py:68] layer 11_v @ epoch 2 new loss 3.195723911630921e-05 old loss 3.344250944792293e-05 BETTER
I0325 19:41:06.612915 1068416 finetune.py:68] layer 10_v @ epoch 4 new loss 3.4124383091693744e-05 old loss 3.5028984711971134e-05 BETTER
I0325 19:41:16.484627 1068416 finetune.py:45] layer 10_q initial loss 4.3317602830938995e-05
I0325 19:41:25.929040 1069334 finetune.py:68] layer 11_v @ epoch 3 new loss 3.0930594220990315e-05 old loss 3.195723911630921e-05 BETTER
I0325 19:41:52.843613 1068416 finetune.py:68] layer 10_q @ epoch 0 new loss 4.089179856237024e-05 old loss 4.3317602830938995e-05 BETTER
I0325 19:42:01.064662 1069334 finetune.py:68] layer 11_v @ epoch 4 new loss 3.015665424754843e-05 old loss 3.0930594220990315e-05 BETTER
I0325 19:42:10.473441 1069334 finetune.py:45] layer 11_q initial loss 4.006002927781083e-05
I0325 19:42:29.750978 1068416 finetune.py:68] layer 10_q @ epoch 1 new loss 3.9909122278913856e-05 old loss 4.089179856237024e-05 BETTER
I0325 19:42:44.417795 1069334 finetune.py:68] layer 11_q @ epoch 0 new loss 3.806612585322e-05 old loss 4.006002927781083e-05 BETTER
I0325 19:43:06.720166 1068416 finetune.py:68] layer 10_q @ epoch 2 new loss 3.915916749974713e-05 old loss 3.9909122278913856e-05 BETTER
I0325 19:43:19.049746 1069334 finetune.py:68] layer 11_q @ epoch 1 new loss 3.721442772075534e-05 old loss 3.806612585322e-05 BETTER
I0325 19:43:43.675390 1068416 finetune.py:68] layer 10_q @ epoch 3 new loss 3.8549056625925004e-05 old loss 3.915916749974713e-05 BETTER
I0325 19:43:53.727932 1069334 finetune.py:68] layer 11_q @ epoch 2 new loss 3.6541223380481824e-05 old loss 3.721442772075534e-05 BETTER
I0325 19:44:20.699727 1068416 finetune.py:68] layer 10_q @ epoch 4 new loss 3.8032907468732446e-05 old loss 3.8549056625925004e-05 BETTER
I0325 19:44:28.455408 1069334 finetune.py:68] layer 11_q @ epoch 3 new loss 3.601282151066698e-05 old loss 3.6541223380481824e-05 BETTER
I0325 19:44:28.620648 1068416 finetune.py:45] layer 10_k initial loss 3.9996448322199285e-05
I0325 19:45:03.140810 1069334 finetune.py:68] layer 11_q @ epoch 4 new loss 3.555543298716657e-05 old loss 3.601282151066698e-05 BETTER
I0325 19:45:04.769274 1068416 finetune.py:68] layer 10_k @ epoch 0 new loss 3.9356837078230456e-05 old loss 3.9996448322199285e-05 BETTER
I0325 19:45:10.910568 1069334 finetune.py:45] layer 11_k initial loss 3.783916690736078e-05
I0325 19:45:41.617912 1068416 finetune.py:68] layer 10_k @ epoch 1 new loss 3.894443216267973e-05 old loss 3.9356837078230456e-05 BETTER
I0325 19:45:44.706773 1069334 finetune.py:68] layer 11_k @ epoch 0 new loss 3.709695738507435e-05 old loss 3.783916690736078e-05 BETTER
I0325 19:46:18.560986 1068416 finetune.py:68] layer 10_k @ epoch 2 new loss 3.8581016269745305e-05 old loss 3.894443216267973e-05 BETTER
I0325 19:46:19.149769 1069334 finetune.py:68] layer 11_k @ epoch 1 new loss 3.668449426186271e-05 old loss 3.709695738507435e-05 BETTER
I0325 19:46:53.653423 1069334 finetune.py:68] layer 11_k @ epoch 2 new loss 3.635285247582942e-05 old loss 3.668449426186271e-05 BETTER
I0325 19:46:55.455407 1068416 finetune.py:68] layer 10_k @ epoch 3 new loss 3.8256232073763385e-05 old loss 3.8581016269745305e-05 BETTER
I0325 19:47:28.271618 1069334 finetune.py:68] layer 11_k @ epoch 3 new loss 3.6045290471520275e-05 old loss 3.635285247582942e-05 BETTER
I0325 19:47:32.355168 1068416 finetune.py:68] layer 10_k @ epoch 4 new loss 3.79675293515902e-05 old loss 3.8256232073763385e-05 BETTER
I0325 19:47:42.152249 1068416 finetune.py:45] layer 10_o initial loss 0.00012817322567570955
I0325 19:48:02.786511 1069334 finetune.py:68] layer 11_k @ epoch 4 new loss 3.577351162675768e-05 old loss 3.6045290471520275e-05 BETTER
I0325 19:48:12.225265 1069334 finetune.py:45] layer 11_o initial loss 0.00014214625116437674
I0325 19:48:17.472664 1068416 finetune.py:68] layer 10_o @ epoch 0 new loss 0.00011708412785083055 old loss 0.00012817322567570955 BETTER
I0325 19:48:45.398291 1069334 finetune.py:68] layer 11_o @ epoch 0 new loss 0.00012812622298952192 old loss 0.00014214625116437674 BETTER
I0325 19:48:53.494803 1068416 finetune.py:68] layer 10_o @ epoch 1 new loss 0.00011167436605319381 old loss 0.00011708412785083055 BETTER
I0325 19:49:19.183377 1069334 finetune.py:68] layer 11_o @ epoch 1 new loss 0.00012142302875872701 old loss 0.00012812622298952192 BETTER
I0325 19:49:29.547352 1068416 finetune.py:68] layer 10_o @ epoch 2 new loss 0.00010793218825710937 old loss 0.00011167436605319381 BETTER
I0325 19:49:53.045980 1069334 finetune.py:68] layer 11_o @ epoch 2 new loss 0.00011682182230288163 old loss 0.00012142302875872701 BETTER
I0325 19:50:05.647614 1068416 finetune.py:68] layer 10_o @ epoch 3 new loss 0.00010502548684598878 old loss 0.00010793218825710937 BETTER
I0325 19:50:27.146635 1069334 finetune.py:68] layer 11_o @ epoch 3 new loss 0.00011332579742884263 old loss 0.00011682182230288163 BETTER
I0325 19:50:41.690749 1068416 finetune.py:68] layer 10_o @ epoch 4 new loss 0.00010265370656270534 old loss 0.00010502548684598878 BETTER
I0325 19:51:00.935459 1069334 finetune.py:68] layer 11_o @ epoch 4 new loss 0.00011048281157854944 old loss 0.00011332579742884263 BETTER
I0325 19:51:04.220121 1068416 finetune.py:45] layer 10_up initial loss 0.0001761667081154883
I0325 19:51:23.123260 1069334 finetune.py:45] layer 11_up initial loss 0.00018926964548882097
I0325 19:51:36.370343 1068416 finetune.py:68] layer 10_up @ epoch 0 new loss 0.000171486652106978 old loss 0.0001761667081154883 BETTER
I0325 19:51:53.896512 1069334 finetune.py:68] layer 11_up @ epoch 0 new loss 0.00018373692000750452 old loss 0.00018926964548882097 BETTER
I0325 19:52:09.667155 1068416 finetune.py:68] layer 10_up @ epoch 1 new loss 0.00016846197831910104 old loss 0.000171486652106978 BETTER
I0325 19:52:25.882647 1069334 finetune.py:68] layer 11_up @ epoch 1 new loss 0.00018025323515757918 old loss 0.00018373692000750452 BETTER
I0325 19:52:43.297652 1068416 finetune.py:68] layer 10_up @ epoch 2 new loss 0.00016600257367826998 old loss 0.00016846197831910104 BETTER
I0325 19:52:58.020704 1069334 finetune.py:68] layer 11_up @ epoch 2 new loss 0.0001773992698872462 old loss 0.00018025323515757918 BETTER
I0325 19:53:17.072116 1068416 finetune.py:68] layer 10_up @ epoch 3 new loss 0.0001638194953557104 old loss 0.00016600257367826998 BETTER
I0325 19:53:30.064318 1069334 finetune.py:68] layer 11_up @ epoch 3 new loss 0.0001748862850945443 old loss 0.0001773992698872462 BETTER
I0325 19:53:50.931462 1068416 finetune.py:68] layer 10_up @ epoch 4 new loss 0.00016189126472454518 old loss 0.0001638194953557104 BETTER
I0325 19:54:02.224807 1069334 finetune.py:68] layer 11_up @ epoch 4 new loss 0.00017264674534089863 old loss 0.0001748862850945443 BETTER
I0325 19:54:12.846914 1068416 finetune.py:45] layer 10_gate initial loss 0.0001909642160171643
I0325 19:54:23.945290 1069334 finetune.py:45] layer 11_gate initial loss 0.00020398831111378968
I0325 19:54:43.264007 1068416 finetune.py:68] layer 10_gate @ epoch 0 new loss 0.00018879931303672493 old loss 0.0001909642160171643 BETTER
I0325 19:54:52.510602 1069334 finetune.py:68] layer 11_gate @ epoch 0 new loss 0.00020152205252088606 old loss 0.00020398831111378968 BETTER
I0325 19:55:14.864780 1068416 finetune.py:68] layer 10_gate @ epoch 1 new loss 0.00018709014693740755 old loss 0.00018879931303672493 BETTER
I0325 19:55:22.186434 1069334 finetune.py:68] layer 11_gate @ epoch 1 new loss 0.000199575224542059 old loss 0.00020152205252088606 BETTER
I0325 19:55:46.696251 1068416 finetune.py:68] layer 10_gate @ epoch 2 new loss 0.0001855664886534214 old loss 0.00018709014693740755 BETTER
I0325 19:55:51.957545 1069334 finetune.py:68] layer 11_gate @ epoch 2 new loss 0.0001978722430067137 old loss 0.000199575224542059 BETTER
I0325 19:56:18.320829 1068416 finetune.py:68] layer 10_gate @ epoch 3 new loss 0.000184192496817559 old loss 0.0001855664886534214 BETTER
I0325 19:56:21.712693 1069334 finetune.py:68] layer 11_gate @ epoch 3 new loss 0.00019630012684501708 old loss 0.0001978722430067137 BETTER
I0325 19:56:50.111909 1068416 finetune.py:68] layer 10_gate @ epoch 4 new loss 0.00018289666331838816 old loss 0.000184192496817559 BETTER
I0325 19:56:51.486844 1069334 finetune.py:68] layer 11_gate @ epoch 4 new loss 0.00019486229575704783 old loss 0.00019630012684501708 BETTER
I0325 19:57:13.001271 1068416 finetune.py:45] layer 10_down initial loss 0.0002738760376814753
I0325 19:57:14.159986 1069334 finetune.py:45] layer 11_down initial loss 0.000290036405203864
I0325 19:57:40.795699 1069334 finetune.py:68] layer 11_down @ epoch 0 new loss 0.00028992307488806546 old loss 0.000290036405203864 BETTER
I0325 19:57:41.006971 1068416 finetune.py:68] layer 10_down @ epoch 0 new loss 0.0002737642207648605 old loss 0.0002738760376814753 BETTER
I0325 19:58:08.320652 1069334 finetune.py:68] layer 11_down @ epoch 1 new loss 0.0002898258389905095 old loss 0.00028992307488806546 BETTER
I0325 19:58:10.131433 1068416 finetune.py:68] layer 10_down @ epoch 1 new loss 0.000273669371381402 old loss 0.0002737642207648605 BETTER
I0325 19:58:36.069201 1069334 finetune.py:68] layer 11_down @ epoch 2 new loss 0.0002897384692914784 old loss 0.0002898258389905095 BETTER
I0325 19:58:39.633449 1068416 finetune.py:68] layer 10_down @ epoch 2 new loss 0.00027357760700397193 old loss 0.000273669371381402 BETTER
I0325 19:59:03.859242 1069334 finetune.py:68] layer 11_down @ epoch 3 new loss 0.00028964984812773764 old loss 0.0002897384692914784 BETTER
I0325 19:59:09.202993 1068416 finetune.py:68] layer 10_down @ epoch 3 new loss 0.0002734992594923824 old loss 0.00027357760700397193 BETTER
I0325 19:59:31.614520 1069334 finetune.py:68] layer 11_down @ epoch 4 new loss 0.00028957388713024557 old loss 0.00028964984812773764 BETTER
11_v proxy err 0.04961176961660385 tr(WHW.T) 319.5691223144531
bpp_loss 2.189155340194702
11_q proxy err 0.0034291003830730915 tr(WHW.T) 22218.671875
bpp_loss 2.9593585729599
11_k proxy err 0.0012373273493722081 tr(WHW.T) 18054.130859375
bpp_loss 3.886049747467041
11_o proxy err 0.1162354126572609 tr(WHW.T) 582.8819580078125
bpp_loss 2.3320361375808716
11_up proxy err 0.03346918523311615 tr(WHW.T) 9211.2783203125
bpp_loss 2.466017041887556
11_gate proxy err 0.00889735296368599 tr(WHW.T) 37061.48046875
bpp_loss 2.6959312983921597
11_down proxy err 0.04624433070421219 tr(WHW.T) 6780.79833984375
bpp_loss 2.4693946157182967
I0325 19:59:38.578315 1068416 finetune.py:68] layer 10_down @ epoch 4 new loss 0.00027342865359969437 old loss 0.0002734992594923824 BETTER
10_v proxy err 0.060503650456666946 tr(WHW.T) 251.83889770507812
bpp_loss 2.1825788021087646
10_q proxy err 0.0032048067077994347 tr(WHW.T) 23358.640625
bpp_loss 3.012948513031006
