W0325 21:09:41.321970 1137841 warnings.py:109] /workspace/Weight_compression/comp_lm_qtip/lib/algo/finetune.py:46: FutureWarning: `torch.cuda.amp.GradScaler(args...)` is deprecated. Please use `torch.amp.GradScaler('cuda', args...)` instead.
  scaler = torch.cuda.amp.GradScaler(enabled=(orig_dtype==torch.float16))

I0325 21:10:17.251137 1137841 finetune.py:68] layer 18_v @ epoch 0 new loss 4.0001101297093555e-05 old loss 6.559997564181685e-05 BETTER
I0325 21:10:34.459907 975333 quantize_finetune_llama.py:240] computed original embedding for layer 19 in 60.027934312820435s
I0325 21:10:38.045637 1138684 config.py:54] PyTorch version 2.6.0 available.
W0325 21:10:38.349495 1138684 warnings.py:109] /opt/conda/lib/python3.10/site-packages/torchvision/io/image.py:13: UserWarning: Failed to load image Python extension: '/opt/conda/lib/python3.10/site-packages/torchvision/image.so: undefined symbol: _ZN3c1017RegisterOperatorsD1Ev'If you don't plan on using image functionality from `torchvision.io`, you can ignore this warning. Otherwise, there might be something wrong with your environment. Did you have `libjpeg` or `libpng` installed before building `torchvision` from source?
  warn(

W0325 21:10:39.286310 1138684 warnings.py:109] /opt/conda/lib/python3.10/site-packages/compressai/models/video/google.py:353: FutureWarning: `torch.cuda.amp.autocast(args...)` is deprecated. Please use `torch.amp.autocast('cuda', args...)` instead.
  @amp.autocast(enabled=False)

I0325 21:10:39.290460 975333 quantize_finetune_llama.py:209] layer 20 gpu 0
I0325 21:10:39.305193 1138684 data_utils.py:336] using 256 training seqs, 128 validation seqs
The attention layers in this model are transitioning from computing the RoPE embeddings internally through `position_ids` (2D tensor with the indexes of the tokens), to using externally computed `position_embeddings` (Tuple of tensors, containing cos and sin). In v4.46 `position_ids` will be removed and `position_embeddings` will be mandatory.
I0325 21:10:46.198161 1138684 finetune.py:45] layer 19_v initial loss 7.592589827254415e-05
W0325 21:10:46.198443 1138684 warnings.py:109] /workspace/Weight_compression/comp_lm_qtip/lib/algo/finetune.py:46: FutureWarning: `torch.cuda.amp.GradScaler(args...)` is deprecated. Please use `torch.amp.GradScaler('cuda', args...)` instead.
  scaler = torch.cuda.amp.GradScaler(enabled=(orig_dtype==torch.float16))

I0325 21:10:54.291888 1137841 finetune.py:68] layer 18_v @ epoch 1 new loss 3.7088480894453824e-05 old loss 4.0001101297093555e-05 BETTER
I0325 21:11:19.713560 1138684 finetune.py:68] layer 19_v @ epoch 0 new loss 4.177527443971485e-05 old loss 7.592589827254415e-05 BETTER
I0325 21:11:31.252730 1137841 finetune.py:68] layer 18_v @ epoch 2 new loss 3.544554056134075e-05 old loss 3.7088480894453824e-05 BETTER
I0325 21:11:54.238486 1138684 finetune.py:68] layer 19_v @ epoch 1 new loss 3.842740261461586e-05 old loss 4.177527443971485e-05 BETTER
I0325 21:12:08.211056 1137841 finetune.py:68] layer 18_v @ epoch 3 new loss 3.430901779211126e-05 old loss 3.544554056134075e-05 BETTER
I0325 21:12:29.037685 1138684 finetune.py:68] layer 19_v @ epoch 2 new loss 3.673993342090398e-05 old loss 3.842740261461586e-05 BETTER
I0325 21:12:45.584429 1137841 finetune.py:68] layer 18_v @ epoch 4 new loss 3.34532669512555e-05 old loss 3.430901779211126e-05 BETTER
I0325 21:12:55.473266 1137841 finetune.py:45] layer 18_q initial loss 4.332023672759533e-05
I0325 21:13:04.144188 1138684 finetune.py:68] layer 19_v @ epoch 3 new loss 3.560348704922944e-05 old loss 3.673993342090398e-05 BETTER
I0325 21:13:31.691963 1137841 finetune.py:68] layer 18_q @ epoch 0 new loss 3.977357118856162e-05 old loss 4.332023672759533e-05 BETTER
I0325 21:13:39.355366 1138684 finetune.py:68] layer 19_v @ epoch 4 new loss 3.478097642073408e-05 old loss 3.560348704922944e-05 BETTER
I0325 21:13:48.883093 1138684 finetune.py:45] layer 19_q initial loss 4.378735684440471e-05
I0325 21:14:08.591885 1137841 finetune.py:68] layer 18_q @ epoch 1 new loss 3.88310436392203e-05 old loss 3.977357118856162e-05 BETTER
I0325 21:14:22.807599 1138684 finetune.py:68] layer 19_q @ epoch 0 new loss 4.012165663880296e-05 old loss 4.378735684440471e-05 BETTER
I0325 21:14:45.569682 1137841 finetune.py:68] layer 18_q @ epoch 2 new loss 3.812844806816429e-05 old loss 3.88310436392203e-05 BETTER
I0325 21:14:57.542031 1138684 finetune.py:68] layer 19_q @ epoch 1 new loss 3.92230213037692e-05 old loss 4.012165663880296e-05 BETTER
I0325 21:15:22.540767 1137841 finetune.py:68] layer 18_q @ epoch 3 new loss 3.755889702006243e-05 old loss 3.812844806816429e-05 BETTER
I0325 21:15:32.240188 1138684 finetune.py:68] layer 19_q @ epoch 2 new loss 3.8543214031960815e-05 old loss 3.92230213037692e-05 BETTER
I0325 21:15:59.541828 1137841 finetune.py:68] layer 18_q @ epoch 4 new loss 3.7082172639202327e-05 old loss 3.755889702006243e-05 BETTER
I0325 21:16:06.913467 1138684 finetune.py:68] layer 19_q @ epoch 3 new loss 3.799445039476268e-05 old loss 3.8543214031960815e-05 BETTER
I0325 21:16:07.652844 1137841 finetune.py:45] layer 18_k initial loss 4.0190752770286053e-05
I0325 21:16:41.713108 1138684 finetune.py:68] layer 19_q @ epoch 4 new loss 3.7528719985857606e-05 old loss 3.799445039476268e-05 BETTER
I0325 21:16:43.592596 1137841 finetune.py:68] layer 18_k @ epoch 0 new loss 3.8913829484954476e-05 old loss 4.0190752770286053e-05 BETTER
I0325 21:16:49.562154 1138684 finetune.py:45] layer 19_k initial loss 4.0912120311986655e-05
I0325 21:17:20.519097 1137841 finetune.py:68] layer 18_k @ epoch 1 new loss 3.850794746540487e-05 old loss 3.8913829484954476e-05 BETTER
I0325 21:17:23.356693 1138684 finetune.py:68] layer 19_k @ epoch 0 new loss 3.953044142690487e-05 old loss 4.0912120311986655e-05 BETTER
I0325 21:17:57.489227 1137841 finetune.py:68] layer 18_k @ epoch 2 new loss 3.815995660261251e-05 old loss 3.850794746540487e-05 BETTER
I0325 21:17:57.912403 1138684 finetune.py:68] layer 19_k @ epoch 1 new loss 3.9158832805696875e-05 old loss 3.953044142690487e-05 BETTER
I0325 21:18:32.496096 1138684 finetune.py:68] layer 19_k @ epoch 2 new loss 3.885622209054418e-05 old loss 3.9158832805696875e-05 BETTER
I0325 21:18:34.403041 1137841 finetune.py:68] layer 18_k @ epoch 3 new loss 3.785962690017186e-05 old loss 3.815995660261251e-05 BETTER
I0325 21:19:07.102072 1138684 finetune.py:68] layer 19_k @ epoch 3 new loss 3.855853356071748e-05 old loss 3.885622209054418e-05 BETTER
I0325 21:19:11.118392 1137841 finetune.py:68] layer 18_k @ epoch 4 new loss 3.7586738471873105e-05 old loss 3.785962690017186e-05 BETTER
I0325 21:19:20.910295 1137841 finetune.py:45] layer 18_o initial loss 0.00010790211672428995
I0325 21:19:41.745631 1138684 finetune.py:68] layer 19_k @ epoch 4 new loss 3.832612492260523e-05 old loss 3.855853356071748e-05 BETTER
I0325 21:19:51.261219 1138684 finetune.py:45] layer 19_o initial loss 0.00010272688086843118
I0325 21:19:56.067561 1137841 finetune.py:68] layer 18_o @ epoch 0 new loss 9.959191811503842e-05 old loss 0.00010790211672428995 BETTER
I0325 21:20:24.366572 1138684 finetune.py:68] layer 19_o @ epoch 0 new loss 9.420308197150007e-05 old loss 0.00010272688086843118 BETTER
I0325 21:20:32.000435 1137841 finetune.py:68] layer 18_o @ epoch 1 new loss 9.631546708988026e-05 old loss 9.959191811503842e-05 BETTER
I0325 21:20:58.191983 1138684 finetune.py:68] layer 19_o @ epoch 1 new loss 9.124025382334366e-05 old loss 9.420308197150007e-05 BETTER
I0325 21:21:08.077674 1137841 finetune.py:68] layer 18_o @ epoch 2 new loss 9.406900790054351e-05 old loss 9.631546708988026e-05 BETTER
I0325 21:21:31.994375 1138684 finetune.py:68] layer 19_o @ epoch 2 new loss 8.925003203330562e-05 old loss 9.124025382334366e-05 BETTER
I0325 21:21:43.811849 1137841 finetune.py:68] layer 18_o @ epoch 3 new loss 9.232632874045521e-05 old loss 9.406900790054351e-05 BETTER
I0325 21:22:05.939163 1138684 finetune.py:68] layer 19_o @ epoch 3 new loss 8.77046913956292e-05 old loss 8.925003203330562e-05 BETTER
I0325 21:22:19.829181 1137841 finetune.py:68] layer 18_o @ epoch 4 new loss 9.096498979488388e-05 old loss 9.232632874045521e-05 BETTER
I0325 21:22:40.022289 1138684 finetune.py:68] layer 19_o @ epoch 4 new loss 8.64738249219954e-05 old loss 8.77046913956292e-05 BETTER
I0325 21:22:42.391629 1137841 finetune.py:45] layer 18_up initial loss 0.0002629494993016124
I0325 21:23:02.188701 1138684 finetune.py:45] layer 19_up initial loss 0.00027019690605811775
I0325 21:23:15.087743 1137841 finetune.py:68] layer 18_up @ epoch 0 new loss 0.00025324831949546933 old loss 0.0002629494993016124 BETTER
I0325 21:23:33.093719 1138684 finetune.py:68] layer 19_up @ epoch 0 new loss 0.00026049514417536557 old loss 0.00027019690605811775 BETTER
I0325 21:23:48.506044 1137841 finetune.py:68] layer 18_up @ epoch 1 new loss 0.0002478132664691657 old loss 0.00025324831949546933 BETTER
I0325 21:24:05.176723 1138684 finetune.py:68] layer 19_up @ epoch 1 new loss 0.0002550774661358446 old loss 0.00026049514417536557 BETTER
I0325 21:24:22.261738 1137841 finetune.py:68] layer 18_up @ epoch 2 new loss 0.00024355748610105366 old loss 0.0002478132664691657 BETTER
I0325 21:24:37.367660 1138684 finetune.py:68] layer 19_up @ epoch 2 new loss 0.000250790937570855 old loss 0.0002550774661358446 BETTER
I0325 21:24:56.008157 1137841 finetune.py:68] layer 18_up @ epoch 3 new loss 0.00023991904163267463 old loss 0.00024355748610105366 BETTER
I0325 21:25:09.505945 1138684 finetune.py:68] layer 19_up @ epoch 3 new loss 0.0002472305786795914 old loss 0.000250790937570855 BETTER
I0325 21:25:29.901425 1137841 finetune.py:68] layer 18_up @ epoch 4 new loss 0.0002367981505813077 old loss 0.00023991904163267463 BETTER
I0325 21:25:41.672740 1138684 finetune.py:68] layer 19_up @ epoch 4 new loss 0.00024411265621893108 old loss 0.0002472305786795914 BETTER
I0325 21:25:51.914806 1137841 finetune.py:45] layer 18_gate initial loss 0.0002996056282427162
I0325 21:26:03.500019 1138684 finetune.py:45] layer 19_gate initial loss 0.00031167612178251147
I0325 21:26:22.139671 1137841 finetune.py:68] layer 18_gate @ epoch 0 new loss 0.0002959872654173523 old loss 0.0002996056282427162 BETTER
I0325 21:26:32.220533 1138684 finetune.py:68] layer 19_gate @ epoch 0 new loss 0.00030814495403319597 old loss 0.00031167612178251147 BETTER
I0325 21:26:53.464434 1137841 finetune.py:68] layer 18_gate @ epoch 1 new loss 0.00029312833794392645 old loss 0.0002959872654173523 BETTER
I0325 21:27:01.778878 1138684 finetune.py:68] layer 19_gate @ epoch 1 new loss 0.00030531486845575273 old loss 0.00030814495403319597 BETTER
I0325 21:27:24.986019 1137841 finetune.py:68] layer 18_gate @ epoch 2 new loss 0.0002905812580138445 old loss 0.00029312833794392645 BETTER
I0325 21:27:31.547003 1138684 finetune.py:68] layer 19_gate @ epoch 2 new loss 0.0003027445636689663 old loss 0.00030531486845575273 BETTER
I0325 21:27:56.715080 1137841 finetune.py:68] layer 18_gate @ epoch 3 new loss 0.00028828135691583157 old loss 0.0002905812580138445 BETTER
I0325 21:28:01.374641 1138684 finetune.py:68] layer 19_gate @ epoch 3 new loss 0.00030046390020288527 old loss 0.0003027445636689663 BETTER
I0325 21:28:28.426475 1137841 finetune.py:68] layer 18_gate @ epoch 4 new loss 0.0002861536340788007 old loss 0.00028828135691583157 BETTER
I0325 21:28:31.242377 1138684 finetune.py:68] layer 19_gate @ epoch 4 new loss 0.00029839063063263893 old loss 0.00030046390020288527 BETTER
I0325 21:28:51.605145 1137841 finetune.py:45] layer 18_down initial loss 0.0005152940284460783
I0325 21:28:53.868049 1138684 finetune.py:45] layer 19_down initial loss 0.0005348972044885159
I0325 21:29:19.619668 1137841 finetune.py:68] layer 18_down @ epoch 0 new loss 0.0005151664954610169 old loss 0.0005152940284460783 BETTER
I0325 21:29:20.592599 1138684 finetune.py:68] layer 19_down @ epoch 0 new loss 0.0005347568076103926 old loss 0.0005348972044885159 BETTER
I0325 21:29:48.171130 1138684 finetune.py:68] layer 19_down @ epoch 1 new loss 0.0005346362595446408 old loss 0.0005347568076103926 BETTER
I0325 21:29:48.549898 1137841 finetune.py:68] layer 18_down @ epoch 1 new loss 0.0005150550859980285 old loss 0.0005151664954610169 BETTER
I0325 21:30:15.873074 1138684 finetune.py:68] layer 19_down @ epoch 2 new loss 0.0005345326499082148 old loss 0.0005346362595446408 BETTER
I0325 21:30:17.854406 1137841 finetune.py:68] layer 18_down @ epoch 2 new loss 0.0005149537464603782 old loss 0.0005150550859980285 BETTER
I0325 21:30:43.577437 1138684 finetune.py:68] layer 19_down @ epoch 3 new loss 0.0005344375385902822 old loss 0.0005345326499082148 BETTER
I0325 21:30:47.053112 1137841 finetune.py:68] layer 18_down @ epoch 3 new loss 0.0005148594500496984 old loss 0.0005149537464603782 BETTER
I0325 21:31:11.370141 1138684 finetune.py:68] layer 19_down @ epoch 4 new loss 0.0005343506927601993 old loss 0.0005344375385902822 BETTER
19_v proxy err 0.050671737641096115 tr(WHW.T) 341.0596618652344
bpp_loss 2.2992842197418213
19_q proxy err 0.0034412560053169727 tr(WHW.T) 24077.755859375
bpp_loss 3.081114172935486
19_k proxy err 0.00151574588380754 tr(WHW.T) 15600.5361328125
bpp_loss 3.9018049240112305
19_o proxy err 0.06489390879869461 tr(WHW.T) 1177.058349609375
bpp_loss 2.3842713832855225
19_up proxy err 0.042032092809677124 tr(WHW.T) 7649.8701171875
bpp_loss 2.455279895237514
19_gate proxy err 0.010835882276296616 tr(WHW.T) 32612.373046875
bpp_loss 2.8103203092302596
19_down proxy err 0.047800082713365555 tr(WHW.T) 6290.37890625
bpp_loss 2.4521373340061734
I0325 21:31:16.420984 1137841 finetune.py:68] layer 18_down @ epoch 4 new loss 0.0005147733027115464 old loss 0.0005148594500496984 BETTER
18_v proxy err 0.057826556265354156 tr(WHW.T) 287.61376953125
bpp_loss 2.254668951034546
18_q proxy err 0.0036139520816504955 tr(WHW.T) 22438.546875
bpp_loss 3.0781320333480835
18_k proxy err 0.0013459633337333798 tr(WHW.T) 17460.44140625
bpp_loss 3.9878108501434326
18_o proxy err 0.06343480944633484 tr(WHW.T) 1212.7999267578125
bpp_loss 2.3711220026016235
18_up proxy err 0.04010963439941406 tr(WHW.T) 7980.74853515625
bpp_loss 2.458251953125
18_gate proxy err 0.010081405751407146 tr(WHW.T) 34947.2265625
bpp_loss 2.799555097307478
18_down proxy err 0.04800768196582794 tr(WHW.T) 6337.32177734375
bpp_loss 2.4538467270987376
I0325 21:32:16.495188 975333 quantize_finetune_llama.py:240] computed original embedding for layer 20 in 55.18049597740173s
I0325 21:32:19.830369 1154345 config.py:54] PyTorch version 2.6.0 available.
W0325 21:32:20.113975 1154345 warnings.py:109] /opt/conda/lib/python3.10/site-packages/torchvision/io/image.py:13: UserWarning: Failed to load image Python extension: '/opt/conda/lib/python3.10/site-packages/torchvision/image.so: undefined symbol: _ZN3c1017RegisterOperatorsD1Ev'If you don't plan on using image functionality from `torchvision.io`, you can ignore this warning. Otherwise, there might be something wrong with your environment. Did you have `libjpeg` or `libpng` installed before building `torchvision` from source?
  warn(

W0325 21:32:20.992218 1154345 warnings.py:109] /opt/conda/lib/python3.10/site-packages/compressai/models/video/google.py:353: FutureWarning: `torch.cuda.amp.autocast(args...)` is deprecated. Please use `torch.amp.autocast('cuda', args...)` instead.
  @amp.autocast(enabled=False)

I0325 21:32:20.996104 975333 quantize_finetune_llama.py:209] layer 21 gpu 1
I0325 21:32:21.009459 1154345 data_utils.py:336] using 256 training seqs, 128 validation seqs
The attention layers in this model are transitioning from computing the RoPE embeddings internally through `position_ids` (2D tensor with the indexes of the tokens), to using externally computed `position_embeddings` (Tuple of tensors, containing cos and sin). In v4.46 `position_ids` will be removed and `position_embeddings` will be mandatory.
I0325 21:32:28.346422 1154345 finetune.py:45] layer 20_v initial loss 7.153145270422101e-05
W0325 21:32:28.346620 1154345 warnings.py:109] /workspace/Weight_compression/comp_lm_qtip/lib/algo/finetune.py:46: FutureWarning: `torch.cuda.amp.GradScaler(args...)` is deprecated. Please use `torch.amp.GradScaler('cuda', args...)` instead.
  scaler = torch.cuda.amp.GradScaler(enabled=(orig_dtype==torch.float16))

I0325 21:33:04.618128 1154345 finetune.py:68] layer 20_v @ epoch 0 new loss 4.3879968870896846e-05 old loss 7.153145270422101e-05 BETTER
I0325 21:33:21.585480 975333 quantize_finetune_llama.py:240] computed original embedding for layer 21 in 60.16664266586304s
I0325 21:33:25.053928 1155181 config.py:54] PyTorch version 2.6.0 available.
W0325 21:33:25.358187 1155181 warnings.py:109] /opt/conda/lib/python3.10/site-packages/torchvision/io/image.py:13: UserWarning: Failed to load image Python extension: '/opt/conda/lib/python3.10/site-packages/torchvision/image.so: undefined symbol: _ZN3c1017RegisterOperatorsD1Ev'If you don't plan on using image functionality from `torchvision.io`, you can ignore this warning. Otherwise, there might be something wrong with your environment. Did you have `libjpeg` or `libpng` installed before building `torchvision` from source?
  warn(

W0325 21:33:26.309934 1155181 warnings.py:109] /opt/conda/lib/python3.10/site-packages/compressai/models/video/google.py:353: FutureWarning: `torch.cuda.amp.autocast(args...)` is deprecated. Please use `torch.amp.autocast('cuda', args...)` instead.
  @amp.autocast(enabled=False)

I0325 21:33:26.313975 975333 quantize_finetune_llama.py:209] layer 22 gpu 0
I0325 21:33:26.327329 1155181 data_utils.py:336] using 256 training seqs, 128 validation seqs
The attention layers in this model are transitioning from computing the RoPE embeddings internally through `position_ids` (2D tensor with the indexes of the tokens), to using externally computed `position_embeddings` (Tuple of tensors, containing cos and sin). In v4.46 `position_ids` will be removed and `position_embeddings` will be mandatory.
I0325 21:33:33.263092 1155181 finetune.py:45] layer 21_v initial loss 8.185086335288361e-05
W0325 21:33:33.263512 1155181 warnings.py:109] /workspace/Weight_compression/comp_lm_qtip/lib/algo/finetune.py:46: FutureWarning: `torch.cuda.amp.GradScaler(args...)` is deprecated. Please use `torch.amp.GradScaler('cuda', args...)` instead.
  scaler = torch.cuda.amp.GradScaler(enabled=(orig_dtype==torch.float16))

I0325 21:33:41.978529 1154345 finetune.py:68] layer 20_v @ epoch 1 new loss 4.0794926462695e-05 old loss 4.3879968870896846e-05 BETTER
I0325 21:34:06.940122 1155181 finetune.py:68] layer 21_v @ epoch 0 new loss 5.355793109629303e-05 old loss 8.185086335288361e-05 BETTER
I0325 21:34:19.590334 1154345 finetune.py:68] layer 20_v @ epoch 2 new loss 3.907720747520216e-05 old loss 4.0794926462695e-05 BETTER
I0325 21:34:41.528552 1155181 finetune.py:68] layer 21_v @ epoch 1 new loss 4.9431891966378316e-05 old loss 5.355793109629303e-05 BETTER
I0325 21:34:56.869604 1154345 finetune.py:68] layer 20_v @ epoch 3 new loss 3.786537126870826e-05 old loss 3.907720747520216e-05 BETTER
I0325 21:35:16.499960 1155181 finetune.py:68] layer 21_v @ epoch 2 new loss 4.704081220552325e-05 old loss 4.9431891966378316e-05 BETTER
I0325 21:35:34.491486 1154345 finetune.py:68] layer 20_v @ epoch 4 new loss 3.697351712617092e-05 old loss 3.786537126870826e-05 BETTER
I0325 21:35:44.348886 1154345 finetune.py:45] layer 20_q initial loss 4.7540481318719685e-05
I0325 21:35:51.655990 1155181 finetune.py:68] layer 21_v @ epoch 3 new loss 4.541432281257585e-05 old loss 4.704081220552325e-05 BETTER
I0325 21:36:20.443352 1154345 finetune.py:68] layer 20_q @ epoch 0 new loss 4.313815225032158e-05 old loss 4.7540481318719685e-05 BETTER
I0325 21:36:26.850016 1155181 finetune.py:68] layer 21_v @ epoch 4 new loss 4.415780495037325e-05 old loss 4.541432281257585e-05 BETTER
I0325 21:36:36.390151 1155181 finetune.py:45] layer 21_q initial loss 5.8094821724807844e-05
I0325 21:36:57.429647 1154345 finetune.py:68] layer 20_q @ epoch 1 new loss 4.210841143503785e-05 old loss 4.313815225032158e-05 BETTER
I0325 21:37:10.383064 1155181 finetune.py:68] layer 21_q @ epoch 0 new loss 5.3960240620654076e-05 old loss 5.8094821724807844e-05 BETTER
I0325 21:37:34.562424 1154345 finetune.py:68] layer 20_q @ epoch 2 new loss 4.1344170313095674e-05 old loss 4.210841143503785e-05 BETTER
I0325 21:37:45.006978 1155181 finetune.py:68] layer 21_q @ epoch 1 new loss 5.2401606808416545e-05 old loss 5.3960240620654076e-05 BETTER
I0325 21:38:11.642580 1154345 finetune.py:68] layer 20_q @ epoch 3 new loss 4.072196315973997e-05 old loss 4.1344170313095674e-05 BETTER
I0325 21:38:19.746636 1155181 finetune.py:68] layer 21_q @ epoch 2 new loss 5.125904135638848e-05 old loss 5.2401606808416545e-05 BETTER
I0325 21:38:48.725182 1154345 finetune.py:68] layer 20_q @ epoch 4 new loss 4.021077256766148e-05 old loss 4.072196315973997e-05 BETTER
I0325 21:38:54.524241 1155181 finetune.py:68] layer 21_q @ epoch 3 new loss 5.0311340601183474e-05 old loss 5.125904135638848e-05 BETTER
I0325 21:38:56.841515 1154345 finetune.py:45] layer 20_k initial loss 4.3318690586602315e-05
I0325 21:39:29.274620 1155181 finetune.py:68] layer 21_q @ epoch 4 new loss 4.953532697982155e-05 old loss 5.0311340601183474e-05 BETTER
I0325 21:39:32.905709 1154345 finetune.py:68] layer 20_k @ epoch 0 new loss 4.220556729706004e-05 old loss 4.3318690586602315e-05 BETTER
I0325 21:39:37.220645 1155181 finetune.py:45] layer 21_k initial loss 5.389210855355486e-05
I0325 21:40:09.765763 1154345 finetune.py:68] layer 20_k @ epoch 1 new loss 4.1784034692682326e-05 old loss 4.220556729706004e-05 BETTER
I0325 21:40:11.053154 1155181 finetune.py:68] layer 21_k @ epoch 0 new loss 5.271965346764773e-05 old loss 5.389210855355486e-05 BETTER
I0325 21:40:45.478730 1155181 finetune.py:68] layer 21_k @ epoch 1 new loss 5.210063682170585e-05 old loss 5.271965346764773e-05 BETTER
I0325 21:40:46.649366 1154345 finetune.py:68] layer 20_k @ epoch 2 new loss 4.1424074879614636e-05 old loss 4.1784034692682326e-05 BETTER
I0325 21:41:20.030903 1155181 finetune.py:68] layer 21_k @ epoch 2 new loss 5.156690167495981e-05 old loss 5.210063682170585e-05 BETTER
I0325 21:41:23.475543 1154345 finetune.py:68] layer 20_k @ epoch 3 new loss 4.112657916266471e-05 old loss 4.1424074879614636e-05 BETTER
I0325 21:41:54.593351 1155181 finetune.py:68] layer 21_k @ epoch 3 new loss 5.1119859563186765e-05 old loss 5.156690167495981e-05 BETTER
I0325 21:42:00.325194 1154345 finetune.py:68] layer 20_k @ epoch 4 new loss 4.0836417610989884e-05 old loss 4.112657916266471e-05 BETTER
I0325 21:42:10.200423 1154345 finetune.py:45] layer 20_o initial loss 0.00010800888412632048
I0325 21:42:29.125903 1155181 finetune.py:68] layer 21_k @ epoch 4 new loss 5.07194890815299e-05 old loss 5.1119859563186765e-05 BETTER
I0325 21:42:38.698823 1155181 finetune.py:45] layer 21_o initial loss 0.0001549767330288887
I0325 21:42:45.353801 1154345 finetune.py:68] layer 20_o @ epoch 0 new loss 9.997349116019905e-05 old loss 0.00010800888412632048 BETTER
I0325 21:43:11.845118 1155181 finetune.py:68] layer 21_o @ epoch 0 new loss 0.00014026377175468951 old loss 0.0001549767330288887 BETTER
I0325 21:43:21.277468 1154345 finetune.py:68] layer 20_o @ epoch 1 new loss 9.692031744634733e-05 old loss 9.997349116019905e-05 BETTER
I0325 21:43:46.050199 1155181 finetune.py:68] layer 21_o @ epoch 1 new loss 0.00013408942322712392 old loss 0.00014026377175468951 BETTER
I0325 21:43:57.150247 1154345 finetune.py:68] layer 20_o @ epoch 2 new loss 9.484904876444489e-05 old loss 9.692031744634733e-05 BETTER
I0325 21:44:20.304445 1155181 finetune.py:68] layer 21_o @ epoch 2 new loss 0.00012984038039576262 old loss 0.00013408942322712392 BETTER
I0325 21:44:33.139890 1154345 finetune.py:68] layer 20_o @ epoch 3 new loss 9.320706158177927e-05 old loss 9.484904876444489e-05 BETTER
I0325 21:44:54.032884 1155181 finetune.py:68] layer 21_o @ epoch 3 new loss 0.00012660902575589716 old loss 0.00012984038039576262 BETTER
I0325 21:45:09.041637 1154345 finetune.py:68] layer 20_o @ epoch 4 new loss 9.190183482132852e-05 old loss 9.320706158177927e-05 BETTER
I0325 21:45:28.271223 1155181 finetune.py:68] layer 21_o @ epoch 4 new loss 0.00012402549327816814 old loss 0.00012660902575589716 BETTER
I0325 21:45:31.629166 1154345 finetune.py:45] layer 20_up initial loss 0.0002886284200940281
I0325 21:45:50.039984 1155181 finetune.py:45] layer 21_up initial loss 0.00035331150866113603
I0325 21:46:03.809140 1154345 finetune.py:68] layer 20_up @ epoch 0 new loss 0.00027812470216304064 old loss 0.0002886284200940281 BETTER
I0325 21:46:20.751884 1155181 finetune.py:68] layer 21_up @ epoch 0 new loss 0.00033991504460573196 old loss 0.00035331150866113603 BETTER
I0325 21:46:37.044231 1154345 finetune.py:68] layer 20_up @ epoch 1 new loss 0.00027245288947597146 old loss 0.00027812470216304064 BETTER
I0325 21:46:52.495684 1155181 finetune.py:68] layer 21_up @ epoch 1 new loss 0.0003327132435515523 old loss 0.00033991504460573196 BETTER
I0325 21:47:10.461465 1154345 finetune.py:68] layer 20_up @ epoch 2 new loss 0.0002680316974874586 old loss 0.00027245288947597146 BETTER
I0325 21:47:24.625800 1155181 finetune.py:68] layer 21_up @ epoch 2 new loss 0.00032708741491660476 old loss 0.0003327132435515523 BETTER
I0325 21:47:44.182937 1154345 finetune.py:68] layer 20_up @ epoch 3 new loss 0.00026429485296830535 old loss 0.0002680316974874586 BETTER
I0325 21:47:56.766157 1155181 finetune.py:68] layer 21_up @ epoch 3 new loss 0.0003223325766157359 old loss 0.00032708741491660476 BETTER
I0325 21:48:17.971637 1154345 finetune.py:68] layer 20_up @ epoch 4 new loss 0.00026112364139407873 old loss 0.00026429485296830535 BETTER
I0325 21:48:29.012099 1155181 finetune.py:68] layer 21_up @ epoch 4 new loss 0.0003182580694556236 old loss 0.0003223325766157359 BETTER
I0325 21:48:40.473465 1154345 finetune.py:45] layer 20_gate initial loss 0.00033686484675854445
I0325 21:48:51.437572 1155181 finetune.py:45] layer 21_gate initial loss 0.00040643088868819177
I0325 21:49:11.015225 1154345 finetune.py:68] layer 20_gate @ epoch 0 new loss 0.0003330919425934553 old loss 0.00033686484675854445 BETTER
I0325 21:49:20.315160 1155181 finetune.py:68] layer 21_gate @ epoch 0 new loss 0.000401523633627221 old loss 0.00040643088868819177 BETTER
I0325 21:49:42.490008 1154345 finetune.py:68] layer 20_gate @ epoch 1 new loss 0.0003301407559774816 old loss 0.0003330919425934553 BETTER
I0325 21:49:50.157922 1155181 finetune.py:68] layer 21_gate @ epoch 1 new loss 0.00039774563629180193 old loss 0.000401523633627221 BETTER
I0325 21:50:13.980296 1154345 finetune.py:68] layer 20_gate @ epoch 2 new loss 0.00032750656828284264 old loss 0.0003301407559774816 BETTER
I0325 21:50:19.761013 1155181 finetune.py:68] layer 21_gate @ epoch 2 new loss 0.0003944153431802988 old loss 0.00039774563629180193 BETTER
I0325 21:50:45.416568 1154345 finetune.py:68] layer 20_gate @ epoch 3 new loss 0.0003251340240240097 old loss 0.00032750656828284264 BETTER
I0325 21:50:49.609316 1155181 finetune.py:68] layer 21_gate @ epoch 3 new loss 0.00039139538421295583 old loss 0.0003944153431802988 BETTER
I0325 21:51:16.846075 1154345 finetune.py:68] layer 20_gate @ epoch 4 new loss 0.00032298133010044694 old loss 0.0003251340240240097 BETTER
I0325 21:51:19.414956 1155181 finetune.py:68] layer 21_gate @ epoch 4 new loss 0.0003886401536874473 old loss 0.00039139538421295583 BETTER
I0325 21:51:39.728907 1154345 finetune.py:45] layer 20_down initial loss 0.0005739176995120943
I0325 21:51:42.065068 1155181 finetune.py:45] layer 21_down initial loss 0.0006877837004140019
I0325 21:52:07.533894 1154345 finetune.py:68] layer 20_down @ epoch 0 new loss 0.0005737898754887283 old loss 0.0005739176995120943 BETTER
I0325 21:52:08.679997 1155181 finetune.py:68] layer 21_down @ epoch 0 new loss 0.0006876221741549671 old loss 0.0006877837004140019 BETTER
I0325 21:52:36.320651 1155181 finetune.py:68] layer 21_down @ epoch 1 new loss 0.0006874750251881778 old loss 0.0006876221741549671 BETTER
I0325 21:52:36.667710 1154345 finetune.py:68] layer 20_down @ epoch 1 new loss 0.00057367974659428 old loss 0.0005737898754887283 BETTER
I0325 21:53:04.005687 1155181 finetune.py:68] layer 21_down @ epoch 2 new loss 0.0006873452803120017 old loss 0.0006874750251881778 BETTER
I0325 21:53:05.947381 1154345 finetune.py:68] layer 20_down @ epoch 2 new loss 0.0005735860904678702 old loss 0.00057367974659428 BETTER
I0325 21:53:31.737543 1155181 finetune.py:68] layer 21_down @ epoch 3 new loss 0.0006872224039398134 old loss 0.0006873452803120017 BETTER
I0325 21:53:35.387079 1154345 finetune.py:68] layer 20_down @ epoch 3 new loss 0.0005734963342547417 old loss 0.0005735860904678702 BETTER
I0325 21:53:59.527639 1155181 finetune.py:68] layer 21_down @ epoch 4 new loss 0.0006871108198538423 old loss 0.0006872224039398134 BETTER
21_v proxy err 0.04714026302099228 tr(WHW.T) 362.87310791015625
bpp_loss 2.3577475547790527
21_q proxy err 0.0031128516420722008 tr(WHW.T) 25871.021484375
bpp_loss 3.0547889471054077
21_k proxy err 0.0013654805952683091 tr(WHW.T) 16846.404296875
bpp_loss 3.89887535572052
21_o proxy err 0.054763708263635635 tr(WHW.T) 1279.5426025390625
bpp_loss 2.3862987756729126
21_up proxy err 0.04145781695842743 tr(WHW.T) 7783.92333984375
bpp_loss 2.4619809559413364
21_gate proxy err 0.011295866221189499 tr(WHW.T) 31411.03515625
bpp_loss 2.82346248626709
21_down proxy err 0.04501601308584213 tr(WHW.T) 6477.79833984375
bpp_loss 2.4568347930908203
I0325 21:54:04.883333 1154345 finetune.py:68] layer 20_down @ epoch 4 new loss 0.0005734211299568415 old loss 0.0005734963342547417 BETTER
20_v proxy err 0.050789717584848404 tr(WHW.T) 330.192138671875
bpp_loss 2.332668662071228
20_q proxy err 0.0037908933591097593 tr(WHW.T) 20777.865234375
bpp_loss 3.054174304008484
20_k proxy err 0.0014556370442733169 tr(WHW.T) 15453.8095703125
bpp_loss 3.8614779710769653
20_o proxy err 0.06504251062870026 tr(WHW.T) 1212.967529296875
bpp_loss 2.371019124984741
20_up proxy err 0.042488958686590195 tr(WHW.T) 7605.8369140625
bpp_loss 2.4592368262154713
20_gate proxy err 0.011605005711317062 tr(WHW.T) 30541.625
bpp_loss 2.8128230231148854
20_down proxy err 0.04670067876577377 tr(WHW.T) 6414.55810546875
bpp_loss 2.456508125577654
I0325 21:55:12.612664 975333 quantize_finetune_llama.py:240] computed original embedding for layer 22 in 62.80806612968445s
I0325 21:55:15.885070 1170894 config.py:54] PyTorch version 2.6.0 available.
W0325 21:55:16.167231 1170894 warnings.py:109] /opt/conda/lib/python3.10/site-packages/torchvision/io/image.py:13: UserWarning: Failed to load image Python extension: '/opt/conda/lib/python3.10/site-packages/torchvision/image.so: undefined symbol: _ZN3c1017RegisterOperatorsD1Ev'If you don't plan on using image functionality from `torchvision.io`, you can ignore this warning. Otherwise, there might be something wrong with your environment. Did you have `libjpeg` or `libpng` installed before building `torchvision` from source?
  warn(

W0325 21:55:17.056562 1170894 warnings.py:109] /opt/conda/lib/python3.10/site-packages/compressai/models/video/google.py:353: FutureWarning: `torch.cuda.amp.autocast(args...)` is deprecated. Please use `torch.amp.autocast('cuda', args...)` instead.
  @amp.autocast(enabled=False)

I0325 21:55:17.060714 975333 quantize_finetune_llama.py:209] layer 23 gpu 1
I0325 21:55:17.073778 1170894 data_utils.py:336] using 256 training seqs, 128 validation seqs
The attention layers in this model are transitioning from computing the RoPE embeddings internally through `position_ids` (2D tensor with the indexes of the tokens), to using externally computed `position_embeddings` (Tuple of tensors, containing cos and sin). In v4.46 `position_ids` will be removed and `position_embeddings` will be mandatory.
I0325 21:55:24.355990 1170894 finetune.py:45] layer 22_v initial loss 7.17490038368851e-05
W0325 21:55:24.356268 1170894 warnings.py:109] /workspace/Weight_compression/comp_lm_qtip/lib/algo/finetune.py:46: FutureWarning: `torch.cuda.amp.GradScaler(args...)` is deprecated. Please use `torch.amp.GradScaler('cuda', args...)` instead.
  scaler = torch.cuda.amp.GradScaler(enabled=(orig_dtype==torch.float16))

I0325 21:56:00.116123 1170894 finetune.py:68] layer 22_v @ epoch 0 new loss 4.290806100470945e-05 old loss 7.17490038368851e-05 BETTER
I0325 21:56:18.224074 975333 quantize_finetune_llama.py:240] computed original embedding for layer 23 in 60.738808393478394s
I0325 21:56:21.705437 1171740 config.py:54] PyTorch version 2.6.0 available.
W0325 21:56:21.997081 1171740 warnings.py:109] /opt/conda/lib/python3.10/site-packages/torchvision/io/image.py:13: UserWarning: Failed to load image Python extension: '/opt/conda/lib/python3.10/site-packages/torchvision/image.so: undefined symbol: _ZN3c1017RegisterOperatorsD1Ev'If you don't plan on using image functionality from `torchvision.io`, you can ignore this warning. Otherwise, there might be something wrong with your environment. Did you have `libjpeg` or `libpng` installed before building `torchvision` from source?
  warn(

W0325 21:56:22.914346 1171740 warnings.py:109] /opt/conda/lib/python3.10/site-packages/compressai/models/video/google.py:353: FutureWarning: `torch.cuda.amp.autocast(args...)` is deprecated. Please use `torch.amp.autocast('cuda', args...)` instead.
  @amp.autocast(enabled=False)

I0325 21:56:22.918204 975333 quantize_finetune_llama.py:209] layer 24 gpu 0
I0325 21:56:22.933778 1171740 data_utils.py:336] using 256 training seqs, 128 validation seqs
The attention layers in this model are transitioning from computing the RoPE embeddings internally through `position_ids` (2D tensor with the indexes of the tokens), to using externally computed `position_embeddings` (Tuple of tensors, containing cos and sin). In v4.46 `position_ids` will be removed and `position_embeddings` will be mandatory.
I0325 21:56:29.835309 1171740 finetune.py:45] layer 23_v initial loss 7.723961607553065e-05
W0325 21:56:29.835630 1171740 warnings.py:109] /workspace/Weight_compression/comp_lm_qtip/lib/algo/finetune.py:46: FutureWarning: `torch.cuda.amp.GradScaler(args...)` is deprecated. Please use `torch.amp.GradScaler('cuda', args...)` instead.
  scaler = torch.cuda.amp.GradScaler(enabled=(orig_dtype==torch.float16))

I0325 21:56:37.139217 1170894 finetune.py:68] layer 22_v @ epoch 1 new loss 3.9673803257755935e-05 old loss 4.290806100470945e-05 BETTER
I0325 21:57:03.546705 1171740 finetune.py:68] layer 23_v @ epoch 0 new loss 4.3102783820359036e-05 old loss 7.723961607553065e-05 BETTER
I0325 21:57:14.190265 1170894 finetune.py:68] layer 22_v @ epoch 2 new loss 3.798293982981704e-05 old loss 3.9673803257755935e-05 BETTER
I0325 21:57:38.215279 1171740 finetune.py:68] layer 23_v @ epoch 1 new loss 3.9771173760527745e-05 old loss 4.3102783820359036e-05 BETTER
I0325 21:57:51.291332 1170894 finetune.py:68] layer 22_v @ epoch 3 new loss 3.684121838887222e-05 old loss 3.798293982981704e-05 BETTER
I0325 21:58:13.264240 1171740 finetune.py:68] layer 23_v @ epoch 2 new loss 3.811980059253983e-05 old loss 3.9771173760527745e-05 BETTER
I0325 21:58:28.380061 1170894 finetune.py:68] layer 22_v @ epoch 4 new loss 3.599351839511655e-05 old loss 3.684121838887222e-05 BETTER
I0325 21:58:38.233787 1170894 finetune.py:45] layer 22_q initial loss 4.879912012256682e-05
I0325 21:58:48.279907 1171740 finetune.py:68] layer 23_v @ epoch 3 new loss 3.703699621837586e-05 old loss 3.811980059253983e-05 BETTER
I0325 21:59:14.442280 1170894 finetune.py:68] layer 22_q @ epoch 0 new loss 4.495259781833738e-05 old loss 4.879912012256682e-05 BETTER
I0325 21:59:23.387054 1171740 finetune.py:68] layer 23_v @ epoch 4 new loss 3.623360680649057e-05 old loss 3.703699621837586e-05 BETTER
I0325 21:59:32.986549 1171740 finetune.py:45] layer 23_q initial loss 4.74245025543496e-05
I0325 21:59:51.392549 1170894 finetune.py:68] layer 22_q @ epoch 1 new loss 4.391242691781372e-05 old loss 4.495259781833738e-05 BETTER
I0325 22:00:07.054125 1171740 finetune.py:68] layer 23_q @ epoch 0 new loss 4.431799607118592e-05 old loss 4.74245025543496e-05 BETTER
I0325 22:00:28.397438 1170894 finetune.py:68] layer 22_q @ epoch 2 new loss 4.314185935072601e-05 old loss 4.391242691781372e-05 BETTER
I0325 22:00:41.719985 1171740 finetune.py:68] layer 23_q @ epoch 1 new loss 4.335666017141193e-05 old loss 4.431799607118592e-05 BETTER
I0325 22:01:05.452033 1170894 finetune.py:68] layer 22_q @ epoch 3 new loss 4.2534236854407936e-05 old loss 4.314185935072601e-05 BETTER
I0325 22:01:16.517973 1171740 finetune.py:68] layer 23_q @ epoch 2 new loss 4.262139555066824e-05 old loss 4.335666017141193e-05 BETTER
I0325 22:01:42.426579 1170894 finetune.py:68] layer 22_q @ epoch 4 new loss 4.201932461000979e-05 old loss 4.2534236854407936e-05 BETTER
I0325 22:01:50.393139 1170894 finetune.py:45] layer 22_k initial loss 4.5966597099322826e-05
I0325 22:01:51.193900 1171740 finetune.py:68] layer 23_q @ epoch 3 new loss 4.205090590403415e-05 old loss 4.262139555066824e-05 BETTER
I0325 22:02:25.992592 1171740 finetune.py:68] layer 23_q @ epoch 4 new loss 4.157724106335081e-05 old loss 4.205090590403415e-05 BETTER
I0325 22:02:26.703605 1170894 finetune.py:68] layer 22_k @ epoch 0 new loss 4.5004118874203414e-05 old loss 4.5966597099322826e-05 BETTER
I0325 22:02:33.742268 1171740 finetune.py:45] layer 23_k initial loss 4.619659375748597e-05
I0325 22:03:03.671612 1170894 finetune.py:68] layer 22_k @ epoch 1 new loss 4.46034136984963e-05 old loss 4.5004118874203414e-05 BETTER
I0325 22:03:07.674004 1171740 finetune.py:68] layer 23_k @ epoch 0 new loss 4.522671224549413e-05 old loss 4.619659375748597e-05 BETTER
I0325 22:03:40.694585 1170894 finetune.py:68] layer 22_k @ epoch 2 new loss 4.4256103137740865e-05 old loss 4.46034136984963e-05 BETTER
I0325 22:03:42.280955 1171740 finetune.py:68] layer 23_k @ epoch 1 new loss 4.483551674638875e-05 old loss 4.522671224549413e-05 BETTER
I0325 22:04:16.778191 1171740 finetune.py:68] layer 23_k @ epoch 2 new loss 4.4504806282930076e-05 old loss 4.483551674638875e-05 BETTER
I0325 22:04:17.734074 1170894 finetune.py:68] layer 22_k @ epoch 3 new loss 4.396533404360525e-05 old loss 4.4256103137740865e-05 BETTER
I0325 22:04:51.409098 1171740 finetune.py:68] layer 23_k @ epoch 3 new loss 4.422882557264529e-05 old loss 4.4504806282930076e-05 BETTER
I0325 22:04:54.715915 1170894 finetune.py:68] layer 22_k @ epoch 4 new loss 4.370894384919666e-05 old loss 4.396533404360525e-05 BETTER
I0325 22:05:04.510048 1170894 finetune.py:45] layer 22_o initial loss 0.00013013099669478834
I0325 22:05:26.025518 1171740 finetune.py:68] layer 23_k @ epoch 4 new loss 4.397818702273071e-05 old loss 4.422882557264529e-05 BETTER
I0325 22:05:35.484843 1171740 finetune.py:45] layer 23_o initial loss 0.00011827160778921098
I0325 22:05:39.764108 1170894 finetune.py:68] layer 22_o @ epoch 0 new loss 0.00012067025090800598 old loss 0.00013013099669478834 BETTER
I0325 22:06:08.720149 1171740 finetune.py:68] layer 23_o @ epoch 0 new loss 0.00011027077562175691 old loss 0.00011827160778921098 BETTER
I0325 22:06:15.833620 1170894 finetune.py:68] layer 22_o @ epoch 1 new loss 0.00011716179142240435 old loss 0.00012067025090800598 BETTER
I0325 22:06:42.631128 1171740 finetune.py:68] layer 23_o @ epoch 1 new loss 0.00010755332914413884 old loss 0.00011027077562175691 BETTER
I0325 22:06:51.714530 1170894 finetune.py:68] layer 22_o @ epoch 2 new loss 0.00011469600576674566 old loss 0.00011716179142240435 BETTER
I0325 22:07:16.480562 1171740 finetune.py:68] layer 23_o @ epoch 2 new loss 0.00010567601566435769 old loss 0.00010755332914413884 BETTER
I0325 22:07:27.606965 1170894 finetune.py:68] layer 22_o @ epoch 3 new loss 0.00011283870844636112 old loss 0.00011469600576674566 BETTER
I0325 22:07:50.401318 1171740 finetune.py:68] layer 23_o @ epoch 3 new loss 0.00010425286018289626 old loss 0.00010567601566435769 BETTER
I0325 22:08:03.637675 1170894 finetune.py:68] layer 22_o @ epoch 4 new loss 0.00011130498751299456 old loss 0.00011283870844636112 BETTER
I0325 22:08:24.270231 1171740 finetune.py:68] layer 23_o @ epoch 4 new loss 0.00010314684186596423 old loss 0.00010425286018289626 BETTER
I0325 22:08:25.577347 1170894 finetune.py:45] layer 22_up initial loss 0.00035025071701966226
I0325 22:08:46.008170 1171740 finetune.py:45] layer 23_up initial loss 0.0003620708012022078
I0325 22:08:57.840406 1170894 finetune.py:68] layer 22_up @ epoch 0 new loss 0.0003376785898581147 old loss 0.00035025071701966226 BETTER
I0325 22:09:16.707501 1171740 finetune.py:68] layer 23_up @ epoch 0 new loss 0.000350151996826753 old loss 0.0003620708012022078 BETTER
I0325 22:09:31.202782 1170894 finetune.py:68] layer 22_up @ epoch 1 new loss 0.0003311598557047546 old loss 0.0003376785898581147 BETTER
I0325 22:09:48.673955 1171740 finetune.py:68] layer 23_up @ epoch 1 new loss 0.00034381361911073327 old loss 0.000350151996826753 BETTER
I0325 22:10:04.850177 1170894 finetune.py:68] layer 22_up @ epoch 2 new loss 0.0003260294033680111 old loss 0.0003311598557047546 BETTER
I0325 22:10:20.897732 1171740 finetune.py:68] layer 23_up @ epoch 2 new loss 0.00033890691702254117 old loss 0.00034381361911073327 BETTER
I0325 22:10:38.683535 1170894 finetune.py:68] layer 22_up @ epoch 3 new loss 0.00032176560489460826 old loss 0.0003260294033680111 BETTER
I0325 22:10:52.996748 1171740 finetune.py:68] layer 23_up @ epoch 3 new loss 0.0003348408208694309 old loss 0.00033890691702254117 BETTER
I0325 22:11:12.539406 1170894 finetune.py:68] layer 22_up @ epoch 4 new loss 0.000318078207783401 old loss 0.00032176560489460826 BETTER
I0325 22:11:25.128548 1171740 finetune.py:68] layer 23_up @ epoch 4 new loss 0.0003313583438284695 old loss 0.0003348408208694309 BETTER
I0325 22:11:34.581516 1170894 finetune.py:45] layer 22_gate initial loss 0.0004124388506170362
I0325 22:11:46.972156 1171740 finetune.py:45] layer 23_gate initial loss 0.00043641417869366705
I0325 22:12:04.882679 1170894 finetune.py:68] layer 22_gate @ epoch 0 new loss 0.0004080084909219295 old loss 0.0004124388506170362 BETTER
I0325 22:12:15.505289 1171740 finetune.py:68] layer 23_gate @ epoch 0 new loss 0.0004323856846895069 old loss 0.00043641417869366705 BETTER
I0325 22:12:36.051866 1170894 finetune.py:68] layer 22_gate @ epoch 1 new loss 0.00040458005969412625 old loss 0.0004080084909219295 BETTER
I0325 22:12:45.117377 1171740 finetune.py:68] layer 23_gate @ epoch 1 new loss 0.00042924462468363345 old loss 0.0004323856846895069 BETTER
I0325 22:13:07.481786 1170894 finetune.py:68] layer 22_gate @ epoch 2 new loss 0.00040155809256248176 old loss 0.00040458005969412625 BETTER
I0325 22:13:14.869490 1171740 finetune.py:68] layer 23_gate @ epoch 2 new loss 0.0004264414310455322 old loss 0.00042924462468363345 BETTER
I0325 22:13:39.146732 1170894 finetune.py:68] layer 22_gate @ epoch 3 new loss 0.00039881651173345745 old loss 0.00040155809256248176 BETTER
I0325 22:13:44.660307 1171740 finetune.py:68] layer 23_gate @ epoch 3 new loss 0.00042391213355585933 old loss 0.0004264414310455322 BETTER
I0325 22:14:11.128785 1170894 finetune.py:68] layer 22_gate @ epoch 4 new loss 0.0003963409399148077 old loss 0.00039881651173345745 BETTER
I0325 22:14:14.833668 1171740 finetune.py:68] layer 23_gate @ epoch 4 new loss 0.0004216301895212382 old loss 0.00042391213355585933 BETTER
I0325 22:14:34.799900 1170894 finetune.py:45] layer 22_down initial loss 0.0007081127259880304
I0325 22:14:37.920852 1171740 finetune.py:45] layer 23_down initial loss 0.0007442087517119944
I0325 22:15:02.770636 1170894 finetune.py:68] layer 22_down @ epoch 0 new loss 0.0007079452043399215 old loss 0.0007081127259880304 BETTER
I0325 22:15:04.723467 1171740 finetune.py:68] layer 23_down @ epoch 0 new loss 0.0007440600893460214 old loss 0.0007442087517119944 BETTER
I0325 22:15:32.033479 1170894 finetune.py:68] layer 22_down @ epoch 1 new loss 0.0007077938644215465 old loss 0.0007079452043399215 BETTER
I0325 22:15:32.365302 1171740 finetune.py:68] layer 23_down @ epoch 1 new loss 0.000743925804272294 old loss 0.0007440600893460214 BETTER
I0325 22:16:00.068428 1171740 finetune.py:68] layer 23_down @ epoch 2 new loss 0.0007438090979121625 old loss 0.000743925804272294 BETTER
I0325 22:16:01.430395 1170894 finetune.py:68] layer 22_down @ epoch 2 new loss 0.0007076648180373013 old loss 0.0007077938644215465 BETTER
I0325 22:16:27.794319 1171740 finetune.py:68] layer 23_down @ epoch 3 new loss 0.000743703858461231 old loss 0.0007438090979121625 BETTER
I0325 22:16:30.957370 1170894 finetune.py:68] layer 22_down @ epoch 3 new loss 0.000707545957993716 old loss 0.0007076648180373013 BETTER
I0325 22:16:55.478505 1171740 finetune.py:68] layer 23_down @ epoch 4 new loss 0.0007436044397763908 old loss 0.000743703858461231 BETTER
23_v proxy err 0.04450780525803566 tr(WHW.T) 397.90704345703125
bpp_loss 2.4568783044815063
23_q proxy err 0.003547361819073558 tr(WHW.T) 22649.484375
bpp_loss 3.0296661853790283
23_k proxy err 0.0015320025850087404 tr(WHW.T) 14898.54296875
bpp_loss 3.84549880027771
23_o proxy err 0.046698231250047684 tr(WHW.T) 1753.703857421875
bpp_loss 2.4413039684295654
23_up proxy err 0.043664563447237015 tr(WHW.T) 7428.759765625
bpp_loss 2.470231464930943
23_gate proxy err 0.013061294332146645 tr(WHW.T) 27097.90625
bpp_loss 2.8305489676339284
23_down proxy err 0.043680716305971146 tr(WHW.T) 6779.3271484375
bpp_loss 2.4682815074920654
I0325 22:17:00.289168 1170894 finetune.py:68] layer 22_down @ epoch 4 new loss 0.0007074375753290951 old loss 0.000707545957993716 BETTER
22_v proxy err 0.04778490960597992 tr(WHW.T) 346.0789489746094
bpp_loss 2.4068453311920166
22_q proxy err 0.003711257129907608 tr(WHW.T) 20364.79296875
bpp_loss 3.0183005332946777
22_k proxy err 0.0014622346498072147 tr(WHW.T) 14760.837890625
bpp_loss 3.842568278312683
22_o proxy err 0.06574903428554535 tr(WHW.T) 1226.2769775390625
bpp_loss 2.4182357788085938
22_up proxy err 0.04292821139097214 tr(WHW.T) 7552.70556640625
bpp_loss 2.466308729989188
22_gate proxy err 0.012102631852030754 tr(WHW.T) 29353.080078125
bpp_loss 2.8283848081316267
22_down proxy err 0.044685591012239456 tr(WHW.T) 6656.13232421875
bpp_loss 2.4630163056509837
I0325 22:18:07.656989 975333 quantize_finetune_llama.py:240] computed original embedding for layer 24 in 62.52779293060303s
I0325 22:18:11.038755 1187435 config.py:54] PyTorch version 2.6.0 available.
W0325 22:18:11.320154 1187435 warnings.py:109] /opt/conda/lib/python3.10/site-packages/torchvision/io/image.py:13: UserWarning: Failed to load image Python extension: '/opt/conda/lib/python3.10/site-packages/torchvision/image.so: undefined symbol: _ZN3c1017RegisterOperatorsD1Ev'If you don't plan on using image functionality from `torchvision.io`, you can ignore this warning. Otherwise, there might be something wrong with your environment. Did you have `libjpeg` or `libpng` installed before building `torchvision` from source?
  warn(

W0325 22:18:12.195794 1187435 warnings.py:109] /opt/conda/lib/python3.10/site-packages/compressai/models/video/google.py:353: FutureWarning: `torch.cuda.amp.autocast(args...)` is deprecated. Please use `torch.amp.autocast('cuda', args...)` instead.
  @amp.autocast(enabled=False)

I0325 22:18:12.199885 975333 quantize_finetune_llama.py:209] layer 25 gpu 1
I0325 22:18:12.218701 1187435 data_utils.py:336] using 256 training seqs, 128 validation seqs
The attention layers in this model are transitioning from computing the RoPE embeddings internally through `position_ids` (2D tensor with the indexes of the tokens), to using externally computed `position_embeddings` (Tuple of tensors, containing cos and sin). In v4.46 `position_ids` will be removed and `position_embeddings` will be mandatory.
I0325 22:18:19.629390 1187435 finetune.py:45] layer 24_v initial loss 7.517120684497058e-05
W0325 22:18:19.629569 1187435 warnings.py:109] /workspace/Weight_compression/comp_lm_qtip/lib/algo/finetune.py:46: FutureWarning: `torch.cuda.amp.GradScaler(args...)` is deprecated. Please use `torch.amp.GradScaler('cuda', args...)` instead.
  scaler = torch.cuda.amp.GradScaler(enabled=(orig_dtype==torch.float16))

I0325 22:18:55.514556 1187435 finetune.py:68] layer 24_v @ epoch 0 new loss 4.323343455325812e-05 old loss 7.517120684497058e-05 BETTER
I0325 22:19:12.987018 975333 quantize_finetune_llama.py:240] computed original embedding for layer 25 in 60.382619857788086s
I0325 22:19:16.430315 1188278 config.py:54] PyTorch version 2.6.0 available.
W0325 22:19:16.722105 1188278 warnings.py:109] /opt/conda/lib/python3.10/site-packages/torchvision/io/image.py:13: UserWarning: Failed to load image Python extension: '/opt/conda/lib/python3.10/site-packages/torchvision/image.so: undefined symbol: _ZN3c1017RegisterOperatorsD1Ev'If you don't plan on using image functionality from `torchvision.io`, you can ignore this warning. Otherwise, there might be something wrong with your environment. Did you have `libjpeg` or `libpng` installed before building `torchvision` from source?
  warn(

W0325 22:19:17.664889 1188278 warnings.py:109] /opt/conda/lib/python3.10/site-packages/compressai/models/video/google.py:353: FutureWarning: `torch.cuda.amp.autocast(args...)` is deprecated. Please use `torch.amp.autocast('cuda', args...)` instead.
  @amp.autocast(enabled=False)

I0325 22:19:17.668615 975333 quantize_finetune_llama.py:209] layer 26 gpu 0
I0325 22:19:17.681395 1188278 data_utils.py:336] using 256 training seqs, 128 validation seqs
The attention layers in this model are transitioning from computing the RoPE embeddings internally through `position_ids` (2D tensor with the indexes of the tokens), to using externally computed `position_embeddings` (Tuple of tensors, containing cos and sin). In v4.46 `position_ids` will be removed and `position_embeddings` will be mandatory.
I0325 22:19:24.617637 1188278 finetune.py:45] layer 25_v initial loss 8.921434346120805e-05
