I0326 03:22:49.874379 1335910 finetune.py:45] layer 18_v initial loss 3.282484976807609e-05
W0326 03:22:49.874565 1335910 warnings.py:109] /workspace/Weight_compression/comp_lm_qtip/lib/algo/finetune.py:46: FutureWarning: `torch.cuda.amp.GradScaler(args...)` is deprecated. Please use `torch.amp.GradScaler('cuda', args...)` instead.
  scaler = torch.cuda.amp.GradScaler(enabled=(orig_dtype==torch.float16))

I0326 03:23:26.071911 1335910 finetune.py:68] layer 18_v @ epoch 0 new loss 1.963132672244683e-05 old loss 3.282484976807609e-05 BETTER
I0326 03:23:42.751645 1258494 quantize_finetune_llama.py:240] computed original embedding for layer 19 in 59.8927948474884s
I0326 03:23:46.151116 1336562 config.py:54] PyTorch version 2.6.0 available.
W0326 03:23:46.452201 1336562 warnings.py:109] /opt/conda/lib/python3.10/site-packages/torchvision/io/image.py:13: UserWarning: Failed to load image Python extension: '/opt/conda/lib/python3.10/site-packages/torchvision/image.so: undefined symbol: _ZN3c1017RegisterOperatorsD1Ev'If you don't plan on using image functionality from `torchvision.io`, you can ignore this warning. Otherwise, there might be something wrong with your environment. Did you have `libjpeg` or `libpng` installed before building `torchvision` from source?
  warn(

W0326 03:23:47.374979 1336562 warnings.py:109] /opt/conda/lib/python3.10/site-packages/compressai/models/video/google.py:353: FutureWarning: `torch.cuda.amp.autocast(args...)` is deprecated. Please use `torch.amp.autocast('cuda', args...)` instead.
  @amp.autocast(enabled=False)

I0326 03:23:47.379205 1258494 quantize_finetune_llama.py:209] layer 20 gpu 0
I0326 03:23:47.393682 1336562 data_utils.py:336] using 256 training seqs, 128 validation seqs
The attention layers in this model are transitioning from computing the RoPE embeddings internally through `position_ids` (2D tensor with the indexes of the tokens), to using externally computed `position_embeddings` (Tuple of tensors, containing cos and sin). In v4.46 `position_ids` will be removed and `position_embeddings` will be mandatory.
I0326 03:23:54.213216 1336562 finetune.py:45] layer 19_v initial loss 3.7770318158436567e-05
W0326 03:23:54.213490 1336562 warnings.py:109] /workspace/Weight_compression/comp_lm_qtip/lib/algo/finetune.py:46: FutureWarning: `torch.cuda.amp.GradScaler(args...)` is deprecated. Please use `torch.amp.GradScaler('cuda', args...)` instead.
  scaler = torch.cuda.amp.GradScaler(enabled=(orig_dtype==torch.float16))

I0326 03:24:02.998016 1335910 finetune.py:68] layer 18_v @ epoch 1 new loss 1.822538979467936e-05 old loss 1.963132672244683e-05 BETTER
I0326 03:24:27.706109 1336562 finetune.py:68] layer 19_v @ epoch 0 new loss 2.0578156181727536e-05 old loss 3.7770318158436567e-05 BETTER
I0326 03:24:39.976642 1335910 finetune.py:68] layer 18_v @ epoch 2 new loss 1.7428155842935666e-05 old loss 1.822538979467936e-05 BETTER
I0326 03:25:02.174539 1336562 finetune.py:68] layer 19_v @ epoch 1 new loss 1.8941038433695212e-05 old loss 2.0578156181727536e-05 BETTER
I0326 03:25:17.297786 1335910 finetune.py:68] layer 18_v @ epoch 3 new loss 1.6886160665308125e-05 old loss 1.7428155842935666e-05 BETTER
I0326 03:25:36.999999 1336562 finetune.py:68] layer 19_v @ epoch 2 new loss 1.811857509892434e-05 old loss 1.8941038433695212e-05 BETTER
I0326 03:25:54.786034 1335910 finetune.py:68] layer 18_v @ epoch 4 new loss 1.6482674254802987e-05 old loss 1.6886160665308125e-05 BETTER
I0326 03:26:04.542847 1335910 finetune.py:45] layer 18_q initial loss 2.1030598873039708e-05
I0326 03:26:11.939406 1336562 finetune.py:68] layer 19_v @ epoch 3 new loss 1.756865094648674e-05 old loss 1.811857509892434e-05 BETTER
I0326 03:26:40.314571 1335910 finetune.py:68] layer 18_q @ epoch 0 new loss 1.957817039510701e-05 old loss 2.1030598873039708e-05 BETTER
I0326 03:26:46.927295 1336562 finetune.py:68] layer 19_v @ epoch 4 new loss 1.717542727419641e-05 old loss 1.756865094648674e-05 BETTER
I0326 03:26:56.380924 1336562 finetune.py:45] layer 19_q initial loss 2.07393186428817e-05
I0326 03:27:16.956832 1335910 finetune.py:68] layer 18_q @ epoch 1 new loss 1.9137634808430448e-05 old loss 1.957817039510701e-05 BETTER
I0326 03:27:30.073220 1336562 finetune.py:68] layer 19_q @ epoch 0 new loss 1.9720908312592655e-05 old loss 2.07393186428817e-05 BETTER
I0326 03:27:53.516056 1335910 finetune.py:68] layer 18_q @ epoch 2 new loss 1.881235402834136e-05 old loss 1.9137634808430448e-05 BETTER
I0326 03:28:04.524346 1336562 finetune.py:68] layer 19_q @ epoch 1 new loss 1.9315719328005798e-05 old loss 1.9720908312592655e-05 BETTER
I0326 03:28:30.437300 1335910 finetune.py:68] layer 18_q @ epoch 3 new loss 1.8553260815679096e-05 old loss 1.881235402834136e-05 BETTER
I0326 03:28:39.118546 1336562 finetune.py:68] layer 19_q @ epoch 2 new loss 1.8995058781001717e-05 old loss 1.9315719328005798e-05 BETTER
I0326 03:29:07.326578 1335910 finetune.py:68] layer 18_q @ epoch 4 new loss 1.833356509450823e-05 old loss 1.8553260815679096e-05 BETTER
I0326 03:29:13.718225 1336562 finetune.py:68] layer 19_q @ epoch 3 new loss 1.8770064343698323e-05 old loss 1.8995058781001717e-05 BETTER
I0326 03:29:15.494334 1335910 finetune.py:45] layer 18_k initial loss 1.943326242326293e-05
I0326 03:29:48.388033 1336562 finetune.py:68] layer 19_q @ epoch 4 new loss 1.853502544690855e-05 old loss 1.8770064343698323e-05 BETTER
I0326 03:29:51.607890 1335910 finetune.py:68] layer 18_k @ epoch 0 new loss 1.911890103656333e-05 old loss 1.943326242326293e-05 BETTER
I0326 03:29:56.104678 1336562 finetune.py:45] layer 19_k initial loss 1.9846780560328625e-05
I0326 03:30:28.300599 1335910 finetune.py:68] layer 18_k @ epoch 1 new loss 1.8935395928565413e-05 old loss 1.911890103656333e-05 BETTER
I0326 03:30:29.970188 1336562 finetune.py:68] layer 19_k @ epoch 0 new loss 1.9459555915091187e-05 old loss 1.9846780560328625e-05 BETTER
I0326 03:31:04.358884 1336562 finetune.py:68] layer 19_k @ epoch 1 new loss 1.9292139768367633e-05 old loss 1.9459555915091187e-05 BETTER
I0326 03:31:04.835922 1335910 finetune.py:68] layer 18_k @ epoch 2 new loss 1.8783222913043573e-05 old loss 1.8935395928565413e-05 BETTER
I0326 03:31:38.874980 1336562 finetune.py:68] layer 19_k @ epoch 2 new loss 1.9158023860654794e-05 old loss 1.9292139768367633e-05 BETTER
I0326 03:31:41.222089 1335910 finetune.py:68] layer 18_k @ epoch 3 new loss 1.865305057435762e-05 old loss 1.8783222913043573e-05 BETTER
I0326 03:32:13.333019 1336562 finetune.py:68] layer 19_k @ epoch 3 new loss 1.9027544112759642e-05 old loss 1.9158023860654794e-05 BETTER
I0326 03:32:17.884268 1335910 finetune.py:68] layer 18_k @ epoch 4 new loss 1.85310000233585e-05 old loss 1.865305057435762e-05 BETTER
I0326 03:32:27.699413 1335910 finetune.py:45] layer 18_o initial loss 5.3805943025508896e-05
I0326 03:32:47.955535 1336562 finetune.py:68] layer 19_k @ epoch 4 new loss 1.892536056402605e-05 old loss 1.9027544112759642e-05 BETTER
I0326 03:32:57.295084 1336562 finetune.py:45] layer 19_o initial loss 5.1129340135958046e-05
I0326 03:33:02.966652 1335910 finetune.py:68] layer 18_o @ epoch 0 new loss 4.963590617990121e-05 old loss 5.3805943025508896e-05 BETTER
I0326 03:33:30.514299 1336562 finetune.py:68] layer 19_o @ epoch 0 new loss 4.705617902800441e-05 old loss 5.1129340135958046e-05 BETTER
I0326 03:33:39.127978 1335910 finetune.py:68] layer 18_o @ epoch 1 new loss 4.795327186002396e-05 old loss 4.963590617990121e-05 BETTER
I0326 03:34:04.411338 1336562 finetune.py:68] layer 19_o @ epoch 1 new loss 4.553834514808841e-05 old loss 4.705617902800441e-05 BETTER
I0326 03:34:15.166813 1335910 finetune.py:68] layer 18_o @ epoch 2 new loss 4.6814056986477226e-05 old loss 4.795327186002396e-05 BETTER
I0326 03:34:38.302030 1336562 finetune.py:68] layer 19_o @ epoch 2 new loss 4.4531778257805854e-05 old loss 4.553834514808841e-05 BETTER
I0326 03:34:51.329764 1335910 finetune.py:68] layer 18_o @ epoch 3 new loss 4.5942317228764296e-05 old loss 4.6814056986477226e-05 BETTER
I0326 03:35:12.253900 1336562 finetune.py:68] layer 19_o @ epoch 3 new loss 4.375532080302946e-05 old loss 4.4531778257805854e-05 BETTER
I0326 03:35:27.305822 1335910 finetune.py:68] layer 18_o @ epoch 4 new loss 4.5266129745868966e-05 old loss 4.5942317228764296e-05 BETTER
I0326 03:35:46.154986 1336562 finetune.py:68] layer 19_o @ epoch 4 new loss 4.314598481869325e-05 old loss 4.375532080302946e-05 BETTER
I0326 03:35:49.019028 1335910 finetune.py:45] layer 18_up initial loss 0.0001304720644839108
I0326 03:36:07.565345 1336562 finetune.py:45] layer 19_up initial loss 0.00013435151777230203
I0326 03:36:21.533658 1335910 finetune.py:68] layer 18_up @ epoch 0 new loss 0.00012516547576524317 old loss 0.0001304720644839108 BETTER
I0326 03:36:38.462576 1336562 finetune.py:68] layer 19_up @ epoch 0 new loss 0.000128982646856457 old loss 0.00013435151777230203 BETTER
I0326 03:36:54.914431 1335910 finetune.py:68] layer 18_up @ epoch 1 new loss 0.00012223122757859528 old loss 0.00012516547576524317 BETTER
I0326 03:37:10.273356 1336562 finetune.py:68] layer 19_up @ epoch 1 new loss 0.00012603899813257158 old loss 0.000128982646856457 BETTER
I0326 03:37:28.561005 1335910 finetune.py:68] layer 18_up @ epoch 2 new loss 0.00011997644469374791 old loss 0.00012223122757859528 BETTER
I0326 03:37:42.399636 1336562 finetune.py:68] layer 19_up @ epoch 2 new loss 0.0001237410178873688 old loss 0.00012603899813257158 BETTER
I0326 03:38:02.322637 1335910 finetune.py:68] layer 18_up @ epoch 3 new loss 0.00011806079419329762 old loss 0.00011997644469374791 BETTER
I0326 03:38:14.601890 1336562 finetune.py:68] layer 19_up @ epoch 3 new loss 0.0001218547549797222 old loss 0.0001237410178873688 BETTER
I0326 03:38:36.072322 1335910 finetune.py:68] layer 18_up @ epoch 4 new loss 0.00011644070036709309 old loss 0.00011806079419329762 BETTER
I0326 03:38:46.654119 1336562 finetune.py:68] layer 19_up @ epoch 4 new loss 0.00012022232112940401 old loss 0.0001218547549797222 BETTER
I0326 03:38:57.971421 1335910 finetune.py:45] layer 18_gate initial loss 0.00014708474918734282
I0326 03:39:08.209295 1336562 finetune.py:45] layer 19_gate initial loss 0.00015332800103351474
I0326 03:39:28.418703 1335910 finetune.py:68] layer 18_gate @ epoch 0 new loss 0.00014518311945721507 old loss 0.00014708474918734282 BETTER
I0326 03:39:36.842244 1336562 finetune.py:68] layer 19_gate @ epoch 0 new loss 0.00015144380449783057 old loss 0.00015332800103351474 BETTER
I0326 03:39:59.759972 1335910 finetune.py:68] layer 18_gate @ epoch 1 new loss 0.00014369009295478463 old loss 0.00014518311945721507 BETTER
I0326 03:40:06.296291 1336562 finetune.py:68] layer 19_gate @ epoch 1 new loss 0.00014996362733654678 old loss 0.00015144380449783057 BETTER
I0326 03:40:31.122019 1335910 finetune.py:68] layer 18_gate @ epoch 2 new loss 0.00014238305448088795 old loss 0.00014369009295478463 BETTER
I0326 03:40:35.978783 1336562 finetune.py:68] layer 19_gate @ epoch 2 new loss 0.0001486446417402476 old loss 0.00014996362733654678 BETTER
I0326 03:41:02.712217 1335910 finetune.py:68] layer 18_gate @ epoch 3 new loss 0.0001412242854712531 old loss 0.00014238305448088795 BETTER
I0326 03:41:05.745444 1336562 finetune.py:68] layer 19_gate @ epoch 3 new loss 0.0001474886666983366 old loss 0.0001486446417402476 BETTER
I0326 03:41:34.217159 1335910 finetune.py:68] layer 18_gate @ epoch 4 new loss 0.00014016056957188994 old loss 0.0001412242854712531 BETTER
I0326 03:41:35.485890 1336562 finetune.py:68] layer 19_gate @ epoch 4 new loss 0.00014645636838395149 old loss 0.0001474886666983366 BETTER
I0326 03:41:56.917141 1335910 finetune.py:45] layer 18_down initial loss 0.00025796538102440536
I0326 03:41:57.797885 1336562 finetune.py:45] layer 19_down initial loss 0.0002679873432498425
I0326 03:42:24.518883 1336562 finetune.py:68] layer 19_down @ epoch 0 new loss 0.0002679444442037493 old loss 0.0002679873432498425 BETTER
I0326 03:42:24.610600 1335910 finetune.py:68] layer 18_down @ epoch 0 new loss 0.00025792515953071415 old loss 0.00025796538102440536 BETTER
I0326 03:42:52.062920 1336562 finetune.py:68] layer 19_down @ epoch 1 new loss 0.00026791071286424994 old loss 0.0002679444442037493 BETTER
I0326 03:42:53.574283 1335910 finetune.py:68] layer 18_down @ epoch 1 new loss 0.0002578909043222666 old loss 0.00025792515953071415 BETTER
I0326 03:43:19.755333 1336562 finetune.py:68] layer 19_down @ epoch 2 new loss 0.00026788347167894244 old loss 0.00026791071286424994 BETTER
I0326 03:43:22.682137 1335910 finetune.py:68] layer 18_down @ epoch 2 new loss 0.00025786174228414893 old loss 0.0002578909043222666 BETTER
I0326 03:43:47.395353 1336562 finetune.py:68] layer 19_down @ epoch 3 new loss 0.00026785992668010294 old loss 0.00026788347167894244 BETTER
I0326 03:43:51.911366 1335910 finetune.py:68] layer 18_down @ epoch 3 new loss 0.0002578366838861257 old loss 0.00025786174228414893 BETTER
I0326 03:44:15.004602 1336562 finetune.py:68] layer 19_down @ epoch 4 new loss 0.00026783981593325734 old loss 0.00026785992668010294 BETTER
19_v proxy err 0.025285042822360992 tr(WHW.T) 341.0596618652344
bpp_loss 2.7990424633026123
19_q proxy err 0.001683523878455162 tr(WHW.T) 24062.958984375
bpp_loss 3.583001494407654
19_k proxy err 0.0007322914898395538 tr(WHW.T) 15584.12109375
bpp_loss 4.415575742721558
19_o proxy err 0.03261850029230118 tr(WHW.T) 1174.8516845703125
bpp_loss 2.8835697174072266
19_up proxy err 0.020966853946447372 tr(WHW.T) 7650.33935546875
bpp_loss 2.954024451119559
19_gate proxy err 0.005323607474565506 tr(WHW.T) 32706.18359375
bpp_loss 3.3087376185825894
19_down proxy err 0.024057399481534958 tr(WHW.T) 6242.73095703125
bpp_loss 2.950387580054147
I0326 03:44:21.182221 1335910 finetune.py:68] layer 18_down @ epoch 4 new loss 0.00025781456497497857 old loss 0.0002578366838861257 BETTER
18_v proxy err 0.028874032199382782 tr(WHW.T) 287.61376953125
bpp_loss 2.7546801567077637
18_q proxy err 0.0017713971901685 tr(WHW.T) 22425.5859375
bpp_loss 3.580264449119568
18_k proxy err 0.0006472232053056359 tr(WHW.T) 17431.814453125
bpp_loss 4.503715991973877
18_o proxy err 0.03189392760396004 tr(WHW.T) 1209.439453125
bpp_loss 2.870406150817871
18_up proxy err 0.01999683491885662 tr(WHW.T) 7981.99462890625
bpp_loss 2.9570011411394392
18_gate proxy err 0.004933212883770466 tr(WHW.T) 35087.015625
bpp_loss 3.2979948861258372
18_down proxy err 0.024202777072787285 tr(WHW.T) 6287.1806640625
bpp_loss 2.952068771634783
I0326 03:45:28.949105 1258494 quantize_finetune_llama.py:240] computed original embedding for layer 20 in 62.906408071517944s
I0326 03:45:32.134459 1347994 config.py:54] PyTorch version 2.6.0 available.
W0326 03:45:32.416838 1347994 warnings.py:109] /opt/conda/lib/python3.10/site-packages/torchvision/io/image.py:13: UserWarning: Failed to load image Python extension: '/opt/conda/lib/python3.10/site-packages/torchvision/image.so: undefined symbol: _ZN3c1017RegisterOperatorsD1Ev'If you don't plan on using image functionality from `torchvision.io`, you can ignore this warning. Otherwise, there might be something wrong with your environment. Did you have `libjpeg` or `libpng` installed before building `torchvision` from source?
  warn(

W0326 03:45:33.301502 1347994 warnings.py:109] /opt/conda/lib/python3.10/site-packages/compressai/models/video/google.py:353: FutureWarning: `torch.cuda.amp.autocast(args...)` is deprecated. Please use `torch.amp.autocast('cuda', args...)` instead.
  @amp.autocast(enabled=False)

I0326 03:45:33.305654 1258494 quantize_finetune_llama.py:209] layer 21 gpu 1
I0326 03:45:33.321560 1347994 data_utils.py:336] using 256 training seqs, 128 validation seqs
The attention layers in this model are transitioning from computing the RoPE embeddings internally through `position_ids` (2D tensor with the indexes of the tokens), to using externally computed `position_embeddings` (Tuple of tensors, containing cos and sin). In v4.46 `position_ids` will be removed and `position_embeddings` will be mandatory.
I0326 03:45:40.652394 1347994 finetune.py:45] layer 20_v initial loss 3.4771273931255564e-05
W0326 03:45:40.652646 1347994 warnings.py:109] /workspace/Weight_compression/comp_lm_qtip/lib/algo/finetune.py:46: FutureWarning: `torch.cuda.amp.GradScaler(args...)` is deprecated. Please use `torch.amp.GradScaler('cuda', args...)` instead.
  scaler = torch.cuda.amp.GradScaler(enabled=(orig_dtype==torch.float16))

I0326 03:46:16.787916 1347994 finetune.py:68] layer 20_v @ epoch 0 new loss 2.166399463021662e-05 old loss 3.4771273931255564e-05 BETTER
I0326 03:46:25.946973 1258494 quantize_finetune_llama.py:240] computed original embedding for layer 21 in 52.24210786819458s
I0326 03:46:29.309129 1348554 config.py:54] PyTorch version 2.6.0 available.
W0326 03:46:29.602612 1348554 warnings.py:109] /opt/conda/lib/python3.10/site-packages/torchvision/io/image.py:13: UserWarning: Failed to load image Python extension: '/opt/conda/lib/python3.10/site-packages/torchvision/image.so: undefined symbol: _ZN3c1017RegisterOperatorsD1Ev'If you don't plan on using image functionality from `torchvision.io`, you can ignore this warning. Otherwise, there might be something wrong with your environment. Did you have `libjpeg` or `libpng` installed before building `torchvision` from source?
  warn(

W0326 03:46:30.499180 1348554 warnings.py:109] /opt/conda/lib/python3.10/site-packages/compressai/models/video/google.py:353: FutureWarning: `torch.cuda.amp.autocast(args...)` is deprecated. Please use `torch.amp.autocast('cuda', args...)` instead.
  @amp.autocast(enabled=False)

I0326 03:46:30.503677 1258494 quantize_finetune_llama.py:209] layer 22 gpu 0
I0326 03:46:30.518903 1348554 data_utils.py:336] using 256 training seqs, 128 validation seqs
The attention layers in this model are transitioning from computing the RoPE embeddings internally through `position_ids` (2D tensor with the indexes of the tokens), to using externally computed `position_embeddings` (Tuple of tensors, containing cos and sin). In v4.46 `position_ids` will be removed and `position_embeddings` will be mandatory.
I0326 03:46:37.319458 1348554 finetune.py:45] layer 21_v initial loss 4.024485679110512e-05
W0326 03:46:37.319679 1348554 warnings.py:109] /workspace/Weight_compression/comp_lm_qtip/lib/algo/finetune.py:46: FutureWarning: `torch.cuda.amp.GradScaler(args...)` is deprecated. Please use `torch.amp.GradScaler('cuda', args...)` instead.
  scaler = torch.cuda.amp.GradScaler(enabled=(orig_dtype==torch.float16))

I0326 03:46:53.764130 1347994 finetune.py:68] layer 20_v @ epoch 1 new loss 2.0148145267739892e-05 old loss 2.166399463021662e-05 BETTER
I0326 03:47:10.740286 1348554 finetune.py:68] layer 21_v @ epoch 0 new loss 2.603306529636029e-05 old loss 4.024485679110512e-05 BETTER
I0326 03:47:30.744454 1347994 finetune.py:68] layer 20_v @ epoch 2 new loss 1.9318056729389355e-05 old loss 2.0148145267739892e-05 BETTER
I0326 03:47:45.189607 1348554 finetune.py:68] layer 21_v @ epoch 1 new loss 2.405888335488271e-05 old loss 2.603306529636029e-05 BETTER
I0326 03:48:07.635185 1347994 finetune.py:68] layer 20_v @ epoch 3 new loss 1.8732356693362817e-05 old loss 1.9318056729389355e-05 BETTER
I0326 03:48:19.878942 1348554 finetune.py:68] layer 21_v @ epoch 2 new loss 2.290863631060347e-05 old loss 2.405888335488271e-05 BETTER
I0326 03:48:44.754772 1347994 finetune.py:68] layer 20_v @ epoch 4 new loss 1.8305605408386327e-05 old loss 1.8732356693362817e-05 BETTER
I0326 03:48:54.416580 1347994 finetune.py:45] layer 20_q initial loss 2.2895614165463485e-05
I0326 03:48:54.772016 1348554 finetune.py:68] layer 21_v @ epoch 3 new loss 2.2126339899841696e-05 old loss 2.290863631060347e-05 BETTER
I0326 03:49:29.740761 1348554 finetune.py:68] layer 21_v @ epoch 4 new loss 2.1523257601074874e-05 old loss 2.2126339899841696e-05 BETTER
I0326 03:49:30.393938 1347994 finetune.py:68] layer 20_q @ epoch 0 new loss 2.126798608514946e-05 old loss 2.2895614165463485e-05 BETTER
I0326 03:49:39.147315 1348554 finetune.py:45] layer 21_q initial loss 2.8095160814700648e-05
I0326 03:50:07.297367 1347994 finetune.py:68] layer 20_q @ epoch 1 new loss 2.079343539662659e-05 old loss 2.126798608514946e-05 BETTER
I0326 03:50:12.867451 1348554 finetune.py:68] layer 21_q @ epoch 0 new loss 2.634332122397609e-05 old loss 2.8095160814700648e-05 BETTER
I0326 03:50:44.102896 1347994 finetune.py:68] layer 20_q @ epoch 2 new loss 2.0441848391783424e-05 old loss 2.079343539662659e-05 BETTER
I0326 03:50:47.508721 1348554 finetune.py:68] layer 21_q @ epoch 1 new loss 2.5625364287407137e-05 old loss 2.634332122397609e-05 BETTER
I0326 03:51:20.980426 1347994 finetune.py:68] layer 20_q @ epoch 3 new loss 2.015367499552667e-05 old loss 2.0441848391783424e-05 BETTER
I0326 03:51:21.996824 1348554 finetune.py:68] layer 21_q @ epoch 2 new loss 2.508922443666961e-05 old loss 2.5625364287407137e-05 BETTER
I0326 03:51:56.626672 1348554 finetune.py:68] layer 21_q @ epoch 3 new loss 2.4650000341353007e-05 old loss 2.508922443666961e-05 BETTER
I0326 03:51:57.862279 1347994 finetune.py:68] layer 20_q @ epoch 4 new loss 1.9918563339160755e-05 old loss 2.015367499552667e-05 BETTER
I0326 03:52:05.775962 1347994 finetune.py:45] layer 20_k initial loss 2.132042391167488e-05
I0326 03:52:31.211438 1348554 finetune.py:68] layer 21_q @ epoch 4 new loss 2.42896221607225e-05 old loss 2.4650000341353007e-05 BETTER
I0326 03:52:39.237282 1348554 finetune.py:45] layer 21_k initial loss 2.6244828404742293e-05
I0326 03:52:41.980875 1347994 finetune.py:68] layer 20_k @ epoch 0 new loss 2.086317545035854e-05 old loss 2.132042391167488e-05 BETTER
I0326 03:53:12.845336 1348554 finetune.py:68] layer 21_k @ epoch 0 new loss 2.578054954938125e-05 old loss 2.6244828404742293e-05 BETTER
I0326 03:53:18.654058 1347994 finetune.py:68] layer 20_k @ epoch 1 new loss 2.0670946469181217e-05 old loss 2.086317545035854e-05 BETTER
I0326 03:53:47.185764 1348554 finetune.py:68] layer 21_k @ epoch 1 new loss 2.5519782866467722e-05 old loss 2.578054954938125e-05 BETTER
I0326 03:53:55.044495 1347994 finetune.py:68] layer 20_k @ epoch 2 new loss 2.0506055079749785e-05 old loss 2.0670946469181217e-05 BETTER
I0326 03:54:21.548807 1348554 finetune.py:68] layer 21_k @ epoch 2 new loss 2.528347795305308e-05 old loss 2.5519782866467722e-05 BETTER
I0326 03:54:31.734736 1347994 finetune.py:68] layer 20_k @ epoch 3 new loss 2.0368568584672175e-05 old loss 2.0506055079749785e-05 BETTER
I0326 03:54:55.915281 1348554 finetune.py:68] layer 21_k @ epoch 3 new loss 2.5090525014093146e-05 old loss 2.528347795305308e-05 BETTER
I0326 03:55:08.639672 1347994 finetune.py:68] layer 20_k @ epoch 4 new loss 2.024256536969915e-05 old loss 2.0368568584672175e-05 BETTER
I0326 03:55:18.299489 1347994 finetune.py:45] layer 20_o initial loss 5.408563811215572e-05
I0326 03:55:30.326125 1348554 finetune.py:68] layer 21_k @ epoch 4 new loss 2.4920987925725058e-05 old loss 2.5090525014093146e-05 BETTER
I0326 03:55:39.679300 1348554 finetune.py:45] layer 21_o initial loss 7.793169061187655e-05
I0326 03:55:53.717224 1347994 finetune.py:68] layer 20_o @ epoch 0 new loss 5.010662425775081e-05 old loss 5.408563811215572e-05 BETTER
I0326 03:56:12.800995 1348554 finetune.py:68] layer 21_o @ epoch 0 new loss 7.003913924563676e-05 old loss 7.793169061187655e-05 BETTER
I0326 03:56:29.666954 1347994 finetune.py:68] layer 20_o @ epoch 1 new loss 4.8525216698180884e-05 old loss 5.010662425775081e-05 BETTER
I0326 03:56:46.662679 1348554 finetune.py:68] layer 21_o @ epoch 1 new loss 6.673739699181169e-05 old loss 7.003913924563676e-05 BETTER
I0326 03:57:05.615052 1347994 finetune.py:68] layer 20_o @ epoch 2 new loss 4.7466066462220624e-05 old loss 4.8525216698180884e-05 BETTER
I0326 03:57:20.855496 1348554 finetune.py:68] layer 21_o @ epoch 2 new loss 6.451745866797864e-05 old loss 6.673739699181169e-05 BETTER
I0326 03:57:42.003565 1347994 finetune.py:68] layer 20_o @ epoch 3 new loss 4.663461368181743e-05 old loss 4.7466066462220624e-05 BETTER
I0326 03:57:54.829874 1348554 finetune.py:68] layer 21_o @ epoch 3 new loss 6.286612915573642e-05 old loss 6.451745866797864e-05 BETTER
I0326 03:58:18.024067 1347994 finetune.py:68] layer 20_o @ epoch 4 new loss 4.598662781063467e-05 old loss 4.663461368181743e-05 BETTER
I0326 03:58:28.696710 1348554 finetune.py:68] layer 21_o @ epoch 4 new loss 6.156138988444582e-05 old loss 6.286612915573642e-05 BETTER
I0326 03:58:39.723588 1347994 finetune.py:45] layer 20_up initial loss 0.00014362811634782702
I0326 03:58:50.144627 1348554 finetune.py:45] layer 21_up initial loss 0.00017528676835354418
I0326 03:59:12.008977 1347994 finetune.py:68] layer 20_up @ epoch 0 new loss 0.00013794387632515281 old loss 0.00014362811634782702 BETTER
I0326 03:59:21.057629 1348554 finetune.py:68] layer 21_up @ epoch 0 new loss 0.00016791970119811594 old loss 0.00017528676835354418 BETTER
I0326 03:59:45.252812 1347994 finetune.py:68] layer 20_up @ epoch 1 new loss 0.0001348943478660658 old loss 0.00013794387632515281 BETTER
I0326 03:59:52.879839 1348554 finetune.py:68] layer 21_up @ epoch 1 new loss 0.00016402167966589332 old loss 0.00016791970119811594 BETTER
I0326 04:00:18.909437 1347994 finetune.py:68] layer 20_up @ epoch 2 new loss 0.00013254539226181805 old loss 0.0001348943478660658 BETTER
I0326 04:00:25.003379 1348554 finetune.py:68] layer 21_up @ epoch 2 new loss 0.00016101986693684012 old loss 0.00016402167966589332 BETTER
I0326 04:00:52.680027 1347994 finetune.py:68] layer 20_up @ epoch 3 new loss 0.00013057257456239313 old loss 0.00013254539226181805 BETTER
I0326 04:00:57.109693 1348554 finetune.py:68] layer 21_up @ epoch 3 new loss 0.00015851327043492347 old loss 0.00016101986693684012 BETTER
I0326 04:01:26.669066 1347994 finetune.py:68] layer 20_up @ epoch 4 new loss 0.00012892075756099075 old loss 0.00013057257456239313 BETTER
I0326 04:01:29.150515 1348554 finetune.py:68] layer 21_up @ epoch 4 new loss 0.00015638854529242963 old loss 0.00015851327043492347 BETTER
I0326 04:01:48.501136 1347994 finetune.py:45] layer 20_gate initial loss 0.00016627233708277345
I0326 04:01:50.807719 1348554 finetune.py:45] layer 21_gate initial loss 0.0001996024657273665
I0326 04:02:18.911633 1347994 finetune.py:68] layer 20_gate @ epoch 0 new loss 0.00016423477791249752 old loss 0.00016627233708277345 BETTER
I0326 04:02:19.499598 1348554 finetune.py:68] layer 21_gate @ epoch 0 new loss 0.00019697991956491023 old loss 0.0001996024657273665 BETTER
I0326 04:02:49.083944 1348554 finetune.py:68] layer 21_gate @ epoch 1 new loss 0.00019500793132465333 old loss 0.00019697991956491023 BETTER
I0326 04:02:50.202283 1347994 finetune.py:68] layer 20_gate @ epoch 1 new loss 0.0001626951270736754 old loss 0.00016423477791249752 BETTER
I0326 04:03:18.880141 1348554 finetune.py:68] layer 21_gate @ epoch 2 new loss 0.00019329623319208622 old loss 0.00019500793132465333 BETTER
I0326 04:03:21.561514 1347994 finetune.py:68] layer 20_gate @ epoch 2 new loss 0.00016134577163029462 old loss 0.0001626951270736754 BETTER
I0326 04:03:48.652483 1348554 finetune.py:68] layer 21_gate @ epoch 3 new loss 0.00019177983631379902 old loss 0.00019329623319208622 BETTER
I0326 04:03:52.911313 1347994 finetune.py:68] layer 20_gate @ epoch 3 new loss 0.00016015199071262032 old loss 0.00016134577163029462 BETTER
I0326 04:04:18.450764 1348554 finetune.py:68] layer 21_gate @ epoch 4 new loss 0.00019041479390580207 old loss 0.00019177983631379902 BETTER
I0326 04:04:24.359132 1347994 finetune.py:68] layer 20_gate @ epoch 4 new loss 0.00015908708155620843 old loss 0.00016015199071262032 BETTER
I0326 04:04:40.937065 1348554 finetune.py:45] layer 21_down initial loss 0.00034390395740047097
I0326 04:04:47.013535 1347994 finetune.py:45] layer 20_down initial loss 0.00028821240994147956
I0326 04:05:07.633786 1348554 finetune.py:68] layer 21_down @ epoch 0 new loss 0.0003438493295107037 old loss 0.00034390395740047097 BETTER
I0326 04:05:15.046888 1347994 finetune.py:68] layer 20_down @ epoch 0 new loss 0.00028817710699513555 old loss 0.00028821240994147956 BETTER
I0326 04:05:35.185847 1348554 finetune.py:68] layer 21_down @ epoch 1 new loss 0.00034380238503217697 old loss 0.0003438493295107037 BETTER
I0326 04:05:43.655295 1347994 finetune.py:68] layer 20_down @ epoch 1 new loss 0.00028814905090257525 old loss 0.00028817710699513555 BETTER
I0326 04:06:02.859962 1348554 finetune.py:68] layer 21_down @ epoch 2 new loss 0.00034376478288322687 old loss 0.00034380238503217697 BETTER
I0326 04:06:12.759023 1347994 finetune.py:68] layer 20_down @ epoch 2 new loss 0.00028812672826461494 old loss 0.00028814905090257525 BETTER
I0326 04:06:30.524681 1348554 finetune.py:68] layer 21_down @ epoch 3 new loss 0.00034373157541267574 old loss 0.00034376478288322687 BETTER
I0326 04:06:41.831346 1347994 finetune.py:68] layer 20_down @ epoch 3 new loss 0.00028810856747440994 old loss 0.00028812672826461494 BETTER
I0326 04:06:58.179651 1348554 finetune.py:68] layer 21_down @ epoch 4 new loss 0.00034370311186648905 old loss 0.00034373157541267574 BETTER
21_v proxy err 0.023490045219659805 tr(WHW.T) 362.87310791015625
bpp_loss 2.8569209575653076
21_q proxy err 0.0015279864892363548 tr(WHW.T) 25857.7890625
bpp_loss 3.5561561584472656
21_k proxy err 0.0006605273811146617 tr(WHW.T) 16820.234375
bpp_loss 4.412306547164917
21_o proxy err 0.027617698535323143 tr(WHW.T) 1273.6905517578125
bpp_loss 2.8852521181106567
21_up proxy err 0.020694883540272713 tr(WHW.T) 7778.2314453125
bpp_loss 2.9606005804879323
21_gate proxy err 0.005546979606151581 tr(WHW.T) 31505.654296875
bpp_loss 3.321847370692662
21_down proxy err 0.022682400420308113 tr(WHW.T) 6422.58984375
bpp_loss 2.9549878665379117
I0326 04:07:10.974581 1347994 finetune.py:68] layer 20_down @ epoch 4 new loss 0.00028809349169023335 old loss 0.00028810856747440994 BETTER
20_v proxy err 0.025412311777472496 tr(WHW.T) 330.192138671875
bpp_loss 2.832133650779724
20_q proxy err 0.0018671322613954544 tr(WHW.T) 20759.708984375
bpp_loss 3.556238293647766
20_k proxy err 0.0007072627195157111 tr(WHW.T) 15431.419921875
bpp_loss 4.374249696731567
20_o proxy err 0.03270551189780235 tr(WHW.T) 1210.0560302734375
bpp_loss 2.870189070701599
20_up proxy err 0.021212812513113022 tr(WHW.T) 7602.67431640625
bpp_loss 2.957859992980957
20_gate proxy err 0.005709727760404348 tr(WHW.T) 30628.51953125
bpp_loss 3.3111155373709544
20_down proxy err 0.023531844839453697 tr(WHW.T) 6361.484375
bpp_loss 2.9546473026275635
I0326 04:08:19.344305 1258494 quantize_finetune_llama.py:240] computed original embedding for layer 22 in 63.453755140304565s
I0326 04:08:22.697061 1359270 config.py:54] PyTorch version 2.6.0 available.
W0326 04:08:22.978607 1359270 warnings.py:109] /opt/conda/lib/python3.10/site-packages/torchvision/io/image.py:13: UserWarning: Failed to load image Python extension: '/opt/conda/lib/python3.10/site-packages/torchvision/image.so: undefined symbol: _ZN3c1017RegisterOperatorsD1Ev'If you don't plan on using image functionality from `torchvision.io`, you can ignore this warning. Otherwise, there might be something wrong with your environment. Did you have `libjpeg` or `libpng` installed before building `torchvision` from source?
  warn(

W0326 04:08:23.882503 1359270 warnings.py:109] /opt/conda/lib/python3.10/site-packages/compressai/models/video/google.py:353: FutureWarning: `torch.cuda.amp.autocast(args...)` is deprecated. Please use `torch.amp.autocast('cuda', args...)` instead.
  @amp.autocast(enabled=False)

I0326 04:08:23.886514 1258494 quantize_finetune_llama.py:209] layer 23 gpu 1
I0326 04:08:23.900009 1359270 data_utils.py:336] using 256 training seqs, 128 validation seqs
The attention layers in this model are transitioning from computing the RoPE embeddings internally through `position_ids` (2D tensor with the indexes of the tokens), to using externally computed `position_embeddings` (Tuple of tensors, containing cos and sin). In v4.46 `position_ids` will be removed and `position_embeddings` will be mandatory.
I0326 04:08:31.343502 1359270 finetune.py:45] layer 22_v initial loss 3.628104241215624e-05
W0326 04:08:31.343778 1359270 warnings.py:109] /workspace/Weight_compression/comp_lm_qtip/lib/algo/finetune.py:46: FutureWarning: `torch.cuda.amp.GradScaler(args...)` is deprecated. Please use `torch.amp.GradScaler('cuda', args...)` instead.
  scaler = torch.cuda.amp.GradScaler(enabled=(orig_dtype==torch.float16))

I0326 04:09:07.837683 1359270 finetune.py:68] layer 22_v @ epoch 0 new loss 2.1142379409866408e-05 old loss 3.628104241215624e-05 BETTER
I0326 04:09:24.445304 1258494 quantize_finetune_llama.py:240] computed original embedding for layer 23 in 60.167810678482056s
I0326 04:09:27.802892 1359860 config.py:54] PyTorch version 2.6.0 available.
W0326 04:09:28.102049 1359860 warnings.py:109] /opt/conda/lib/python3.10/site-packages/torchvision/io/image.py:13: UserWarning: Failed to load image Python extension: '/opt/conda/lib/python3.10/site-packages/torchvision/image.so: undefined symbol: _ZN3c1017RegisterOperatorsD1Ev'If you don't plan on using image functionality from `torchvision.io`, you can ignore this warning. Otherwise, there might be something wrong with your environment. Did you have `libjpeg` or `libpng` installed before building `torchvision` from source?
  warn(

W0326 04:09:28.996555 1359860 warnings.py:109] /opt/conda/lib/python3.10/site-packages/compressai/models/video/google.py:353: FutureWarning: `torch.cuda.amp.autocast(args...)` is deprecated. Please use `torch.amp.autocast('cuda', args...)` instead.
  @amp.autocast(enabled=False)

I0326 04:09:29.000895 1258494 quantize_finetune_llama.py:209] layer 24 gpu 0
I0326 04:09:29.014433 1359860 data_utils.py:336] using 256 training seqs, 128 validation seqs
The attention layers in this model are transitioning from computing the RoPE embeddings internally through `position_ids` (2D tensor with the indexes of the tokens), to using externally computed `position_embeddings` (Tuple of tensors, containing cos and sin). In v4.46 `position_ids` will be removed and `position_embeddings` will be mandatory.
I0326 04:09:35.797224 1359860 finetune.py:45] layer 23_v initial loss 3.8515481719514355e-05
W0326 04:09:35.797476 1359860 warnings.py:109] /workspace/Weight_compression/comp_lm_qtip/lib/algo/finetune.py:46: FutureWarning: `torch.cuda.amp.GradScaler(args...)` is deprecated. Please use `torch.amp.GradScaler('cuda', args...)` instead.
  scaler = torch.cuda.amp.GradScaler(enabled=(orig_dtype==torch.float16))

I0326 04:09:45.123069 1359270 finetune.py:68] layer 22_v @ epoch 1 new loss 1.955029983946588e-05 old loss 2.1142379409866408e-05 BETTER
I0326 04:10:09.391960 1359860 finetune.py:68] layer 23_v @ epoch 0 new loss 2.1053820091765374e-05 old loss 3.8515481719514355e-05 BETTER
I0326 04:10:22.422780 1359270 finetune.py:68] layer 22_v @ epoch 2 new loss 1.871879976533819e-05 old loss 1.955029983946588e-05 BETTER
I0326 04:10:43.825275 1359860 finetune.py:68] layer 23_v @ epoch 1 new loss 1.947614691744093e-05 old loss 2.1053820091765374e-05 BETTER
I0326 04:10:59.849869 1359270 finetune.py:68] layer 22_v @ epoch 3 new loss 1.816297481127549e-05 old loss 1.871879976533819e-05 BETTER
I0326 04:11:18.498646 1359860 finetune.py:68] layer 23_v @ epoch 2 new loss 1.8691178411245346e-05 old loss 1.947614691744093e-05 BETTER
I0326 04:11:37.358774 1359270 finetune.py:68] layer 22_v @ epoch 4 new loss 1.776091448846273e-05 old loss 1.816297481127549e-05 BETTER
I0326 04:11:47.055891 1359270 finetune.py:45] layer 22_q initial loss 2.3486998543376103e-05
I0326 04:11:53.483094 1359860 finetune.py:68] layer 23_v @ epoch 3 new loss 1.817104930523783e-05 old loss 1.8691178411245346e-05 BETTER
I0326 04:12:23.297091 1359270 finetune.py:68] layer 22_q @ epoch 0 new loss 2.211221362813376e-05 old loss 2.3486998543376103e-05 BETTER
I0326 04:12:28.628094 1359860 finetune.py:68] layer 23_v @ epoch 4 new loss 1.7797863620216958e-05 old loss 1.817104930523783e-05 BETTER
I0326 04:12:38.010604 1359860 finetune.py:45] layer 23_q initial loss 2.2987958800513297e-05
I0326 04:13:00.227651 1359270 finetune.py:68] layer 22_q @ epoch 1 new loss 2.1623296561301686e-05 old loss 2.211221362813376e-05 BETTER
I0326 04:13:11.967352 1359860 finetune.py:68] layer 23_q @ epoch 0 new loss 2.1764906705357134e-05 old loss 2.2987958800513297e-05 BETTER
I0326 04:13:37.145385 1359270 finetune.py:68] layer 22_q @ epoch 2 new loss 2.1270661818562075e-05 old loss 2.1623296561301686e-05 BETTER
I0326 04:13:46.493879 1359860 finetune.py:68] layer 23_q @ epoch 1 new loss 2.1323947294149548e-05 old loss 2.1764906705357134e-05 BETTER
I0326 04:14:13.856016 1359270 finetune.py:68] layer 22_q @ epoch 3 new loss 2.099116682074964e-05 old loss 2.1270661818562075e-05 BETTER
I0326 04:14:20.942252 1359860 finetune.py:68] layer 23_q @ epoch 2 new loss 2.098074764944613e-05 old loss 2.1323947294149548e-05 BETTER
I0326 04:14:50.676479 1359270 finetune.py:68] layer 22_q @ epoch 4 new loss 2.0753388525918126e-05 old loss 2.099116682074964e-05 BETTER
I0326 04:14:55.661734 1359860 finetune.py:68] layer 23_q @ epoch 3 new loss 2.0719093299703673e-05 old loss 2.098074764944613e-05 BETTER
I0326 04:14:58.642409 1359270 finetune.py:45] layer 22_k initial loss 2.267517447762657e-05
I0326 04:15:30.397347 1359860 finetune.py:68] layer 23_q @ epoch 4 new loss 2.0502828192547895e-05 old loss 2.0719093299703673e-05 BETTER
I0326 04:15:34.366008 1359270 finetune.py:68] layer 22_k @ epoch 0 new loss 2.2235350115806796e-05 old loss 2.267517447762657e-05 BETTER
I0326 04:15:38.183431 1359860 finetune.py:45] layer 23_k initial loss 2.257523374282755e-05
I0326 04:16:10.834228 1359270 finetune.py:68] layer 22_k @ epoch 1 new loss 2.2043272110749967e-05 old loss 2.2235350115806796e-05 BETTER
I0326 04:16:11.847375 1359860 finetune.py:68] layer 23_k @ epoch 0 new loss 2.2196352801984176e-05 old loss 2.257523374282755e-05 BETTER
I0326 04:16:46.273305 1359860 finetune.py:68] layer 23_k @ epoch 1 new loss 2.200741982960608e-05 old loss 2.2196352801984176e-05 BETTER
I0326 04:16:47.756773 1359270 finetune.py:68] layer 22_k @ epoch 2 new loss 2.1881680368096568e-05 old loss 2.2043272110749967e-05 BETTER
I0326 04:17:20.766344 1359860 finetune.py:68] layer 23_k @ epoch 2 new loss 2.1856609237147495e-05 old loss 2.200741982960608e-05 BETTER
I0326 04:17:24.607311 1359270 finetune.py:68] layer 22_k @ epoch 3 new loss 2.1749103325419128e-05 old loss 2.1881680368096568e-05 BETTER
I0326 04:17:55.426688 1359860 finetune.py:68] layer 23_k @ epoch 3 new loss 2.17305696423864e-05 old loss 2.1856609237147495e-05 BETTER
I0326 04:18:01.536584 1359270 finetune.py:68] layer 22_k @ epoch 4 new loss 2.1633484720950946e-05 old loss 2.1749103325419128e-05 BETTER
I0326 04:18:11.171501 1359270 finetune.py:45] layer 22_o initial loss 6.529856182169169e-05
I0326 04:18:29.970803 1359860 finetune.py:68] layer 23_k @ epoch 4 new loss 2.1619716790155508e-05 old loss 2.17305696423864e-05 BETTER
I0326 04:18:39.335115 1359860 finetune.py:45] layer 23_o initial loss 5.877043804503046e-05
I0326 04:18:46.772932 1359270 finetune.py:68] layer 22_o @ epoch 0 new loss 6.058983490220271e-05 old loss 6.529856182169169e-05 BETTER
I0326 04:19:12.522677 1359860 finetune.py:68] layer 23_o @ epoch 0 new loss 5.497339952853508e-05 old loss 5.877043804503046e-05 BETTER
I0326 04:19:22.706427 1359270 finetune.py:68] layer 22_o @ epoch 1 new loss 5.8740435633808374e-05 old loss 6.058983490220271e-05 BETTER
I0326 04:19:46.399931 1359860 finetune.py:68] layer 23_o @ epoch 1 new loss 5.359306305763312e-05 old loss 5.497339952853508e-05 BETTER
I0326 04:19:58.554289 1359270 finetune.py:68] layer 22_o @ epoch 2 new loss 5.746796523453668e-05 old loss 5.8740435633808374e-05 BETTER
I0326 04:20:20.230275 1359860 finetune.py:68] layer 23_o @ epoch 2 new loss 5.2645871619461104e-05 old loss 5.359306305763312e-05 BETTER
I0326 04:20:34.583317 1359270 finetune.py:68] layer 22_o @ epoch 3 new loss 5.6521599617553875e-05 old loss 5.746796523453668e-05 BETTER
I0326 04:20:54.175108 1359860 finetune.py:68] layer 23_o @ epoch 3 new loss 5.1933569920947775e-05 old loss 5.2645871619461104e-05 BETTER
I0326 04:21:10.551179 1359270 finetune.py:68] layer 22_o @ epoch 4 new loss 5.575294198933989e-05 old loss 5.6521599617553875e-05 BETTER
I0326 04:21:28.081863 1359860 finetune.py:68] layer 23_o @ epoch 4 new loss 5.139374115969986e-05 old loss 5.1933569920947775e-05 BETTER
I0326 04:21:32.307376 1359270 finetune.py:45] layer 22_up initial loss 0.00017409645079169422
I0326 04:21:49.595434 1359860 finetune.py:45] layer 23_up initial loss 0.00017997210670728236
I0326 04:22:04.551059 1359270 finetune.py:68] layer 22_up @ epoch 0 new loss 0.00016722772852517664 old loss 0.00017409645079169422 BETTER
I0326 04:22:20.328520 1359860 finetune.py:68] layer 23_up @ epoch 0 new loss 0.00017334088624920696 old loss 0.00017997210670728236 BETTER
I0326 04:22:38.217954 1359270 finetune.py:68] layer 22_up @ epoch 1 new loss 0.0001637176173971966 old loss 0.00016722772852517664 BETTER
I0326 04:22:52.183698 1359860 finetune.py:68] layer 23_up @ epoch 1 new loss 0.00016988148854579777 old loss 0.00017334088624920696 BETTER
I0326 04:23:12.084525 1359270 finetune.py:68] layer 22_up @ epoch 2 new loss 0.00016098130436148494 old loss 0.0001637176173971966 BETTER
I0326 04:23:24.274288 1359860 finetune.py:68] layer 23_up @ epoch 2 new loss 0.00016725659952498972 old loss 0.00016988148854579777 BETTER
I0326 04:23:46.074295 1359270 finetune.py:68] layer 22_up @ epoch 3 new loss 0.00015873897064011544 old loss 0.00016098130436148494 BETTER
I0326 04:23:56.420978 1359860 finetune.py:68] layer 23_up @ epoch 3 new loss 0.00016510355635546148 old loss 0.00016725659952498972 BETTER
I0326 04:24:19.996243 1359270 finetune.py:68] layer 22_up @ epoch 4 new loss 0.00015682213415857404 old loss 0.00015873897064011544 BETTER
I0326 04:24:28.501101 1359860 finetune.py:68] layer 23_up @ epoch 4 new loss 0.00016328154015354812 old loss 0.00016510355635546148 BETTER
I0326 04:24:41.831015 1359270 finetune.py:45] layer 22_gate initial loss 0.00020326535741332918
I0326 04:24:50.202549 1359860 finetune.py:45] layer 23_gate initial loss 0.00021515680418815464
I0326 04:25:12.386237 1359270 finetune.py:68] layer 22_gate @ epoch 0 new loss 0.00020090144244022667 old loss 0.00020326535741332918 BETTER
I0326 04:25:19.034540 1359860 finetune.py:68] layer 23_gate @ epoch 0 new loss 0.0002130027423845604 old loss 0.00021515680418815464 BETTER
I0326 04:25:43.723436 1359270 finetune.py:68] layer 22_gate @ epoch 1 new loss 0.00019910956325475127 old loss 0.00020090144244022667 BETTER
I0326 04:25:48.507261 1359860 finetune.py:68] layer 23_gate @ epoch 1 new loss 0.0002113521477440372 old loss 0.0002130027423845604 BETTER
I0326 04:26:15.231557 1359270 finetune.py:68] layer 22_gate @ epoch 2 new loss 0.00019756222900468856 old loss 0.00019910956325475127 BETTER
I0326 04:26:18.000257 1359860 finetune.py:68] layer 23_gate @ epoch 2 new loss 0.0002099097619066015 old loss 0.0002113521477440372 BETTER
I0326 04:26:46.566503 1359270 finetune.py:68] layer 22_gate @ epoch 3 new loss 0.00019618745136540383 old loss 0.00019756222900468856 BETTER
I0326 04:26:47.703454 1359860 finetune.py:68] layer 23_gate @ epoch 3 new loss 0.000208636571187526 old loss 0.0002099097619066015 BETTER
I0326 04:27:17.573811 1359860 finetune.py:68] layer 23_gate @ epoch 4 new loss 0.00020750725525431335 old loss 0.000208636571187526 BETTER
I0326 04:27:17.932756 1359270 finetune.py:68] layer 22_gate @ epoch 4 new loss 0.0001949668803717941 old loss 0.00019618745136540383 BETTER
I0326 04:27:39.866277 1359860 finetune.py:45] layer 23_down initial loss 0.0003733363701030612
I0326 04:27:40.557350 1359270 finetune.py:45] layer 22_down initial loss 0.0003551585541572422
I0326 04:28:06.734459 1359860 finetune.py:68] layer 23_down @ epoch 0 new loss 0.00037328345933929086 old loss 0.0003733363701030612 BETTER
I0326 04:28:08.528587 1359270 finetune.py:68] layer 22_down @ epoch 0 new loss 0.0003551003464963287 old loss 0.0003551585541572422 BETTER
I0326 04:28:34.355491 1359860 finetune.py:68] layer 23_down @ epoch 1 new loss 0.0003732403856702149 old loss 0.00037328345933929086 BETTER
I0326 04:28:37.456354 1359270 finetune.py:68] layer 22_down @ epoch 1 new loss 0.000355056079570204 old loss 0.0003551003464963287 BETTER
I0326 04:29:02.036082 1359860 finetune.py:68] layer 23_down @ epoch 2 new loss 0.0003732055483851582 old loss 0.0003732403856702149 BETTER
I0326 04:29:06.682747 1359270 finetune.py:68] layer 22_down @ epoch 2 new loss 0.0003550195542629808 old loss 0.000355056079570204 BETTER
I0326 04:29:29.597939 1359860 finetune.py:68] layer 23_down @ epoch 3 new loss 0.00037317530950531363 old loss 0.0003732055483851582 BETTER
I0326 04:29:35.987101 1359270 finetune.py:68] layer 22_down @ epoch 3 new loss 0.0003549866669345647 old loss 0.0003550195542629808 BETTER
I0326 04:29:57.298979 1359860 finetune.py:68] layer 23_down @ epoch 4 new loss 0.0003731494944076985 old loss 0.00037317530950531363 BETTER
23_v proxy err 0.022270919755101204 tr(WHW.T) 397.90704345703125
bpp_loss 2.9554076194763184
23_q proxy err 0.0017566874157637358 tr(WHW.T) 22630.611328125
bpp_loss 3.5304630994796753
23_k proxy err 0.000750469509512186 tr(WHW.T) 14885.4990234375
bpp_loss 4.357204437255859
23_o proxy err 0.023431267589330673 tr(WHW.T) 1750.22900390625
bpp_loss 2.9400354623794556
23_up proxy err 0.02182110585272312 tr(WHW.T) 7425.4462890625
bpp_loss 2.9688562665666853
23_gate proxy err 0.0064475033432245255 tr(WHW.T) 27188.064453125
bpp_loss 3.3289726802280972
23_down proxy err 0.02199522592127323 tr(WHW.T) 6728.775390625
bpp_loss 2.9664937428065707
I0326 04:30:05.313579 1359270 finetune.py:68] layer 22_down @ epoch 4 new loss 0.0003549580287653953 old loss 0.0003549866669345647 BETTER
22_v proxy err 0.023956462740898132 tr(WHW.T) 346.0789489746094
bpp_loss 2.90558397769928
22_q proxy err 0.001834478578530252 tr(WHW.T) 20344.017578125
bpp_loss 3.519228219985962
22_k proxy err 0.0007139351801015437 tr(WHW.T) 14750.470703125
bpp_loss 4.354429006576538
22_o proxy err 0.033100295811891556 tr(WHW.T) 1223.3681640625
bpp_loss 2.917126178741455
22_up proxy err 0.0214283037930727 tr(WHW.T) 7551.109375
bpp_loss 2.9649434770856584
22_gate proxy err 0.005957318004220724 tr(WHW.T) 29465.796875
bpp_loss 3.3267886298043385
22_down proxy err 0.02252899669110775 tr(WHW.T) 6600.29345703125
bpp_loss 2.961158445903233
I0326 04:31:12.987146 1258494 quantize_finetune_llama.py:240] computed original embedding for layer 24 in 62.84011745452881s
I0326 04:31:16.305366 1370522 config.py:54] PyTorch version 2.6.0 available.
W0326 04:31:16.584068 1370522 warnings.py:109] /opt/conda/lib/python3.10/site-packages/torchvision/io/image.py:13: UserWarning: Failed to load image Python extension: '/opt/conda/lib/python3.10/site-packages/torchvision/image.so: undefined symbol: _ZN3c1017RegisterOperatorsD1Ev'If you don't plan on using image functionality from `torchvision.io`, you can ignore this warning. Otherwise, there might be something wrong with your environment. Did you have `libjpeg` or `libpng` installed before building `torchvision` from source?
  warn(

W0326 04:31:17.463851 1370522 warnings.py:109] /opt/conda/lib/python3.10/site-packages/compressai/models/video/google.py:353: FutureWarning: `torch.cuda.amp.autocast(args...)` is deprecated. Please use `torch.amp.autocast('cuda', args...)` instead.
  @amp.autocast(enabled=False)

I0326 04:31:17.467783 1258494 quantize_finetune_llama.py:209] layer 25 gpu 1
I0326 04:31:17.481195 1370522 data_utils.py:336] using 256 training seqs, 128 validation seqs
The attention layers in this model are transitioning from computing the RoPE embeddings internally through `position_ids` (2D tensor with the indexes of the tokens), to using externally computed `position_embeddings` (Tuple of tensors, containing cos and sin). In v4.46 `position_ids` will be removed and `position_embeddings` will be mandatory.
I0326 04:31:24.760885 1370522 finetune.py:45] layer 24_v initial loss 3.706590723595582e-05
W0326 04:31:24.761165 1370522 warnings.py:109] /workspace/Weight_compression/comp_lm_qtip/lib/algo/finetune.py:46: FutureWarning: `torch.cuda.amp.GradScaler(args...)` is deprecated. Please use `torch.amp.GradScaler('cuda', args...)` instead.
  scaler = torch.cuda.amp.GradScaler(enabled=(orig_dtype==torch.float16))

I0326 04:32:01.071872 1370522 finetune.py:68] layer 24_v @ epoch 0 new loss 2.1269102944643237e-05 old loss 3.706590723595582e-05 BETTER
I0326 04:32:18.177693 1258494 quantize_finetune_llama.py:240] computed original embedding for layer 25 in 60.29526233673096s
I0326 04:32:21.655949 1371104 config.py:54] PyTorch version 2.6.0 available.
W0326 04:32:21.951572 1371104 warnings.py:109] /opt/conda/lib/python3.10/site-packages/torchvision/io/image.py:13: UserWarning: Failed to load image Python extension: '/opt/conda/lib/python3.10/site-packages/torchvision/image.so: undefined symbol: _ZN3c1017RegisterOperatorsD1Ev'If you don't plan on using image functionality from `torchvision.io`, you can ignore this warning. Otherwise, there might be something wrong with your environment. Did you have `libjpeg` or `libpng` installed before building `torchvision` from source?
  warn(

W0326 04:32:22.854739 1371104 warnings.py:109] /opt/conda/lib/python3.10/site-packages/compressai/models/video/google.py:353: FutureWarning: `torch.cuda.amp.autocast(args...)` is deprecated. Please use `torch.amp.autocast('cuda', args...)` instead.
  @amp.autocast(enabled=False)

I0326 04:32:22.858487 1258494 quantize_finetune_llama.py:209] layer 26 gpu 0
I0326 04:32:22.870902 1371104 data_utils.py:336] using 256 training seqs, 128 validation seqs
The attention layers in this model are transitioning from computing the RoPE embeddings internally through `position_ids` (2D tensor with the indexes of the tokens), to using externally computed `position_embeddings` (Tuple of tensors, containing cos and sin). In v4.46 `position_ids` will be removed and `position_embeddings` will be mandatory.
