I0326 08:23:53.746688 1486189 finetune.py:45] layer 10_down initial loss 7.181982073234394e-05
I0326 08:23:54.308199 1487211 finetune.py:45] layer 11_down initial loss 7.593019836349413e-05
I0326 08:24:21.022582 1487211 finetune.py:68] layer 11_down @ epoch 0 new loss 7.591862959088758e-05 old loss 7.593019836349413e-05 BETTER
I0326 08:24:21.748180 1486189 finetune.py:68] layer 10_down @ epoch 0 new loss 7.180924876593053e-05 old loss 7.181982073234394e-05 BETTER
I0326 08:24:48.711488 1487211 finetune.py:68] layer 11_down @ epoch 1 new loss 7.591026951558888e-05 old loss 7.591862959088758e-05 BETTER
I0326 08:24:50.743978 1486189 finetune.py:68] layer 10_down @ epoch 1 new loss 7.1801790909376e-05 old loss 7.180924876593053e-05 BETTER
I0326 08:25:16.401220 1487211 finetune.py:68] layer 11_down @ epoch 2 new loss 7.590315362904221e-05 old loss 7.591026951558888e-05 BETTER
I0326 08:25:19.939810 1486189 finetune.py:68] layer 10_down @ epoch 2 new loss 7.17956863809377e-05 old loss 7.1801790909376e-05 BETTER
I0326 08:25:44.117464 1487211 finetune.py:68] layer 11_down @ epoch 3 new loss 7.589605229441077e-05 old loss 7.590315362904221e-05 BETTER
I0326 08:25:49.291345 1486189 finetune.py:68] layer 10_down @ epoch 3 new loss 7.178993109846488e-05 old loss 7.17956863809377e-05 BETTER
I0326 08:26:11.821597 1487211 finetune.py:68] layer 11_down @ epoch 4 new loss 7.58904789108783e-05 old loss 7.589605229441077e-05 BETTER
11_v proxy err 0.013019203208386898 tr(WHW.T) 319.5691223144531
bpp_loss 3.172617197036743
11_q proxy err 0.0008333611767739058 tr(WHW.T) 22201.669921875
bpp_loss 4.002202272415161
11_k proxy err 0.0003038606373593211 tr(WHW.T) 18028.123046875
bpp_loss 5.060727119445801
11_o proxy err 0.031568579375743866 tr(WHW.T) 571.0537109375
bpp_loss 3.3179677724838257
11_up proxy err 0.008515489287674427 tr(WHW.T) 9200.5283203125
bpp_loss 3.4567926951817105
11_gate proxy err 0.00220289989374578 tr(WHW.T) 36932.2109375
bpp_loss 3.703681673322405
11_down proxy err 0.012033102102577686 tr(WHW.T) 6691.1015625
bpp_loss 3.4577672140938893
I0326 08:26:18.695849 1486189 finetune.py:68] layer 10_down @ epoch 4 new loss 7.178494706749916e-05 old loss 7.178993109846488e-05 BETTER
10_v proxy err 0.015952985733747482 tr(WHW.T) 251.83889770507812
bpp_loss 3.1676626205444336
10_q proxy err 0.0007724261959083378 tr(WHW.T) 23346.0859375
bpp_loss 4.065527439117432
10_k proxy err 0.00027982014580629766 tr(WHW.T) 19757.8359375
bpp_loss 5.060917615890503
10_o proxy err 0.027655506506562233 tr(WHW.T) 687.6930541992188
bpp_loss 3.2986196279525757
10_up proxy err 0.008656089194118977 tr(WHW.T) 9201.2275390625
bpp_loss 3.4519897188459123
10_gate proxy err 0.002212874125689268 tr(WHW.T) 37450.52734375
bpp_loss 3.72481632232666
10_down proxy err 0.012490804307162762 tr(WHW.T) 6555.20361328125
bpp_loss 3.450423036302839
I0326 08:27:26.756504 1418472 quantize_finetune_llama.py:240] computed original embedding for layer 12 in 63.02720332145691s
I0326 08:27:30.332354 1504349 utils.py:146] Note: detected 128 virtual cores but NumExpr set to maximum of 64, check "NUMEXPR_MAX_THREADS" environment variable.
I0326 08:27:30.332454 1504349 utils.py:149] Note: NumExpr detected 128 cores but "NUMEXPR_MAX_THREADS" not set, so enforcing safe limit of 16.
I0326 08:27:30.332492 1504349 utils.py:162] NumExpr defaulting to 16 threads.
I0326 08:27:30.656516 1504349 config.py:54] PyTorch version 2.6.0 available.
W0326 08:27:30.845085 1504349 warnings.py:109] /opt/conda/lib/python3.10/site-packages/torchvision/io/image.py:13: UserWarning: Failed to load image Python extension: '/opt/conda/lib/python3.10/site-packages/torchvision/image.so: undefined symbol: _ZN3c1017RegisterOperatorsD1Ev'If you don't plan on using image functionality from `torchvision.io`, you can ignore this warning. Otherwise, there might be something wrong with your environment. Did you have `libjpeg` or `libpng` installed before building `torchvision` from source?
  warn(

W0326 08:27:31.409290 1504349 warnings.py:109] /opt/conda/lib/python3.10/site-packages/compressai/models/video/google.py:353: FutureWarning: `torch.cuda.amp.autocast(args...)` is deprecated. Please use `torch.amp.autocast('cuda', args...)` instead.
  @amp.autocast(enabled=False)

I0326 08:27:31.412832 1418472 quantize_finetune_llama.py:209] layer 13 gpu 1
I0326 08:27:31.425541 1504349 data_utils.py:336] using 256 training seqs, 128 validation seqs
The attention layers in this model are transitioning from computing the RoPE embeddings internally through `position_ids` (2D tensor with the indexes of the tokens), to using externally computed `position_embeddings` (Tuple of tensors, containing cos and sin). In v4.46 `position_ids` will be removed and `position_embeddings` will be mandatory.
I0326 08:27:38.678209 1504349 finetune.py:45] layer 12_v initial loss 1.5359844837803394e-05
W0326 08:27:38.678428 1504349 warnings.py:109] /workspace/Weight_compression/comp_lm_qtip/lib/algo/finetune.py:46: FutureWarning: `torch.cuda.amp.GradScaler(args...)` is deprecated. Please use `torch.amp.GradScaler('cuda', args...)` instead.
  scaler = torch.cuda.amp.GradScaler(enabled=(orig_dtype==torch.float16))

I0326 08:28:14.403095 1504349 finetune.py:68] layer 12_v @ epoch 0 new loss 1.0228020983049646e-05 old loss 1.5359844837803394e-05 BETTER
I0326 08:28:33.459307 1418472 quantize_finetune_llama.py:240] computed original embedding for layer 13 in 61.6092095375061s
I0326 08:28:37.114066 1505300 utils.py:146] Note: detected 128 virtual cores but NumExpr set to maximum of 64, check "NUMEXPR_MAX_THREADS" environment variable.
I0326 08:28:37.114166 1505300 utils.py:149] Note: NumExpr detected 128 cores but "NUMEXPR_MAX_THREADS" not set, so enforcing safe limit of 16.
I0326 08:28:37.114204 1505300 utils.py:162] NumExpr defaulting to 16 threads.
I0326 08:28:37.458096 1505300 config.py:54] PyTorch version 2.6.0 available.
W0326 08:28:37.646293 1505300 warnings.py:109] /opt/conda/lib/python3.10/site-packages/torchvision/io/image.py:13: UserWarning: Failed to load image Python extension: '/opt/conda/lib/python3.10/site-packages/torchvision/image.so: undefined symbol: _ZN3c1017RegisterOperatorsD1Ev'If you don't plan on using image functionality from `torchvision.io`, you can ignore this warning. Otherwise, there might be something wrong with your environment. Did you have `libjpeg` or `libpng` installed before building `torchvision` from source?
  warn(

W0326 08:28:38.206974 1505300 warnings.py:109] /opt/conda/lib/python3.10/site-packages/compressai/models/video/google.py:353: FutureWarning: `torch.cuda.amp.autocast(args...)` is deprecated. Please use `torch.amp.autocast('cuda', args...)` instead.
  @amp.autocast(enabled=False)

I0326 08:28:38.210453 1418472 quantize_finetune_llama.py:209] layer 14 gpu 0
I0326 08:28:38.222928 1505300 data_utils.py:336] using 256 training seqs, 128 validation seqs
The attention layers in this model are transitioning from computing the RoPE embeddings internally through `position_ids` (2D tensor with the indexes of the tokens), to using externally computed `position_embeddings` (Tuple of tensors, containing cos and sin). In v4.46 `position_ids` will be removed and `position_embeddings` will be mandatory.
I0326 08:28:45.096295 1505300 finetune.py:45] layer 13_v initial loss 1.673100450716447e-05
W0326 08:28:45.096505 1505300 warnings.py:109] /workspace/Weight_compression/comp_lm_qtip/lib/algo/finetune.py:46: FutureWarning: `torch.cuda.amp.GradScaler(args...)` is deprecated. Please use `torch.amp.GradScaler('cuda', args...)` instead.
  scaler = torch.cuda.amp.GradScaler(enabled=(orig_dtype==torch.float16))

I0326 08:28:51.434075 1504349 finetune.py:68] layer 12_v @ epoch 1 new loss 9.427008990314789e-06 old loss 1.0228020983049646e-05 BETTER
I0326 08:29:18.377607 1505300 finetune.py:68] layer 13_v @ epoch 0 new loss 1.1253090633545071e-05 old loss 1.673100450716447e-05 BETTER
I0326 08:29:28.362321 1504349 finetune.py:68] layer 12_v @ epoch 2 new loss 8.967812391347252e-06 old loss 9.427008990314789e-06 BETTER
I0326 08:29:52.735749 1505300 finetune.py:68] layer 13_v @ epoch 1 new loss 1.0379689229012001e-05 old loss 1.1253090633545071e-05 BETTER
I0326 08:30:05.366810 1504349 finetune.py:68] layer 12_v @ epoch 3 new loss 8.65843230712926e-06 old loss 8.967812391347252e-06 BETTER
I0326 08:30:27.457195 1505300 finetune.py:68] layer 13_v @ epoch 2 new loss 9.906648301694077e-06 old loss 1.0379689229012001e-05 BETTER
I0326 08:30:42.332822 1504349 finetune.py:68] layer 12_v @ epoch 4 new loss 8.455445822619367e-06 old loss 8.65843230712926e-06 BETTER
I0326 08:30:52.194020 1504349 finetune.py:45] layer 12_q initial loss 1.0361532986280508e-05
I0326 08:31:02.313991 1505300 finetune.py:68] layer 13_v @ epoch 3 new loss 9.591124580765609e-06 old loss 9.906648301694077e-06 BETTER
I0326 08:31:28.234353 1504349 finetune.py:68] layer 12_q @ epoch 0 new loss 9.81508674158249e-06 old loss 1.0361532986280508e-05 BETTER
I0326 08:31:37.450884 1505300 finetune.py:68] layer 13_v @ epoch 4 new loss 9.372967724630143e-06 old loss 9.591124580765609e-06 BETTER
I0326 08:31:46.938051 1505300 finetune.py:45] layer 13_q initial loss 1.1657301911327522e-05
I0326 08:32:05.170095 1504349 finetune.py:68] layer 12_q @ epoch 1 new loss 9.568924724590033e-06 old loss 9.81508674158249e-06 BETTER
I0326 08:32:20.684859 1505300 finetune.py:68] layer 13_q @ epoch 0 new loss 1.1195962542842608e-05 old loss 1.1657301911327522e-05 BETTER
I0326 08:32:42.210128 1504349 finetune.py:68] layer 12_q @ epoch 2 new loss 9.387603313371073e-06 old loss 9.568924724590033e-06 BETTER
I0326 08:32:55.540246 1505300 finetune.py:68] layer 13_q @ epoch 1 new loss 1.0974928045470733e-05 old loss 1.1195962542842608e-05 BETTER
I0326 08:33:19.128720 1504349 finetune.py:68] layer 12_q @ epoch 3 new loss 9.233568562194705e-06 old loss 9.387603313371073e-06 BETTER
I0326 08:33:30.031068 1505300 finetune.py:68] layer 13_q @ epoch 2 new loss 1.0802431461343076e-05 old loss 1.0974928045470733e-05 BETTER
I0326 08:33:56.022760 1504349 finetune.py:68] layer 12_q @ epoch 4 new loss 9.12163704924751e-06 old loss 9.233568562194705e-06 BETTER
I0326 08:34:04.092578 1504349 finetune.py:45] layer 12_k initial loss 9.82020083029056e-06
I0326 08:34:04.709339 1505300 finetune.py:68] layer 13_q @ epoch 3 new loss 1.0668100003385916e-05 old loss 1.0802431461343076e-05 BETTER
I0326 08:34:39.459666 1505300 finetune.py:68] layer 13_q @ epoch 4 new loss 1.05442040876369e-05 old loss 1.0668100003385916e-05 BETTER
I0326 08:34:40.351484 1504349 finetune.py:68] layer 12_k @ epoch 0 new loss 9.59417775447946e-06 old loss 9.82020083029056e-06 BETTER
I0326 08:34:47.221722 1505300 finetune.py:45] layer 13_k initial loss 1.1103304132120684e-05
I0326 08:35:17.157705 1504349 finetune.py:68] layer 12_k @ epoch 1 new loss 9.479356776864734e-06 old loss 9.59417775447946e-06 BETTER
I0326 08:35:21.093199 1505300 finetune.py:68] layer 13_k @ epoch 0 new loss 1.0968364222208038e-05 old loss 1.1103304132120684e-05 BETTER
I0326 08:35:54.160765 1504349 finetune.py:68] layer 12_k @ epoch 2 new loss 9.394682820129674e-06 old loss 9.479356776864734e-06 BETTER
I0326 08:35:55.634816 1505300 finetune.py:68] layer 13_k @ epoch 1 new loss 1.0869356628973037e-05 old loss 1.0968364222208038e-05 BETTER
I0326 08:36:30.202676 1505300 finetune.py:68] layer 13_k @ epoch 2 new loss 1.0788746294565499e-05 old loss 1.0869356628973037e-05 BETTER
I0326 08:36:31.401413 1504349 finetune.py:68] layer 12_k @ epoch 3 new loss 9.308819244324695e-06 old loss 9.394682820129674e-06 BETTER
I0326 08:37:04.889735 1505300 finetune.py:68] layer 13_k @ epoch 3 new loss 1.0712955372582655e-05 old loss 1.0788746294565499e-05 BETTER
I0326 08:37:08.575849 1504349 finetune.py:68] layer 12_k @ epoch 4 new loss 9.235781362804119e-06 old loss 9.308819244324695e-06 BETTER
I0326 08:37:18.316241 1504349 finetune.py:45] layer 12_o initial loss 3.663433017209172e-05
I0326 08:37:39.722745 1505300 finetune.py:68] layer 13_k @ epoch 4 new loss 1.0652855053194799e-05 old loss 1.0712955372582655e-05 BETTER
I0326 08:37:49.230530 1505300 finetune.py:45] layer 13_o initial loss 4.9478388973511755e-05
I0326 08:37:54.008524 1504349 finetune.py:68] layer 12_o @ epoch 0 new loss 3.29317626892589e-05 old loss 3.663433017209172e-05 BETTER
I0326 08:38:22.533598 1505300 finetune.py:68] layer 13_o @ epoch 0 new loss 4.351393727120012e-05 old loss 4.9478388973511755e-05 BETTER
I0326 08:38:30.331584 1504349 finetune.py:68] layer 12_o @ epoch 1 new loss 3.1237890652846545e-05 old loss 3.29317626892589e-05 BETTER
I0326 08:38:56.570600 1505300 finetune.py:68] layer 13_o @ epoch 1 new loss 4.0814760723151267e-05 old loss 4.351393727120012e-05 BETTER
I0326 08:39:06.792863 1504349 finetune.py:68] layer 12_o @ epoch 2 new loss 3.0055092793190852e-05 old loss 3.1237890652846545e-05 BETTER
I0326 08:39:30.825831 1505300 finetune.py:68] layer 13_o @ epoch 2 new loss 3.8997666706563905e-05 old loss 4.0814760723151267e-05 BETTER
I0326 08:39:43.170665 1504349 finetune.py:68] layer 12_o @ epoch 3 new loss 2.914978722401429e-05 old loss 3.0055092793190852e-05 BETTER
I0326 08:40:04.857043 1505300 finetune.py:68] layer 13_o @ epoch 3 new loss 3.7638623325619847e-05 old loss 3.8997666706563905e-05 BETTER
I0326 08:40:19.349731 1504349 finetune.py:68] layer 12_o @ epoch 4 new loss 2.8410682716639712e-05 old loss 2.914978722401429e-05 BETTER
I0326 08:40:38.867853 1505300 finetune.py:68] layer 13_o @ epoch 4 new loss 3.6562349123414606e-05 old loss 3.7638623325619847e-05 BETTER
I0326 08:40:41.168218 1504349 finetune.py:45] layer 12_up initial loss 4.9106260121334344e-05
I0326 08:41:00.355916 1505300 finetune.py:45] layer 13_up initial loss 6.073738040868193e-05
I0326 08:41:13.755318 1504349 finetune.py:68] layer 12_up @ epoch 0 new loss 4.7356774302897975e-05 old loss 4.9106260121334344e-05 BETTER
I0326 08:41:31.373046 1505300 finetune.py:68] layer 13_up @ epoch 0 new loss 5.8482397435000166e-05 old loss 6.073738040868193e-05 BETTER
I0326 08:41:47.306799 1504349 finetune.py:68] layer 12_up @ epoch 1 new loss 4.631056799553335e-05 old loss 4.7356774302897975e-05 BETTER
I0326 08:42:03.408879 1505300 finetune.py:68] layer 13_up @ epoch 1 new loss 5.714508370147087e-05 old loss 5.8482397435000166e-05 BETTER
I0326 08:42:21.075902 1504349 finetune.py:68] layer 12_up @ epoch 2 new loss 4.546184209175408e-05 old loss 4.631056799553335e-05 BETTER
I0326 08:42:35.459642 1505300 finetune.py:68] layer 13_up @ epoch 2 new loss 5.60686930839438e-05 old loss 5.714508370147087e-05 BETTER
I0326 08:42:54.934581 1504349 finetune.py:68] layer 12_up @ epoch 3 new loss 4.4739590521203354e-05 old loss 4.546184209175408e-05 BETTER
I0326 08:43:07.629949 1505300 finetune.py:68] layer 13_up @ epoch 3 new loss 5.514633085113019e-05 old loss 5.60686930839438e-05 BETTER
I0326 08:43:28.751552 1504349 finetune.py:68] layer 12_up @ epoch 4 new loss 4.4103206164436415e-05 old loss 4.4739590521203354e-05 BETTER
I0326 08:43:39.697732 1505300 finetune.py:68] layer 13_up @ epoch 4 new loss 5.4344320233212784e-05 old loss 5.514633085113019e-05 BETTER
I0326 08:43:50.798009 1504349 finetune.py:45] layer 12_gate initial loss 5.297333700582385e-05
I0326 08:44:01.423996 1505300 finetune.py:45] layer 13_gate initial loss 6.427224434446543e-05
I0326 08:44:21.779044 1504349 finetune.py:68] layer 12_gate @ epoch 0 new loss 5.22104419360403e-05 old loss 5.297333700582385e-05 BETTER
I0326 08:44:30.055258 1505300 finetune.py:68] layer 13_gate @ epoch 0 new loss 6.335860234685242e-05 old loss 6.427224434446543e-05 BETTER
I0326 08:44:52.988613 1504349 finetune.py:68] layer 12_gate @ epoch 1 new loss 5.1646562496898696e-05 old loss 5.22104419360403e-05 BETTER
I0326 08:44:59.601144 1505300 finetune.py:68] layer 13_gate @ epoch 1 new loss 6.266076525207609e-05 old loss 6.335860234685242e-05 BETTER
I0326 08:45:24.423491 1504349 finetune.py:68] layer 12_gate @ epoch 2 new loss 5.115929525345564e-05 old loss 5.1646562496898696e-05 BETTER
I0326 08:45:29.181680 1505300 finetune.py:68] layer 13_gate @ epoch 2 new loss 6.205253157531843e-05 old loss 6.266076525207609e-05 BETTER
I0326 08:45:55.951942 1504349 finetune.py:68] layer 12_gate @ epoch 3 new loss 5.071729901828803e-05 old loss 5.115929525345564e-05 BETTER
I0326 08:45:59.012160 1505300 finetune.py:68] layer 13_gate @ epoch 3 new loss 6.150306580821052e-05 old loss 6.205253157531843e-05 BETTER
I0326 08:46:27.480471 1504349 finetune.py:68] layer 12_gate @ epoch 4 new loss 5.0316819397266954e-05 old loss 5.071729901828803e-05 BETTER
I0326 08:46:28.761047 1505300 finetune.py:68] layer 13_gate @ epoch 4 new loss 6.1012247897451743e-05 old loss 6.150306580821052e-05 BETTER
I0326 08:46:50.206010 1504349 finetune.py:45] layer 12_down initial loss 7.786018977640197e-05
I0326 08:46:51.286082 1505300 finetune.py:45] layer 13_down initial loss 9.41264588618651e-05
I0326 08:47:17.736903 1505300 finetune.py:68] layer 13_down @ epoch 0 new loss 9.411282371729612e-05 old loss 9.41264588618651e-05 BETTER
I0326 08:47:17.934505 1504349 finetune.py:68] layer 12_down @ epoch 0 new loss 7.785010529914871e-05 old loss 7.786018977640197e-05 BETTER
I0326 08:47:45.283005 1505300 finetune.py:68] layer 13_down @ epoch 1 new loss 9.410261554876342e-05 old loss 9.411282371729612e-05 BETTER
I0326 08:47:46.764707 1504349 finetune.py:68] layer 12_down @ epoch 1 new loss 7.78422036091797e-05 old loss 7.785010529914871e-05 BETTER
I0326 08:48:13.001343 1505300 finetune.py:68] layer 13_down @ epoch 2 new loss 9.409433550899848e-05 old loss 9.410261554876342e-05 BETTER
I0326 08:48:15.826564 1504349 finetune.py:68] layer 12_down @ epoch 2 new loss 7.783472392475232e-05 old loss 7.78422036091797e-05 BETTER
I0326 08:48:40.716977 1505300 finetune.py:68] layer 13_down @ epoch 3 new loss 9.408609912497923e-05 old loss 9.409433550899848e-05 BETTER
I0326 08:48:44.910143 1504349 finetune.py:68] layer 12_down @ epoch 3 new loss 7.782920874888077e-05 old loss 7.783472392475232e-05 BETTER
I0326 08:49:08.447832 1505300 finetune.py:68] layer 13_down @ epoch 4 new loss 9.408043115399778e-05 old loss 9.408609912497923e-05 BETTER
13_v proxy err 0.014822857454419136 tr(WHW.T) 280.153564453125
bpp_loss 3.2312371730804443
13_q proxy err 0.0008754286100156605 tr(WHW.T) 20902.72265625
bpp_loss 4.036683797836304
13_k proxy err 0.00030923160375095904 tr(WHW.T) 17803.13671875
bpp_loss 5.074627637863159
13_o proxy err 0.02782292477786541 tr(WHW.T) 679.9859008789062
bpp_loss 3.3463926315307617
13_up proxy err 0.00766040850430727 tr(WHW.T) 10018.0234375
bpp_loss 3.4800402777535573
13_gate proxy err 0.0020397985354065895 tr(WHW.T) 38958.47265625
bpp_loss 3.688772337777274
13_down proxy err 0.011964432895183563 tr(WHW.T) 6594.9970703125
bpp_loss 3.470076867512294
I0326 08:49:14.222911 1504349 finetune.py:68] layer 12_down @ epoch 4 new loss 7.78241956140846e-05 old loss 7.782920874888077e-05 BETTER
12_v proxy err 0.012057974003255367 tr(WHW.T) 363.6233825683594
bpp_loss 3.291145920753479
12_q proxy err 0.0005806816043332219 tr(WHW.T) 34118.27734375
bpp_loss 4.061237573623657
12_k proxy err 0.00024624759680591524 tr(WHW.T) 23070.939453125
bpp_loss 5.057183265686035
12_o proxy err 0.024705111980438232 tr(WHW.T) 785.8966674804688
bpp_loss 3.3638460636138916
12_up proxy err 0.0076360139064490795 tr(WHW.T) 10031.4560546875
bpp_loss 3.4766107286725725
12_gate proxy err 0.002125188708305359 tr(WHW.T) 37379.26953125
bpp_loss 3.6840278080531528
12_down proxy err 0.011559599079191685 tr(WHW.T) 6853.38623046875
bpp_loss 3.4704275812421526
I0326 08:50:15.167454 1418472 quantize_finetune_llama.py:240] computed original embedding for layer 14 in 55.93619084358215s
I0326 08:50:18.526988 1522252 utils.py:146] Note: detected 128 virtual cores but NumExpr set to maximum of 64, check "NUMEXPR_MAX_THREADS" environment variable.
I0326 08:50:18.527081 1522252 utils.py:149] Note: NumExpr detected 128 cores but "NUMEXPR_MAX_THREADS" not set, so enforcing safe limit of 16.
I0326 08:50:18.527120 1522252 utils.py:162] NumExpr defaulting to 16 threads.
I0326 08:50:18.851781 1522252 config.py:54] PyTorch version 2.6.0 available.
W0326 08:50:19.042539 1522252 warnings.py:109] /opt/conda/lib/python3.10/site-packages/torchvision/io/image.py:13: UserWarning: Failed to load image Python extension: '/opt/conda/lib/python3.10/site-packages/torchvision/image.so: undefined symbol: _ZN3c1017RegisterOperatorsD1Ev'If you don't plan on using image functionality from `torchvision.io`, you can ignore this warning. Otherwise, there might be something wrong with your environment. Did you have `libjpeg` or `libpng` installed before building `torchvision` from source?
  warn(

W0326 08:50:19.595739 1522252 warnings.py:109] /opt/conda/lib/python3.10/site-packages/compressai/models/video/google.py:353: FutureWarning: `torch.cuda.amp.autocast(args...)` is deprecated. Please use `torch.amp.autocast('cuda', args...)` instead.
  @amp.autocast(enabled=False)

I0326 08:50:19.599342 1418472 quantize_finetune_llama.py:209] layer 15 gpu 1
I0326 08:50:19.612095 1522252 data_utils.py:336] using 256 training seqs, 128 validation seqs
The attention layers in this model are transitioning from computing the RoPE embeddings internally through `position_ids` (2D tensor with the indexes of the tokens), to using externally computed `position_embeddings` (Tuple of tensors, containing cos and sin). In v4.46 `position_ids` will be removed and `position_embeddings` will be mandatory.
I0326 08:50:27.046856 1522252 finetune.py:45] layer 14_v initial loss 1.7211232261615805e-05
W0326 08:50:27.047088 1522252 warnings.py:109] /workspace/Weight_compression/comp_lm_qtip/lib/algo/finetune.py:46: FutureWarning: `torch.cuda.amp.GradScaler(args...)` is deprecated. Please use `torch.amp.GradScaler('cuda', args...)` instead.
  scaler = torch.cuda.amp.GradScaler(enabled=(orig_dtype==torch.float16))

I0326 08:51:03.279221 1522252 finetune.py:68] layer 14_v @ epoch 0 new loss 1.2181486454210244e-05 old loss 1.7211232261615805e-05 BETTER
I0326 08:51:20.704520 1418472 quantize_finetune_llama.py:240] computed original embedding for layer 15 in 60.677000761032104s
I0326 08:51:24.257445 1523174 utils.py:146] Note: detected 128 virtual cores but NumExpr set to maximum of 64, check "NUMEXPR_MAX_THREADS" environment variable.
I0326 08:51:24.257539 1523174 utils.py:149] Note: NumExpr detected 128 cores but "NUMEXPR_MAX_THREADS" not set, so enforcing safe limit of 16.
I0326 08:51:24.257581 1523174 utils.py:162] NumExpr defaulting to 16 threads.
I0326 08:51:24.583780 1523174 config.py:54] PyTorch version 2.6.0 available.
W0326 08:51:24.778460 1523174 warnings.py:109] /opt/conda/lib/python3.10/site-packages/torchvision/io/image.py:13: UserWarning: Failed to load image Python extension: '/opt/conda/lib/python3.10/site-packages/torchvision/image.so: undefined symbol: _ZN3c1017RegisterOperatorsD1Ev'If you don't plan on using image functionality from `torchvision.io`, you can ignore this warning. Otherwise, there might be something wrong with your environment. Did you have `libjpeg` or `libpng` installed before building `torchvision` from source?
  warn(

W0326 08:51:25.343158 1523174 warnings.py:109] /opt/conda/lib/python3.10/site-packages/compressai/models/video/google.py:353: FutureWarning: `torch.cuda.amp.autocast(args...)` is deprecated. Please use `torch.amp.autocast('cuda', args...)` instead.
  @amp.autocast(enabled=False)

I0326 08:51:25.346821 1418472 quantize_finetune_llama.py:209] layer 16 gpu 0
I0326 08:51:25.359290 1523174 data_utils.py:336] using 256 training seqs, 128 validation seqs
The attention layers in this model are transitioning from computing the RoPE embeddings internally through `position_ids` (2D tensor with the indexes of the tokens), to using externally computed `position_embeddings` (Tuple of tensors, containing cos and sin). In v4.46 `position_ids` will be removed and `position_embeddings` will be mandatory.
I0326 08:51:32.253569 1523174 finetune.py:45] layer 15_v initial loss 1.9045848603127524e-05
W0326 08:51:32.253779 1523174 warnings.py:109] /workspace/Weight_compression/comp_lm_qtip/lib/algo/finetune.py:46: FutureWarning: `torch.cuda.amp.GradScaler(args...)` is deprecated. Please use `torch.amp.GradScaler('cuda', args...)` instead.
  scaler = torch.cuda.amp.GradScaler(enabled=(orig_dtype==torch.float16))

I0326 08:51:40.382894 1522252 finetune.py:68] layer 14_v @ epoch 1 new loss 1.1308181456115562e-05 old loss 1.2181486454210244e-05 BETTER
I0326 08:52:05.794573 1523174 finetune.py:68] layer 15_v @ epoch 0 new loss 1.3084607417113148e-05 old loss 1.9045848603127524e-05 BETTER
I0326 08:52:17.609819 1522252 finetune.py:68] layer 14_v @ epoch 2 new loss 1.0816199392138515e-05 old loss 1.1308181456115562e-05 BETTER
I0326 08:52:40.383851 1523174 finetune.py:68] layer 15_v @ epoch 1 new loss 1.2144748325226828e-05 old loss 1.3084607417113148e-05 BETTER
I0326 08:52:55.068025 1522252 finetune.py:68] layer 14_v @ epoch 3 new loss 1.0484427548362873e-05 old loss 1.0816199392138515e-05 BETTER
I0326 08:53:15.423257 1523174 finetune.py:68] layer 15_v @ epoch 2 new loss 1.1626137165876571e-05 old loss 1.2144748325226828e-05 BETTER
I0326 08:53:32.726085 1522252 finetune.py:68] layer 14_v @ epoch 4 new loss 1.0234401997877285e-05 old loss 1.0484427548362873e-05 BETTER
I0326 08:53:42.579159 1522252 finetune.py:45] layer 14_q initial loss 1.3398410374065861e-05
I0326 08:53:50.595148 1523174 finetune.py:68] layer 15_v @ epoch 3 new loss 1.127299947256688e-05 old loss 1.1626137165876571e-05 BETTER
I0326 08:54:18.947552 1522252 finetune.py:68] layer 14_q @ epoch 0 new loss 1.2730123671644833e-05 old loss 1.3398410374065861e-05 BETTER
I0326 08:54:25.802967 1523174 finetune.py:68] layer 15_v @ epoch 4 new loss 1.1011814422090538e-05 old loss 1.127299947256688e-05 BETTER
I0326 08:54:35.347847 1523174 finetune.py:45] layer 15_q initial loss 1.2867128134530503e-05
I0326 08:54:56.006765 1522252 finetune.py:68] layer 14_q @ epoch 1 new loss 1.2439175407052971e-05 old loss 1.2730123671644833e-05 BETTER
I0326 08:55:09.353645 1523174 finetune.py:68] layer 15_q @ epoch 0 new loss 1.243427595909452e-05 old loss 1.2867128134530503e-05 BETTER
I0326 08:55:33.279856 1522252 finetune.py:68] layer 14_q @ epoch 2 new loss 1.2236542715982068e-05 old loss 1.2439175407052971e-05 BETTER
I0326 08:55:44.111158 1523174 finetune.py:68] layer 15_q @ epoch 1 new loss 1.2193822840345092e-05 old loss 1.243427595909452e-05 BETTER
I0326 08:56:10.840578 1522252 finetune.py:68] layer 14_q @ epoch 3 new loss 1.2057679668942e-05 old loss 1.2236542715982068e-05 BETTER
I0326 08:56:18.874473 1523174 finetune.py:68] layer 15_q @ epoch 2 new loss 1.2006914403173141e-05 old loss 1.2193822840345092e-05 BETTER
I0326 08:56:47.959557 1522252 finetune.py:68] layer 14_q @ epoch 4 new loss 1.1908861779375002e-05 old loss 1.2057679668942e-05 BETTER
I0326 08:56:53.577425 1523174 finetune.py:68] layer 15_q @ epoch 3 new loss 1.1853660907945596e-05 old loss 1.2006914403173141e-05 BETTER
I0326 08:56:56.214959 1522252 finetune.py:45] layer 14_k initial loss 1.283961955778068e-05
I0326 08:57:28.367687 1523174 finetune.py:68] layer 15_q @ epoch 4 new loss 1.1743280992959626e-05 old loss 1.1853660907945596e-05 BETTER
I0326 08:57:32.585577 1522252 finetune.py:68] layer 14_k @ epoch 0 new loss 1.2626954230654519e-05 old loss 1.283961955778068e-05 BETTER
I0326 08:57:36.418975 1523174 finetune.py:45] layer 15_k initial loss 1.2451891052478459e-05
I0326 08:58:09.741371 1522252 finetune.py:68] layer 14_k @ epoch 1 new loss 1.2502218851295765e-05 old loss 1.2626954230654519e-05 BETTER
I0326 08:58:11.057878 1523174 finetune.py:68] layer 15_k @ epoch 0 new loss 1.226675885845907e-05 old loss 1.2451891052478459e-05 BETTER
I0326 08:58:45.539249 1523174 finetune.py:68] layer 15_k @ epoch 1 new loss 1.2159422112745233e-05 old loss 1.226675885845907e-05 BETTER
I0326 08:58:46.818992 1522252 finetune.py:68] layer 14_k @ epoch 2 new loss 1.2401405001583043e-05 old loss 1.2502218851295765e-05 BETTER
I0326 08:59:20.060651 1523174 finetune.py:68] layer 15_k @ epoch 2 new loss 1.2059640539519023e-05 old loss 1.2159422112745233e-05 BETTER
I0326 08:59:23.681561 1522252 finetune.py:68] layer 14_k @ epoch 3 new loss 1.231046007887926e-05 old loss 1.2401405001583043e-05 BETTER
I0326 08:59:54.483079 1523174 finetune.py:68] layer 15_k @ epoch 3 new loss 1.199575126520358e-05 old loss 1.2059640539519023e-05 BETTER
I0326 09:00:00.678559 1522252 finetune.py:68] layer 14_k @ epoch 4 new loss 1.2242409866303205e-05 old loss 1.231046007887926e-05 BETTER
I0326 09:00:10.616546 1522252 finetune.py:45] layer 14_o initial loss 5.2411738579394296e-05
I0326 09:00:28.951099 1523174 finetune.py:68] layer 15_k @ epoch 4 new loss 1.192708259623032e-05 old loss 1.199575126520358e-05 BETTER
I0326 09:00:38.607900 1523174 finetune.py:45] layer 15_o initial loss 4.502663796301931e-05
I0326 09:00:45.891501 1522252 finetune.py:68] layer 14_o @ epoch 0 new loss 4.65970479126554e-05 old loss 5.2411738579394296e-05 BETTER
I0326 09:01:11.668491 1523174 finetune.py:68] layer 15_o @ epoch 0 new loss 4.032775905216113e-05 old loss 4.502663796301931e-05 BETTER
I0326 09:01:22.197124 1522252 finetune.py:68] layer 14_o @ epoch 1 new loss 4.3918935261899605e-05 old loss 4.65970479126554e-05 BETTER
I0326 09:01:45.658995 1523174 finetune.py:68] layer 15_o @ epoch 1 new loss 3.820209894911386e-05 old loss 4.032775905216113e-05 BETTER
I0326 09:01:58.468970 1522252 finetune.py:68] layer 14_o @ epoch 2 new loss 4.209206599625759e-05 old loss 4.3918935261899605e-05 BETTER
I0326 09:02:19.601150 1523174 finetune.py:68] layer 15_o @ epoch 2 new loss 3.6729172279592603e-05 old loss 3.820209894911386e-05 BETTER
I0326 09:02:34.660569 1522252 finetune.py:68] layer 14_o @ epoch 3 new loss 4.0712839108891785e-05 old loss 4.209206599625759e-05 BETTER
I0326 09:02:53.634102 1523174 finetune.py:68] layer 15_o @ epoch 3 new loss 3.561634730431251e-05 old loss 3.6729172279592603e-05 BETTER
I0326 09:03:10.984647 1522252 finetune.py:68] layer 14_o @ epoch 4 new loss 3.9616399590158835e-05 old loss 4.0712839108891785e-05 BETTER
I0326 09:03:27.401782 1523174 finetune.py:68] layer 15_o @ epoch 4 new loss 3.471489253570326e-05 old loss 3.561634730431251e-05 BETTER
I0326 09:03:33.330200 1522252 finetune.py:45] layer 14_up initial loss 6.87210849719122e-05
I0326 09:03:49.781620 1523174 finetune.py:45] layer 15_up initial loss 6.974991993047297e-05
I0326 09:04:05.571627 1522252 finetune.py:68] layer 14_up @ epoch 0 new loss 6.599196785828099e-05 old loss 6.87210849719122e-05 BETTER
I0326 09:04:20.547506 1523174 finetune.py:68] layer 15_up @ epoch 0 new loss 6.648735870840028e-05 old loss 6.974991993047297e-05 BETTER
I0326 09:04:39.166644 1522252 finetune.py:68] layer 14_up @ epoch 1 new loss 6.440479774028063e-05 old loss 6.599196785828099e-05 BETTER
I0326 09:04:52.549886 1523174 finetune.py:68] layer 15_up @ epoch 1 new loss 6.468177889473736e-05 old loss 6.648735870840028e-05 BETTER
I0326 09:05:12.785576 1522252 finetune.py:68] layer 14_up @ epoch 2 new loss 6.314716301858425e-05 old loss 6.440479774028063e-05 BETTER
I0326 09:05:24.642267 1523174 finetune.py:68] layer 15_up @ epoch 2 new loss 6.326819129753858e-05 old loss 6.468177889473736e-05 BETTER
I0326 09:05:46.589399 1522252 finetune.py:68] layer 14_up @ epoch 3 new loss 6.208533886820078e-05 old loss 6.314716301858425e-05 BETTER
I0326 09:05:56.821136 1523174 finetune.py:68] layer 15_up @ epoch 3 new loss 6.208562990650535e-05 old loss 6.326819129753858e-05 BETTER
I0326 09:06:20.436856 1522252 finetune.py:68] layer 14_up @ epoch 4 new loss 6.115840369602665e-05 old loss 6.208533886820078e-05 BETTER
I0326 09:06:29.000955 1523174 finetune.py:68] layer 15_up @ epoch 4 new loss 6.105698412284255e-05 old loss 6.208562990650535e-05 BETTER
I0326 09:06:42.789495 1522252 finetune.py:45] layer 14_gate initial loss 7.182137778727338e-05
I0326 09:06:51.251095 1523174 finetune.py:45] layer 15_gate initial loss 7.278375414898619e-05
I0326 09:07:13.135829 1522252 finetune.py:68] layer 14_gate @ epoch 0 new loss 7.076455221977085e-05 old loss 7.182137778727338e-05 BETTER
I0326 09:07:19.897026 1523174 finetune.py:68] layer 15_gate @ epoch 0 new loss 7.159226515796036e-05 old loss 7.278375414898619e-05 BETTER
I0326 09:07:44.397929 1522252 finetune.py:68] layer 14_gate @ epoch 1 new loss 6.996484444243833e-05 old loss 7.076455221977085e-05 BETTER
I0326 09:07:49.422213 1523174 finetune.py:68] layer 15_gate @ epoch 1 new loss 7.066799298627302e-05 old loss 7.159226515796036e-05 BETTER
I0326 09:08:15.974663 1522252 finetune.py:68] layer 14_gate @ epoch 2 new loss 6.927312642801553e-05 old loss 6.996484444243833e-05 BETTER
I0326 09:08:19.184360 1523174 finetune.py:68] layer 15_gate @ epoch 2 new loss 6.987484084675089e-05 old loss 7.066799298627302e-05 BETTER
I0326 09:08:47.744027 1522252 finetune.py:68] layer 14_gate @ epoch 3 new loss 6.865226168883964e-05 old loss 6.927312642801553e-05 BETTER
I0326 09:08:49.166362 1523174 finetune.py:68] layer 15_gate @ epoch 3 new loss 6.917103746673092e-05 old loss 6.987484084675089e-05 BETTER
I0326 09:09:19.586795 1522252 finetune.py:68] layer 14_gate @ epoch 4 new loss 6.808988109696656e-05 old loss 6.865226168883964e-05 BETTER
I0326 09:09:20.467765 1523174 finetune.py:68] layer 15_gate @ epoch 4 new loss 6.854056846350431e-05 old loss 6.917103746673092e-05 BETTER
I0326 09:09:42.941745 1522252 finetune.py:45] layer 14_down initial loss 0.00010668732284102589
I0326 09:09:43.935891 1523174 finetune.py:45] layer 15_down initial loss 0.00011743378126993775
I0326 09:10:10.446568 1523174 finetune.py:68] layer 15_down @ epoch 0 new loss 0.0001174190838355571 old loss 0.00011743378126993775 BETTER
I0326 09:10:10.545992 1522252 finetune.py:68] layer 14_down @ epoch 0 new loss 0.0001066699405782856 old loss 0.00010668732284102589 BETTER
I0326 09:10:38.091365 1523174 finetune.py:68] layer 15_down @ epoch 1 new loss 0.00011740782065317035 old loss 0.0001174190838355571 BETTER
I0326 09:10:39.295926 1522252 finetune.py:68] layer 14_down @ epoch 1 new loss 0.00010665604349924251 old loss 0.0001066699405782856 BETTER
I0326 09:11:05.845560 1523174 finetune.py:68] layer 15_down @ epoch 2 new loss 0.00011739827459678054 old loss 0.00011740782065317035 BETTER
I0326 09:11:08.287590 1522252 finetune.py:68] layer 14_down @ epoch 2 new loss 0.00010664405999705195 old loss 0.00010665604349924251 BETTER
I0326 09:11:33.668440 1523174 finetune.py:68] layer 15_down @ epoch 3 new loss 0.0001173897398984991 old loss 0.00011739827459678054 BETTER
I0326 09:11:37.580404 1522252 finetune.py:68] layer 14_down @ epoch 3 new loss 0.00010663326975191012 old loss 0.00010664405999705195 BETTER
I0326 09:12:01.550339 1523174 finetune.py:68] layer 15_down @ epoch 4 new loss 0.00011738321336451918 old loss 0.0001173897398984991 BETTER
15_v proxy err 0.015088754706084728 tr(WHW.T) 284.0271301269531
bpp_loss 3.287685513496399
15_q proxy err 0.000685372855514288 tr(WHW.T) 28086.8046875
bpp_loss 4.1460466384887695
15_k proxy err 0.00029707045177929103 tr(WHW.T) 18874.1640625
bpp_loss 5.066547870635986
15_o proxy err 0.024838266894221306 tr(WHW.T) 830.3876953125
bpp_loss 3.3685067892074585
15_up proxy err 0.008545543998479843 tr(WHW.T) 9000.7783203125
bpp_loss 3.4667600904192244
15_gate proxy err 0.0017373842420056462 tr(WHW.T) 46196.51171875
bpp_loss 3.7584920610700334
15_down proxy err 0.012367986142635345 tr(WHW.T) 6436.9296875
bpp_loss 3.460219757897513
I0326 09:12:06.769189 1522252 finetune.py:68] layer 14_down @ epoch 4 new loss 0.00010662466229405254 old loss 0.00010663326975191012 BETTER
14_v proxy err 0.014259537681937218 tr(WHW.T) 281.3382873535156
bpp_loss 3.223863363265991
14_q proxy err 0.0008502139244228601 tr(WHW.T) 20888.255859375
bpp_loss 4.003415822982788
14_k proxy err 0.0002903678978327662 tr(WHW.T) 18625.314453125
bpp_loss 5.01973032951355
14_o proxy err 0.028766846284270287 tr(WHW.T) 690.725830078125
bpp_loss 3.337791085243225
14_up proxy err 0.008317044004797935 tr(WHW.T) 9173.6591796875
bpp_loss 3.474534170968192
14_gate proxy err 0.0018932503880932927 tr(WHW.T) 41859.2734375
bpp_loss 3.7206625257219588
14_down proxy err 0.01223068218678236 tr(WHW.T) 6425.34521484375
bpp_loss 3.465884038380214
I0326 09:13:15.792073 1418472 quantize_finetune_llama.py:240] computed original embedding for layer 16 in 63.97015738487244s
I0326 09:13:19.265777 1536852 utils.py:146] Note: detected 128 virtual cores but NumExpr set to maximum of 64, check "NUMEXPR_MAX_THREADS" environment variable.
I0326 09:13:19.265869 1536852 utils.py:149] Note: NumExpr detected 128 cores but "NUMEXPR_MAX_THREADS" not set, so enforcing safe limit of 16.
I0326 09:13:19.265908 1536852 utils.py:162] NumExpr defaulting to 16 threads.
I0326 09:13:19.594856 1536852 config.py:54] PyTorch version 2.6.0 available.
W0326 09:13:19.784854 1536852 warnings.py:109] /opt/conda/lib/python3.10/site-packages/torchvision/io/image.py:13: UserWarning: Failed to load image Python extension: '/opt/conda/lib/python3.10/site-packages/torchvision/image.so: undefined symbol: _ZN3c1017RegisterOperatorsD1Ev'If you don't plan on using image functionality from `torchvision.io`, you can ignore this warning. Otherwise, there might be something wrong with your environment. Did you have `libjpeg` or `libpng` installed before building `torchvision` from source?
  warn(

W0326 09:13:20.400896 1536852 warnings.py:109] /opt/conda/lib/python3.10/site-packages/compressai/models/video/google.py:353: FutureWarning: `torch.cuda.amp.autocast(args...)` is deprecated. Please use `torch.amp.autocast('cuda', args...)` instead.
  @amp.autocast(enabled=False)

I0326 09:13:20.404754 1418472 quantize_finetune_llama.py:209] layer 17 gpu 1
I0326 09:13:20.419089 1536852 data_utils.py:336] using 256 training seqs, 128 validation seqs
The attention layers in this model are transitioning from computing the RoPE embeddings internally through `position_ids` (2D tensor with the indexes of the tokens), to using externally computed `position_embeddings` (Tuple of tensors, containing cos and sin). In v4.46 `position_ids` will be removed and `position_embeddings` will be mandatory.
I0326 09:13:28.314419 1536852 finetune.py:45] layer 16_v initial loss 2.1335534256650135e-05
W0326 09:13:28.314787 1536852 warnings.py:109] /workspace/Weight_compression/comp_lm_qtip/lib/algo/finetune.py:46: FutureWarning: `torch.cuda.amp.GradScaler(args...)` is deprecated. Please use `torch.amp.GradScaler('cuda', args...)` instead.
  scaler = torch.cuda.amp.GradScaler(enabled=(orig_dtype==torch.float16))

I0326 09:14:04.053579 1536852 finetune.py:68] layer 16_v @ epoch 0 new loss 1.4427174392039888e-05 old loss 2.1335534256650135e-05 BETTER
I0326 09:14:22.340507 1418472 quantize_finetune_llama.py:240] computed original embedding for layer 17 in 61.515018701553345s
I0326 09:14:26.020180 1537554 utils.py:146] Note: detected 128 virtual cores but NumExpr set to maximum of 64, check "NUMEXPR_MAX_THREADS" environment variable.
I0326 09:14:26.020283 1537554 utils.py:149] Note: NumExpr detected 128 cores but "NUMEXPR_MAX_THREADS" not set, so enforcing safe limit of 16.
I0326 09:14:26.020326 1537554 utils.py:162] NumExpr defaulting to 16 threads.
I0326 09:14:26.360853 1537554 config.py:54] PyTorch version 2.6.0 available.
W0326 09:14:26.568095 1537554 warnings.py:109] /opt/conda/lib/python3.10/site-packages/torchvision/io/image.py:13: UserWarning: Failed to load image Python extension: '/opt/conda/lib/python3.10/site-packages/torchvision/image.so: undefined symbol: _ZN3c1017RegisterOperatorsD1Ev'If you don't plan on using image functionality from `torchvision.io`, you can ignore this warning. Otherwise, there might be something wrong with your environment. Did you have `libjpeg` or `libpng` installed before building `torchvision` from source?
  warn(

W0326 09:14:27.140321 1537554 warnings.py:109] /opt/conda/lib/python3.10/site-packages/compressai/models/video/google.py:353: FutureWarning: `torch.cuda.amp.autocast(args...)` is deprecated. Please use `torch.amp.autocast('cuda', args...)` instead.
  @amp.autocast(enabled=False)

I0326 09:14:27.144511 1418472 quantize_finetune_llama.py:209] layer 18 gpu 0
I0326 09:14:27.156938 1537554 data_utils.py:336] using 256 training seqs, 128 validation seqs
The attention layers in this model are transitioning from computing the RoPE embeddings internally through `position_ids` (2D tensor with the indexes of the tokens), to using externally computed `position_embeddings` (Tuple of tensors, containing cos and sin). In v4.46 `position_ids` will be removed and `position_embeddings` will be mandatory.
I0326 09:14:34.056600 1537554 finetune.py:45] layer 17_v initial loss 1.9817032807623036e-05
W0326 09:14:34.056794 1537554 warnings.py:109] /workspace/Weight_compression/comp_lm_qtip/lib/algo/finetune.py:46: FutureWarning: `torch.cuda.amp.GradScaler(args...)` is deprecated. Please use `torch.amp.GradScaler('cuda', args...)` instead.
  scaler = torch.cuda.amp.GradScaler(enabled=(orig_dtype==torch.float16))

I0326 09:14:41.008219 1536852 finetune.py:68] layer 16_v @ epoch 1 new loss 1.3274577213451266e-05 old loss 1.4427174392039888e-05 BETTER
I0326 09:15:07.612836 1537554 finetune.py:68] layer 17_v @ epoch 0 new loss 1.269687527383212e-05 old loss 1.9817032807623036e-05 BETTER
I0326 09:15:18.244181 1536852 finetune.py:68] layer 16_v @ epoch 2 new loss 1.2617640095413662e-05 old loss 1.3274577213451266e-05 BETTER
I0326 09:15:42.261450 1537554 finetune.py:68] layer 17_v @ epoch 1 new loss 1.1697583431669045e-05 old loss 1.269687527383212e-05 BETTER
I0326 09:15:55.255739 1536852 finetune.py:68] layer 16_v @ epoch 3 new loss 1.2159772268205415e-05 old loss 1.2617640095413662e-05 BETTER
I0326 09:16:17.252303 1537554 finetune.py:68] layer 17_v @ epoch 2 new loss 1.1150516002089716e-05 old loss 1.1697583431669045e-05 BETTER
I0326 09:16:32.350629 1536852 finetune.py:68] layer 16_v @ epoch 4 new loss 1.182382766273804e-05 old loss 1.2159772268205415e-05 BETTER
I0326 09:16:42.342913 1536852 finetune.py:45] layer 16_q initial loss 1.4137947800918482e-05
I0326 09:16:52.387539 1537554 finetune.py:68] layer 17_v @ epoch 3 new loss 1.0803681107063312e-05 old loss 1.1150516002089716e-05 BETTER
I0326 09:17:18.474586 1536852 finetune.py:68] layer 16_q @ epoch 0 new loss 1.3489874618244357e-05 old loss 1.4137947800918482e-05 BETTER
I0326 09:17:27.615159 1537554 finetune.py:68] layer 17_v @ epoch 4 new loss 1.057430654327618e-05 old loss 1.0803681107063312e-05 BETTER
I0326 09:17:37.400758 1537554 finetune.py:45] layer 17_q initial loss 1.2458949640858918e-05
I0326 09:17:55.450923 1536852 finetune.py:68] layer 16_q @ epoch 1 new loss 1.3157023204257712e-05 old loss 1.3489874618244357e-05 BETTER
I0326 09:18:11.294478 1537554 finetune.py:68] layer 17_q @ epoch 0 new loss 1.1964624718530104e-05 old loss 1.2458949640858918e-05 BETTER
I0326 09:18:32.350151 1536852 finetune.py:68] layer 16_q @ epoch 2 new loss 1.2900771253043786e-05 old loss 1.3157023204257712e-05 BETTER
I0326 09:18:45.965340 1537554 finetune.py:68] layer 17_q @ epoch 1 new loss 1.1710828403010964e-05 old loss 1.1964624718530104e-05 BETTER
I0326 09:19:09.410575 1536852 finetune.py:68] layer 16_q @ epoch 3 new loss 1.2689105460594874e-05 old loss 1.2900771253043786e-05 BETTER
I0326 09:19:20.797960 1537554 finetune.py:68] layer 17_q @ epoch 2 new loss 1.1518510291352868e-05 old loss 1.1710828403010964e-05 BETTER
I0326 09:19:46.429321 1536852 finetune.py:68] layer 16_q @ epoch 4 new loss 1.2514380614447873e-05 old loss 1.2689105460594874e-05 BETTER
I0326 09:19:54.582299 1536852 finetune.py:45] layer 16_k initial loss 1.3290265087562148e-05
I0326 09:19:55.556797 1537554 finetune.py:68] layer 17_q @ epoch 3 new loss 1.1352680303389207e-05 old loss 1.1518510291352868e-05 BETTER
I0326 09:20:30.286174 1537554 finetune.py:68] layer 17_q @ epoch 4 new loss 1.1221103704883717e-05 old loss 1.1352680303389207e-05 BETTER
I0326 09:20:30.328276 1536852 finetune.py:68] layer 16_k @ epoch 0 new loss 1.3028829016548116e-05 old loss 1.3290265087562148e-05 BETTER
I0326 09:20:38.212861 1537554 finetune.py:45] layer 17_k initial loss 1.1857891877298243e-05
I0326 09:21:06.838192 1536852 finetune.py:68] layer 16_k @ epoch 1 new loss 1.288611201744061e-05 old loss 1.3028829016548116e-05 BETTER
I0326 09:21:12.009973 1537554 finetune.py:68] layer 17_k @ epoch 0 new loss 1.1705764336511493e-05 old loss 1.1857891877298243e-05 BETTER
I0326 09:21:43.445541 1536852 finetune.py:68] layer 16_k @ epoch 2 new loss 1.2771293768309988e-05 old loss 1.288611201744061e-05 BETTER
I0326 09:21:46.432165 1537554 finetune.py:68] layer 17_k @ epoch 1 new loss 1.1589130735956132e-05 old loss 1.1705764336511493e-05 BETTER
I0326 09:22:20.350608 1536852 finetune.py:68] layer 16_k @ epoch 3 new loss 1.2681522093771491e-05 old loss 1.2771293768309988e-05 BETTER
I0326 09:22:20.982328 1537554 finetune.py:68] layer 17_k @ epoch 2 new loss 1.1507361705298536e-05 old loss 1.1589130735956132e-05 BETTER
I0326 09:22:55.554512 1537554 finetune.py:68] layer 17_k @ epoch 3 new loss 1.1419159818615299e-05 old loss 1.1507361705298536e-05 BETTER
I0326 09:22:57.276024 1536852 finetune.py:68] layer 16_k @ epoch 4 new loss 1.2583787793118972e-05 old loss 1.2681522093771491e-05 BETTER
I0326 09:23:07.419017 1536852 finetune.py:45] layer 16_o initial loss 4.5350956497713923e-05
I0326 09:23:30.317426 1537554 finetune.py:68] layer 17_k @ epoch 4 new loss 1.1365292266418692e-05 old loss 1.1419159818615299e-05 BETTER
I0326 09:23:40.116748 1537554 finetune.py:45] layer 17_o initial loss 3.749405368580483e-05
I0326 09:23:42.783344 1536852 finetune.py:68] layer 16_o @ epoch 0 new loss 4.0616621845401824e-05 old loss 4.5350956497713923e-05 BETTER
I0326 09:24:13.368306 1537554 finetune.py:68] layer 17_o @ epoch 0 new loss 3.385299351066351e-05 old loss 3.749405368580483e-05 BETTER
I0326 09:24:18.808098 1536852 finetune.py:68] layer 16_o @ epoch 1 new loss 3.851657311315648e-05 old loss 4.0616621845401824e-05 BETTER
I0326 09:24:47.455710 1537554 finetune.py:68] layer 17_o @ epoch 1 new loss 3.22250671160873e-05 old loss 3.385299351066351e-05 BETTER
I0326 09:24:54.903711 1536852 finetune.py:68] layer 16_o @ epoch 2 new loss 3.710476812557317e-05 old loss 3.851657311315648e-05 BETTER
I0326 09:25:21.482495 1537554 finetune.py:68] layer 17_o @ epoch 2 new loss 3.114874562015757e-05 old loss 3.22250671160873e-05 BETTER
I0326 09:25:31.113651 1536852 finetune.py:68] layer 16_o @ epoch 3 new loss 3.6020846891915426e-05 old loss 3.710476812557317e-05 BETTER
I0326 09:25:55.517363 1537554 finetune.py:68] layer 17_o @ epoch 3 new loss 3.034517249034252e-05 old loss 3.114874562015757e-05 BETTER
I0326 09:26:07.513328 1536852 finetune.py:68] layer 16_o @ epoch 4 new loss 3.5163579013897106e-05 old loss 3.6020846891915426e-05 BETTER
I0326 09:26:29.418110 1537554 finetune.py:68] layer 17_o @ epoch 4 new loss 2.96980761049781e-05 old loss 3.034517249034252e-05 BETTER
I0326 09:26:29.717001 1536852 finetune.py:45] layer 16_up initial loss 7.23416669643484e-05
I0326 09:26:51.193453 1537554 finetune.py:45] layer 17_up initial loss 7.246190216392279e-05
I0326 09:27:01.887142 1536852 finetune.py:68] layer 16_up @ epoch 0 new loss 6.924945773789659e-05 old loss 7.23416669643484e-05 BETTER
I0326 09:27:22.086929 1537554 finetune.py:68] layer 17_up @ epoch 0 new loss 6.896886043250561e-05 old loss 7.246190216392279e-05 BETTER
I0326 09:27:35.282440 1536852 finetune.py:68] layer 16_up @ epoch 1 new loss 6.752329500159249e-05 old loss 6.924945773789659e-05 BETTER
I0326 09:27:54.131077 1537554 finetune.py:68] layer 17_up @ epoch 1 new loss 6.708137516397983e-05 old loss 6.896886043250561e-05 BETTER
I0326 09:28:08.809704 1536852 finetune.py:68] layer 16_up @ epoch 2 new loss 6.615291204070672e-05 old loss 6.752329500159249e-05 BETTER
I0326 09:28:26.331191 1537554 finetune.py:68] layer 17_up @ epoch 2 new loss 6.564358773175627e-05 old loss 6.708137516397983e-05 BETTER
I0326 09:28:42.642782 1536852 finetune.py:68] layer 16_up @ epoch 3 new loss 6.50108777335845e-05 old loss 6.615291204070672e-05 BETTER
I0326 09:28:58.662263 1537554 finetune.py:68] layer 17_up @ epoch 3 new loss 6.445228063967079e-05 old loss 6.564358773175627e-05 BETTER
I0326 09:29:16.702498 1536852 finetune.py:68] layer 16_up @ epoch 4 new loss 6.401525752153248e-05 old loss 6.50108777335845e-05 BETTER
I0326 09:29:30.981819 1537554 finetune.py:68] layer 17_up @ epoch 4 new loss 6.343908898998052e-05 old loss 6.445228063967079e-05 BETTER
I0326 09:29:39.193224 1536852 finetune.py:45] layer 16_gate initial loss 7.625814760103822e-05
I0326 09:29:53.181521 1537554 finetune.py:45] layer 17_gate initial loss 7.764635665807873e-05
I0326 09:30:09.594958 1536852 finetune.py:68] layer 16_gate @ epoch 0 new loss 7.514216122217476e-05 old loss 7.625814760103822e-05 BETTER
I0326 09:30:21.824674 1537554 finetune.py:68] layer 17_gate @ epoch 0 new loss 7.641758566023782e-05 old loss 7.764635665807873e-05 BETTER
I0326 09:30:40.988343 1536852 finetune.py:68] layer 16_gate @ epoch 1 new loss 7.427509990520775e-05 old loss 7.514216122217476e-05 BETTER
I0326 09:30:51.508617 1537554 finetune.py:68] layer 17_gate @ epoch 1 new loss 7.55009168642573e-05 old loss 7.641758566023782e-05 BETTER
I0326 09:31:12.731367 1536852 finetune.py:68] layer 16_gate @ epoch 2 new loss 7.351709791691974e-05 old loss 7.427509990520775e-05 BETTER
I0326 09:31:21.520092 1537554 finetune.py:68] layer 17_gate @ epoch 2 new loss 7.471477874787524e-05 old loss 7.55009168642573e-05 BETTER
I0326 09:31:44.382834 1536852 finetune.py:68] layer 16_gate @ epoch 3 new loss 7.284701860044152e-05 old loss 7.351709791691974e-05 BETTER
I0326 09:31:51.424107 1537554 finetune.py:68] layer 17_gate @ epoch 3 new loss 7.40124742151238e-05 old loss 7.471477874787524e-05 BETTER
I0326 09:32:16.282862 1536852 finetune.py:68] layer 16_gate @ epoch 4 new loss 7.224971341202036e-05 old loss 7.284701860044152e-05 BETTER
