I0326 07:14:43.626205 1442682 finetune.py:68] layer 5_gate @ epoch 4 new loss 2.223549017799087e-05 old loss 2.236341060779523e-05 BETTER
I0326 07:15:04.644747 1442072 finetune.py:45] layer 4_down initial loss 2.5993029339588247e-05
I0326 07:15:05.842710 1442682 finetune.py:45] layer 5_down initial loss 3.66690474038478e-05
I0326 07:15:32.701159 1442682 finetune.py:68] layer 5_down @ epoch 0 new loss 3.666424163384363e-05 old loss 3.66690474038478e-05 BETTER
I0326 07:15:32.789375 1442072 finetune.py:68] layer 4_down @ epoch 0 new loss 2.5989569621742703e-05 old loss 2.5993029339588247e-05 BETTER
I0326 07:16:00.336475 1442682 finetune.py:68] layer 5_down @ epoch 1 new loss 3.6662022466771305e-05 old loss 3.666424163384363e-05 BETTER
I0326 07:16:02.087600 1442072 finetune.py:68] layer 4_down @ epoch 1 new loss 2.598775790829677e-05 old loss 2.5989569621742703e-05 BETTER
I0326 07:16:28.052093 1442682 finetune.py:68] layer 5_down @ epoch 2 new loss 3.6660207115346566e-05 old loss 3.6662022466771305e-05 BETTER
I0326 07:16:31.556694 1442072 finetune.py:68] layer 4_down @ epoch 2 new loss 2.5986231776187196e-05 old loss 2.598775790829677e-05 BETTER
I0326 07:16:55.761410 1442682 finetune.py:68] layer 5_down @ epoch 3 new loss 3.665867552626878e-05 old loss 3.6660207115346566e-05 BETTER
I0326 07:17:00.878407 1442072 finetune.py:68] layer 4_down @ epoch 3 new loss 2.5985051252064295e-05 old loss 2.5986231776187196e-05 BETTER
I0326 07:17:23.528761 1442682 finetune.py:68] layer 5_down @ epoch 4 new loss 3.6657405871665105e-05 old loss 3.665867552626878e-05 BETTER
5_v proxy err 0.02068202942609787 tr(WHW.T) 208.81988525390625
bpp_loss 3.111508011817932
5_q proxy err 0.0005461539840325713 tr(WHW.T) 35997.47265625
bpp_loss 4.095146656036377
5_k proxy err 0.00024998540175147355 tr(WHW.T) 23006.609375
bpp_loss 5.033259391784668
5_o proxy err 0.017148608341813087 tr(WHW.T) 1060.9193115234375
bpp_loss 3.250158429145813
5_up proxy err 0.010661046020686626 tr(WHW.T) 7656.89990234375
bpp_loss 3.4173408235822404
5_gate proxy err 0.00278554018586874 tr(WHW.T) 30429.095703125
bpp_loss 3.760830879211426
5_down proxy err 0.012533740140497684 tr(WHW.T) 6436.05029296875
bpp_loss 3.418966395514352
I0326 07:17:30.186318 1442072 finetune.py:68] layer 4_down @ epoch 4 new loss 2.5984087187680416e-05 old loss 2.5985051252064295e-05 BETTER
4_v proxy err 0.014951963908970356 tr(WHW.T) 285.30712890625
bpp_loss 3.224624752998352
4_q proxy err 0.00039874043432064354 tr(WHW.T) 50126.56640625
bpp_loss 4.120109558105469
4_k proxy err 0.00020207167835906148 tr(WHW.T) 29317.939453125
bpp_loss 5.060348272323608
4_o proxy err 0.014647758565843105 tr(WHW.T) 1303.58447265625
bpp_loss 3.303091883659363
4_up proxy err 0.011124557815492153 tr(WHW.T) 7383.4482421875
bpp_loss 3.412043026515416
4_gate proxy err 0.002928723581135273 tr(WHW.T) 29111.291015625
bpp_loss 3.7583387919834683
4_down proxy err 0.012746881693601608 tr(WHW.T) 6420.53515625
bpp_loss 3.4136626379830495
I0326 07:18:39.369242 1418472 quantize_finetune_llama.py:240] computed original embedding for layer 6 in 64.30427718162537s
I0326 07:18:42.781757 1453886 utils.py:146] Note: detected 128 virtual cores but NumExpr set to maximum of 64, check "NUMEXPR_MAX_THREADS" environment variable.
I0326 07:18:42.781858 1453886 utils.py:149] Note: NumExpr detected 128 cores but "NUMEXPR_MAX_THREADS" not set, so enforcing safe limit of 16.
I0326 07:18:42.781897 1453886 utils.py:162] NumExpr defaulting to 16 threads.
I0326 07:18:43.104938 1453886 config.py:54] PyTorch version 2.6.0 available.
W0326 07:18:43.292858 1453886 warnings.py:109] /opt/conda/lib/python3.10/site-packages/torchvision/io/image.py:13: UserWarning: Failed to load image Python extension: '/opt/conda/lib/python3.10/site-packages/torchvision/image.so: undefined symbol: _ZN3c1017RegisterOperatorsD1Ev'If you don't plan on using image functionality from `torchvision.io`, you can ignore this warning. Otherwise, there might be something wrong with your environment. Did you have `libjpeg` or `libpng` installed before building `torchvision` from source?
  warn(

W0326 07:18:43.829644 1453886 warnings.py:109] /opt/conda/lib/python3.10/site-packages/compressai/models/video/google.py:353: FutureWarning: `torch.cuda.amp.autocast(args...)` is deprecated. Please use `torch.amp.autocast('cuda', args...)` instead.
  @amp.autocast(enabled=False)

I0326 07:18:43.833225 1418472 quantize_finetune_llama.py:209] layer 7 gpu 1
I0326 07:18:43.845682 1453886 data_utils.py:336] using 256 training seqs, 128 validation seqs
The attention layers in this model are transitioning from computing the RoPE embeddings internally through `position_ids` (2D tensor with the indexes of the tokens), to using externally computed `position_embeddings` (Tuple of tensors, containing cos and sin). In v4.46 `position_ids` will be removed and `position_embeddings` will be mandatory.
I0326 07:18:51.120227 1453886 finetune.py:45] layer 6_v initial loss 9.746408068167511e-06
W0326 07:18:51.120429 1453886 warnings.py:109] /workspace/Weight_compression/comp_lm_qtip/lib/algo/finetune.py:46: FutureWarning: `torch.cuda.amp.GradScaler(args...)` is deprecated. Please use `torch.amp.GradScaler('cuda', args...)` instead.
  scaler = torch.cuda.amp.GradScaler(enabled=(orig_dtype==torch.float16))

I0326 07:19:27.407155 1453886 finetune.py:68] layer 6_v @ epoch 0 new loss 5.564364073507022e-06 old loss 9.746408068167511e-06 BETTER
I0326 07:19:43.836622 1418472 quantize_finetune_llama.py:240] computed original embedding for layer 7 in 59.628376722335815s
I0326 07:19:47.478261 1454523 utils.py:146] Note: detected 128 virtual cores but NumExpr set to maximum of 64, check "NUMEXPR_MAX_THREADS" environment variable.
I0326 07:19:47.478363 1454523 utils.py:149] Note: NumExpr detected 128 cores but "NUMEXPR_MAX_THREADS" not set, so enforcing safe limit of 16.
I0326 07:19:47.478401 1454523 utils.py:162] NumExpr defaulting to 16 threads.
I0326 07:19:47.798422 1454523 config.py:54] PyTorch version 2.6.0 available.
W0326 07:19:47.991607 1454523 warnings.py:109] /opt/conda/lib/python3.10/site-packages/torchvision/io/image.py:13: UserWarning: Failed to load image Python extension: '/opt/conda/lib/python3.10/site-packages/torchvision/image.so: undefined symbol: _ZN3c1017RegisterOperatorsD1Ev'If you don't plan on using image functionality from `torchvision.io`, you can ignore this warning. Otherwise, there might be something wrong with your environment. Did you have `libjpeg` or `libpng` installed before building `torchvision` from source?
  warn(

W0326 07:19:48.544425 1454523 warnings.py:109] /opt/conda/lib/python3.10/site-packages/compressai/models/video/google.py:353: FutureWarning: `torch.cuda.amp.autocast(args...)` is deprecated. Please use `torch.amp.autocast('cuda', args...)` instead.
  @amp.autocast(enabled=False)

I0326 07:19:48.548107 1418472 quantize_finetune_llama.py:209] layer 8 gpu 0
I0326 07:19:48.560653 1454523 data_utils.py:336] using 256 training seqs, 128 validation seqs
The attention layers in this model are transitioning from computing the RoPE embeddings internally through `position_ids` (2D tensor with the indexes of the tokens), to using externally computed `position_embeddings` (Tuple of tensors, containing cos and sin). In v4.46 `position_ids` will be removed and `position_embeddings` will be mandatory.
I0326 07:19:55.273822 1454523 finetune.py:45] layer 7_v initial loss 1.0869171092053875e-05
W0326 07:19:55.274058 1454523 warnings.py:109] /workspace/Weight_compression/comp_lm_qtip/lib/algo/finetune.py:46: FutureWarning: `torch.cuda.amp.GradScaler(args...)` is deprecated. Please use `torch.amp.GradScaler('cuda', args...)` instead.
  scaler = torch.cuda.amp.GradScaler(enabled=(orig_dtype==torch.float16))

I0326 07:20:04.374118 1453886 finetune.py:68] layer 6_v @ epoch 1 new loss 5.027772203902714e-06 old loss 5.564364073507022e-06 BETTER
I0326 07:20:28.743398 1454523 finetune.py:68] layer 7_v @ epoch 0 new loss 6.805229077144759e-06 old loss 1.0869171092053875e-05 BETTER
I0326 07:20:41.340714 1453886 finetune.py:68] layer 6_v @ epoch 2 new loss 4.769201495946618e-06 old loss 5.027772203902714e-06 BETTER
I0326 07:21:03.176595 1454523 finetune.py:68] layer 7_v @ epoch 1 new loss 6.25114898866741e-06 old loss 6.805229077144759e-06 BETTER
I0326 07:21:18.851008 1453886 finetune.py:68] layer 6_v @ epoch 3 new loss 4.6044710870774e-06 old loss 4.769201495946618e-06 BETTER
I0326 07:21:37.842389 1454523 finetune.py:68] layer 7_v @ epoch 2 new loss 5.964430329186143e-06 old loss 6.25114898866741e-06 BETTER
I0326 07:21:56.066763 1453886 finetune.py:68] layer 6_v @ epoch 4 new loss 4.484676537686028e-06 old loss 4.6044710870774e-06 BETTER
I0326 07:22:05.772632 1453886 finetune.py:45] layer 6_q initial loss 5.543543466046685e-06
I0326 07:22:12.688503 1454523 finetune.py:68] layer 7_v @ epoch 3 new loss 5.77296032133745e-06 old loss 5.964430329186143e-06 BETTER
I0326 07:22:41.676546 1453886 finetune.py:68] layer 6_q @ epoch 0 new loss 5.2571745072782505e-06 old loss 5.543543466046685e-06 BETTER
I0326 07:22:47.708711 1454523 finetune.py:68] layer 7_v @ epoch 4 new loss 5.632443389913533e-06 old loss 5.77296032133745e-06 BETTER
I0326 07:22:57.878571 1454523 finetune.py:45] layer 7_q initial loss 7.191823897301219e-06
I0326 07:23:18.710105 1453886 finetune.py:68] layer 6_q @ epoch 1 new loss 5.135017090651672e-06 old loss 5.2571745072782505e-06 BETTER
I0326 07:23:31.624116 1454523 finetune.py:68] layer 7_q @ epoch 0 new loss 6.814464995841263e-06 old loss 7.191823897301219e-06 BETTER
I0326 07:23:55.371179 1453886 finetune.py:68] layer 6_q @ epoch 2 new loss 5.040375071985181e-06 old loss 5.135017090651672e-06 BETTER
I0326 07:24:06.095558 1454523 finetune.py:68] layer 7_q @ epoch 1 new loss 6.663076874247054e-06 old loss 6.814464995841263e-06 BETTER
I0326 07:24:31.881852 1453886 finetune.py:68] layer 6_q @ epoch 3 new loss 4.9623554332356434e-06 old loss 5.040375071985181e-06 BETTER
I0326 07:24:40.597991 1454523 finetune.py:68] layer 7_q @ epoch 2 new loss 6.545986707351403e-06 old loss 6.663076874247054e-06 BETTER
I0326 07:25:08.763704 1453886 finetune.py:68] layer 6_q @ epoch 4 new loss 4.897164217254613e-06 old loss 4.9623554332356434e-06 BETTER
I0326 07:25:15.041675 1454523 finetune.py:68] layer 7_q @ epoch 3 new loss 6.451911758631468e-06 old loss 6.545986707351403e-06 BETTER
I0326 07:25:16.714880 1453886 finetune.py:45] layer 6_k initial loss 5.2723548833455425e-06
I0326 07:25:49.732310 1454523 finetune.py:68] layer 7_q @ epoch 4 new loss 6.371581093844725e-06 old loss 6.451911758631468e-06 BETTER
I0326 07:25:52.477159 1453886 finetune.py:68] layer 6_k @ epoch 0 new loss 5.120259174873354e-06 old loss 5.2723548833455425e-06 BETTER
I0326 07:25:57.504483 1454523 finetune.py:45] layer 7_k initial loss 6.786638095945818e-06
I0326 07:26:28.888788 1453886 finetune.py:68] layer 6_k @ epoch 1 new loss 5.0651115088840015e-06 old loss 5.120259174873354e-06 BETTER
I0326 07:26:31.097991 1454523 finetune.py:68] layer 7_k @ epoch 0 new loss 6.6583552325027995e-06 old loss 6.786638095945818e-06 BETTER
I0326 07:27:05.490681 1453886 finetune.py:68] layer 6_k @ epoch 2 new loss 5.019058789912378e-06 old loss 5.0651115088840015e-06 BETTER
I0326 07:27:05.500226 1454523 finetune.py:68] layer 7_k @ epoch 1 new loss 6.592842964892043e-06 old loss 6.6583552325027995e-06 BETTER
I0326 07:27:39.872450 1454523 finetune.py:68] layer 7_k @ epoch 2 new loss 6.534432941407431e-06 old loss 6.592842964892043e-06 BETTER
I0326 07:27:42.185769 1453886 finetune.py:68] layer 6_k @ epoch 3 new loss 4.976459877070738e-06 old loss 5.019058789912378e-06 BETTER
I0326 07:28:14.466763 1454523 finetune.py:68] layer 7_k @ epoch 3 new loss 6.4840678533073515e-06 old loss 6.534432941407431e-06 BETTER
I0326 07:28:19.035832 1453886 finetune.py:68] layer 6_k @ epoch 4 new loss 4.939742666465463e-06 old loss 4.976459877070738e-06 BETTER
I0326 07:28:28.712336 1453886 finetune.py:45] layer 6_o initial loss 1.5394309230032377e-05
I0326 07:28:49.112661 1454523 finetune.py:68] layer 7_k @ epoch 4 new loss 6.435493560275063e-06 old loss 6.4840678533073515e-06 BETTER
I0326 07:28:58.431404 1454523 finetune.py:45] layer 7_o initial loss 2.1972020476823673e-05
I0326 07:29:04.267499 1453886 finetune.py:68] layer 6_o @ epoch 0 new loss 1.4290095350588672e-05 old loss 1.5394309230032377e-05 BETTER
I0326 07:29:31.727055 1454523 finetune.py:68] layer 7_o @ epoch 0 new loss 1.996241189772263e-05 old loss 2.1972020476823673e-05 BETTER
I0326 07:29:40.291213 1453886 finetune.py:68] layer 6_o @ epoch 1 new loss 1.378443448629696e-05 old loss 1.4290095350588672e-05 BETTER
I0326 07:30:05.927501 1454523 finetune.py:68] layer 7_o @ epoch 1 new loss 1.9041832274524495e-05 old loss 1.996241189772263e-05 BETTER
I0326 07:30:16.286605 1453886 finetune.py:68] layer 6_o @ epoch 2 new loss 1.3429645150608849e-05 old loss 1.378443448629696e-05 BETTER
I0326 07:30:39.762198 1454523 finetune.py:68] layer 7_o @ epoch 2 new loss 1.842237907112576e-05 old loss 1.9041832274524495e-05 BETTER
I0326 07:30:52.313621 1453886 finetune.py:68] layer 6_o @ epoch 3 new loss 1.3153409781807568e-05 old loss 1.3429645150608849e-05 BETTER
I0326 07:31:13.838866 1454523 finetune.py:68] layer 7_o @ epoch 3 new loss 1.7949023458641022e-05 old loss 1.842237907112576e-05 BETTER
I0326 07:31:28.647485 1453886 finetune.py:68] layer 6_o @ epoch 4 new loss 1.2924762813781854e-05 old loss 1.3153409781807568e-05 BETTER
I0326 07:31:47.896998 1454523 finetune.py:68] layer 7_o @ epoch 4 new loss 1.7570961063029245e-05 old loss 1.7949023458641022e-05 BETTER
I0326 07:31:51.135500 1453886 finetune.py:45] layer 6_up initial loss 2.6946034267893992e-05
I0326 07:32:09.987527 1454523 finetune.py:45] layer 7_up initial loss 3.2799776818137616e-05
I0326 07:32:23.644045 1453886 finetune.py:68] layer 6_up @ epoch 0 new loss 2.6209581847069785e-05 old loss 2.6946034267893992e-05 BETTER
I0326 07:32:40.870677 1454523 finetune.py:68] layer 7_up @ epoch 0 new loss 3.1862451578490436e-05 old loss 3.2799776818137616e-05 BETTER
I0326 07:32:57.066393 1453886 finetune.py:68] layer 6_up @ epoch 1 new loss 2.5758057745406404e-05 old loss 2.6209581847069785e-05 BETTER
I0326 07:33:12.914707 1454523 finetune.py:68] layer 7_up @ epoch 1 new loss 3.128236494376324e-05 old loss 3.1862451578490436e-05 BETTER
I0326 07:33:30.763939 1453886 finetune.py:68] layer 6_up @ epoch 2 new loss 2.5387664209119976e-05 old loss 2.5758057745406404e-05 BETTER
I0326 07:33:45.087834 1454523 finetune.py:68] layer 7_up @ epoch 2 new loss 3.0805342248640954e-05 old loss 3.128236494376324e-05 BETTER
I0326 07:34:04.595329 1453886 finetune.py:68] layer 6_up @ epoch 3 new loss 2.5068657123483717e-05 old loss 2.5387664209119976e-05 BETTER
I0326 07:34:17.286598 1454523 finetune.py:68] layer 7_up @ epoch 3 new loss 3.0395673093153164e-05 old loss 3.0805342248640954e-05 BETTER
I0326 07:34:38.520742 1453886 finetune.py:68] layer 6_up @ epoch 4 new loss 2.4782371838227846e-05 old loss 2.5068657123483717e-05 BETTER
I0326 07:34:49.443721 1454523 finetune.py:68] layer 7_up @ epoch 4 new loss 3.0030414563952945e-05 old loss 3.0395673093153164e-05 BETTER
I0326 07:35:00.778083 1453886 finetune.py:45] layer 6_gate initial loss 2.9397420803434215e-05
I0326 07:35:11.634526 1454523 finetune.py:45] layer 7_gate initial loss 3.568767715478316e-05
I0326 07:35:31.492540 1453886 finetune.py:68] layer 6_gate @ epoch 0 new loss 2.9070712116663344e-05 old loss 2.9397420803434215e-05 BETTER
I0326 07:35:40.437288 1454523 finetune.py:68] layer 7_gate @ epoch 0 new loss 3.528217348502949e-05 old loss 3.568767715478316e-05 BETTER
I0326 07:36:02.919643 1453886 finetune.py:68] layer 6_gate @ epoch 1 new loss 2.881695399992168e-05 old loss 2.9070712116663344e-05 BETTER
I0326 07:36:10.176916 1454523 finetune.py:68] layer 7_gate @ epoch 1 new loss 3.496677891234867e-05 old loss 3.528217348502949e-05 BETTER
I0326 07:36:34.577724 1453886 finetune.py:68] layer 6_gate @ epoch 2 new loss 2.85916084976634e-05 old loss 2.881695399992168e-05 BETTER
I0326 07:36:40.012854 1454523 finetune.py:68] layer 7_gate @ epoch 2 new loss 3.468887371127494e-05 old loss 3.496677891234867e-05 BETTER
I0326 07:37:06.260981 1453886 finetune.py:68] layer 6_gate @ epoch 3 new loss 2.838568798324559e-05 old loss 2.85916084976634e-05 BETTER
I0326 07:37:09.917486 1454523 finetune.py:68] layer 7_gate @ epoch 3 new loss 3.4435419365763664e-05 old loss 3.468887371127494e-05 BETTER
I0326 07:37:37.998871 1453886 finetune.py:68] layer 6_gate @ epoch 4 new loss 2.8196291168569587e-05 old loss 2.838568798324559e-05 BETTER
I0326 07:37:39.770449 1454523 finetune.py:68] layer 7_gate @ epoch 4 new loss 3.420284338062629e-05 old loss 3.4435419365763664e-05 BETTER
I0326 07:38:01.288829 1453886 finetune.py:45] layer 6_down initial loss 4.636013909475878e-05
I0326 07:38:02.562398 1454523 finetune.py:45] layer 7_down initial loss 5.41445697308518e-05
I0326 07:38:29.498274 1453886 finetune.py:68] layer 6_down @ epoch 0 new loss 4.6353186917258427e-05 old loss 4.636013909475878e-05 BETTER
I0326 07:38:29.521129 1454523 finetune.py:68] layer 7_down @ epoch 0 new loss 5.4138708946993575e-05 old loss 5.41445697308518e-05 BETTER
I0326 07:38:57.205126 1454523 finetune.py:68] layer 7_down @ epoch 1 new loss 5.413439066614956e-05 old loss 5.4138708946993575e-05 BETTER
I0326 07:38:58.772236 1453886 finetune.py:68] layer 6_down @ epoch 1 new loss 4.634977085515857e-05 old loss 4.6353186917258427e-05 BETTER
I0326 07:39:25.060178 1454523 finetune.py:68] layer 7_down @ epoch 2 new loss 5.413104736362584e-05 old loss 5.413439066614956e-05 BETTER
I0326 07:39:28.026237 1453886 finetune.py:68] layer 6_down @ epoch 2 new loss 4.6346147428266704e-05 old loss 4.634977085515857e-05 BETTER
I0326 07:39:52.872177 1454523 finetune.py:68] layer 7_down @ epoch 3 new loss 5.412810787674971e-05 old loss 5.413104736362584e-05 BETTER
I0326 07:39:57.459908 1453886 finetune.py:68] layer 6_down @ epoch 3 new loss 4.6343644498847425e-05 old loss 4.6346147428266704e-05 BETTER
I0326 07:40:20.569175 1454523 finetune.py:68] layer 7_down @ epoch 4 new loss 5.412590326159261e-05 old loss 5.412810787674971e-05 BETTER
7_v proxy err 0.014306409284472466 tr(WHW.T) 309.4270935058594
bpp_loss 3.1550577878952026
7_q proxy err 0.0005743923247791827 tr(WHW.T) 35156.5859375
bpp_loss 4.065508842468262
7_k proxy err 0.00021996816212777048 tr(WHW.T) 26871.984375
bpp_loss 5.131833553314209
7_o proxy err 0.019894970580935478 tr(WHW.T) 966.2494506835938
bpp_loss 3.294402837753296
7_up proxy err 0.009156322106719017 tr(WHW.T) 8627.970703125
bpp_loss 3.4298116139003207
7_gate proxy err 0.0023562940768897533 tr(WHW.T) 34903.71484375
bpp_loss 3.7365305764334544
7_down proxy err 0.012507088482379913 tr(WHW.T) 6564.23046875
bpp_loss 3.433756555829729
I0326 07:40:26.846851 1453886 finetune.py:68] layer 6_down @ epoch 4 new loss 4.634152355720289e-05 old loss 4.6343644498847425e-05 BETTER
6_v proxy err 0.01702660322189331 tr(WHW.T) 253.63377380371094
bpp_loss 3.156864285469055
6_q proxy err 0.0005537159158848226 tr(WHW.T) 35659.73046875
bpp_loss 4.14307713508606
6_k proxy err 0.0002181626477977261 tr(WHW.T) 26187.330078125
bpp_loss 5.104706764221191
6_o proxy err 0.01951623149216175 tr(WHW.T) 1016.862548828125
bpp_loss 3.2831037044525146
6_up proxy err 0.010098018683493137 tr(WHW.T) 7923.77197265625
bpp_loss 3.4164551326206754
6_gate proxy err 0.0023367826361209154 tr(WHW.T) 35749.9453125
bpp_loss 3.766104289463588
6_down proxy err 0.01244769711047411 tr(WHW.T) 6512.5849609375
bpp_loss 3.419085843222482
I0326 07:41:36.292386 1418472 quantize_finetune_llama.py:240] computed original embedding for layer 8 in 64.43338561058044s
I0326 07:41:39.848668 1469253 utils.py:146] Note: detected 128 virtual cores but NumExpr set to maximum of 64, check "NUMEXPR_MAX_THREADS" environment variable.
I0326 07:41:39.848771 1469253 utils.py:149] Note: NumExpr detected 128 cores but "NUMEXPR_MAX_THREADS" not set, so enforcing safe limit of 16.
I0326 07:41:39.848809 1469253 utils.py:162] NumExpr defaulting to 16 threads.
I0326 07:41:40.174428 1469253 config.py:54] PyTorch version 2.6.0 available.
W0326 07:41:40.368129 1469253 warnings.py:109] /opt/conda/lib/python3.10/site-packages/torchvision/io/image.py:13: UserWarning: Failed to load image Python extension: '/opt/conda/lib/python3.10/site-packages/torchvision/image.so: undefined symbol: _ZN3c1017RegisterOperatorsD1Ev'If you don't plan on using image functionality from `torchvision.io`, you can ignore this warning. Otherwise, there might be something wrong with your environment. Did you have `libjpeg` or `libpng` installed before building `torchvision` from source?
  warn(

W0326 07:41:40.929663 1469253 warnings.py:109] /opt/conda/lib/python3.10/site-packages/compressai/models/video/google.py:353: FutureWarning: `torch.cuda.amp.autocast(args...)` is deprecated. Please use `torch.amp.autocast('cuda', args...)` instead.
  @amp.autocast(enabled=False)

I0326 07:41:40.933710 1418472 quantize_finetune_llama.py:209] layer 9 gpu 1
I0326 07:41:40.946598 1469253 data_utils.py:336] using 256 training seqs, 128 validation seqs
The attention layers in this model are transitioning from computing the RoPE embeddings internally through `position_ids` (2D tensor with the indexes of the tokens), to using externally computed `position_embeddings` (Tuple of tensors, containing cos and sin). In v4.46 `position_ids` will be removed and `position_embeddings` will be mandatory.
I0326 07:41:48.361370 1469253 finetune.py:45] layer 8_v initial loss 1.1750380508601665e-05
W0326 07:41:48.361580 1469253 warnings.py:109] /workspace/Weight_compression/comp_lm_qtip/lib/algo/finetune.py:46: FutureWarning: `torch.cuda.amp.GradScaler(args...)` is deprecated. Please use `torch.amp.GradScaler('cuda', args...)` instead.
  scaler = torch.cuda.amp.GradScaler(enabled=(orig_dtype==torch.float16))

I0326 07:42:24.760068 1469253 finetune.py:68] layer 8_v @ epoch 0 new loss 7.710257705184631e-06 old loss 1.1750380508601665e-05 BETTER
I0326 07:42:42.953605 1418472 quantize_finetune_llama.py:240] computed original embedding for layer 9 in 61.628867387771606s
I0326 07:42:46.509453 1469949 utils.py:146] Note: detected 128 virtual cores but NumExpr set to maximum of 64, check "NUMEXPR_MAX_THREADS" environment variable.
I0326 07:42:46.509555 1469949 utils.py:149] Note: NumExpr detected 128 cores but "NUMEXPR_MAX_THREADS" not set, so enforcing safe limit of 16.
I0326 07:42:46.509594 1469949 utils.py:162] NumExpr defaulting to 16 threads.
I0326 07:42:46.835685 1469949 config.py:54] PyTorch version 2.6.0 available.
W0326 07:42:47.023128 1469949 warnings.py:109] /opt/conda/lib/python3.10/site-packages/torchvision/io/image.py:13: UserWarning: Failed to load image Python extension: '/opt/conda/lib/python3.10/site-packages/torchvision/image.so: undefined symbol: _ZN3c1017RegisterOperatorsD1Ev'If you don't plan on using image functionality from `torchvision.io`, you can ignore this warning. Otherwise, there might be something wrong with your environment. Did you have `libjpeg` or `libpng` installed before building `torchvision` from source?
  warn(

W0326 07:42:47.577811 1469949 warnings.py:109] /opt/conda/lib/python3.10/site-packages/compressai/models/video/google.py:353: FutureWarning: `torch.cuda.amp.autocast(args...)` is deprecated. Please use `torch.amp.autocast('cuda', args...)` instead.
  @amp.autocast(enabled=False)

I0326 07:42:47.581311 1418472 quantize_finetune_llama.py:209] layer 10 gpu 0
I0326 07:42:47.593850 1469949 data_utils.py:336] using 256 training seqs, 128 validation seqs
The attention layers in this model are transitioning from computing the RoPE embeddings internally through `position_ids` (2D tensor with the indexes of the tokens), to using externally computed `position_embeddings` (Tuple of tensors, containing cos and sin). In v4.46 `position_ids` will be removed and `position_embeddings` will be mandatory.
I0326 07:42:54.478188 1469949 finetune.py:45] layer 9_v initial loss 1.3335170478967484e-05
W0326 07:42:54.478479 1469949 warnings.py:109] /workspace/Weight_compression/comp_lm_qtip/lib/algo/finetune.py:46: FutureWarning: `torch.cuda.amp.GradScaler(args...)` is deprecated. Please use `torch.amp.GradScaler('cuda', args...)` instead.
  scaler = torch.cuda.amp.GradScaler(enabled=(orig_dtype==torch.float16))

I0326 07:43:01.804868 1469253 finetune.py:68] layer 8_v @ epoch 1 new loss 7.108402769517852e-06 old loss 7.710257705184631e-06 BETTER
I0326 07:43:27.840070 1469949 finetune.py:68] layer 9_v @ epoch 0 new loss 8.00343605078524e-06 old loss 1.3335170478967484e-05 BETTER
I0326 07:43:38.741293 1469253 finetune.py:68] layer 8_v @ epoch 2 new loss 6.788655355194351e-06 old loss 7.108402769517852e-06 BETTER
I0326 07:44:02.335870 1469949 finetune.py:68] layer 9_v @ epoch 1 new loss 7.284728781087324e-06 old loss 8.00343605078524e-06 BETTER
I0326 07:44:15.856531 1469253 finetune.py:68] layer 8_v @ epoch 3 new loss 6.575173301825998e-06 old loss 6.788655355194351e-06 BETTER
I0326 07:44:37.223949 1469949 finetune.py:68] layer 9_v @ epoch 2 new loss 6.92938374413643e-06 old loss 7.284728781087324e-06 BETTER
I0326 07:44:52.901311 1469253 finetune.py:68] layer 8_v @ epoch 4 new loss 6.417257736757165e-06 old loss 6.575173301825998e-06 BETTER
I0326 07:45:03.305565 1469253 finetune.py:45] layer 8_q initial loss 8.085164154181257e-06
I0326 07:45:12.578045 1469949 finetune.py:68] layer 9_v @ epoch 3 new loss 6.691268481517909e-06 old loss 6.92938374413643e-06 BETTER
I0326 07:45:39.669482 1469253 finetune.py:68] layer 8_q @ epoch 0 new loss 7.713269042142201e-06 old loss 8.085164154181257e-06 BETTER
I0326 07:45:47.952252 1469949 finetune.py:68] layer 9_v @ epoch 4 new loss 6.523097908939235e-06 old loss 6.691268481517909e-06 BETTER
I0326 07:45:57.392427 1469949 finetune.py:45] layer 9_q initial loss 8.339541636814829e-06
I0326 07:46:16.559268 1469253 finetune.py:68] layer 8_q @ epoch 1 new loss 7.541194463556167e-06 old loss 7.713269042142201e-06 BETTER
I0326 07:46:31.187733 1469949 finetune.py:68] layer 9_q @ epoch 0 new loss 7.9411383921979e-06 old loss 8.339541636814829e-06 BETTER
I0326 07:46:53.501916 1469253 finetune.py:68] layer 8_q @ epoch 2 new loss 7.415282198053319e-06 old loss 7.541194463556167e-06 BETTER
I0326 07:47:05.739742 1469949 finetune.py:68] layer 9_q @ epoch 1 new loss 7.76115120970644e-06 old loss 7.9411383921979e-06 BETTER
I0326 07:47:30.301220 1469253 finetune.py:68] layer 8_q @ epoch 3 new loss 7.3050578066613525e-06 old loss 7.415282198053319e-06 BETTER
I0326 07:47:40.380818 1469949 finetune.py:68] layer 9_q @ epoch 2 new loss 7.63282150728628e-06 old loss 7.76115120970644e-06 BETTER
I0326 07:48:07.172343 1469253 finetune.py:68] layer 8_q @ epoch 4 new loss 7.218371138151269e-06 old loss 7.3050578066613525e-06 BETTER
I0326 07:48:14.993422 1469949 finetune.py:68] layer 9_q @ epoch 3 new loss 7.5320594987715594e-06 old loss 7.63282150728628e-06 BETTER
I0326 07:48:15.113341 1469253 finetune.py:45] layer 8_k initial loss 7.617925803060643e-06
I0326 07:48:49.646874 1469949 finetune.py:68] layer 9_q @ epoch 4 new loss 7.439190994773526e-06 old loss 7.5320594987715594e-06 BETTER
I0326 07:48:51.128834 1469253 finetune.py:68] layer 8_k @ epoch 0 new loss 7.498024842789164e-06 old loss 7.617925803060643e-06 BETTER
I0326 07:48:57.461650 1469949 finetune.py:45] layer 9_k initial loss 7.990976882865652e-06
I0326 07:49:27.682191 1469253 finetune.py:68] layer 8_k @ epoch 1 new loss 7.426848242175765e-06 old loss 7.498024842789164e-06 BETTER
I0326 07:49:31.245141 1469949 finetune.py:68] layer 9_k @ epoch 0 new loss 7.815011485945433e-06 old loss 7.990976882865652e-06 BETTER
I0326 07:50:04.237647 1469253 finetune.py:68] layer 8_k @ epoch 2 new loss 7.365526471403427e-06 old loss 7.426848242175765e-06 BETTER
I0326 07:50:05.800093 1469949 finetune.py:68] layer 9_k @ epoch 1 new loss 7.723135240667034e-06 old loss 7.815011485945433e-06 BETTER
I0326 07:50:40.261905 1469949 finetune.py:68] layer 9_k @ epoch 2 new loss 7.661753443244379e-06 old loss 7.723135240667034e-06 BETTER
I0326 07:50:41.192796 1469253 finetune.py:68] layer 8_k @ epoch 3 new loss 7.311500667128712e-06 old loss 7.365526471403427e-06 BETTER
I0326 07:51:14.941931 1469949 finetune.py:68] layer 9_k @ epoch 3 new loss 7.603005087730708e-06 old loss 7.661753443244379e-06 BETTER
I0326 07:51:18.061730 1469253 finetune.py:68] layer 8_k @ epoch 4 new loss 7.266123247973155e-06 old loss 7.311500667128712e-06 BETTER
I0326 07:51:27.963497 1469253 finetune.py:45] layer 8_o initial loss 2.7503823730512522e-05
I0326 07:51:49.597553 1469949 finetune.py:68] layer 9_k @ epoch 4 new loss 7.544575055362657e-06 old loss 7.603005087730708e-06 BETTER
I0326 07:51:59.086457 1469949 finetune.py:45] layer 9_o initial loss 2.9676153644686565e-05
I0326 07:52:03.534065 1469253 finetune.py:68] layer 8_o @ epoch 0 new loss 2.501809285604395e-05 old loss 2.7503823730512522e-05 BETTER
I0326 07:52:32.405818 1469949 finetune.py:68] layer 9_o @ epoch 0 new loss 2.6815079763764516e-05 old loss 2.9676153644686565e-05 BETTER
I0326 07:52:39.678808 1469253 finetune.py:68] layer 8_o @ epoch 1 new loss 2.386706546531059e-05 old loss 2.501809285604395e-05 BETTER
I0326 07:53:06.388374 1469949 finetune.py:68] layer 9_o @ epoch 1 new loss 2.5501525669824332e-05 old loss 2.6815079763764516e-05 BETTER
I0326 07:53:15.838964 1469253 finetune.py:68] layer 8_o @ epoch 2 new loss 2.307011527591385e-05 old loss 2.386706546531059e-05 BETTER
I0326 07:53:40.231675 1469949 finetune.py:68] layer 9_o @ epoch 2 new loss 2.4598912204965018e-05 old loss 2.5501525669824332e-05 BETTER
I0326 07:53:51.918695 1469253 finetune.py:68] layer 8_o @ epoch 3 new loss 2.2462123524746858e-05 old loss 2.307011527591385e-05 BETTER
I0326 07:54:14.175455 1469949 finetune.py:68] layer 9_o @ epoch 3 new loss 2.3919394152471796e-05 old loss 2.4598912204965018e-05 BETTER
I0326 07:54:28.054539 1469253 finetune.py:68] layer 8_o @ epoch 4 new loss 2.1965210180496797e-05 old loss 2.2462123524746858e-05 BETTER
I0326 07:54:48.219640 1469949 finetune.py:68] layer 9_o @ epoch 4 new loss 2.3368707843474112e-05 old loss 2.3919394152471796e-05 BETTER
I0326 07:54:49.886979 1469253 finetune.py:45] layer 8_up initial loss 3.853219823213294e-05
I0326 07:55:09.683757 1469949 finetune.py:45] layer 9_up initial loss 4.160083699389361e-05
I0326 07:55:22.377879 1469253 finetune.py:68] layer 8_up @ epoch 0 new loss 3.7481626350199804e-05 old loss 3.853219823213294e-05 BETTER
I0326 07:55:40.361363 1469949 finetune.py:68] layer 9_up @ epoch 0 new loss 4.035874371766113e-05 old loss 4.160083699389361e-05 BETTER
I0326 07:55:55.864011 1469253 finetune.py:68] layer 8_up @ epoch 1 new loss 3.681166344904341e-05 old loss 3.7481626350199804e-05 BETTER
I0326 07:56:12.150312 1469949 finetune.py:68] layer 9_up @ epoch 1 new loss 3.9582373574376106e-05 old loss 4.035874371766113e-05 BETTER
I0326 07:56:29.602020 1469253 finetune.py:68] layer 8_up @ epoch 2 new loss 3.625572571763769e-05 old loss 3.681166344904341e-05 BETTER
I0326 07:56:44.125280 1469949 finetune.py:68] layer 9_up @ epoch 2 new loss 3.894956171279773e-05 old loss 3.9582373574376106e-05 BETTER
I0326 07:57:03.545837 1469253 finetune.py:68] layer 8_up @ epoch 3 new loss 3.5778797609964386e-05 old loss 3.625572571763769e-05 BETTER
I0326 07:57:16.227766 1469949 finetune.py:68] layer 9_up @ epoch 3 new loss 3.840046701952815e-05 old loss 3.894956171279773e-05 BETTER
I0326 07:57:37.404034 1469253 finetune.py:68] layer 8_up @ epoch 4 new loss 3.534864663379267e-05 old loss 3.5778797609964386e-05 BETTER
I0326 07:57:48.295847 1469949 finetune.py:68] layer 9_up @ epoch 4 new loss 3.792046118178405e-05 old loss 3.840046701952815e-05 BETTER
I0326 07:57:59.300257 1469253 finetune.py:45] layer 8_gate initial loss 4.141039607929997e-05
I0326 07:58:09.847786 1469949 finetune.py:45] layer 9_gate initial loss 4.4473123125499114e-05
I0326 07:58:29.616149 1469253 finetune.py:68] layer 8_gate @ epoch 0 new loss 4.094267205800861e-05 old loss 4.141039607929997e-05 BETTER
I0326 07:58:38.405106 1469949 finetune.py:68] layer 9_gate @ epoch 0 new loss 4.3937598093179986e-05 old loss 4.4473123125499114e-05 BETTER
I0326 07:59:00.988942 1469253 finetune.py:68] layer 8_gate @ epoch 1 new loss 4.057377009303309e-05 old loss 4.094267205800861e-05 BETTER
I0326 07:59:07.918914 1469949 finetune.py:68] layer 9_gate @ epoch 1 new loss 4.352645919425413e-05 old loss 4.3937598093179986e-05 BETTER
I0326 07:59:32.548007 1469253 finetune.py:68] layer 8_gate @ epoch 2 new loss 4.0245391573989764e-05 old loss 4.057377009303309e-05 BETTER
I0326 07:59:37.579621 1469949 finetune.py:68] layer 9_gate @ epoch 2 new loss 4.316091872169636e-05 old loss 4.352645919425413e-05 BETTER
I0326 08:00:04.234762 1469253 finetune.py:68] layer 8_gate @ epoch 3 new loss 3.9950366044649854e-05 old loss 4.0245391573989764e-05 BETTER
I0326 08:00:07.394641 1469949 finetune.py:68] layer 9_gate @ epoch 3 new loss 4.282595182303339e-05 old loss 4.316091872169636e-05 BETTER
I0326 08:00:35.964432 1469253 finetune.py:68] layer 8_gate @ epoch 4 new loss 3.967463271692395e-05 old loss 3.9950366044649854e-05 BETTER
I0326 08:00:37.189300 1469949 finetune.py:68] layer 9_gate @ epoch 4 new loss 4.2523766751401126e-05 old loss 4.282595182303339e-05 BETTER
I0326 08:00:58.702038 1469253 finetune.py:45] layer 8_down initial loss 6.132208363851532e-05
I0326 08:00:59.508868 1469949 finetune.py:45] layer 9_down initial loss 6.664502870989963e-05
I0326 08:01:26.240908 1469949 finetune.py:68] layer 9_down @ epoch 0 new loss 6.663617386948317e-05 old loss 6.664502870989963e-05 BETTER
I0326 08:01:26.704530 1469253 finetune.py:68] layer 8_down @ epoch 0 new loss 6.131451664259657e-05 old loss 6.132208363851532e-05 BETTER
I0326 08:01:53.926038 1469949 finetune.py:68] layer 9_down @ epoch 1 new loss 6.662945088464767e-05 old loss 6.663617386948317e-05 BETTER
I0326 08:01:55.865657 1469253 finetune.py:68] layer 8_down @ epoch 1 new loss 6.130809924798086e-05 old loss 6.131451664259657e-05 BETTER
I0326 08:02:21.632653 1469949 finetune.py:68] layer 9_down @ epoch 2 new loss 6.662395753664896e-05 old loss 6.662945088464767e-05 BETTER
I0326 08:02:25.250030 1469253 finetune.py:68] layer 8_down @ epoch 2 new loss 6.130366818979383e-05 old loss 6.130809924798086e-05 BETTER
I0326 08:02:49.265620 1469949 finetune.py:68] layer 9_down @ epoch 3 new loss 6.661944644292817e-05 old loss 6.662395753664896e-05 BETTER
I0326 08:02:54.557129 1469253 finetune.py:68] layer 8_down @ epoch 3 new loss 6.130048132035881e-05 old loss 6.130366818979383e-05 BETTER
I0326 08:03:17.063450 1469949 finetune.py:68] layer 9_down @ epoch 4 new loss 6.661564839305356e-05 old loss 6.661944644292817e-05 BETTER
9_v proxy err 0.012007802724838257 tr(WHW.T) 351.4288024902344
bpp_loss 3.2787158489227295
9_q proxy err 0.0007381910108961165 tr(WHW.T) 25661.96875
bpp_loss 4.0639564990997314
9_k proxy err 0.00026926645659841597 tr(WHW.T) 20954.623046875
bpp_loss 5.059642791748047
9_o proxy err 0.024682581424713135 tr(WHW.T) 783.2474365234375
bpp_loss 3.3624905347824097
9_up proxy err 0.008798019960522652 tr(WHW.T) 8974.6630859375
bpp_loss 3.4349705832345143
9_gate proxy err 0.002093138173222542 tr(WHW.T) 39452.5703125
bpp_loss 3.756009374346052
9_down proxy err 0.012942097149789333 tr(WHW.T) 6303.84765625
bpp_loss 3.433614798954555
I0326 08:03:24.015591 1469253 finetune.py:68] layer 8_down @ epoch 4 new loss 6.129687244538218e-05 old loss 6.130048132035881e-05 BETTER
8_v proxy err 0.016324814409017563 tr(WHW.T) 257.7052307128906
bpp_loss 3.1773582696914673
8_q proxy err 0.000713444547727704 tr(WHW.T) 26607.513671875
bpp_loss 4.051312685012817
8_k proxy err 0.00025347204064019024 tr(WHW.T) 22533.984375
bpp_loss 5.038534164428711
8_o proxy err 0.0261460579931736 tr(WHW.T) 751.9638061523438
bpp_loss 3.3058509826660156
8_up proxy err 0.009258062578737736 tr(WHW.T) 8497.6298828125
bpp_loss 3.425464766366141
8_gate proxy err 0.002203594893217087 tr(WHW.T) 37304.83203125
bpp_loss 3.7415798732212613
8_down proxy err 0.012767679058015347 tr(WHW.T) 6517.2978515625
bpp_loss 3.4320526804242815
I0326 08:04:32.076926 1418472 quantize_finetune_llama.py:240] computed original embedding for layer 10 in 63.11225724220276s
I0326 08:04:35.620660 1486189 utils.py:146] Note: detected 128 virtual cores but NumExpr set to maximum of 64, check "NUMEXPR_MAX_THREADS" environment variable.
I0326 08:04:35.620760 1486189 utils.py:149] Note: NumExpr detected 128 cores but "NUMEXPR_MAX_THREADS" not set, so enforcing safe limit of 16.
I0326 08:04:35.620801 1486189 utils.py:162] NumExpr defaulting to 16 threads.
I0326 08:04:35.939006 1486189 config.py:54] PyTorch version 2.6.0 available.
W0326 08:04:36.127523 1486189 warnings.py:109] /opt/conda/lib/python3.10/site-packages/torchvision/io/image.py:13: UserWarning: Failed to load image Python extension: '/opt/conda/lib/python3.10/site-packages/torchvision/image.so: undefined symbol: _ZN3c1017RegisterOperatorsD1Ev'If you don't plan on using image functionality from `torchvision.io`, you can ignore this warning. Otherwise, there might be something wrong with your environment. Did you have `libjpeg` or `libpng` installed before building `torchvision` from source?
  warn(

W0326 08:04:36.659011 1486189 warnings.py:109] /opt/conda/lib/python3.10/site-packages/compressai/models/video/google.py:353: FutureWarning: `torch.cuda.amp.autocast(args...)` is deprecated. Please use `torch.amp.autocast('cuda', args...)` instead.
  @amp.autocast(enabled=False)

I0326 08:04:36.662658 1418472 quantize_finetune_llama.py:209] layer 11 gpu 1
I0326 08:04:36.675463 1486189 data_utils.py:336] using 256 training seqs, 128 validation seqs
The attention layers in this model are transitioning from computing the RoPE embeddings internally through `position_ids` (2D tensor with the indexes of the tokens), to using externally computed `position_embeddings` (Tuple of tensors, containing cos and sin). In v4.46 `position_ids` will be removed and `position_embeddings` will be mandatory.
I0326 08:04:44.134079 1486189 finetune.py:45] layer 10_v initial loss 1.5661422366974875e-05
W0326 08:04:44.134279 1486189 warnings.py:109] /workspace/Weight_compression/comp_lm_qtip/lib/algo/finetune.py:46: FutureWarning: `torch.cuda.amp.GradScaler(args...)` is deprecated. Please use `torch.amp.GradScaler('cuda', args...)` instead.
  scaler = torch.cuda.amp.GradScaler(enabled=(orig_dtype==torch.float16))

I0326 08:05:20.086874 1486189 finetune.py:68] layer 10_v @ epoch 0 new loss 1.0561539056652691e-05 old loss 1.5661422366974875e-05 BETTER
I0326 08:05:38.398718 1418472 quantize_finetune_llama.py:240] computed original embedding for layer 11 in 61.28597354888916s
I0326 08:05:42.085053 1487211 utils.py:146] Note: detected 128 virtual cores but NumExpr set to maximum of 64, check "NUMEXPR_MAX_THREADS" environment variable.
I0326 08:05:42.085161 1487211 utils.py:149] Note: NumExpr detected 128 cores but "NUMEXPR_MAX_THREADS" not set, so enforcing safe limit of 16.
I0326 08:05:42.085202 1487211 utils.py:162] NumExpr defaulting to 16 threads.
I0326 08:05:42.405223 1487211 config.py:54] PyTorch version 2.6.0 available.
W0326 08:05:42.609399 1487211 warnings.py:109] /opt/conda/lib/python3.10/site-packages/torchvision/io/image.py:13: UserWarning: Failed to load image Python extension: '/opt/conda/lib/python3.10/site-packages/torchvision/image.so: undefined symbol: _ZN3c1017RegisterOperatorsD1Ev'If you don't plan on using image functionality from `torchvision.io`, you can ignore this warning. Otherwise, there might be something wrong with your environment. Did you have `libjpeg` or `libpng` installed before building `torchvision` from source?
  warn(

W0326 08:05:43.185949 1487211 warnings.py:109] /opt/conda/lib/python3.10/site-packages/compressai/models/video/google.py:353: FutureWarning: `torch.cuda.amp.autocast(args...)` is deprecated. Please use `torch.amp.autocast('cuda', args...)` instead.
  @amp.autocast(enabled=False)

I0326 08:05:43.189395 1418472 quantize_finetune_llama.py:209] layer 12 gpu 0
I0326 08:05:43.201681 1487211 data_utils.py:336] using 256 training seqs, 128 validation seqs
The attention layers in this model are transitioning from computing the RoPE embeddings internally through `position_ids` (2D tensor with the indexes of the tokens), to using externally computed `position_embeddings` (Tuple of tensors, containing cos and sin). In v4.46 `position_ids` will be removed and `position_embeddings` will be mandatory.
I0326 08:05:50.035263 1487211 finetune.py:45] layer 11_v initial loss 1.4273948181653395e-05
W0326 08:05:50.035656 1487211 warnings.py:109] /workspace/Weight_compression/comp_lm_qtip/lib/algo/finetune.py:46: FutureWarning: `torch.cuda.amp.GradScaler(args...)` is deprecated. Please use `torch.amp.GradScaler('cuda', args...)` instead.
  scaler = torch.cuda.amp.GradScaler(enabled=(orig_dtype==torch.float16))

I0326 08:05:57.089214 1486189 finetune.py:68] layer 10_v @ epoch 1 new loss 9.763493835635018e-06 old loss 1.0561539056652691e-05 BETTER
I0326 08:06:23.376860 1487211 finetune.py:68] layer 11_v @ epoch 0 new loss 9.350610525871161e-06 old loss 1.4273948181653395e-05 BETTER
I0326 08:06:34.021483 1486189 finetune.py:68] layer 10_v @ epoch 2 new loss 9.345429134555161e-06 old loss 9.763493835635018e-06 BETTER
I0326 08:06:57.858760 1487211 finetune.py:68] layer 11_v @ epoch 1 new loss 8.626692761026789e-06 old loss 9.350610525871161e-06 BETTER
I0326 08:07:11.153703 1486189 finetune.py:68] layer 10_v @ epoch 3 new loss 9.052445420820732e-06 old loss 9.345429134555161e-06 BETTER
I0326 08:07:32.755018 1487211 finetune.py:68] layer 11_v @ epoch 2 new loss 8.254580279754009e-06 old loss 8.626692761026789e-06 BETTER
I0326 08:07:48.346725 1486189 finetune.py:68] layer 10_v @ epoch 4 new loss 8.835807420837227e-06 old loss 9.052445420820732e-06 BETTER
I0326 08:07:58.273823 1486189 finetune.py:45] layer 10_q initial loss 1.0946031579806004e-05
I0326 08:08:07.740334 1487211 finetune.py:68] layer 11_v @ epoch 3 new loss 8.008171789697371e-06 old loss 8.254580279754009e-06 BETTER
I0326 08:08:34.529120 1486189 finetune.py:68] layer 10_q @ epoch 0 new loss 1.0453003596921917e-05 old loss 1.0946031579806004e-05 BETTER
I0326 08:08:42.838088 1487211 finetune.py:68] layer 11_v @ epoch 4 new loss 7.822593943274114e-06 old loss 8.008171789697371e-06 BETTER
I0326 08:08:52.378521 1487211 finetune.py:45] layer 11_q initial loss 1.025756137096323e-05
I0326 08:09:11.522480 1486189 finetune.py:68] layer 10_q @ epoch 1 new loss 1.0227809980278835e-05 old loss 1.0453003596921917e-05 BETTER
I0326 08:09:26.127985 1487211 finetune.py:68] layer 11_q @ epoch 0 new loss 9.79420747171389e-06 old loss 1.025756137096323e-05 BETTER
I0326 08:09:48.466051 1486189 finetune.py:68] layer 10_q @ epoch 2 new loss 1.0049013326351997e-05 old loss 1.0227809980278835e-05 BETTER
I0326 08:10:00.673037 1487211 finetune.py:68] layer 11_q @ epoch 1 new loss 9.576086085871793e-06 old loss 9.79420747171389e-06 BETTER
I0326 08:10:25.346006 1486189 finetune.py:68] layer 10_q @ epoch 3 new loss 9.909115760819986e-06 old loss 1.0049013326351997e-05 BETTER
I0326 08:10:35.364592 1487211 finetune.py:68] layer 11_q @ epoch 2 new loss 9.4012621048023e-06 old loss 9.576086085871793e-06 BETTER
I0326 08:11:02.181173 1486189 finetune.py:68] layer 10_q @ epoch 4 new loss 9.784418580238707e-06 old loss 9.909115760819986e-06 BETTER
I0326 08:11:09.955417 1487211 finetune.py:68] layer 11_q @ epoch 3 new loss 9.286008207709529e-06 old loss 9.4012621048023e-06 BETTER
I0326 08:11:10.131445 1486189 finetune.py:45] layer 10_k initial loss 1.0284516974934377e-05
I0326 08:11:44.545734 1487211 finetune.py:68] layer 11_q @ epoch 4 new loss 9.18186651688302e-06 old loss 9.286008207709529e-06 BETTER
I0326 08:11:46.332106 1486189 finetune.py:68] layer 10_k @ epoch 0 new loss 1.0136691344087012e-05 old loss 1.0284516974934377e-05 BETTER
I0326 08:11:52.295693 1487211 finetune.py:45] layer 11_k initial loss 9.739961569721345e-06
I0326 08:12:23.148381 1486189 finetune.py:68] layer 10_k @ epoch 1 new loss 1.0038816071755718e-05 old loss 1.0136691344087012e-05 BETTER
I0326 08:12:26.027143 1487211 finetune.py:68] layer 11_k @ epoch 0 new loss 9.553465133649297e-06 old loss 9.739961569721345e-06 BETTER
I0326 08:13:00.007472 1486189 finetune.py:68] layer 10_k @ epoch 2 new loss 9.957638212654274e-06 old loss 1.0038816071755718e-05 BETTER
I0326 08:13:00.443263 1487211 finetune.py:68] layer 11_k @ epoch 1 new loss 9.456118277739733e-06 old loss 9.553465133649297e-06 BETTER
I0326 08:13:34.919161 1487211 finetune.py:68] layer 11_k @ epoch 2 new loss 9.400125236425083e-06 old loss 9.456118277739733e-06 BETTER
I0326 08:13:36.805382 1486189 finetune.py:68] layer 10_k @ epoch 3 new loss 9.88332976703532e-06 old loss 9.957638212654274e-06 BETTER
I0326 08:14:09.320002 1487211 finetune.py:68] layer 11_k @ epoch 3 new loss 9.31623981159646e-06 old loss 9.400125236425083e-06 BETTER
I0326 08:14:13.590363 1486189 finetune.py:68] layer 10_k @ epoch 4 new loss 9.818696526053827e-06 old loss 9.88332976703532e-06 BETTER
I0326 08:14:23.387861 1486189 finetune.py:45] layer 10_o initial loss 3.474069308140315e-05
I0326 08:14:43.669777 1487211 finetune.py:68] layer 11_k @ epoch 4 new loss 9.242759915650822e-06 old loss 9.31623981159646e-06 BETTER
I0326 08:14:53.182930 1487211 finetune.py:45] layer 11_o initial loss 3.840986391878687e-05
I0326 08:14:58.529651 1486189 finetune.py:68] layer 10_o @ epoch 0 new loss 3.139249383821152e-05 old loss 3.474069308140315e-05 BETTER
I0326 08:15:26.097362 1487211 finetune.py:68] layer 11_o @ epoch 0 new loss 3.417272091610357e-05 old loss 3.840986391878687e-05 BETTER
I0326 08:15:34.526244 1486189 finetune.py:68] layer 10_o @ epoch 1 new loss 2.981851685035508e-05 old loss 3.139249383821152e-05 BETTER
I0326 08:15:59.887049 1487211 finetune.py:68] layer 11_o @ epoch 1 new loss 3.22538944601547e-05 old loss 3.417272091610357e-05 BETTER
I0326 08:16:10.292618 1486189 finetune.py:68] layer 10_o @ epoch 2 new loss 2.8759372071363032e-05 old loss 2.981851685035508e-05 BETTER
I0326 08:16:33.564465 1487211 finetune.py:68] layer 11_o @ epoch 2 new loss 3.098700472037308e-05 old loss 3.22538944601547e-05 BETTER
I0326 08:16:46.358146 1486189 finetune.py:68] layer 10_o @ epoch 3 new loss 2.7949326977250166e-05 old loss 2.8759372071363032e-05 BETTER
I0326 08:17:07.391411 1487211 finetune.py:68] layer 11_o @ epoch 3 new loss 3.003980418725405e-05 old loss 3.098700472037308e-05 BETTER
I0326 08:17:22.513835 1486189 finetune.py:68] layer 10_o @ epoch 4 new loss 2.730050437094178e-05 old loss 2.7949326977250166e-05 BETTER
I0326 08:17:41.480700 1487211 finetune.py:68] layer 11_o @ epoch 4 new loss 2.928098001575563e-05 old loss 3.003980418725405e-05 BETTER
I0326 08:17:44.355404 1486189 finetune.py:45] layer 10_up initial loss 4.596056533046067e-05
I0326 08:18:03.160252 1487211 finetune.py:45] layer 11_up initial loss 4.921701111015864e-05
I0326 08:18:16.751930 1486189 finetune.py:68] layer 10_up @ epoch 0 new loss 4.4627984607359394e-05 old loss 4.596056533046067e-05 BETTER
I0326 08:18:33.787886 1487211 finetune.py:68] layer 11_up @ epoch 0 new loss 4.765818448504433e-05 old loss 4.921701111015864e-05 BETTER
I0326 08:18:50.266222 1486189 finetune.py:68] layer 10_up @ epoch 1 new loss 4.3783198634628206e-05 old loss 4.4627984607359394e-05 BETTER
I0326 08:19:05.700391 1487211 finetune.py:68] layer 11_up @ epoch 1 new loss 4.6694309276062995e-05 old loss 4.765818448504433e-05 BETTER
I0326 08:19:24.121310 1486189 finetune.py:68] layer 10_up @ epoch 2 new loss 4.310467920731753e-05 old loss 4.3783198634628206e-05 BETTER
I0326 08:19:37.700107 1487211 finetune.py:68] layer 11_up @ epoch 2 new loss 4.591560718836263e-05 old loss 4.6694309276062995e-05 BETTER
I0326 08:19:58.047203 1486189 finetune.py:68] layer 10_up @ epoch 3 new loss 4.25100552092772e-05 old loss 4.310467920731753e-05 BETTER
I0326 08:20:09.801520 1487211 finetune.py:68] layer 11_up @ epoch 3 new loss 4.5238273742143065e-05 old loss 4.591560718836263e-05 BETTER
I0326 08:20:31.967664 1486189 finetune.py:68] layer 10_up @ epoch 4 new loss 4.198837268631905e-05 old loss 4.25100552092772e-05 BETTER
I0326 08:20:42.031681 1487211 finetune.py:68] layer 11_up @ epoch 4 new loss 4.464442827156745e-05 old loss 4.5238273742143065e-05 BETTER
I0326 08:20:53.847155 1486189 finetune.py:45] layer 10_gate initial loss 4.9208181735593826e-05
I0326 08:21:03.741024 1487211 finetune.py:45] layer 11_gate initial loss 5.245732972980477e-05
I0326 08:21:24.333906 1486189 finetune.py:68] layer 10_gate @ epoch 0 new loss 4.86201279272791e-05 old loss 4.9208181735593826e-05 BETTER
I0326 08:21:32.352275 1487211 finetune.py:68] layer 11_gate @ epoch 0 new loss 5.180330845178105e-05 old loss 5.245732972980477e-05 BETTER
I0326 08:21:55.665890 1486189 finetune.py:68] layer 10_gate @ epoch 1 new loss 4.81723909615539e-05 old loss 4.86201279272791e-05 BETTER
I0326 08:22:01.949798 1487211 finetune.py:68] layer 11_gate @ epoch 1 new loss 5.1301591156516224e-05 old loss 5.180330845178105e-05 BETTER
I0326 08:22:27.258872 1486189 finetune.py:68] layer 10_gate @ epoch 2 new loss 4.7775814891792834e-05 old loss 4.81723909615539e-05 BETTER
I0326 08:22:31.664457 1487211 finetune.py:68] layer 11_gate @ epoch 2 new loss 5.086718738311902e-05 old loss 5.1301591156516224e-05 BETTER
I0326 08:22:58.945323 1486189 finetune.py:68] layer 10_gate @ epoch 3 new loss 4.742103556054644e-05 old loss 4.7775814891792834e-05 BETTER
I0326 08:23:02.072073 1487211 finetune.py:68] layer 11_gate @ epoch 3 new loss 5.046866135671735e-05 old loss 5.086718738311902e-05 BETTER
I0326 08:23:31.044270 1486189 finetune.py:68] layer 10_gate @ epoch 4 new loss 4.7089131840039045e-05 old loss 4.742103556054644e-05 BETTER
I0326 08:23:31.834261 1487211 finetune.py:68] layer 11_gate @ epoch 4 new loss 5.010699533158913e-05 old loss 5.046866135671735e-05 BETTER
