10_k proxy err 0.0010965680703520775 tr(WHW.T) 19800.75390625
bpp_loss 3.8855940103530884
10_o proxy err 0.10187327861785889 tr(WHW.T) 700.62060546875
bpp_loss 2.3130873441696167
10_up proxy err 0.03403979539871216 tr(WHW.T) 9204.58203125
bpp_loss 2.461797305515834
10_gate proxy err 0.008989299647510052 tr(WHW.T) 37459.6640625
bpp_loss 2.7164813450404575
10_down proxy err 0.04799157753586769 tr(WHW.T) 6645.3671875
bpp_loss 2.4624810559409007
I0325 20:00:46.705200 975333 quantize_finetune_llama.py:240] computed original embedding for layer 12 in 63.326326847076416s
I0325 20:00:49.968181 1086587 config.py:54] PyTorch version 2.6.0 available.
W0325 20:00:50.247359 1086587 warnings.py:109] /opt/conda/lib/python3.10/site-packages/torchvision/io/image.py:13: UserWarning: Failed to load image Python extension: '/opt/conda/lib/python3.10/site-packages/torchvision/image.so: undefined symbol: _ZN3c1017RegisterOperatorsD1Ev'If you don't plan on using image functionality from `torchvision.io`, you can ignore this warning. Otherwise, there might be something wrong with your environment. Did you have `libjpeg` or `libpng` installed before building `torchvision` from source?
  warn(

W0325 20:00:51.126190 1086587 warnings.py:109] /opt/conda/lib/python3.10/site-packages/compressai/models/video/google.py:353: FutureWarning: `torch.cuda.amp.autocast(args...)` is deprecated. Please use `torch.amp.autocast('cuda', args...)` instead.
  @amp.autocast(enabled=False)

I0325 20:00:51.130117 975333 quantize_finetune_llama.py:209] layer 13 gpu 1
I0325 20:00:51.143506 1086587 data_utils.py:336] using 256 training seqs, 128 validation seqs
The attention layers in this model are transitioning from computing the RoPE embeddings internally through `position_ids` (2D tensor with the indexes of the tokens), to using externally computed `position_embeddings` (Tuple of tensors, containing cos and sin). In v4.46 `position_ids` will be removed and `position_embeddings` will be mandatory.
I0325 20:00:58.354989 1086587 finetune.py:45] layer 12_v initial loss 5.890406100661494e-05
W0325 20:00:58.355267 1086587 warnings.py:109] /workspace/Weight_compression/comp_lm_qtip/lib/algo/finetune.py:46: FutureWarning: `torch.cuda.amp.GradScaler(args...)` is deprecated. Please use `torch.amp.GradScaler('cuda', args...)` instead.
  scaler = torch.cuda.amp.GradScaler(enabled=(orig_dtype==torch.float16))

I0325 20:01:34.181840 1086587 finetune.py:68] layer 12_v @ epoch 0 new loss 4.0501210605725646e-05 old loss 5.890406100661494e-05 BETTER
I0325 20:01:51.306668 975333 quantize_finetune_llama.py:240] computed original embedding for layer 13 in 59.76357436180115s
I0325 20:01:54.804511 1087498 config.py:54] PyTorch version 2.6.0 available.
W0325 20:01:55.092959 1087498 warnings.py:109] /opt/conda/lib/python3.10/site-packages/torchvision/io/image.py:13: UserWarning: Failed to load image Python extension: '/opt/conda/lib/python3.10/site-packages/torchvision/image.so: undefined symbol: _ZN3c1017RegisterOperatorsD1Ev'If you don't plan on using image functionality from `torchvision.io`, you can ignore this warning. Otherwise, there might be something wrong with your environment. Did you have `libjpeg` or `libpng` installed before building `torchvision` from source?
  warn(

W0325 20:01:55.975593 1087498 warnings.py:109] /opt/conda/lib/python3.10/site-packages/compressai/models/video/google.py:353: FutureWarning: `torch.cuda.amp.autocast(args...)` is deprecated. Please use `torch.amp.autocast('cuda', args...)` instead.
  @amp.autocast(enabled=False)

I0325 20:01:55.979668 975333 quantize_finetune_llama.py:209] layer 14 gpu 0
I0325 20:01:55.992856 1087498 data_utils.py:336] using 256 training seqs, 128 validation seqs
The attention layers in this model are transitioning from computing the RoPE embeddings internally through `position_ids` (2D tensor with the indexes of the tokens), to using externally computed `position_embeddings` (Tuple of tensors, containing cos and sin). In v4.46 `position_ids` will be removed and `position_embeddings` will be mandatory.
I0325 20:02:02.936690 1087498 finetune.py:45] layer 13_v initial loss 6.442031008191407e-05
W0325 20:02:02.936935 1087498 warnings.py:109] /workspace/Weight_compression/comp_lm_qtip/lib/algo/finetune.py:46: FutureWarning: `torch.cuda.amp.GradScaler(args...)` is deprecated. Please use `torch.amp.GradScaler('cuda', args...)` instead.
  scaler = torch.cuda.amp.GradScaler(enabled=(orig_dtype==torch.float16))

I0325 20:02:11.172044 1086587 finetune.py:68] layer 12_v @ epoch 1 new loss 3.730610842467286e-05 old loss 4.0501210605725646e-05 BETTER
I0325 20:02:36.408523 1087498 finetune.py:68] layer 13_v @ epoch 0 new loss 4.482049189391546e-05 old loss 6.442031008191407e-05 BETTER
I0325 20:02:48.204956 1086587 finetune.py:68] layer 12_v @ epoch 2 new loss 3.5473716707201675e-05 old loss 3.730610842467286e-05 BETTER
I0325 20:03:10.920164 1087498 finetune.py:68] layer 13_v @ epoch 1 new loss 4.1181578126270324e-05 old loss 4.482049189391546e-05 BETTER
I0325 20:03:25.316323 1086587 finetune.py:68] layer 12_v @ epoch 3 new loss 3.416096660657786e-05 old loss 3.5473716707201675e-05 BETTER
I0325 20:03:45.735189 1087498 finetune.py:68] layer 13_v @ epoch 2 new loss 3.9203325286507607e-05 old loss 4.1181578126270324e-05 BETTER
I0325 20:04:02.675028 1086587 finetune.py:68] layer 12_v @ epoch 4 new loss 3.31591181748081e-05 old loss 3.416096660657786e-05 BETTER
I0325 20:04:12.475783 1086587 finetune.py:45] layer 12_q initial loss 4.1229450289392844e-05
I0325 20:04:20.793166 1087498 finetune.py:68] layer 13_v @ epoch 3 new loss 3.786815796047449e-05 old loss 3.9203325286507607e-05 BETTER
I0325 20:04:48.684145 1086587 finetune.py:68] layer 12_q @ epoch 0 new loss 3.911488602170721e-05 old loss 4.1229450289392844e-05 BETTER
I0325 20:04:56.017559 1087498 finetune.py:68] layer 13_v @ epoch 4 new loss 3.688659126055427e-05 old loss 3.786815796047449e-05 BETTER
I0325 20:05:05.487533 1087498 finetune.py:45] layer 13_q initial loss 4.657899626181461e-05
I0325 20:05:25.709318 1086587 finetune.py:68] layer 12_q @ epoch 1 new loss 3.8078978832345456e-05 old loss 3.911488602170721e-05 BETTER
I0325 20:05:39.377132 1087498 finetune.py:68] layer 13_q @ epoch 0 new loss 4.4361393520375714e-05 old loss 4.657899626181461e-05 BETTER
I0325 20:06:02.764562 1086587 finetune.py:68] layer 12_q @ epoch 2 new loss 3.728449883055873e-05 old loss 3.8078978832345456e-05 BETTER
I0325 20:06:14.090264 1087498 finetune.py:68] layer 13_q @ epoch 1 new loss 4.341779640526511e-05 old loss 4.4361393520375714e-05 BETTER
I0325 20:06:39.744271 1086587 finetune.py:68] layer 12_q @ epoch 3 new loss 3.661011578515172e-05 old loss 3.728449883055873e-05 BETTER
I0325 20:06:48.782126 1087498 finetune.py:68] layer 13_q @ epoch 2 new loss 4.268460179446265e-05 old loss 4.341779640526511e-05 BETTER
I0325 20:07:16.731198 1086587 finetune.py:68] layer 12_q @ epoch 4 new loss 3.603078221203759e-05 old loss 3.661011578515172e-05 BETTER
I0325 20:07:23.464206 1087498 finetune.py:68] layer 13_q @ epoch 3 new loss 4.207164965919219e-05 old loss 4.268460179446265e-05 BETTER
I0325 20:07:24.738667 1086587 finetune.py:45] layer 12_k initial loss 3.9513150113634765e-05
I0325 20:07:58.180545 1087498 finetune.py:68] layer 13_q @ epoch 4 new loss 4.154468115302734e-05 old loss 4.207164965919219e-05 BETTER
I0325 20:08:00.993445 1086587 finetune.py:68] layer 12_k @ epoch 0 new loss 3.8188481994438916e-05 old loss 3.9513150113634765e-05 BETTER
I0325 20:08:06.007480 1087498 finetune.py:45] layer 13_k initial loss 4.387504668557085e-05
I0325 20:08:37.799707 1086587 finetune.py:68] layer 12_k @ epoch 1 new loss 3.769538307096809e-05 old loss 3.8188481994438916e-05 BETTER
I0325 20:08:39.967220 1087498 finetune.py:68] layer 13_k @ epoch 0 new loss 4.320639345678501e-05 old loss 4.387504668557085e-05 BETTER
I0325 20:09:14.436871 1087498 finetune.py:68] layer 13_k @ epoch 1 new loss 4.2784595279954374e-05 old loss 4.320639345678501e-05 BETTER
I0325 20:09:14.776695 1086587 finetune.py:68] layer 12_k @ epoch 2 new loss 3.727251532836817e-05 old loss 3.769538307096809e-05 BETTER
I0325 20:09:48.975118 1087498 finetune.py:68] layer 13_k @ epoch 2 new loss 4.2424871935509145e-05 old loss 4.2784595279954374e-05 BETTER
I0325 20:09:51.587065 1086587 finetune.py:68] layer 12_k @ epoch 3 new loss 3.691627352964133e-05 old loss 3.727251532836817e-05 BETTER
I0325 20:10:23.614126 1087498 finetune.py:68] layer 13_k @ epoch 3 new loss 4.2097148252651095e-05 old loss 4.2424871935509145e-05 BETTER
I0325 20:10:28.519311 1086587 finetune.py:68] layer 12_k @ epoch 4 new loss 3.656651824712753e-05 old loss 3.691627352964133e-05 BETTER
I0325 20:10:38.501197 1086587 finetune.py:45] layer 12_o initial loss 0.00013830210082232952
I0325 20:10:58.160932 1087498 finetune.py:68] layer 13_k @ epoch 4 new loss 4.180489122518338e-05 old loss 4.2097148252651095e-05 BETTER
I0325 20:11:07.615160 1087498 finetune.py:45] layer 13_o initial loss 0.00018525360792409629
I0325 20:11:13.947821 1086587 finetune.py:68] layer 12_o @ epoch 0 new loss 0.00012567474914249033 old loss 0.00013830210082232952 BETTER
I0325 20:11:40.947626 1087498 finetune.py:68] layer 13_o @ epoch 0 new loss 0.00016611622413620353 old loss 0.00018525360792409629 BETTER
I0325 20:11:50.053911 1086587 finetune.py:68] layer 12_o @ epoch 1 new loss 0.00011976577661698684 old loss 0.00012567474914249033 BETTER
I0325 20:12:14.953834 1087498 finetune.py:68] layer 13_o @ epoch 1 new loss 0.0001568093430250883 old loss 0.00016611622413620353 BETTER
I0325 20:12:26.104334 1086587 finetune.py:68] layer 12_o @ epoch 2 new loss 0.00011553469084901735 old loss 0.00011976577661698684 BETTER
I0325 20:12:48.879365 1087498 finetune.py:68] layer 13_o @ epoch 2 new loss 0.0001502626109868288 old loss 0.0001568093430250883 BETTER
I0325 20:13:02.138834 1086587 finetune.py:68] layer 12_o @ epoch 3 new loss 0.00011221475870115682 old loss 0.00011553469084901735 BETTER
I0325 20:13:23.292541 1087498 finetune.py:68] layer 13_o @ epoch 3 new loss 0.00014524158905260265 old loss 0.0001502626109868288 BETTER
I0325 20:13:38.383702 1086587 finetune.py:68] layer 12_o @ epoch 4 new loss 0.00010948062117677182 old loss 0.00011221475870115682 BETTER
I0325 20:13:57.069616 1087498 finetune.py:68] layer 13_o @ epoch 4 new loss 0.00014116162492427975 old loss 0.00014524158905260265 BETTER
I0325 20:14:00.184697 1086587 finetune.py:45] layer 12_up initial loss 0.00019161275122314692
I0325 20:14:18.633196 1087498 finetune.py:45] layer 13_up initial loss 0.00023700197925791144
I0325 20:14:32.374732 1086587 finetune.py:68] layer 12_up @ epoch 0 new loss 0.00018558358715381473 old loss 0.00019161275122314692 BETTER
I0325 20:14:49.575427 1087498 finetune.py:68] layer 13_up @ epoch 0 new loss 0.00022926995006855577 old loss 0.00023700197925791144 BETTER
I0325 20:15:05.911600 1086587 finetune.py:68] layer 12_up @ epoch 1 new loss 0.00018180618644692004 old loss 0.00018558358715381473 BETTER
I0325 20:15:21.686326 1087498 finetune.py:68] layer 13_up @ epoch 1 new loss 0.00022447580704465508 old loss 0.00022926995006855577 BETTER
I0325 20:15:39.726200 1086587 finetune.py:68] layer 12_up @ epoch 2 new loss 0.00017869997827801853 old loss 0.00018180618644692004 BETTER
I0325 20:15:53.786619 1087498 finetune.py:68] layer 13_up @ epoch 2 new loss 0.0002205114287789911 old loss 0.00022447580704465508 BETTER
I0325 20:16:13.736691 1086587 finetune.py:68] layer 12_up @ epoch 3 new loss 0.00017601392755750567 old loss 0.00017869997827801853 BETTER
I0325 20:16:25.967771 1087498 finetune.py:68] layer 13_up @ epoch 3 new loss 0.00021708493295591325 old loss 0.0002205114287789911 BETTER
I0325 20:16:47.558476 1086587 finetune.py:68] layer 12_up @ epoch 4 new loss 0.00017360503261443228 old loss 0.00017601392755750567 BETTER
I0325 20:16:58.166881 1087498 finetune.py:68] layer 13_up @ epoch 4 new loss 0.00021403735445346683 old loss 0.00021708493295591325 BETTER
I0325 20:17:09.781122 1086587 finetune.py:45] layer 12_gate initial loss 0.00020898948423564434
I0325 20:17:19.939274 1087498 finetune.py:45] layer 13_gate initial loss 0.00025419576559215784
I0325 20:17:40.027574 1086587 finetune.py:68] layer 12_gate @ epoch 0 new loss 0.00020624266471713781 old loss 0.00020898948423564434 BETTER
I0325 20:17:48.687072 1087498 finetune.py:68] layer 13_gate @ epoch 0 new loss 0.00025082117645069957 old loss 0.00025419576559215784 BETTER
I0325 20:18:11.272511 1086587 finetune.py:68] layer 12_gate @ epoch 1 new loss 0.00020409243006724864 old loss 0.00020624266471713781 BETTER
I0325 20:18:18.336563 1087498 finetune.py:68] layer 13_gate @ epoch 1 new loss 0.0002481576520949602 old loss 0.00025082117645069957 BETTER
I0325 20:18:42.687670 1086587 finetune.py:68] layer 12_gate @ epoch 2 new loss 0.00020219579164404422 old loss 0.00020409243006724864 BETTER
I0325 20:18:48.016283 1087498 finetune.py:68] layer 13_gate @ epoch 2 new loss 0.00024579689488746226 old loss 0.0002481576520949602 BETTER
I0325 20:19:13.991007 1086587 finetune.py:68] layer 12_gate @ epoch 3 new loss 0.00020045865676365793 old loss 0.00020219579164404422 BETTER
I0325 20:19:17.867472 1087498 finetune.py:68] layer 13_gate @ epoch 3 new loss 0.0002436423528706655 old loss 0.00024579689488746226 BETTER
I0325 20:19:45.393294 1086587 finetune.py:68] layer 12_gate @ epoch 4 new loss 0.00019886434893123806 old loss 0.00020045865676365793 BETTER
I0325 20:19:47.802494 1087498 finetune.py:68] layer 13_gate @ epoch 4 new loss 0.00024167609808500856 old loss 0.0002436423528706655 BETTER
I0325 20:20:08.439610 1086587 finetune.py:45] layer 12_down initial loss 0.0003016219416167587
I0325 20:20:10.496378 1087498 finetune.py:45] layer 13_down initial loss 0.00036438691313378513
I0325 20:20:36.267618 1086587 finetune.py:68] layer 12_down @ epoch 0 new loss 0.00030150834936648607 old loss 0.0003016219416167587 BETTER
I0325 20:20:36.909803 1087498 finetune.py:68] layer 13_down @ epoch 0 new loss 0.00036424456629902124 old loss 0.00036438691313378513 BETTER
I0325 20:21:04.537101 1087498 finetune.py:68] layer 13_down @ epoch 1 new loss 0.0003641156363300979 old loss 0.00036424456629902124 BETTER
I0325 20:21:04.777526 1086587 finetune.py:68] layer 12_down @ epoch 1 new loss 0.0003014138783328235 old loss 0.00030150834936648607 BETTER
I0325 20:21:32.052633 1087498 finetune.py:68] layer 13_down @ epoch 2 new loss 0.0003639898495748639 old loss 0.0003641156363300979 BETTER
I0325 20:21:33.798381 1086587 finetune.py:68] layer 12_down @ epoch 2 new loss 0.00030131355742923915 old loss 0.0003014138783328235 BETTER
I0325 20:21:59.846922 1087498 finetune.py:68] layer 13_down @ epoch 3 new loss 0.0003638826310634613 old loss 0.0003639898495748639 BETTER
I0325 20:22:03.052499 1086587 finetune.py:68] layer 12_down @ epoch 3 new loss 0.0003012308443430811 old loss 0.00030131355742923915 BETTER
I0325 20:22:27.778031 1087498 finetune.py:68] layer 13_down @ epoch 4 new loss 0.0003637778863776475 old loss 0.0003638826310634613 BETTER
13_v proxy err 0.056453973054885864 tr(WHW.T) 280.153564453125
bpp_loss 2.2467914819717407
13_q proxy err 0.0036169711966067553 tr(WHW.T) 20912.23828125
bpp_loss 2.9894498586654663
13_k proxy err 0.0012436134275048971 tr(WHW.T) 17839.908203125
bpp_loss 3.8994380235671997
13_o proxy err 0.10335276275873184 tr(WHW.T) 691.0519409179688
bpp_loss 2.3603811264038086
13_up proxy err 0.030218536034226418 tr(WHW.T) 10030.8271484375
bpp_loss 2.487630162920271
13_gate proxy err 0.008302019909024239 tr(WHW.T) 39065.61328125
bpp_loss 2.681422914777483
13_down proxy err 0.046039190143346786 tr(WHW.T) 6687.49853515625
bpp_loss 2.4809188842773438
I0325 20:22:32.190913 1086587 finetune.py:68] layer 12_down @ epoch 4 new loss 0.0003011506632901728 old loss 0.0003012308443430811 BETTER
12_v proxy err 0.04661518335342407 tr(WHW.T) 363.6233825683594
bpp_loss 2.3052966594696045
12_q proxy err 0.0024443280417472124 tr(WHW.T) 34153.7734375
bpp_loss 3.017366051673889
12_k proxy err 0.00104459747672081 tr(WHW.T) 23145.99609375
bpp_loss 3.8876867294311523
12_o proxy err 0.09214373677968979 tr(WHW.T) 794.1841430664062
bpp_loss 2.377172350883484
12_up proxy err 0.03015110455453396 tr(WHW.T) 10032.9443359375
bpp_loss 2.4839745930262973
12_gate proxy err 0.00859588012099266 tr(WHW.T) 37415.03125
bpp_loss 2.6766439165387834
12_down proxy err 0.044534292072057724 tr(WHW.T) 6941.32421875
bpp_loss 2.4808134010859897
I0325 20:23:39.872258 975333 quantize_finetune_llama.py:240] computed original embedding for layer 14 in 62.80493783950806s
I0325 20:23:43.054715 1104711 config.py:54] PyTorch version 2.6.0 available.
W0325 20:23:43.338232 1104711 warnings.py:109] /opt/conda/lib/python3.10/site-packages/torchvision/io/image.py:13: UserWarning: Failed to load image Python extension: '/opt/conda/lib/python3.10/site-packages/torchvision/image.so: undefined symbol: _ZN3c1017RegisterOperatorsD1Ev'If you don't plan on using image functionality from `torchvision.io`, you can ignore this warning. Otherwise, there might be something wrong with your environment. Did you have `libjpeg` or `libpng` installed before building `torchvision` from source?
  warn(

W0325 20:23:44.215755 1104711 warnings.py:109] /opt/conda/lib/python3.10/site-packages/compressai/models/video/google.py:353: FutureWarning: `torch.cuda.amp.autocast(args...)` is deprecated. Please use `torch.amp.autocast('cuda', args...)` instead.
  @amp.autocast(enabled=False)

I0325 20:23:44.219719 975333 quantize_finetune_llama.py:209] layer 15 gpu 1
I0325 20:23:44.232769 1104711 data_utils.py:336] using 256 training seqs, 128 validation seqs
The attention layers in this model are transitioning from computing the RoPE embeddings internally through `position_ids` (2D tensor with the indexes of the tokens), to using externally computed `position_embeddings` (Tuple of tensors, containing cos and sin). In v4.46 `position_ids` will be removed and `position_embeddings` will be mandatory.
I0325 20:23:51.451155 1104711 finetune.py:45] layer 14_v initial loss 6.569765537278727e-05
W0325 20:23:51.451365 1104711 warnings.py:109] /workspace/Weight_compression/comp_lm_qtip/lib/algo/finetune.py:46: FutureWarning: `torch.cuda.amp.GradScaler(args...)` is deprecated. Please use `torch.amp.GradScaler('cuda', args...)` instead.
  scaler = torch.cuda.amp.GradScaler(enabled=(orig_dtype==torch.float16))

I0325 20:24:27.012372 1104711 finetune.py:68] layer 14_v @ epoch 0 new loss 4.804741183761507e-05 old loss 6.569765537278727e-05 BETTER
I0325 20:24:44.325501 975333 quantize_finetune_llama.py:240] computed original embedding for layer 15 in 59.71700954437256s
I0325 20:24:47.768200 1105617 config.py:54] PyTorch version 2.6.0 available.
W0325 20:24:48.072358 1105617 warnings.py:109] /opt/conda/lib/python3.10/site-packages/torchvision/io/image.py:13: UserWarning: Failed to load image Python extension: '/opt/conda/lib/python3.10/site-packages/torchvision/image.so: undefined symbol: _ZN3c1017RegisterOperatorsD1Ev'If you don't plan on using image functionality from `torchvision.io`, you can ignore this warning. Otherwise, there might be something wrong with your environment. Did you have `libjpeg` or `libpng` installed before building `torchvision` from source?
  warn(

W0325 20:24:49.037631 1105617 warnings.py:109] /opt/conda/lib/python3.10/site-packages/compressai/models/video/google.py:353: FutureWarning: `torch.cuda.amp.autocast(args...)` is deprecated. Please use `torch.amp.autocast('cuda', args...)` instead.
  @amp.autocast(enabled=False)

I0325 20:24:49.041445 975333 quantize_finetune_llama.py:209] layer 16 gpu 0
I0325 20:24:49.054188 1105617 data_utils.py:336] using 256 training seqs, 128 validation seqs
The attention layers in this model are transitioning from computing the RoPE embeddings internally through `position_ids` (2D tensor with the indexes of the tokens), to using externally computed `position_embeddings` (Tuple of tensors, containing cos and sin). In v4.46 `position_ids` will be removed and `position_embeddings` will be mandatory.
I0325 20:24:56.059881 1105617 finetune.py:45] layer 15_v initial loss 7.239482511067763e-05
W0325 20:24:56.060074 1105617 warnings.py:109] /workspace/Weight_compression/comp_lm_qtip/lib/algo/finetune.py:46: FutureWarning: `torch.cuda.amp.GradScaler(args...)` is deprecated. Please use `torch.amp.GradScaler('cuda', args...)` instead.
  scaler = torch.cuda.amp.GradScaler(enabled=(orig_dtype==torch.float16))

I0325 20:25:03.834201 1104711 finetune.py:68] layer 14_v @ epoch 1 new loss 4.455005910131149e-05 old loss 4.804741183761507e-05 BETTER
I0325 20:25:29.540351 1105617 finetune.py:68] layer 15_v @ epoch 0 new loss 5.131576835992746e-05 old loss 7.239482511067763e-05 BETTER
I0325 20:25:40.823301 1104711 finetune.py:68] layer 14_v @ epoch 2 new loss 4.2552477680146694e-05 old loss 4.455005910131149e-05 BETTER
I0325 20:26:04.193093 1105617 finetune.py:68] layer 15_v @ epoch 1 new loss 4.7648107283748686e-05 old loss 5.131576835992746e-05 BETTER
I0325 20:26:18.052994 1104711 finetune.py:68] layer 14_v @ epoch 3 new loss 4.113708564545959e-05 old loss 4.2552477680146694e-05 BETTER
I0325 20:26:39.045940 1105617 finetune.py:68] layer 15_v @ epoch 2 new loss 4.5574302930617705e-05 old loss 4.7648107283748686e-05 BETTER
I0325 20:26:55.245541 1104711 finetune.py:68] layer 14_v @ epoch 4 new loss 4.005639493698254e-05 old loss 4.113708564545959e-05 BETTER
I0325 20:27:05.286576 1104711 finetune.py:45] layer 14_q initial loss 5.312752182362601e-05
I0325 20:27:14.173538 1105617 finetune.py:68] layer 15_v @ epoch 3 new loss 4.411114059621468e-05 old loss 4.5574302930617705e-05 BETTER
I0325 20:27:41.404747 1104711 finetune.py:68] layer 14_q @ epoch 0 new loss 5.018331648898311e-05 old loss 5.312752182362601e-05 BETTER
I0325 20:27:49.362588 1105617 finetune.py:68] layer 15_v @ epoch 4 new loss 4.3009393266402185e-05 old loss 4.411114059621468e-05 BETTER
I0325 20:27:59.037275 1105617 finetune.py:45] layer 15_q initial loss 5.103177682030946e-05
I0325 20:28:18.418545 1104711 finetune.py:68] layer 14_q @ epoch 1 new loss 4.8950834752758965e-05 old loss 5.018331648898311e-05 BETTER
I0325 20:28:32.827519 1105617 finetune.py:68] layer 15_q @ epoch 0 new loss 4.886530223302543e-05 old loss 5.103177682030946e-05 BETTER
I0325 20:28:55.295893 1104711 finetune.py:68] layer 14_q @ epoch 2 new loss 4.802638432011008e-05 old loss 4.8950834752758965e-05 BETTER
I0325 20:29:07.406230 1105617 finetune.py:68] layer 15_q @ epoch 1 new loss 4.780633753398433e-05 old loss 4.886530223302543e-05 BETTER
I0325 20:29:32.193624 1104711 finetune.py:68] layer 14_q @ epoch 3 new loss 4.727565828943625e-05 old loss 4.802638432011008e-05 BETTER
I0325 20:29:41.916111 1105617 finetune.py:68] layer 15_q @ epoch 2 new loss 4.698587872553617e-05 old loss 4.780633753398433e-05 BETTER
I0325 20:30:09.128951 1104711 finetune.py:68] layer 14_q @ epoch 4 new loss 4.663982326746918e-05 old loss 4.727565828943625e-05 BETTER
I0325 20:30:16.649354 1105617 finetune.py:68] layer 15_q @ epoch 3 new loss 4.632025593309663e-05 old loss 4.698587872553617e-05 BETTER
I0325 20:30:17.357720 1104711 finetune.py:45] layer 14_k initial loss 5.0610153266461566e-05
I0325 20:30:51.446877 1105617 finetune.py:68] layer 15_q @ epoch 4 new loss 4.575070852297358e-05 old loss 4.632025593309663e-05 BETTER
I0325 20:30:53.291687 1104711 finetune.py:68] layer 14_k @ epoch 0 new loss 4.950864604325034e-05 old loss 5.0610153266461566e-05 BETTER
I0325 20:30:59.454526 1105617 finetune.py:45] layer 15_k initial loss 4.8656384024070576e-05
I0325 20:31:30.106587 1104711 finetune.py:68] layer 14_k @ epoch 1 new loss 4.895945676253177e-05 old loss 4.950864604325034e-05 BETTER
I0325 20:31:33.229941 1105617 finetune.py:68] layer 15_k @ epoch 0 new loss 4.7945461119525135e-05 old loss 4.8656384024070576e-05 BETTER
I0325 20:32:06.948756 1104711 finetune.py:68] layer 14_k @ epoch 2 new loss 4.849319520872086e-05 old loss 4.895945676253177e-05 BETTER
I0325 20:32:07.885751 1105617 finetune.py:68] layer 15_k @ epoch 1 new loss 4.74836997454986e-05 old loss 4.7945461119525135e-05 BETTER
I0325 20:32:42.575884 1105617 finetune.py:68] layer 15_k @ epoch 2 new loss 4.709756831289269e-05 old loss 4.74836997454986e-05 BETTER
I0325 20:32:43.915955 1104711 finetune.py:68] layer 14_k @ epoch 3 new loss 4.8092140787048265e-05 old loss 4.849319520872086e-05 BETTER
I0325 20:33:17.281908 1105617 finetune.py:68] layer 15_k @ epoch 3 new loss 4.674108640756458e-05 old loss 4.709756831289269e-05 BETTER
I0325 20:33:20.948274 1104711 finetune.py:68] layer 14_k @ epoch 4 new loss 4.7728928620927036e-05 old loss 4.8092140787048265e-05 BETTER
I0325 20:33:31.294285 1104711 finetune.py:45] layer 14_o initial loss 0.00019480634364299476
I0325 20:33:51.948074 1105617 finetune.py:68] layer 15_k @ epoch 4 new loss 4.64436125184875e-05 old loss 4.674108640756458e-05 BETTER
I0325 20:34:01.655010 1105617 finetune.py:45] layer 15_o initial loss 0.00017065840074792504
I0325 20:34:06.826686 1104711 finetune.py:68] layer 14_o @ epoch 0 new loss 0.0001762606989359483 old loss 0.00019480634364299476 BETTER
I0325 20:34:34.954865 1105617 finetune.py:68] layer 15_o @ epoch 0 new loss 0.0001547662541270256 old loss 0.00017065840074792504 BETTER
I0325 20:34:42.941480 1104711 finetune.py:68] layer 14_o @ epoch 1 new loss 0.00016716295795049518 old loss 0.0001762606989359483 BETTER
I0325 20:35:08.843518 1105617 finetune.py:68] layer 15_o @ epoch 1 new loss 0.00014750414993613958 old loss 0.0001547662541270256 BETTER
I0325 20:35:18.937247 1104711 finetune.py:68] layer 14_o @ epoch 2 new loss 0.00016068499826360494 old loss 0.00016716295795049518 BETTER
I0325 20:35:42.819177 1105617 finetune.py:68] layer 15_o @ epoch 2 new loss 0.00014230114175006747 old loss 0.00014750414993613958 BETTER
I0325 20:35:54.901449 1104711 finetune.py:68] layer 14_o @ epoch 3 new loss 0.00015565866488032043 old loss 0.00016068499826360494 BETTER
I0325 20:36:16.608788 1105617 finetune.py:68] layer 15_o @ epoch 3 new loss 0.0001382799819111824 old loss 0.00014230114175006747 BETTER
I0325 20:36:31.149441 1104711 finetune.py:68] layer 14_o @ epoch 4 new loss 0.0001515678159194067 old loss 0.00015565866488032043 BETTER
I0325 20:36:50.574759 1105617 finetune.py:68] layer 15_o @ epoch 4 new loss 0.00013496440078597516 old loss 0.0001382799819111824 BETTER
I0325 20:36:53.253784 1104711 finetune.py:45] layer 14_up initial loss 0.00026708244695328176
I0325 20:37:12.463066 1105617 finetune.py:45] layer 15_up initial loss 0.0002740460040513426
I0325 20:37:25.767463 1104711 finetune.py:68] layer 14_up @ epoch 0 new loss 0.00025793808163143694 old loss 0.00026708244695328176 BETTER
I0325 20:37:43.206867 1105617 finetune.py:68] layer 15_up @ epoch 0 new loss 0.0002634515112731606 old loss 0.0002740460040513426 BETTER
I0325 20:37:59.254063 1104711 finetune.py:68] layer 14_up @ epoch 1 new loss 0.0002522790164221078 old loss 0.00025793808163143694 BETTER
I0325 20:38:15.289382 1105617 finetune.py:68] layer 15_up @ epoch 1 new loss 0.00025724549777805805 old loss 0.0002634515112731606 BETTER
I0325 20:38:33.109593 1104711 finetune.py:68] layer 14_up @ epoch 2 new loss 0.00024768870207481086 old loss 0.0002522790164221078 BETTER
I0325 20:38:47.438323 1105617 finetune.py:68] layer 15_up @ epoch 2 new loss 0.0002522478753235191 old loss 0.00025724549777805805 BETTER
I0325 20:39:07.048440 1104711 finetune.py:68] layer 14_up @ epoch 3 new loss 0.00024375077919103205 old loss 0.00024768870207481086 BETTER
I0325 20:39:19.627312 1105617 finetune.py:68] layer 15_up @ epoch 3 new loss 0.0002479783142916858 old loss 0.0002522478753235191 BETTER
I0325 20:39:41.081864 1104711 finetune.py:68] layer 14_up @ epoch 4 new loss 0.00024023232981562614 old loss 0.00024375077919103205 BETTER
I0325 20:39:51.849762 1105617 finetune.py:68] layer 15_up @ epoch 4 new loss 0.0002441788965370506 old loss 0.0002479783142916858 BETTER
I0325 20:40:03.212347 1104711 finetune.py:45] layer 14_gate initial loss 0.0002833919716067612
I0325 20:40:13.946783 1105617 finetune.py:45] layer 15_gate initial loss 0.0002930104383267462
I0325 20:40:33.747542 1104711 finetune.py:68] layer 14_gate @ epoch 0 new loss 0.00027952250093221664 old loss 0.0002833919716067612 BETTER
I0325 20:40:42.778302 1105617 finetune.py:68] layer 15_gate @ epoch 0 new loss 0.00028882717015221715 old loss 0.0002930104383267462 BETTER
I0325 20:41:05.128288 1104711 finetune.py:68] layer 14_gate @ epoch 1 new loss 0.0002764569653663784 old loss 0.00027952250093221664 BETTER
I0325 20:41:12.319051 1105617 finetune.py:68] layer 15_gate @ epoch 1 new loss 0.00028540752828121185 old loss 0.00028882717015221715 BETTER
I0325 20:41:36.578352 1104711 finetune.py:68] layer 14_gate @ epoch 2 new loss 0.00027374777710065246 old loss 0.0002764569653663784 BETTER
I0325 20:41:42.026136 1105617 finetune.py:68] layer 15_gate @ epoch 2 new loss 0.00028238349477760494 old loss 0.00028540752828121185 BETTER
I0325 20:42:08.194166 1104711 finetune.py:68] layer 14_gate @ epoch 3 new loss 0.00027126300847157836 old loss 0.00027374777710065246 BETTER
I0325 20:42:11.856511 1105617 finetune.py:68] layer 15_gate @ epoch 3 new loss 0.0002796280023176223 old loss 0.00028238349477760494 BETTER
I0325 20:42:39.927098 1104711 finetune.py:68] layer 14_gate @ epoch 4 new loss 0.0002689810062292963 old loss 0.00027126300847157836 BETTER
I0325 20:42:41.703399 1105617 finetune.py:68] layer 15_gate @ epoch 4 new loss 0.0002771074359770864 old loss 0.0002796280023176223 BETTER
I0325 20:43:03.044032 1104711 finetune.py:45] layer 14_down initial loss 0.0004133698530495167
I0325 20:43:04.394852 1105617 finetune.py:45] layer 15_down initial loss 0.00046036296407692134
I0325 20:43:30.914895 1104711 finetune.py:68] layer 14_down @ epoch 0 new loss 0.0004131933965254575 old loss 0.0004133698530495167 BETTER
I0325 20:43:31.147810 1105617 finetune.py:68] layer 15_down @ epoch 0 new loss 0.00046020562876947224 old loss 0.00046036296407692134 BETTER
I0325 20:43:58.864111 1105617 finetune.py:68] layer 15_down @ epoch 1 new loss 0.00046006793854758143 old loss 0.00046020562876947224 BETTER
I0325 20:44:00.125508 1104711 finetune.py:68] layer 14_down @ epoch 1 new loss 0.0004130264569539577 old loss 0.0004131933965254575 BETTER
I0325 20:44:26.624461 1105617 finetune.py:68] layer 15_down @ epoch 2 new loss 0.000459936069091782 old loss 0.00046006793854758143 BETTER
I0325 20:44:29.468517 1104711 finetune.py:68] layer 14_down @ epoch 2 new loss 0.0004128805303480476 old loss 0.0004130264569539577 BETTER
I0325 20:44:54.341824 1105617 finetune.py:68] layer 15_down @ epoch 3 new loss 0.0004598127561621368 old loss 0.000459936069091782 BETTER
I0325 20:44:59.028232 1104711 finetune.py:68] layer 14_down @ epoch 3 new loss 0.0004127314896322787 old loss 0.0004128805303480476 BETTER
I0325 20:45:22.047269 1105617 finetune.py:68] layer 15_down @ epoch 4 new loss 0.00045970178325660527 old loss 0.0004598127561621368 BETTER
15_v proxy err 0.057602886110544205 tr(WHW.T) 284.0271301269531
bpp_loss 2.3007348775863647
15_q proxy err 0.002806036500260234 tr(WHW.T) 28102.138671875
bpp_loss 3.0839407444000244
15_k proxy err 0.0012011121725663543 tr(WHW.T) 18919.7421875
bpp_loss 3.8970730304718018
15_o proxy err 0.09338708221912384 tr(WHW.T) 838.4528198242188
bpp_loss 2.3807982206344604
15_up proxy err 0.03362263739109039 tr(WHW.T) 9003.9921875
bpp_loss 2.475524766104562
15_gate proxy err 0.007198262494057417 tr(WHW.T) 45968.95703125
bpp_loss 2.746112414768764
15_down proxy err 0.047591835260391235 tr(WHW.T) 6529.00341796875
bpp_loss 2.471566472734724
I0325 20:45:28.479692 1104711 finetune.py:68] layer 14_down @ epoch 4 new loss 0.000412603811128065 old loss 0.0004127314896322787 BETTER
14_v proxy err 0.05424364656209946 tr(WHW.T) 281.3382873535156
bpp_loss 2.2389087677001953
14_q proxy err 0.003553260350599885 tr(WHW.T) 20906.17578125
bpp_loss 2.961079478263855
14_k proxy err 0.0011619885917752981 tr(WHW.T) 18674.810546875
bpp_loss 3.8502085208892822
14_o proxy err 0.10595621168613434 tr(WHW.T) 704.8590087890625
bpp_loss 2.3516077995300293
14_up proxy err 0.03276130557060242 tr(WHW.T) 9182.171875
bpp_loss 2.482362747192383
14_gate proxy err 0.007747517433017492 tr(WHW.T) 41940.68359375
bpp_loss 2.7098864146641324
14_down proxy err 0.04713796079158783 tr(WHW.T) 6510.36572265625
bpp_loss 2.476783071245466
I0325 20:46:36.176578 975333 quantize_finetune_llama.py:240] computed original embedding for layer 16 in 62.81927704811096s
I0325 20:46:39.439673 1121353 config.py:54] PyTorch version 2.6.0 available.
W0325 20:46:39.723038 1121353 warnings.py:109] /opt/conda/lib/python3.10/site-packages/torchvision/io/image.py:13: UserWarning: Failed to load image Python extension: '/opt/conda/lib/python3.10/site-packages/torchvision/image.so: undefined symbol: _ZN3c1017RegisterOperatorsD1Ev'If you don't plan on using image functionality from `torchvision.io`, you can ignore this warning. Otherwise, there might be something wrong with your environment. Did you have `libjpeg` or `libpng` installed before building `torchvision` from source?
  warn(

W0325 20:46:40.602524 1121353 warnings.py:109] /opt/conda/lib/python3.10/site-packages/compressai/models/video/google.py:353: FutureWarning: `torch.cuda.amp.autocast(args...)` is deprecated. Please use `torch.amp.autocast('cuda', args...)` instead.
  @amp.autocast(enabled=False)

I0325 20:46:40.606525 975333 quantize_finetune_llama.py:209] layer 17 gpu 1
I0325 20:46:40.625278 1121353 data_utils.py:336] using 256 training seqs, 128 validation seqs
The attention layers in this model are transitioning from computing the RoPE embeddings internally through `position_ids` (2D tensor with the indexes of the tokens), to using externally computed `position_embeddings` (Tuple of tensors, containing cos and sin). In v4.46 `position_ids` will be removed and `position_embeddings` will be mandatory.
I0325 20:46:47.917015 1121353 finetune.py:45] layer 16_v initial loss 8.035101200221106e-05
W0325 20:46:47.917233 1121353 warnings.py:109] /workspace/Weight_compression/comp_lm_qtip/lib/algo/finetune.py:46: FutureWarning: `torch.cuda.amp.GradScaler(args...)` is deprecated. Please use `torch.amp.GradScaler('cuda', args...)` instead.
  scaler = torch.cuda.amp.GradScaler(enabled=(orig_dtype==torch.float16))

I0325 20:47:23.587554 1121353 finetune.py:68] layer 16_v @ epoch 0 new loss 5.688067903975025e-05 old loss 8.035101200221106e-05 BETTER
I0325 20:47:41.566159 975333 quantize_finetune_llama.py:240] computed original embedding for layer 17 in 60.547457695007324s
I0325 20:47:45.051277 1122196 config.py:54] PyTorch version 2.6.0 available.
W0325 20:47:45.332244 1122196 warnings.py:109] /opt/conda/lib/python3.10/site-packages/torchvision/io/image.py:13: UserWarning: Failed to load image Python extension: '/opt/conda/lib/python3.10/site-packages/torchvision/image.so: undefined symbol: _ZN3c1017RegisterOperatorsD1Ev'If you don't plan on using image functionality from `torchvision.io`, you can ignore this warning. Otherwise, there might be something wrong with your environment. Did you have `libjpeg` or `libpng` installed before building `torchvision` from source?
  warn(

W0325 20:47:46.238027 1122196 warnings.py:109] /opt/conda/lib/python3.10/site-packages/compressai/models/video/google.py:353: FutureWarning: `torch.cuda.amp.autocast(args...)` is deprecated. Please use `torch.amp.autocast('cuda', args...)` instead.
  @amp.autocast(enabled=False)

I0325 20:47:46.241938 975333 quantize_finetune_llama.py:209] layer 18 gpu 0
I0325 20:47:46.256195 1122196 data_utils.py:336] using 256 training seqs, 128 validation seqs
The attention layers in this model are transitioning from computing the RoPE embeddings internally through `position_ids` (2D tensor with the indexes of the tokens), to using externally computed `position_embeddings` (Tuple of tensors, containing cos and sin). In v4.46 `position_ids` will be removed and `position_embeddings` will be mandatory.
I0325 20:47:53.257476 1122196 finetune.py:45] layer 17_v initial loss 7.468448166036978e-05
W0325 20:47:53.257692 1122196 warnings.py:109] /workspace/Weight_compression/comp_lm_qtip/lib/algo/finetune.py:46: FutureWarning: `torch.cuda.amp.GradScaler(args...)` is deprecated. Please use `torch.amp.GradScaler('cuda', args...)` instead.
  scaler = torch.cuda.amp.GradScaler(enabled=(orig_dtype==torch.float16))

I0325 20:48:00.468552 1121353 finetune.py:68] layer 16_v @ epoch 1 new loss 5.245173451839946e-05 old loss 5.688067903975025e-05 BETTER
I0325 20:48:26.835329 1122196 finetune.py:68] layer 17_v @ epoch 0 new loss 5.0223690777784213e-05 old loss 7.468448166036978e-05 BETTER
I0325 20:48:37.465655 1121353 finetune.py:68] layer 16_v @ epoch 2 new loss 4.984426050214097e-05 old loss 5.245173451839946e-05 BETTER
I0325 20:49:01.367707 1122196 finetune.py:68] layer 17_v @ epoch 1 new loss 4.630458352039568e-05 old loss 5.0223690777784213e-05 BETTER
I0325 20:49:14.492588 1121353 finetune.py:68] layer 16_v @ epoch 3 new loss 4.7999510570662096e-05 old loss 4.984426050214097e-05 BETTER
I0325 20:49:36.287622 1122196 finetune.py:68] layer 17_v @ epoch 2 new loss 4.409439497976564e-05 old loss 4.630458352039568e-05 BETTER
I0325 20:49:51.577646 1121353 finetune.py:68] layer 16_v @ epoch 4 new loss 4.65889424958732e-05 old loss 4.7999510570662096e-05 BETTER
I0325 20:50:01.405322 1121353 finetune.py:45] layer 16_q initial loss 5.6736811529845e-05
I0325 20:50:11.296622 1122196 finetune.py:68] layer 17_v @ epoch 3 new loss 4.261845606379211e-05 old loss 4.409439497976564e-05 BETTER
I0325 20:50:37.548721 1121353 finetune.py:68] layer 16_q @ epoch 0 new loss 5.347264595911838e-05 old loss 5.6736811529845e-05 BETTER
I0325 20:50:46.475351 1122196 finetune.py:68] layer 17_v @ epoch 4 new loss 4.1464194509899244e-05 old loss 4.261845606379211e-05 BETTER
I0325 20:50:55.937011 1122196 finetune.py:45] layer 17_q initial loss 4.9427704652771354e-05
I0325 20:51:14.383525 1121353 finetune.py:68] layer 16_q @ epoch 1 new loss 5.205985871725716e-05 old loss 5.347264595911838e-05 BETTER
I0325 20:51:29.638953 1122196 finetune.py:68] layer 17_q @ epoch 0 new loss 4.742237433674745e-05 old loss 4.9427704652771354e-05 BETTER
I0325 20:51:51.138535 1121353 finetune.py:68] layer 16_q @ epoch 2 new loss 5.0972754252143204e-05 old loss 5.205985871725716e-05 BETTER
I0325 20:52:04.082648 1122196 finetune.py:68] layer 17_q @ epoch 1 new loss 4.633546632248908e-05 old loss 4.742237433674745e-05 BETTER
I0325 20:52:27.946931 1121353 finetune.py:68] layer 16_q @ epoch 3 new loss 5.005615821573883e-05 old loss 5.0972754252143204e-05 BETTER
I0325 20:52:38.667330 1122196 finetune.py:68] layer 17_q @ epoch 2 new loss 4.548098149825819e-05 old loss 4.633546632248908e-05 BETTER
I0325 20:53:04.838766 1121353 finetune.py:68] layer 16_q @ epoch 4 new loss 4.929244823870249e-05 old loss 5.005615821573883e-05 BETTER
I0325 20:53:12.838555 1121353 finetune.py:45] layer 16_k initial loss 5.2828891057288274e-05
I0325 20:53:13.331767 1122196 finetune.py:68] layer 17_q @ epoch 3 new loss 4.477418406167999e-05 old loss 4.548098149825819e-05 BETTER
I0325 20:53:48.116046 1122196 finetune.py:68] layer 17_q @ epoch 4 new loss 4.4191107008373365e-05 old loss 4.477418406167999e-05 BETTER
I0325 20:53:49.128010 1121353 finetune.py:68] layer 16_k @ epoch 0 new loss 5.149551361682825e-05 old loss 5.2828891057288274e-05 BETTER
I0325 20:53:55.977618 1122196 finetune.py:45] layer 17_k initial loss 4.714840542874299e-05
I0325 20:54:26.051440 1121353 finetune.py:68] layer 16_k @ epoch 1 new loss 5.084971780888736e-05 old loss 5.149551361682825e-05 BETTER
I0325 20:54:29.859548 1122196 finetune.py:68] layer 17_k @ epoch 0 new loss 4.6235116315074265e-05 old loss 4.714840542874299e-05 BETTER
I0325 20:55:02.978260 1121353 finetune.py:68] layer 16_k @ epoch 2 new loss 5.029978638049215e-05 old loss 5.084971780888736e-05 BETTER
I0325 20:55:04.425423 1122196 finetune.py:68] layer 17_k @ epoch 1 new loss 4.5755459723295644e-05 old loss 4.6235116315074265e-05 BETTER
I0325 20:55:38.923444 1122196 finetune.py:68] layer 17_k @ epoch 2 new loss 4.5339733333094046e-05 old loss 4.5755459723295644e-05 BETTER
I0325 20:55:39.693151 1121353 finetune.py:68] layer 16_k @ epoch 3 new loss 4.9829894123831764e-05 old loss 5.029978638049215e-05 BETTER
I0325 20:56:13.546494 1122196 finetune.py:68] layer 17_k @ epoch 3 new loss 4.4979686208534986e-05 old loss 4.5339733333094046e-05 BETTER
I0325 20:56:16.618679 1121353 finetune.py:68] layer 16_k @ epoch 4 new loss 4.940098006045446e-05 old loss 4.9829894123831764e-05 BETTER
I0325 20:56:26.513772 1121353 finetune.py:45] layer 16_o initial loss 0.0001707501069176942
I0325 20:56:48.062548 1122196 finetune.py:68] layer 17_k @ epoch 4 new loss 4.465872552827932e-05 old loss 4.4979686208534986e-05 BETTER
I0325 20:56:57.567801 1122196 finetune.py:45] layer 17_o initial loss 0.00014331485726870596
I0325 20:57:01.906753 1121353 finetune.py:68] layer 16_o @ epoch 0 new loss 0.00015539793821517378 old loss 0.0001707501069176942 BETTER
I0325 20:57:30.893774 1122196 finetune.py:68] layer 17_o @ epoch 0 new loss 0.00013103305536787957 old loss 0.00014331485726870596 BETTER
I0325 20:57:37.970668 1121353 finetune.py:68] layer 16_o @ epoch 1 new loss 0.00014824981917627156 old loss 0.00015539793821517378 BETTER
I0325 20:58:04.932230 1122196 finetune.py:68] layer 17_o @ epoch 1 new loss 0.0001254266535397619 old loss 0.00013103305536787957 BETTER
I0325 20:58:13.938226 1121353 finetune.py:68] layer 16_o @ epoch 2 new loss 0.00014326728705782443 old loss 0.00014824981917627156 BETTER
I0325 20:58:39.057826 1122196 finetune.py:68] layer 17_o @ epoch 2 new loss 0.00012157895253039896 old loss 0.0001254266535397619 BETTER
I0325 20:58:50.401473 1121353 finetune.py:68] layer 16_o @ epoch 3 new loss 0.0001393647980876267 old loss 0.00014326728705782443 BETTER
I0325 20:59:13.207951 1122196 finetune.py:68] layer 17_o @ epoch 3 new loss 0.00011862160317832604 old loss 0.00012157895253039896 BETTER
I0325 20:59:26.367622 1121353 finetune.py:68] layer 16_o @ epoch 4 new loss 0.00013619268429465592 old loss 0.0001393647980876267 BETTER
I0325 20:59:47.248034 1122196 finetune.py:68] layer 17_o @ epoch 4 new loss 0.0001161911859526299 old loss 0.00011862160317832604 BETTER
I0325 20:59:48.308691 1121353 finetune.py:45] layer 16_up initial loss 0.0002833819598890841
I0325 21:00:08.918851 1122196 finetune.py:45] layer 17_up initial loss 0.0002858242078218609
I0325 21:00:20.540476 1121353 finetune.py:68] layer 16_up @ epoch 0 new loss 0.0002731313288677484 old loss 0.0002833819598890841 BETTER
I0325 21:00:39.730441 1122196 finetune.py:68] layer 17_up @ epoch 0 new loss 0.000274402933428064 old loss 0.0002858242078218609 BETTER
I0325 21:00:53.989493 1121353 finetune.py:68] layer 16_up @ epoch 1 new loss 0.0002672154805622995 old loss 0.0002731313288677484 BETTER
I0325 21:01:11.723808 1122196 finetune.py:68] layer 17_up @ epoch 1 new loss 0.0002680261095520109 old loss 0.000274402933428064 BETTER
I0325 21:01:27.568571 1121353 finetune.py:68] layer 16_up @ epoch 2 new loss 0.00026240936131216586 old loss 0.0002672154805622995 BETTER
I0325 21:01:43.853959 1122196 finetune.py:68] layer 17_up @ epoch 2 new loss 0.00026301006437279284 old loss 0.0002680261095520109 BETTER
I0325 21:02:01.222329 1121353 finetune.py:68] layer 16_up @ epoch 3 new loss 0.00025829655351117253 old loss 0.00026240936131216586 BETTER
I0325 21:02:16.004276 1122196 finetune.py:68] layer 17_up @ epoch 3 new loss 0.00025876195286400616 old loss 0.00026301006437279284 BETTER
I0325 21:02:34.927042 1121353 finetune.py:68] layer 16_up @ epoch 4 new loss 0.00025465694488957524 old loss 0.00025829655351117253 BETTER
I0325 21:02:48.118978 1122196 finetune.py:68] layer 17_up @ epoch 4 new loss 0.0002550571516621858 old loss 0.00025876195286400616 BETTER
I0325 21:02:56.939505 1121353 finetune.py:45] layer 16_gate initial loss 0.000305706518702209
I0325 21:03:10.151226 1122196 finetune.py:45] layer 17_gate initial loss 0.00031523985671810806
I0325 21:03:27.276987 1121353 finetune.py:68] layer 16_gate @ epoch 0 new loss 0.00030171548132784665 old loss 0.000305706518702209 BETTER
I0325 21:03:38.978444 1122196 finetune.py:68] layer 17_gate @ epoch 0 new loss 0.000310923729557544 old loss 0.00031523985671810806 BETTER
I0325 21:03:58.681522 1121353 finetune.py:68] layer 16_gate @ epoch 1 new loss 0.00029848527628928423 old loss 0.00030171548132784665 BETTER
I0325 21:04:08.646240 1122196 finetune.py:68] layer 17_gate @ epoch 1 new loss 0.0003075393324252218 old loss 0.000310923729557544 BETTER
I0325 21:04:30.324828 1121353 finetune.py:68] layer 16_gate @ epoch 2 new loss 0.0002955809177365154 old loss 0.00029848527628928423 BETTER
I0325 21:04:38.384183 1122196 finetune.py:68] layer 17_gate @ epoch 2 new loss 0.0003045168414246291 old loss 0.0003075393324252218 BETTER
I0325 21:05:01.925376 1121353 finetune.py:68] layer 16_gate @ epoch 3 new loss 0.0002929446054622531 old loss 0.0002955809177365154 BETTER
I0325 21:05:08.157610 1122196 finetune.py:68] layer 17_gate @ epoch 3 new loss 0.00030174385756254196 old loss 0.0003045168414246291 BETTER
I0325 21:05:33.557490 1121353 finetune.py:68] layer 16_gate @ epoch 4 new loss 0.0002905346336774528 old loss 0.0002929446054622531 BETTER
I0325 21:05:38.008765 1122196 finetune.py:68] layer 17_gate @ epoch 4 new loss 0.0002992466324940324 old loss 0.00030174385756254196 BETTER
I0325 21:05:56.664746 1121353 finetune.py:45] layer 16_down initial loss 0.00048495782539248466
I0325 21:06:00.751364 1122196 finetune.py:45] layer 17_down initial loss 0.00053420226322487
I0325 21:06:24.809076 1121353 finetune.py:68] layer 16_down @ epoch 0 new loss 0.0004847990348935127 old loss 0.00048495782539248466 BETTER
I0325 21:06:27.388743 1122196 finetune.py:68] layer 17_down @ epoch 0 new loss 0.0005340175121091306 old loss 0.00053420226322487 BETTER
I0325 21:06:53.688173 1121353 finetune.py:68] layer 16_down @ epoch 1 new loss 0.00048465252621099353 old loss 0.0004847990348935127 BETTER
I0325 21:06:55.071334 1122196 finetune.py:68] layer 17_down @ epoch 1 new loss 0.0005338535411283374 old loss 0.0005340175121091306 BETTER
I0325 21:07:22.778391 1122196 finetune.py:68] layer 17_down @ epoch 2 new loss 0.0005337009206414223 old loss 0.0005338535411283374 BETTER
I0325 21:07:22.817624 1121353 finetune.py:68] layer 16_down @ epoch 2 new loss 0.0004845248186029494 old loss 0.00048465252621099353 BETTER
I0325 21:07:50.416235 1122196 finetune.py:68] layer 17_down @ epoch 3 new loss 0.0005335600581020117 old loss 0.0005337009206414223 BETTER
I0325 21:07:52.007316 1121353 finetune.py:68] layer 16_down @ epoch 3 new loss 0.0004844022623728961 old loss 0.0004845248186029494 BETTER
I0325 21:08:18.310122 1122196 finetune.py:68] layer 17_down @ epoch 4 new loss 0.0005334330489858985 old loss 0.0005335600581020117 BETTER
17_v proxy err 0.058072544634342194 tr(WHW.T) 283.9730224609375
bpp_loss 2.3277868032455444
17_q proxy err 0.0028629067819565535 tr(WHW.T) 27590.234375
bpp_loss 3.0773006677627563
17_k proxy err 0.0013120495714247227 tr(WHW.T) 17467.6328125
bpp_loss 3.9162360429763794
17_o proxy err 0.0713680312037468 tr(WHW.T) 1118.0145263671875
bpp_loss 2.3904343843460083
17_up proxy err 0.03707573190331459 tr(WHW.T) 8457.88671875
bpp_loss 2.461451530456543
17_gate proxy err 0.00834305863827467 tr(WHW.T) 41514.84375
bpp_loss 2.7912278856549944
17_down proxy err 0.04854639247059822 tr(WHW.T) 6330.61669921875
bpp_loss 2.454011474336897
I0325 21:08:21.473616 1121353 finetune.py:68] layer 16_down @ epoch 4 new loss 0.0004842876805923879 old loss 0.0004844022623728961 BETTER
16_v proxy err 0.05506754294037819 tr(WHW.T) 274.28167724609375
bpp_loss 2.26007878780365
16_q proxy err 0.003016347996890545 tr(WHW.T) 24498.01953125
bpp_loss 3.0631872415542603
16_k proxy err 0.0010908684926107526 tr(WHW.T) 19542.404296875
bpp_loss 3.88871967792511
16_o proxy err 0.07777155190706253 tr(WHW.T) 983.4280395507812
bpp_loss 2.3629177808761597
16_up proxy err 0.037185780704021454 tr(WHW.T) 8334.9228515625
bpp_loss 2.4635037013462613
16_gate proxy err 0.008291180245578289 tr(WHW.T) 41065.91796875
bpp_loss 2.7781244005475725
16_down proxy err 0.0476854033768177 tr(WHW.T) 6406.92578125
bpp_loss 2.457817418234689
I0325 21:09:29.589848 975333 quantize_finetune_llama.py:240] computed original embedding for layer 18 in 63.12130784988403s
I0325 21:09:32.833482 1137841 config.py:54] PyTorch version 2.6.0 available.
W0325 21:09:33.116140 1137841 warnings.py:109] /opt/conda/lib/python3.10/site-packages/torchvision/io/image.py:13: UserWarning: Failed to load image Python extension: '/opt/conda/lib/python3.10/site-packages/torchvision/image.so: undefined symbol: _ZN3c1017RegisterOperatorsD1Ev'If you don't plan on using image functionality from `torchvision.io`, you can ignore this warning. Otherwise, there might be something wrong with your environment. Did you have `libjpeg` or `libpng` installed before building `torchvision` from source?
  warn(

W0325 21:09:33.993250 1137841 warnings.py:109] /opt/conda/lib/python3.10/site-packages/compressai/models/video/google.py:353: FutureWarning: `torch.cuda.amp.autocast(args...)` is deprecated. Please use `torch.amp.autocast('cuda', args...)` instead.
  @amp.autocast(enabled=False)

I0325 21:09:33.997280 975333 quantize_finetune_llama.py:209] layer 19 gpu 1
I0325 21:09:34.010782 1137841 data_utils.py:336] using 256 training seqs, 128 validation seqs
The attention layers in this model are transitioning from computing the RoPE embeddings internally through `position_ids` (2D tensor with the indexes of the tokens), to using externally computed `position_embeddings` (Tuple of tensors, containing cos and sin). In v4.46 `position_ids` will be removed and `position_embeddings` will be mandatory.
I0325 21:09:41.321705 1137841 finetune.py:45] layer 18_v initial loss 6.559997564181685e-05
