I0326 01:01:39.110614 1283101 finetune.py:68] layer 5_gate @ epoch 4 new loss 4.3168332922505215e-05 old loss 4.3419626308605075e-05 BETTER
I0326 01:01:59.555976 1282255 finetune.py:45] layer 4_down initial loss 5.023360427003354e-05
I0326 01:02:01.474917 1283101 finetune.py:45] layer 5_down initial loss 7.065788668114692e-05
I0326 01:02:27.745555 1282255 finetune.py:68] layer 4_down @ epoch 0 new loss 5.021876859245822e-05 old loss 5.023360427003354e-05 BETTER
I0326 01:02:28.455199 1283101 finetune.py:68] layer 5_down @ epoch 0 new loss 7.064032251946628e-05 old loss 7.065788668114692e-05 BETTER
I0326 01:02:56.161170 1283101 finetune.py:68] layer 5_down @ epoch 1 new loss 7.063013617880642e-05 old loss 7.064032251946628e-05 BETTER
I0326 01:02:57.051056 1282255 finetune.py:68] layer 4_down @ epoch 1 new loss 5.020873140892945e-05 old loss 5.021876859245822e-05 BETTER
I0326 01:03:23.872325 1283101 finetune.py:68] layer 5_down @ epoch 2 new loss 7.062170334393159e-05 old loss 7.063013617880642e-05 BETTER
I0326 01:03:26.348039 1282255 finetune.py:68] layer 4_down @ epoch 2 new loss 5.0200873374706134e-05 old loss 5.020873140892945e-05 BETTER
I0326 01:03:51.623250 1283101 finetune.py:68] layer 5_down @ epoch 3 new loss 7.061476935632527e-05 old loss 7.062170334393159e-05 BETTER
I0326 01:03:55.643250 1282255 finetune.py:68] layer 4_down @ epoch 3 new loss 5.019473610445857e-05 old loss 5.0200873374706134e-05 BETTER
I0326 01:04:19.359171 1283101 finetune.py:68] layer 5_down @ epoch 4 new loss 7.060910866130143e-05 old loss 7.061476935632527e-05 BETTER
5_v proxy err 0.038701556622982025 tr(WHW.T) 208.81988525390625
bpp_loss 2.6287732124328613
5_q proxy err 0.00109406269621104 tr(WHW.T) 36005.64453125
bpp_loss 3.545473337173462
5_k proxy err 0.00047688986524008214 tr(WHW.T) 23032.130859375
bpp_loss 4.3780388832092285
5_o proxy err 0.032091304659843445 tr(WHW.T) 1067.384765625
bpp_loss 2.766375184059143
5_up proxy err 0.02074560336768627 tr(WHW.T) 7657.859375
bpp_loss 2.927220344543457
5_gate proxy err 0.005629274994134903 tr(WHW.T) 30393.546875
bpp_loss 3.2494044985089983
5_down proxy err 0.024235591292381287 tr(WHW.T) 6462.16748046875
bpp_loss 2.9302937303270613
I0326 01:04:24.851311 1282255 finetune.py:68] layer 4_down @ epoch 4 new loss 5.0189588364446536e-05 old loss 5.019473610445857e-05 BETTER
4_v proxy err 0.028486058115959167 tr(WHW.T) 285.30712890625
bpp_loss 2.7395126819610596
4_q proxy err 0.0007801157189533114 tr(WHW.T) 50132.984375
bpp_loss 3.56978976726532
4_k proxy err 0.0003754198260139674 tr(WHW.T) 29348.28515625
bpp_loss 4.403228044509888
4_o proxy err 0.027689214795827866 tr(WHW.T) 1306.1678466796875
bpp_loss 2.8174424171447754
4_up proxy err 0.02164674922823906 tr(WHW.T) 7381.78955078125
bpp_loss 2.9219991139003207
4_gate proxy err 0.005926461424678564 tr(WHW.T) 29097.611328125
bpp_loss 3.2465381622314453
4_down proxy err 0.02465338632464409 tr(WHW.T) 6445.46435546875
bpp_loss 2.9253656523568288
I0326 01:05:33.369514 1258494 quantize_finetune_llama.py:240] computed original embedding for layer 6 in 63.57040882110596s
I0326 01:05:36.610226 1298892 config.py:54] PyTorch version 2.6.0 available.
W0326 01:05:36.890624 1298892 warnings.py:109] /opt/conda/lib/python3.10/site-packages/torchvision/io/image.py:13: UserWarning: Failed to load image Python extension: '/opt/conda/lib/python3.10/site-packages/torchvision/image.so: undefined symbol: _ZN3c1017RegisterOperatorsD1Ev'If you don't plan on using image functionality from `torchvision.io`, you can ignore this warning. Otherwise, there might be something wrong with your environment. Did you have `libjpeg` or `libpng` installed before building `torchvision` from source?
  warn(

W0326 01:05:37.790070 1298892 warnings.py:109] /opt/conda/lib/python3.10/site-packages/compressai/models/video/google.py:353: FutureWarning: `torch.cuda.amp.autocast(args...)` is deprecated. Please use `torch.amp.autocast('cuda', args...)` instead.
  @amp.autocast(enabled=False)

I0326 01:05:37.794022 1258494 quantize_finetune_llama.py:209] layer 7 gpu 1
I0326 01:05:37.808682 1298892 data_utils.py:336] using 256 training seqs, 128 validation seqs
The attention layers in this model are transitioning from computing the RoPE embeddings internally through `position_ids` (2D tensor with the indexes of the tokens), to using externally computed `position_embeddings` (Tuple of tensors, containing cos and sin). In v4.46 `position_ids` will be removed and `position_embeddings` will be mandatory.
I0326 01:05:45.007958 1298892 finetune.py:45] layer 6_v initial loss 1.843012432800606e-05
W0326 01:05:45.008224 1298892 warnings.py:109] /workspace/Weight_compression/comp_lm_qtip/lib/algo/finetune.py:46: FutureWarning: `torch.cuda.amp.GradScaler(args...)` is deprecated. Please use `torch.amp.GradScaler('cuda', args...)` instead.
  scaler = torch.cuda.amp.GradScaler(enabled=(orig_dtype==torch.float16))

I0326 01:06:20.832146 1298892 finetune.py:68] layer 6_v @ epoch 0 new loss 1.0542238669586368e-05 old loss 1.843012432800606e-05 BETTER
I0326 01:06:38.189057 1258494 quantize_finetune_llama.py:240] computed original embedding for layer 7 in 59.9728000164032s
I0326 01:06:41.555904 1299728 config.py:54] PyTorch version 2.6.0 available.
W0326 01:06:41.848602 1299728 warnings.py:109] /opt/conda/lib/python3.10/site-packages/torchvision/io/image.py:13: UserWarning: Failed to load image Python extension: '/opt/conda/lib/python3.10/site-packages/torchvision/image.so: undefined symbol: _ZN3c1017RegisterOperatorsD1Ev'If you don't plan on using image functionality from `torchvision.io`, you can ignore this warning. Otherwise, there might be something wrong with your environment. Did you have `libjpeg` or `libpng` installed before building `torchvision` from source?
  warn(

W0326 01:06:42.734778 1299728 warnings.py:109] /opt/conda/lib/python3.10/site-packages/compressai/models/video/google.py:353: FutureWarning: `torch.cuda.amp.autocast(args...)` is deprecated. Please use `torch.amp.autocast('cuda', args...)` instead.
  @amp.autocast(enabled=False)

I0326 01:06:42.739353 1258494 quantize_finetune_llama.py:209] layer 8 gpu 0
I0326 01:06:42.753388 1299728 data_utils.py:336] using 256 training seqs, 128 validation seqs
The attention layers in this model are transitioning from computing the RoPE embeddings internally through `position_ids` (2D tensor with the indexes of the tokens), to using externally computed `position_embeddings` (Tuple of tensors, containing cos and sin). In v4.46 `position_ids` will be removed and `position_embeddings` will be mandatory.
I0326 01:06:49.612774 1299728 finetune.py:45] layer 7_v initial loss 2.0098812456126325e-05
W0326 01:06:49.613024 1299728 warnings.py:109] /workspace/Weight_compression/comp_lm_qtip/lib/algo/finetune.py:46: FutureWarning: `torch.cuda.amp.GradScaler(args...)` is deprecated. Please use `torch.amp.GradScaler('cuda', args...)` instead.
  scaler = torch.cuda.amp.GradScaler(enabled=(orig_dtype==torch.float16))

I0326 01:06:57.746546 1298892 finetune.py:68] layer 6_v @ epoch 1 new loss 9.55878113018116e-06 old loss 1.0542238669586368e-05 BETTER
I0326 01:07:23.169256 1299728 finetune.py:68] layer 7_v @ epoch 0 new loss 1.2901175068691373e-05 old loss 2.0098812456126325e-05 BETTER
I0326 01:07:35.014772 1298892 finetune.py:68] layer 6_v @ epoch 2 new loss 9.077511094801594e-06 old loss 9.55878113018116e-06 BETTER
I0326 01:07:57.617887 1299728 finetune.py:68] layer 7_v @ epoch 1 new loss 1.187718407891225e-05 old loss 1.2901175068691373e-05 BETTER
I0326 01:08:11.985096 1298892 finetune.py:68] layer 6_v @ epoch 3 new loss 8.76649392012041e-06 old loss 9.077511094801594e-06 BETTER
I0326 01:08:32.444640 1299728 finetune.py:68] layer 7_v @ epoch 2 new loss 1.134007288783323e-05 old loss 1.187718407891225e-05 BETTER
I0326 01:08:48.888084 1298892 finetune.py:68] layer 6_v @ epoch 4 new loss 8.537121175322682e-06 old loss 8.76649392012041e-06 BETTER
I0326 01:08:58.586200 1298892 finetune.py:45] layer 6_q initial loss 1.0762729289126582e-05
I0326 01:09:07.470326 1299728 finetune.py:68] layer 7_v @ epoch 3 new loss 1.0980243132507894e-05 old loss 1.134007288783323e-05 BETTER
I0326 01:09:34.528059 1298892 finetune.py:68] layer 6_q @ epoch 0 new loss 1.0138476682186592e-05 old loss 1.0762729289126582e-05 BETTER
I0326 01:09:42.438906 1299728 finetune.py:68] layer 7_v @ epoch 4 new loss 1.0706399734772276e-05 old loss 1.0980243132507894e-05 BETTER
I0326 01:09:51.914499 1299728 finetune.py:45] layer 7_q initial loss 1.3877150195185095e-05
I0326 01:10:11.220650 1298892 finetune.py:68] layer 6_q @ epoch 1 new loss 9.896423762256745e-06 old loss 1.0138476682186592e-05 BETTER
I0326 01:10:25.894225 1299728 finetune.py:68] layer 7_q @ epoch 0 new loss 1.3146324818080757e-05 old loss 1.3877150195185095e-05 BETTER
I0326 01:10:47.756620 1298892 finetune.py:68] layer 6_q @ epoch 2 new loss 9.71446388575714e-06 old loss 9.896423762256745e-06 BETTER
I0326 01:11:00.454366 1299728 finetune.py:68] layer 7_q @ epoch 1 new loss 1.2838658221880905e-05 old loss 1.3146324818080757e-05 BETTER
I0326 01:11:24.356060 1298892 finetune.py:68] layer 6_q @ epoch 3 new loss 9.559436875861138e-06 old loss 9.71446388575714e-06 BETTER
I0326 01:11:34.908434 1299728 finetune.py:68] layer 7_q @ epoch 2 new loss 1.2604755283973645e-05 old loss 1.2838658221880905e-05 BETTER
I0326 01:12:01.085002 1298892 finetune.py:68] layer 6_q @ epoch 4 new loss 9.430752470507286e-06 old loss 9.559436875861138e-06 BETTER
I0326 01:12:08.950193 1298892 finetune.py:45] layer 6_k initial loss 1.0180529898207169e-05
I0326 01:12:09.494614 1299728 finetune.py:68] layer 7_q @ epoch 3 new loss 1.2419181985023897e-05 old loss 1.2604755283973645e-05 BETTER
I0326 01:12:44.158639 1299728 finetune.py:68] layer 7_q @ epoch 4 new loss 1.2254994544491637e-05 old loss 1.2419181985023897e-05 BETTER
I0326 01:12:45.010832 1298892 finetune.py:68] layer 6_k @ epoch 0 new loss 9.916252565744799e-06 old loss 1.0180529898207169e-05 BETTER
I0326 01:12:51.773545 1299728 finetune.py:45] layer 7_k initial loss 1.3084452803013846e-05
I0326 01:13:21.799260 1298892 finetune.py:68] layer 6_k @ epoch 1 new loss 9.8036007329938e-06 old loss 9.916252565744799e-06 BETTER
I0326 01:13:25.629866 1299728 finetune.py:68] layer 7_k @ epoch 0 new loss 1.285197231482016e-05 old loss 1.3084452803013846e-05 BETTER
I0326 01:13:58.629782 1298892 finetune.py:68] layer 6_k @ epoch 2 new loss 9.708909601613414e-06 old loss 9.8036007329938e-06 BETTER
I0326 01:14:00.089516 1299728 finetune.py:68] layer 7_k @ epoch 1 new loss 1.2713921023532748e-05 old loss 1.285197231482016e-05 BETTER
I0326 01:14:34.585787 1299728 finetune.py:68] layer 7_k @ epoch 2 new loss 1.2602249626070261e-05 old loss 1.2713921023532748e-05 BETTER
I0326 01:14:35.527344 1298892 finetune.py:68] layer 6_k @ epoch 3 new loss 9.623469850339461e-06 old loss 9.708909601613414e-06 BETTER
I0326 01:15:09.173713 1299728 finetune.py:68] layer 7_k @ epoch 3 new loss 1.2501758646976668e-05 old loss 1.2602249626070261e-05 BETTER
I0326 01:15:12.315155 1298892 finetune.py:68] layer 6_k @ epoch 4 new loss 9.549118658469524e-06 old loss 9.623469850339461e-06 BETTER
I0326 01:15:21.987589 1298892 finetune.py:45] layer 6_o initial loss 2.943470281024929e-05
I0326 01:15:43.670541 1299728 finetune.py:68] layer 7_k @ epoch 4 new loss 1.2408239854266867e-05 old loss 1.2501758646976668e-05 BETTER
I0326 01:15:53.040506 1299728 finetune.py:45] layer 7_o initial loss 4.16090406361036e-05
I0326 01:15:57.059674 1298892 finetune.py:68] layer 6_o @ epoch 0 new loss 2.7257543479208834e-05 old loss 2.943470281024929e-05 BETTER
I0326 01:16:26.089458 1299728 finetune.py:68] layer 7_o @ epoch 0 new loss 3.7954501749482006e-05 old loss 4.16090406361036e-05 BETTER
I0326 01:16:33.079720 1298892 finetune.py:68] layer 6_o @ epoch 1 new loss 2.6300032914150506e-05 old loss 2.7257543479208834e-05 BETTER
I0326 01:17:00.104148 1299728 finetune.py:68] layer 7_o @ epoch 1 new loss 3.625637327786535e-05 old loss 3.7954501749482006e-05 BETTER
I0326 01:17:08.874265 1298892 finetune.py:68] layer 6_o @ epoch 2 new loss 2.5628831281210296e-05 old loss 2.6300032914150506e-05 BETTER
I0326 01:17:34.081212 1299728 finetune.py:68] layer 7_o @ epoch 2 new loss 3.509754969854839e-05 old loss 3.625637327786535e-05 BETTER
I0326 01:17:44.885787 1298892 finetune.py:68] layer 6_o @ epoch 3 new loss 2.510466583771631e-05 old loss 2.5628831281210296e-05 BETTER
I0326 01:18:07.975965 1299728 finetune.py:68] layer 7_o @ epoch 3 new loss 3.4208405850222334e-05 old loss 3.509754969854839e-05 BETTER
I0326 01:18:20.845350 1298892 finetune.py:68] layer 6_o @ epoch 4 new loss 2.4669938284205273e-05 old loss 2.510466583771631e-05 BETTER
I0326 01:18:42.044250 1299728 finetune.py:68] layer 7_o @ epoch 4 new loss 3.349447069922462e-05 old loss 3.4208405850222334e-05 BETTER
I0326 01:18:42.641271 1298892 finetune.py:45] layer 6_up initial loss 5.199166844249703e-05
I0326 01:19:03.293643 1299728 finetune.py:45] layer 7_up initial loss 6.321801629383117e-05
I0326 01:19:15.034457 1298892 finetune.py:68] layer 6_up @ epoch 0 new loss 5.063179924036376e-05 old loss 5.199166844249703e-05 BETTER
I0326 01:19:34.089919 1299728 finetune.py:68] layer 7_up @ epoch 0 new loss 6.147977546788752e-05 old loss 6.321801629383117e-05 BETTER
I0326 01:19:48.433944 1298892 finetune.py:68] layer 6_up @ epoch 1 new loss 4.978726428817026e-05 old loss 5.063179924036376e-05 BETTER
I0326 01:20:05.890663 1299728 finetune.py:68] layer 7_up @ epoch 1 new loss 6.039821892045438e-05 old loss 6.147977546788752e-05 BETTER
I0326 01:20:22.225378 1298892 finetune.py:68] layer 6_up @ epoch 2 new loss 4.909493509330787e-05 old loss 4.978726428817026e-05 BETTER
I0326 01:20:37.761552 1299728 finetune.py:68] layer 7_up @ epoch 2 new loss 5.950555714662187e-05 old loss 6.039821892045438e-05 BETTER
I0326 01:20:55.948131 1298892 finetune.py:68] layer 6_up @ epoch 3 new loss 4.849553442909382e-05 old loss 4.909493509330787e-05 BETTER
I0326 01:21:09.900672 1299728 finetune.py:68] layer 7_up @ epoch 3 new loss 5.873349800822325e-05 old loss 5.950555714662187e-05 BETTER
I0326 01:21:29.432436 1298892 finetune.py:68] layer 6_up @ epoch 4 new loss 4.795605855179019e-05 old loss 4.849553442909382e-05 BETTER
I0326 01:21:42.048660 1299728 finetune.py:68] layer 7_up @ epoch 4 new loss 5.804304237244651e-05 old loss 5.873349800822325e-05 BETTER
I0326 01:21:51.203174 1298892 finetune.py:45] layer 6_gate initial loss 5.728190080844797e-05
I0326 01:22:03.657106 1299728 finetune.py:45] layer 7_gate initial loss 6.94149493938312e-05
I0326 01:22:21.388707 1298892 finetune.py:68] layer 6_gate @ epoch 0 new loss 5.666560537065379e-05 old loss 5.728190080844797e-05 BETTER
I0326 01:22:32.176927 1299728 finetune.py:68] layer 7_gate @ epoch 0 new loss 6.86355633661151e-05 old loss 6.94149493938312e-05 BETTER
I0326 01:22:52.483690 1298892 finetune.py:68] layer 6_gate @ epoch 1 new loss 5.617827264359221e-05 old loss 5.666560537065379e-05 BETTER
I0326 01:23:01.580647 1299728 finetune.py:68] layer 7_gate @ epoch 1 new loss 6.803036376368254e-05 old loss 6.86355633661151e-05 BETTER
I0326 01:23:23.849675 1298892 finetune.py:68] layer 6_gate @ epoch 2 new loss 5.5746055295458063e-05 old loss 5.617827264359221e-05 BETTER
I0326 01:23:31.262153 1299728 finetune.py:68] layer 7_gate @ epoch 2 new loss 6.749441672582179e-05 old loss 6.803036376368254e-05 BETTER
I0326 01:23:55.201025 1298892 finetune.py:68] layer 6_gate @ epoch 3 new loss 5.534846422960982e-05 old loss 5.5746055295458063e-05 BETTER
I0326 01:24:00.927438 1299728 finetune.py:68] layer 7_gate @ epoch 3 new loss 6.700392259517685e-05 old loss 6.749441672582179e-05 BETTER
I0326 01:24:26.551806 1298892 finetune.py:68] layer 6_gate @ epoch 4 new loss 5.498210884979926e-05 old loss 5.534846422960982e-05 BETTER
I0326 01:24:30.572412 1299728 finetune.py:68] layer 7_gate @ epoch 4 new loss 6.65531333652325e-05 old loss 6.700392259517685e-05 BETTER
I0326 01:24:49.477011 1298892 finetune.py:45] layer 6_down initial loss 8.959278056863695e-05
I0326 01:24:53.005093 1299728 finetune.py:45] layer 7_down initial loss 0.0001046152610797435
I0326 01:25:17.675467 1298892 finetune.py:68] layer 6_down @ epoch 0 new loss 8.957126556197181e-05 old loss 8.959278056863695e-05 BETTER
I0326 01:25:19.860126 1299728 finetune.py:68] layer 7_down @ epoch 0 new loss 0.00010459366603754461 old loss 0.0001046152610797435 BETTER
I0326 01:25:46.510251 1298892 finetune.py:68] layer 6_down @ epoch 1 new loss 8.955737575888634e-05 old loss 8.957126556197181e-05 BETTER
I0326 01:25:47.463150 1299728 finetune.py:68] layer 7_down @ epoch 1 new loss 0.00010457766620675102 old loss 0.00010459366603754461 BETTER
I0326 01:26:15.086363 1299728 finetune.py:68] layer 7_down @ epoch 2 new loss 0.00010456427116878331 old loss 0.00010457766620675102 BETTER
I0326 01:26:15.675676 1298892 finetune.py:68] layer 6_down @ epoch 2 new loss 8.954549412010238e-05 old loss 8.955737575888634e-05 BETTER
I0326 01:26:42.748202 1299728 finetune.py:68] layer 7_down @ epoch 3 new loss 0.00010455233859829605 old loss 0.00010456427116878331 BETTER
I0326 01:26:44.967712 1298892 finetune.py:68] layer 6_down @ epoch 3 new loss 8.95358098205179e-05 old loss 8.954549412010238e-05 BETTER
I0326 01:27:10.491195 1299728 finetune.py:68] layer 7_down @ epoch 4 new loss 0.00010454258153913543 old loss 0.00010455233859829605 BETTER
7_v proxy err 0.026929883286356926 tr(WHW.T) 309.4270935058594
bpp_loss 2.6720385551452637
7_q proxy err 0.0011718852911144495 tr(WHW.T) 35165.53515625
bpp_loss 3.5189669132232666
7_k proxy err 0.0004413604910951108 tr(WHW.T) 26917.767578125
bpp_loss 4.466965436935425
7_o proxy err 0.037439245730638504 tr(WHW.T) 971.2352294921875
bpp_loss 2.8096357583999634
7_up proxy err 0.01785941608250141 tr(WHW.T) 8628.771484375
bpp_loss 2.9387521743774414
7_gate proxy err 0.0047258855774998665 tr(WHW.T) 34912.7265625
bpp_loss 3.2261581420898438
7_down proxy err 0.024213485419750214 tr(WHW.T) 6591.88623046875
bpp_loss 2.944946527481079
I0326 01:27:14.235053 1298892 finetune.py:68] layer 6_down @ epoch 4 new loss 8.9527246018406e-05 old loss 8.95358098205179e-05 BETTER
6_v proxy err 0.03219399228692055 tr(WHW.T) 253.63377380371094
bpp_loss 2.6738226413726807
6_q proxy err 0.0011250650277361274 tr(WHW.T) 35664.37109375
bpp_loss 3.590239405632019
6_k proxy err 0.0004358861187938601 tr(WHW.T) 26213.390625
bpp_loss 4.44566535949707
6_o proxy err 0.03672691434621811 tr(WHW.T) 1022.5650634765625
bpp_loss 2.7989741563796997
6_up proxy err 0.0196684617549181 tr(WHW.T) 7920.25830078125
bpp_loss 2.926279749189104
6_gate proxy err 0.0047076549381017685 tr(WHW.T) 35719.16015625
bpp_loss 3.253603662763323
6_down proxy err 0.02405906468629837 tr(WHW.T) 6540.03271484375
bpp_loss 2.930805512837001
I0326 01:28:22.768478 1258494 quantize_finetune_llama.py:240] computed original embedding for layer 8 in 63.651798486709595s
I0326 01:28:25.906538 1315366 config.py:54] PyTorch version 2.6.0 available.
W0326 01:28:26.185847 1315366 warnings.py:109] /opt/conda/lib/python3.10/site-packages/torchvision/io/image.py:13: UserWarning: Failed to load image Python extension: '/opt/conda/lib/python3.10/site-packages/torchvision/image.so: undefined symbol: _ZN3c1017RegisterOperatorsD1Ev'If you don't plan on using image functionality from `torchvision.io`, you can ignore this warning. Otherwise, there might be something wrong with your environment. Did you have `libjpeg` or `libpng` installed before building `torchvision` from source?
  warn(

W0326 01:28:27.073860 1315366 warnings.py:109] /opt/conda/lib/python3.10/site-packages/compressai/models/video/google.py:353: FutureWarning: `torch.cuda.amp.autocast(args...)` is deprecated. Please use `torch.amp.autocast('cuda', args...)` instead.
  @amp.autocast(enabled=False)

I0326 01:28:27.077779 1258494 quantize_finetune_llama.py:209] layer 9 gpu 1
I0326 01:28:27.090955 1315366 data_utils.py:336] using 256 training seqs, 128 validation seqs
The attention layers in this model are transitioning from computing the RoPE embeddings internally through `position_ids` (2D tensor with the indexes of the tokens), to using externally computed `position_embeddings` (Tuple of tensors, containing cos and sin). In v4.46 `position_ids` will be removed and `position_embeddings` will be mandatory.
I0326 01:28:34.371341 1315366 finetune.py:45] layer 8_v initial loss 2.1916650439379737e-05
W0326 01:28:34.371605 1315366 warnings.py:109] /workspace/Weight_compression/comp_lm_qtip/lib/algo/finetune.py:46: FutureWarning: `torch.cuda.amp.GradScaler(args...)` is deprecated. Please use `torch.amp.GradScaler('cuda', args...)` instead.
  scaler = torch.cuda.amp.GradScaler(enabled=(orig_dtype==torch.float16))

I0326 01:29:10.351175 1315366 finetune.py:68] layer 8_v @ epoch 0 new loss 1.4583880329155363e-05 old loss 2.1916650439379737e-05 BETTER
I0326 01:29:26.921980 1258494 quantize_finetune_llama.py:240] computed original embedding for layer 9 in 59.416852951049805s
I0326 01:29:30.323832 1316199 config.py:54] PyTorch version 2.6.0 available.
W0326 01:29:30.606917 1316199 warnings.py:109] /opt/conda/lib/python3.10/site-packages/torchvision/io/image.py:13: UserWarning: Failed to load image Python extension: '/opt/conda/lib/python3.10/site-packages/torchvision/image.so: undefined symbol: _ZN3c1017RegisterOperatorsD1Ev'If you don't plan on using image functionality from `torchvision.io`, you can ignore this warning. Otherwise, there might be something wrong with your environment. Did you have `libjpeg` or `libpng` installed before building `torchvision` from source?
  warn(

W0326 01:29:31.561690 1316199 warnings.py:109] /opt/conda/lib/python3.10/site-packages/compressai/models/video/google.py:353: FutureWarning: `torch.cuda.amp.autocast(args...)` is deprecated. Please use `torch.amp.autocast('cuda', args...)` instead.
  @amp.autocast(enabled=False)

I0326 01:29:31.565491 1258494 quantize_finetune_llama.py:209] layer 10 gpu 0
I0326 01:29:31.578480 1316199 data_utils.py:336] using 256 training seqs, 128 validation seqs
The attention layers in this model are transitioning from computing the RoPE embeddings internally through `position_ids` (2D tensor with the indexes of the tokens), to using externally computed `position_embeddings` (Tuple of tensors, containing cos and sin). In v4.46 `position_ids` will be removed and `position_embeddings` will be mandatory.
I0326 01:29:38.405101 1316199 finetune.py:45] layer 9_v initial loss 2.5025210561580025e-05
W0326 01:29:38.405371 1316199 warnings.py:109] /workspace/Weight_compression/comp_lm_qtip/lib/algo/finetune.py:46: FutureWarning: `torch.cuda.amp.GradScaler(args...)` is deprecated. Please use `torch.amp.GradScaler('cuda', args...)` instead.
  scaler = torch.cuda.amp.GradScaler(enabled=(orig_dtype==torch.float16))

I0326 01:29:47.287820 1315366 finetune.py:68] layer 8_v @ epoch 1 new loss 1.346777116850717e-05 old loss 1.4583880329155363e-05 BETTER
I0326 01:30:11.865970 1316199 finetune.py:68] layer 9_v @ epoch 0 new loss 1.5227506082737818e-05 old loss 2.5025210561580025e-05 BETTER
I0326 01:30:24.215295 1315366 finetune.py:68] layer 8_v @ epoch 2 new loss 1.2875518223154359e-05 old loss 1.346777116850717e-05 BETTER
I0326 01:30:46.329215 1316199 finetune.py:68] layer 9_v @ epoch 1 new loss 1.389633325743489e-05 old loss 1.5227506082737818e-05 BETTER
I0326 01:31:01.678092 1315366 finetune.py:68] layer 8_v @ epoch 3 new loss 1.2471069567254744e-05 old loss 1.2875518223154359e-05 BETTER
I0326 01:31:21.106734 1316199 finetune.py:68] layer 9_v @ epoch 2 new loss 1.321718536928529e-05 old loss 1.389633325743489e-05 BETTER
I0326 01:31:38.848858 1315366 finetune.py:68] layer 8_v @ epoch 4 new loss 1.2167311069788411e-05 old loss 1.2471069567254744e-05 BETTER
I0326 01:31:48.565153 1315366 finetune.py:45] layer 8_q initial loss 1.5507152056670748e-05
I0326 01:31:56.031097 1316199 finetune.py:68] layer 9_v @ epoch 3 new loss 1.2761064681399148e-05 old loss 1.321718536928529e-05 BETTER
I0326 01:32:24.513866 1315366 finetune.py:68] layer 8_q @ epoch 0 new loss 1.4812325389357284e-05 old loss 1.5507152056670748e-05 BETTER
I0326 01:32:31.075165 1316199 finetune.py:68] layer 9_v @ epoch 4 new loss 1.2436395081749652e-05 old loss 1.2761064681399148e-05 BETTER
I0326 01:32:40.442341 1316199 finetune.py:45] layer 9_q initial loss 1.6127161870826967e-05
I0326 01:33:01.220021 1315366 finetune.py:68] layer 8_q @ epoch 1 new loss 1.448081366106635e-05 old loss 1.4812325389357284e-05 BETTER
I0326 01:33:14.162215 1316199 finetune.py:68] layer 9_q @ epoch 0 new loss 1.5360148609033786e-05 old loss 1.6127161870826967e-05 BETTER
I0326 01:33:37.981744 1315366 finetune.py:68] layer 8_q @ epoch 2 new loss 1.4231135537556838e-05 old loss 1.448081366106635e-05 BETTER
I0326 01:33:48.683268 1316199 finetune.py:68] layer 9_q @ epoch 1 new loss 1.5012153198767919e-05 old loss 1.5360148609033786e-05 BETTER
I0326 01:34:14.850767 1315366 finetune.py:68] layer 8_q @ epoch 3 new loss 1.402141606376972e-05 old loss 1.4231135537556838e-05 BETTER
I0326 01:34:23.301371 1316199 finetune.py:68] layer 9_q @ epoch 2 new loss 1.4755228221474681e-05 old loss 1.5012153198767919e-05 BETTER
I0326 01:34:52.189363 1315366 finetune.py:68] layer 8_q @ epoch 4 new loss 1.3845392459188588e-05 old loss 1.402141606376972e-05 BETTER
I0326 01:34:58.176753 1316199 finetune.py:68] layer 9_q @ epoch 3 new loss 1.4543339602823835e-05 old loss 1.4755228221474681e-05 BETTER
I0326 01:35:00.323219 1315366 finetune.py:45] layer 8_k initial loss 1.4675504644401371e-05
I0326 01:35:32.790131 1316199 finetune.py:68] layer 9_q @ epoch 4 new loss 1.4360547538672108e-05 old loss 1.4543339602823835e-05 BETTER
I0326 01:35:36.518639 1315366 finetune.py:68] layer 8_k @ epoch 0 new loss 1.4427312635234557e-05 old loss 1.4675504644401371e-05 BETTER
I0326 01:35:40.595540 1316199 finetune.py:45] layer 9_k initial loss 1.530878580524586e-05
I0326 01:36:13.490747 1315366 finetune.py:68] layer 8_k @ epoch 1 new loss 1.4286411897046492e-05 old loss 1.4427312635234557e-05 BETTER
I0326 01:36:14.465960 1316199 finetune.py:68] layer 9_k @ epoch 0 new loss 1.5073625945660751e-05 old loss 1.530878580524586e-05 BETTER
I0326 01:36:48.932016 1316199 finetune.py:68] layer 9_k @ epoch 1 new loss 1.492137471359456e-05 old loss 1.5073625945660751e-05 BETTER
I0326 01:36:50.360762 1315366 finetune.py:68] layer 8_k @ epoch 2 new loss 1.416418581356993e-05 old loss 1.4286411897046492e-05 BETTER
I0326 01:37:23.407076 1316199 finetune.py:68] layer 9_k @ epoch 2 new loss 1.4790827663091477e-05 old loss 1.492137471359456e-05 BETTER
I0326 01:37:27.027449 1315366 finetune.py:68] layer 8_k @ epoch 3 new loss 1.4054027815291192e-05 old loss 1.416418581356993e-05 BETTER
I0326 01:37:58.128411 1316199 finetune.py:68] layer 9_k @ epoch 3 new loss 1.4684987036162056e-05 old loss 1.4790827663091477e-05 BETTER
I0326 01:38:03.572139 1315366 finetune.py:68] layer 8_k @ epoch 4 new loss 1.3958162526250817e-05 old loss 1.4054027815291192e-05 BETTER
I0326 01:38:13.335257 1315366 finetune.py:45] layer 8_o initial loss 5.221170431468636e-05
I0326 01:38:32.493509 1316199 finetune.py:68] layer 9_k @ epoch 4 new loss 1.4576780813513324e-05 old loss 1.4684987036162056e-05 BETTER
I0326 01:38:41.821741 1316199 finetune.py:45] layer 9_o initial loss 5.66877170058433e-05
I0326 01:38:48.436276 1315366 finetune.py:68] layer 8_o @ epoch 0 new loss 4.764904952025972e-05 old loss 5.221170431468636e-05 BETTER
I0326 01:39:14.727282 1316199 finetune.py:68] layer 9_o @ epoch 0 new loss 5.150546712684445e-05 old loss 5.66877170058433e-05 BETTER
I0326 01:39:24.090247 1315366 finetune.py:68] layer 8_o @ epoch 1 new loss 4.550413723336533e-05 old loss 4.764904952025972e-05 BETTER
I0326 01:39:48.324215 1316199 finetune.py:68] layer 9_o @ epoch 1 new loss 4.907879701931961e-05 old loss 5.150546712684445e-05 BETTER
I0326 01:40:00.240931 1315366 finetune.py:68] layer 8_o @ epoch 2 new loss 4.4006072130287066e-05 old loss 4.550413723336533e-05 BETTER
I0326 01:40:22.320339 1316199 finetune.py:68] layer 9_o @ epoch 2 new loss 4.7378140152432024e-05 old loss 4.907879701931961e-05 BETTER
I0326 01:40:36.251160 1315366 finetune.py:68] layer 8_o @ epoch 3 new loss 4.285158502170816e-05 old loss 4.4006072130287066e-05 BETTER
I0326 01:40:56.328313 1316199 finetune.py:68] layer 9_o @ epoch 3 new loss 4.608942617778666e-05 old loss 4.7378140152432024e-05 BETTER
I0326 01:41:12.200222 1315366 finetune.py:68] layer 8_o @ epoch 4 new loss 4.190875915810466e-05 old loss 4.285158502170816e-05 BETTER
I0326 01:41:30.425417 1316199 finetune.py:68] layer 9_o @ epoch 4 new loss 4.5037864765617996e-05 old loss 4.608942617778666e-05 BETTER
I0326 01:41:33.766425 1315366 finetune.py:45] layer 8_up initial loss 7.431029371218756e-05
I0326 01:41:51.748535 1316199 finetune.py:45] layer 9_up initial loss 8.070277544902638e-05
I0326 01:42:06.126556 1315366 finetune.py:68] layer 8_up @ epoch 0 new loss 7.236124656628817e-05 old loss 7.431029371218756e-05 BETTER
I0326 01:42:22.409744 1316199 finetune.py:68] layer 9_up @ epoch 0 new loss 7.840642501832917e-05 old loss 8.070277544902638e-05 BETTER
I0326 01:42:39.565177 1315366 finetune.py:68] layer 8_up @ epoch 1 new loss 7.109620491974056e-05 old loss 7.236124656628817e-05 BETTER
I0326 01:42:54.172203 1316199 finetune.py:68] layer 9_up @ epoch 1 new loss 7.695659587625414e-05 old loss 7.840642501832917e-05 BETTER
I0326 01:43:12.954712 1315366 finetune.py:68] layer 8_up @ epoch 2 new loss 7.004888175288215e-05 old loss 7.109620491974056e-05 BETTER
I0326 01:43:26.215938 1316199 finetune.py:68] layer 9_up @ epoch 2 new loss 7.57640809752047e-05 old loss 7.695659587625414e-05 BETTER
I0326 01:43:46.685359 1315366 finetune.py:68] layer 8_up @ epoch 3 new loss 6.914704135851935e-05 old loss 7.004888175288215e-05 BETTER
I0326 01:43:58.194459 1316199 finetune.py:68] layer 9_up @ epoch 3 new loss 7.47239901102148e-05 old loss 7.57640809752047e-05 BETTER
I0326 01:44:20.573804 1315366 finetune.py:68] layer 8_up @ epoch 4 new loss 6.832860526628792e-05 old loss 6.914704135851935e-05 BETTER
I0326 01:44:30.289776 1316199 finetune.py:68] layer 9_up @ epoch 4 new loss 7.381191244348884e-05 old loss 7.47239901102148e-05 BETTER
I0326 01:44:42.340942 1315366 finetune.py:45] layer 8_gate initial loss 8.047276787692681e-05
I0326 01:44:51.871922 1316199 finetune.py:45] layer 9_gate initial loss 8.696778968442231e-05
I0326 01:45:12.543543 1315366 finetune.py:68] layer 8_gate @ epoch 0 new loss 7.959442882565781e-05 old loss 8.047276787692681e-05 BETTER
I0326 01:45:20.528299 1316199 finetune.py:68] layer 9_gate @ epoch 0 new loss 8.596099360147491e-05 old loss 8.696778968442231e-05 BETTER
I0326 01:45:43.839248 1315366 finetune.py:68] layer 8_gate @ epoch 1 new loss 7.888718391768634e-05 old loss 7.959442882565781e-05 BETTER
I0326 01:45:49.968619 1316199 finetune.py:68] layer 9_gate @ epoch 1 new loss 8.517181413481012e-05 old loss 8.596099360147491e-05 BETTER
I0326 01:46:15.231243 1315366 finetune.py:68] layer 8_gate @ epoch 2 new loss 7.825404463801533e-05 old loss 7.888718391768634e-05 BETTER
I0326 01:46:19.696927 1316199 finetune.py:68] layer 9_gate @ epoch 2 new loss 8.446396532235667e-05 old loss 8.517181413481012e-05 BETTER
I0326 01:46:46.887802 1315366 finetune.py:68] layer 8_gate @ epoch 3 new loss 7.768012437736616e-05 old loss 7.825404463801533e-05 BETTER
I0326 01:46:49.452341 1316199 finetune.py:68] layer 9_gate @ epoch 3 new loss 8.381266525248066e-05 old loss 8.446396532235667e-05 BETTER
I0326 01:47:18.449626 1315366 finetune.py:68] layer 8_gate @ epoch 4 new loss 7.714294042671099e-05 old loss 7.768012437736616e-05 BETTER
I0326 01:47:19.179760 1316199 finetune.py:68] layer 9_gate @ epoch 4 new loss 8.32217774586752e-05 old loss 8.381266525248066e-05 BETTER
I0326 01:47:41.092582 1315366 finetune.py:45] layer 8_down initial loss 0.00011848919530166313
I0326 01:47:41.521491 1316199 finetune.py:45] layer 9_down initial loss 0.00012927564966958016
I0326 01:48:08.274258 1316199 finetune.py:68] layer 9_down @ epoch 0 new loss 0.00012924718612339348 old loss 0.00012927564966958016 BETTER
I0326 01:48:08.925938 1315366 finetune.py:68] layer 8_down @ epoch 0 new loss 0.00011846187408082187 old loss 0.00011848919530166313 BETTER
I0326 01:48:35.915360 1316199 finetune.py:68] layer 9_down @ epoch 1 new loss 0.00012922311725560576 old loss 0.00012924718612339348 BETTER
I0326 01:48:37.817421 1315366 finetune.py:68] layer 8_down @ epoch 1 new loss 0.00011843990796478465 old loss 0.00011846187408082187 BETTER
I0326 01:49:03.586113 1316199 finetune.py:68] layer 9_down @ epoch 2 new loss 0.00012920402514282614 old loss 0.00012922311725560576 BETTER
I0326 01:49:06.798238 1315366 finetune.py:68] layer 8_down @ epoch 2 new loss 0.00011842227104352787 old loss 0.00011843990796478465 BETTER
I0326 01:49:31.280277 1316199 finetune.py:68] layer 9_down @ epoch 3 new loss 0.00012918573338538408 old loss 0.00012920402514282614 BETTER
I0326 01:49:35.808629 1315366 finetune.py:68] layer 8_down @ epoch 3 new loss 0.00011840731895063072 old loss 0.00011842227104352787 BETTER
I0326 01:49:58.882541 1316199 finetune.py:68] layer 9_down @ epoch 4 new loss 0.00012917020649183542 old loss 0.00012918573338538408 BETTER
9_v proxy err 0.022929061204195023 tr(WHW.T) 351.4288024902344
bpp_loss 2.78976309299469
9_q proxy err 0.0014685873175039887 tr(WHW.T) 25665.158203125
bpp_loss 3.517716407775879
9_k proxy err 0.0005148737109266222 tr(WHW.T) 20978.525390625
bpp_loss 4.403251647949219
9_o proxy err 0.046694111078977585 tr(WHW.T) 786.8587036132812
bpp_loss 2.873822569847107
9_up proxy err 0.01717926748096943 tr(WHW.T) 8972.4140625
bpp_loss 2.94366523197719
9_gate proxy err 0.004197461996227503 tr(WHW.T) 39474.1796875
bpp_loss 3.2431231907435825
9_down proxy err 0.025054289028048515 tr(WHW.T) 6331.73583984375
bpp_loss 2.9446070875440324
I0326 01:50:04.978192 1315366 finetune.py:68] layer 8_down @ epoch 4 new loss 0.00011839155195048079 old loss 0.00011840731895063072 BETTER
8_v proxy err 0.030793126672506332 tr(WHW.T) 257.7052307128906
bpp_loss 2.6926302909851074
8_q proxy err 0.0014212469104677439 tr(WHW.T) 26613.21875
bpp_loss 3.5057283639907837
8_k proxy err 0.0004813117266166955 tr(WHW.T) 22553.19140625
bpp_loss 4.383333444595337
8_o proxy err 0.04917140305042267 tr(WHW.T) 755.37109375
bpp_loss 2.8200957775115967
8_up proxy err 0.018055615946650505 tr(WHW.T) 8498.5302734375
bpp_loss 2.9346847534179688
8_gate proxy err 0.0044081928208470345 tr(WHW.T) 37317.6171875
bpp_loss 3.2303338732038225
8_down proxy err 0.024727223441004753 tr(WHW.T) 6542.9052734375
bpp_loss 2.94330256325858
I0326 01:51:12.729676 1258494 quantize_finetune_llama.py:240] computed original embedding for layer 10 in 62.79403042793274s
I0326 01:51:16.076084 1327063 config.py:54] PyTorch version 2.6.0 available.
W0326 01:51:16.355788 1327063 warnings.py:109] /opt/conda/lib/python3.10/site-packages/torchvision/io/image.py:13: UserWarning: Failed to load image Python extension: '/opt/conda/lib/python3.10/site-packages/torchvision/image.so: undefined symbol: _ZN3c1017RegisterOperatorsD1Ev'If you don't plan on using image functionality from `torchvision.io`, you can ignore this warning. Otherwise, there might be something wrong with your environment. Did you have `libjpeg` or `libpng` installed before building `torchvision` from source?
  warn(

W0326 01:51:17.224377 1327063 warnings.py:109] /opt/conda/lib/python3.10/site-packages/compressai/models/video/google.py:353: FutureWarning: `torch.cuda.amp.autocast(args...)` is deprecated. Please use `torch.amp.autocast('cuda', args...)` instead.
  @amp.autocast(enabled=False)

I0326 01:51:17.228261 1258494 quantize_finetune_llama.py:209] layer 11 gpu 1
I0326 01:51:17.241218 1327063 data_utils.py:336] using 256 training seqs, 128 validation seqs
The attention layers in this model are transitioning from computing the RoPE embeddings internally through `position_ids` (2D tensor with the indexes of the tokens), to using externally computed `position_embeddings` (Tuple of tensors, containing cos and sin). In v4.46 `position_ids` will be removed and `position_embeddings` will be mandatory.
I0326 01:51:24.545699 1327063 finetune.py:45] layer 10_v initial loss 2.8997887056902982e-05
W0326 01:51:24.545900 1327063 warnings.py:109] /workspace/Weight_compression/comp_lm_qtip/lib/algo/finetune.py:46: FutureWarning: `torch.cuda.amp.GradScaler(args...)` is deprecated. Please use `torch.amp.GradScaler('cuda', args...)` instead.
  scaler = torch.cuda.amp.GradScaler(enabled=(orig_dtype==torch.float16))

I0326 01:52:00.676993 1327063 finetune.py:68] layer 10_v @ epoch 0 new loss 2.0057061192346737e-05 old loss 2.8997887056902982e-05 BETTER
I0326 01:52:17.201049 1258494 quantize_finetune_llama.py:240] computed original embedding for layer 11 in 59.57663583755493s
I0326 01:52:20.604084 1327175 config.py:54] PyTorch version 2.6.0 available.
W0326 01:52:20.883243 1327175 warnings.py:109] /opt/conda/lib/python3.10/site-packages/torchvision/io/image.py:13: UserWarning: Failed to load image Python extension: '/opt/conda/lib/python3.10/site-packages/torchvision/image.so: undefined symbol: _ZN3c1017RegisterOperatorsD1Ev'If you don't plan on using image functionality from `torchvision.io`, you can ignore this warning. Otherwise, there might be something wrong with your environment. Did you have `libjpeg` or `libpng` installed before building `torchvision` from source?
  warn(

W0326 01:52:21.787563 1327175 warnings.py:109] /opt/conda/lib/python3.10/site-packages/compressai/models/video/google.py:353: FutureWarning: `torch.cuda.amp.autocast(args...)` is deprecated. Please use `torch.amp.autocast('cuda', args...)` instead.
  @amp.autocast(enabled=False)

I0326 01:52:21.791261 1258494 quantize_finetune_llama.py:209] layer 12 gpu 0
I0326 01:52:21.803781 1327175 data_utils.py:336] using 256 training seqs, 128 validation seqs
The attention layers in this model are transitioning from computing the RoPE embeddings internally through `position_ids` (2D tensor with the indexes of the tokens), to using externally computed `position_embeddings` (Tuple of tensors, containing cos and sin). In v4.46 `position_ids` will be removed and `position_embeddings` will be mandatory.
I0326 01:52:28.607434 1327175 finetune.py:45] layer 11_v initial loss 2.5657116566435434e-05
W0326 01:52:28.607689 1327175 warnings.py:109] /workspace/Weight_compression/comp_lm_qtip/lib/algo/finetune.py:46: FutureWarning: `torch.cuda.amp.GradScaler(args...)` is deprecated. Please use `torch.amp.GradScaler('cuda', args...)` instead.
  scaler = torch.cuda.amp.GradScaler(enabled=(orig_dtype==torch.float16))

I0326 01:52:37.572112 1327063 finetune.py:68] layer 10_v @ epoch 1 new loss 1.8537728465162218e-05 old loss 2.0057061192346737e-05 BETTER
I0326 01:53:01.860939 1327175 finetune.py:68] layer 11_v @ epoch 0 new loss 1.7617012417758815e-05 old loss 2.5657116566435434e-05 BETTER
I0326 01:53:14.475457 1327063 finetune.py:68] layer 10_v @ epoch 2 new loss 1.772093128238339e-05 old loss 1.8537728465162218e-05 BETTER
I0326 01:53:36.353611 1327175 finetune.py:68] layer 11_v @ epoch 1 new loss 1.6322481315000914e-05 old loss 1.7617012417758815e-05 BETTER
I0326 01:53:51.297654 1327063 finetune.py:68] layer 10_v @ epoch 3 new loss 1.7155722161987796e-05 old loss 1.772093128238339e-05 BETTER
I0326 01:54:10.987128 1327175 finetune.py:68] layer 11_v @ epoch 2 new loss 1.5621091733919457e-05 old loss 1.6322481315000914e-05 BETTER
I0326 01:54:28.285010 1327063 finetune.py:68] layer 10_v @ epoch 4 new loss 1.6727455658838153e-05 old loss 1.7155722161987796e-05 BETTER
I0326 01:54:37.953548 1327063 finetune.py:45] layer 10_q initial loss 2.1193154680076987e-05
I0326 01:54:45.971603 1327175 finetune.py:68] layer 11_v @ epoch 3 new loss 1.5137893569772132e-05 old loss 1.5621091733919457e-05 BETTER
I0326 01:55:13.790351 1327063 finetune.py:68] layer 10_q @ epoch 0 new loss 2.0095330910407938e-05 old loss 2.1193154680076987e-05 BETTER
I0326 01:55:21.006709 1327175 finetune.py:68] layer 11_v @ epoch 4 new loss 1.4777038813917898e-05 old loss 1.5137893569772132e-05 BETTER
I0326 01:55:30.343953 1327175 finetune.py:45] layer 11_q initial loss 1.9721906937775202e-05
I0326 01:55:50.661485 1327063 finetune.py:68] layer 10_q @ epoch 1 new loss 1.9637505829450674e-05 old loss 2.0095330910407938e-05 BETTER
I0326 01:56:04.231687 1327175 finetune.py:68] layer 11_q @ epoch 0 new loss 1.875887392088771e-05 old loss 1.9721906937775202e-05 BETTER
I0326 01:56:27.344987 1327063 finetune.py:68] layer 10_q @ epoch 2 new loss 1.9278799300082028e-05 old loss 1.9637505829450674e-05 BETTER
I0326 01:56:38.861378 1327175 finetune.py:68] layer 11_q @ epoch 1 new loss 1.8359458408667706e-05 old loss 1.875887392088771e-05 BETTER
I0326 01:57:04.263279 1327063 finetune.py:68] layer 10_q @ epoch 3 new loss 1.899167000374291e-05 old loss 1.9278799300082028e-05 BETTER
I0326 01:57:13.371732 1327175 finetune.py:68] layer 11_q @ epoch 2 new loss 1.8041751900454983e-05 old loss 1.8359458408667706e-05 BETTER
I0326 01:57:41.128558 1327063 finetune.py:68] layer 10_q @ epoch 4 new loss 1.8750946765067056e-05 old loss 1.899167000374291e-05 BETTER
I0326 01:57:47.969509 1327175 finetune.py:68] layer 11_q @ epoch 3 new loss 1.7810256395023316e-05 old loss 1.8041751900454983e-05 BETTER
I0326 01:57:49.021948 1327063 finetune.py:45] layer 10_k initial loss 1.966458876268007e-05
I0326 01:58:22.752543 1327175 finetune.py:68] layer 11_q @ epoch 4 new loss 1.7600308638066053e-05 old loss 1.7810256395023316e-05 BETTER
I0326 01:58:24.901412 1327063 finetune.py:68] layer 10_k @ epoch 0 new loss 1.9388706277823076e-05 old loss 1.966458876268007e-05 BETTER
I0326 01:58:30.383066 1327175 finetune.py:45] layer 11_k initial loss 1.8640770576894283e-05
I0326 01:59:01.599192 1327063 finetune.py:68] layer 10_k @ epoch 1 new loss 1.9198218069504946e-05 old loss 1.9388706277823076e-05 BETTER
I0326 01:59:03.999708 1327175 finetune.py:68] layer 11_k @ epoch 0 new loss 1.8351618564338423e-05 old loss 1.8640770576894283e-05 BETTER
I0326 01:59:38.169452 1327063 finetune.py:68] layer 10_k @ epoch 2 new loss 1.903742850117851e-05 old loss 1.9198218069504946e-05 BETTER
I0326 01:59:38.334041 1327175 finetune.py:68] layer 11_k @ epoch 1 new loss 1.8139775420422666e-05 old loss 1.8351618564338423e-05 BETTER
I0326 02:00:12.781291 1327175 finetune.py:68] layer 11_k @ epoch 2 new loss 1.8005064703174867e-05 old loss 1.8139775420422666e-05 BETTER
I0326 02:00:14.771681 1327063 finetune.py:68] layer 10_k @ epoch 3 new loss 1.888512633740902e-05 old loss 1.903742850117851e-05 BETTER
I0326 02:00:47.248860 1327175 finetune.py:68] layer 11_k @ epoch 3 new loss 1.7848444258561358e-05 old loss 1.8005064703174867e-05 BETTER
I0326 02:00:51.411183 1327063 finetune.py:68] layer 10_k @ epoch 4 new loss 1.8755075871013105e-05 old loss 1.888512633740902e-05 BETTER
I0326 02:01:01.106333 1327063 finetune.py:45] layer 10_o initial loss 6.536708679050207e-05
I0326 02:01:21.793783 1327175 finetune.py:68] layer 11_k @ epoch 4 new loss 1.7729349565343e-05 old loss 1.7848444258561358e-05 BETTER
I0326 02:01:31.120761 1327175 finetune.py:45] layer 11_o initial loss 7.255269883899018e-05
I0326 02:01:36.451867 1327063 finetune.py:68] layer 10_o @ epoch 0 new loss 5.943903306615539e-05 old loss 6.536708679050207e-05 BETTER
I0326 02:02:04.249884 1327175 finetune.py:68] layer 11_o @ epoch 0 new loss 6.500709423562512e-05 old loss 7.255269883899018e-05 BETTER
I0326 02:02:12.482022 1327063 finetune.py:68] layer 10_o @ epoch 1 new loss 5.656015855493024e-05 old loss 5.943903306615539e-05 BETTER
I0326 02:02:38.039381 1327175 finetune.py:68] layer 11_o @ epoch 1 new loss 6.145903171272948e-05 old loss 6.500709423562512e-05 BETTER
I0326 02:02:48.368873 1327063 finetune.py:68] layer 10_o @ epoch 2 new loss 5.458869782160036e-05 old loss 5.656015855493024e-05 BETTER
I0326 02:03:11.783692 1327175 finetune.py:68] layer 11_o @ epoch 2 new loss 5.907362719881348e-05 old loss 6.145903171272948e-05 BETTER
I0326 02:03:24.206513 1327063 finetune.py:68] layer 10_o @ epoch 3 new loss 5.307398896547966e-05 old loss 5.458869782160036e-05 BETTER
I0326 02:03:45.503964 1327175 finetune.py:68] layer 11_o @ epoch 3 new loss 5.7283508795080706e-05 old loss 5.907362719881348e-05 BETTER
I0326 02:04:00.242402 1327063 finetune.py:68] layer 10_o @ epoch 4 new loss 5.18452470714692e-05 old loss 5.307398896547966e-05 BETTER
I0326 02:04:19.183890 1327175 finetune.py:68] layer 11_o @ epoch 4 new loss 5.58322062715888e-05 old loss 5.7283508795080706e-05 BETTER
I0326 02:04:21.852673 1327063 finetune.py:45] layer 10_up initial loss 8.84365726960823e-05
I0326 02:04:40.504072 1327175 finetune.py:45] layer 11_up initial loss 9.489400690654293e-05
I0326 02:04:54.060766 1327063 finetune.py:68] layer 10_up @ epoch 0 new loss 8.595504914410412e-05 old loss 8.84365726960823e-05 BETTER
I0326 02:05:11.160589 1327175 finetune.py:68] layer 11_up @ epoch 0 new loss 9.204744128510356e-05 old loss 9.489400690654293e-05 BETTER
I0326 02:05:27.487617 1327063 finetune.py:68] layer 10_up @ epoch 1 new loss 8.437003998551518e-05 old loss 8.595504914410412e-05 BETTER
I0326 02:05:43.070714 1327175 finetune.py:68] layer 11_up @ epoch 1 new loss 9.023822349263355e-05 old loss 9.204744128510356e-05 BETTER
I0326 02:06:01.132325 1327063 finetune.py:68] layer 10_up @ epoch 2 new loss 8.30868084449321e-05 old loss 8.437003998551518e-05 BETTER
I0326 02:06:15.147756 1327175 finetune.py:68] layer 11_up @ epoch 2 new loss 8.876383799361065e-05 old loss 9.023822349263355e-05 BETTER
I0326 02:06:34.992450 1327063 finetune.py:68] layer 10_up @ epoch 3 new loss 8.195861300919205e-05 old loss 8.30868084449321e-05 BETTER
I0326 02:06:47.244623 1327175 finetune.py:68] layer 11_up @ epoch 3 new loss 8.747427636990324e-05 old loss 8.876383799361065e-05 BETTER
I0326 02:07:08.802022 1327063 finetune.py:68] layer 10_up @ epoch 4 new loss 8.096399687929079e-05 old loss 8.195861300919205e-05 BETTER
I0326 02:07:19.352254 1327175 finetune.py:68] layer 11_up @ epoch 4 new loss 8.63384993863292e-05 old loss 8.747427636990324e-05 BETTER
I0326 02:07:30.662459 1327063 finetune.py:45] layer 10_gate initial loss 9.538222366245463e-05
I0326 02:07:40.771866 1327175 finetune.py:45] layer 11_gate initial loss 0.00010186423605773598
I0326 02:08:01.122091 1327063 finetune.py:68] layer 10_gate @ epoch 0 new loss 9.428567136637866e-05 old loss 9.538222366245463e-05 BETTER
I0326 02:08:09.582404 1327175 finetune.py:68] layer 11_gate @ epoch 0 new loss 0.00010062754154205322 old loss 0.00010186423605773598 BETTER
I0326 02:08:32.385077 1327063 finetune.py:68] layer 10_gate @ epoch 1 new loss 9.342575503978878e-05 old loss 9.428567136637866e-05 BETTER
I0326 02:08:39.076652 1327175 finetune.py:68] layer 11_gate @ epoch 1 new loss 9.96584931272082e-05 old loss 0.00010062754154205322 BETTER
I0326 02:09:03.726292 1327063 finetune.py:68] layer 10_gate @ epoch 2 new loss 9.265844710171223e-05 old loss 9.342575503978878e-05 BETTER
I0326 02:09:08.676904 1327175 finetune.py:68] layer 11_gate @ epoch 2 new loss 9.881432197289541e-05 old loss 9.96584931272082e-05 BETTER
I0326 02:09:35.119220 1327063 finetune.py:68] layer 10_gate @ epoch 3 new loss 9.196797327604145e-05 old loss 9.265844710171223e-05 BETTER
I0326 02:09:38.408858 1327175 finetune.py:68] layer 11_gate @ epoch 3 new loss 9.803449211176485e-05 old loss 9.881432197289541e-05 BETTER
I0326 02:10:06.620290 1327063 finetune.py:68] layer 10_gate @ epoch 4 new loss 9.132169361691922e-05 old loss 9.196797327604145e-05 BETTER
I0326 02:10:08.206240 1327175 finetune.py:68] layer 11_gate @ epoch 4 new loss 9.732621401781216e-05 old loss 9.803449211176485e-05 BETTER
I0326 02:10:29.491686 1327063 finetune.py:45] layer 10_down initial loss 0.00013859198952559382
I0326 02:10:30.427640 1327175 finetune.py:45] layer 11_down initial loss 0.00014672870747745037
I0326 02:10:57.421972 1327175 finetune.py:68] layer 11_down @ epoch 0 new loss 0.00014669535448774695 old loss 0.00014672870747745037 BETTER
I0326 02:10:57.601565 1327063 finetune.py:68] layer 10_down @ epoch 0 new loss 0.00013855646830052137 old loss 0.00013859198952559382 BETTER
I0326 02:11:25.018484 1327175 finetune.py:68] layer 11_down @ epoch 1 new loss 0.0001466658868594095 old loss 0.00014669535448774695 BETTER
I0326 02:11:26.786679 1327063 finetune.py:68] layer 10_down @ epoch 1 new loss 0.00013852994015906006 old loss 0.00013855646830052137 BETTER
I0326 02:11:52.731457 1327175 finetune.py:68] layer 11_down @ epoch 2 new loss 0.00014663778711110353 old loss 0.0001466658868594095 BETTER
I0326 02:11:56.081668 1327063 finetune.py:68] layer 10_down @ epoch 2 new loss 0.00013850540562998503 old loss 0.00013852994015906006 BETTER
I0326 02:12:20.437186 1327175 finetune.py:68] layer 11_down @ epoch 3 new loss 0.0001466153480578214 old loss 0.00014663778711110353 BETTER
I0326 02:12:25.516731 1327063 finetune.py:68] layer 10_down @ epoch 3 new loss 0.00013848402886651456 old loss 0.00013850540562998503 BETTER
I0326 02:12:48.047284 1327175 finetune.py:68] layer 11_down @ epoch 4 new loss 0.00014659340376965702 old loss 0.0001466153480578214 BETTER
11_v proxy err 0.024582654237747192 tr(WHW.T) 319.5691223144531
bpp_loss 2.68950617313385
11_q proxy err 0.0016719565028324723 tr(WHW.T) 22205.85546875
bpp_loss 3.4612538814544678
11_k proxy err 0.0005945854936726391 tr(WHW.T) 18039.21484375
bpp_loss 4.402628421783447
11_o proxy err 0.059280458837747574 tr(WHW.T) 574.9369506835938
bpp_loss 2.8317453861236572
11_up proxy err 0.0166657492518425 tr(WHW.T) 9206.4033203125
bpp_loss 2.9645998818533763
11_gate proxy err 0.0043859477154910564 tr(WHW.T) 37018.76953125
bpp_loss 3.1943088259015764
11_down proxy err 0.023341244086623192 tr(WHW.T) 6721.96875
bpp_loss 2.9678946222577776
I0326 02:12:54.918296 1327063 finetune.py:68] layer 10_down @ epoch 4 new loss 0.00013846607180312276 old loss 0.00013848402886651456 BETTER
10_v proxy err 0.03004014678299427 tr(WHW.T) 251.83889770507812
bpp_loss 2.682924509048462
