I0326 09:32:21.421951 1537554 finetune.py:68] layer 17_gate @ epoch 4 new loss 7.339943840634078e-05 old loss 7.40124742151238e-05 BETTER
I0326 09:32:39.896304 1536852 finetune.py:45] layer 16_down initial loss 0.000124176440294832
I0326 09:32:44.812705 1537554 finetune.py:45] layer 17_down initial loss 0.00013611801841761917
I0326 09:33:07.985944 1536852 finetune.py:68] layer 16_down @ epoch 0 new loss 0.00012416501704137772 old loss 0.000124176440294832 BETTER
I0326 09:33:11.668832 1537554 finetune.py:68] layer 17_down @ epoch 0 new loss 0.00013610481983050704 old loss 0.00013611801841761917 BETTER
I0326 09:33:37.359377 1536852 finetune.py:68] layer 16_down @ epoch 1 new loss 0.00012415517994668335 old loss 0.00012416501704137772 BETTER
I0326 09:33:39.535802 1537554 finetune.py:68] layer 17_down @ epoch 1 new loss 0.00013609560846816748 old loss 0.00013610481983050704 BETTER
I0326 09:34:06.962399 1536852 finetune.py:68] layer 16_down @ epoch 2 new loss 0.00012414749653544277 old loss 0.00012415517994668335 BETTER
I0326 09:34:07.298156 1537554 finetune.py:68] layer 17_down @ epoch 2 new loss 0.00013608727022074163 old loss 0.00013609560846816748 BETTER
I0326 09:34:35.118168 1537554 finetune.py:68] layer 17_down @ epoch 3 new loss 0.00013608061999548227 old loss 0.00013608727022074163 BETTER
I0326 09:34:36.579526 1536852 finetune.py:68] layer 16_down @ epoch 3 new loss 0.00012414094817359 old loss 0.00012414749653544277 BETTER
I0326 09:35:03.128223 1537554 finetune.py:68] layer 17_down @ epoch 4 new loss 0.00013607491564471275 old loss 0.00013608061999548227 BETTER
17_v proxy err 0.015160074457526207 tr(WHW.T) 283.9730224609375
bpp_loss 3.314234972000122
17_q proxy err 0.0006923260516487062 tr(WHW.T) 27575.0234375
bpp_loss 4.135690212249756
17_k proxy err 0.0003234746982343495 tr(WHW.T) 17433.1640625
bpp_loss 5.087945938110352
17_o proxy err 0.018870877102017403 tr(WHW.T) 1110.962646484375
bpp_loss 3.3785678148269653
17_up proxy err 0.009435235522687435 tr(WHW.T) 8457.21875
bpp_loss 3.451406615121024
17_gate proxy err 0.0019968838896602392 tr(WHW.T) 41718.65234375
bpp_loss 3.8072136470249722
17_down proxy err 0.012615937739610672 tr(WHW.T) 6244.89501953125
bpp_loss 3.442265748977661
I0326 09:35:06.257508 1536852 finetune.py:68] layer 16_down @ epoch 4 new loss 0.00012413434160407633 old loss 0.00012414094817359 BETTER
16_v proxy err 0.014549891464412212 tr(WHW.T) 274.28167724609375
bpp_loss 3.244860291481018
16_q proxy err 0.0007312270463444293 tr(WHW.T) 24487.236328125
bpp_loss 4.11927604675293
16_k proxy err 0.00027880107518285513 tr(WHW.T) 19511.158203125
bpp_loss 5.058336496353149
16_o proxy err 0.020785391330718994 tr(WHW.T) 972.67724609375
bpp_loss 3.3490097522735596
16_up proxy err 0.009473119862377644 tr(WHW.T) 8334.07421875
bpp_loss 3.45381041935512
16_gate proxy err 0.0019974110182374716 tr(WHW.T) 41200.171875
bpp_loss 3.792910167149135
16_down proxy err 0.012396926991641521 tr(WHW.T) 6322.041015625
bpp_loss 3.445849588939122
I0326 09:36:15.871481 1418472 quantize_finetune_llama.py:240] computed original embedding for layer 18 in 64.47752165794373s
I0326 09:36:19.430093 1551846 utils.py:146] Note: detected 128 virtual cores but NumExpr set to maximum of 64, check "NUMEXPR_MAX_THREADS" environment variable.
I0326 09:36:19.430189 1551846 utils.py:149] Note: NumExpr detected 128 cores but "NUMEXPR_MAX_THREADS" not set, so enforcing safe limit of 16.
I0326 09:36:19.430227 1551846 utils.py:162] NumExpr defaulting to 16 threads.
I0326 09:36:19.768057 1551846 config.py:54] PyTorch version 2.6.0 available.
W0326 09:36:19.958893 1551846 warnings.py:109] /opt/conda/lib/python3.10/site-packages/torchvision/io/image.py:13: UserWarning: Failed to load image Python extension: '/opt/conda/lib/python3.10/site-packages/torchvision/image.so: undefined symbol: _ZN3c1017RegisterOperatorsD1Ev'If you don't plan on using image functionality from `torchvision.io`, you can ignore this warning. Otherwise, there might be something wrong with your environment. Did you have `libjpeg` or `libpng` installed before building `torchvision` from source?
  warn(

W0326 09:36:20.519364 1551846 warnings.py:109] /opt/conda/lib/python3.10/site-packages/compressai/models/video/google.py:353: FutureWarning: `torch.cuda.amp.autocast(args...)` is deprecated. Please use `torch.amp.autocast('cuda', args...)` instead.
  @amp.autocast(enabled=False)

I0326 09:36:20.523017 1418472 quantize_finetune_llama.py:209] layer 19 gpu 1
I0326 09:36:20.535801 1551846 data_utils.py:336] using 256 training seqs, 128 validation seqs
The attention layers in this model are transitioning from computing the RoPE embeddings internally through `position_ids` (2D tensor with the indexes of the tokens), to using externally computed `position_embeddings` (Tuple of tensors, containing cos and sin). In v4.46 `position_ids` will be removed and `position_embeddings` will be mandatory.
I0326 09:36:28.077448 1551846 finetune.py:45] layer 18_v initial loss 1.721486660244409e-05
W0326 09:36:28.077674 1551846 warnings.py:109] /workspace/Weight_compression/comp_lm_qtip/lib/algo/finetune.py:46: FutureWarning: `torch.cuda.amp.GradScaler(args...)` is deprecated. Please use `torch.amp.GradScaler('cuda', args...)` instead.
  scaler = torch.cuda.amp.GradScaler(enabled=(orig_dtype==torch.float16))

I0326 09:37:04.042467 1551846 finetune.py:68] layer 18_v @ epoch 0 new loss 1.0288178600603715e-05 old loss 1.721486660244409e-05 BETTER
I0326 09:37:23.698473 1418472 quantize_finetune_llama.py:240] computed original embedding for layer 19 in 62.773667335510254s
I0326 09:37:27.446646 1552809 utils.py:146] Note: detected 128 virtual cores but NumExpr set to maximum of 64, check "NUMEXPR_MAX_THREADS" environment variable.
I0326 09:37:27.446739 1552809 utils.py:149] Note: NumExpr detected 128 cores but "NUMEXPR_MAX_THREADS" not set, so enforcing safe limit of 16.
I0326 09:37:27.446777 1552809 utils.py:162] NumExpr defaulting to 16 threads.
I0326 09:37:27.797437 1552809 config.py:54] PyTorch version 2.6.0 available.
W0326 09:37:27.995406 1552809 warnings.py:109] /opt/conda/lib/python3.10/site-packages/torchvision/io/image.py:13: UserWarning: Failed to load image Python extension: '/opt/conda/lib/python3.10/site-packages/torchvision/image.so: undefined symbol: _ZN3c1017RegisterOperatorsD1Ev'If you don't plan on using image functionality from `torchvision.io`, you can ignore this warning. Otherwise, there might be something wrong with your environment. Did you have `libjpeg` or `libpng` installed before building `torchvision` from source?
  warn(

W0326 09:37:28.569100 1552809 warnings.py:109] /opt/conda/lib/python3.10/site-packages/compressai/models/video/google.py:353: FutureWarning: `torch.cuda.amp.autocast(args...)` is deprecated. Please use `torch.amp.autocast('cuda', args...)` instead.
  @amp.autocast(enabled=False)

I0326 09:37:28.573083 1418472 quantize_finetune_llama.py:209] layer 20 gpu 0
I0326 09:37:28.586242 1552809 data_utils.py:336] using 256 training seqs, 128 validation seqs
The attention layers in this model are transitioning from computing the RoPE embeddings internally through `position_ids` (2D tensor with the indexes of the tokens), to using externally computed `position_embeddings` (Tuple of tensors, containing cos and sin). In v4.46 `position_ids` will be removed and `position_embeddings` will be mandatory.
I0326 09:37:35.631256 1552809 finetune.py:45] layer 19_v initial loss 2.0718396626762114e-05
W0326 09:37:35.631499 1552809 warnings.py:109] /workspace/Weight_compression/comp_lm_qtip/lib/algo/finetune.py:46: FutureWarning: `torch.cuda.amp.GradScaler(args...)` is deprecated. Please use `torch.amp.GradScaler('cuda', args...)` instead.
  scaler = torch.cuda.amp.GradScaler(enabled=(orig_dtype==torch.float16))

I0326 09:37:41.523797 1551846 finetune.py:68] layer 18_v @ epoch 1 new loss 9.554863027005922e-06 old loss 1.0288178600603715e-05 BETTER
I0326 09:38:09.178411 1552809 finetune.py:68] layer 19_v @ epoch 0 new loss 1.0771065717563033e-05 old loss 2.0718396626762114e-05 BETTER
I0326 09:38:18.956859 1551846 finetune.py:68] layer 18_v @ epoch 2 new loss 9.136158041656017e-06 old loss 9.554863027005922e-06 BETTER
I0326 09:38:43.795666 1552809 finetune.py:68] layer 19_v @ epoch 1 new loss 9.90920489130076e-06 old loss 1.0771065717563033e-05 BETTER
I0326 09:38:56.451071 1551846 finetune.py:68] layer 18_v @ epoch 3 new loss 8.859959962137509e-06 old loss 9.136158041656017e-06 BETTER
I0326 09:39:18.823398 1552809 finetune.py:68] layer 19_v @ epoch 2 new loss 9.490531738265418e-06 old loss 9.90920489130076e-06 BETTER
I0326 09:39:34.096051 1551846 finetune.py:68] layer 18_v @ epoch 4 new loss 8.666546818858478e-06 old loss 8.859959962137509e-06 BETTER
I0326 09:39:44.243145 1551846 finetune.py:45] layer 18_q initial loss 1.0640771506587043e-05
I0326 09:39:53.845080 1552809 finetune.py:68] layer 19_v @ epoch 3 new loss 9.212751137965824e-06 old loss 9.490531738265418e-06 BETTER
I0326 09:40:20.539243 1551846 finetune.py:68] layer 18_q @ epoch 0 new loss 1.0134420335816685e-05 old loss 1.0640771506587043e-05 BETTER
I0326 09:40:28.998940 1552809 finetune.py:68] layer 19_v @ epoch 4 new loss 9.022443919093348e-06 old loss 9.212751137965824e-06 BETTER
I0326 09:40:38.692974 1552809 finetune.py:45] layer 19_q initial loss 1.068664641934447e-05
I0326 09:40:57.509772 1551846 finetune.py:68] layer 18_q @ epoch 1 new loss 9.910755579767283e-06 old loss 1.0134420335816685e-05 BETTER
I0326 09:41:12.470505 1552809 finetune.py:68] layer 19_q @ epoch 0 new loss 1.0233718967356253e-05 old loss 1.068664641934447e-05 BETTER
I0326 09:41:34.558143 1551846 finetune.py:68] layer 18_q @ epoch 2 new loss 9.753511221788358e-06 old loss 9.910755579767283e-06 BETTER
I0326 09:41:47.633152 1552809 finetune.py:68] layer 19_q @ epoch 1 new loss 1.0034875231212936e-05 old loss 1.0233718967356253e-05 BETTER
I0326 09:42:11.638738 1551846 finetune.py:68] layer 18_q @ epoch 3 new loss 9.62291051109787e-06 old loss 9.753511221788358e-06 BETTER
I0326 09:42:22.327450 1552809 finetune.py:68] layer 19_q @ epoch 2 new loss 9.863877494353801e-06 old loss 1.0034875231212936e-05 BETTER
I0326 09:42:48.850015 1551846 finetune.py:68] layer 18_q @ epoch 4 new loss 9.516881618765183e-06 old loss 9.62291051109787e-06 BETTER
I0326 09:42:56.944637 1552809 finetune.py:68] layer 19_q @ epoch 3 new loss 9.755997780303005e-06 old loss 9.863877494353801e-06 BETTER
I0326 09:42:57.088704 1551846 finetune.py:45] layer 18_k initial loss 1.0095236575580202e-05
I0326 09:43:31.654177 1552809 finetune.py:68] layer 19_q @ epoch 4 new loss 9.632439287088346e-06 old loss 9.755997780303005e-06 BETTER
I0326 09:43:33.307356 1551846 finetune.py:68] layer 18_k @ epoch 0 new loss 9.932283319358248e-06 old loss 1.0095236575580202e-05 BETTER
I0326 09:43:39.667681 1552809 finetune.py:45] layer 19_k initial loss 1.0277904038957786e-05
I0326 09:44:10.326461 1551846 finetune.py:68] layer 18_k @ epoch 1 new loss 9.842837243922986e-06 old loss 9.932283319358248e-06 BETTER
I0326 09:44:13.462667 1552809 finetune.py:68] layer 19_k @ epoch 0 new loss 1.0084312634717207e-05 old loss 1.0277904038957786e-05 BETTER
I0326 09:44:47.325722 1551846 finetune.py:68] layer 18_k @ epoch 2 new loss 9.775205398909748e-06 old loss 9.842837243922986e-06 BETTER
I0326 09:44:47.912086 1552809 finetune.py:68] layer 19_k @ epoch 1 new loss 9.999590474762954e-06 old loss 1.0084312634717207e-05 BETTER
I0326 09:45:22.462400 1552809 finetune.py:68] layer 19_k @ epoch 2 new loss 9.938752555171959e-06 old loss 9.999590474762954e-06 BETTER
I0326 09:45:24.347957 1551846 finetune.py:68] layer 18_k @ epoch 3 new loss 9.707960089144763e-06 old loss 9.775205398909748e-06 BETTER
I0326 09:45:56.972279 1552809 finetune.py:68] layer 19_k @ epoch 3 new loss 9.869743735180236e-06 old loss 9.938752555171959e-06 BETTER
I0326 09:46:02.633082 1551846 finetune.py:68] layer 18_k @ epoch 4 new loss 9.645606041885912e-06 old loss 9.707960089144763e-06 BETTER
I0326 09:46:12.556886 1551846 finetune.py:45] layer 18_o initial loss 2.815617153828498e-05
I0326 09:46:31.497782 1552809 finetune.py:68] layer 19_k @ epoch 4 new loss 9.8131931736134e-06 old loss 9.869743735180236e-06 BETTER
I0326 09:46:41.331562 1552809 finetune.py:45] layer 19_o initial loss 2.668365959834773e-05
I0326 09:46:47.700511 1551846 finetune.py:68] layer 18_o @ epoch 0 new loss 2.5848035875242203e-05 old loss 2.815617153828498e-05 BETTER
I0326 09:47:14.501045 1552809 finetune.py:68] layer 19_o @ epoch 0 new loss 2.452265289321076e-05 old loss 2.668365959834773e-05 BETTER
I0326 09:47:23.750511 1551846 finetune.py:68] layer 18_o @ epoch 1 new loss 2.4940283765317872e-05 old loss 2.5848035875242203e-05 BETTER
I0326 09:47:48.490387 1552809 finetune.py:68] layer 19_o @ epoch 1 new loss 2.370262154727243e-05 old loss 2.452265289321076e-05 BETTER
I0326 09:47:59.822769 1551846 finetune.py:68] layer 18_o @ epoch 2 new loss 2.4339644369320013e-05 old loss 2.4940283765317872e-05 BETTER
I0326 09:48:22.493281 1552809 finetune.py:68] layer 19_o @ epoch 2 new loss 2.3168171537690796e-05 old loss 2.370262154727243e-05 BETTER
I0326 09:48:36.090504 1551846 finetune.py:68] layer 18_o @ epoch 3 new loss 2.3881986635387875e-05 old loss 2.4339644369320013e-05 BETTER
I0326 09:48:56.462286 1552809 finetune.py:68] layer 19_o @ epoch 3 new loss 2.276122359035071e-05 old loss 2.3168171537690796e-05 BETTER
I0326 09:49:12.450432 1551846 finetune.py:68] layer 18_o @ epoch 4 new loss 2.3531003535026684e-05 old loss 2.3881986635387875e-05 BETTER
I0326 09:49:30.730340 1552809 finetune.py:68] layer 19_o @ epoch 4 new loss 2.244300048914738e-05 old loss 2.276122359035071e-05 BETTER
I0326 09:49:34.653781 1551846 finetune.py:45] layer 18_up initial loss 6.694476178381592e-05
I0326 09:49:52.959291 1552809 finetune.py:45] layer 19_up initial loss 6.905217742314562e-05
I0326 09:50:07.187592 1551846 finetune.py:68] layer 18_up @ epoch 0 new loss 6.397913966793567e-05 old loss 6.694476178381592e-05 BETTER
I0326 09:50:23.686774 1552809 finetune.py:68] layer 19_up @ epoch 0 new loss 6.60318837617524e-05 old loss 6.905217742314562e-05 BETTER
I0326 09:50:40.518464 1551846 finetune.py:68] layer 18_up @ epoch 1 new loss 6.237011984921992e-05 old loss 6.397913966793567e-05 BETTER
I0326 09:50:55.636577 1552809 finetune.py:68] layer 19_up @ epoch 1 new loss 6.440072320401669e-05 old loss 6.60318837617524e-05 BETTER
I0326 09:51:13.837241 1551846 finetune.py:68] layer 18_up @ epoch 2 new loss 6.115223368396983e-05 old loss 6.237011984921992e-05 BETTER
I0326 09:51:27.811543 1552809 finetune.py:68] layer 19_up @ epoch 2 new loss 6.314697384368628e-05 old loss 6.440072320401669e-05 BETTER
I0326 09:51:47.412594 1551846 finetune.py:68] layer 18_up @ epoch 3 new loss 6.012921221554279e-05 old loss 6.115223368396983e-05 BETTER
I0326 09:52:00.013922 1552809 finetune.py:68] layer 19_up @ epoch 3 new loss 6.21307481196709e-05 old loss 6.314697384368628e-05 BETTER
I0326 09:52:21.094581 1551846 finetune.py:68] layer 18_up @ epoch 4 new loss 5.9273555962136015e-05 old loss 6.012921221554279e-05 BETTER
I0326 09:52:32.263037 1552809 finetune.py:68] layer 19_up @ epoch 4 new loss 6.126370863057673e-05 old loss 6.21307481196709e-05 BETTER
I0326 09:52:43.698314 1551846 finetune.py:45] layer 18_gate initial loss 7.424830255331472e-05
I0326 09:52:54.371102 1552809 finetune.py:45] layer 19_gate initial loss 7.742371235508472e-05
I0326 09:53:14.062015 1551846 finetune.py:68] layer 18_gate @ epoch 0 new loss 7.322301826206967e-05 old loss 7.424830255331472e-05 BETTER
I0326 09:53:23.032012 1552809 finetune.py:68] layer 19_gate @ epoch 0 new loss 7.641615957254544e-05 old loss 7.742371235508472e-05 BETTER
I0326 09:53:45.363465 1551846 finetune.py:68] layer 18_gate @ epoch 1 new loss 7.244686275953427e-05 old loss 7.322301826206967e-05 BETTER
I0326 09:53:52.740465 1552809 finetune.py:68] layer 19_gate @ epoch 1 new loss 7.564692350570112e-05 old loss 7.641615957254544e-05 BETTER
I0326 09:54:16.925481 1551846 finetune.py:68] layer 18_gate @ epoch 2 new loss 7.17801449354738e-05 old loss 7.244686275953427e-05 BETTER
I0326 09:54:22.665624 1552809 finetune.py:68] layer 19_gate @ epoch 2 new loss 7.497399201383814e-05 old loss 7.564692350570112e-05 BETTER
I0326 09:54:48.349023 1551846 finetune.py:68] layer 18_gate @ epoch 3 new loss 7.119503425201401e-05 old loss 7.17801449354738e-05 BETTER
I0326 09:54:52.583923 1552809 finetune.py:68] layer 19_gate @ epoch 3 new loss 7.439032196998596e-05 old loss 7.497399201383814e-05 BETTER
I0326 09:55:19.801148 1551846 finetune.py:68] layer 18_gate @ epoch 4 new loss 7.066683610901237e-05 old loss 7.119503425201401e-05 BETTER
I0326 09:55:22.494474 1552809 finetune.py:68] layer 19_gate @ epoch 4 new loss 7.387647201539949e-05 old loss 7.439032196998596e-05 BETTER
I0326 09:55:43.762466 1551846 finetune.py:45] layer 18_down initial loss 0.00013197965745348483
I0326 09:55:45.526177 1552809 finetune.py:45] layer 19_down initial loss 0.00013727039913646877
I0326 09:56:11.544783 1551846 finetune.py:68] layer 18_down @ epoch 0 new loss 0.00013197335647419095 old loss 0.00013197965745348483 BETTER
I0326 09:56:12.448498 1552809 finetune.py:68] layer 19_down @ epoch 0 new loss 0.0001372612314298749 old loss 0.00013727039913646877 BETTER
I0326 09:56:40.293327 1552809 finetune.py:68] layer 19_down @ epoch 1 new loss 0.00013725468306802213 old loss 0.0001372612314298749 BETTER
I0326 09:56:40.775160 1551846 finetune.py:68] layer 18_down @ epoch 1 new loss 0.00013196692452766 old loss 0.00013197335647419095 BETTER
I0326 09:57:08.087446 1552809 finetune.py:68] layer 19_down @ epoch 2 new loss 0.00013724954624194652 old loss 0.00013725468306802213 BETTER
I0326 09:57:10.028111 1551846 finetune.py:68] layer 18_down @ epoch 2 new loss 0.00013196130748838186 old loss 0.00013196692452766 BETTER
I0326 09:57:35.896784 1552809 finetune.py:68] layer 19_down @ epoch 3 new loss 0.0001372448168694973 old loss 0.00013724954624194652 BETTER
I0326 09:57:39.446780 1551846 finetune.py:68] layer 18_down @ epoch 3 new loss 0.00013195679639466107 old loss 0.00013196130748838186 BETTER
I0326 09:58:03.859096 1552809 finetune.py:68] layer 19_down @ epoch 4 new loss 0.0001372411788906902 old loss 0.0001372448168694973 BETTER
19_v proxy err 0.013266714289784431 tr(WHW.T) 341.0596618652344
bpp_loss 3.284932494163513
19_q proxy err 0.0008279287139885128 tr(WHW.T) 24051.1328125
bpp_loss 4.134205341339111
19_k proxy err 0.00036484183510765433 tr(WHW.T) 15565.09765625
bpp_loss 5.067872524261475
19_o proxy err 0.017105303704738617 tr(WHW.T) 1172.093994140625
bpp_loss 3.3707947731018066
19_up proxy err 0.010735801421105862 tr(WHW.T) 7651.876953125
bpp_loss 3.4441592352730885
19_gate proxy err 0.0026073171757161617 tr(WHW.T) 32779.2265625
bpp_loss 3.8264899935041154
19_down proxy err 0.01241519395262003 tr(WHW.T) 6215.4150390625
bpp_loss 3.439789056777954
I0326 09:58:08.897672 1551846 finetune.py:68] layer 18_down @ epoch 4 new loss 0.00013195232895668596 old loss 0.00013195679639466107 BETTER
18_v proxy err 0.015256739221513271 tr(WHW.T) 287.61376953125
bpp_loss 3.239068627357483
18_q proxy err 0.0008666437352076173 tr(WHW.T) 22415.798828125
bpp_loss 4.131968259811401
18_k proxy err 0.0003264903207309544 tr(WHW.T) 17408.953125
bpp_loss 5.16942834854126
18_o proxy err 0.016722382977604866 tr(WHW.T) 1206.979736328125
bpp_loss 3.3574260473251343
18_up proxy err 0.010228934697806835 tr(WHW.T) 7984.4111328125
bpp_loss 3.4476243427821567
18_gate proxy err 0.0024187073577195406 tr(WHW.T) 35151.6484375
bpp_loss 3.8151662009102956
18_down proxy err 0.01247180625796318 tr(WHW.T) 6259.91162109375
bpp_loss 3.441496270043509
I0326 09:59:09.894764 1418472 quantize_finetune_llama.py:240] computed original embedding for layer 20 in 55.566545248031616s
I0326 09:59:13.385495 1566920 utils.py:146] Note: detected 128 virtual cores but NumExpr set to maximum of 64, check "NUMEXPR_MAX_THREADS" environment variable.
I0326 09:59:13.385587 1566920 utils.py:149] Note: NumExpr detected 128 cores but "NUMEXPR_MAX_THREADS" not set, so enforcing safe limit of 16.
I0326 09:59:13.385627 1566920 utils.py:162] NumExpr defaulting to 16 threads.
I0326 09:59:13.716451 1566920 config.py:54] PyTorch version 2.6.0 available.
W0326 09:59:13.911259 1566920 warnings.py:109] /opt/conda/lib/python3.10/site-packages/torchvision/io/image.py:13: UserWarning: Failed to load image Python extension: '/opt/conda/lib/python3.10/site-packages/torchvision/image.so: undefined symbol: _ZN3c1017RegisterOperatorsD1Ev'If you don't plan on using image functionality from `torchvision.io`, you can ignore this warning. Otherwise, there might be something wrong with your environment. Did you have `libjpeg` or `libpng` installed before building `torchvision` from source?
  warn(

W0326 09:59:14.591889 1566920 warnings.py:109] /opt/conda/lib/python3.10/site-packages/compressai/models/video/google.py:353: FutureWarning: `torch.cuda.amp.autocast(args...)` is deprecated. Please use `torch.amp.autocast('cuda', args...)` instead.
  @amp.autocast(enabled=False)

I0326 09:59:14.595380 1418472 quantize_finetune_llama.py:209] layer 21 gpu 1
I0326 09:59:14.611084 1566920 data_utils.py:336] using 256 training seqs, 128 validation seqs
The attention layers in this model are transitioning from computing the RoPE embeddings internally through `position_ids` (2D tensor with the indexes of the tokens), to using externally computed `position_embeddings` (Tuple of tensors, containing cos and sin). In v4.46 `position_ids` will be removed and `position_embeddings` will be mandatory.
I0326 09:59:22.179173 1566920 finetune.py:45] layer 20_v initial loss 1.8547047147876583e-05
W0326 09:59:22.179400 1566920 warnings.py:109] /workspace/Weight_compression/comp_lm_qtip/lib/algo/finetune.py:46: FutureWarning: `torch.cuda.amp.GradScaler(args...)` is deprecated. Please use `torch.amp.GradScaler('cuda', args...)` instead.
  scaler = torch.cuda.amp.GradScaler(enabled=(orig_dtype==torch.float16))

I0326 09:59:58.162922 1566920 finetune.py:68] layer 20_v @ epoch 0 new loss 1.1253514458076097e-05 old loss 1.8547047147876583e-05 BETTER
I0326 10:00:17.933958 1418472 quantize_finetune_llama.py:240] computed original embedding for layer 21 in 62.90145683288574s
I0326 10:00:21.914103 1567627 utils.py:146] Note: detected 128 virtual cores but NumExpr set to maximum of 64, check "NUMEXPR_MAX_THREADS" environment variable.
I0326 10:00:21.914201 1567627 utils.py:149] Note: NumExpr detected 128 cores but "NUMEXPR_MAX_THREADS" not set, so enforcing safe limit of 16.
I0326 10:00:21.914244 1567627 utils.py:162] NumExpr defaulting to 16 threads.
I0326 10:00:22.255758 1567627 config.py:54] PyTorch version 2.6.0 available.
W0326 10:00:22.459711 1567627 warnings.py:109] /opt/conda/lib/python3.10/site-packages/torchvision/io/image.py:13: UserWarning: Failed to load image Python extension: '/opt/conda/lib/python3.10/site-packages/torchvision/image.so: undefined symbol: _ZN3c1017RegisterOperatorsD1Ev'If you don't plan on using image functionality from `torchvision.io`, you can ignore this warning. Otherwise, there might be something wrong with your environment. Did you have `libjpeg` or `libpng` installed before building `torchvision` from source?
  warn(

W0326 10:00:23.026288 1567627 warnings.py:109] /opt/conda/lib/python3.10/site-packages/compressai/models/video/google.py:353: FutureWarning: `torch.cuda.amp.autocast(args...)` is deprecated. Please use `torch.amp.autocast('cuda', args...)` instead.
  @amp.autocast(enabled=False)

I0326 10:00:23.030005 1418472 quantize_finetune_llama.py:209] layer 22 gpu 0
I0326 10:00:23.042792 1567627 data_utils.py:336] using 256 training seqs, 128 validation seqs
The attention layers in this model are transitioning from computing the RoPE embeddings internally through `position_ids` (2D tensor with the indexes of the tokens), to using externally computed `position_embeddings` (Tuple of tensors, containing cos and sin). In v4.46 `position_ids` will be removed and `position_embeddings` will be mandatory.
I0326 10:00:30.372407 1567627 finetune.py:45] layer 21_v initial loss 2.1539313820539974e-05
W0326 10:00:30.372596 1567627 warnings.py:109] /workspace/Weight_compression/comp_lm_qtip/lib/algo/finetune.py:46: FutureWarning: `torch.cuda.amp.GradScaler(args...)` is deprecated. Please use `torch.amp.GradScaler('cuda', args...)` instead.
  scaler = torch.cuda.amp.GradScaler(enabled=(orig_dtype==torch.float16))

I0326 10:00:35.427844 1566920 finetune.py:68] layer 20_v @ epoch 1 new loss 1.0466159437783062e-05 old loss 1.1253514458076097e-05 BETTER
I0326 10:01:03.919886 1567627 finetune.py:68] layer 21_v @ epoch 0 new loss 1.3436354493023828e-05 old loss 2.1539313820539974e-05 BETTER
I0326 10:01:12.458496 1566920 finetune.py:68] layer 20_v @ epoch 2 new loss 1.003560009849025e-05 old loss 1.0466159437783062e-05 BETTER
I0326 10:01:38.693864 1567627 finetune.py:68] layer 21_v @ epoch 1 new loss 1.2383165085338987e-05 old loss 1.3436354493023828e-05 BETTER
I0326 10:01:49.437219 1566920 finetune.py:68] layer 20_v @ epoch 3 new loss 9.744721864990424e-06 old loss 1.003560009849025e-05 BETTER
I0326 10:02:13.967452 1567627 finetune.py:68] layer 21_v @ epoch 2 new loss 1.17942072392907e-05 old loss 1.2383165085338987e-05 BETTER
I0326 10:02:26.442227 1566920 finetune.py:68] layer 20_v @ epoch 4 new loss 9.524496817903128e-06 old loss 9.744721864990424e-06 BETTER
I0326 10:02:36.519525 1566920 finetune.py:45] layer 20_q initial loss 1.145587521023117e-05
I0326 10:02:49.198394 1567627 finetune.py:68] layer 21_v @ epoch 3 new loss 1.1378127965144813e-05 old loss 1.17942072392907e-05 BETTER
I0326 10:03:12.554539 1566920 finetune.py:68] layer 20_q @ epoch 0 new loss 1.0938300874840934e-05 old loss 1.145587521023117e-05 BETTER
I0326 10:03:24.458595 1567627 finetune.py:68] layer 21_v @ epoch 4 new loss 1.1064790669479407e-05 old loss 1.1378127965144813e-05 BETTER
I0326 10:03:34.274110 1567627 finetune.py:45] layer 21_q initial loss 1.4264584933698643e-05
I0326 10:03:49.597945 1566920 finetune.py:68] layer 20_q @ epoch 1 new loss 1.070473444997333e-05 old loss 1.0938300874840934e-05 BETTER
I0326 10:04:08.183566 1567627 finetune.py:68] layer 21_q @ epoch 0 new loss 1.3411847248789854e-05 old loss 1.4264584933698643e-05 BETTER
I0326 10:04:26.407707 1566920 finetune.py:68] layer 20_q @ epoch 2 new loss 1.0531562111282256e-05 old loss 1.070473444997333e-05 BETTER
I0326 10:04:42.916519 1567627 finetune.py:68] layer 21_q @ epoch 1 new loss 1.3054104783805087e-05 old loss 1.3411847248789854e-05 BETTER
I0326 10:05:03.441266 1566920 finetune.py:68] layer 20_q @ epoch 3 new loss 1.0387441761849914e-05 old loss 1.0531562111282256e-05 BETTER
I0326 10:05:17.575709 1567627 finetune.py:68] layer 21_q @ epoch 2 new loss 1.2790002983820159e-05 old loss 1.3054104783805087e-05 BETTER
I0326 10:05:40.217190 1566920 finetune.py:68] layer 20_q @ epoch 4 new loss 1.0274110536556691e-05 old loss 1.0387441761849914e-05 BETTER
I0326 10:05:48.460643 1566920 finetune.py:45] layer 20_k initial loss 1.0957244739984162e-05
I0326 10:05:52.274598 1567627 finetune.py:68] layer 21_q @ epoch 3 new loss 1.2566617442644201e-05 old loss 1.2790002983820159e-05 BETTER
I0326 10:06:24.338106 1566920 finetune.py:68] layer 20_k @ epoch 0 new loss 1.0744526662165299e-05 old loss 1.0957244739984162e-05 BETTER
I0326 10:06:26.912348 1567627 finetune.py:68] layer 21_q @ epoch 4 new loss 1.2387784408929292e-05 old loss 1.2566617442644201e-05 BETTER
I0326 10:06:34.711901 1567627 finetune.py:45] layer 21_k initial loss 1.3386368664214388e-05
I0326 10:07:01.119857 1566920 finetune.py:68] layer 20_k @ epoch 1 new loss 1.0649308933352586e-05 old loss 1.0744526662165299e-05 BETTER
I0326 10:07:08.561614 1567627 finetune.py:68] layer 21_k @ epoch 0 new loss 1.314810651820153e-05 old loss 1.3386368664214388e-05 BETTER
I0326 10:07:37.971896 1566920 finetune.py:68] layer 20_k @ epoch 2 new loss 1.057278859661892e-05 old loss 1.0649308933352586e-05 BETTER
I0326 10:07:43.271730 1567627 finetune.py:68] layer 21_k @ epoch 1 new loss 1.3023142855672631e-05 old loss 1.314810651820153e-05 BETTER
I0326 10:08:14.926653 1566920 finetune.py:68] layer 20_k @ epoch 3 new loss 1.0501397810003255e-05 old loss 1.057278859661892e-05 BETTER
I0326 10:08:17.962350 1567627 finetune.py:68] layer 21_k @ epoch 2 new loss 1.2912959391542245e-05 old loss 1.3023142855672631e-05 BETTER
I0326 10:08:52.074347 1566920 finetune.py:68] layer 20_k @ epoch 4 new loss 1.0443547580507584e-05 old loss 1.0501397810003255e-05 BETTER
I0326 10:08:52.718107 1567627 finetune.py:68] layer 21_k @ epoch 3 new loss 1.2820471056329552e-05 old loss 1.2912959391542245e-05 BETTER
I0326 10:09:02.118383 1566920 finetune.py:45] layer 20_o initial loss 2.8106302124797367e-05
I0326 10:09:27.366572 1567627 finetune.py:68] layer 21_k @ epoch 4 new loss 1.274824626307236e-05 old loss 1.2820471056329552e-05 BETTER
I0326 10:09:37.008086 1567627 finetune.py:45] layer 21_o initial loss 4.071506191394292e-05
I0326 10:09:37.421543 1566920 finetune.py:68] layer 20_o @ epoch 0 new loss 2.598725404823199e-05 old loss 2.8106302124797367e-05 BETTER
I0326 10:10:10.572042 1567627 finetune.py:68] layer 21_o @ epoch 0 new loss 3.616460890043527e-05 old loss 4.071506191394292e-05 BETTER
I0326 10:10:13.469707 1566920 finetune.py:68] layer 20_o @ epoch 1 new loss 2.5145849576801993e-05 old loss 2.598725404823199e-05 BETTER
I0326 10:10:44.698741 1567627 finetune.py:68] layer 21_o @ epoch 1 new loss 3.435462713241577e-05 old loss 3.616460890043527e-05 BETTER
I0326 10:10:49.489020 1566920 finetune.py:68] layer 20_o @ epoch 2 new loss 2.459024835843593e-05 old loss 2.5145849576801993e-05 BETTER
I0326 10:11:18.672060 1567627 finetune.py:68] layer 21_o @ epoch 2 new loss 3.3171378163388e-05 old loss 3.435462713241577e-05 BETTER
I0326 10:11:25.473865 1566920 finetune.py:68] layer 20_o @ epoch 3 new loss 2.4161954570445232e-05 old loss 2.459024835843593e-05 BETTER
I0326 10:11:52.731839 1567627 finetune.py:68] layer 21_o @ epoch 3 new loss 3.230113361496478e-05 old loss 3.3171378163388e-05 BETTER
I0326 10:12:01.438060 1566920 finetune.py:68] layer 20_o @ epoch 4 new loss 2.3828590201446787e-05 old loss 2.4161954570445232e-05 BETTER
I0326 10:12:23.644808 1566920 finetune.py:45] layer 20_up initial loss 7.368939986918122e-05
I0326 10:12:26.782794 1567627 finetune.py:68] layer 21_o @ epoch 4 new loss 3.162894063279964e-05 old loss 3.230113361496478e-05 BETTER
I0326 10:12:49.021927 1567627 finetune.py:45] layer 21_up initial loss 8.956655074143782e-05
I0326 10:12:55.810952 1566920 finetune.py:68] layer 20_up @ epoch 0 new loss 7.052656292216852e-05 old loss 7.368939986918122e-05 BETTER
I0326 10:13:19.775625 1567627 finetune.py:68] layer 21_up @ epoch 0 new loss 8.539997361367568e-05 old loss 8.956655074143782e-05 BETTER
I0326 10:13:29.173347 1566920 finetune.py:68] layer 20_up @ epoch 1 new loss 6.885852781124413e-05 old loss 7.052656292216852e-05 BETTER
I0326 10:13:51.681855 1567627 finetune.py:68] layer 21_up @ epoch 1 new loss 8.325264934683219e-05 old loss 8.539997361367568e-05 BETTER
I0326 10:14:02.553059 1566920 finetune.py:68] layer 20_up @ epoch 2 new loss 6.7583066993393e-05 old loss 6.885852781124413e-05 BETTER
I0326 10:14:23.906575 1567627 finetune.py:68] layer 21_up @ epoch 2 new loss 8.162409358192235e-05 old loss 8.325264934683219e-05 BETTER
I0326 10:14:36.195839 1566920 finetune.py:68] layer 20_up @ epoch 3 new loss 6.652990123257041e-05 old loss 6.7583066993393e-05 BETTER
I0326 10:14:56.097434 1567627 finetune.py:68] layer 21_up @ epoch 3 new loss 8.029384480323642e-05 old loss 8.162409358192235e-05 BETTER
I0326 10:15:09.802139 1566920 finetune.py:68] layer 20_up @ epoch 4 new loss 6.565749936271459e-05 old loss 6.652990123257041e-05 BETTER
I0326 10:15:28.338582 1567627 finetune.py:68] layer 21_up @ epoch 4 new loss 7.917901530163363e-05 old loss 8.029384480323642e-05 BETTER
I0326 10:15:32.893397 1566920 finetune.py:45] layer 20_gate initial loss 8.390696893911809e-05
I0326 10:15:51.182398 1567627 finetune.py:45] layer 21_gate initial loss 0.00010024864604929462
I0326 10:16:03.002402 1566920 finetune.py:68] layer 20_gate @ epoch 0 new loss 8.284331852337345e-05 old loss 8.390696893911809e-05 BETTER
I0326 10:16:19.752701 1567627 finetune.py:68] layer 21_gate @ epoch 0 new loss 9.883423626888543e-05 old loss 0.00010024864604929462 BETTER
I0326 10:16:34.237900 1566920 finetune.py:68] layer 20_gate @ epoch 1 new loss 8.204525511246175e-05 old loss 8.284331852337345e-05 BETTER
I0326 10:16:49.272813 1567627 finetune.py:68] layer 21_gate @ epoch 1 new loss 9.781504195416346e-05 old loss 9.883423626888543e-05 BETTER
I0326 10:17:05.590974 1566920 finetune.py:68] layer 20_gate @ epoch 2 new loss 8.135652751661837e-05 old loss 8.204525511246175e-05 BETTER
I0326 10:17:19.016740 1567627 finetune.py:68] layer 21_gate @ epoch 2 new loss 9.694893378764391e-05 old loss 9.781504195416346e-05 BETTER
I0326 10:17:37.161435 1566920 finetune.py:68] layer 20_gate @ epoch 3 new loss 8.075599907897413e-05 old loss 8.135652751661837e-05 BETTER
I0326 10:17:48.822447 1567627 finetune.py:68] layer 21_gate @ epoch 3 new loss 9.619746560929343e-05 old loss 9.694893378764391e-05 BETTER
I0326 10:18:08.645201 1566920 finetune.py:68] layer 20_gate @ epoch 4 new loss 8.02259091869928e-05 old loss 8.075599907897413e-05 BETTER
I0326 10:18:18.829212 1567627 finetune.py:68] layer 21_gate @ epoch 4 new loss 9.552839765092358e-05 old loss 9.619746560929343e-05 BETTER
I0326 10:18:31.826546 1566920 finetune.py:45] layer 20_down initial loss 0.00014744664076715708
I0326 10:18:41.809073 1567627 finetune.py:45] layer 21_down initial loss 0.00017534883227199316
I0326 10:18:59.552386 1566920 finetune.py:68] layer 20_down @ epoch 0 new loss 0.0001474384916946292 old loss 0.00014744664076715708 BETTER
I0326 10:19:08.557551 1567627 finetune.py:68] layer 21_down @ epoch 0 new loss 0.00017533560458105057 old loss 0.00017534883227199316 BETTER
I0326 10:19:28.396397 1566920 finetune.py:68] layer 20_down @ epoch 1 new loss 0.00014743364590685815 old loss 0.0001474384916946292 BETTER
I0326 10:19:36.398685 1567627 finetune.py:68] layer 21_down @ epoch 1 new loss 0.00017532681522425264 old loss 0.00017533560458105057 BETTER
I0326 10:19:57.435448 1566920 finetune.py:68] layer 20_down @ epoch 2 new loss 0.0001474295713705942 old loss 0.00014743364590685815 BETTER
I0326 10:20:04.156003 1567627 finetune.py:68] layer 21_down @ epoch 2 new loss 0.00017531888443045318 old loss 0.00017532681522425264 BETTER
I0326 10:20:26.871059 1566920 finetune.py:68] layer 20_down @ epoch 3 new loss 0.00014742615167051554 old loss 0.0001474295713705942 BETTER
I0326 10:20:31.964600 1567627 finetune.py:68] layer 21_down @ epoch 3 new loss 0.00017531249613966793 old loss 0.00017531888443045318 BETTER
I0326 10:20:56.295207 1566920 finetune.py:68] layer 20_down @ epoch 4 new loss 0.00014742327039130032 old loss 0.00014742615167051554 BETTER
20_v proxy err 0.013214855454862118 tr(WHW.T) 330.192138671875
bpp_loss 3.319178581237793
20_q proxy err 0.0009269337169826031 tr(WHW.T) 20749.7734375
bpp_loss 4.10558009147644
20_k proxy err 0.00036450455081649125 tr(WHW.T) 15411.595703125
bpp_loss 5.0208117961883545
20_o proxy err 0.01709637977182865 tr(WHW.T) 1208.6466064453125
bpp_loss 3.3575438261032104
20_up proxy err 0.010861322283744812 tr(WHW.T) 7601.41943359375
bpp_loss 3.4480528150285994
20_gate proxy err 0.0027991917449980974 tr(WHW.T) 30655.51953125
bpp_loss 3.8286387579781667
20_down proxy err 0.012142256833612919 tr(WHW.T) 6331.10009765625
bpp_loss 3.444054569516863
I0326 10:20:59.721712 1567627 finetune.py:68] layer 21_down @ epoch 4 new loss 0.00017530677723698318 old loss 0.00017531249613966793 BETTER
21_v proxy err 0.012230061925947666 tr(WHW.T) 362.87310791015625
bpp_loss 3.344658374786377
21_q proxy err 0.0007542734383605421 tr(WHW.T) 25846.15234375
bpp_loss 4.102846384048462
21_k proxy err 0.0003357938549015671 tr(WHW.T) 16795.578125
bpp_loss 5.063458681106567
21_o proxy err 0.014507082290947437 tr(WHW.T) 1269.88916015625
bpp_loss 3.3753538131713867
21_up proxy err 0.010591784492135048 tr(WHW.T) 7777.201171875
bpp_loss 3.4509409495762418
21_gate proxy err 0.002714334987103939 tr(WHW.T) 31569.7734375
bpp_loss 3.8404938834054128
21_down proxy err 0.011705962009727955 tr(WHW.T) 6388.232421875
bpp_loss 3.4450200966426303
I0326 10:22:08.401982 1418472 quantize_finetune_llama.py:240] computed original embedding for layer 22 in 63.87534523010254s
I0326 10:22:11.966354 1579999 utils.py:146] Note: detected 128 virtual cores but NumExpr set to maximum of 64, check "NUMEXPR_MAX_THREADS" environment variable.
I0326 10:22:11.966470 1579999 utils.py:149] Note: NumExpr detected 128 cores but "NUMEXPR_MAX_THREADS" not set, so enforcing safe limit of 16.
I0326 10:22:11.966513 1579999 utils.py:162] NumExpr defaulting to 16 threads.
I0326 10:22:12.304377 1579999 config.py:54] PyTorch version 2.6.0 available.
W0326 10:22:12.496897 1579999 warnings.py:109] /opt/conda/lib/python3.10/site-packages/torchvision/io/image.py:13: UserWarning: Failed to load image Python extension: '/opt/conda/lib/python3.10/site-packages/torchvision/image.so: undefined symbol: _ZN3c1017RegisterOperatorsD1Ev'If you don't plan on using image functionality from `torchvision.io`, you can ignore this warning. Otherwise, there might be something wrong with your environment. Did you have `libjpeg` or `libpng` installed before building `torchvision` from source?
  warn(

W0326 10:22:13.071133 1579999 warnings.py:109] /opt/conda/lib/python3.10/site-packages/compressai/models/video/google.py:353: FutureWarning: `torch.cuda.amp.autocast(args...)` is deprecated. Please use `torch.amp.autocast('cuda', args...)` instead.
  @amp.autocast(enabled=False)

I0326 10:22:13.074916 1418472 quantize_finetune_llama.py:209] layer 23 gpu 1
I0326 10:22:13.087910 1579999 data_utils.py:336] using 256 training seqs, 128 validation seqs
The attention layers in this model are transitioning from computing the RoPE embeddings internally through `position_ids` (2D tensor with the indexes of the tokens), to using externally computed `position_embeddings` (Tuple of tensors, containing cos and sin). In v4.46 `position_ids` will be removed and `position_embeddings` will be mandatory.
I0326 10:22:20.758877 1579999 finetune.py:45] layer 22_v initial loss 2.094898809446022e-05
W0326 10:22:20.759112 1579999 warnings.py:109] /workspace/Weight_compression/comp_lm_qtip/lib/algo/finetune.py:46: FutureWarning: `torch.cuda.amp.GradScaler(args...)` is deprecated. Please use `torch.amp.GradScaler('cuda', args...)` instead.
  scaler = torch.cuda.amp.GradScaler(enabled=(orig_dtype==torch.float16))

I0326 10:22:56.314782 1579999 finetune.py:68] layer 22_v @ epoch 0 new loss 1.0902873327722773e-05 old loss 2.094898809446022e-05 BETTER
I0326 10:23:16.075729 1418472 quantize_finetune_llama.py:240] computed original embedding for layer 23 in 62.60438561439514s
I0326 10:23:19.726881 1580704 utils.py:146] Note: detected 128 virtual cores but NumExpr set to maximum of 64, check "NUMEXPR_MAX_THREADS" environment variable.
I0326 10:23:19.727000 1580704 utils.py:149] Note: NumExpr detected 128 cores but "NUMEXPR_MAX_THREADS" not set, so enforcing safe limit of 16.
I0326 10:23:19.727045 1580704 utils.py:162] NumExpr defaulting to 16 threads.
I0326 10:23:20.073481 1580704 config.py:54] PyTorch version 2.6.0 available.
W0326 10:23:20.276169 1580704 warnings.py:109] /opt/conda/lib/python3.10/site-packages/torchvision/io/image.py:13: UserWarning: Failed to load image Python extension: '/opt/conda/lib/python3.10/site-packages/torchvision/image.so: undefined symbol: _ZN3c1017RegisterOperatorsD1Ev'If you don't plan on using image functionality from `torchvision.io`, you can ignore this warning. Otherwise, there might be something wrong with your environment. Did you have `libjpeg` or `libpng` installed before building `torchvision` from source?
  warn(

W0326 10:23:20.892834 1580704 warnings.py:109] /opt/conda/lib/python3.10/site-packages/compressai/models/video/google.py:353: FutureWarning: `torch.cuda.amp.autocast(args...)` is deprecated. Please use `torch.amp.autocast('cuda', args...)` instead.
  @amp.autocast(enabled=False)

I0326 10:23:20.896490 1418472 quantize_finetune_llama.py:209] layer 24 gpu 0
I0326 10:23:20.909462 1580704 data_utils.py:336] using 256 training seqs, 128 validation seqs
The attention layers in this model are transitioning from computing the RoPE embeddings internally through `position_ids` (2D tensor with the indexes of the tokens), to using externally computed `position_embeddings` (Tuple of tensors, containing cos and sin). In v4.46 `position_ids` will be removed and `position_embeddings` will be mandatory.
I0326 10:23:28.633464 1580704 finetune.py:45] layer 23_v initial loss 2.0156632672296837e-05
W0326 10:23:28.633689 1580704 warnings.py:109] /workspace/Weight_compression/comp_lm_qtip/lib/algo/finetune.py:46: FutureWarning: `torch.cuda.amp.GradScaler(args...)` is deprecated. Please use `torch.amp.GradScaler('cuda', args...)` instead.
  scaler = torch.cuda.amp.GradScaler(enabled=(orig_dtype==torch.float16))

I0326 10:23:33.609950 1579999 finetune.py:68] layer 22_v @ epoch 1 new loss 1.004772730084369e-05 old loss 1.0902873327722773e-05 BETTER
I0326 10:24:02.171994 1580704 finetune.py:68] layer 23_v @ epoch 0 new loss 1.078575587598607e-05 old loss 2.0156632672296837e-05 BETTER
I0326 10:24:10.728624 1579999 finetune.py:68] layer 22_v @ epoch 2 new loss 9.60654051596066e-06 old loss 1.004772730084369e-05 BETTER
I0326 10:24:36.815946 1580704 finetune.py:68] layer 23_v @ epoch 1 new loss 9.964938726625405e-06 old loss 1.078575587598607e-05 BETTER
I0326 10:24:47.926347 1579999 finetune.py:68] layer 22_v @ epoch 3 new loss 9.318506272393279e-06 old loss 9.60654051596066e-06 BETTER
I0326 10:25:11.860216 1580704 finetune.py:68] layer 23_v @ epoch 2 new loss 9.555829819873907e-06 old loss 9.964938726625405e-06 BETTER
I0326 10:25:25.519210 1579999 finetune.py:68] layer 22_v @ epoch 4 new loss 9.117375157075003e-06 old loss 9.318506272393279e-06 BETTER
I0326 10:25:35.558647 1579999 finetune.py:45] layer 22_q initial loss 1.1887311302416492e-05
I0326 10:25:47.105258 1580704 finetune.py:68] layer 23_v @ epoch 3 new loss 9.298278200731147e-06 old loss 9.555829819873907e-06 BETTER
I0326 10:26:11.629153 1579999 finetune.py:68] layer 22_q @ epoch 0 new loss 1.123052879847819e-05 old loss 1.1887311302416492e-05 BETTER
I0326 10:26:22.391074 1580704 finetune.py:68] layer 23_v @ epoch 4 new loss 9.128990313911345e-06 old loss 9.298278200731147e-06 BETTER
I0326 10:26:32.146610 1580704 finetune.py:45] layer 23_q initial loss 1.1568266927497461e-05
I0326 10:26:48.594989 1579999 finetune.py:68] layer 22_q @ epoch 1 new loss 1.0984449545503594e-05 old loss 1.123052879847819e-05 BETTER
I0326 10:27:06.057041 1580704 finetune.py:68] layer 23_q @ epoch 0 new loss 1.10070241134963e-05 old loss 1.1568266927497461e-05 BETTER
I0326 10:27:25.547346 1579999 finetune.py:68] layer 22_q @ epoch 2 new loss 1.0800993550219573e-05 old loss 1.0984449545503594e-05 BETTER
I0326 10:27:40.608600 1580704 finetune.py:68] layer 23_q @ epoch 1 new loss 1.0783833204186521e-05 old loss 1.10070241134963e-05 BETTER
I0326 10:28:02.546754 1579999 finetune.py:68] layer 22_q @ epoch 3 new loss 1.0660407497198321e-05 old loss 1.0800993550219573e-05 BETTER
I0326 10:28:15.387690 1580704 finetune.py:68] layer 23_q @ epoch 2 new loss 1.0615475730446633e-05 old loss 1.0783833204186521e-05 BETTER
I0326 10:28:39.462363 1579999 finetune.py:68] layer 22_q @ epoch 4 new loss 1.054593303706497e-05 old loss 1.0660407497198321e-05 BETTER
I0326 10:28:47.822227 1579999 finetune.py:45] layer 22_k initial loss 1.1592861483222805e-05
I0326 10:28:50.127250 1580704 finetune.py:68] layer 23_q @ epoch 3 new loss 1.0488377483852673e-05 old loss 1.0615475730446633e-05 BETTER
I0326 10:29:23.612326 1579999 finetune.py:68] layer 22_k @ epoch 0 new loss 1.1387753147573676e-05 old loss 1.1592861483222805e-05 BETTER
I0326 10:29:24.807455 1580704 finetune.py:68] layer 23_q @ epoch 4 new loss 1.0385314453742467e-05 old loss 1.0488377483852673e-05 BETTER
I0326 10:29:32.713516 1580704 finetune.py:45] layer 23_k initial loss 1.1403552889532875e-05
I0326 10:30:00.159179 1579999 finetune.py:68] layer 22_k @ epoch 1 new loss 1.128759868151974e-05 old loss 1.1387753147573676e-05 BETTER
I0326 10:30:06.483070 1580704 finetune.py:68] layer 23_k @ epoch 0 new loss 1.1258483027631883e-05 old loss 1.1403552889532875e-05 BETTER
I0326 10:30:36.700479 1579999 finetune.py:68] layer 22_k @ epoch 2 new loss 1.1205870578123722e-05 old loss 1.128759868151974e-05 BETTER
I0326 10:30:40.987042 1580704 finetune.py:68] layer 23_k @ epoch 1 new loss 1.116869316319935e-05 old loss 1.1258483027631883e-05 BETTER
I0326 10:31:13.355841 1579999 finetune.py:68] layer 22_k @ epoch 3 new loss 1.1141246432089247e-05 old loss 1.1205870578123722e-05 BETTER
I0326 10:31:15.383357 1580704 finetune.py:68] layer 23_k @ epoch 2 new loss 1.1093000466644298e-05 old loss 1.116869316319935e-05 BETTER
I0326 10:31:49.969762 1580704 finetune.py:68] layer 23_k @ epoch 3 new loss 1.1033956980099902e-05 old loss 1.1093000466644298e-05 BETTER
I0326 10:31:50.054615 1579999 finetune.py:68] layer 22_k @ epoch 4 new loss 1.1083677236456424e-05 old loss 1.1141246432089247e-05 BETTER
I0326 10:32:00.000562 1579999 finetune.py:45] layer 22_o initial loss 3.376552922418341e-05
I0326 10:32:24.461138 1580704 finetune.py:68] layer 23_k @ epoch 4 new loss 1.098021493817214e-05 old loss 1.1033956980099902e-05 BETTER
I0326 10:32:34.088193 1580704 finetune.py:45] layer 23_o initial loss 3.0240007617976516e-05
I0326 10:32:35.066658 1579999 finetune.py:68] layer 22_o @ epoch 0 new loss 3.1235336791723967e-05 old loss 3.376552922418341e-05 BETTER
I0326 10:33:07.307949 1580704 finetune.py:68] layer 23_o @ epoch 0 new loss 2.8190643206471577e-05 old loss 3.0240007617976516e-05 BETTER
I0326 10:33:10.824569 1579999 finetune.py:68] layer 22_o @ epoch 1 new loss 3.0242277716752142e-05 old loss 3.1235336791723967e-05 BETTER
I0326 10:33:41.249794 1580704 finetune.py:68] layer 23_o @ epoch 1 new loss 2.746288009802811e-05 old loss 2.8190643206471577e-05 BETTER
I0326 10:33:46.672102 1579999 finetune.py:68] layer 22_o @ epoch 2 new loss 2.957803189929109e-05 old loss 3.0242277716752142e-05 BETTER
I0326 10:34:15.394776 1580704 finetune.py:68] layer 23_o @ epoch 2 new loss 2.6967945814249106e-05 old loss 2.746288009802811e-05 BETTER
I0326 10:34:22.813764 1579999 finetune.py:68] layer 22_o @ epoch 3 new loss 2.9087779694236815e-05 old loss 2.957803189929109e-05 BETTER
I0326 10:34:49.526341 1580704 finetune.py:68] layer 23_o @ epoch 3 new loss 2.660775135154836e-05 old loss 2.6967945814249106e-05 BETTER
I0326 10:34:58.875397 1579999 finetune.py:68] layer 22_o @ epoch 4 new loss 2.869628951884806e-05 old loss 2.9087779694236815e-05 BETTER
I0326 10:35:21.433809 1579999 finetune.py:45] layer 22_up initial loss 8.912950579542667e-05
I0326 10:35:23.663588 1580704 finetune.py:68] layer 23_o @ epoch 4 new loss 2.633395342854783e-05 old loss 2.660775135154836e-05 BETTER
I0326 10:35:46.093116 1580704 finetune.py:45] layer 23_up initial loss 9.19875456020236e-05
I0326 10:35:53.694505 1579999 finetune.py:68] layer 22_up @ epoch 0 new loss 8.519706898368895e-05 old loss 8.912950579542667e-05 BETTER
I0326 10:36:16.989497 1580704 finetune.py:68] layer 23_up @ epoch 0 new loss 8.823645475786179e-05 old loss 9.19875456020236e-05 BETTER
I0326 10:36:27.361052 1579999 finetune.py:68] layer 22_up @ epoch 1 new loss 8.325809903908521e-05 old loss 8.519706898368895e-05 BETTER
I0326 10:36:49.177732 1580704 finetune.py:68] layer 23_up @ epoch 1 new loss 8.632695971755311e-05 old loss 8.823645475786179e-05 BETTER
I0326 10:37:01.208438 1579999 finetune.py:68] layer 22_up @ epoch 2 new loss 8.177482959581539e-05 old loss 8.325809903908521e-05 BETTER
I0326 10:37:21.378791 1580704 finetune.py:68] layer 23_up @ epoch 2 new loss 8.490154868923128e-05 old loss 8.632695971755311e-05 BETTER
I0326 10:37:35.227034 1579999 finetune.py:68] layer 22_up @ epoch 3 new loss 8.057660306803882e-05 old loss 8.177482959581539e-05 BETTER
I0326 10:37:53.697729 1580704 finetune.py:68] layer 23_up @ epoch 3 new loss 8.374382741749287e-05 old loss 8.490154868923128e-05 BETTER
I0326 10:38:09.405989 1579999 finetune.py:68] layer 22_up @ epoch 4 new loss 7.956296030897647e-05 old loss 8.057660306803882e-05 BETTER
I0326 10:38:25.950814 1580704 finetune.py:68] layer 23_up @ epoch 4 new loss 8.278337918454781e-05 old loss 8.374382741749287e-05 BETTER
I0326 10:38:31.668687 1579999 finetune.py:45] layer 22_gate initial loss 0.00010222125274594873
I0326 10:38:48.156895 1580704 finetune.py:45] layer 23_gate initial loss 0.00010813028347911313
I0326 10:39:01.937314 1579999 finetune.py:68] layer 22_gate @ epoch 0 new loss 0.00010095354809891433 old loss 0.00010222125274594873 BETTER
I0326 10:39:16.894147 1580704 finetune.py:68] layer 23_gate @ epoch 0 new loss 0.00010697169636841863 old loss 0.00010813028347911313 BETTER
I0326 10:39:33.227196 1579999 finetune.py:68] layer 22_gate @ epoch 1 new loss 0.00010002769704442471 old loss 0.00010095354809891433 BETTER
I0326 10:39:46.643745 1580704 finetune.py:68] layer 23_gate @ epoch 1 new loss 0.00010612363985273987 old loss 0.00010697169636841863 BETTER
I0326 10:40:04.769151 1579999 finetune.py:68] layer 22_gate @ epoch 2 new loss 9.924486221279949e-05 old loss 0.00010002769704442471 BETTER
I0326 10:40:16.536109 1580704 finetune.py:68] layer 23_gate @ epoch 2 new loss 0.00010539423965383321 old loss 0.00010612363985273987 BETTER
I0326 10:40:36.387101 1579999 finetune.py:68] layer 22_gate @ epoch 3 new loss 9.856082760961726e-05 old loss 9.924486221279949e-05 BETTER
I0326 10:40:46.571285 1580704 finetune.py:68] layer 23_gate @ epoch 3 new loss 0.00010475911403773353 old loss 0.00010539423965383321 BETTER
