10_q proxy err 0.0015573455020785332 tr(WHW.T) 23347.04296875
bpp_loss 3.5154407024383545
10_k proxy err 0.0005226594512350857 tr(WHW.T) 19775.0546875
bpp_loss 4.401828289031982
10_o proxy err 0.05199577286839485 tr(WHW.T) 690.8175048828125
bpp_loss 2.812895894050598
10_up proxy err 0.016938352957367897 tr(WHW.T) 9205.7685546875
bpp_loss 2.9604159763881137
10_gate proxy err 0.004425015300512314 tr(WHW.T) 37493.41796875
bpp_loss 3.214888027736119
10_down proxy err 0.02419321797788143 tr(WHW.T) 6593.4365234375
bpp_loss 2.961066518511091
I0326 02:14:02.981718 1258494 quantize_finetune_llama.py:240] computed original embedding for layer 12 in 63.23876643180847s
I0326 02:14:06.224304 1328535 config.py:54] PyTorch version 2.6.0 available.
W0326 02:14:06.505113 1328535 warnings.py:109] /opt/conda/lib/python3.10/site-packages/torchvision/io/image.py:13: UserWarning: Failed to load image Python extension: '/opt/conda/lib/python3.10/site-packages/torchvision/image.so: undefined symbol: _ZN3c1017RegisterOperatorsD1Ev'If you don't plan on using image functionality from `torchvision.io`, you can ignore this warning. Otherwise, there might be something wrong with your environment. Did you have `libjpeg` or `libpng` installed before building `torchvision` from source?
  warn(

W0326 02:14:07.386140 1328535 warnings.py:109] /opt/conda/lib/python3.10/site-packages/compressai/models/video/google.py:353: FutureWarning: `torch.cuda.amp.autocast(args...)` is deprecated. Please use `torch.amp.autocast('cuda', args...)` instead.
  @amp.autocast(enabled=False)

I0326 02:14:07.390049 1258494 quantize_finetune_llama.py:209] layer 13 gpu 1
I0326 02:14:07.403690 1328535 data_utils.py:336] using 256 training seqs, 128 validation seqs
The attention layers in this model are transitioning from computing the RoPE embeddings internally through `position_ids` (2D tensor with the indexes of the tokens), to using externally computed `position_embeddings` (Tuple of tensors, containing cos and sin). In v4.46 `position_ids` will be removed and `position_embeddings` will be mandatory.
I0326 02:14:14.726037 1328535 finetune.py:45] layer 12_v initial loss 2.944380321423523e-05
W0326 02:14:14.726309 1328535 warnings.py:109] /workspace/Weight_compression/comp_lm_qtip/lib/algo/finetune.py:46: FutureWarning: `torch.cuda.amp.GradScaler(args...)` is deprecated. Please use `torch.amp.GradScaler('cuda', args...)` instead.
  scaler = torch.cuda.amp.GradScaler(enabled=(orig_dtype==torch.float16))

I0326 02:14:50.941145 1328535 finetune.py:68] layer 12_v @ epoch 0 new loss 1.9844968846882693e-05 old loss 2.944380321423523e-05 BETTER
I0326 02:15:07.552095 1258494 quantize_finetune_llama.py:240] computed original embedding for layer 13 in 59.782668352127075s
I0326 02:15:11.068969 1328656 config.py:54] PyTorch version 2.6.0 available.
W0326 02:15:11.348050 1328656 warnings.py:109] /opt/conda/lib/python3.10/site-packages/torchvision/io/image.py:13: UserWarning: Failed to load image Python extension: '/opt/conda/lib/python3.10/site-packages/torchvision/image.so: undefined symbol: _ZN3c1017RegisterOperatorsD1Ev'If you don't plan on using image functionality from `torchvision.io`, you can ignore this warning. Otherwise, there might be something wrong with your environment. Did you have `libjpeg` or `libpng` installed before building `torchvision` from source?
  warn(

W0326 02:15:12.246167 1328656 warnings.py:109] /opt/conda/lib/python3.10/site-packages/compressai/models/video/google.py:353: FutureWarning: `torch.cuda.amp.autocast(args...)` is deprecated. Please use `torch.amp.autocast('cuda', args...)` instead.
  @amp.autocast(enabled=False)

I0326 02:15:12.249946 1258494 quantize_finetune_llama.py:209] layer 14 gpu 0
I0326 02:15:12.262680 1328656 data_utils.py:336] using 256 training seqs, 128 validation seqs
The attention layers in this model are transitioning from computing the RoPE embeddings internally through `position_ids` (2D tensor with the indexes of the tokens), to using externally computed `position_embeddings` (Tuple of tensors, containing cos and sin). In v4.46 `position_ids` will be removed and `position_embeddings` will be mandatory.
I0326 02:15:19.116314 1328656 finetune.py:45] layer 13_v initial loss 3.171640128130093e-05
W0326 02:15:19.116528 1328656 warnings.py:109] /workspace/Weight_compression/comp_lm_qtip/lib/algo/finetune.py:46: FutureWarning: `torch.cuda.amp.GradScaler(args...)` is deprecated. Please use `torch.amp.GradScaler('cuda', args...)` instead.
  scaler = torch.cuda.amp.GradScaler(enabled=(orig_dtype==torch.float16))

I0326 02:15:28.007506 1328535 finetune.py:68] layer 12_v @ epoch 1 new loss 1.828352833399549e-05 old loss 1.9844968846882693e-05 BETTER
I0326 02:15:52.579599 1328656 finetune.py:68] layer 13_v @ epoch 0 new loss 2.1740135707659647e-05 old loss 3.171640128130093e-05 BETTER
I0326 02:16:05.316741 1328535 finetune.py:68] layer 12_v @ epoch 2 new loss 1.7385667888447642e-05 old loss 1.828352833399549e-05 BETTER
I0326 02:16:27.163001 1328656 finetune.py:68] layer 13_v @ epoch 1 new loss 2.002074324991554e-05 old loss 2.1740135707659647e-05 BETTER
I0326 02:16:42.270379 1328535 finetune.py:68] layer 12_v @ epoch 3 new loss 1.6748410416767e-05 old loss 1.7385667888447642e-05 BETTER
I0326 02:17:02.021118 1328656 finetune.py:68] layer 13_v @ epoch 2 new loss 1.9090499336016364e-05 old loss 2.002074324991554e-05 BETTER
I0326 02:17:19.294869 1328535 finetune.py:68] layer 12_v @ epoch 4 new loss 1.627368328627199e-05 old loss 1.6748410416767e-05 BETTER
I0326 02:17:29.087345 1328535 finetune.py:45] layer 12_q initial loss 2.0193370801280253e-05
I0326 02:17:37.032304 1328656 finetune.py:68] layer 13_v @ epoch 3 new loss 1.846529085014481e-05 old loss 1.9090499336016364e-05 BETTER
I0326 02:18:05.293073 1328535 finetune.py:68] layer 12_q @ epoch 0 new loss 1.9277798855910078e-05 old loss 2.0193370801280253e-05 BETTER
I0326 02:18:12.181600 1328656 finetune.py:68] layer 13_v @ epoch 4 new loss 1.80087245098548e-05 old loss 1.846529085014481e-05 BETTER
I0326 02:18:21.566771 1328656 finetune.py:45] layer 13_q initial loss 2.273093741678167e-05
I0326 02:18:42.106139 1328535 finetune.py:68] layer 12_q @ epoch 1 new loss 1.8804645151249133e-05 old loss 1.9277798855910078e-05 BETTER
I0326 02:18:55.387351 1328656 finetune.py:68] layer 13_q @ epoch 0 new loss 2.175917870772537e-05 old loss 2.273093741678167e-05 BETTER
I0326 02:19:19.020342 1328535 finetune.py:68] layer 12_q @ epoch 2 new loss 1.8425722373649478e-05 old loss 1.8804645151249133e-05 BETTER
I0326 02:19:29.953690 1328656 finetune.py:68] layer 13_q @ epoch 1 new loss 2.132133158738725e-05 old loss 2.175917870772537e-05 BETTER
I0326 02:19:55.800425 1328535 finetune.py:68] layer 12_q @ epoch 3 new loss 1.8116439605364576e-05 old loss 1.8425722373649478e-05 BETTER
I0326 02:20:04.438507 1328656 finetune.py:68] layer 13_q @ epoch 2 new loss 2.098567165376153e-05 old loss 2.132133158738725e-05 BETTER
I0326 02:20:32.732659 1328535 finetune.py:68] layer 12_q @ epoch 4 new loss 1.783578954928089e-05 old loss 1.8116439605364576e-05 BETTER
I0326 02:20:39.060545 1328656 finetune.py:68] layer 13_q @ epoch 3 new loss 2.070237314910628e-05 old loss 2.098567165376153e-05 BETTER
I0326 02:20:40.552984 1328535 finetune.py:45] layer 12_k initial loss 1.932063423737418e-05
I0326 02:21:14.078464 1328656 finetune.py:68] layer 13_q @ epoch 4 new loss 2.0457011487451382e-05 old loss 2.070237314910628e-05 BETTER
I0326 02:21:16.626788 1328535 finetune.py:68] layer 12_k @ epoch 0 new loss 1.8872349755838513e-05 old loss 1.932063423737418e-05 BETTER
I0326 02:21:21.795577 1328656 finetune.py:45] layer 13_k initial loss 2.1551335521508008e-05
I0326 02:21:53.273512 1328535 finetune.py:68] layer 12_k @ epoch 1 new loss 1.862794852058869e-05 old loss 1.8872349755838513e-05 BETTER
I0326 02:21:55.576565 1328656 finetune.py:68] layer 13_k @ epoch 0 new loss 2.1263827875372954e-05 old loss 2.1551335521508008e-05 BETTER
I0326 02:22:30.064011 1328656 finetune.py:68] layer 13_k @ epoch 1 new loss 2.1059577193227597e-05 old loss 2.1263827875372954e-05 BETTER
I0326 02:22:30.107928 1328535 finetune.py:68] layer 12_k @ epoch 2 new loss 1.8438104234519415e-05 old loss 1.862794852058869e-05 BETTER
I0326 02:23:04.418915 1328656 finetune.py:68] layer 13_k @ epoch 2 new loss 2.08992187253898e-05 old loss 2.1059577193227597e-05 BETTER
I0326 02:23:06.762584 1328535 finetune.py:68] layer 12_k @ epoch 3 new loss 1.8257111150887795e-05 old loss 1.8438104234519415e-05 BETTER
I0326 02:23:38.781112 1328656 finetune.py:68] layer 13_k @ epoch 3 new loss 2.0747438611579128e-05 old loss 2.08992187253898e-05 BETTER
I0326 02:23:43.412274 1328535 finetune.py:68] layer 12_k @ epoch 4 new loss 1.8112094039679505e-05 old loss 1.8257111150887795e-05 BETTER
I0326 02:23:53.415546 1328535 finetune.py:45] layer 12_o initial loss 6.987633969401941e-05
I0326 02:24:13.384765 1328656 finetune.py:68] layer 13_k @ epoch 4 new loss 2.0624143871827982e-05 old loss 2.0747438611579128e-05 BETTER
I0326 02:24:22.652507 1328656 finetune.py:45] layer 13_o initial loss 9.378419781569391e-05
I0326 02:24:28.374700 1328535 finetune.py:68] layer 12_o @ epoch 0 new loss 6.330567703116685e-05 old loss 6.987633969401941e-05 BETTER
I0326 02:24:55.606340 1328656 finetune.py:68] layer 13_o @ epoch 0 new loss 8.342898945556954e-05 old loss 9.378419781569391e-05 BETTER
I0326 02:25:04.133059 1328535 finetune.py:68] layer 12_o @ epoch 1 new loss 6.0209280491108075e-05 old loss 6.330567703116685e-05 BETTER
I0326 02:25:29.205753 1328656 finetune.py:68] layer 13_o @ epoch 1 new loss 7.850726251490414e-05 old loss 8.342898945556954e-05 BETTER
I0326 02:25:39.899469 1328535 finetune.py:68] layer 12_o @ epoch 2 new loss 5.801439328934066e-05 old loss 6.0209280491108075e-05 BETTER
I0326 02:26:02.917985 1328656 finetune.py:68] layer 13_o @ epoch 2 new loss 7.51136030885391e-05 old loss 7.850726251490414e-05 BETTER
I0326 02:26:15.826582 1328535 finetune.py:68] layer 12_o @ epoch 3 new loss 5.6306569604203105e-05 old loss 5.801439328934066e-05 BETTER
I0326 02:26:36.733359 1328656 finetune.py:68] layer 13_o @ epoch 3 new loss 7.254283991642296e-05 old loss 7.51136030885391e-05 BETTER
I0326 02:26:51.811763 1328535 finetune.py:68] layer 12_o @ epoch 4 new loss 5.490664625540376e-05 old loss 5.6306569604203105e-05 BETTER
I0326 02:27:10.612540 1328656 finetune.py:68] layer 13_o @ epoch 4 new loss 7.048615225357935e-05 old loss 7.254283991642296e-05 BETTER
I0326 02:27:13.484407 1328535 finetune.py:45] layer 12_up initial loss 9.55959185375832e-05
I0326 02:27:31.903973 1328656 finetune.py:45] layer 13_up initial loss 0.00011799079948104918
I0326 02:27:45.732371 1328535 finetune.py:68] layer 12_up @ epoch 0 new loss 9.240800136467442e-05 old loss 9.55959185375832e-05 BETTER
I0326 02:28:02.570858 1328656 finetune.py:68] layer 13_up @ epoch 0 new loss 0.00011391165753593668 old loss 0.00011799079948104918 BETTER
I0326 02:28:19.291144 1328535 finetune.py:68] layer 12_up @ epoch 1 new loss 9.04388798517175e-05 old loss 9.240800136467442e-05 BETTER
I0326 02:28:34.356491 1328656 finetune.py:68] layer 13_up @ epoch 1 new loss 0.00011141835420858115 old loss 0.00011391165753593668 BETTER
I0326 02:28:52.923295 1328535 finetune.py:68] layer 12_up @ epoch 2 new loss 8.883448754204437e-05 old loss 9.04388798517175e-05 BETTER
I0326 02:29:06.224932 1328656 finetune.py:68] layer 13_up @ epoch 2 new loss 0.00010937676415778697 old loss 0.00011141835420858115 BETTER
I0326 02:29:26.491332 1328535 finetune.py:68] layer 12_up @ epoch 3 new loss 8.745698141865432e-05 old loss 8.883448754204437e-05 BETTER
I0326 02:29:38.315081 1328656 finetune.py:68] layer 13_up @ epoch 3 new loss 0.00010762346937553957 old loss 0.00010937676415778697 BETTER
I0326 02:30:00.188584 1328535 finetune.py:68] layer 12_up @ epoch 4 new loss 8.623195753898472e-05 old loss 8.745698141865432e-05 BETTER
I0326 02:30:10.382634 1328656 finetune.py:68] layer 13_up @ epoch 4 new loss 0.00010608373122522607 old loss 0.00010762346937553957 BETTER
I0326 02:30:21.795050 1328535 finetune.py:45] layer 12_gate initial loss 0.00010379876039223745
I0326 02:30:32.044683 1328656 finetune.py:45] layer 13_gate initial loss 0.00012593623250722885
I0326 02:30:51.979626 1328535 finetune.py:68] layer 12_gate @ epoch 0 new loss 0.0001024101220536977 old loss 0.00010379876039223745 BETTER
I0326 02:31:00.483454 1328656 finetune.py:68] layer 13_gate @ epoch 0 new loss 0.00012421135033946484 old loss 0.00012593623250722885 BETTER
I0326 02:31:23.067030 1328535 finetune.py:68] layer 12_gate @ epoch 1 new loss 0.00010132388706551865 old loss 0.0001024101220536977 BETTER
I0326 02:31:29.739349 1328656 finetune.py:68] layer 13_gate @ epoch 1 new loss 0.00012286579294595867 old loss 0.00012421135033946484 BETTER
I0326 02:31:54.277681 1328535 finetune.py:68] layer 12_gate @ epoch 2 new loss 0.00010037645552074537 old loss 0.00010132388706551865 BETTER
I0326 02:31:59.359271 1328656 finetune.py:68] layer 13_gate @ epoch 2 new loss 0.00012168323883088306 old loss 0.00012286579294595867 BETTER
I0326 02:32:25.796628 1328535 finetune.py:68] layer 12_gate @ epoch 3 new loss 9.951085667125881e-05 old loss 0.00010037645552074537 BETTER
I0326 02:32:29.164450 1328656 finetune.py:68] layer 13_gate @ epoch 3 new loss 0.00012060724111506715 old loss 0.00012168323883088306 BETTER
I0326 02:32:57.283342 1328535 finetune.py:68] layer 12_gate @ epoch 4 new loss 9.872427472146228e-05 old loss 9.951085667125881e-05 BETTER
I0326 02:32:58.939004 1328656 finetune.py:68] layer 13_gate @ epoch 4 new loss 0.00011963608267251402 old loss 0.00012060724111506715 BETTER
I0326 02:33:19.904617 1328535 finetune.py:45] layer 12_down initial loss 0.00015170506958384067
I0326 02:33:21.292807 1328656 finetune.py:45] layer 13_down initial loss 0.00018313023610971868
I0326 02:33:47.969416 1328535 finetune.py:68] layer 12_down @ epoch 0 new loss 0.00015167001402005553 old loss 0.00015170506958384067 BETTER
I0326 02:33:48.179471 1328656 finetune.py:68] layer 13_down @ epoch 0 new loss 0.00018308463040739298 old loss 0.00018313023610971868 BETTER
I0326 02:34:15.770680 1328656 finetune.py:68] layer 13_down @ epoch 1 new loss 0.00018304557306692004 old loss 0.00018308463040739298 BETTER
I0326 02:34:17.147437 1328535 finetune.py:68] layer 12_down @ epoch 1 new loss 0.00015164271462708712 old loss 0.00015167001402005553 BETTER
I0326 02:34:43.501551 1328656 finetune.py:68] layer 13_down @ epoch 2 new loss 0.0001830121036618948 old loss 0.00018304557306692004 BETTER
I0326 02:34:46.402229 1328535 finetune.py:68] layer 12_down @ epoch 2 new loss 0.00015161826740950346 old loss 0.00015164271462708712 BETTER
I0326 02:35:11.194044 1328656 finetune.py:68] layer 13_down @ epoch 3 new loss 0.00018298282520845532 old loss 0.0001830121036618948 BETTER
I0326 02:35:15.693478 1328535 finetune.py:68] layer 12_down @ epoch 3 new loss 0.0001515938638476655 old loss 0.00015161826740950346 BETTER
I0326 02:35:38.883910 1328656 finetune.py:68] layer 13_down @ epoch 4 new loss 0.00018295610789209604 old loss 0.00018298282520845532 BETTER
13_v proxy err 0.02812921442091465 tr(WHW.T) 280.153564453125
bpp_loss 2.746765375137329
13_q proxy err 0.0017703664489090443 tr(WHW.T) 20904.228515625
bpp_loss 3.4917027950286865
13_k proxy err 0.0006005314644426107 tr(WHW.T) 17820.357421875
bpp_loss 4.415666580200195
13_o proxy err 0.052507128566503525 tr(WHW.T) 683.4244995117188
bpp_loss 2.859803795814514
13_up proxy err 0.015034698881208897 tr(WHW.T) 10026.2109375
bpp_loss 2.9862237657819475
13_gate proxy err 0.004065902903676033 tr(WHW.T) 39059.1328125
bpp_loss 3.17966856275286
13_down proxy err 0.02324315719306469 tr(WHW.T) 6626.79931640625
bpp_loss 2.9792719227927074
I0326 02:35:44.991226 1328535 finetune.py:68] layer 12_down @ epoch 4 new loss 0.000151574844494462 old loss 0.0001515938638476655 BETTER
12_v proxy err 0.023128394037485123 tr(WHW.T) 363.6233825683594
bpp_loss 2.804708957672119
12_q proxy err 0.0011762856738641858 tr(WHW.T) 34128.84375
bpp_loss 3.518293023109436
12_k proxy err 0.0004949661670252681 tr(WHW.T) 23103.806640625
bpp_loss 4.402306795120239
12_o proxy err 0.046779949218034744 tr(WHW.T) 788.8425903320312
bpp_loss 2.8764692544937134
12_up proxy err 0.01498906034976244 tr(WHW.T) 10032.0771484375
bpp_loss 2.9826059341430664
12_gate proxy err 0.004229698330163956 tr(WHW.T) 37385.61328125
bpp_loss 3.1751629965645924
12_down proxy err 0.02246231399476528 tr(WHW.T) 6884.68994140625
bpp_loss 2.9792873859405518
I0326 02:36:53.093916 1258494 quantize_finetune_llama.py:240] computed original embedding for layer 14 in 63.25790071487427s
I0326 02:36:56.254506 1330049 config.py:54] PyTorch version 2.6.0 available.
W0326 02:36:56.534972 1330049 warnings.py:109] /opt/conda/lib/python3.10/site-packages/torchvision/io/image.py:13: UserWarning: Failed to load image Python extension: '/opt/conda/lib/python3.10/site-packages/torchvision/image.so: undefined symbol: _ZN3c1017RegisterOperatorsD1Ev'If you don't plan on using image functionality from `torchvision.io`, you can ignore this warning. Otherwise, there might be something wrong with your environment. Did you have `libjpeg` or `libpng` installed before building `torchvision` from source?
  warn(

W0326 02:36:57.409608 1330049 warnings.py:109] /opt/conda/lib/python3.10/site-packages/compressai/models/video/google.py:353: FutureWarning: `torch.cuda.amp.autocast(args...)` is deprecated. Please use `torch.amp.autocast('cuda', args...)` instead.
  @amp.autocast(enabled=False)

I0326 02:36:57.413629 1258494 quantize_finetune_llama.py:209] layer 15 gpu 1
I0326 02:36:57.427003 1330049 data_utils.py:336] using 256 training seqs, 128 validation seqs
The attention layers in this model are transitioning from computing the RoPE embeddings internally through `position_ids` (2D tensor with the indexes of the tokens), to using externally computed `position_embeddings` (Tuple of tensors, containing cos and sin). In v4.46 `position_ids` will be removed and `position_embeddings` will be mandatory.
I0326 02:37:04.745870 1330049 finetune.py:45] layer 14_v initial loss 3.234134055674076e-05
W0326 02:37:04.746130 1330049 warnings.py:109] /workspace/Weight_compression/comp_lm_qtip/lib/algo/finetune.py:46: FutureWarning: `torch.cuda.amp.GradScaler(args...)` is deprecated. Please use `torch.amp.GradScaler('cuda', args...)` instead.
  scaler = torch.cuda.amp.GradScaler(enabled=(orig_dtype==torch.float16))

I0326 02:37:41.000665 1330049 finetune.py:68] layer 14_v @ epoch 0 new loss 2.3418955606757663e-05 old loss 3.234134055674076e-05 BETTER
I0326 02:37:57.731616 1258494 quantize_finetune_llama.py:240] computed original embedding for layer 15 in 59.9143602848053s
I0326 02:38:01.158344 1330167 config.py:54] PyTorch version 2.6.0 available.
W0326 02:38:01.439518 1330167 warnings.py:109] /opt/conda/lib/python3.10/site-packages/torchvision/io/image.py:13: UserWarning: Failed to load image Python extension: '/opt/conda/lib/python3.10/site-packages/torchvision/image.so: undefined symbol: _ZN3c1017RegisterOperatorsD1Ev'If you don't plan on using image functionality from `torchvision.io`, you can ignore this warning. Otherwise, there might be something wrong with your environment. Did you have `libjpeg` or `libpng` installed before building `torchvision` from source?
  warn(

W0326 02:38:02.359533 1330167 warnings.py:109] /opt/conda/lib/python3.10/site-packages/compressai/models/video/google.py:353: FutureWarning: `torch.cuda.amp.autocast(args...)` is deprecated. Please use `torch.amp.autocast('cuda', args...)` instead.
  @amp.autocast(enabled=False)

I0326 02:38:02.363337 1258494 quantize_finetune_llama.py:209] layer 16 gpu 0
I0326 02:38:02.376478 1330167 data_utils.py:336] using 256 training seqs, 128 validation seqs
The attention layers in this model are transitioning from computing the RoPE embeddings internally through `position_ids` (2D tensor with the indexes of the tokens), to using externally computed `position_embeddings` (Tuple of tensors, containing cos and sin). In v4.46 `position_ids` will be removed and `position_embeddings` will be mandatory.
I0326 02:38:09.169833 1330167 finetune.py:45] layer 15_v initial loss 3.601687785703689e-05
W0326 02:38:09.170041 1330167 warnings.py:109] /workspace/Weight_compression/comp_lm_qtip/lib/algo/finetune.py:46: FutureWarning: `torch.cuda.amp.GradScaler(args...)` is deprecated. Please use `torch.amp.GradScaler('cuda', args...)` instead.
  scaler = torch.cuda.amp.GradScaler(enabled=(orig_dtype==torch.float16))

I0326 02:38:18.317280 1330049 finetune.py:68] layer 14_v @ epoch 1 new loss 2.1735757400165312e-05 old loss 2.3418955606757663e-05 BETTER
I0326 02:38:42.559003 1330167 finetune.py:68] layer 15_v @ epoch 0 new loss 2.508363286324311e-05 old loss 3.601687785703689e-05 BETTER
I0326 02:38:55.368170 1330049 finetune.py:68] layer 14_v @ epoch 2 new loss 2.07824105018517e-05 old loss 2.1735757400165312e-05 BETTER
I0326 02:39:16.971096 1330167 finetune.py:68] layer 15_v @ epoch 1 new loss 2.33043720072601e-05 old loss 2.508363286324311e-05 BETTER
I0326 02:39:32.355036 1330049 finetune.py:68] layer 14_v @ epoch 3 new loss 2.01141901925439e-05 old loss 2.07824105018517e-05 BETTER
I0326 02:39:51.623748 1330167 finetune.py:68] layer 15_v @ epoch 2 new loss 2.229705933132209e-05 old loss 2.33043720072601e-05 BETTER
I0326 02:40:09.576768 1330049 finetune.py:68] layer 14_v @ epoch 4 new loss 1.9605136913014576e-05 old loss 2.01141901925439e-05 BETTER
I0326 02:40:19.300953 1330049 finetune.py:45] layer 14_q initial loss 2.591661541373469e-05
I0326 02:40:26.477290 1330167 finetune.py:68] layer 15_v @ epoch 3 new loss 2.159979885618668e-05 old loss 2.229705933132209e-05 BETTER
I0326 02:40:55.222377 1330049 finetune.py:68] layer 14_q @ epoch 0 new loss 2.4650082195876166e-05 old loss 2.591661541373469e-05 BETTER
I0326 02:41:01.528274 1330167 finetune.py:68] layer 15_v @ epoch 4 new loss 2.107618456648197e-05 old loss 2.159979885618668e-05 BETTER
I0326 02:41:10.847869 1330167 finetune.py:45] layer 15_q initial loss 2.4871016648830846e-05
I0326 02:41:32.141822 1330049 finetune.py:68] layer 14_q @ epoch 1 new loss 2.4075385226751678e-05 old loss 2.4650082195876166e-05 BETTER
I0326 02:41:44.663159 1330167 finetune.py:68] layer 15_q @ epoch 0 new loss 2.3986431187950075e-05 old loss 2.4871016648830846e-05 BETTER
I0326 02:42:08.958718 1330049 finetune.py:68] layer 14_q @ epoch 2 new loss 2.3654409233131446e-05 old loss 2.4075385226751678e-05 BETTER
I0326 02:42:19.219004 1330167 finetune.py:68] layer 15_q @ epoch 1 new loss 2.3508166123065166e-05 old loss 2.3986431187950075e-05 BETTER
I0326 02:42:45.767576 1330049 finetune.py:68] layer 14_q @ epoch 3 new loss 2.33052960538771e-05 old loss 2.3654409233131446e-05 BETTER
I0326 02:42:53.874988 1330167 finetune.py:68] layer 15_q @ epoch 2 new loss 2.3135695300879888e-05 old loss 2.3508166123065166e-05 BETTER
I0326 02:43:22.597109 1330049 finetune.py:68] layer 14_q @ epoch 4 new loss 2.301411768712569e-05 old loss 2.33052960538771e-05 BETTER
I0326 02:43:28.569660 1330167 finetune.py:68] layer 15_q @ epoch 3 new loss 2.283158573845867e-05 old loss 2.3135695300879888e-05 BETTER
I0326 02:43:30.620876 1330049 finetune.py:45] layer 14_k initial loss 2.4915678295656107e-05
I0326 02:44:03.187992 1330167 finetune.py:68] layer 15_q @ epoch 4 new loss 2.2580274162464775e-05 old loss 2.283158573845867e-05 BETTER
I0326 02:44:06.822181 1330049 finetune.py:68] layer 14_k @ epoch 0 new loss 2.4470120479236357e-05 old loss 2.4915678295656107e-05 BETTER
I0326 02:44:10.974705 1330167 finetune.py:45] layer 15_k initial loss 2.4053919332800433e-05
I0326 02:44:43.600465 1330049 finetune.py:68] layer 14_k @ epoch 1 new loss 2.4219139959313907e-05 old loss 2.4470120479236357e-05 BETTER
I0326 02:44:44.772315 1330167 finetune.py:68] layer 15_k @ epoch 0 new loss 2.3683223844273016e-05 old loss 2.4053919332800433e-05 BETTER
I0326 02:45:19.147881 1330167 finetune.py:68] layer 15_k @ epoch 1 new loss 2.3466991478926502e-05 old loss 2.3683223844273016e-05 BETTER
I0326 02:45:20.423274 1330049 finetune.py:68] layer 14_k @ epoch 2 new loss 2.4007418687688187e-05 old loss 2.4219139959313907e-05 BETTER
I0326 02:45:53.715116 1330167 finetune.py:68] layer 15_k @ epoch 2 new loss 2.3279879314941354e-05 old loss 2.3466991478926502e-05 BETTER
I0326 02:45:57.293680 1330049 finetune.py:68] layer 14_k @ epoch 3 new loss 2.3829557903809473e-05 old loss 2.4007418687688187e-05 BETTER
I0326 02:46:28.282921 1330167 finetune.py:68] layer 15_k @ epoch 3 new loss 2.3126558517105877e-05 old loss 2.3279879314941354e-05 BETTER
I0326 02:46:34.140629 1330049 finetune.py:68] layer 14_k @ epoch 4 new loss 2.3672835595789365e-05 old loss 2.3829557903809473e-05 BETTER
I0326 02:46:43.787978 1330049 finetune.py:45] layer 14_o initial loss 9.900051372824237e-05
I0326 02:47:02.667970 1330167 finetune.py:68] layer 15_k @ epoch 4 new loss 2.2985756004345603e-05 old loss 2.3126558517105877e-05 BETTER
I0326 02:47:11.849755 1330167 finetune.py:45] layer 15_o initial loss 8.57538398122415e-05
I0326 02:47:18.869306 1330049 finetune.py:68] layer 14_o @ epoch 0 new loss 8.891699690138921e-05 old loss 9.900051372824237e-05 BETTER
I0326 02:47:45.009000 1330167 finetune.py:68] layer 15_o @ epoch 0 new loss 7.74723885115236e-05 old loss 8.57538398122415e-05 BETTER
I0326 02:47:54.852393 1330049 finetune.py:68] layer 14_o @ epoch 1 new loss 8.406844426644966e-05 old loss 8.891699690138921e-05 BETTER
I0326 02:48:18.996594 1330167 finetune.py:68] layer 15_o @ epoch 1 new loss 7.360918971244246e-05 old loss 7.74723885115236e-05 BETTER
I0326 02:48:30.642674 1330049 finetune.py:68] layer 14_o @ epoch 2 new loss 8.068084571277723e-05 old loss 8.406844426644966e-05 BETTER
I0326 02:48:53.071959 1330167 finetune.py:68] layer 15_o @ epoch 2 new loss 7.088367419783026e-05 old loss 7.360918971244246e-05 BETTER
I0326 02:49:06.564027 1330049 finetune.py:68] layer 14_o @ epoch 3 new loss 7.809105591150001e-05 old loss 8.068084571277723e-05 BETTER
I0326 02:49:27.168623 1330167 finetune.py:68] layer 15_o @ epoch 3 new loss 6.880287401145324e-05 old loss 7.088367419783026e-05 BETTER
I0326 02:49:42.333521 1330049 finetune.py:68] layer 14_o @ epoch 4 new loss 7.601706602144986e-05 old loss 7.809105591150001e-05 BETTER
I0326 02:50:01.172768 1330167 finetune.py:68] layer 15_o @ epoch 4 new loss 6.710279558319598e-05 old loss 6.880287401145324e-05 BETTER
I0326 02:50:04.056340 1330049 finetune.py:45] layer 14_up initial loss 0.00013324656174518168
I0326 02:50:22.403225 1330167 finetune.py:45] layer 15_up initial loss 0.00013597318320535123
I0326 02:50:36.405733 1330049 finetune.py:68] layer 14_up @ epoch 0 new loss 0.00012831695494242013 old loss 0.00013324656174518168 BETTER
I0326 02:50:53.080662 1330167 finetune.py:68] layer 15_up @ epoch 0 new loss 0.00013017808669246733 old loss 0.00013597318320535123 BETTER
I0326 02:51:09.525050 1330049 finetune.py:68] layer 14_up @ epoch 1 new loss 0.00012537065776996315 old loss 0.00012831695494242013 BETTER
I0326 02:51:24.666402 1330167 finetune.py:68] layer 15_up @ epoch 1 new loss 0.0001268635387532413 old loss 0.00013017808669246733 BETTER
I0326 02:51:42.909853 1330049 finetune.py:68] layer 14_up @ epoch 2 new loss 0.00012299316585995257 old loss 0.00012537065776996315 BETTER
I0326 02:51:56.482139 1330167 finetune.py:68] layer 15_up @ epoch 2 new loss 0.00012422843428794295 old loss 0.0001268635387532413 BETTER
I0326 02:52:16.367105 1330049 finetune.py:68] layer 14_up @ epoch 3 new loss 0.00012097277794964612 old loss 0.00012299316585995257 BETTER
I0326 02:52:28.458427 1330167 finetune.py:68] layer 15_up @ epoch 3 new loss 0.00012199987395433709 old loss 0.00012422843428794295 BETTER
I0326 02:52:49.956144 1330049 finetune.py:68] layer 14_up @ epoch 4 new loss 0.00011919222015421838 old loss 0.00012097277794964612 BETTER
I0326 02:53:00.535750 1330167 finetune.py:68] layer 15_up @ epoch 4 new loss 0.00012003933807136491 old loss 0.00012199987395433709 BETTER
I0326 02:53:11.670541 1330049 finetune.py:45] layer 14_gate initial loss 0.00014053798804525286
I0326 02:53:22.077080 1330167 finetune.py:45] layer 15_gate initial loss 0.00014380466018337756
I0326 02:53:41.974487 1330049 finetune.py:68] layer 14_gate @ epoch 0 new loss 0.00013855814177077264 old loss 0.00014053798804525286 BETTER
I0326 02:53:50.902795 1330167 finetune.py:68] layer 15_gate @ epoch 0 new loss 0.00014159534475766122 old loss 0.00014380466018337756 BETTER
I0326 02:54:13.265516 1330049 finetune.py:68] layer 14_gate @ epoch 1 new loss 0.00013701397983822972 old loss 0.00013855814177077264 BETTER
I0326 02:54:20.274837 1330167 finetune.py:68] layer 15_gate @ epoch 1 new loss 0.00013982216478325427 old loss 0.00014159534475766122 BETTER
I0326 02:54:44.646506 1330049 finetune.py:68] layer 14_gate @ epoch 2 new loss 0.0001356641441816464 old loss 0.00013701397983822972 BETTER
I0326 02:54:49.784827 1330167 finetune.py:68] layer 15_gate @ epoch 2 new loss 0.00013827468501403928 old loss 0.00013982216478325427 BETTER
I0326 02:55:16.095998 1330049 finetune.py:68] layer 14_gate @ epoch 3 new loss 0.00013443856732919812 old loss 0.0001356641441816464 BETTER
I0326 02:55:19.414210 1330167 finetune.py:68] layer 15_gate @ epoch 3 new loss 0.0001368861412629485 old loss 0.00013827468501403928 BETTER
I0326 02:55:47.576163 1330049 finetune.py:68] layer 14_gate @ epoch 4 new loss 0.00013332351227290928 old loss 0.00013443856732919812 BETTER
I0326 02:55:49.082007 1330167 finetune.py:68] layer 15_gate @ epoch 4 new loss 0.00013563183892983943 old loss 0.0001368861412629485 BETTER
I0326 02:56:10.243957 1330049 finetune.py:45] layer 14_down initial loss 0.00020762615895364434
I0326 02:56:11.416913 1330167 finetune.py:45] layer 15_down initial loss 0.00022992944286670536
I0326 02:56:38.090211 1330167 finetune.py:68] layer 15_down @ epoch 0 new loss 0.0002298759645782411 old loss 0.00022992944286670536 BETTER
I0326 02:56:38.098689 1330049 finetune.py:68] layer 14_down @ epoch 0 new loss 0.00020757057063747197 old loss 0.00020762615895364434 BETTER
I0326 02:57:05.710324 1330167 finetune.py:68] layer 15_down @ epoch 1 new loss 0.00022983283270150423 old loss 0.0002298759645782411 BETTER
I0326 02:57:07.036508 1330049 finetune.py:68] layer 14_down @ epoch 1 new loss 0.00020752291311509907 old loss 0.00020757057063747197 BETTER
I0326 02:57:33.433345 1330167 finetune.py:68] layer 15_down @ epoch 2 new loss 0.00022979319328442216 old loss 0.00022983283270150423 BETTER
I0326 02:57:36.109274 1330049 finetune.py:68] layer 14_down @ epoch 2 new loss 0.0002074799849651754 old loss 0.00020752291311509907 BETTER
I0326 02:58:01.069535 1330167 finetune.py:68] layer 15_down @ epoch 3 new loss 0.00022975953470449895 old loss 0.00022979319328442216 BETTER
I0326 02:58:05.436877 1330049 finetune.py:68] layer 14_down @ epoch 3 new loss 0.000207439879886806 old loss 0.0002074799849651754 BETTER
I0326 02:58:28.797794 1330167 finetune.py:68] layer 15_down @ epoch 4 new loss 0.00022973002342041582 old loss 0.00022975953470449895 BETTER
15_v proxy err 0.02873329445719719 tr(WHW.T) 284.0271301269531
bpp_loss 2.800526976585388
15_q proxy err 0.0013734992826357484 tr(WHW.T) 28094.58984375
bpp_loss 3.587757706642151
15_k proxy err 0.0005795155302621424 tr(WHW.T) 18903.2734375
bpp_loss 4.411444187164307
15_o proxy err 0.04718218371272087 tr(WHW.T) 834.0298461914062
bpp_loss 2.8803213834762573
15_up proxy err 0.01674531027674675 tr(WHW.T) 9001.705078125
bpp_loss 2.974156379699707
15_gate proxy err 0.0035101051907986403 tr(WHW.T) 46077.453125
bpp_loss 3.2442309515816823
15_down proxy err 0.02402540296316147 tr(WHW.T) 6471.36181640625
bpp_loss 2.969730888094221
I0326 02:58:34.816342 1330049 finetune.py:68] layer 14_down @ epoch 4 new loss 0.00020740510080941021 old loss 0.000207439879886806 BETTER
14_v proxy err 0.027054717764258385 tr(WHW.T) 281.3382873535156
bpp_loss 2.7389358282089233
14_q proxy err 0.0017208014614880085 tr(WHW.T) 20896.78515625
bpp_loss 3.462535262107849
14_k proxy err 0.0005542908329516649 tr(WHW.T) 18649.552734375
bpp_loss 4.365667104721069
14_o proxy err 0.05413845553994179 tr(WHW.T) 696.212646484375
bpp_loss 2.851096749305725
14_up proxy err 0.016323016956448555 tr(WHW.T) 9173.220703125
bpp_loss 2.9809597560337613
14_gate proxy err 0.003801406593993306 tr(WHW.T) 41867.45703125
bpp_loss 3.2082131249564037
14_down proxy err 0.02377677895128727 tr(WHW.T) 6454.353515625
bpp_loss 2.975114039012364
I0326 02:59:43.365963 1258494 quantize_finetune_llama.py:240] computed original embedding for layer 16 in 63.68353295326233s
I0326 02:59:46.594656 1331542 config.py:54] PyTorch version 2.6.0 available.
W0326 02:59:46.872751 1331542 warnings.py:109] /opt/conda/lib/python3.10/site-packages/torchvision/io/image.py:13: UserWarning: Failed to load image Python extension: '/opt/conda/lib/python3.10/site-packages/torchvision/image.so: undefined symbol: _ZN3c1017RegisterOperatorsD1Ev'If you don't plan on using image functionality from `torchvision.io`, you can ignore this warning. Otherwise, there might be something wrong with your environment. Did you have `libjpeg` or `libpng` installed before building `torchvision` from source?
  warn(

W0326 02:59:47.743687 1331542 warnings.py:109] /opt/conda/lib/python3.10/site-packages/compressai/models/video/google.py:353: FutureWarning: `torch.cuda.amp.autocast(args...)` is deprecated. Please use `torch.amp.autocast('cuda', args...)` instead.
  @amp.autocast(enabled=False)

I0326 02:59:47.747621 1258494 quantize_finetune_llama.py:209] layer 17 gpu 1
I0326 02:59:47.760570 1331542 data_utils.py:336] using 256 training seqs, 128 validation seqs
The attention layers in this model are transitioning from computing the RoPE embeddings internally through `position_ids` (2D tensor with the indexes of the tokens), to using externally computed `position_embeddings` (Tuple of tensors, containing cos and sin). In v4.46 `position_ids` will be removed and `position_embeddings` will be mandatory.
I0326 02:59:55.045314 1331542 finetune.py:45] layer 16_v initial loss 3.9798331272322685e-05
W0326 02:59:55.045522 1331542 warnings.py:109] /workspace/Weight_compression/comp_lm_qtip/lib/algo/finetune.py:46: FutureWarning: `torch.cuda.amp.GradScaler(args...)` is deprecated. Please use `torch.amp.GradScaler('cuda', args...)` instead.
  scaler = torch.cuda.amp.GradScaler(enabled=(orig_dtype==torch.float16))

I0326 03:00:31.318885 1331542 finetune.py:68] layer 16_v @ epoch 0 new loss 2.7778227376984432e-05 old loss 3.9798331272322685e-05 BETTER
I0326 03:00:47.028506 1258494 quantize_finetune_llama.py:240] computed original embedding for layer 17 in 58.86404037475586s
I0326 03:00:50.333073 1331657 config.py:54] PyTorch version 2.6.0 available.
W0326 03:00:50.615367 1331657 warnings.py:109] /opt/conda/lib/python3.10/site-packages/torchvision/io/image.py:13: UserWarning: Failed to load image Python extension: '/opt/conda/lib/python3.10/site-packages/torchvision/image.so: undefined symbol: _ZN3c1017RegisterOperatorsD1Ev'If you don't plan on using image functionality from `torchvision.io`, you can ignore this warning. Otherwise, there might be something wrong with your environment. Did you have `libjpeg` or `libpng` installed before building `torchvision` from source?
  warn(

W0326 03:00:51.493542 1331657 warnings.py:109] /opt/conda/lib/python3.10/site-packages/compressai/models/video/google.py:353: FutureWarning: `torch.cuda.amp.autocast(args...)` is deprecated. Please use `torch.amp.autocast('cuda', args...)` instead.
  @amp.autocast(enabled=False)

I0326 03:00:51.497454 1258494 quantize_finetune_llama.py:209] layer 18 gpu 0
I0326 03:00:51.510834 1331657 data_utils.py:336] using 256 training seqs, 128 validation seqs
The attention layers in this model are transitioning from computing the RoPE embeddings internally through `position_ids` (2D tensor with the indexes of the tokens), to using externally computed `position_embeddings` (Tuple of tensors, containing cos and sin). In v4.46 `position_ids` will be removed and `position_embeddings` will be mandatory.
I0326 03:00:58.338911 1331657 finetune.py:45] layer 17_v initial loss 3.6676057789009064e-05
W0326 03:00:58.339234 1331657 warnings.py:109] /workspace/Weight_compression/comp_lm_qtip/lib/algo/finetune.py:46: FutureWarning: `torch.cuda.amp.GradScaler(args...)` is deprecated. Please use `torch.amp.GradScaler('cuda', args...)` instead.
  scaler = torch.cuda.amp.GradScaler(enabled=(orig_dtype==torch.float16))

I0326 03:01:08.257249 1331542 finetune.py:68] layer 16_v @ epoch 1 new loss 2.5595851184334606e-05 old loss 2.7778227376984432e-05 BETTER
I0326 03:01:31.817868 1331657 finetune.py:68] layer 17_v @ epoch 0 new loss 2.4457782274112105e-05 old loss 3.6676057789009064e-05 BETTER
I0326 03:01:45.240582 1331542 finetune.py:68] layer 16_v @ epoch 2 new loss 2.4318500436493196e-05 old loss 2.5595851184334606e-05 BETTER
I0326 03:02:06.352620 1331657 finetune.py:68] layer 17_v @ epoch 1 new loss 2.2594349502469413e-05 old loss 2.4457782274112105e-05 BETTER
I0326 03:02:22.220422 1331542 finetune.py:68] layer 16_v @ epoch 3 new loss 2.3423697712132707e-05 old loss 2.4318500436493196e-05 BETTER
I0326 03:02:41.257278 1331657 finetune.py:68] layer 17_v @ epoch 2 new loss 2.153334025933873e-05 old loss 2.2594349502469413e-05 BETTER
I0326 03:02:59.297359 1331542 finetune.py:68] layer 16_v @ epoch 4 new loss 2.2748292394680902e-05 old loss 2.3423697712132707e-05 BETTER
I0326 03:03:08.941681 1331542 finetune.py:45] layer 16_q initial loss 2.7664482331601903e-05
I0326 03:03:16.176627 1331657 finetune.py:68] layer 17_v @ epoch 3 new loss 2.083454637613613e-05 old loss 2.153334025933873e-05 BETTER
I0326 03:03:45.181612 1331542 finetune.py:68] layer 16_q @ epoch 0 new loss 2.618254984554369e-05 old loss 2.7664482331601903e-05 BETTER
I0326 03:03:51.207141 1331657 finetune.py:68] layer 17_v @ epoch 4 new loss 2.0307203158154152e-05 old loss 2.083454637613613e-05 BETTER
I0326 03:04:00.571381 1331657 finetune.py:45] layer 17_q initial loss 2.4200318875955418e-05
I0326 03:04:22.090594 1331542 finetune.py:68] layer 16_q @ epoch 1 new loss 2.5513696527923457e-05 old loss 2.618254984554369e-05 BETTER
I0326 03:04:34.349261 1331657 finetune.py:68] layer 17_q @ epoch 0 new loss 2.3299839085666463e-05 old loss 2.4200318875955418e-05 BETTER
I0326 03:04:58.986099 1331542 finetune.py:68] layer 16_q @ epoch 2 new loss 2.5010014724102803e-05 old loss 2.5513696527923457e-05 BETTER
I0326 03:05:08.874132 1331657 finetune.py:68] layer 17_q @ epoch 1 new loss 2.2785992769058794e-05 old loss 2.3299839085666463e-05 BETTER
I0326 03:05:35.847364 1331542 finetune.py:68] layer 16_q @ epoch 3 new loss 2.4575199859100394e-05 old loss 2.5010014724102803e-05 BETTER
I0326 03:05:43.296761 1331657 finetune.py:68] layer 17_q @ epoch 2 new loss 2.239860077679623e-05 old loss 2.2785992769058794e-05 BETTER
I0326 03:06:12.748224 1331542 finetune.py:68] layer 16_q @ epoch 4 new loss 2.4227076210081577e-05 old loss 2.4575199859100394e-05 BETTER
I0326 03:06:17.914592 1331657 finetune.py:68] layer 17_q @ epoch 3 new loss 2.2059921320760623e-05 old loss 2.239860077679623e-05 BETTER
I0326 03:06:20.829629 1331542 finetune.py:45] layer 16_k initial loss 2.573708479758352e-05
I0326 03:06:53.241038 1331657 finetune.py:68] layer 17_q @ epoch 4 new loss 2.1790627215523273e-05 old loss 2.2059921320760623e-05 BETTER
I0326 03:06:57.543946 1331542 finetune.py:68] layer 16_k @ epoch 0 new loss 2.522940303606447e-05 old loss 2.573708479758352e-05 BETTER
I0326 03:07:01.006815 1331657 finetune.py:45] layer 17_k initial loss 2.3153274014475755e-05
I0326 03:07:34.509219 1331542 finetune.py:68] layer 16_k @ epoch 1 new loss 2.4942912205005996e-05 old loss 2.522940303606447e-05 BETTER
I0326 03:07:34.776144 1331657 finetune.py:68] layer 17_k @ epoch 0 new loss 2.2752657969249412e-05 old loss 2.3153274014475755e-05 BETTER
I0326 03:08:09.179189 1331657 finetune.py:68] layer 17_k @ epoch 1 new loss 2.2521655409946106e-05 old loss 2.2752657969249412e-05 BETTER
I0326 03:08:11.507294 1331542 finetune.py:68] layer 16_k @ epoch 2 new loss 2.4702216251171194e-05 old loss 2.4942912205005996e-05 BETTER
I0326 03:08:43.713139 1331657 finetune.py:68] layer 17_k @ epoch 2 new loss 2.2334381355904043e-05 old loss 2.2521655409946106e-05 BETTER
I0326 03:08:48.414697 1331542 finetune.py:68] layer 16_k @ epoch 3 new loss 2.4501421648892574e-05 old loss 2.4702216251171194e-05 BETTER
I0326 03:09:18.279472 1331657 finetune.py:68] layer 17_k @ epoch 3 new loss 2.21728696487844e-05 old loss 2.2334381355904043e-05 BETTER
I0326 03:09:25.348112 1331542 finetune.py:68] layer 16_k @ epoch 4 new loss 2.431023858662229e-05 old loss 2.4501421648892574e-05 BETTER
I0326 03:09:35.011189 1331542 finetune.py:45] layer 16_o initial loss 8.607577910879627e-05
I0326 03:09:52.676139 1331657 finetune.py:68] layer 17_k @ epoch 4 new loss 2.2037838789401576e-05 old loss 2.21728696487844e-05 BETTER
I0326 03:10:01.987262 1331657 finetune.py:45] layer 17_o initial loss 7.18944938853383e-05
I0326 03:10:10.456186 1331542 finetune.py:68] layer 16_o @ epoch 0 new loss 7.780332816764712e-05 old loss 8.607577910879627e-05 BETTER
I0326 03:10:34.996964 1331657 finetune.py:68] layer 17_o @ epoch 0 new loss 6.544149800902233e-05 old loss 7.18944938853383e-05 BETTER
I0326 03:10:46.594268 1331542 finetune.py:68] layer 16_o @ epoch 1 new loss 7.39894894650206e-05 old loss 7.780332816764712e-05 BETTER
I0326 03:11:09.072104 1331657 finetune.py:68] layer 17_o @ epoch 1 new loss 6.244211544981226e-05 old loss 6.544149800902233e-05 BETTER
I0326 03:11:23.179209 1331542 finetune.py:68] layer 16_o @ epoch 2 new loss 7.138271030271426e-05 old loss 7.39894894650206e-05 BETTER
I0326 03:11:43.153384 1331657 finetune.py:68] layer 17_o @ epoch 2 new loss 6.0428774304455146e-05 old loss 6.244211544981226e-05 BETTER
I0326 03:11:59.332834 1331542 finetune.py:68] layer 16_o @ epoch 3 new loss 6.935879355296493e-05 old loss 7.138271030271426e-05 BETTER
I0326 03:12:17.041884 1331657 finetune.py:68] layer 17_o @ epoch 3 new loss 5.889810563530773e-05 old loss 6.0428774304455146e-05 BETTER
I0326 03:12:35.576943 1331542 finetune.py:68] layer 16_o @ epoch 4 new loss 6.773777568014339e-05 old loss 6.935879355296493e-05 BETTER
I0326 03:12:50.776381 1331657 finetune.py:68] layer 17_o @ epoch 4 new loss 5.76550119149033e-05 old loss 5.889810563530773e-05 BETTER
I0326 03:12:57.174086 1331542 finetune.py:45] layer 16_up initial loss 0.00014072128396946937
I0326 03:13:12.205823 1331657 finetune.py:45] layer 17_up initial loss 0.0001416182640241459
I0326 03:13:29.817569 1331542 finetune.py:68] layer 16_up @ epoch 0 new loss 0.0001351558166788891 old loss 0.00014072128396946937 BETTER
I0326 03:13:43.089423 1331657 finetune.py:68] layer 17_up @ epoch 0 new loss 0.00013536443293560296 old loss 0.0001416182640241459 BETTER
I0326 03:14:03.410363 1331542 finetune.py:68] layer 16_up @ epoch 1 new loss 0.0001319939474342391 old loss 0.0001351558166788891 BETTER
I0326 03:14:15.108368 1331657 finetune.py:68] layer 17_up @ epoch 1 new loss 0.00013192668848205358 old loss 0.00013536443293560296 BETTER
I0326 03:14:37.027397 1331542 finetune.py:68] layer 16_up @ epoch 2 new loss 0.0001294561370741576 old loss 0.0001319939474342391 BETTER
I0326 03:14:47.126203 1331657 finetune.py:68] layer 17_up @ epoch 2 new loss 0.00012926575436722487 old loss 0.00013192668848205358 BETTER
I0326 03:15:10.833372 1331542 finetune.py:68] layer 16_up @ epoch 3 new loss 0.0001273050147574395 old loss 0.0001294561370741576 BETTER
I0326 03:15:19.184146 1331657 finetune.py:68] layer 17_up @ epoch 3 new loss 0.00012703145330306143 old loss 0.00012926575436722487 BETTER
I0326 03:15:44.590645 1331542 finetune.py:68] layer 16_up @ epoch 4 new loss 0.00012542145850602537 old loss 0.0001273050147574395 BETTER
I0326 03:15:51.283119 1331657 finetune.py:68] layer 17_up @ epoch 4 new loss 0.0001251120847882703 old loss 0.00012703145330306143 BETTER
I0326 03:16:06.423025 1331542 finetune.py:45] layer 16_gate initial loss 0.00015032902592793107
I0326 03:16:12.902147 1331657 finetune.py:45] layer 17_gate initial loss 0.00015427955077029765
I0326 03:16:36.841509 1331542 finetune.py:68] layer 16_gate @ epoch 0 new loss 0.00014823120727669448 old loss 0.00015032902592793107 BETTER
I0326 03:16:41.558870 1331657 finetune.py:68] layer 17_gate @ epoch 0 new loss 0.00015197777247522026 old loss 0.00015427955077029765 BETTER
I0326 03:17:08.035157 1331542 finetune.py:68] layer 16_gate @ epoch 1 new loss 0.00014656186976935714 old loss 0.00014823120727669448 BETTER
I0326 03:17:10.911267 1331657 finetune.py:68] layer 17_gate @ epoch 1 new loss 0.0001502058730693534 old loss 0.00015197777247522026 BETTER
I0326 03:17:39.484344 1331542 finetune.py:68] layer 16_gate @ epoch 2 new loss 0.00014508677122648805 old loss 0.00014656186976935714 BETTER
I0326 03:17:40.310821 1331657 finetune.py:68] layer 17_gate @ epoch 2 new loss 0.00014865795674268156 old loss 0.0001502058730693534 BETTER
I0326 03:18:09.996817 1331657 finetune.py:68] layer 17_gate @ epoch 3 new loss 0.0001472547883167863 old loss 0.00014865795674268156 BETTER
I0326 03:18:10.936864 1331542 finetune.py:68] layer 16_gate @ epoch 3 new loss 0.0001437654864275828 old loss 0.00014508677122648805 BETTER
I0326 03:18:39.860342 1331657 finetune.py:68] layer 17_gate @ epoch 4 new loss 0.00014601662405766547 old loss 0.0001472547883167863 BETTER
I0326 03:18:42.397770 1331542 finetune.py:68] layer 16_gate @ epoch 4 new loss 0.00014257121074479073 old loss 0.0001437654864275828 BETTER
I0326 03:19:02.490237 1331657 finetune.py:45] layer 17_down initial loss 0.0002666826476342976
I0326 03:19:05.108516 1331542 finetune.py:45] layer 16_down initial loss 0.00024248013505712152
I0326 03:19:29.393354 1331657 finetune.py:68] layer 17_down @ epoch 0 new loss 0.00026662013260647655 old loss 0.0002666826476342976 BETTER
I0326 03:19:33.130636 1331542 finetune.py:68] layer 16_down @ epoch 0 new loss 0.0002424308768240735 old loss 0.00024248013505712152 BETTER
I0326 03:19:57.057806 1331657 finetune.py:68] layer 17_down @ epoch 1 new loss 0.00026656955014914274 old loss 0.00026662013260647655 BETTER
I0326 03:20:02.243921 1331542 finetune.py:68] layer 16_down @ epoch 1 new loss 0.00024239211052190512 old loss 0.0002424308768240735 BETTER
I0326 03:20:24.646623 1331657 finetune.py:68] layer 17_down @ epoch 2 new loss 0.00026652554515749216 old loss 0.00026656955014914274 BETTER
I0326 03:20:31.422792 1331542 finetune.py:68] layer 16_down @ epoch 2 new loss 0.00024235706951003522 old loss 0.00024239211052190512 BETTER
I0326 03:20:52.259327 1331657 finetune.py:68] layer 17_down @ epoch 3 new loss 0.0002664870989974588 old loss 0.00026652554515749216 BETTER
I0326 03:21:00.679546 1331542 finetune.py:68] layer 16_down @ epoch 3 new loss 0.00024232815485447645 old loss 0.00024235706951003522 BETTER
I0326 03:21:19.937775 1331657 finetune.py:68] layer 17_down @ epoch 4 new loss 0.00026645520119927824 old loss 0.0002664870989974588 BETTER
17_v proxy err 0.029003437608480453 tr(WHW.T) 283.9730224609375
bpp_loss 2.8272005319595337
17_q proxy err 0.001402609283104539 tr(WHW.T) 27582.369140625
bpp_loss 3.580423593521118
17_k proxy err 0.000633443531114608 tr(WHW.T) 17452.791015625
bpp_loss 4.4304304122924805
17_o proxy err 0.03601250797510147 tr(WHW.T) 1112.5902099609375
bpp_loss 2.8897757530212402
17_up proxy err 0.018465939909219742 tr(WHW.T) 8455.3310546875
bpp_loss 2.9601474489484514
17_gate proxy err 0.004071922041475773 tr(WHW.T) 41628.93359375
bpp_loss 3.2895515986851285
17_down proxy err 0.02447536028921604 tr(WHW.T) 6276.0673828125
bpp_loss 2.9521712916237965
I0326 03:21:29.923946 1331542 finetune.py:68] layer 16_down @ epoch 4 new loss 0.00024230207782238722 old loss 0.00024232815485447645 BETTER
16_v proxy err 0.027525760233402252 tr(WHW.T) 274.28167724609375
bpp_loss 2.76007878780365
16_q proxy err 0.001468996750190854 tr(WHW.T) 24491.1171875
bpp_loss 3.56585431098938
16_k proxy err 0.0005257379962131381 tr(WHW.T) 19520.01171875
bpp_loss 4.4032979011535645
16_o proxy err 0.039377495646476746 tr(WHW.T) 976.8883666992188
bpp_loss 2.8622243404388428
16_up proxy err 0.01853206939995289 tr(WHW.T) 8333.2392578125
bpp_loss 2.962196486336844
16_gate proxy err 0.004059604834765196 tr(WHW.T) 41104.80859375
bpp_loss 3.276402609688895
16_down proxy err 0.02405206859111786 tr(WHW.T) 6351.60888671875
bpp_loss 2.956111805779593
I0326 03:22:38.017661 1258494 quantize_finetune_llama.py:240] computed original embedding for layer 18 in 63.20360064506531s
I0326 03:22:41.288037 1335910 config.py:54] PyTorch version 2.6.0 available.
W0326 03:22:41.566294 1335910 warnings.py:109] /opt/conda/lib/python3.10/site-packages/torchvision/io/image.py:13: UserWarning: Failed to load image Python extension: '/opt/conda/lib/python3.10/site-packages/torchvision/image.so: undefined symbol: _ZN3c1017RegisterOperatorsD1Ev'If you don't plan on using image functionality from `torchvision.io`, you can ignore this warning. Otherwise, there might be something wrong with your environment. Did you have `libjpeg` or `libpng` installed before building `torchvision` from source?
  warn(

W0326 03:22:42.443807 1335910 warnings.py:109] /opt/conda/lib/python3.10/site-packages/compressai/models/video/google.py:353: FutureWarning: `torch.cuda.amp.autocast(args...)` is deprecated. Please use `torch.amp.autocast('cuda', args...)` instead.
  @amp.autocast(enabled=False)

I0326 03:22:42.447762 1258494 quantize_finetune_llama.py:209] layer 19 gpu 1
I0326 03:22:42.461086 1335910 data_utils.py:336] using 256 training seqs, 128 validation seqs
The attention layers in this model are transitioning from computing the RoPE embeddings internally through `position_ids` (2D tensor with the indexes of the tokens), to using externally computed `position_embeddings` (Tuple of tensors, containing cos and sin). In v4.46 `position_ids` will be removed and `position_embeddings` will be mandatory.
