I0326 10:41:08.059631 1579999 finetune.py:68] layer 22_gate @ epoch 4 new loss 9.796149970497936e-05 old loss 9.856082760961726e-05 BETTER
I0326 10:41:16.733655 1580704 finetune.py:68] layer 23_gate @ epoch 4 new loss 0.00010421113984193653 old loss 0.00010475911403773353 BETTER
I0326 10:41:31.458365 1579999 finetune.py:45] layer 22_down initial loss 0.00018123281188309193
I0326 10:41:39.602255 1580704 finetune.py:45] layer 23_down initial loss 0.00019043177599087358
I0326 10:41:59.300595 1579999 finetune.py:68] layer 22_down @ epoch 0 new loss 0.00018122035544365644 old loss 0.00018123281188309193 BETTER
I0326 10:42:06.276392 1580704 finetune.py:68] layer 23_down @ epoch 0 new loss 0.00019042109488509595 old loss 0.00019043177599087358 BETTER
I0326 10:42:28.202601 1579999 finetune.py:68] layer 22_down @ epoch 1 new loss 0.0001812130940379575 old loss 0.00018122035544365644 BETTER
I0326 10:42:33.968513 1580704 finetune.py:68] layer 23_down @ epoch 1 new loss 0.00019041349878534675 old loss 0.00019042109488509595 BETTER
I0326 10:42:57.226723 1579999 finetune.py:68] layer 22_down @ epoch 2 new loss 0.0001812070404412225 old loss 0.0001812130940379575 BETTER
I0326 10:43:01.962469 1580704 finetune.py:68] layer 23_down @ epoch 2 new loss 0.00019040795450564474 old loss 0.00019041349878534675 BETTER
I0326 10:43:26.403933 1579999 finetune.py:68] layer 22_down @ epoch 3 new loss 0.0001812014088500291 old loss 0.0001812070404412225 BETTER
I0326 10:43:29.741650 1580704 finetune.py:68] layer 23_down @ epoch 3 new loss 0.0001904033706523478 old loss 0.00019040795450564474 BETTER
I0326 10:43:55.700138 1579999 finetune.py:68] layer 22_down @ epoch 4 new loss 0.00018119654851034284 old loss 0.0001812014088500291 BETTER
22_v proxy err 0.01233911607414484 tr(WHW.T) 346.0789489746094
bpp_loss 3.3950884342193604
22_q proxy err 0.0009114883723668754 tr(WHW.T) 20330.353515625
bpp_loss 4.062069654464722
22_k proxy err 0.00036918159457854927 tr(WHW.T) 14730.443359375
bpp_loss 4.997945308685303
22_o proxy err 0.01720157265663147 tr(WHW.T) 1222.597412109375
bpp_loss 3.405357599258423
22_up proxy err 0.010968799702823162 tr(WHW.T) 7551.494140625
bpp_loss 3.455313410077776
22_gate proxy err 0.002916420577093959 tr(WHW.T) 29516.3984375
bpp_loss 3.8451403209141324
22_down proxy err 0.011609680019319057 tr(WHW.T) 6568.17578125
bpp_loss 3.450918367930821
I0326 10:43:57.446878 1580704 finetune.py:68] layer 23_down @ epoch 4 new loss 0.0001903991651488468 old loss 0.0001904033706523478 BETTER
23_v proxy err 0.011445276439189911 tr(WHW.T) 397.90704345703125
bpp_loss 3.44738507270813
23_q proxy err 0.0008701403276063502 tr(WHW.T) 22621.8828125
bpp_loss 4.074288845062256
23_k proxy err 0.0003812793584074825 tr(WHW.T) 14864.9404296875
bpp_loss 5.000295400619507
23_o proxy err 0.012149941176176071 tr(WHW.T) 1747.522705078125
bpp_loss 3.4286749362945557
23_up proxy err 0.011168349534273148 tr(WHW.T) 7424.31298828125
bpp_loss 3.4592911856515065
23_gate proxy err 0.0031585812103003263 tr(WHW.T) 27256.03515625
bpp_loss 3.8474721908569336
23_down proxy err 0.011316330172121525 tr(WHW.T) 6698.42919921875
bpp_loss 3.4562435490744456
I0326 10:45:05.822166 1418472 quantize_finetune_llama.py:240] computed original embedding for layer 24 in 63.660369634628296s
I0326 10:45:09.274720 1593037 utils.py:146] Note: detected 128 virtual cores but NumExpr set to maximum of 64, check "NUMEXPR_MAX_THREADS" environment variable.
I0326 10:45:09.274811 1593037 utils.py:149] Note: NumExpr detected 128 cores but "NUMEXPR_MAX_THREADS" not set, so enforcing safe limit of 16.
I0326 10:45:09.274848 1593037 utils.py:162] NumExpr defaulting to 16 threads.
I0326 10:45:09.610166 1593037 config.py:54] PyTorch version 2.6.0 available.
W0326 10:45:09.802688 1593037 warnings.py:109] /opt/conda/lib/python3.10/site-packages/torchvision/io/image.py:13: UserWarning: Failed to load image Python extension: '/opt/conda/lib/python3.10/site-packages/torchvision/image.so: undefined symbol: _ZN3c1017RegisterOperatorsD1Ev'If you don't plan on using image functionality from `torchvision.io`, you can ignore this warning. Otherwise, there might be something wrong with your environment. Did you have `libjpeg` or `libpng` installed before building `torchvision` from source?
  warn(

W0326 10:45:10.411970 1593037 warnings.py:109] /opt/conda/lib/python3.10/site-packages/compressai/models/video/google.py:353: FutureWarning: `torch.cuda.amp.autocast(args...)` is deprecated. Please use `torch.amp.autocast('cuda', args...)` instead.
  @amp.autocast(enabled=False)

I0326 10:45:10.415542 1418472 quantize_finetune_llama.py:209] layer 25 gpu 1
I0326 10:45:10.428456 1593037 data_utils.py:336] using 256 training seqs, 128 validation seqs
The attention layers in this model are transitioning from computing the RoPE embeddings internally through `position_ids` (2D tensor with the indexes of the tokens), to using externally computed `position_embeddings` (Tuple of tensors, containing cos and sin). In v4.46 `position_ids` will be removed and `position_embeddings` will be mandatory.
I0326 10:45:17.903905 1593037 finetune.py:45] layer 24_v initial loss 2.012379809457343e-05
W0326 10:45:17.904145 1593037 warnings.py:109] /workspace/Weight_compression/comp_lm_qtip/lib/algo/finetune.py:46: FutureWarning: `torch.cuda.amp.GradScaler(args...)` is deprecated. Please use `torch.amp.GradScaler('cuda', args...)` instead.
  scaler = torch.cuda.amp.GradScaler(enabled=(orig_dtype==torch.float16))

I0326 10:45:54.031222 1593037 finetune.py:68] layer 24_v @ epoch 0 new loss 1.0828581253008451e-05 old loss 2.012379809457343e-05 BETTER
I0326 10:46:13.386625 1418472 quantize_finetune_llama.py:240] computed original embedding for layer 25 in 62.537214040756226s
I0326 10:46:17.052592 1593742 utils.py:146] Note: detected 128 virtual cores but NumExpr set to maximum of 64, check "NUMEXPR_MAX_THREADS" environment variable.
I0326 10:46:17.052701 1593742 utils.py:149] Note: NumExpr detected 128 cores but "NUMEXPR_MAX_THREADS" not set, so enforcing safe limit of 16.
I0326 10:46:17.052746 1593742 utils.py:162] NumExpr defaulting to 16 threads.
I0326 10:46:17.389488 1593742 config.py:54] PyTorch version 2.6.0 available.
W0326 10:46:17.602100 1593742 warnings.py:109] /opt/conda/lib/python3.10/site-packages/torchvision/io/image.py:13: UserWarning: Failed to load image Python extension: '/opt/conda/lib/python3.10/site-packages/torchvision/image.so: undefined symbol: _ZN3c1017RegisterOperatorsD1Ev'If you don't plan on using image functionality from `torchvision.io`, you can ignore this warning. Otherwise, there might be something wrong with your environment. Did you have `libjpeg` or `libpng` installed before building `torchvision` from source?
  warn(

W0326 10:46:18.197349 1593742 warnings.py:109] /opt/conda/lib/python3.10/site-packages/compressai/models/video/google.py:353: FutureWarning: `torch.cuda.amp.autocast(args...)` is deprecated. Please use `torch.amp.autocast('cuda', args...)` instead.
  @amp.autocast(enabled=False)

I0326 10:46:18.200940 1418472 quantize_finetune_llama.py:209] layer 26 gpu 0
I0326 10:46:18.214088 1593742 data_utils.py:336] using 256 training seqs, 128 validation seqs
The attention layers in this model are transitioning from computing the RoPE embeddings internally through `position_ids` (2D tensor with the indexes of the tokens), to using externally computed `position_embeddings` (Tuple of tensors, containing cos and sin). In v4.46 `position_ids` will be removed and `position_embeddings` will be mandatory.
I0326 10:46:25.449156 1593742 finetune.py:45] layer 25_v initial loss 2.3224498363560997e-05
W0326 10:46:25.449415 1593742 warnings.py:109] /workspace/Weight_compression/comp_lm_qtip/lib/algo/finetune.py:46: FutureWarning: `torch.cuda.amp.GradScaler(args...)` is deprecated. Please use `torch.amp.GradScaler('cuda', args...)` instead.
  scaler = torch.cuda.amp.GradScaler(enabled=(orig_dtype==torch.float16))

I0326 10:46:31.080701 1593037 finetune.py:68] layer 24_v @ epoch 1 new loss 1.009908828564221e-05 old loss 1.0828581253008451e-05 BETTER
I0326 10:46:58.982493 1593742 finetune.py:68] layer 25_v @ epoch 0 new loss 1.2829701518057846e-05 old loss 2.3224498363560997e-05 BETTER
I0326 10:47:08.283079 1593037 finetune.py:68] layer 24_v @ epoch 2 new loss 9.749394848768134e-06 old loss 1.009908828564221e-05 BETTER
I0326 10:47:33.833320 1593742 finetune.py:68] layer 25_v @ epoch 1 new loss 1.1974689186899923e-05 old loss 1.2829701518057846e-05 BETTER
I0326 10:47:45.744544 1593037 finetune.py:68] layer 24_v @ epoch 3 new loss 9.545355169393588e-06 old loss 9.749394848768134e-06 BETTER
I0326 10:48:08.803221 1593742 finetune.py:68] layer 25_v @ epoch 2 new loss 1.1525063200679142e-05 old loss 1.1974689186899923e-05 BETTER
I0326 10:48:23.300932 1593037 finetune.py:68] layer 24_v @ epoch 4 new loss 9.378621143696364e-06 old loss 9.545355169393588e-06 BETTER
I0326 10:48:33.410680 1593037 finetune.py:45] layer 24_q initial loss 1.2268252248759381e-05
I0326 10:48:43.876621 1593742 finetune.py:68] layer 25_v @ epoch 3 new loss 1.1389639439585153e-05 old loss 1.1525063200679142e-05 BETTER
I0326 10:49:09.656339 1593037 finetune.py:68] layer 24_q @ epoch 0 new loss 1.1741587513824925e-05 old loss 1.2268252248759381e-05 BETTER
I0326 10:49:19.925713 1593742 finetune.py:68] layer 25_v @ epoch 4 new loss 1.1139940397697501e-05 old loss 1.1389639439585153e-05 BETTER
I0326 10:49:29.655461 1593742 finetune.py:45] layer 25_q initial loss 1.674683517194353e-05
I0326 10:49:46.561810 1593037 finetune.py:68] layer 24_q @ epoch 1 new loss 1.1501737390062772e-05 old loss 1.1741587513824925e-05 BETTER
I0326 10:50:03.515076 1593742 finetune.py:68] layer 25_q @ epoch 0 new loss 1.5269537470885552e-05 old loss 1.674683517194353e-05 BETTER
I0326 10:50:23.692203 1593037 finetune.py:68] layer 24_q @ epoch 2 new loss 1.1341109711793251e-05 old loss 1.1501737390062772e-05 BETTER
I0326 10:50:38.091531 1593742 finetune.py:68] layer 25_q @ epoch 1 new loss 1.4785096027480904e-05 old loss 1.5269537470885552e-05 BETTER
I0326 10:51:00.563667 1593037 finetune.py:68] layer 24_q @ epoch 3 new loss 1.1229838491999544e-05 old loss 1.1341109711793251e-05 BETTER
I0326 10:51:12.668884 1593742 finetune.py:68] layer 25_q @ epoch 2 new loss 1.4479235687758774e-05 old loss 1.4785096027480904e-05 BETTER
I0326 10:51:37.483685 1593037 finetune.py:68] layer 24_q @ epoch 4 new loss 1.1120996532554273e-05 old loss 1.1229838491999544e-05 BETTER
I0326 10:51:45.617297 1593037 finetune.py:45] layer 24_k initial loss 1.251537923963042e-05
I0326 10:51:47.417240 1593742 finetune.py:68] layer 25_q @ epoch 3 new loss 1.4244042176869698e-05 old loss 1.4479235687758774e-05 BETTER
I0326 10:52:21.955327 1593037 finetune.py:68] layer 24_k @ epoch 0 new loss 1.2389484254526906e-05 old loss 1.251537923963042e-05 BETTER
I0326 10:52:22.151506 1593742 finetune.py:68] layer 25_q @ epoch 4 new loss 1.4026046301296446e-05 old loss 1.4244042176869698e-05 BETTER
I0326 10:52:29.995913 1593742 finetune.py:45] layer 25_k initial loss 1.6523685189895332e-05
I0326 10:52:58.974980 1593037 finetune.py:68] layer 24_k @ epoch 1 new loss 1.2307379620324355e-05 old loss 1.2389484254526906e-05 BETTER
I0326 10:53:03.914028 1593742 finetune.py:68] layer 25_k @ epoch 0 new loss 1.6226233128691092e-05 old loss 1.6523685189895332e-05 BETTER
I0326 10:53:36.153231 1593037 finetune.py:68] layer 24_k @ epoch 2 new loss 1.2250899999344256e-05 old loss 1.2307379620324355e-05 BETTER
I0326 10:53:38.595061 1593742 finetune.py:68] layer 25_k @ epoch 1 new loss 1.606856494618114e-05 old loss 1.6226233128691092e-05 BETTER
I0326 10:54:13.227019 1593037 finetune.py:68] layer 24_k @ epoch 3 new loss 1.220255307998741e-05 old loss 1.2250899999344256e-05 BETTER
I0326 10:54:13.272229 1593742 finetune.py:68] layer 25_k @ epoch 2 new loss 1.5947623978718184e-05 old loss 1.606856494618114e-05 BETTER
I0326 10:54:48.079990 1593742 finetune.py:68] layer 25_k @ epoch 3 new loss 1.5849951523705386e-05 old loss 1.5947623978718184e-05 BETTER
I0326 10:54:50.301666 1593037 finetune.py:68] layer 24_k @ epoch 4 new loss 1.2147122106398456e-05 old loss 1.220255307998741e-05 BETTER
I0326 10:55:00.417835 1593037 finetune.py:45] layer 24_o initial loss 3.4617562050698325e-05
I0326 10:55:22.901710 1593742 finetune.py:68] layer 25_k @ epoch 4 new loss 1.578796400281135e-05 old loss 1.5849951523705386e-05 BETTER
I0326 10:55:32.720834 1593742 finetune.py:45] layer 25_o initial loss 4.025770613225177e-05
I0326 10:55:35.989883 1593037 finetune.py:68] layer 24_o @ epoch 0 new loss 3.2532385375816375e-05 old loss 3.4617562050698325e-05 BETTER
I0326 10:56:06.359985 1593742 finetune.py:68] layer 25_o @ epoch 0 new loss 3.737457518582232e-05 old loss 4.025770613225177e-05 BETTER
I0326 10:56:12.454871 1593037 finetune.py:68] layer 24_o @ epoch 1 new loss 3.177957842126489e-05 old loss 3.2532385375816375e-05 BETTER
I0326 10:56:40.637631 1593742 finetune.py:68] layer 25_o @ epoch 1 new loss 3.6392153560882434e-05 old loss 3.737457518582232e-05 BETTER
I0326 10:56:49.014309 1593037 finetune.py:68] layer 24_o @ epoch 2 new loss 3.1282561394618824e-05 old loss 3.177957842126489e-05 BETTER
I0326 10:57:14.719928 1593742 finetune.py:68] layer 25_o @ epoch 2 new loss 3.576394010451622e-05 old loss 3.6392153560882434e-05 BETTER
I0326 10:57:25.634311 1593037 finetune.py:68] layer 24_o @ epoch 3 new loss 3.090869722655043e-05 old loss 3.1282561394618824e-05 BETTER
I0326 10:57:48.799201 1593742 finetune.py:68] layer 25_o @ epoch 3 new loss 3.531541733536869e-05 old loss 3.576394010451622e-05 BETTER
I0326 10:58:02.239614 1593037 finetune.py:68] layer 24_o @ epoch 4 new loss 3.0614854040322825e-05 old loss 3.090869722655043e-05 BETTER
I0326 10:58:23.275537 1593742 finetune.py:68] layer 25_o @ epoch 4 new loss 3.4983626392204314e-05 old loss 3.531541733536869e-05 BETTER
I0326 10:58:25.238650 1593037 finetune.py:45] layer 24_up initial loss 0.00010052723519038409
I0326 10:58:46.673694 1593742 finetune.py:45] layer 25_up initial loss 0.00011281738261459395
I0326 10:58:57.761123 1593037 finetune.py:68] layer 24_up @ epoch 0 new loss 9.677101479610428e-05 old loss 0.00010052723519038409 BETTER
I0326 10:59:17.828652 1593742 finetune.py:68] layer 25_up @ epoch 0 new loss 0.0001084537580027245 old loss 0.00011281738261459395 BETTER
I0326 10:59:31.938951 1593037 finetune.py:68] layer 24_up @ epoch 1 new loss 9.491403034189716e-05 old loss 9.677101479610428e-05 BETTER
I0326 10:59:50.267894 1593742 finetune.py:68] layer 25_up @ epoch 1 new loss 0.00010641779226716608 old loss 0.0001084537580027245 BETTER
I0326 11:00:06.002675 1593037 finetune.py:68] layer 24_up @ epoch 2 new loss 9.353824134450406e-05 old loss 9.491403034189716e-05 BETTER
I0326 11:00:22.675897 1593742 finetune.py:68] layer 25_up @ epoch 2 new loss 0.00010490553540876135 old loss 0.00010641779226716608 BETTER
I0326 11:00:40.594621 1593037 finetune.py:68] layer 24_up @ epoch 3 new loss 9.240921644959599e-05 old loss 9.353824134450406e-05 BETTER
I0326 11:00:55.233957 1593742 finetune.py:68] layer 25_up @ epoch 3 new loss 0.00010369436495238915 old loss 0.00010490553540876135 BETTER
I0326 11:01:15.128060 1593037 finetune.py:68] layer 24_up @ epoch 4 new loss 9.148239041678607e-05 old loss 9.240921644959599e-05 BETTER
I0326 11:01:29.034437 1593742 finetune.py:68] layer 25_up @ epoch 4 new loss 0.00010268247569911182 old loss 0.00010369436495238915 BETTER
I0326 11:01:37.547246 1593037 finetune.py:45] layer 24_gate initial loss 0.00011996843386441469
I0326 11:01:52.405701 1593742 finetune.py:45] layer 25_gate initial loss 0.00013540305371861905
I0326 11:02:07.985059 1593037 finetune.py:68] layer 24_gate @ epoch 0 new loss 0.00011885565618285909 old loss 0.00011996843386441469 BETTER
I0326 11:02:21.071306 1593742 finetune.py:68] layer 25_gate @ epoch 0 new loss 0.00013417865557130426 old loss 0.00013540305371861905 BETTER
I0326 11:02:39.525930 1593037 finetune.py:68] layer 24_gate @ epoch 1 new loss 0.0001180210747406818 old loss 0.00011885565618285909 BETTER
I0326 11:02:50.760711 1593742 finetune.py:68] layer 25_gate @ epoch 1 new loss 0.00013327105261851102 old loss 0.00013417865557130426 BETTER
I0326 11:03:11.078994 1593037 finetune.py:68] layer 24_gate @ epoch 2 new loss 0.00011732841085176915 old loss 0.0001180210747406818 BETTER
I0326 11:03:20.727984 1593742 finetune.py:68] layer 25_gate @ epoch 2 new loss 0.000132525252411142 old loss 0.00013327105261851102 BETTER
I0326 11:03:42.847458 1593037 finetune.py:68] layer 24_gate @ epoch 3 new loss 0.00011671070387819782 old loss 0.00011732841085176915 BETTER
I0326 11:03:50.633443 1593742 finetune.py:68] layer 25_gate @ epoch 3 new loss 0.00013187441800255328 old loss 0.000132525252411142 BETTER
I0326 11:04:14.536959 1593037 finetune.py:68] layer 24_gate @ epoch 4 new loss 0.00011618647840805352 old loss 0.00011671070387819782 BETTER
I0326 11:04:20.655707 1593742 finetune.py:68] layer 25_gate @ epoch 4 new loss 0.0001313124957960099 old loss 0.00013187441800255328 BETTER
I0326 11:04:38.729030 1593037 finetune.py:45] layer 24_down initial loss 0.00020514873904176056
I0326 11:04:45.353077 1593742 finetune.py:45] layer 25_down initial loss 0.00022693884966429323
I0326 11:05:06.538645 1593037 finetune.py:68] layer 24_down @ epoch 0 new loss 0.00020514032803475857 old loss 0.00020514873904176056 BETTER
I0326 11:05:11.994336 1593742 finetune.py:68] layer 25_down @ epoch 0 new loss 0.00022692521451972425 old loss 0.00022693884966429323 BETTER
I0326 11:05:35.653091 1593037 finetune.py:68] layer 24_down @ epoch 1 new loss 0.00020513293566182256 old loss 0.00020514032803475857 BETTER
I0326 11:05:40.087282 1593742 finetune.py:68] layer 25_down @ epoch 1 new loss 0.00022691367485094815 old loss 0.00022692521451972425 BETTER
I0326 11:06:04.932950 1593037 finetune.py:68] layer 24_down @ epoch 2 new loss 0.0002051270566880703 old loss 0.00020513293566182256 BETTER
I0326 11:06:07.976730 1593742 finetune.py:68] layer 25_down @ epoch 2 new loss 0.00022690484183840454 old loss 0.00022691367485094815 BETTER
I0326 11:06:34.151916 1593037 finetune.py:68] layer 24_down @ epoch 3 new loss 0.0002051210612989962 old loss 0.0002051270566880703 BETTER
I0326 11:06:36.060889 1593742 finetune.py:68] layer 25_down @ epoch 3 new loss 0.00022689613979309797 old loss 0.00022690484183840454 BETTER
I0326 11:07:03.724646 1593037 finetune.py:68] layer 24_down @ epoch 4 new loss 0.0002051166957244277 old loss 0.0002051210612989962 BETTER
I0326 11:07:04.076236 1593742 finetune.py:68] layer 25_down @ epoch 4 new loss 0.0002268889220431447 old loss 0.00022689613979309797 BETTER
24_v proxy err 0.009586886502802372 tr(WHW.T) 467.2783508300781
bpp_loss 3.5463290214538574
24_q proxy err 0.0008681469480507076 tr(WHW.T) 22456.8046875
bpp_loss 4.04053521156311
24_k proxy err 0.0003946317592635751 tr(WHW.T) 14195.0400390625
bpp_loss 4.827976226806641
24_o proxy err 0.012675441801548004 tr(WHW.T) 1592.9439697265625
bpp_loss 3.470295548439026
24_up proxy err 0.011374974623322487 tr(WHW.T) 7311.04443359375
bpp_loss 3.463962963649205
24_gate proxy err 0.0033390780445188284 tr(WHW.T) 25848.8203125
bpp_loss 3.853785651070731
24_down proxy err 0.010999160818755627 tr(WHW.T) 6778.68359375
bpp_loss 3.461681297847203
25_v proxy err 0.008220585063099861 tr(WHW.T) 557.8086547851562
bpp_loss 3.556941866874695
25_q proxy err 0.0007628875318914652 tr(WHW.T) 26135.0546875
bpp_loss 4.0192039012908936
25_k proxy err 0.00038906201370991766 tr(WHW.T) 14429.23828125
bpp_loss 4.810135126113892
25_o proxy err 0.010048780590295792 tr(WHW.T) 1994.8509521484375
bpp_loss 3.4694483280181885
25_up proxy err 0.011218104511499405 tr(WHW.T) 7384.822265625
bpp_loss 3.4734061104910716
25_gate proxy err 0.0032735213171690702 tr(WHW.T) 26261.30078125
bpp_loss 3.8631153106689453
25_down proxy err 0.010852326638996601 tr(WHW.T) 6653.2275390625
bpp_loss 3.4707864352634976
I0326 11:08:05.786629 1418472 quantize_finetune_llama.py:240] computed original embedding for layer 26 in 56.47094535827637s
I0326 11:08:09.229195 1606089 utils.py:146] Note: detected 128 virtual cores but NumExpr set to maximum of 64, check "NUMEXPR_MAX_THREADS" environment variable.
I0326 11:08:09.229293 1606089 utils.py:149] Note: NumExpr detected 128 cores but "NUMEXPR_MAX_THREADS" not set, so enforcing safe limit of 16.
I0326 11:08:09.229334 1606089 utils.py:162] NumExpr defaulting to 16 threads.
I0326 11:08:09.565258 1606089 config.py:54] PyTorch version 2.6.0 available.
W0326 11:08:09.758525 1606089 warnings.py:109] /opt/conda/lib/python3.10/site-packages/torchvision/io/image.py:13: UserWarning: Failed to load image Python extension: '/opt/conda/lib/python3.10/site-packages/torchvision/image.so: undefined symbol: _ZN3c1017RegisterOperatorsD1Ev'If you don't plan on using image functionality from `torchvision.io`, you can ignore this warning. Otherwise, there might be something wrong with your environment. Did you have `libjpeg` or `libpng` installed before building `torchvision` from source?
  warn(

W0326 11:08:10.345723 1606089 warnings.py:109] /opt/conda/lib/python3.10/site-packages/compressai/models/video/google.py:353: FutureWarning: `torch.cuda.amp.autocast(args...)` is deprecated. Please use `torch.amp.autocast('cuda', args...)` instead.
  @amp.autocast(enabled=False)

I0326 11:08:10.349829 1418472 quantize_finetune_llama.py:209] layer 27 gpu 1
I0326 11:08:10.369761 1606089 data_utils.py:336] using 256 training seqs, 128 validation seqs
The attention layers in this model are transitioning from computing the RoPE embeddings internally through `position_ids` (2D tensor with the indexes of the tokens), to using externally computed `position_embeddings` (Tuple of tensors, containing cos and sin). In v4.46 `position_ids` will be removed and `position_embeddings` will be mandatory.
I0326 11:08:17.808168 1606089 finetune.py:45] layer 26_v initial loss 3.094775456702337e-05
W0326 11:08:17.808409 1606089 warnings.py:109] /workspace/Weight_compression/comp_lm_qtip/lib/algo/finetune.py:46: FutureWarning: `torch.cuda.amp.GradScaler(args...)` is deprecated. Please use `torch.amp.GradScaler('cuda', args...)` instead.
  scaler = torch.cuda.amp.GradScaler(enabled=(orig_dtype==torch.float16))

I0326 11:08:53.549059 1606089 finetune.py:68] layer 26_v @ epoch 0 new loss 1.8706234186538495e-05 old loss 3.094775456702337e-05 BETTER
I0326 11:09:13.179102 1418472 quantize_finetune_llama.py:240] computed original embedding for layer 27 in 62.42156219482422s
I0326 11:09:16.839849 1606794 utils.py:146] Note: detected 128 virtual cores but NumExpr set to maximum of 64, check "NUMEXPR_MAX_THREADS" environment variable.
I0326 11:09:16.839968 1606794 utils.py:149] Note: NumExpr detected 128 cores but "NUMEXPR_MAX_THREADS" not set, so enforcing safe limit of 16.
I0326 11:09:16.840015 1606794 utils.py:162] NumExpr defaulting to 16 threads.
I0326 11:09:17.184431 1606794 config.py:54] PyTorch version 2.6.0 available.
W0326 11:09:17.396025 1606794 warnings.py:109] /opt/conda/lib/python3.10/site-packages/torchvision/io/image.py:13: UserWarning: Failed to load image Python extension: '/opt/conda/lib/python3.10/site-packages/torchvision/image.so: undefined symbol: _ZN3c1017RegisterOperatorsD1Ev'If you don't plan on using image functionality from `torchvision.io`, you can ignore this warning. Otherwise, there might be something wrong with your environment. Did you have `libjpeg` or `libpng` installed before building `torchvision` from source?
  warn(

W0326 11:09:17.971453 1606794 warnings.py:109] /opt/conda/lib/python3.10/site-packages/compressai/models/video/google.py:353: FutureWarning: `torch.cuda.amp.autocast(args...)` is deprecated. Please use `torch.amp.autocast('cuda', args...)` instead.
  @amp.autocast(enabled=False)

I0326 11:09:17.975153 1418472 quantize_finetune_llama.py:209] layer 28 gpu 0
I0326 11:09:17.988120 1606794 data_utils.py:336] using 256 training seqs, 128 validation seqs
The attention layers in this model are transitioning from computing the RoPE embeddings internally through `position_ids` (2D tensor with the indexes of the tokens), to using externally computed `position_embeddings` (Tuple of tensors, containing cos and sin). In v4.46 `position_ids` will be removed and `position_embeddings` will be mandatory.
I0326 11:09:25.236637 1606794 finetune.py:45] layer 27_v initial loss 3.0279625207185745e-05
W0326 11:09:25.236897 1606794 warnings.py:109] /workspace/Weight_compression/comp_lm_qtip/lib/algo/finetune.py:46: FutureWarning: `torch.cuda.amp.GradScaler(args...)` is deprecated. Please use `torch.amp.GradScaler('cuda', args...)` instead.
  scaler = torch.cuda.amp.GradScaler(enabled=(orig_dtype==torch.float16))

I0326 11:09:30.433362 1606089 finetune.py:68] layer 26_v @ epoch 1 new loss 1.7379647033521906e-05 old loss 1.8706234186538495e-05 BETTER
I0326 11:09:58.794642 1606794 finetune.py:68] layer 27_v @ epoch 0 new loss 1.7196263797814026e-05 old loss 3.0279625207185745e-05 BETTER
I0326 11:10:07.342279 1606089 finetune.py:68] layer 26_v @ epoch 2 new loss 1.6707585018593818e-05 old loss 1.7379647033521906e-05 BETTER
I0326 11:10:33.360713 1606794 finetune.py:68] layer 27_v @ epoch 1 new loss 1.6193187548196875e-05 old loss 1.7196263797814026e-05 BETTER
I0326 11:10:44.689707 1606089 finetune.py:68] layer 26_v @ epoch 3 new loss 1.624721335247159e-05 old loss 1.6707585018593818e-05 BETTER
I0326 11:11:08.498267 1606794 finetune.py:68] layer 27_v @ epoch 2 new loss 1.5805957445991226e-05 old loss 1.6193187548196875e-05 BETTER
I0326 11:11:21.644470 1606089 finetune.py:68] layer 26_v @ epoch 4 new loss 1.5900157450232655e-05 old loss 1.624721335247159e-05 BETTER
I0326 11:11:31.595753 1606089 finetune.py:45] layer 26_q initial loss 2.0472469259402715e-05
I0326 11:11:43.520233 1606794 finetune.py:68] layer 27_v @ epoch 3 new loss 1.5500732843065634e-05 old loss 1.5805957445991226e-05 BETTER
I0326 11:12:07.471721 1606089 finetune.py:68] layer 26_q @ epoch 0 new loss 1.9400600649532862e-05 old loss 2.0472469259402715e-05 BETTER
I0326 11:12:18.655444 1606794 finetune.py:68] layer 27_v @ epoch 4 new loss 1.5062014426803216e-05 old loss 1.5500732843065634e-05 BETTER
I0326 11:12:28.417146 1606794 finetune.py:45] layer 27_q initial loss 2.1943360479781404e-05
I0326 11:12:44.162418 1606089 finetune.py:68] layer 26_q @ epoch 1 new loss 1.8938442735816352e-05 old loss 1.9400600649532862e-05 BETTER
I0326 11:13:02.203705 1606794 finetune.py:68] layer 27_q @ epoch 0 new loss 2.07486555154901e-05 old loss 2.1943360479781404e-05 BETTER
I0326 11:13:20.894174 1606089 finetune.py:68] layer 26_q @ epoch 2 new loss 1.8621774870553054e-05 old loss 1.8938442735816352e-05 BETTER
I0326 11:13:36.696684 1606794 finetune.py:68] layer 27_q @ epoch 1 new loss 2.0256598872947507e-05 old loss 2.07486555154901e-05 BETTER
I0326 11:13:57.606827 1606089 finetune.py:68] layer 26_q @ epoch 3 new loss 1.8359185560257174e-05 old loss 1.8621774870553054e-05 BETTER
I0326 11:14:11.246755 1606794 finetune.py:68] layer 27_q @ epoch 2 new loss 1.998310472117737e-05 old loss 2.0256598872947507e-05 BETTER
I0326 11:14:34.373223 1606089 finetune.py:68] layer 26_q @ epoch 4 new loss 1.817024894990027e-05 old loss 1.8359185560257174e-05 BETTER
I0326 11:14:42.455075 1606089 finetune.py:45] layer 26_k initial loss 1.9976792827947065e-05
I0326 11:14:46.150108 1606794 finetune.py:68] layer 27_q @ epoch 3 new loss 1.9776469343923964e-05 old loss 1.998310472117737e-05 BETTER
I0326 11:15:18.446988 1606089 finetune.py:68] layer 26_k @ epoch 0 new loss 1.9657958546304144e-05 old loss 1.9976792827947065e-05 BETTER
I0326 11:15:20.852626 1606794 finetune.py:68] layer 27_q @ epoch 4 new loss 1.9606286514317617e-05 old loss 1.9776469343923964e-05 BETTER
I0326 11:15:28.766388 1606794 finetune.py:45] layer 27_k initial loss 2.2986569092608988e-05
I0326 11:15:55.208050 1606089 finetune.py:68] layer 26_k @ epoch 1 new loss 1.952177808561828e-05 old loss 1.9657958546304144e-05 BETTER
I0326 11:16:02.626437 1606794 finetune.py:68] layer 27_k @ epoch 0 new loss 2.2656495275441557e-05 old loss 2.2986569092608988e-05 BETTER
I0326 11:16:32.150162 1606089 finetune.py:68] layer 26_k @ epoch 2 new loss 1.9405153580009937e-05 old loss 1.952177808561828e-05 BETTER
I0326 11:16:37.220439 1606794 finetune.py:68] layer 27_k @ epoch 1 new loss 2.2415148123400286e-05 old loss 2.2656495275441557e-05 BETTER
I0326 11:17:09.174383 1606089 finetune.py:68] layer 26_k @ epoch 3 new loss 1.9324783352203667e-05 old loss 1.9405153580009937e-05 BETTER
I0326 11:17:11.901707 1606794 finetune.py:68] layer 27_k @ epoch 2 new loss 2.2303753212327138e-05 old loss 2.2415148123400286e-05 BETTER
I0326 11:17:46.174216 1606089 finetune.py:68] layer 26_k @ epoch 4 new loss 1.923193303809967e-05 old loss 1.9324783352203667e-05 BETTER
I0326 11:17:46.597651 1606794 finetune.py:68] layer 27_k @ epoch 3 new loss 2.2220308892428875e-05 old loss 2.2303753212327138e-05 BETTER
I0326 11:17:56.213509 1606089 finetune.py:45] layer 26_o initial loss 5.834858166053891e-05
I0326 11:18:21.321326 1606794 finetune.py:68] layer 27_k @ epoch 4 new loss 2.2166201233631e-05 old loss 2.2220308892428875e-05 BETTER
I0326 11:18:31.154440 1606794 finetune.py:45] layer 27_o initial loss 6.799836410209537e-05
I0326 11:18:31.634636 1606089 finetune.py:68] layer 26_o @ epoch 0 new loss 5.3647429012926295e-05 old loss 5.834858166053891e-05 BETTER
I0326 11:19:04.436816 1606794 finetune.py:68] layer 27_o @ epoch 0 new loss 6.280683010118082e-05 old loss 6.799836410209537e-05 BETTER
I0326 11:19:07.710722 1606089 finetune.py:68] layer 26_o @ epoch 1 new loss 5.204832996241748e-05 old loss 5.3647429012926295e-05 BETTER
I0326 11:19:38.720283 1606794 finetune.py:68] layer 27_o @ epoch 1 new loss 6.109872629167512e-05 old loss 6.280683010118082e-05 BETTER
I0326 11:19:43.790240 1606089 finetune.py:68] layer 26_o @ epoch 2 new loss 5.100025373394601e-05 old loss 5.204832996241748e-05 BETTER
I0326 11:20:13.042252 1606794 finetune.py:68] layer 27_o @ epoch 2 new loss 6.0007445426890627e-05 old loss 6.109872629167512e-05 BETTER
I0326 11:20:20.035312 1606089 finetune.py:68] layer 26_o @ epoch 3 new loss 5.020222670282237e-05 old loss 5.100025373394601e-05 BETTER
I0326 11:20:47.159995 1606794 finetune.py:68] layer 27_o @ epoch 3 new loss 5.9176687500439584e-05 old loss 6.0007445426890627e-05 BETTER
I0326 11:20:56.397361 1606089 finetune.py:68] layer 26_o @ epoch 4 new loss 4.956722114002332e-05 old loss 5.020222670282237e-05 BETTER
I0326 11:21:18.659674 1606089 finetune.py:45] layer 26_up initial loss 0.00014002708485350013
I0326 11:21:21.147850 1606794 finetune.py:68] layer 27_o @ epoch 4 new loss 5.856506686541252e-05 old loss 5.9176687500439584e-05 BETTER
I0326 11:21:43.859051 1606794 finetune.py:45] layer 27_up initial loss 0.0001635500811971724
I0326 11:21:50.819389 1606089 finetune.py:68] layer 26_up @ epoch 0 new loss 0.0001348655205219984 old loss 0.00014002708485350013 BETTER
I0326 11:22:14.699799 1606794 finetune.py:68] layer 27_up @ epoch 0 new loss 0.00015692636952735484 old loss 0.0001635500811971724 BETTER
I0326 11:22:24.490901 1606089 finetune.py:68] layer 26_up @ epoch 1 new loss 0.00013238015526439995 old loss 0.0001348655205219984 BETTER
I0326 11:22:46.710276 1606794 finetune.py:68] layer 27_up @ epoch 1 new loss 0.00015392558998428285 old loss 0.00015692636952735484 BETTER
I0326 11:22:58.291942 1606089 finetune.py:68] layer 26_up @ epoch 2 new loss 0.00013053476868662983 old loss 0.00013238015526439995 BETTER
I0326 11:23:19.026020 1606794 finetune.py:68] layer 27_up @ epoch 2 new loss 0.00015178092871792614 old loss 0.00015392558998428285 BETTER
I0326 11:23:32.125341 1606089 finetune.py:68] layer 26_up @ epoch 3 new loss 0.0001290370273636654 old loss 0.00013053476868662983 BETTER
I0326 11:23:51.349767 1606794 finetune.py:68] layer 27_up @ epoch 3 new loss 0.00015004505985416472 old loss 0.00015178092871792614 BETTER
I0326 11:24:05.994753 1606089 finetune.py:68] layer 26_up @ epoch 4 new loss 0.00012779330427292734 old loss 0.0001290370273636654 BETTER
I0326 11:24:23.721798 1606794 finetune.py:68] layer 27_up @ epoch 4 new loss 0.00014860345982015133 old loss 0.00015004505985416472 BETTER
I0326 11:24:29.061583 1606089 finetune.py:45] layer 26_gate initial loss 0.00016636212239973247
I0326 11:24:46.761147 1606794 finetune.py:45] layer 27_gate initial loss 0.00019616447389125824
I0326 11:24:59.291309 1606089 finetune.py:68] layer 26_gate @ epoch 0 new loss 0.00016487494576722383 old loss 0.00016636212239973247 BETTER
I0326 11:25:15.620920 1606794 finetune.py:68] layer 27_gate @ epoch 0 new loss 0.0001941697410074994 old loss 0.00019616447389125824 BETTER
I0326 11:25:31.052807 1606089 finetune.py:68] layer 26_gate @ epoch 1 new loss 0.00016378525469917804 old loss 0.00016487494576722383 BETTER
I0326 11:25:45.710958 1606794 finetune.py:68] layer 27_gate @ epoch 1 new loss 0.00019282891298644245 old loss 0.0001941697410074994 BETTER
I0326 11:26:02.525747 1606089 finetune.py:68] layer 26_gate @ epoch 2 new loss 0.00016288711049128324 old loss 0.00016378525469917804 BETTER
I0326 11:26:15.552616 1606794 finetune.py:68] layer 27_gate @ epoch 2 new loss 0.00019173405598849058 old loss 0.00019282891298644245 BETTER
I0326 11:26:34.008350 1606089 finetune.py:68] layer 26_gate @ epoch 3 new loss 0.00016208982560783625 old loss 0.00016288711049128324 BETTER
I0326 11:26:45.455039 1606794 finetune.py:68] layer 27_gate @ epoch 3 new loss 0.0001908119156723842 old loss 0.00019173405598849058 BETTER
I0326 11:27:05.870399 1606089 finetune.py:68] layer 26_gate @ epoch 4 new loss 0.00016141626110766083 old loss 0.00016208982560783625 BETTER
I0326 11:27:15.304970 1606794 finetune.py:68] layer 27_gate @ epoch 4 new loss 0.00019001305918209255 old loss 0.0001908119156723842 BETTER
I0326 11:27:29.878891 1606089 finetune.py:45] layer 26_down initial loss 0.00027246231911703944
I0326 11:27:39.231585 1606794 finetune.py:45] layer 27_down initial loss 0.0003270410525146872
I0326 11:27:57.585220 1606089 finetune.py:68] layer 26_down @ epoch 0 new loss 0.00027244692319072783 old loss 0.00027246231911703944 BETTER
I0326 11:28:05.941758 1606794 finetune.py:68] layer 27_down @ epoch 0 new loss 0.00032699588336981833 old loss 0.0003270410525146872 BETTER
I0326 11:28:26.522597 1606089 finetune.py:68] layer 26_down @ epoch 1 new loss 0.0002724346413742751 old loss 0.00027244692319072783 BETTER
I0326 11:28:34.076517 1606794 finetune.py:68] layer 27_down @ epoch 1 new loss 0.00032696613925509155 old loss 0.00032699588336981833 BETTER
I0326 11:28:55.526859 1606089 finetune.py:68] layer 26_down @ epoch 2 new loss 0.0002724238729570061 old loss 0.0002724346413742751 BETTER
I0326 11:29:01.976402 1606794 finetune.py:68] layer 27_down @ epoch 2 new loss 0.00032694326364435256 old loss 0.00032696613925509155 BETTER
I0326 11:29:24.569590 1606089 finetune.py:68] layer 26_down @ epoch 3 new loss 0.0002724146470427513 old loss 0.0002724238729570061 BETTER
I0326 11:29:29.817496 1606794 finetune.py:68] layer 27_down @ epoch 3 new loss 0.00032692577224224806 old loss 0.00032694326364435256 BETTER
I0326 11:29:53.582659 1606089 finetune.py:68] layer 26_down @ epoch 4 new loss 0.000272405770374462 old loss 0.0002724146470427513 BETTER
26_v proxy err 0.010048234835267067 tr(WHW.T) 434.54583740234375
bpp_loss 3.6081546545028687
26_q proxy err 0.0008838603971526027 tr(WHW.T) 21410.17578125
bpp_loss 4.029122829437256
26_k proxy err 0.00036247490788809955 tr(WHW.T) 15437.82421875
bpp_loss 4.890638828277588
26_o proxy err 0.008397391065955162 tr(WHW.T) 2389.67919921875
bpp_loss 3.4870121479034424
26_up proxy err 0.010810315608978271 tr(WHW.T) 7650.71484375
bpp_loss 3.4827428545270647
26_gate proxy err 0.00297367456369102 tr(WHW.T) 28890.7109375
bpp_loss 3.8691930770874023
26_down proxy err 0.010941782034933567 tr(WHW.T) 6649.96728515625
bpp_loss 3.4786155905042375
I0326 11:29:57.603376 1606794 finetune.py:68] layer 27_down @ epoch 4 new loss 0.00032690787338651717 old loss 0.00032692577224224806 BETTER
27_v proxy err 0.0068633584305644035 tr(WHW.T) 677.69384765625
bpp_loss 3.7003650665283203
27_q proxy err 0.0009282991522923112 tr(WHW.T) 21313.927734375
bpp_loss 3.9985508918762207
27_k proxy err 0.0004102946841157973 tr(WHW.T) 14027.966796875
bpp_loss 4.84430456161499
27_o proxy err 0.00954514741897583 tr(WHW.T) 2162.180419921875
bpp_loss 3.528235912322998
27_up proxy err 0.009818699210882187 tr(WHW.T) 8475.908203125
bpp_loss 3.4984050478254045
27_gate proxy err 0.0026385639794170856 tr(WHW.T) 32794.28125
bpp_loss 3.8797480719430104
27_down proxy err 0.00956171564757824 tr(WHW.T) 6585.123046875
bpp_loss 3.4897244657788957
I0326 11:31:05.866257 1418472 quantize_finetune_llama.py:240] computed original embedding for layer 28 in 63.44418978691101s
I0326 11:31:09.245688 1619151 utils.py:146] Note: detected 128 virtual cores but NumExpr set to maximum of 64, check "NUMEXPR_MAX_THREADS" environment variable.
I0326 11:31:09.245783 1619151 utils.py:149] Note: NumExpr detected 128 cores but "NUMEXPR_MAX_THREADS" not set, so enforcing safe limit of 16.
I0326 11:31:09.245820 1619151 utils.py:162] NumExpr defaulting to 16 threads.
I0326 11:31:09.582207 1619151 config.py:54] PyTorch version 2.6.0 available.
W0326 11:31:09.784558 1619151 warnings.py:109] /opt/conda/lib/python3.10/site-packages/torchvision/io/image.py:13: UserWarning: Failed to load image Python extension: '/opt/conda/lib/python3.10/site-packages/torchvision/image.so: undefined symbol: _ZN3c1017RegisterOperatorsD1Ev'If you don't plan on using image functionality from `torchvision.io`, you can ignore this warning. Otherwise, there might be something wrong with your environment. Did you have `libjpeg` or `libpng` installed before building `torchvision` from source?
  warn(

W0326 11:31:10.347493 1619151 warnings.py:109] /opt/conda/lib/python3.10/site-packages/compressai/models/video/google.py:353: FutureWarning: `torch.cuda.amp.autocast(args...)` is deprecated. Please use `torch.amp.autocast('cuda', args...)` instead.
  @amp.autocast(enabled=False)

I0326 11:31:10.351114 1418472 quantize_finetune_llama.py:209] layer 29 gpu 1
I0326 11:31:10.363950 1619151 data_utils.py:336] using 256 training seqs, 128 validation seqs
The attention layers in this model are transitioning from computing the RoPE embeddings internally through `position_ids` (2D tensor with the indexes of the tokens), to using externally computed `position_embeddings` (Tuple of tensors, containing cos and sin). In v4.46 `position_ids` will be removed and `position_embeddings` will be mandatory.
I0326 11:31:17.888643 1619151 finetune.py:45] layer 28_v initial loss 4.720447395811789e-05
W0326 11:31:17.888868 1619151 warnings.py:109] /workspace/Weight_compression/comp_lm_qtip/lib/algo/finetune.py:46: FutureWarning: `torch.cuda.amp.GradScaler(args...)` is deprecated. Please use `torch.amp.GradScaler('cuda', args...)` instead.
  scaler = torch.cuda.amp.GradScaler(enabled=(orig_dtype==torch.float16))

I0326 11:31:53.384241 1619151 finetune.py:68] layer 28_v @ epoch 0 new loss 2.4671908249729313e-05 old loss 4.720447395811789e-05 BETTER
I0326 11:32:13.570327 1418472 quantize_finetune_llama.py:240] computed original embedding for layer 29 in 62.80340242385864s
I0326 11:32:17.266019 1619878 utils.py:146] Note: detected 128 virtual cores but NumExpr set to maximum of 64, check "NUMEXPR_MAX_THREADS" environment variable.
I0326 11:32:17.266108 1619878 utils.py:149] Note: NumExpr detected 128 cores but "NUMEXPR_MAX_THREADS" not set, so enforcing safe limit of 16.
I0326 11:32:17.266145 1619878 utils.py:162] NumExpr defaulting to 16 threads.
I0326 11:32:17.603719 1619878 config.py:54] PyTorch version 2.6.0 available.
W0326 11:32:17.809622 1619878 warnings.py:109] /opt/conda/lib/python3.10/site-packages/torchvision/io/image.py:13: UserWarning: Failed to load image Python extension: '/opt/conda/lib/python3.10/site-packages/torchvision/image.so: undefined symbol: _ZN3c1017RegisterOperatorsD1Ev'If you don't plan on using image functionality from `torchvision.io`, you can ignore this warning. Otherwise, there might be something wrong with your environment. Did you have `libjpeg` or `libpng` installed before building `torchvision` from source?
  warn(

W0326 11:32:18.421598 1619878 warnings.py:109] /opt/conda/lib/python3.10/site-packages/compressai/models/video/google.py:353: FutureWarning: `torch.cuda.amp.autocast(args...)` is deprecated. Please use `torch.amp.autocast('cuda', args...)` instead.
  @amp.autocast(enabled=False)

I0326 11:32:18.425150 1418472 quantize_finetune_llama.py:209] layer 30 gpu 0
I0326 11:32:18.437371 1619878 data_utils.py:336] using 256 training seqs, 128 validation seqs
The attention layers in this model are transitioning from computing the RoPE embeddings internally through `position_ids` (2D tensor with the indexes of the tokens), to using externally computed `position_embeddings` (Tuple of tensors, containing cos and sin). In v4.46 `position_ids` will be removed and `position_embeddings` will be mandatory.
I0326 11:32:25.919682 1619878 finetune.py:45] layer 29_v initial loss 4.56212910648901e-05
W0326 11:32:25.919967 1619878 warnings.py:109] /workspace/Weight_compression/comp_lm_qtip/lib/algo/finetune.py:46: FutureWarning: `torch.cuda.amp.GradScaler(args...)` is deprecated. Please use `torch.amp.GradScaler('cuda', args...)` instead.
  scaler = torch.cuda.amp.GradScaler(enabled=(orig_dtype==torch.float16))

I0326 11:32:30.133004 1619151 finetune.py:68] layer 28_v @ epoch 1 new loss 2.3010745280771516e-05 old loss 2.4671908249729313e-05 BETTER
I0326 11:32:59.323435 1619878 finetune.py:68] layer 29_v @ epoch 0 new loss 2.7013620638172142e-05 old loss 4.56212910648901e-05 BETTER
I0326 11:33:07.245345 1619151 finetune.py:68] layer 28_v @ epoch 2 new loss 2.2431384422816336e-05 old loss 2.3010745280771516e-05 BETTER
I0326 11:33:33.843425 1619878 finetune.py:68] layer 29_v @ epoch 1 new loss 2.571425102360081e-05 old loss 2.7013620638172142e-05 BETTER
I0326 11:33:44.235711 1619151 finetune.py:68] layer 28_v @ epoch 3 new loss 2.1735975678893737e-05 old loss 2.2431384422816336e-05 BETTER
I0326 11:34:08.696179 1619878 finetune.py:68] layer 29_v @ epoch 2 new loss 2.5251551051042043e-05 old loss 2.571425102360081e-05 BETTER
I0326 11:34:21.194332 1619151 finetune.py:68] layer 28_v @ epoch 4 new loss 2.158567622245755e-05 old loss 2.1735975678893737e-05 BETTER
I0326 11:34:31.392229 1619151 finetune.py:45] layer 28_q initial loss 2.9870891012251377e-05
I0326 11:34:43.888754 1619878 finetune.py:76] layer 29_v @ epoch 3 new loss 2.53187827183865e-05 old loss 2.5251551051042043e-05 WORSE
I0326 11:35:07.222902 1619151 finetune.py:68] layer 28_q @ epoch 0 new loss 2.7723574021365494e-05 old loss 2.9870891012251377e-05 BETTER
I0326 11:35:18.367963 1619878 finetune.py:68] layer 29_v @ epoch 4 new loss 2.4505581677658483e-05 old loss 2.5251551051042043e-05 BETTER
I0326 11:35:28.697033 1619878 finetune.py:45] layer 29_q initial loss 4.6645334805361927e-05
I0326 11:35:44.045793 1619151 finetune.py:68] layer 28_q @ epoch 1 new loss 2.7045292881666683e-05 old loss 2.7723574021365494e-05 BETTER
I0326 11:36:02.501812 1619878 finetune.py:68] layer 29_q @ epoch 0 new loss 4.0620536310598254e-05 old loss 4.6645334805361927e-05 BETTER
I0326 11:36:21.161141 1619151 finetune.py:68] layer 28_q @ epoch 2 new loss 2.6538315069046803e-05 old loss 2.7045292881666683e-05 BETTER
I0326 11:36:37.174270 1619878 finetune.py:68] layer 29_q @ epoch 1 new loss 3.8849309930810705e-05 old loss 4.0620536310598254e-05 BETTER
I0326 11:36:58.180481 1619151 finetune.py:68] layer 28_q @ epoch 3 new loss 2.616180427139625e-05 old loss 2.6538315069046803e-05 BETTER
I0326 11:37:11.894282 1619878 finetune.py:68] layer 29_q @ epoch 2 new loss 3.7735859223175794e-05 old loss 3.8849309930810705e-05 BETTER
I0326 11:37:35.151314 1619151 finetune.py:68] layer 28_q @ epoch 4 new loss 2.5918583560269326e-05 old loss 2.616180427139625e-05 BETTER
I0326 11:37:43.497095 1619151 finetune.py:45] layer 28_k initial loss 2.9193244699854404e-05
I0326 11:37:46.674888 1619878 finetune.py:68] layer 29_q @ epoch 3 new loss 3.6849443858955055e-05 old loss 3.7735859223175794e-05 BETTER
I0326 11:38:19.716665 1619151 finetune.py:68] layer 28_k @ epoch 0 new loss 2.8557475161505863e-05 old loss 2.9193244699854404e-05 BETTER
I0326 11:38:21.550811 1619878 finetune.py:68] layer 29_q @ epoch 4 new loss 3.637455665739253e-05 old loss 3.6849443858955055e-05 BETTER
I0326 11:38:29.498333 1619878 finetune.py:45] layer 29_k initial loss 4.088005152880214e-05
I0326 11:38:56.830594 1619151 finetune.py:68] layer 28_k @ epoch 1 new loss 2.8293097784626298e-05 old loss 2.8557475161505863e-05 BETTER
I0326 11:39:03.395139 1619878 finetune.py:68] layer 29_k @ epoch 0 new loss 4.0068000089377165e-05 old loss 4.088005152880214e-05 BETTER
I0326 11:39:33.811041 1619151 finetune.py:68] layer 28_k @ epoch 2 new loss 2.8175996703794226e-05 old loss 2.8293097784626298e-05 BETTER
I0326 11:39:38.183319 1619878 finetune.py:68] layer 29_k @ epoch 1 new loss 3.950094469473697e-05 old loss 4.0068000089377165e-05 BETTER
I0326 11:40:10.867797 1619151 finetune.py:68] layer 28_k @ epoch 3 new loss 2.794781539705582e-05 old loss 2.8175996703794226e-05 BETTER
I0326 11:40:13.061786 1619878 finetune.py:68] layer 29_k @ epoch 2 new loss 3.9308641134994105e-05 old loss 3.950094469473697e-05 BETTER
I0326 11:40:47.870835 1619878 finetune.py:68] layer 29_k @ epoch 3 new loss 3.8950918678892776e-05 old loss 3.9308641134994105e-05 BETTER
I0326 11:40:47.923780 1619151 finetune.py:68] layer 28_k @ epoch 4 new loss 2.7929683710681275e-05 old loss 2.794781539705582e-05 BETTER
I0326 11:40:58.109197 1619151 finetune.py:45] layer 28_o initial loss 8.808436541585252e-05
I0326 11:41:22.704232 1619878 finetune.py:68] layer 29_k @ epoch 4 new loss 3.888216451741755e-05 old loss 3.8950918678892776e-05 BETTER
I0326 11:41:32.429993 1619878 finetune.py:45] layer 29_o initial loss 0.00010290452337358147
I0326 11:41:33.685115 1619151 finetune.py:68] layer 28_o @ epoch 0 new loss 7.997813372639939e-05 old loss 8.808436541585252e-05 BETTER
I0326 11:42:05.734122 1619878 finetune.py:68] layer 29_o @ epoch 0 new loss 9.328194573754445e-05 old loss 0.00010290452337358147 BETTER
I0326 11:42:09.941319 1619151 finetune.py:68] layer 28_o @ epoch 1 new loss 7.718259439570829e-05 old loss 7.997813372639939e-05 BETTER
I0326 11:42:39.957988 1619878 finetune.py:68] layer 29_o @ epoch 1 new loss 9.041017619892955e-05 old loss 9.328194573754445e-05 BETTER
I0326 11:42:46.392163 1619151 finetune.py:68] layer 28_o @ epoch 2 new loss 7.528808055212721e-05 old loss 7.718259439570829e-05 BETTER
I0326 11:43:14.482556 1619878 finetune.py:68] layer 29_o @ epoch 2 new loss 8.860640082275495e-05 old loss 9.041017619892955e-05 BETTER
I0326 11:43:22.986835 1619151 finetune.py:68] layer 28_o @ epoch 3 new loss 7.38707312848419e-05 old loss 7.528808055212721e-05 BETTER
I0326 11:43:49.011560 1619878 finetune.py:68] layer 29_o @ epoch 3 new loss 8.728831016924232e-05 old loss 8.860640082275495e-05 BETTER
I0326 11:43:59.372872 1619151 finetune.py:68] layer 28_o @ epoch 4 new loss 7.276324322447181e-05 old loss 7.38707312848419e-05 BETTER
I0326 11:44:21.486005 1619151 finetune.py:45] layer 28_up initial loss 0.00020570465130731463
I0326 11:44:23.523802 1619878 finetune.py:68] layer 29_o @ epoch 4 new loss 8.613881800556555e-05 old loss 8.728831016924232e-05 BETTER
I0326 11:44:45.613256 1619878 finetune.py:45] layer 29_up initial loss 0.00027394804055802524
I0326 11:44:54.058178 1619151 finetune.py:68] layer 28_up @ epoch 0 new loss 0.0001953964092535898 old loss 0.00020570465130731463 BETTER
I0326 11:45:16.616954 1619878 finetune.py:68] layer 29_up @ epoch 0 new loss 0.0002575726539362222 old loss 0.00027394804055802524 BETTER
I0326 11:45:28.170819 1619151 finetune.py:68] layer 28_up @ epoch 1 new loss 0.00019119572243653238 old loss 0.0001953964092535898 BETTER
I0326 11:45:48.885597 1619878 finetune.py:68] layer 29_up @ epoch 1 new loss 0.0002512015344109386 old loss 0.0002575726539362222 BETTER
I0326 11:46:02.375846 1619151 finetune.py:68] layer 28_up @ epoch 2 new loss 0.00018822975107468665 old loss 0.00019119572243653238 BETTER
I0326 11:46:21.103195 1619878 finetune.py:68] layer 29_up @ epoch 2 new loss 0.0002467298472765833 old loss 0.0002512015344109386 BETTER
I0326 11:46:36.624240 1619151 finetune.py:68] layer 28_up @ epoch 3 new loss 0.00018584974168334156 old loss 0.00018822975107468665 BETTER
I0326 11:46:53.443402 1619878 finetune.py:68] layer 29_up @ epoch 3 new loss 0.00024318111536558717 old loss 0.0002467298472765833 BETTER
I0326 11:47:10.992724 1619151 finetune.py:68] layer 28_up @ epoch 4 new loss 0.00018388575699646026 old loss 0.00018584974168334156 BETTER
I0326 11:47:25.621337 1619878 finetune.py:68] layer 29_up @ epoch 4 new loss 0.00024029337510000914 old loss 0.00024318111536558717 BETTER
I0326 11:47:33.432581 1619151 finetune.py:45] layer 28_gate initial loss 0.0002463526325300336
I0326 11:47:47.733349 1619878 finetune.py:45] layer 29_gate initial loss 0.0003261326055508107
I0326 11:48:03.899835 1619151 finetune.py:68] layer 28_gate @ epoch 0 new loss 0.00024347193539142609 old loss 0.0002463526325300336 BETTER
I0326 11:48:16.424785 1619878 finetune.py:68] layer 29_gate @ epoch 0 new loss 0.0003215133910998702 old loss 0.0003261326055508107 BETTER
I0326 11:48:35.399943 1619151 finetune.py:68] layer 28_gate @ epoch 1 new loss 0.00024158359155990183 old loss 0.00024347193539142609 BETTER
I0326 11:48:46.362643 1619878 finetune.py:68] layer 29_gate @ epoch 1 new loss 0.00031873592524789274 old loss 0.0003215133910998702 BETTER
I0326 11:49:06.994463 1619151 finetune.py:68] layer 28_gate @ epoch 2 new loss 0.00023996901290956885 old loss 0.00024158359155990183 BETTER
I0326 11:49:16.241960 1619878 finetune.py:68] layer 29_gate @ epoch 2 new loss 0.0003165799716953188 old loss 0.00031873592524789274 BETTER
