W0325 22:19:24.617897 1188278 warnings.py:109] /workspace/Weight_compression/comp_lm_qtip/lib/algo/finetune.py:46: FutureWarning: `torch.cuda.amp.GradScaler(args...)` is deprecated. Please use `torch.amp.GradScaler('cuda', args...)` instead.
  scaler = torch.cuda.amp.GradScaler(enabled=(orig_dtype==torch.float16))

I0325 22:19:32.494215 1187435 finetune.py:68] layer 24_v @ epoch 1 new loss 4.0265553252538666e-05 old loss 4.323343455325812e-05 BETTER
I0325 22:19:58.197841 1188278 finetune.py:68] layer 25_v @ epoch 0 new loss 5.208159927860834e-05 old loss 8.921434346120805e-05 BETTER
I0325 22:20:09.687842 1187435 finetune.py:68] layer 24_v @ epoch 2 new loss 3.87508662242908e-05 old loss 4.0265553252538666e-05 BETTER
I0325 22:20:32.635301 1188278 finetune.py:68] layer 25_v @ epoch 1 new loss 4.843312854063697e-05 old loss 5.208159927860834e-05 BETTER
I0325 22:20:46.980503 1187435 finetune.py:68] layer 24_v @ epoch 3 new loss 3.781032137339935e-05 old loss 3.87508662242908e-05 BETTER
I0325 22:21:07.410328 1188278 finetune.py:68] layer 25_v @ epoch 2 new loss 4.649930269806646e-05 old loss 4.843312854063697e-05 BETTER
I0325 22:21:24.154591 1187435 finetune.py:68] layer 24_v @ epoch 4 new loss 3.706939969561063e-05 old loss 3.781032137339935e-05 BETTER
I0325 22:21:34.033136 1187435 finetune.py:45] layer 24_q initial loss 4.912206713925116e-05
I0325 22:21:42.493840 1188278 finetune.py:68] layer 25_v @ epoch 3 new loss 4.530447404249571e-05 old loss 4.649930269806646e-05 BETTER
I0325 22:22:10.290641 1187435 finetune.py:68] layer 24_q @ epoch 0 new loss 4.702001388068311e-05 old loss 4.912206713925116e-05 BETTER
I0325 22:22:17.755670 1188278 finetune.py:68] layer 25_v @ epoch 4 new loss 4.432671266840771e-05 old loss 4.530447404249571e-05 BETTER
I0325 22:22:27.345515 1188278 finetune.py:45] layer 25_q initial loss 6.71783127472736e-05
I0325 22:22:47.199512 1187435 finetune.py:68] layer 24_q @ epoch 1 new loss 4.60653864138294e-05 old loss 4.702001388068311e-05 BETTER
I0325 22:23:01.081876 1188278 finetune.py:68] layer 25_q @ epoch 0 new loss 6.201165524544194e-05 old loss 6.71783127472736e-05 BETTER
I0325 22:23:24.024520 1187435 finetune.py:68] layer 24_q @ epoch 2 new loss 4.536297274171375e-05 old loss 4.60653864138294e-05 BETTER
I0325 22:23:35.674879 1188278 finetune.py:68] layer 25_q @ epoch 1 new loss 6.0140391724416986e-05 old loss 6.201165524544194e-05 BETTER
I0325 22:24:00.816346 1187435 finetune.py:68] layer 24_q @ epoch 3 new loss 4.4831169361714274e-05 old loss 4.536297274171375e-05 BETTER
I0325 22:24:10.265456 1188278 finetune.py:68] layer 25_q @ epoch 2 new loss 5.8850051573244855e-05 old loss 6.0140391724416986e-05 BETTER
I0325 22:24:37.728896 1187435 finetune.py:68] layer 24_q @ epoch 4 new loss 4.4365027861204e-05 old loss 4.4831169361714274e-05 BETTER
I0325 22:24:44.816682 1188278 finetune.py:68] layer 25_q @ epoch 3 new loss 5.781738582300022e-05 old loss 5.8850051573244855e-05 BETTER
I0325 22:24:45.841113 1187435 finetune.py:45] layer 24_k initial loss 4.975717456545681e-05
I0325 22:25:19.608930 1188278 finetune.py:68] layer 25_q @ epoch 4 new loss 5.69733529118821e-05 old loss 5.781738582300022e-05 BETTER
I0325 22:25:22.035510 1187435 finetune.py:68] layer 24_k @ epoch 0 new loss 4.9148726247949526e-05 old loss 4.975717456545681e-05 BETTER
I0325 22:25:27.408519 1188278 finetune.py:45] layer 25_k initial loss 6.630759162362665e-05
I0325 22:25:58.840285 1187435 finetune.py:68] layer 24_k @ epoch 1 new loss 4.8808557039592415e-05 old loss 4.9148726247949526e-05 BETTER
I0325 22:26:01.140579 1188278 finetune.py:68] layer 25_k @ epoch 0 new loss 6.494323315564543e-05 old loss 6.630759162362665e-05 BETTER
I0325 22:26:35.688754 1187435 finetune.py:68] layer 24_k @ epoch 2 new loss 4.853793507209048e-05 old loss 4.8808557039592415e-05 BETTER
I0325 22:26:35.698576 1188278 finetune.py:68] layer 25_k @ epoch 1 new loss 6.430439680116251e-05 old loss 6.494323315564543e-05 BETTER
I0325 22:27:10.154489 1188278 finetune.py:68] layer 25_k @ epoch 2 new loss 6.379064870998263e-05 old loss 6.430439680116251e-05 BETTER
I0325 22:27:12.381478 1187435 finetune.py:68] layer 24_k @ epoch 3 new loss 4.829734461964108e-05 old loss 4.853793507209048e-05 BETTER
I0325 22:27:44.561665 1188278 finetune.py:68] layer 25_k @ epoch 3 new loss 6.33416129858233e-05 old loss 6.379064870998263e-05 BETTER
I0325 22:27:49.093053 1187435 finetune.py:68] layer 24_k @ epoch 4 new loss 4.8070276534417644e-05 old loss 4.829734461964108e-05 BETTER
I0325 22:27:58.877923 1187435 finetune.py:45] layer 24_o initial loss 0.00013408256927505136
I0325 22:28:19.314115 1188278 finetune.py:68] layer 25_k @ epoch 4 new loss 6.296228093560785e-05 old loss 6.33416129858233e-05 BETTER
I0325 22:28:28.717304 1188278 finetune.py:45] layer 25_o initial loss 0.00015749287558719516
I0325 22:28:34.643467 1187435 finetune.py:68] layer 24_o @ epoch 0 new loss 0.0001261284778593108 old loss 0.00013408256927505136 BETTER
I0325 22:29:01.853075 1188278 finetune.py:68] layer 25_o @ epoch 0 new loss 0.00014688647934235632 old loss 0.00015749287558719516 BETTER
I0325 22:29:10.610302 1187435 finetune.py:68] layer 24_o @ epoch 1 new loss 0.00012346553558018059 old loss 0.0001261284778593108 BETTER
I0325 22:29:35.881500 1188278 finetune.py:68] layer 25_o @ epoch 1 new loss 0.00014332994760479778 old loss 0.00014688647934235632 BETTER
I0325 22:29:46.608338 1187435 finetune.py:68] layer 24_o @ epoch 2 new loss 0.0001216606906382367 old loss 0.00012346553558018059 BETTER
I0325 22:30:09.811330 1188278 finetune.py:68] layer 25_o @ epoch 2 new loss 0.00014094314246904105 old loss 0.00014332994760479778 BETTER
I0325 22:30:22.727656 1187435 finetune.py:68] layer 24_o @ epoch 3 new loss 0.00012026671174680814 old loss 0.0001216606906382367 BETTER
I0325 22:30:43.746915 1188278 finetune.py:68] layer 25_o @ epoch 3 new loss 0.0001391526311635971 old loss 0.00014094314246904105 BETTER
I0325 22:30:58.831669 1187435 finetune.py:68] layer 24_o @ epoch 4 new loss 0.00011911526962649077 old loss 0.00012026671174680814 BETTER
I0325 22:31:17.764532 1188278 finetune.py:68] layer 25_o @ epoch 4 new loss 0.00013773047248832881 old loss 0.0001391526311635971 BETTER
I0325 22:31:21.247123 1187435 finetune.py:45] layer 24_up initial loss 0.0003953399136662483
I0325 22:31:39.401538 1188278 finetune.py:45] layer 25_up initial loss 0.0004456051392480731
I0325 22:31:53.583083 1187435 finetune.py:68] layer 24_up @ epoch 0 new loss 0.000383406993933022 old loss 0.0003953399136662483 BETTER
I0325 22:32:10.148667 1188278 finetune.py:68] layer 25_up @ epoch 0 new loss 0.00043137051397934556 old loss 0.0004456051392480731 BETTER
I0325 22:32:26.910711 1187435 finetune.py:68] layer 24_up @ epoch 1 new loss 0.0003772324707824737 old loss 0.000383406993933022 BETTER
I0325 22:32:42.012140 1188278 finetune.py:68] layer 25_up @ epoch 1 new loss 0.000424444442614913 old loss 0.00043137051397934556 BETTER
I0325 22:33:00.544378 1187435 finetune.py:68] layer 24_up @ epoch 2 new loss 0.0003725050191860646 old loss 0.0003772324707824737 BETTER
I0325 22:33:14.138047 1188278 finetune.py:68] layer 25_up @ epoch 2 new loss 0.000419204356148839 old loss 0.000424444442614913 BETTER
I0325 22:33:34.292274 1187435 finetune.py:68] layer 24_up @ epoch 3 new loss 0.0003685421834234148 old loss 0.0003725050191860646 BETTER
I0325 22:33:46.208847 1188278 finetune.py:68] layer 25_up @ epoch 3 new loss 0.00041488537681289017 old loss 0.000419204356148839 BETTER
I0325 22:34:08.117779 1187435 finetune.py:68] layer 24_up @ epoch 4 new loss 0.00036516759428195655 old loss 0.0003685421834234148 BETTER
I0325 22:34:18.386401 1188278 finetune.py:68] layer 25_up @ epoch 4 new loss 0.00041118485387414694 old loss 0.00041488537681289017 BETTER
I0325 22:34:30.099434 1187435 finetune.py:45] layer 24_gate initial loss 0.0004821468610316515
I0325 22:34:40.345069 1188278 finetune.py:45] layer 25_gate initial loss 0.0005450440803542733
I0325 22:35:00.605008 1187435 finetune.py:68] layer 24_gate @ epoch 0 new loss 0.0004782674659509212 old loss 0.0004821468610316515 BETTER
I0325 22:35:09.268202 1188278 finetune.py:68] layer 25_gate @ epoch 0 new loss 0.000540721055585891 old loss 0.0005450440803542733 BETTER
I0325 22:35:32.239262 1187435 finetune.py:68] layer 24_gate @ epoch 1 new loss 0.0004751737287733704 old loss 0.0004782674659509212 BETTER
I0325 22:35:38.923310 1188278 finetune.py:68] layer 25_gate @ epoch 1 new loss 0.0005373206222429872 old loss 0.000540721055585891 BETTER
I0325 22:36:03.872482 1187435 finetune.py:68] layer 24_gate @ epoch 2 new loss 0.00047250528587028384 old loss 0.0004751737287733704 BETTER
I0325 22:36:08.785124 1188278 finetune.py:68] layer 25_gate @ epoch 2 new loss 0.000534399354364723 old loss 0.0005373206222429872 BETTER
I0325 22:36:35.604507 1187435 finetune.py:68] layer 24_gate @ epoch 3 new loss 0.0004700311692431569 old loss 0.00047250528587028384 BETTER
I0325 22:36:38.701774 1188278 finetune.py:68] layer 25_gate @ epoch 3 new loss 0.0005317573086358607 old loss 0.000534399354364723 BETTER
I0325 22:37:07.269330 1187435 finetune.py:68] layer 24_gate @ epoch 4 new loss 0.00046784206642769277 old loss 0.0004700311692431569 BETTER
I0325 22:37:08.651236 1188278 finetune.py:68] layer 25_gate @ epoch 4 new loss 0.0005293752765282989 old loss 0.0005317573086358607 BETTER
I0325 22:37:30.061670 1187435 finetune.py:45] layer 24_down initial loss 0.0007995173218660057
I0325 22:37:31.266963 1188278 finetune.py:45] layer 25_down initial loss 0.0008856302592903376
I0325 22:37:58.202952 1188278 finetune.py:68] layer 25_down @ epoch 0 new loss 0.0008855128544382751 old loss 0.0008856302592903376 BETTER
I0325 22:37:58.249339 1187435 finetune.py:68] layer 24_down @ epoch 0 new loss 0.0007993871113285422 old loss 0.0007995173218660057 BETTER
I0325 22:38:25.857706 1188278 finetune.py:68] layer 25_down @ epoch 1 new loss 0.0008854010957293212 old loss 0.0008855128544382751 BETTER
I0325 22:38:27.367344 1187435 finetune.py:68] layer 24_down @ epoch 1 new loss 0.0007992746541276574 old loss 0.0007993871113285422 BETTER
I0325 22:38:53.646932 1188278 finetune.py:68] layer 25_down @ epoch 2 new loss 0.0008853011531755328 old loss 0.0008854010957293212 BETTER
I0325 22:38:56.824601 1187435 finetune.py:68] layer 24_down @ epoch 2 new loss 0.0007991746533662081 old loss 0.0007992746541276574 BETTER
I0325 22:39:21.625783 1188278 finetune.py:68] layer 25_down @ epoch 3 new loss 0.0008852009777911007 old loss 0.0008853011531755328 BETTER
I0325 22:39:26.080970 1187435 finetune.py:68] layer 24_down @ epoch 3 new loss 0.000799082568846643 old loss 0.0007991746533662081 BETTER
I0325 22:39:49.647993 1188278 finetune.py:68] layer 25_down @ epoch 4 new loss 0.0008851161692291498 old loss 0.0008852009777911007 BETTER
25_v proxy err 0.03242329880595207 tr(WHW.T) 557.8086547851562
bpp_loss 2.560833692550659
25_q proxy err 0.003062412841245532 tr(WHW.T) 26178.201171875
bpp_loss 2.981853723526001
25_k proxy err 0.0015598476165905595 tr(WHW.T) 14456.4072265625
bpp_loss 3.6739931106567383
25_o proxy err 0.038939476013183594 tr(WHW.T) 1996.8663330078125
bpp_loss 2.4780505895614624
25_up proxy err 0.04390835389494896 tr(WHW.T) 7389.798828125
bpp_loss 2.483543804713658
25_gate proxy err 0.013494598679244518 tr(WHW.T) 26150.478515625
bpp_loss 2.8441929136003767
25_down proxy err 0.041805777698755264 tr(WHW.T) 6741.3427734375
bpp_loss 2.4820755209241594
I0325 22:39:55.431089 1187435 finetune.py:68] layer 24_down @ epoch 4 new loss 0.0007989987498149276 old loss 0.000799082568846643 BETTER
24_v proxy err 0.0377056710422039 tr(WHW.T) 467.2783508300781
bpp_loss 2.5491700172424316
24_q proxy err 0.003490801900625229 tr(WHW.T) 22492.978515625
bpp_loss 2.9993138313293457
24_k proxy err 0.001546488027088344 tr(WHW.T) 14225.8056640625
bpp_loss 3.6938228607177734
24_o proxy err 0.04873351752758026 tr(WHW.T) 1600.1904296875
bpp_loss 2.480334997177124
24_up proxy err 0.04448739439249039 tr(WHW.T) 7314.12353515625
bpp_loss 2.4745826721191406
24_gate proxy err 0.013766277581453323 tr(WHW.T) 25749.48828125
bpp_loss 2.835929734366281
24_down proxy err 0.042359307408332825 tr(WHW.T) 6865.36669921875
bpp_loss 2.4735172476087297
I0325 22:41:03.092728 975333 quantize_finetune_llama.py:240] computed original embedding for layer 26 in 62.888338565826416s
I0325 22:41:06.278940 1203976 config.py:54] PyTorch version 2.6.0 available.
W0325 22:41:06.563241 1203976 warnings.py:109] /opt/conda/lib/python3.10/site-packages/torchvision/io/image.py:13: UserWarning: Failed to load image Python extension: '/opt/conda/lib/python3.10/site-packages/torchvision/image.so: undefined symbol: _ZN3c1017RegisterOperatorsD1Ev'If you don't plan on using image functionality from `torchvision.io`, you can ignore this warning. Otherwise, there might be something wrong with your environment. Did you have `libjpeg` or `libpng` installed before building `torchvision` from source?
  warn(

W0325 22:41:07.443993 1203976 warnings.py:109] /opt/conda/lib/python3.10/site-packages/compressai/models/video/google.py:353: FutureWarning: `torch.cuda.amp.autocast(args...)` is deprecated. Please use `torch.amp.autocast('cuda', args...)` instead.
  @amp.autocast(enabled=False)

I0325 22:41:07.447874 975333 quantize_finetune_llama.py:209] layer 27 gpu 1
I0325 22:41:07.460938 1203976 data_utils.py:336] using 256 training seqs, 128 validation seqs
The attention layers in this model are transitioning from computing the RoPE embeddings internally through `position_ids` (2D tensor with the indexes of the tokens), to using externally computed `position_embeddings` (Tuple of tensors, containing cos and sin). In v4.46 `position_ids` will be removed and `position_embeddings` will be mandatory.
I0325 22:41:14.949467 1203976 finetune.py:45] layer 26_v initial loss 0.0001196568482555449
W0325 22:41:14.949709 1203976 warnings.py:109] /workspace/Weight_compression/comp_lm_qtip/lib/algo/finetune.py:46: FutureWarning: `torch.cuda.amp.GradScaler(args...)` is deprecated. Please use `torch.amp.GradScaler('cuda', args...)` instead.
  scaler = torch.cuda.amp.GradScaler(enabled=(orig_dtype==torch.float16))

I0325 22:41:51.093273 1203976 finetune.py:68] layer 26_v @ epoch 0 new loss 7.696689863223583e-05 old loss 0.0001196568482555449 BETTER
I0325 22:42:08.448535 975333 quantize_finetune_llama.py:240] computed original embedding for layer 27 in 60.58663296699524s
I0325 22:42:11.796190 1204827 config.py:54] PyTorch version 2.6.0 available.
W0325 22:42:12.090315 1204827 warnings.py:109] /opt/conda/lib/python3.10/site-packages/torchvision/io/image.py:13: UserWarning: Failed to load image Python extension: '/opt/conda/lib/python3.10/site-packages/torchvision/image.so: undefined symbol: _ZN3c1017RegisterOperatorsD1Ev'If you don't plan on using image functionality from `torchvision.io`, you can ignore this warning. Otherwise, there might be something wrong with your environment. Did you have `libjpeg` or `libpng` installed before building `torchvision` from source?
  warn(

W0325 22:42:13.053334 1204827 warnings.py:109] /opt/conda/lib/python3.10/site-packages/compressai/models/video/google.py:353: FutureWarning: `torch.cuda.amp.autocast(args...)` is deprecated. Please use `torch.amp.autocast('cuda', args...)` instead.
  @amp.autocast(enabled=False)

I0325 22:42:13.057358 975333 quantize_finetune_llama.py:209] layer 28 gpu 0
I0325 22:42:13.070612 1204827 data_utils.py:336] using 256 training seqs, 128 validation seqs
The attention layers in this model are transitioning from computing the RoPE embeddings internally through `position_ids` (2D tensor with the indexes of the tokens), to using externally computed `position_embeddings` (Tuple of tensors, containing cos and sin). In v4.46 `position_ids` will be removed and `position_embeddings` will be mandatory.
I0325 22:42:19.927392 1204827 finetune.py:45] layer 27_v initial loss 0.00011551145144039765
W0325 22:42:19.927652 1204827 warnings.py:109] /workspace/Weight_compression/comp_lm_qtip/lib/algo/finetune.py:46: FutureWarning: `torch.cuda.amp.GradScaler(args...)` is deprecated. Please use `torch.amp.GradScaler('cuda', args...)` instead.
  scaler = torch.cuda.amp.GradScaler(enabled=(orig_dtype==torch.float16))

I0325 22:42:28.092239 1203976 finetune.py:68] layer 26_v @ epoch 1 new loss 7.166772411437705e-05 old loss 7.696689863223583e-05 BETTER
I0325 22:42:53.332613 1204827 finetune.py:68] layer 27_v @ epoch 0 new loss 7.060788630042225e-05 old loss 0.00011551145144039765 BETTER
I0325 22:43:05.070892 1203976 finetune.py:68] layer 26_v @ epoch 2 new loss 6.862486043246463e-05 old loss 7.166772411437705e-05 BETTER
I0325 22:43:27.723343 1204827 finetune.py:68] layer 27_v @ epoch 1 new loss 6.634539022343233e-05 old loss 7.060788630042225e-05 BETTER
I0325 22:43:42.271900 1203976 finetune.py:68] layer 26_v @ epoch 3 new loss 6.653670425293967e-05 old loss 6.862486043246463e-05 BETTER
I0325 22:44:02.427341 1204827 finetune.py:68] layer 27_v @ epoch 2 new loss 6.404856685549021e-05 old loss 6.634539022343233e-05 BETTER
I0325 22:44:19.173184 1203976 finetune.py:68] layer 26_v @ epoch 4 new loss 6.494847912108526e-05 old loss 6.653670425293967e-05 BETTER
I0325 22:44:28.917542 1203976 finetune.py:45] layer 26_q initial loss 8.335078018717468e-05
I0325 22:44:37.320882 1204827 finetune.py:68] layer 27_v @ epoch 3 new loss 6.250423029996455e-05 old loss 6.404856685549021e-05 BETTER
I0325 22:45:04.771535 1203976 finetune.py:68] layer 26_q @ epoch 0 new loss 7.935386383906007e-05 old loss 8.335078018717468e-05 BETTER
I0325 22:45:12.373541 1204827 finetune.py:68] layer 27_v @ epoch 4 new loss 6.115227733971551e-05 old loss 6.250423029996455e-05 BETTER
I0325 22:45:21.834459 1204827 finetune.py:45] layer 27_q initial loss 9.32803814066574e-05
I0325 22:45:41.653064 1203976 finetune.py:68] layer 26_q @ epoch 1 new loss 7.744538015685976e-05 old loss 7.935386383906007e-05 BETTER
I0325 22:45:55.622284 1204827 finetune.py:68] layer 27_q @ epoch 0 new loss 8.523064025212079e-05 old loss 9.32803814066574e-05 BETTER
I0325 22:46:18.657836 1203976 finetune.py:68] layer 26_q @ epoch 2 new loss 7.604963320773095e-05 old loss 7.744538015685976e-05 BETTER
I0325 22:46:30.054089 1204827 finetune.py:68] layer 27_q @ epoch 1 new loss 8.324190275743604e-05 old loss 8.523064025212079e-05 BETTER
I0325 22:46:55.593750 1203976 finetune.py:68] layer 26_q @ epoch 3 new loss 7.489002746297047e-05 old loss 7.604963320773095e-05 BETTER
I0325 22:47:04.738852 1204827 finetune.py:68] layer 27_q @ epoch 2 new loss 8.186241757357493e-05 old loss 8.324190275743604e-05 BETTER
I0325 22:47:32.599623 1203976 finetune.py:68] layer 26_q @ epoch 4 new loss 7.397105218842626e-05 old loss 7.489002746297047e-05 BETTER
I0325 22:47:39.364319 1204827 finetune.py:68] layer 27_q @ epoch 3 new loss 8.084584260359406e-05 old loss 8.186241757357493e-05 BETTER
I0325 22:47:40.704620 1203976 finetune.py:45] layer 26_k initial loss 8.091200288617983e-05
I0325 22:48:14.045830 1204827 finetune.py:68] layer 27_q @ epoch 4 new loss 7.993748295120895e-05 old loss 8.084584260359406e-05 BETTER
I0325 22:48:16.630458 1203976 finetune.py:68] layer 26_k @ epoch 0 new loss 7.96670065028593e-05 old loss 8.091200288617983e-05 BETTER
I0325 22:48:21.919988 1204827 finetune.py:45] layer 27_k initial loss 9.219743515131995e-05
I0325 22:48:53.137726 1203976 finetune.py:68] layer 26_k @ epoch 1 new loss 7.89603654993698e-05 old loss 7.96670065028593e-05 BETTER
I0325 22:48:55.627947 1204827 finetune.py:68] layer 27_k @ epoch 0 new loss 9.05323977349326e-05 old loss 9.219743515131995e-05 BETTER
I0325 22:49:29.870007 1203976 finetune.py:68] layer 26_k @ epoch 2 new loss 7.834135612938553e-05 old loss 7.89603654993698e-05 BETTER
I0325 22:49:29.996073 1204827 finetune.py:68] layer 27_k @ epoch 1 new loss 8.972798241302371e-05 old loss 9.05323977349326e-05 BETTER
I0325 22:50:04.462995 1204827 finetune.py:68] layer 27_k @ epoch 2 new loss 8.915961370803416e-05 old loss 8.972798241302371e-05 BETTER
I0325 22:50:06.533247 1203976 finetune.py:68] layer 26_k @ epoch 3 new loss 7.78534886194393e-05 old loss 7.834135612938553e-05 BETTER
I0325 22:50:39.035884 1204827 finetune.py:68] layer 27_k @ epoch 3 new loss 8.870047167874873e-05 old loss 8.915961370803416e-05 BETTER
I0325 22:50:43.431309 1203976 finetune.py:68] layer 26_k @ epoch 4 new loss 7.739999273326248e-05 old loss 7.78534886194393e-05 BETTER
I0325 22:50:53.201755 1203976 finetune.py:45] layer 26_o initial loss 0.00022729174816049635
I0325 22:51:13.518293 1204827 finetune.py:68] layer 27_k @ epoch 4 new loss 8.828187128528953e-05 old loss 8.870047167874873e-05 BETTER
I0325 22:51:22.999420 1204827 finetune.py:45] layer 27_o initial loss 0.00026471135788597167
I0325 22:51:28.370960 1203976 finetune.py:68] layer 26_o @ epoch 0 new loss 0.00021116057178005576 old loss 0.00022729174816049635 BETTER
I0325 22:51:56.317364 1204827 finetune.py:68] layer 27_o @ epoch 0 new loss 0.0002462481497786939 old loss 0.00026471135788597167 BETTER
I0325 22:52:04.450286 1203976 finetune.py:68] layer 26_o @ epoch 1 new loss 0.0002057139208773151 old loss 0.00021116057178005576 BETTER
I0325 22:52:30.156030 1204827 finetune.py:68] layer 27_o @ epoch 1 new loss 0.0002403687685728073 old loss 0.0002462481497786939 BETTER
I0325 22:52:40.566816 1203976 finetune.py:68] layer 26_o @ epoch 2 new loss 0.00020194327225908637 old loss 0.0002057139208773151 BETTER
I0325 22:53:04.029580 1204827 finetune.py:68] layer 27_o @ epoch 2 new loss 0.00023630440409760922 old loss 0.0002403687685728073 BETTER
I0325 22:53:16.399992 1203976 finetune.py:68] layer 26_o @ epoch 3 new loss 0.00019899576727766544 old loss 0.00020194327225908637 BETTER
I0325 22:53:37.998970 1204827 finetune.py:68] layer 27_o @ epoch 3 new loss 0.00023308649542741477 old loss 0.00023630440409760922 BETTER
I0325 22:53:52.140554 1203976 finetune.py:68] layer 26_o @ epoch 4 new loss 0.0001965697156265378 old loss 0.00019899576727766544 BETTER
I0325 22:54:11.785127 1204827 finetune.py:68] layer 27_o @ epoch 4 new loss 0.00023063752450980246 old loss 0.00023308649542741477 BETTER
I0325 22:54:14.000154 1203976 finetune.py:45] layer 26_up initial loss 0.0005554366507567465
I0325 22:54:33.360192 1204827 finetune.py:45] layer 27_up initial loss 0.0006495580892078578
I0325 22:54:46.230771 1203976 finetune.py:68] layer 26_up @ epoch 0 new loss 0.0005383945535868406 old loss 0.0005554366507567465 BETTER
I0325 22:55:04.210566 1204827 finetune.py:68] layer 27_up @ epoch 0 new loss 0.0006264643161557615 old loss 0.0006495580892078578 BETTER
I0325 22:55:19.599947 1203976 finetune.py:68] layer 26_up @ epoch 1 new loss 0.000530070683453232 old loss 0.0005383945535868406 BETTER
I0325 22:55:36.344945 1204827 finetune.py:68] layer 27_up @ epoch 1 new loss 0.0006162699428386986 old loss 0.0006264643161557615 BETTER
I0325 22:55:53.295526 1203976 finetune.py:68] layer 26_up @ epoch 2 new loss 0.0005237300065346062 old loss 0.000530070683453232 BETTER
I0325 22:56:08.496917 1204827 finetune.py:68] layer 27_up @ epoch 2 new loss 0.0006087442743591964 old loss 0.0006162699428386986 BETTER
I0325 22:56:27.071974 1203976 finetune.py:68] layer 26_up @ epoch 3 new loss 0.0005184129113331437 old loss 0.0005237300065346062 BETTER
I0325 22:56:40.545729 1204827 finetune.py:68] layer 27_up @ epoch 3 new loss 0.0006025342736393213 old loss 0.0006087442743591964 BETTER
I0325 22:57:00.781840 1203976 finetune.py:68] layer 26_up @ epoch 4 new loss 0.0005138414562679827 old loss 0.0005184129113331437 BETTER
I0325 22:57:12.635937 1204827 finetune.py:68] layer 27_up @ epoch 4 new loss 0.0005971165955998003 old loss 0.0006025342736393213 BETTER
I0325 22:57:22.779415 1203976 finetune.py:45] layer 26_gate initial loss 0.0006714415503665805
I0325 22:57:34.321326 1204827 finetune.py:45] layer 27_gate initial loss 0.0007916775648482144
I0325 22:57:53.074338 1203976 finetune.py:68] layer 26_gate @ epoch 0 new loss 0.0006662358064204454 old loss 0.0006714415503665805 BETTER
I0325 22:58:03.021896 1204827 finetune.py:68] layer 27_gate @ epoch 0 new loss 0.0007838425226509571 old loss 0.0007916775648482144 BETTER
I0325 22:58:24.294084 1203976 finetune.py:68] layer 26_gate @ epoch 1 new loss 0.0006621928187087178 old loss 0.0006662358064204454 BETTER
I0325 22:58:32.526471 1204827 finetune.py:68] layer 27_gate @ epoch 1 new loss 0.000778823799919337 old loss 0.0007838425226509571 BETTER
I0325 22:58:55.511645 1203976 finetune.py:68] layer 26_gate @ epoch 2 new loss 0.0006586689851246774 old loss 0.0006621928187087178 BETTER
I0325 22:59:02.250149 1204827 finetune.py:68] layer 27_gate @ epoch 2 new loss 0.000774563173763454 old loss 0.000778823799919337 BETTER
I0325 22:59:26.973078 1203976 finetune.py:68] layer 26_gate @ epoch 3 new loss 0.0006554524297825992 old loss 0.0006586689851246774 BETTER
I0325 22:59:32.046464 1204827 finetune.py:68] layer 27_gate @ epoch 3 new loss 0.0007707803160883486 old loss 0.000774563173763454 BETTER
I0325 22:59:58.664479 1203976 finetune.py:68] layer 26_gate @ epoch 4 new loss 0.0006526137585751712 old loss 0.0006554524297825992 BETTER
I0325 23:00:02.001106 1204827 finetune.py:68] layer 27_gate @ epoch 4 new loss 0.0007674010121263564 old loss 0.0007707803160883486 BETTER
I0325 23:00:21.730901 1203976 finetune.py:45] layer 26_down initial loss 0.001067283097654581
I0325 23:00:24.430941 1204827 finetune.py:45] layer 27_down initial loss 0.0012761319521814585
I0325 23:00:50.133915 1203976 finetune.py:68] layer 26_down @ epoch 0 new loss 0.0010671402560546994 old loss 0.001067283097654581 BETTER
I0325 23:00:51.343632 1204827 finetune.py:68] layer 27_down @ epoch 0 new loss 0.0012759309029206634 old loss 0.0012761319521814585 BETTER
I0325 23:01:19.007284 1204827 finetune.py:68] layer 27_down @ epoch 1 new loss 0.0012757456861436367 old loss 0.0012759309029206634 BETTER
I0325 23:01:19.390030 1203976 finetune.py:68] layer 26_down @ epoch 1 new loss 0.00106701604090631 old loss 0.0010671402560546994 BETTER
I0325 23:01:46.758937 1204827 finetune.py:68] layer 27_down @ epoch 2 new loss 0.0012755899224430323 old loss 0.0012757456861436367 BETTER
I0325 23:01:48.798092 1203976 finetune.py:68] layer 26_down @ epoch 2 new loss 0.0010669014882296324 old loss 0.00106701604090631 BETTER
I0325 23:02:14.523552 1204827 finetune.py:68] layer 27_down @ epoch 3 new loss 0.001275450922548771 old loss 0.0012755899224430323 BETTER
I0325 23:02:18.390979 1203976 finetune.py:68] layer 26_down @ epoch 3 new loss 0.0010667952010408044 old loss 0.0010669014882296324 BETTER
I0325 23:02:42.515725 1204827 finetune.py:68] layer 27_down @ epoch 4 new loss 0.0012753208866342902 old loss 0.001275450922548771 BETTER
27_v proxy err 0.02738705277442932 tr(WHW.T) 677.69384765625
bpp_loss 2.693069577217102
27_q proxy err 0.0037718252278864384 tr(WHW.T) 21332.44140625
bpp_loss 2.9620773792266846
27_k proxy err 0.0016322677256539464 tr(WHW.T) 14065.0400390625
bpp_loss 3.7065515518188477
27_o proxy err 0.037033163011074066 tr(WHW.T) 2165.4326171875
bpp_loss 2.5350942611694336
27_up proxy err 0.03868689388036728 tr(WHW.T) 8478.3583984375
bpp_loss 2.5073536464146207
27_gate proxy err 0.01091949176043272 tr(WHW.T) 32680.58984375
bpp_loss 2.8579909460885182
27_down proxy err 0.03651474416255951 tr(WHW.T) 6707.0205078125
bpp_loss 2.4997407027653287
I0325 23:02:48.027059 1203976 finetune.py:68] layer 26_down @ epoch 4 new loss 0.0010666949674487114 old loss 0.0010667952010408044 BETTER
26_v proxy err 0.03974016755819321 tr(WHW.T) 434.54583740234375
bpp_loss 2.606510877609253
26_q proxy err 0.0035558040253818035 tr(WHW.T) 21425.0859375
bpp_loss 2.9906351566314697
26_k proxy err 0.0014059159439057112 tr(WHW.T) 15470.7431640625
bpp_loss 3.7486437559127808
26_o proxy err 0.03245045617222786 tr(WHW.T) 2391.002685546875
bpp_loss 2.4947623014450073
26_up proxy err 0.04240575060248375 tr(WHW.T) 7657.51025390625
bpp_loss 2.492487362452916
26_gate proxy err 0.012271314859390259 tr(WHW.T) 28802.591796875
bpp_loss 2.848677090236119
26_down proxy err 0.042263295501470566 tr(WHW.T) 6732.38720703125
bpp_loss 2.4894533157348633
I0325 23:03:56.331683 975333 quantize_finetune_llama.py:240] computed original embedding for layer 28 in 63.37276244163513s
I0325 23:03:59.574014 1220501 config.py:54] PyTorch version 2.6.0 available.
W0325 23:03:59.859294 1220501 warnings.py:109] /opt/conda/lib/python3.10/site-packages/torchvision/io/image.py:13: UserWarning: Failed to load image Python extension: '/opt/conda/lib/python3.10/site-packages/torchvision/image.so: undefined symbol: _ZN3c1017RegisterOperatorsD1Ev'If you don't plan on using image functionality from `torchvision.io`, you can ignore this warning. Otherwise, there might be something wrong with your environment. Did you have `libjpeg` or `libpng` installed before building `torchvision` from source?
  warn(

W0325 23:04:00.744817 1220501 warnings.py:109] /opt/conda/lib/python3.10/site-packages/compressai/models/video/google.py:353: FutureWarning: `torch.cuda.amp.autocast(args...)` is deprecated. Please use `torch.amp.autocast('cuda', args...)` instead.
  @amp.autocast(enabled=False)

I0325 23:04:00.748859 975333 quantize_finetune_llama.py:209] layer 29 gpu 1
I0325 23:04:00.768208 1220501 data_utils.py:336] using 256 training seqs, 128 validation seqs
The attention layers in this model are transitioning from computing the RoPE embeddings internally through `position_ids` (2D tensor with the indexes of the tokens), to using externally computed `position_embeddings` (Tuple of tensors, containing cos and sin). In v4.46 `position_ids` will be removed and `position_embeddings` will be mandatory.
I0325 23:04:08.185112 1220501 finetune.py:45] layer 28_v initial loss 0.00018576451111584902
W0325 23:04:08.185315 1220501 warnings.py:109] /workspace/Weight_compression/comp_lm_qtip/lib/algo/finetune.py:46: FutureWarning: `torch.cuda.amp.GradScaler(args...)` is deprecated. Please use `torch.amp.GradScaler('cuda', args...)` instead.
  scaler = torch.cuda.amp.GradScaler(enabled=(orig_dtype==torch.float16))

I0325 23:04:44.550575 1220501 finetune.py:68] layer 28_v @ epoch 0 new loss 0.00010302125883754343 old loss 0.00018576451111584902 BETTER
I0325 23:05:01.225585 975333 quantize_finetune_llama.py:240] computed original embedding for layer 29 in 60.07337021827698s
I0325 23:05:04.618545 1221325 config.py:54] PyTorch version 2.6.0 available.
W0325 23:05:04.912669 1221325 warnings.py:109] /opt/conda/lib/python3.10/site-packages/torchvision/io/image.py:13: UserWarning: Failed to load image Python extension: '/opt/conda/lib/python3.10/site-packages/torchvision/image.so: undefined symbol: _ZN3c1017RegisterOperatorsD1Ev'If you don't plan on using image functionality from `torchvision.io`, you can ignore this warning. Otherwise, there might be something wrong with your environment. Did you have `libjpeg` or `libpng` installed before building `torchvision` from source?
  warn(

W0325 23:05:05.811071 1221325 warnings.py:109] /opt/conda/lib/python3.10/site-packages/compressai/models/video/google.py:353: FutureWarning: `torch.cuda.amp.autocast(args...)` is deprecated. Please use `torch.amp.autocast('cuda', args...)` instead.
  @amp.autocast(enabled=False)

I0325 23:05:05.815662 975333 quantize_finetune_llama.py:209] layer 30 gpu 0
I0325 23:05:05.829807 1221325 data_utils.py:336] using 256 training seqs, 128 validation seqs
The attention layers in this model are transitioning from computing the RoPE embeddings internally through `position_ids` (2D tensor with the indexes of the tokens), to using externally computed `position_embeddings` (Tuple of tensors, containing cos and sin). In v4.46 `position_ids` will be removed and `position_embeddings` will be mandatory.
I0325 23:05:12.754573 1221325 finetune.py:45] layer 29_v initial loss 0.00018263769743498415
W0325 23:05:12.754806 1221325 warnings.py:109] /workspace/Weight_compression/comp_lm_qtip/lib/algo/finetune.py:46: FutureWarning: `torch.cuda.amp.GradScaler(args...)` is deprecated. Please use `torch.amp.GradScaler('cuda', args...)` instead.
  scaler = torch.cuda.amp.GradScaler(enabled=(orig_dtype==torch.float16))

I0325 23:05:22.063467 1220501 finetune.py:68] layer 28_v @ epoch 1 new loss 9.645658428780735e-05 old loss 0.00010302125883754343 BETTER
I0325 23:05:46.229497 1221325 finetune.py:68] layer 29_v @ epoch 0 new loss 0.00011315396113786846 old loss 0.00018263769743498415 BETTER
I0325 23:05:59.481794 1220501 finetune.py:68] layer 28_v @ epoch 2 new loss 9.277969365939498e-05 old loss 9.645658428780735e-05 BETTER
I0325 23:06:20.776696 1221325 finetune.py:68] layer 29_v @ epoch 1 new loss 0.00010715088137658313 old loss 0.00011315396113786846 BETTER
I0325 23:06:36.800869 1220501 finetune.py:68] layer 28_v @ epoch 3 new loss 9.016053809318691e-05 old loss 9.277969365939498e-05 BETTER
I0325 23:06:55.574443 1221325 finetune.py:68] layer 29_v @ epoch 2 new loss 0.00010367251525167376 old loss 0.00010715088137658313 BETTER
I0325 23:07:14.356748 1220501 finetune.py:68] layer 28_v @ epoch 4 new loss 8.844651893014088e-05 old loss 9.016053809318691e-05 BETTER
I0325 23:07:24.149382 1220501 finetune.py:45] layer 28_q initial loss 0.00012366128794383258
I0325 23:07:30.801214 1221325 finetune.py:68] layer 29_v @ epoch 3 new loss 0.00010184964048676193 old loss 0.00010367251525167376 BETTER
I0325 23:08:00.225188 1220501 finetune.py:68] layer 28_q @ epoch 0 new loss 0.00011437475041020662 old loss 0.00012366128794383258 BETTER
I0325 23:08:05.828291 1221325 finetune.py:68] layer 29_v @ epoch 4 new loss 0.00010006674710894004 old loss 0.00010184964048676193 BETTER
I0325 23:08:15.364765 1221325 finetune.py:45] layer 29_q initial loss 0.00019712721405085176
I0325 23:08:37.091007 1220501 finetune.py:68] layer 28_q @ epoch 1 new loss 0.00011158018605783582 old loss 0.00011437475041020662 BETTER
I0325 23:08:49.042483 1221325 finetune.py:68] layer 29_q @ epoch 0 new loss 0.00016787106869742274 old loss 0.00019712721405085176 BETTER
I0325 23:09:13.808486 1220501 finetune.py:68] layer 28_q @ epoch 2 new loss 0.00010950497380690649 old loss 0.00011158018605783582 BETTER
I0325 23:09:23.475528 1221325 finetune.py:68] layer 29_q @ epoch 1 new loss 0.00016120605869218707 old loss 0.00016787106869742274 BETTER
I0325 23:09:50.566913 1220501 finetune.py:68] layer 28_q @ epoch 3 new loss 0.00010786577331600711 old loss 0.00010950497380690649 BETTER
I0325 23:09:57.813512 1221325 finetune.py:68] layer 29_q @ epoch 2 new loss 0.00015679259377066046 old loss 0.00016120605869218707 BETTER
I0325 23:10:27.372263 1220501 finetune.py:68] layer 28_q @ epoch 4 new loss 0.00010649242904037237 old loss 0.00010786577331600711 BETTER
I0325 23:10:32.204585 1221325 finetune.py:68] layer 29_q @ epoch 3 new loss 0.00015329652524087578 old loss 0.00015679259377066046 BETTER
I0325 23:10:35.571167 1220501 finetune.py:45] layer 28_k initial loss 0.00011980195995420218
I0325 23:11:06.673898 1221325 finetune.py:68] layer 29_q @ epoch 4 new loss 0.0001506769476691261 old loss 0.00015329652524087578 BETTER
I0325 23:11:11.172042 1220501 finetune.py:68] layer 28_k @ epoch 0 new loss 0.00011746611562557518 old loss 0.00011980195995420218 BETTER
I0325 23:11:14.610745 1221325 finetune.py:45] layer 29_k initial loss 0.00017268701049033552
I0325 23:11:47.688349 1220501 finetune.py:68] layer 28_k @ epoch 1 new loss 0.00011641686432994902 old loss 0.00011746611562557518 BETTER
I0325 23:11:48.207576 1221325 finetune.py:68] layer 29_k @ epoch 0 new loss 0.0001679080887697637 old loss 0.00017268701049033552 BETTER
I0325 23:12:22.483002 1221325 finetune.py:68] layer 29_k @ epoch 1 new loss 0.00016582533135078847 old loss 0.0001679080887697637 BETTER
I0325 23:12:24.178282 1220501 finetune.py:68] layer 28_k @ epoch 2 new loss 0.00011562490544747561 old loss 0.00011641686432994902 BETTER
I0325 23:12:56.960414 1221325 finetune.py:68] layer 29_k @ epoch 2 new loss 0.00016429850074928254 old loss 0.00016582533135078847 BETTER
I0325 23:13:00.793270 1220501 finetune.py:68] layer 28_k @ epoch 3 new loss 0.00011482773697935045 old loss 0.00011562490544747561 BETTER
I0325 23:13:31.637421 1221325 finetune.py:68] layer 29_k @ epoch 3 new loss 0.00016299766139127314 old loss 0.00016429850074928254 BETTER
I0325 23:13:37.587864 1220501 finetune.py:68] layer 28_k @ epoch 4 new loss 0.00011427636491134763 old loss 0.00011482773697935045 BETTER
I0325 23:13:47.403198 1220501 finetune.py:45] layer 28_o initial loss 0.00034587044501677155
I0325 23:14:06.119131 1221325 finetune.py:68] layer 29_k @ epoch 4 new loss 0.00016195604985114187 old loss 0.00016299766139127314 BETTER
I0325 23:14:15.532744 1221325 finetune.py:45] layer 29_o initial loss 0.00041029779822565615
I0325 23:14:22.854372 1220501 finetune.py:68] layer 28_o @ epoch 0 new loss 0.00031770390341989696 old loss 0.00034587044501677155 BETTER
I0325 23:14:48.729250 1221325 finetune.py:68] layer 29_o @ epoch 0 new loss 0.00037762350984849036 old loss 0.00041029779822565615 BETTER
I0325 23:14:58.698037 1220501 finetune.py:68] layer 28_o @ epoch 1 new loss 0.00030837368103675544 old loss 0.00031770390341989696 BETTER
I0325 23:15:22.787904 1221325 finetune.py:68] layer 29_o @ epoch 1 new loss 0.0003676731139421463 old loss 0.00037762350984849036 BETTER
I0325 23:15:34.654172 1220501 finetune.py:68] layer 28_o @ epoch 2 new loss 0.0003014664980582893 old loss 0.00030837368103675544 BETTER
I0325 23:15:56.773056 1221325 finetune.py:68] layer 29_o @ epoch 2 new loss 0.0003613425069488585 old loss 0.0003676731139421463 BETTER
I0325 23:16:10.598509 1220501 finetune.py:68] layer 28_o @ epoch 3 new loss 0.000296199694275856 old loss 0.0003014664980582893 BETTER
I0325 23:16:30.672006 1221325 finetune.py:68] layer 29_o @ epoch 3 new loss 0.0003559183678589761 old loss 0.0003613425069488585 BETTER
I0325 23:16:46.510324 1220501 finetune.py:68] layer 28_o @ epoch 4 new loss 0.00029185437597334385 old loss 0.000296199694275856 BETTER
I0325 23:17:04.545849 1221325 finetune.py:68] layer 29_o @ epoch 4 new loss 0.00035171012859791517 old loss 0.0003559183678589761 BETTER
I0325 23:17:08.985382 1220501 finetune.py:45] layer 28_up initial loss 0.0008229211089201272
I0325 23:17:26.199223 1221325 finetune.py:45] layer 29_up initial loss 0.0011085143778473139
I0325 23:17:41.530162 1220501 finetune.py:68] layer 28_up @ epoch 0 new loss 0.0007873148424550891 old loss 0.0008229211089201272 BETTER
I0325 23:17:57.053862 1221325 finetune.py:68] layer 29_up @ epoch 0 new loss 0.0010495927417650819 old loss 0.0011085143778473139 BETTER
I0325 23:18:14.917569 1220501 finetune.py:68] layer 28_up @ epoch 1 new loss 0.0007730005891062319 old loss 0.0007873148424550891 BETTER
I0325 23:18:29.076587 1221325 finetune.py:68] layer 29_up @ epoch 1 new loss 0.001027253339998424 old loss 0.0010495927417650819 BETTER
I0325 23:18:48.612237 1220501 finetune.py:68] layer 28_up @ epoch 2 new loss 0.0007622925913892686 old loss 0.0007730005891062319 BETTER
I0325 23:19:01.193204 1221325 finetune.py:68] layer 29_up @ epoch 2 new loss 0.00101115508005023 old loss 0.001027253339998424 BETTER
I0325 23:19:22.402288 1220501 finetune.py:68] layer 28_up @ epoch 3 new loss 0.0007536251214332879 old loss 0.0007622925913892686 BETTER
I0325 23:19:33.303745 1221325 finetune.py:68] layer 29_up @ epoch 3 new loss 0.000997892813757062 old loss 0.00101115508005023 BETTER
I0325 23:19:56.338749 1220501 finetune.py:68] layer 28_up @ epoch 4 new loss 0.000746109988540411 old loss 0.0007536251214332879 BETTER
I0325 23:20:05.426531 1221325 finetune.py:68] layer 29_up @ epoch 4 new loss 0.0009868824854493141 old loss 0.000997892813757062 BETTER
I0325 23:20:18.260600 1220501 finetune.py:45] layer 28_gate initial loss 0.0010032739955931902
I0325 23:20:27.335925 1221325 finetune.py:45] layer 29_gate initial loss 0.001341744908131659
I0325 23:20:48.622528 1220501 finetune.py:68] layer 28_gate @ epoch 0 new loss 0.0009916307171806693 old loss 0.0010032739955931902 BETTER
I0325 23:20:55.997355 1221325 finetune.py:68] layer 29_gate @ epoch 0 new loss 0.0013232267228886485 old loss 0.001341744908131659 BETTER
I0325 23:21:19.959018 1220501 finetune.py:68] layer 28_gate @ epoch 1 new loss 0.0009843568550422788 old loss 0.0009916307171806693 BETTER
I0325 23:21:25.602372 1221325 finetune.py:68] layer 29_gate @ epoch 1 new loss 0.0013125173281878233 old loss 0.0013232267228886485 BETTER
I0325 23:21:51.278115 1220501 finetune.py:68] layer 28_gate @ epoch 2 new loss 0.0009780239779502153 old loss 0.0009843568550422788 BETTER
I0325 23:21:55.389207 1221325 finetune.py:68] layer 29_gate @ epoch 2 new loss 0.0013037753524258733 old loss 0.0013125173281878233 BETTER
I0325 23:22:22.919700 1220501 finetune.py:68] layer 28_gate @ epoch 3 new loss 0.0009727111901156604 old loss 0.0009780239779502153 BETTER
I0325 23:22:25.146049 1221325 finetune.py:68] layer 29_gate @ epoch 3 new loss 0.0012958983425050974 old loss 0.0013037753524258733 BETTER
I0325 23:22:54.689077 1220501 finetune.py:68] layer 28_gate @ epoch 4 new loss 0.0009677846101112664 old loss 0.0009727111901156604 BETTER
I0325 23:22:54.963130 1221325 finetune.py:68] layer 29_gate @ epoch 4 new loss 0.0012891382211819291 old loss 0.0012958983425050974 BETTER
I0325 23:23:17.424818 1221325 finetune.py:45] layer 29_down initial loss 0.0022597224451601505
I0325 23:23:17.603961 1220501 finetune.py:45] layer 28_down initial loss 0.0016503303777426481
I0325 23:23:44.365974 1221325 finetune.py:68] layer 29_down @ epoch 0 new loss 0.0022590605076402426 old loss 0.0022597224451601505 BETTER
I0325 23:23:46.238142 1220501 finetune.py:68] layer 28_down @ epoch 0 new loss 0.0016500558704137802 old loss 0.0016503303777426481 BETTER
I0325 23:24:12.077262 1221325 finetune.py:68] layer 29_down @ epoch 1 new loss 0.002258479595184326 old loss 0.0022590605076402426 BETTER
I0325 23:24:15.647233 1220501 finetune.py:68] layer 28_down @ epoch 1 new loss 0.0016498132608830929 old loss 0.0016500558704137802 BETTER
I0325 23:24:39.899571 1221325 finetune.py:68] layer 29_down @ epoch 2 new loss 0.002257970627397299 old loss 0.002258479595184326 BETTER
I0325 23:24:45.085888 1220501 finetune.py:68] layer 28_down @ epoch 2 new loss 0.0016495853196829557 old loss 0.0016498132608830929 BETTER
I0325 23:25:07.912813 1221325 finetune.py:68] layer 29_down @ epoch 3 new loss 0.0022575007751584053 old loss 0.002257970627397299 BETTER
I0325 23:25:14.616482 1220501 finetune.py:68] layer 28_down @ epoch 3 new loss 0.0016493859002366662 old loss 0.0016495853196829557 BETTER
I0325 23:25:35.960355 1221325 finetune.py:68] layer 29_down @ epoch 4 new loss 0.002257079351693392 old loss 0.0022575007751584053 BETTER
29_v proxy err 0.024191314354538918 tr(WHW.T) 850.4290161132812
bpp_loss 2.8044910430908203
29_q proxy err 0.004441418685019016 tr(WHW.T) 20669.4453125
bpp_loss 2.964335799217224
29_k proxy err 0.0015895467950031161 tr(WHW.T) 16462.392578125
bpp_loss 3.7488839626312256
29_o proxy err 0.022187594324350357 tr(WHW.T) 3112.523193359375
bpp_loss 2.595513701438904
29_up proxy err 0.025806086137890816 tr(WHW.T) 12855.7041015625
bpp_loss 2.5602239881243025
29_gate proxy err 0.0093216048553586 tr(WHW.T) 38147.59765625
bpp_loss 2.8351364135742188
29_down proxy err 0.03172048181295395 tr(WHW.T) 7641.96728515625
bpp_loss 2.5269740309034074
I0325 23:25:44.338157 1220501 finetune.py:68] layer 28_down @ epoch 4 new loss 0.001649200450628996 old loss 0.0016493859002366662 BETTER
28_v proxy err 0.030978430062532425 tr(WHW.T) 601.4844360351562
bpp_loss 2.7394168376922607
28_q proxy err 0.003534297225996852 tr(WHW.T) 23196.9453125
bpp_loss 2.9727929830551147
28_k proxy err 0.001519892131909728 tr(WHW.T) 15068.578125
bpp_loss 3.674659490585327
28_o proxy err 0.032258693128824234 tr(WHW.T) 2525.586181640625
bpp_loss 2.563110589981079
28_up proxy err 0.03187992796301842 tr(WHW.T) 10244.7470703125
bpp_loss 2.5281930650983537
28_gate proxy err 0.009880967438220978 tr(WHW.T) 35764.015625
bpp_loss 2.843986919948033
28_down proxy err 0.03628622740507126 tr(WHW.T) 7370.9970703125
bpp_loss 2.5138136999947682
I0325 23:26:52.067468 975333 quantize_finetune_llama.py:240] computed original embedding for layer 30 in 62.82428526878357s
I0325 23:26:55.508251 1237042 config.py:54] PyTorch version 2.6.0 available.
W0325 23:26:55.805487 1237042 warnings.py:109] /opt/conda/lib/python3.10/site-packages/torchvision/io/image.py:13: UserWarning: Failed to load image Python extension: '/opt/conda/lib/python3.10/site-packages/torchvision/image.so: undefined symbol: _ZN3c1017RegisterOperatorsD1Ev'If you don't plan on using image functionality from `torchvision.io`, you can ignore this warning. Otherwise, there might be something wrong with your environment. Did you have `libjpeg` or `libpng` installed before building `torchvision` from source?
  warn(

W0325 23:26:56.734440 1237042 warnings.py:109] /opt/conda/lib/python3.10/site-packages/compressai/models/video/google.py:353: FutureWarning: `torch.cuda.amp.autocast(args...)` is deprecated. Please use `torch.amp.autocast('cuda', args...)` instead.
  @amp.autocast(enabled=False)

I0325 23:26:56.738553 975333 quantize_finetune_llama.py:209] layer 31 gpu 1
I0325 23:26:56.760198 1237042 data_utils.py:336] using 256 training seqs, 128 validation seqs
The attention layers in this model are transitioning from computing the RoPE embeddings internally through `position_ids` (2D tensor with the indexes of the tokens), to using externally computed `position_embeddings` (Tuple of tensors, containing cos and sin). In v4.46 `position_ids` will be removed and `position_embeddings` will be mandatory.
I0325 23:27:04.284608 1237042 finetune.py:45] layer 30_v initial loss 0.00033520147553645074
W0325 23:27:04.284819 1237042 warnings.py:109] /workspace/Weight_compression/comp_lm_qtip/lib/algo/finetune.py:46: FutureWarning: `torch.cuda.amp.GradScaler(args...)` is deprecated. Please use `torch.amp.GradScaler('cuda', args...)` instead.
  scaler = torch.cuda.amp.GradScaler(enabled=(orig_dtype==torch.float16))

I0325 23:27:40.218733 1237042 finetune.py:68] layer 30_v @ epoch 0 new loss 0.00021191111591178924 old loss 0.00033520147553645074 BETTER
I0325 23:27:58.663913 975333 quantize_finetune_llama.py:240] computed original embedding for layer 31 in 61.47942805290222s
I0325 23:28:02.089875 1237874 config.py:54] PyTorch version 2.6.0 available.
W0325 23:28:02.388820 1237874 warnings.py:109] /opt/conda/lib/python3.10/site-packages/torchvision/io/image.py:13: UserWarning: Failed to load image Python extension: '/opt/conda/lib/python3.10/site-packages/torchvision/image.so: undefined symbol: _ZN3c1017RegisterOperatorsD1Ev'If you don't plan on using image functionality from `torchvision.io`, you can ignore this warning. Otherwise, there might be something wrong with your environment. Did you have `libjpeg` or `libpng` installed before building `torchvision` from source?
  warn(

W0325 23:28:03.330923 1237874 warnings.py:109] /opt/conda/lib/python3.10/site-packages/compressai/models/video/google.py:353: FutureWarning: `torch.cuda.amp.autocast(args...)` is deprecated. Please use `torch.amp.autocast('cuda', args...)` instead.
  @amp.autocast(enabled=False)

I0325 23:28:03.348260 1237874 data_utils.py:336] using 256 training seqs, 128 validation seqs
The attention layers in this model are transitioning from computing the RoPE embeddings internally through `position_ids` (2D tensor with the indexes of the tokens), to using externally computed `position_embeddings` (Tuple of tensors, containing cos and sin). In v4.46 `position_ids` will be removed and `position_embeddings` will be mandatory.
I0325 23:28:10.226846 1237874 finetune.py:45] layer 31_v initial loss 0.000834841572213918
W0325 23:28:10.227136 1237874 warnings.py:109] /workspace/Weight_compression/comp_lm_qtip/lib/algo/finetune.py:46: FutureWarning: `torch.cuda.amp.GradScaler(args...)` is deprecated. Please use `torch.amp.GradScaler('cuda', args...)` instead.
  scaler = torch.cuda.amp.GradScaler(enabled=(orig_dtype==torch.float16))

I0325 23:28:17.428229 1237042 finetune.py:68] layer 30_v @ epoch 1 new loss 0.00019838157459162176 old loss 0.00021191111591178924 BETTER
I0325 23:28:43.782686 1237874 finetune.py:68] layer 31_v @ epoch 0 new loss 0.0003727848525159061 old loss 0.000834841572213918 BETTER
I0325 23:28:54.847437 1237042 finetune.py:68] layer 30_v @ epoch 2 new loss 0.0001907623664010316 old loss 0.00019838157459162176 BETTER
I0325 23:29:18.490522 1237874 finetune.py:68] layer 31_v @ epoch 1 new loss 0.000343636202160269 old loss 0.0003727848525159061 BETTER
I0325 23:29:32.306626 1237042 finetune.py:68] layer 30_v @ epoch 3 new loss 0.0001859692856669426 old loss 0.0001907623664010316 BETTER
I0325 23:29:53.482654 1237874 finetune.py:68] layer 31_v @ epoch 2 new loss 0.0003326202277094126 old loss 0.000343636202160269 BETTER
I0325 23:30:09.731428 1237042 finetune.py:68] layer 30_v @ epoch 4 new loss 0.00018166482914239168 old loss 0.0001859692856669426 BETTER
I0325 23:30:19.835900 1237042 finetune.py:45] layer 30_q initial loss 0.0002599262516014278
I0325 23:30:28.676525 1237874 finetune.py:68] layer 31_v @ epoch 3 new loss 0.00031317435787059367 old loss 0.0003326202277094126 BETTER
I0325 23:30:55.948423 1237042 finetune.py:68] layer 30_q @ epoch 0 new loss 0.00023372078430838883 old loss 0.0002599262516014278 BETTER
I0325 23:31:03.876810 1237874 finetune.py:76] layer 31_v @ epoch 4 new loss 0.00031498787575401366 old loss 0.00031317435787059367 WORSE
I0325 23:31:12.957571 1237874 finetune.py:45] layer 31_q initial loss 0.0006405984750017524
I0325 23:31:32.845984 1237042 finetune.py:68] layer 30_q @ epoch 1 new loss 0.00022813075338490307 old loss 0.00023372078430838883 BETTER
I0325 23:31:46.938600 1237874 finetune.py:68] layer 31_q @ epoch 0 new loss 0.00044519518269225955 old loss 0.0006405984750017524 BETTER
I0325 23:32:09.622158 1237042 finetune.py:68] layer 30_q @ epoch 2 new loss 0.00022433082631323487 old loss 0.00022813075338490307 BETTER
