I0327 20:41:14.353429 2041475 utils.py:146] Note: detected 128 virtual cores but NumExpr set to maximum of 64, check "NUMEXPR_MAX_THREADS" environment variable.
I0327 20:41:14.353532 2041475 utils.py:149] Note: NumExpr detected 128 cores but "NUMEXPR_MAX_THREADS" not set, so enforcing safe limit of 16.
I0327 20:41:14.353570 2041475 utils.py:162] NumExpr defaulting to 16 threads.
I0327 20:41:14.674706 2041475 config.py:54] PyTorch version 2.6.0 available.
W0327 20:41:14.862457 2041475 warnings.py:109] /opt/conda/lib/python3.10/site-packages/torchvision/io/image.py:13: UserWarning: Failed to load image Python extension: '/opt/conda/lib/python3.10/site-packages/torchvision/image.so: undefined symbol: _ZN3c1017RegisterOperatorsD1Ev'If you don't plan on using image functionality from `torchvision.io`, you can ignore this warning. Otherwise, there might be something wrong with your environment. Did you have `libjpeg` or `libpng` installed before building `torchvision` from source?
  warn(

W0327 20:41:15.416847 2041475 warnings.py:109] /opt/conda/lib/python3.10/site-packages/compressai/models/video/google.py:353: FutureWarning: `torch.cuda.amp.autocast(args...)` is deprecated. Please use `torch.amp.autocast('cuda', args...)` instead.
  @amp.autocast(enabled=False)

Loading checkpoint shards:   0%|          | 0/7 [00:00<?, ?it/s]Loading checkpoint shards:  14%|█▍        | 1/7 [00:00<00:00,  7.13it/s]Loading checkpoint shards:  29%|██▊       | 2/7 [00:00<00:00,  7.64it/s]Loading checkpoint shards:  43%|████▎     | 3/7 [00:00<00:00,  7.83it/s]Loading checkpoint shards:  57%|█████▋    | 4/7 [00:00<00:00,  7.95it/s]Loading checkpoint shards:  71%|███████▏  | 5/7 [00:00<00:00,  7.64it/s]Loading checkpoint shards:  86%|████████▌ | 6/7 [00:00<00:00,  7.81it/s]Loading checkpoint shards: 100%|██████████| 7/7 [00:00<00:00,  7.98it/s]Loading checkpoint shards: 100%|██████████| 7/7 [00:00<00:00,  7.83it/s]
I0327 20:41:16.879382 2041475 quantize_finetune_llama.py:150] loaded model
calculating model weight mean & std:   0%|          | 0/32 [00:00<?, ?it/s]calculating model weight mean & std:   3%|▎         | 1/32 [00:00<00:21,  1.42it/s]calculating model weight mean & std:   6%|▋         | 2/32 [00:01<00:17,  1.69it/s]calculating model weight mean & std:   9%|▉         | 3/32 [00:01<00:16,  1.80it/s]calculating model weight mean & std:  12%|█▎        | 4/32 [00:02<00:14,  1.87it/s]calculating model weight mean & std:  16%|█▌        | 5/32 [00:02<00:14,  1.89it/s]calculating model weight mean & std:  19%|█▉        | 6/32 [00:03<00:13,  1.89it/s]calculating model weight mean & std:  22%|██▏       | 7/32 [00:03<00:13,  1.89it/s]calculating model weight mean & std:  25%|██▌       | 8/32 [00:04<00:12,  1.90it/s]calculating model weight mean & std:  28%|██▊       | 9/32 [00:04<00:12,  1.90it/s]calculating model weight mean & std:  31%|███▏      | 10/32 [00:05<00:11,  1.91it/s]calculating model weight mean & std:  34%|███▍      | 11/32 [00:05<00:10,  1.92it/s]calculating model weight mean & std:  38%|███▊      | 12/32 [00:06<00:10,  1.92it/s]calculating model weight mean & std:  41%|████      | 13/32 [00:06<00:09,  1.92it/s]calculating model weight mean & std:  44%|████▍     | 14/32 [00:07<00:09,  1.92it/s]calculating model weight mean & std:  47%|████▋     | 15/32 [00:07<00:08,  1.93it/s]calculating model weight mean & std:  50%|█████     | 16/32 [00:08<00:08,  1.92it/s]calculating model weight mean & std:  53%|█████▎    | 17/32 [00:09<00:07,  1.93it/s]calculating model weight mean & std:  56%|█████▋    | 18/32 [00:09<00:07,  1.94it/s]calculating model weight mean & std:  59%|█████▉    | 19/32 [00:10<00:06,  1.94it/s]calculating model weight mean & std:  62%|██████▎   | 20/32 [00:10<00:06,  1.94it/s]calculating model weight mean & std:  66%|██████▌   | 21/32 [00:11<00:05,  1.94it/s]calculating model weight mean & std:  69%|██████▉   | 22/32 [00:11<00:05,  1.94it/s]calculating model weight mean & std:  72%|███████▏  | 23/32 [00:12<00:04,  1.95it/s]calculating model weight mean & std:  75%|███████▌  | 24/32 [00:12<00:04,  1.95it/s]calculating model weight mean & std:  78%|███████▊  | 25/32 [00:13<00:03,  1.96it/s]calculating model weight mean & std:  81%|████████▏ | 26/32 [00:13<00:02,  2.02it/s]calculating model weight mean & std:  84%|████████▍ | 27/32 [00:14<00:02,  2.08it/s]calculating model weight mean & std:  88%|████████▊ | 28/32 [00:14<00:01,  2.11it/s]calculating model weight mean & std:  91%|█████████ | 29/32 [00:14<00:01,  2.13it/s]calculating model weight mean & std:  94%|█████████▍| 30/32 [00:15<00:00,  2.14it/s]calculating model weight mean & std:  97%|█████████▋| 31/32 [00:15<00:00,  2.15it/s]calculating model weight mean & std: 100%|██████████| 32/32 [00:16<00:00,  2.18it/s]calculating model weight mean & std: 100%|██████████| 32/32 [00:16<00:00,  1.96it/s]
I0327 20:41:38.751873 2041475 quantize_finetune_llama.py:185] loaded compression model
I0327 20:41:57.182034 2041475 quantize_finetune_llama.py:189] loaded dataset and devset
I0327 20:42:02.339121 2041475 quantize_finetune_llama.py:209] layer 0 gpu 0
The attention layers in this model are transitioning from computing the RoPE embeddings internally through `position_ids` (2D tensor with the indexes of the tokens), to using externally computed `position_embeddings` (Tuple of tensors, containing cos and sin). In v4.46 `position_ids` will be removed and `position_embeddings` will be mandatory.
I0327 20:43:01.755626 2041475 quantize_finetune_llama.py:240] computed original embedding for layer 0 in 59.26975107192993s
tensor(-4.7143e-06) tensor(0.0125)
tensor(0.0125) tensor(-4.7143e-06)
huggingface/tokenizers: The current process just got forked, after parallelism has already been used. Disabling parallelism to avoid deadlocks...
To disable this warning, you can either:
	- Avoid using `tokenizers` before the fork if possible
	- Explicitly set the environment variable TOKENIZERS_PARALLELISM=(true | false)
I0327 20:43:27.883576 2041604 utils.py:146] Note: detected 128 virtual cores but NumExpr set to maximum of 64, check "NUMEXPR_MAX_THREADS" environment variable.
I0327 20:43:27.883675 2041604 utils.py:149] Note: NumExpr detected 128 cores but "NUMEXPR_MAX_THREADS" not set, so enforcing safe limit of 16.
I0327 20:43:27.883713 2041604 utils.py:162] NumExpr defaulting to 16 threads.
I0327 20:43:28.204759 2041604 config.py:54] PyTorch version 2.6.0 available.
W0327 20:43:28.390087 2041604 warnings.py:109] /opt/conda/lib/python3.10/site-packages/torchvision/io/image.py:13: UserWarning: Failed to load image Python extension: '/opt/conda/lib/python3.10/site-packages/torchvision/image.so: undefined symbol: _ZN3c1017RegisterOperatorsD1Ev'If you don't plan on using image functionality from `torchvision.io`, you can ignore this warning. Otherwise, there might be something wrong with your environment. Did you have `libjpeg` or `libpng` installed before building `torchvision` from source?
  warn(

W0327 20:43:28.928184 2041604 warnings.py:109] /opt/conda/lib/python3.10/site-packages/compressai/models/video/google.py:353: FutureWarning: `torch.cuda.amp.autocast(args...)` is deprecated. Please use `torch.amp.autocast('cuda', args...)` instead.
  @amp.autocast(enabled=False)

I0327 20:43:28.943238 2041475 quantize_finetune_llama.py:209] layer 1 gpu 1
I0327 20:43:28.945768 2041604 data_utils.py:336] using 256 training seqs, 128 validation seqs
The attention layers in this model are transitioning from computing the RoPE embeddings internally through `position_ids` (2D tensor with the indexes of the tokens), to using externally computed `position_embeddings` (Tuple of tensors, containing cos and sin). In v4.46 `position_ids` will be removed and `position_embeddings` will be mandatory.
I0327 20:43:45.062828 2041604 finetune.py:45] layer 0_v initial loss 3.4173692711192416e-06
W0327 20:43:45.063081 2041604 warnings.py:109] /workspace/Weight_compression/comp_lm_qtip/lib/algo/finetune.py:46: FutureWarning: `torch.cuda.amp.GradScaler(args...)` is deprecated. Please use `torch.amp.GradScaler('cuda', args...)` instead.
  scaler = torch.cuda.amp.GradScaler(enabled=(orig_dtype==torch.float16))

I0327 20:44:19.540306 2041604 finetune.py:68] layer 0_v @ epoch 0 new loss 3.03671686197049e-06 old loss 3.4173692711192416e-06 BETTER
I0327 20:44:23.603774 2041475 quantize_finetune_llama.py:240] computed original embedding for layer 1 in 54.4962317943573s
I0327 20:44:35.347640 2041676 utils.py:146] Note: detected 128 virtual cores but NumExpr set to maximum of 64, check "NUMEXPR_MAX_THREADS" environment variable.
I0327 20:44:35.347743 2041676 utils.py:149] Note: NumExpr detected 128 cores but "NUMEXPR_MAX_THREADS" not set, so enforcing safe limit of 16.
I0327 20:44:35.347782 2041676 utils.py:162] NumExpr defaulting to 16 threads.
I0327 20:44:35.699677 2041676 config.py:54] PyTorch version 2.6.0 available.
W0327 20:44:35.890814 2041676 warnings.py:109] /opt/conda/lib/python3.10/site-packages/torchvision/io/image.py:13: UserWarning: Failed to load image Python extension: '/opt/conda/lib/python3.10/site-packages/torchvision/image.so: undefined symbol: _ZN3c1017RegisterOperatorsD1Ev'If you don't plan on using image functionality from `torchvision.io`, you can ignore this warning. Otherwise, there might be something wrong with your environment. Did you have `libjpeg` or `libpng` installed before building `torchvision` from source?
  warn(

W0327 20:44:36.468618 2041676 warnings.py:109] /opt/conda/lib/python3.10/site-packages/compressai/models/video/google.py:353: FutureWarning: `torch.cuda.amp.autocast(args...)` is deprecated. Please use `torch.amp.autocast('cuda', args...)` instead.
  @amp.autocast(enabled=False)

I0327 20:44:36.472861 2041475 quantize_finetune_llama.py:209] layer 2 gpu 2
I0327 20:44:36.486885 2041676 data_utils.py:336] using 256 training seqs, 128 validation seqs
The attention layers in this model are transitioning from computing the RoPE embeddings internally through `position_ids` (2D tensor with the indexes of the tokens), to using externally computed `position_embeddings` (Tuple of tensors, containing cos and sin). In v4.46 `position_ids` will be removed and `position_embeddings` will be mandatory.
I0327 20:44:52.787636 2041676 finetune.py:45] layer 1_v initial loss 2.849926022463478e-05
W0327 20:44:52.787970 2041676 warnings.py:109] /workspace/Weight_compression/comp_lm_qtip/lib/algo/finetune.py:46: FutureWarning: `torch.cuda.amp.GradScaler(args...)` is deprecated. Please use `torch.amp.GradScaler('cuda', args...)` instead.
  scaler = torch.cuda.amp.GradScaler(enabled=(orig_dtype==torch.float16))

I0327 20:44:55.397050 2041604 finetune.py:68] layer 0_v @ epoch 1 new loss 2.9001894290558994e-06 old loss 3.03671686197049e-06 BETTER
I0327 20:45:25.856009 2041676 finetune.py:68] layer 1_v @ epoch 0 new loss 6.339568699331721e-06 old loss 2.849926022463478e-05 BETTER
I0327 20:45:31.910947 2041604 finetune.py:68] layer 0_v @ epoch 2 new loss 2.827410753525328e-06 old loss 2.9001894290558994e-06 BETTER
I0327 20:45:40.663617 2041475 quantize_finetune_llama.py:240] computed original embedding for layer 2 in 63.99306845664978s
I0327 20:45:49.067508 2041748 utils.py:146] Note: detected 128 virtual cores but NumExpr set to maximum of 64, check "NUMEXPR_MAX_THREADS" environment variable.
I0327 20:45:49.067604 2041748 utils.py:149] Note: NumExpr detected 128 cores but "NUMEXPR_MAX_THREADS" not set, so enforcing safe limit of 16.
I0327 20:45:49.067642 2041748 utils.py:162] NumExpr defaulting to 16 threads.
I0327 20:45:49.411432 2041748 config.py:54] PyTorch version 2.6.0 available.
W0327 20:45:49.608036 2041748 warnings.py:109] /opt/conda/lib/python3.10/site-packages/torchvision/io/image.py:13: UserWarning: Failed to load image Python extension: '/opt/conda/lib/python3.10/site-packages/torchvision/image.so: undefined symbol: _ZN3c1017RegisterOperatorsD1Ev'If you don't plan on using image functionality from `torchvision.io`, you can ignore this warning. Otherwise, there might be something wrong with your environment. Did you have `libjpeg` or `libpng` installed before building `torchvision` from source?
  warn(

W0327 20:45:50.188835 2041748 warnings.py:109] /opt/conda/lib/python3.10/site-packages/compressai/models/video/google.py:353: FutureWarning: `torch.cuda.amp.autocast(args...)` is deprecated. Please use `torch.amp.autocast('cuda', args...)` instead.
  @amp.autocast(enabled=False)

I0327 20:45:50.192454 2041475 quantize_finetune_llama.py:209] layer 3 gpu 3
I0327 20:45:50.206073 2041748 data_utils.py:336] using 256 training seqs, 128 validation seqs
I0327 20:46:00.094003 2041676 finetune.py:68] layer 1_v @ epoch 1 new loss 4.548349807009799e-06 old loss 6.339568699331721e-06 BETTER
The attention layers in this model are transitioning from computing the RoPE embeddings internally through `position_ids` (2D tensor with the indexes of the tokens), to using externally computed `position_embeddings` (Tuple of tensors, containing cos and sin). In v4.46 `position_ids` will be removed and `position_embeddings` will be mandatory.
I0327 20:46:06.820650 2041748 finetune.py:45] layer 2_v initial loss 5.802720625069924e-05
W0327 20:46:06.821098 2041748 warnings.py:109] /workspace/Weight_compression/comp_lm_qtip/lib/algo/finetune.py:46: FutureWarning: `torch.cuda.amp.GradScaler(args...)` is deprecated. Please use `torch.amp.GradScaler('cuda', args...)` instead.
  scaler = torch.cuda.amp.GradScaler(enabled=(orig_dtype==torch.float16))

I0327 20:46:08.857642 2041604 finetune.py:68] layer 0_v @ epoch 3 new loss 2.7801975193142425e-06 old loss 2.827410753525328e-06 BETTER
I0327 20:46:34.764633 2041676 finetune.py:68] layer 1_v @ epoch 2 new loss 4.158942829235457e-06 old loss 4.548349807009799e-06 BETTER
I0327 20:46:40.385143 2041748 finetune.py:68] layer 2_v @ epoch 0 new loss 1.0281330105499364e-05 old loss 5.802720625069924e-05 BETTER
I0327 20:46:45.934932 2041604 finetune.py:68] layer 0_v @ epoch 4 new loss 2.744176526903175e-06 old loss 2.7801975193142425e-06 BETTER
I0327 20:46:57.077616 2041475 quantize_finetune_llama.py:240] computed original embedding for layer 3 in 66.65794968605042s
I0327 20:47:06.676124 2041820 utils.py:146] Note: detected 128 virtual cores but NumExpr set to maximum of 64, check "NUMEXPR_MAX_THREADS" environment variable.
I0327 20:47:06.676265 2041820 utils.py:149] Note: NumExpr detected 128 cores but "NUMEXPR_MAX_THREADS" not set, so enforcing safe limit of 16.
I0327 20:47:06.676324 2041820 utils.py:162] NumExpr defaulting to 16 threads.
I0327 20:47:07.060817 2041820 config.py:54] PyTorch version 2.6.0 available.
I0327 20:47:07.086480 2041604 finetune.py:45] layer 0_q initial loss 2.7487076295074075e-06
W0327 20:47:07.280578 2041820 warnings.py:109] /opt/conda/lib/python3.10/site-packages/torchvision/io/image.py:13: UserWarning: Failed to load image Python extension: '/opt/conda/lib/python3.10/site-packages/torchvision/image.so: undefined symbol: _ZN3c1017RegisterOperatorsD1Ev'If you don't plan on using image functionality from `torchvision.io`, you can ignore this warning. Otherwise, there might be something wrong with your environment. Did you have `libjpeg` or `libpng` installed before building `torchvision` from source?
  warn(

W0327 20:47:07.924984 2041820 warnings.py:109] /opt/conda/lib/python3.10/site-packages/compressai/models/video/google.py:353: FutureWarning: `torch.cuda.amp.autocast(args...)` is deprecated. Please use `torch.amp.autocast('cuda', args...)` instead.
  @amp.autocast(enabled=False)

I0327 20:47:07.928843 2041475 quantize_finetune_llama.py:209] layer 4 gpu 0
I0327 20:47:07.942664 2041820 data_utils.py:336] using 256 training seqs, 128 validation seqs
I0327 20:47:09.935157 2041676 finetune.py:68] layer 1_v @ epoch 3 new loss 3.9610254134458955e-06 old loss 4.158942829235457e-06 BETTER
I0327 20:47:15.283686 2041748 finetune.py:68] layer 2_v @ epoch 1 new loss 6.5794060901680496e-06 old loss 1.0281330105499364e-05 BETTER
The attention layers in this model are transitioning from computing the RoPE embeddings internally through `position_ids` (2D tensor with the indexes of the tokens), to using externally computed `position_embeddings` (Tuple of tensors, containing cos and sin). In v4.46 `position_ids` will be removed and `position_embeddings` will be mandatory.
I0327 20:47:24.962400 2041820 finetune.py:45] layer 3_v initial loss 6.514760752907023e-05
W0327 20:47:24.962793 2041820 warnings.py:109] /workspace/Weight_compression/comp_lm_qtip/lib/algo/finetune.py:46: FutureWarning: `torch.cuda.amp.GradScaler(args...)` is deprecated. Please use `torch.amp.GradScaler('cuda', args...)` instead.
  scaler = torch.cuda.amp.GradScaler(enabled=(orig_dtype==torch.float16))

I0327 20:47:42.281136 2041604 finetune.py:68] layer 0_q @ epoch 0 new loss 2.718443511184887e-06 old loss 2.7487076295074075e-06 BETTER
I0327 20:47:44.997383 2041676 finetune.py:68] layer 1_v @ epoch 4 new loss 3.821038717433112e-06 old loss 3.9610254134458955e-06 BETTER
I0327 20:47:50.473904 2041748 finetune.py:68] layer 2_v @ epoch 2 new loss 5.999985660309903e-06 old loss 6.5794060901680496e-06 BETTER
I0327 20:47:57.990179 2041820 finetune.py:68] layer 3_v @ epoch 0 new loss 1.5133184206206352e-05 old loss 6.514760752907023e-05 BETTER
I0327 20:48:04.176773 2041676 finetune.py:45] layer 1_q initial loss 3.886930699081859e-06
I0327 20:48:18.771032 2041604 finetune.py:68] layer 0_q @ epoch 1 new loss 2.6929815248877276e-06 old loss 2.718443511184887e-06 BETTER
I0327 20:48:25.808602 2041748 finetune.py:68] layer 2_v @ epoch 3 new loss 5.806065018987283e-06 old loss 5.999985660309903e-06 BETTER
I0327 20:48:32.287286 2041820 finetune.py:68] layer 3_v @ epoch 1 new loss 1.074167448678054e-05 old loss 1.5133184206206352e-05 BETTER
I0327 20:48:37.800267 2041676 finetune.py:68] layer 1_q @ epoch 0 new loss 3.7460554267454427e-06 old loss 3.886930699081859e-06 BETTER
I0327 20:48:55.629489 2041604 finetune.py:68] layer 0_q @ epoch 2 new loss 2.6707648430601694e-06 old loss 2.6929815248877276e-06 BETTER
I0327 20:49:01.286256 2041748 finetune.py:68] layer 2_v @ epoch 4 new loss 5.684059942723252e-06 old loss 5.806065018987283e-06 BETTER
I0327 20:49:06.844108 2041820 finetune.py:68] layer 3_v @ epoch 2 new loss 9.808762115426362e-06 old loss 1.074167448678054e-05 BETTER
I0327 20:49:12.251467 2041676 finetune.py:68] layer 1_q @ epoch 1 new loss 3.6403839658305515e-06 old loss 3.7460554267454427e-06 BETTER
I0327 20:49:20.248556 2041748 finetune.py:45] layer 2_q initial loss 6.53141114526079e-06
I0327 20:49:32.584345 2041604 finetune.py:68] layer 0_q @ epoch 3 new loss 2.650879196153255e-06 old loss 2.6707648430601694e-06 BETTER
I0327 20:49:41.604212 2041820 finetune.py:68] layer 3_v @ epoch 3 new loss 9.409893209522124e-06 old loss 9.808762115426362e-06 BETTER
I0327 20:49:46.797978 2041676 finetune.py:68] layer 1_q @ epoch 2 new loss 3.5544817365007475e-06 old loss 3.6403839658305515e-06 BETTER
I0327 20:49:54.066501 2041748 finetune.py:68] layer 2_q @ epoch 0 new loss 6.352757736749481e-06 old loss 6.53141114526079e-06 BETTER
I0327 20:50:09.411006 2041604 finetune.py:68] layer 0_q @ epoch 4 new loss 2.632301175253815e-06 old loss 2.650879196153255e-06 BETTER
I0327 20:50:16.372838 2041820 finetune.py:68] layer 3_v @ epoch 4 new loss 9.163508366327733e-06 old loss 9.409893209522124e-06 BETTER
I0327 20:50:21.467287 2041676 finetune.py:68] layer 1_q @ epoch 3 new loss 3.4827410217985744e-06 old loss 3.5544817365007475e-06 BETTER
I0327 20:50:27.125992 2041604 finetune.py:45] layer 0_k initial loss 2.637234047142556e-06
I0327 20:50:28.733953 2041748 finetune.py:68] layer 2_q @ epoch 1 new loss 6.244643827812979e-06 old loss 6.352757736749481e-06 BETTER
I0327 20:50:35.684333 2041820 finetune.py:45] layer 3_q initial loss 1.082211656466825e-05
I0327 20:50:56.018662 2041676 finetune.py:68] layer 1_q @ epoch 4 new loss 3.4222812246298417e-06 old loss 3.4827410217985744e-06 BETTER
I0327 20:51:02.720281 2041604 finetune.py:68] layer 0_k @ epoch 0 new loss 2.620913392092916e-06 old loss 2.637234047142556e-06 BETTER
I0327 20:51:03.765495 2041748 finetune.py:68] layer 2_q @ epoch 2 new loss 6.159331405797275e-06 old loss 6.244643827812979e-06 BETTER
I0327 20:51:08.761592 2041820 finetune.py:68] layer 3_q @ epoch 0 new loss 1.0526751793804578e-05 old loss 1.082211656466825e-05 BETTER
I0327 20:51:13.660376 2041676 finetune.py:45] layer 1_k initial loss 3.5325324461155105e-06
I0327 20:51:38.578094 2041748 finetune.py:68] layer 2_q @ epoch 3 new loss 6.0879256125190295e-06 old loss 6.159331405797275e-06 BETTER
I0327 20:51:39.120055 2041604 finetune.py:68] layer 0_k @ epoch 1 new loss 2.6062980396091007e-06 old loss 2.620913392092916e-06 BETTER
I0327 20:51:42.813115 2041820 finetune.py:68] layer 3_q @ epoch 1 new loss 1.0336809282307513e-05 old loss 1.0526751793804578e-05 BETTER
I0327 20:51:47.341099 2041676 finetune.py:68] layer 1_k @ epoch 0 new loss 3.46081355928618e-06 old loss 3.5325324461155105e-06 BETTER
I0327 20:52:13.698300 2041748 finetune.py:68] layer 2_q @ epoch 4 new loss 6.027618383086519e-06 old loss 6.0879256125190295e-06 BETTER
I0327 20:52:15.707551 2041604 finetune.py:68] layer 0_k @ epoch 2 new loss 2.5928022751031676e-06 old loss 2.6062980396091007e-06 BETTER
I0327 20:52:17.022881 2041820 finetune.py:68] layer 3_q @ epoch 2 new loss 1.0190761713602114e-05 old loss 1.0336809282307513e-05 BETTER
I0327 20:52:21.818998 2041676 finetune.py:68] layer 1_k @ epoch 1 new loss 3.4088818665622966e-06 old loss 3.46081355928618e-06 BETTER
I0327 20:52:31.857661 2041748 finetune.py:45] layer 2_k initial loss 6.349483101075748e-06
I0327 20:52:51.627852 2041820 finetune.py:68] layer 3_q @ epoch 3 new loss 1.0070993994304445e-05 old loss 1.0190761713602114e-05 BETTER
I0327 20:52:52.397373 2041604 finetune.py:68] layer 0_k @ epoch 3 new loss 2.5798774458962725e-06 old loss 2.5928022751031676e-06 BETTER
I0327 20:52:56.196066 2041676 finetune.py:68] layer 1_k @ epoch 2 new loss 3.3640399124124087e-06 old loss 3.4088818665622966e-06 BETTER
I0327 20:53:05.566441 2041748 finetune.py:68] layer 2_k @ epoch 0 new loss 6.271859092521481e-06 old loss 6.349483101075748e-06 BETTER
I0327 20:53:25.982998 2041820 finetune.py:68] layer 3_q @ epoch 4 new loss 9.96118615148589e-06 old loss 1.0070993994304445e-05 BETTER
I0327 20:53:29.322222 2041604 finetune.py:68] layer 0_k @ epoch 4 new loss 2.5678011752461316e-06 old loss 2.5798774458962725e-06 BETTER
I0327 20:53:30.935698 2041676 finetune.py:68] layer 1_k @ epoch 3 new loss 3.327166268718429e-06 old loss 3.3640399124124087e-06 BETTER
I0327 20:53:40.337467 2041748 finetune.py:68] layer 2_k @ epoch 1 new loss 6.223839136509923e-06 old loss 6.271859092521481e-06 BETTER
I0327 20:53:43.930954 2041820 finetune.py:45] layer 3_k initial loss 1.0693989679566585e-05
I0327 20:53:48.708170 2041604 finetune.py:45] layer 0_o initial loss 4.470127350941766e-06
I0327 20:54:05.477389 2041676 finetune.py:68] layer 1_k @ epoch 4 new loss 3.2901618851610692e-06 old loss 3.327166268718429e-06 BETTER
I0327 20:54:14.945734 2041748 finetune.py:68] layer 2_k @ epoch 2 new loss 6.180250693432754e-06 old loss 6.223839136509923e-06 BETTER
I0327 20:54:17.006453 2041820 finetune.py:68] layer 3_k @ epoch 0 new loss 1.059720671037212e-05 old loss 1.0693989679566585e-05 BETTER
I0327 20:54:23.530751 2041604 finetune.py:68] layer 0_o @ epoch 0 new loss 4.4290750338404905e-06 old loss 4.470127350941766e-06 BETTER
I0327 20:54:24.636396 2041676 finetune.py:45] layer 1_o initial loss 1.3978476090414915e-05
I0327 20:54:50.071421 2041748 finetune.py:68] layer 2_k @ epoch 3 new loss 6.143485279608285e-06 old loss 6.180250693432754e-06 BETTER
I0327 20:54:51.006658 2041820 finetune.py:68] layer 3_k @ epoch 1 new loss 1.0517645023355726e-05 old loss 1.059720671037212e-05 BETTER
I0327 20:54:57.618145 2041676 finetune.py:68] layer 1_o @ epoch 0 new loss 1.2721731764031574e-05 old loss 1.3978476090414915e-05 BETTER
I0327 20:54:59.573964 2041604 finetune.py:68] layer 0_o @ epoch 1 new loss 4.396434633235913e-06 old loss 4.4290750338404905e-06 BETTER
I0327 20:55:24.995541 2041820 finetune.py:68] layer 3_k @ epoch 2 new loss 1.0446831765875686e-05 old loss 1.0517645023355726e-05 BETTER
I0327 20:55:25.093849 2041748 finetune.py:68] layer 2_k @ epoch 4 new loss 6.106631644797744e-06 old loss 6.143485279608285e-06 BETTER
I0327 20:55:31.601279 2041676 finetune.py:68] layer 1_o @ epoch 1 new loss 1.1780426575569436e-05 old loss 1.2721731764031574e-05 BETTER
I0327 20:55:35.681983 2041604 finetune.py:68] layer 0_o @ epoch 2 new loss 4.3691552491509356e-06 old loss 4.396434633235913e-06 BETTER
I0327 20:55:44.475932 2041748 finetune.py:45] layer 2_o initial loss 1.9885079382220283e-05
I0327 20:55:59.037614 2041820 finetune.py:68] layer 3_k @ epoch 3 new loss 1.0384756023995578e-05 old loss 1.0446831765875686e-05 BETTER
I0327 20:56:05.464177 2041676 finetune.py:68] layer 1_o @ epoch 2 new loss 1.1058983545808587e-05 old loss 1.1780426575569436e-05 BETTER
I0327 20:56:11.666523 2041604 finetune.py:68] layer 0_o @ epoch 3 new loss 4.345687102613738e-06 old loss 4.3691552491509356e-06 BETTER
I0327 20:56:17.707771 2041748 finetune.py:68] layer 2_o @ epoch 0 new loss 1.778597288648598e-05 old loss 1.9885079382220283e-05 BETTER
I0327 20:56:33.132353 2041820 finetune.py:68] layer 3_k @ epoch 4 new loss 1.0327801646781154e-05 old loss 1.0384756023995578e-05 BETTER
I0327 20:56:39.558348 2041676 finetune.py:68] layer 1_o @ epoch 3 new loss 1.049631646310445e-05 old loss 1.1058983545808587e-05 BETTER
I0327 20:56:47.776492 2041604 finetune.py:68] layer 0_o @ epoch 4 new loss 4.325262125348672e-06 old loss 4.345687102613738e-06 BETTER
I0327 20:56:51.779064 2041748 finetune.py:68] layer 2_o @ epoch 1 new loss 1.645303564146161e-05 old loss 1.778597288648598e-05 BETTER
I0327 20:56:52.594158 2041820 finetune.py:45] layer 3_o initial loss 2.849791053449735e-05
I0327 20:57:13.518295 2041676 finetune.py:68] layer 1_o @ epoch 4 new loss 1.0060265594802331e-05 old loss 1.049631646310445e-05 BETTER
I0327 20:57:18.890453 2041604 finetune.py:45] layer 0_up initial loss 6.061709882487776e-06
I0327 20:57:24.945413 2041820 finetune.py:68] layer 3_o @ epoch 0 new loss 2.5530676794005558e-05 old loss 2.849791053449735e-05 BETTER
I0327 20:57:25.969648 2041748 finetune.py:68] layer 2_o @ epoch 2 new loss 1.5574198187096044e-05 old loss 1.645303564146161e-05 BETTER
I0327 20:57:43.953459 2041676 finetune.py:45] layer 1_up initial loss 1.3989711078465916e-05
I0327 20:57:51.604255 2041604 finetune.py:68] layer 0_up @ epoch 0 new loss 6.019085958541837e-06 old loss 6.061709882487776e-06 BETTER
I0327 20:57:58.491569 2041820 finetune.py:68] layer 3_o @ epoch 1 new loss 2.430698077660054e-05 old loss 2.5530676794005558e-05 BETTER
I0327 20:58:00.604304 2041748 finetune.py:68] layer 2_o @ epoch 3 new loss 1.497169887443306e-05 old loss 1.5574198187096044e-05 BETTER
I0327 20:58:14.645042 2041676 finetune.py:68] layer 1_up @ epoch 0 new loss 1.3649023458128795e-05 old loss 1.3989711078465916e-05 BETTER
I0327 20:58:25.210204 2041604 finetune.py:68] layer 0_up @ epoch 1 new loss 5.986232281429693e-06 old loss 6.019085958541837e-06 BETTER
I0327 20:58:32.025692 2041820 finetune.py:68] layer 3_o @ epoch 2 new loss 2.3664813852519728e-05 old loss 2.430698077660054e-05 BETTER
I0327 20:58:34.873561 2041748 finetune.py:68] layer 2_o @ epoch 4 new loss 1.453225650038803e-05 old loss 1.497169887443306e-05 BETTER
I0327 20:58:46.357202 2041676 finetune.py:68] layer 1_up @ epoch 1 new loss 1.339495247520972e-05 old loss 1.3649023458128795e-05 BETTER
I0327 20:58:58.666162 2041604 finetune.py:68] layer 0_up @ epoch 2 new loss 5.959630470897537e-06 old loss 5.986232281429693e-06 BETTER
I0327 20:59:05.501521 2041820 finetune.py:68] layer 3_o @ epoch 3 new loss 2.3242148017743602e-05 old loss 2.3664813852519728e-05 BETTER
I0327 20:59:05.514875 2041748 finetune.py:45] layer 2_up initial loss 2.4070217477856204e-05
I0327 20:59:18.353722 2041676 finetune.py:68] layer 1_up @ epoch 2 new loss 1.319035163760418e-05 old loss 1.339495247520972e-05 BETTER
I0327 20:59:32.234042 2041604 finetune.py:68] layer 0_up @ epoch 3 new loss 5.937059995630989e-06 old loss 5.959630470897537e-06 BETTER
I0327 20:59:36.347366 2041748 finetune.py:68] layer 2_up @ epoch 0 new loss 2.3695387426414527e-05 old loss 2.4070217477856204e-05 BETTER
I0327 20:59:39.113245 2041820 finetune.py:68] layer 3_o @ epoch 4 new loss 2.2927702957531437e-05 old loss 2.3242148017743602e-05 BETTER
I0327 20:59:50.504111 2041676 finetune.py:68] layer 1_up @ epoch 3 new loss 1.3024628060520627e-05 old loss 1.319035163760418e-05 BETTER
I0327 21:00:05.877504 2041604 finetune.py:68] layer 0_up @ epoch 4 new loss 5.9180483731324784e-06 old loss 5.937059995630989e-06 BETTER
I0327 21:00:08.537556 2041748 finetune.py:68] layer 2_up @ epoch 1 new loss 2.3423790480592288e-05 old loss 2.3695387426414527e-05 BETTER
I0327 21:00:10.094718 2041820 finetune.py:45] layer 3_up initial loss 4.3873089452972636e-05
I0327 21:00:22.557844 2041676 finetune.py:68] layer 1_up @ epoch 4 new loss 1.2888386663689744e-05 old loss 1.3024628060520627e-05 BETTER
I0327 21:00:37.086008 2041604 finetune.py:45] layer 0_gate initial loss 7.2688058025960345e-06
I0327 21:00:40.426105 2041820 finetune.py:68] layer 3_up @ epoch 0 new loss 4.3493706471053883e-05 old loss 4.3873089452972636e-05 BETTER
I0327 21:00:40.855919 2041748 finetune.py:68] layer 2_up @ epoch 2 new loss 2.3213016902445816e-05 old loss 2.3423790480592288e-05 BETTER
I0327 21:00:53.694728 2041676 finetune.py:45] layer 1_gate initial loss 1.569707819726318e-05
I0327 21:01:07.243332 2041604 finetune.py:68] layer 0_gate @ epoch 0 new loss 7.226049547170987e-06 old loss 7.2688058025960345e-06 BETTER
I0327 21:01:11.794821 2041820 finetune.py:68] layer 3_up @ epoch 1 new loss 4.323717439547181e-05 old loss 4.3493706471053883e-05 BETTER
I0327 21:01:13.110738 2041748 finetune.py:68] layer 2_up @ epoch 3 new loss 2.3040876840241253e-05 old loss 2.3213016902445816e-05 BETTER
I0327 21:01:22.062793 2041676 finetune.py:68] layer 1_gate @ epoch 0 new loss 1.5542911569355056e-05 old loss 1.569707819726318e-05 BETTER
I0327 21:01:38.737400 2041604 finetune.py:68] layer 0_gate @ epoch 1 new loss 7.188805284386035e-06 old loss 7.226049547170987e-06 BETTER
I0327 21:01:43.327080 2041820 finetune.py:68] layer 3_up @ epoch 2 new loss 4.3031748646171764e-05 old loss 4.323717439547181e-05 BETTER
I0327 21:01:45.426375 2041748 finetune.py:68] layer 2_up @ epoch 4 new loss 2.289782241859939e-05 old loss 2.3040876840241253e-05 BETTER
I0327 21:01:51.502936 2041676 finetune.py:68] layer 1_gate @ epoch 1 new loss 1.544375299999956e-05 old loss 1.5542911569355056e-05 BETTER
I0327 21:02:10.251126 2041604 finetune.py:68] layer 0_gate @ epoch 2 new loss 7.156664196372731e-06 old loss 7.188805284386035e-06 BETTER
I0327 21:02:14.764325 2041820 finetune.py:68] layer 3_up @ epoch 3 new loss 4.28561725129839e-05 old loss 4.3031748646171764e-05 BETTER
I0327 21:02:16.292292 2041748 finetune.py:45] layer 2_gate initial loss 2.9266700948937796e-05
I0327 21:02:21.137279 2041676 finetune.py:68] layer 1_gate @ epoch 2 new loss 1.5378516764030792e-05 old loss 1.544375299999956e-05 BETTER
I0327 21:02:41.977437 2041604 finetune.py:68] layer 0_gate @ epoch 3 new loss 7.1291924541583285e-06 old loss 7.156664196372731e-06 BETTER
I0327 21:02:45.237583 2041748 finetune.py:68] layer 2_gate @ epoch 0 new loss 2.9143655410734937e-05 old loss 2.9266700948937796e-05 BETTER
I0327 21:02:46.512023 2041820 finetune.py:68] layer 3_up @ epoch 4 new loss 4.2699582991190255e-05 old loss 4.28561725129839e-05 BETTER
I0327 21:02:51.077484 2041676 finetune.py:68] layer 1_gate @ epoch 3 new loss 1.5325558706535958e-05 old loss 1.5378516764030792e-05 BETTER
I0327 21:03:13.701445 2041604 finetune.py:68] layer 0_gate @ epoch 4 new loss 7.104551968950545e-06 old loss 7.1291924541583285e-06 BETTER
I0327 21:03:15.157494 2041748 finetune.py:68] layer 2_gate @ epoch 1 new loss 2.9036646083113737e-05 old loss 2.9143655410734937e-05 BETTER
I0327 21:03:17.931680 2041820 finetune.py:45] layer 3_gate initial loss 5.306675666361116e-05
I0327 21:03:21.033796 2041676 finetune.py:68] layer 1_gate @ epoch 4 new loss 1.527795393485576e-05 old loss 1.5325558706535958e-05 BETTER
I0327 21:03:45.231844 2041748 finetune.py:68] layer 2_gate @ epoch 2 new loss 2.8941782147740014e-05 old loss 2.9036646083113737e-05 BETTER
I0327 21:03:46.030018 2041820 finetune.py:68] layer 3_gate @ epoch 0 new loss 5.288089960231446e-05 old loss 5.306675666361116e-05 BETTER
I0327 21:04:09.386174 2041604 finetune.py:45] layer 0_down initial loss 1.0612166079226881e-05
I0327 21:04:15.214900 2041820 finetune.py:68] layer 3_gate @ epoch 1 new loss 5.273191709420644e-05 old loss 5.288089960231446e-05 BETTER
I0327 21:04:15.381660 2041748 finetune.py:68] layer 2_gate @ epoch 3 new loss 2.8857339202659205e-05 old loss 2.8941782147740014e-05 BETTER
I0327 21:04:16.149083 2041676 finetune.py:45] layer 1_down initial loss 2.1542515241890214e-05
I0327 21:04:36.831028 2041604 finetune.py:68] layer 0_down @ epoch 0 new loss 1.0594994819257408e-05 old loss 1.0612166079226881e-05 BETTER
I0327 21:04:42.292078 2041676 finetune.py:68] layer 1_down @ epoch 0 new loss 2.1516179913305677e-05 old loss 2.1542515241890214e-05 BETTER
I0327 21:04:44.703250 2041820 finetune.py:68] layer 3_gate @ epoch 2 new loss 5.259592944639735e-05 old loss 5.273191709420644e-05 BETTER
I0327 21:04:45.515062 2041748 finetune.py:68] layer 2_gate @ epoch 4 new loss 2.8777809347957373e-05 old loss 2.8857339202659205e-05 BETTER
I0327 21:05:05.412444 2041604 finetune.py:68] layer 0_down @ epoch 1 new loss 1.0580384696368128e-05 old loss 1.0594994819257408e-05 BETTER
I0327 21:05:09.728730 2041676 finetune.py:68] layer 1_down @ epoch 1 new loss 2.1496027329703793e-05 old loss 2.1516179913305677e-05 BETTER
I0327 21:05:14.026930 2041820 finetune.py:68] layer 3_gate @ epoch 3 new loss 5.2472769311862066e-05 old loss 5.259592944639735e-05 BETTER
I0327 21:05:34.212311 2041604 finetune.py:68] layer 0_down @ epoch 2 new loss 1.0567963727226015e-05 old loss 1.0580384696368128e-05 BETTER
I0327 21:05:37.280085 2041676 finetune.py:68] layer 1_down @ epoch 2 new loss 2.1477688278537244e-05 old loss 2.1496027329703793e-05 BETTER
I0327 21:05:41.464024 2041748 finetune.py:45] layer 2_down initial loss 4.240298585500568e-05
I0327 21:05:43.437520 2041820 finetune.py:68] layer 3_gate @ epoch 4 new loss 5.235630305833183e-05 old loss 5.2472769311862066e-05 BETTER
I0327 21:06:03.079536 2041604 finetune.py:68] layer 0_down @ epoch 3 new loss 1.0557138011790812e-05 old loss 1.0567963727226015e-05 BETTER
I0327 21:06:05.045662 2041676 finetune.py:68] layer 1_down @ epoch 3 new loss 2.146032238670159e-05 old loss 2.1477688278537244e-05 BETTER
I0327 21:06:08.033976 2041748 finetune.py:68] layer 2_down @ epoch 0 new loss 4.236856693751179e-05 old loss 4.240298585500568e-05 BETTER
I0327 21:06:32.270776 2041604 finetune.py:68] layer 0_down @ epoch 4 new loss 1.0547722013143357e-05 old loss 1.0557138011790812e-05 BETTER
I0327 21:06:32.775426 2041676 finetune.py:68] layer 1_down @ epoch 4 new loss 2.1444893718580715e-05 old loss 2.146032238670159e-05 BETTER
0_v proxy err 0.1315954029560089 tr(WHW.T) 60.88684844970703
bpp_loss 1.7512992132396903
0_q proxy err 0.00015053701645229012 tr(WHW.T) 287965.875
bpp_loss 2.5322641954699066
0_k proxy err 0.00013094600581098348 tr(WHW.T) 100044.390625
bpp_loss 3.0267528736731037
0_o proxy err 0.01975253038108349 tr(WHW.T) 3125.009033203125
bpp_loss 1.818401172873564
0_up proxy err 0.040915943682193756 tr(WHW.T) 8924.7158203125
bpp_loss 2.1083252317870835
0_gate proxy err 0.02367311529815197 tr(WHW.T) 15779.130859375
bpp_loss 2.2161518764416024
0_down proxy err 0.031991660594940186 tr(WHW.T) 10893.373046875
bpp_loss 2.0980981913827628
1_v proxy err 0.05806703865528107 tr(WHW.T) 109.07096099853516
bpp_loss 1.8536025191133376
1_q proxy err 0.0002112871443387121 tr(WHW.T) 144740.65625
bpp_loss 2.7557531335332897
1_k proxy err 0.00011606982297962531 tr(WHW.T) 75375.9453125
bpp_loss 3.356591446994571
1_o proxy err 0.03743376582860947 tr(WHW.T) 1994.787841796875
bpp_loss 1.9075884078338277
1_up proxy err 0.04698507860302925 tr(WHW.T) 8231.3876953125
bpp_loss 2.1224551430038576
1_gate proxy err 0.02840415947139263 tr(WHW.T) 13944.8779296875
bpp_loss 2.2267014676971093
1_down proxy err 0.0008578865090385079 tr(WHW.T) 13997.001953125
bpp_loss 2.10400237203742
I0327 21:06:35.714806 2041748 finetune.py:68] layer 2_down @ epoch 1 new loss 4.233576328260824e-05 old loss 4.236856693751179e-05 BETTER
I0327 21:06:40.713575 2041820 finetune.py:45] layer 3_down initial loss 7.975940388860181e-05
I0327 21:07:04.210938 2041748 finetune.py:68] layer 2_down @ epoch 2 new loss 4.230581544106826e-05 old loss 4.233576328260824e-05 BETTER
I0327 21:07:06.687514 2041820 finetune.py:68] layer 3_down @ epoch 0 new loss 7.973295578267425e-05 old loss 7.975940388860181e-05 BETTER
I0327 21:07:31.986759 2041748 finetune.py:68] layer 2_down @ epoch 3 new loss 4.2278152250219136e-05 old loss 4.230581544106826e-05 BETTER
I0327 21:07:33.662551 2041820 finetune.py:68] layer 3_down @ epoch 1 new loss 7.97116372268647e-05 old loss 7.973295578267425e-05 BETTER
I0327 21:07:46.986713 2041475 quantize_finetune_llama.py:240] computed original embedding for layer 4 in 66.8602032661438s
I0327 21:07:50.744261 2041890 utils.py:146] Note: detected 128 virtual cores but NumExpr set to maximum of 64, check "NUMEXPR_MAX_THREADS" environment variable.
I0327 21:07:50.744358 2041890 utils.py:149] Note: NumExpr detected 128 cores but "NUMEXPR_MAX_THREADS" not set, so enforcing safe limit of 16.
I0327 21:07:50.744398 2041890 utils.py:162] NumExpr defaulting to 16 threads.
I0327 21:07:51.092831 2041890 config.py:54] PyTorch version 2.6.0 available.
W0327 21:07:51.303690 2041890 warnings.py:109] /opt/conda/lib/python3.10/site-packages/torchvision/io/image.py:13: UserWarning: Failed to load image Python extension: '/opt/conda/lib/python3.10/site-packages/torchvision/image.so: undefined symbol: _ZN3c1017RegisterOperatorsD1Ev'If you don't plan on using image functionality from `torchvision.io`, you can ignore this warning. Otherwise, there might be something wrong with your environment. Did you have `libjpeg` or `libpng` installed before building `torchvision` from source?
  warn(

W0327 21:07:51.906973 2041890 warnings.py:109] /opt/conda/lib/python3.10/site-packages/compressai/models/video/google.py:353: FutureWarning: `torch.cuda.amp.autocast(args...)` is deprecated. Please use `torch.amp.autocast('cuda', args...)` instead.
  @amp.autocast(enabled=False)

I0327 21:07:51.910738 2041475 quantize_finetune_llama.py:209] layer 5 gpu 1
I0327 21:07:51.924360 2041890 data_utils.py:336] using 256 training seqs, 128 validation seqs
I0327 21:07:59.876613 2041748 finetune.py:68] layer 2_down @ epoch 4 new loss 4.225406883051619e-05 old loss 4.2278152250219136e-05 BETTER
I0327 21:08:00.855490 2041820 finetune.py:68] layer 3_down @ epoch 2 new loss 7.969325815793127e-05 old loss 7.97116372268647e-05 BETTER
2_v proxy err 0.0880877673625946 tr(WHW.T) 155.95950317382812
bpp_loss 1.7508019272063393
2_q proxy err 0.0016116767656058073 tr(WHW.T) 41468.59765625
bpp_loss 2.7001990485587157
2_k proxy err 0.0008467278676107526 tr(WHW.T) 22587.74609375
bpp_loss 3.4453403083316516
2_o proxy err 0.03626493737101555 tr(WHW.T) 1978.7926025390625
bpp_loss 1.8553444058052264
2_up proxy err 0.055401235818862915 tr(WHW.T) 7606.27685546875
bpp_loss 2.1095222025510987
2_gate proxy err 0.02882651798427105 tr(WHW.T) 15102.791015625
bpp_loss 2.2517848628506596
2_down proxy err 0.051148783415555954 tr(WHW.T) 7840.00048828125
bpp_loss 2.1107649226240546
The attention layers in this model are transitioning from computing the RoPE embeddings internally through `position_ids` (2D tensor with the indexes of the tokens), to using externally computed `position_embeddings` (Tuple of tensors, containing cos and sin). In v4.46 `position_ids` will be removed and `position_embeddings` will be mandatory.
I0327 21:08:08.558772 2041890 finetune.py:45] layer 4_v initial loss 6.138525350252166e-05
W0327 21:08:08.559064 2041890 warnings.py:109] /workspace/Weight_compression/comp_lm_qtip/lib/algo/finetune.py:46: FutureWarning: `torch.cuda.amp.GradScaler(args...)` is deprecated. Please use `torch.amp.GradScaler('cuda', args...)` instead.
  scaler = torch.cuda.amp.GradScaler(enabled=(orig_dtype==torch.float16))

I0327 21:08:28.367904 2041820 finetune.py:68] layer 3_down @ epoch 3 new loss 7.967679266585037e-05 old loss 7.969325815793127e-05 BETTER
I0327 21:08:43.821842 2041890 finetune.py:68] layer 4_v @ epoch 0 new loss 1.7529382603242993e-05 old loss 6.138525350252166e-05 BETTER
I0327 21:08:55.798807 2041820 finetune.py:68] layer 3_down @ epoch 4 new loss 7.966247358126566e-05 old loss 7.967679266585037e-05 BETTER
3_v proxy err 0.06859932094812393 tr(WHW.T) 289.3331604003906
bpp_loss 1.8448684312752448
3_q proxy err 0.002023979788646102 tr(WHW.T) 47553.453125
bpp_loss 2.7361839236400556
3_k proxy err 0.0010580109665170312 tr(WHW.T) 26134.556640625
bpp_loss 3.5154874532308895
3_o proxy err 0.04384208098053932 tr(WHW.T) 1858.44677734375
bpp_loss 1.9519636187178548
3_up proxy err 0.054908376187086105 tr(WHW.T) 7533.087890625
bpp_loss 2.092083416613085
3_gate proxy err 0.020953916013240814 tr(WHW.T) 20819.431640625
bpp_loss 2.3230751188738004
3_down proxy err 0.058635976165533066 tr(WHW.T) 7114.1484375
bpp_loss 2.088055041410761
I0327 21:09:08.121623 2041475 quantize_finetune_llama.py:240] computed original embedding for layer 5 in 62.83165788650513s
I0327 21:09:11.750860 2041960 utils.py:146] Note: detected 128 virtual cores but NumExpr set to maximum of 64, check "NUMEXPR_MAX_THREADS" environment variable.
I0327 21:09:11.750960 2041960 utils.py:149] Note: NumExpr detected 128 cores but "NUMEXPR_MAX_THREADS" not set, so enforcing safe limit of 16.
I0327 21:09:11.750998 2041960 utils.py:162] NumExpr defaulting to 16 threads.
I0327 21:09:12.095474 2041960 config.py:54] PyTorch version 2.6.0 available.
W0327 21:09:12.286860 2041960 warnings.py:109] /opt/conda/lib/python3.10/site-packages/torchvision/io/image.py:13: UserWarning: Failed to load image Python extension: '/opt/conda/lib/python3.10/site-packages/torchvision/image.so: undefined symbol: _ZN3c1017RegisterOperatorsD1Ev'If you don't plan on using image functionality from `torchvision.io`, you can ignore this warning. Otherwise, there might be something wrong with your environment. Did you have `libjpeg` or `libpng` installed before building `torchvision` from source?
  warn(

W0327 21:09:12.862193 2041960 warnings.py:109] /opt/conda/lib/python3.10/site-packages/compressai/models/video/google.py:353: FutureWarning: `torch.cuda.amp.autocast(args...)` is deprecated. Please use `torch.amp.autocast('cuda', args...)` instead.
  @amp.autocast(enabled=False)

I0327 21:09:12.865799 2041475 quantize_finetune_llama.py:209] layer 6 gpu 2
I0327 21:09:12.885599 2041960 data_utils.py:336] using 256 training seqs, 128 validation seqs
I0327 21:09:20.727636 2041890 finetune.py:68] layer 4_v @ epoch 1 new loss 1.4051485777599737e-05 old loss 1.7529382603242993e-05 BETTER
The attention layers in this model are transitioning from computing the RoPE embeddings internally through `position_ids` (2D tensor with the indexes of the tokens), to using externally computed `position_embeddings` (Tuple of tensors, containing cos and sin). In v4.46 `position_ids` will be removed and `position_embeddings` will be mandatory.
I0327 21:09:29.752120 2041960 finetune.py:45] layer 5_v initial loss 5.925561345065944e-05
W0327 21:09:29.752420 2041960 warnings.py:109] /workspace/Weight_compression/comp_lm_qtip/lib/algo/finetune.py:46: FutureWarning: `torch.cuda.amp.GradScaler(args...)` is deprecated. Please use `torch.amp.GradScaler('cuda', args...)` instead.
  scaler = torch.cuda.amp.GradScaler(enabled=(orig_dtype==torch.float16))

I0327 21:09:57.640450 2041890 finetune.py:68] layer 4_v @ epoch 2 new loss 1.3102818229526747e-05 old loss 1.4051485777599737e-05 BETTER
I0327 21:10:03.106956 2041960 finetune.py:68] layer 5_v @ epoch 0 new loss 2.285516166011803e-05 old loss 5.925561345065944e-05 BETTER
I0327 21:10:15.858272 2041475 quantize_finetune_llama.py:240] computed original embedding for layer 6 in 62.527515172958374s
I0327 21:10:19.645080 2042030 utils.py:146] Note: detected 128 virtual cores but NumExpr set to maximum of 64, check "NUMEXPR_MAX_THREADS" environment variable.
I0327 21:10:19.645180 2042030 utils.py:149] Note: NumExpr detected 128 cores but "NUMEXPR_MAX_THREADS" not set, so enforcing safe limit of 16.
I0327 21:10:19.645220 2042030 utils.py:162] NumExpr defaulting to 16 threads.
I0327 21:10:20.010452 2042030 config.py:54] PyTorch version 2.6.0 available.
W0327 21:10:20.204498 2042030 warnings.py:109] /opt/conda/lib/python3.10/site-packages/torchvision/io/image.py:13: UserWarning: Failed to load image Python extension: '/opt/conda/lib/python3.10/site-packages/torchvision/image.so: undefined symbol: _ZN3c1017RegisterOperatorsD1Ev'If you don't plan on using image functionality from `torchvision.io`, you can ignore this warning. Otherwise, there might be something wrong with your environment. Did you have `libjpeg` or `libpng` installed before building `torchvision` from source?
  warn(

W0327 21:10:20.815055 2042030 warnings.py:109] /opt/conda/lib/python3.10/site-packages/compressai/models/video/google.py:353: FutureWarning: `torch.cuda.amp.autocast(args...)` is deprecated. Please use `torch.amp.autocast('cuda', args...)` instead.
  @amp.autocast(enabled=False)

I0327 21:10:20.818945 2041475 quantize_finetune_llama.py:209] layer 7 gpu 3
I0327 21:10:20.832969 2042030 data_utils.py:336] using 256 training seqs, 128 validation seqs
The attention layers in this model are transitioning from computing the RoPE embeddings internally through `position_ids` (2D tensor with the indexes of the tokens), to using externally computed `position_embeddings` (Tuple of tensors, containing cos and sin). In v4.46 `position_ids` will be removed and `position_embeddings` will be mandatory.
I0327 21:10:34.844837 2041890 finetune.py:68] layer 4_v @ epoch 3 new loss 1.2635438906727359e-05 old loss 1.3102818229526747e-05 BETTER
I0327 21:10:37.618978 2041960 finetune.py:68] layer 5_v @ epoch 1 new loss 2.023490196734201e-05 old loss 2.285516166011803e-05 BETTER
I0327 21:10:37.702270 2042030 finetune.py:45] layer 6_v initial loss 5.3074105380801484e-05
W0327 21:10:37.702626 2042030 warnings.py:109] /workspace/Weight_compression/comp_lm_qtip/lib/algo/finetune.py:46: FutureWarning: `torch.cuda.amp.GradScaler(args...)` is deprecated. Please use `torch.amp.GradScaler('cuda', args...)` instead.
  scaler = torch.cuda.amp.GradScaler(enabled=(orig_dtype==torch.float16))

I0327 21:11:11.344102 2042030 finetune.py:68] layer 6_v @ epoch 0 new loss 2.7141182727064006e-05 old loss 5.3074105380801484e-05 BETTER
I0327 21:11:12.021729 2041890 finetune.py:68] layer 4_v @ epoch 4 new loss 1.2332224287092686e-05 old loss 1.2635438906727359e-05 BETTER
I0327 21:11:12.476605 2041960 finetune.py:68] layer 5_v @ epoch 2 new loss 1.9313054508529603e-05 old loss 2.023490196734201e-05 BETTER
I0327 21:11:24.259280 2041475 quantize_finetune_llama.py:240] computed original embedding for layer 7 in 62.94853615760803s
I0327 21:11:28.231360 2042100 utils.py:146] Note: detected 128 virtual cores but NumExpr set to maximum of 64, check "NUMEXPR_MAX_THREADS" environment variable.
I0327 21:11:28.231542 2042100 utils.py:149] Note: NumExpr detected 128 cores but "NUMEXPR_MAX_THREADS" not set, so enforcing safe limit of 16.
I0327 21:11:28.231623 2042100 utils.py:162] NumExpr defaulting to 16 threads.
I0327 21:11:28.604713 2042100 config.py:54] PyTorch version 2.6.0 available.
W0327 21:11:28.836211 2042100 warnings.py:109] /opt/conda/lib/python3.10/site-packages/torchvision/io/image.py:13: UserWarning: Failed to load image Python extension: '/opt/conda/lib/python3.10/site-packages/torchvision/image.so: undefined symbol: _ZN3c1017RegisterOperatorsD1Ev'If you don't plan on using image functionality from `torchvision.io`, you can ignore this warning. Otherwise, there might be something wrong with your environment. Did you have `libjpeg` or `libpng` installed before building `torchvision` from source?
  warn(

W0327 21:11:29.461911 2042100 warnings.py:109] /opt/conda/lib/python3.10/site-packages/compressai/models/video/google.py:353: FutureWarning: `torch.cuda.amp.autocast(args...)` is deprecated. Please use `torch.amp.autocast('cuda', args...)` instead.
  @amp.autocast(enabled=False)

I0327 21:11:29.466032 2041475 quantize_finetune_llama.py:209] layer 8 gpu 0
I0327 21:11:29.481138 2042100 data_utils.py:336] using 256 training seqs, 128 validation seqs
I0327 21:11:31.108006 2041890 finetune.py:45] layer 4_q initial loss 1.50084497363423e-05
The attention layers in this model are transitioning from computing the RoPE embeddings internally through `position_ids` (2D tensor with the indexes of the tokens), to using externally computed `position_embeddings` (Tuple of tensors, containing cos and sin). In v4.46 `position_ids` will be removed and `position_embeddings` will be mandatory.
I0327 21:11:46.191478 2042030 finetune.py:68] layer 6_v @ epoch 1 new loss 2.5011979232658632e-05 old loss 2.7141182727064006e-05 BETTER
I0327 21:11:46.563084 2042100 finetune.py:45] layer 7_v initial loss 5.238392259343527e-05
W0327 21:11:46.563317 2042100 warnings.py:109] /workspace/Weight_compression/comp_lm_qtip/lib/algo/finetune.py:46: FutureWarning: `torch.cuda.amp.GradScaler(args...)` is deprecated. Please use `torch.amp.GradScaler('cuda', args...)` instead.
  scaler = torch.cuda.amp.GradScaler(enabled=(orig_dtype==torch.float16))

I0327 21:11:47.467384 2041960 finetune.py:68] layer 5_v @ epoch 3 new loss 1.879053161246702e-05 old loss 1.9313054508529603e-05 BETTER
