I0328 14:16:01.229971 2312325 finetune.py:68] layer 16_q @ epoch 0 new loss 7.74098043621052e-06 old loss 7.92458467913093e-06 BETTER
I0328 14:16:19.015036 2312395 finetune.py:68] layer 17_v @ epoch 4 new loss 6.299444066826254e-06 old loss 6.398543064278783e-06 BETTER
I0328 14:16:20.446203 2312465 finetune.py:68] layer 18_v @ epoch 2 new loss 5.441108442028053e-06 old loss 5.707658601750154e-06 BETTER
I0328 14:16:21.246740 2312535 finetune.py:68] layer 19_v @ epoch 0 new loss 6.565280273207463e-06 old loss 2.0266877982066944e-05 BETTER
I0328 14:16:37.738674 2312325 finetune.py:68] layer 16_q @ epoch 1 new loss 7.5826787906407844e-06 old loss 7.74098043621052e-06 BETTER
I0328 14:16:39.278203 2312395 finetune.py:45] layer 17_q initial loss 7.224807632155716e-06
I0328 14:16:55.571022 2312535 finetune.py:68] layer 19_v @ epoch 1 new loss 5.899670213693753e-06 old loss 6.565280273207463e-06 BETTER
I0328 14:16:55.592205 2312465 finetune.py:68] layer 18_v @ epoch 3 new loss 5.28212103745318e-06 old loss 5.441108442028053e-06 BETTER
I0328 14:17:12.820706 2312395 finetune.py:68] layer 17_q @ epoch 0 new loss 7.011781235632952e-06 old loss 7.224807632155716e-06 BETTER
I0328 14:17:14.337534 2312325 finetune.py:68] layer 16_q @ epoch 2 new loss 7.470149739674525e-06 old loss 7.5826787906407844e-06 BETTER
I0328 14:17:30.060121 2312535 finetune.py:68] layer 19_v @ epoch 2 new loss 5.627793143503368e-06 old loss 5.899670213693753e-06 BETTER
I0328 14:17:30.776820 2312465 finetune.py:68] layer 18_v @ epoch 4 new loss 5.17188982485095e-06 old loss 5.28212103745318e-06 BETTER
I0328 14:17:47.167006 2312395 finetune.py:68] layer 17_q @ epoch 1 new loss 6.890474651299883e-06 old loss 7.011781235632952e-06 BETTER
I0328 14:17:50.591184 2312465 finetune.py:45] layer 18_q initial loss 6.0767829381802585e-06
I0328 14:17:51.301643 2312325 finetune.py:68] layer 16_q @ epoch 3 new loss 7.370971616182942e-06 old loss 7.470149739674525e-06 BETTER
I0328 14:18:04.995601 2312535 finetune.py:68] layer 19_v @ epoch 3 new loss 5.465163667395245e-06 old loss 5.627793143503368e-06 BETTER
I0328 14:18:21.840898 2312395 finetune.py:68] layer 17_q @ epoch 2 new loss 6.799819402658613e-06 old loss 6.890474651299883e-06 BETTER
I0328 14:18:24.285351 2312465 finetune.py:68] layer 18_q @ epoch 0 new loss 5.9515327848203015e-06 old loss 6.0767829381802585e-06 BETTER
I0328 14:18:28.283092 2312325 finetune.py:68] layer 16_q @ epoch 4 new loss 7.293797807506053e-06 old loss 7.370971616182942e-06 BETTER
I0328 14:18:39.702715 2312535 finetune.py:68] layer 19_v @ epoch 4 new loss 5.351193976821378e-06 old loss 5.465163667395245e-06 BETTER
I0328 14:18:46.143944 2312325 finetune.py:45] layer 16_k initial loss 7.681095667066984e-06
I0328 14:18:56.748445 2312395 finetune.py:68] layer 17_q @ epoch 3 new loss 6.723420028720284e-06 old loss 6.799819402658613e-06 BETTER
I0328 14:18:59.090692 2312465 finetune.py:68] layer 18_q @ epoch 1 new loss 5.83901783102192e-06 old loss 5.9515327848203015e-06 BETTER
I0328 14:19:00.008345 2312535 finetune.py:45] layer 19_q initial loss 6.142048277979484e-06
I0328 14:19:21.696360 2312325 finetune.py:68] layer 16_k @ epoch 0 new loss 7.5811203714692965e-06 old loss 7.681095667066984e-06 BETTER
I0328 14:19:31.533584 2312395 finetune.py:68] layer 17_q @ epoch 4 new loss 6.65597508486826e-06 old loss 6.723420028720284e-06 BETTER
I0328 14:19:33.205412 2312535 finetune.py:68] layer 19_q @ epoch 0 new loss 5.998857886879705e-06 old loss 6.142048277979484e-06 BETTER
I0328 14:19:33.968734 2312465 finetune.py:68] layer 18_q @ epoch 2 new loss 5.767798938904889e-06 old loss 5.83901783102192e-06 BETTER
I0328 14:19:49.734441 2312395 finetune.py:45] layer 17_k initial loss 7.0329288064385764e-06
I0328 14:19:58.032752 2312325 finetune.py:68] layer 16_k @ epoch 1 new loss 7.520097824453842e-06 old loss 7.5811203714692965e-06 BETTER
I0328 14:20:07.337153 2312535 finetune.py:68] layer 19_q @ epoch 1 new loss 5.89744240642176e-06 old loss 5.998857886879705e-06 BETTER
I0328 14:20:08.702794 2312465 finetune.py:68] layer 18_q @ epoch 3 new loss 5.698660061170813e-06 old loss 5.767798938904889e-06 BETTER
I0328 14:20:23.019186 2312395 finetune.py:68] layer 17_k @ epoch 0 new loss 6.962325187487295e-06 old loss 7.0329288064385764e-06 BETTER
I0328 14:20:34.433968 2312325 finetune.py:68] layer 16_k @ epoch 2 new loss 7.46298564990866e-06 old loss 7.520097824453842e-06 BETTER
I0328 14:20:41.525806 2312535 finetune.py:68] layer 19_q @ epoch 2 new loss 5.8273435570299625e-06 old loss 5.89744240642176e-06 BETTER
I0328 14:20:43.471985 2312465 finetune.py:68] layer 18_q @ epoch 4 new loss 5.6513176787120756e-06 old loss 5.698660061170813e-06 BETTER
I0328 14:20:57.193614 2312395 finetune.py:68] layer 17_k @ epoch 1 new loss 6.903521807544166e-06 old loss 6.962325187487295e-06 BETTER
I0328 14:21:01.381092 2312465 finetune.py:45] layer 18_k initial loss 5.949752903688932e-06
I0328 14:21:11.318487 2312325 finetune.py:68] layer 16_k @ epoch 3 new loss 7.426269348798087e-06 old loss 7.46298564990866e-06 BETTER
I0328 14:21:15.749402 2312535 finetune.py:68] layer 19_q @ epoch 3 new loss 5.76678894503857e-06 old loss 5.8273435570299625e-06 BETTER
I0328 14:21:31.656867 2312395 finetune.py:68] layer 17_k @ epoch 2 new loss 6.8630788518930785e-06 old loss 6.903521807544166e-06 BETTER
I0328 14:21:35.127999 2312465 finetune.py:68] layer 18_k @ epoch 0 new loss 5.885314294573618e-06 old loss 5.949752903688932e-06 BETTER
I0328 14:21:48.193651 2312325 finetune.py:68] layer 16_k @ epoch 4 new loss 7.371203537331894e-06 old loss 7.426269348798087e-06 BETTER
I0328 14:21:50.031087 2312535 finetune.py:68] layer 19_q @ epoch 4 new loss 5.733728812629124e-06 old loss 5.76678894503857e-06 BETTER
I0328 14:22:06.487904 2312395 finetune.py:68] layer 17_k @ epoch 3 new loss 6.823300282121636e-06 old loss 6.8630788518930785e-06 BETTER
I0328 14:22:08.673904 2312325 finetune.py:45] layer 16_o initial loss 1.7205749827553518e-05
I0328 14:22:08.761346 2312535 finetune.py:45] layer 19_k initial loss 6.080394086893648e-06
I0328 14:22:09.973235 2312465 finetune.py:68] layer 18_k @ epoch 1 new loss 5.843274266226217e-06 old loss 5.885314294573618e-06 BETTER
I0328 14:22:41.895481 2312395 finetune.py:68] layer 17_k @ epoch 4 new loss 6.799878065066878e-06 old loss 6.823300282121636e-06 BETTER
I0328 14:22:41.904691 2312535 finetune.py:68] layer 19_k @ epoch 0 new loss 6.0150928220537025e-06 old loss 6.080394086893648e-06 BETTER
I0328 14:22:43.416654 2312325 finetune.py:68] layer 16_o @ epoch 0 new loss 1.6660758774378337e-05 old loss 1.7205749827553518e-05 BETTER
I0328 14:22:44.651645 2312465 finetune.py:68] layer 18_k @ epoch 2 new loss 5.8090631682716776e-06 old loss 5.843274266226217e-06 BETTER
I0328 14:23:02.004462 2312395 finetune.py:45] layer 17_o initial loss 1.6328187484759837e-05
I0328 14:23:15.855875 2312535 finetune.py:68] layer 19_k @ epoch 1 new loss 5.9701415011659265e-06 old loss 6.0150928220537025e-06 BETTER
I0328 14:23:19.256751 2312325 finetune.py:68] layer 16_o @ epoch 1 new loss 1.6343705283361487e-05 old loss 1.6660758774378337e-05 BETTER
I0328 14:23:19.263776 2312465 finetune.py:68] layer 18_k @ epoch 3 new loss 5.777660589956213e-06 old loss 5.8090631682716776e-06 BETTER
I0328 14:23:34.787907 2312395 finetune.py:68] layer 17_o @ epoch 0 new loss 1.5775882275193e-05 old loss 1.6328187484759837e-05 BETTER
I0328 14:23:50.038897 2312535 finetune.py:68] layer 19_k @ epoch 2 new loss 5.9379945014370605e-06 old loss 5.9701415011659265e-06 BETTER
I0328 14:23:53.973967 2312465 finetune.py:68] layer 18_k @ epoch 4 new loss 5.744464488088852e-06 old loss 5.777660589956213e-06 BETTER
I0328 14:23:55.218105 2312325 finetune.py:68] layer 16_o @ epoch 2 new loss 1.6110918295453303e-05 old loss 1.6343705283361487e-05 BETTER
I0328 14:24:08.449145 2312395 finetune.py:68] layer 17_o @ epoch 1 new loss 1.546219937154092e-05 old loss 1.5775882275193e-05 BETTER
I0328 14:24:13.584155 2312465 finetune.py:45] layer 18_o initial loss 1.3453552128339652e-05
I0328 14:24:24.298038 2312535 finetune.py:68] layer 19_k @ epoch 3 new loss 5.908565526624443e-06 old loss 5.9379945014370605e-06 BETTER
I0328 14:24:31.281378 2312325 finetune.py:68] layer 16_o @ epoch 3 new loss 1.5917466953396797e-05 old loss 1.6110918295453303e-05 BETTER
I0328 14:24:42.469213 2312395 finetune.py:68] layer 17_o @ epoch 2 new loss 1.5230390999931842e-05 old loss 1.546219937154092e-05 BETTER
I0328 14:24:46.576083 2312465 finetune.py:68] layer 18_o @ epoch 0 new loss 1.2992017218493856e-05 old loss 1.3453552128339652e-05 BETTER
I0328 14:24:58.674696 2312535 finetune.py:68] layer 19_k @ epoch 4 new loss 5.883088306291029e-06 old loss 5.908565526624443e-06 BETTER
I0328 14:25:07.568825 2312325 finetune.py:68] layer 16_o @ epoch 4 new loss 1.575833448441699e-05 old loss 1.5917466953396797e-05 BETTER
I0328 14:25:16.648055 2312395 finetune.py:68] layer 17_o @ epoch 3 new loss 1.5047762644826435e-05 old loss 1.5230390999931842e-05 BETTER
I0328 14:25:18.391887 2312535 finetune.py:45] layer 19_o initial loss 1.2871757462562528e-05
I0328 14:25:20.568875 2312465 finetune.py:68] layer 18_o @ epoch 1 new loss 1.279168645851314e-05 old loss 1.2992017218493856e-05 BETTER
I0328 14:25:38.961420 2312325 finetune.py:45] layer 16_up initial loss 3.512955299811438e-05
I0328 14:25:51.022078 2312535 finetune.py:68] layer 19_o @ epoch 0 new loss 1.2471384252421558e-05 old loss 1.2871757462562528e-05 BETTER
I0328 14:25:51.026588 2312395 finetune.py:68] layer 17_o @ epoch 4 new loss 1.4889594240230508e-05 old loss 1.5047762644826435e-05 BETTER
I0328 14:25:54.612035 2312465 finetune.py:68] layer 18_o @ epoch 2 new loss 1.265201444766717e-05 old loss 1.279168645851314e-05 BETTER
I0328 14:26:10.809302 2312325 finetune.py:68] layer 16_up @ epoch 0 new loss 3.442202432779595e-05 old loss 3.512955299811438e-05 BETTER
I0328 14:26:22.841753 2312395 finetune.py:45] layer 17_up initial loss 3.687424032250419e-05
I0328 14:26:24.255857 2312535 finetune.py:68] layer 19_o @ epoch 1 new loss 1.2287110621400643e-05 old loss 1.2471384252421558e-05 BETTER
I0328 14:26:28.764432 2312465 finetune.py:68] layer 18_o @ epoch 3 new loss 1.2535553651105147e-05 old loss 1.265201444766717e-05 BETTER
I0328 14:26:44.218726 2312325 finetune.py:68] layer 16_up @ epoch 1 new loss 3.388883123989217e-05 old loss 3.442202432779595e-05 BETTER
I0328 14:26:53.486068 2312395 finetune.py:68] layer 17_up @ epoch 0 new loss 3.608643964980729e-05 old loss 3.687424032250419e-05 BETTER
I0328 14:26:57.909137 2312535 finetune.py:68] layer 19_o @ epoch 2 new loss 1.2163556675659493e-05 old loss 1.2287110621400643e-05 BETTER
I0328 14:27:03.016171 2312465 finetune.py:68] layer 18_o @ epoch 4 new loss 1.2444485037121922e-05 old loss 1.2535553651105147e-05 BETTER
I0328 14:27:17.849365 2312325 finetune.py:68] layer 16_up @ epoch 2 new loss 3.343493153806776e-05 old loss 3.388883123989217e-05 BETTER
I0328 14:27:25.070344 2312395 finetune.py:68] layer 17_up @ epoch 1 new loss 3.548803215380758e-05 old loss 3.608643964980729e-05 BETTER
I0328 14:27:31.399562 2312535 finetune.py:68] layer 19_o @ epoch 3 new loss 1.2061737834301312e-05 old loss 1.2163556675659493e-05 BETTER
I0328 14:27:34.859331 2312465 finetune.py:45] layer 18_up initial loss 3.519883466651663e-05
I0328 14:27:51.483035 2312325 finetune.py:68] layer 16_up @ epoch 3 new loss 3.303933044662699e-05 old loss 3.343493153806776e-05 BETTER
I0328 14:27:56.898808 2312395 finetune.py:68] layer 17_up @ epoch 2 new loss 3.499034573906101e-05 old loss 3.548803215380758e-05 BETTER
I0328 14:28:04.969663 2312535 finetune.py:68] layer 19_o @ epoch 4 new loss 1.1980922863585874e-05 old loss 1.2061737834301312e-05 BETTER
I0328 14:28:05.674910 2312465 finetune.py:68] layer 18_up @ epoch 0 new loss 3.4487031371099874e-05 old loss 3.519883466651663e-05 BETTER
I0328 14:28:25.512640 2312325 finetune.py:68] layer 16_up @ epoch 4 new loss 3.268475120421499e-05 old loss 3.303933044662699e-05 BETTER
I0328 14:28:29.295475 2312395 finetune.py:68] layer 17_up @ epoch 3 new loss 3.4557720937300473e-05 old loss 3.499034573906101e-05 BETTER
I0328 14:28:37.574128 2312535 finetune.py:45] layer 19_up initial loss 3.672293678391725e-05
I0328 14:28:37.762356 2312465 finetune.py:68] layer 18_up @ epoch 1 new loss 3.396254396648146e-05 old loss 3.4487031371099874e-05 BETTER
I0328 14:28:57.877175 2312325 finetune.py:45] layer 16_gate initial loss 3.901735908584669e-05
I0328 14:29:01.646218 2312395 finetune.py:68] layer 17_up @ epoch 4 new loss 3.417587504372932e-05 old loss 3.4557720937300473e-05 BETTER
I0328 14:29:07.607138 2312535 finetune.py:68] layer 19_up @ epoch 0 new loss 3.599971387302503e-05 old loss 3.672293678391725e-05 BETTER
I0328 14:29:09.948342 2312465 finetune.py:68] layer 18_up @ epoch 2 new loss 3.3531156077515334e-05 old loss 3.396254396648146e-05 BETTER
I0328 14:29:27.686043 2312325 finetune.py:68] layer 16_gate @ epoch 0 new loss 3.8660797144984826e-05 old loss 3.901735908584669e-05 BETTER
I0328 14:29:34.544506 2312395 finetune.py:45] layer 17_gate initial loss 4.1438150219619274e-05
I0328 14:29:38.919413 2312535 finetune.py:68] layer 19_up @ epoch 1 new loss 3.5466109693516046e-05 old loss 3.599971387302503e-05 BETTER
I0328 14:29:42.355165 2312465 finetune.py:68] layer 18_up @ epoch 3 new loss 3.315078720333986e-05 old loss 3.3531156077515334e-05 BETTER
I0328 14:29:58.865777 2312325 finetune.py:68] layer 16_gate @ epoch 1 new loss 3.835725146927871e-05 old loss 3.8660797144984826e-05 BETTER
I0328 14:30:03.018420 2312395 finetune.py:68] layer 17_gate @ epoch 0 new loss 4.1037335904547945e-05 old loss 4.1438150219619274e-05 BETTER
I0328 14:30:10.264463 2312535 finetune.py:68] layer 19_up @ epoch 2 new loss 3.502164690871723e-05 old loss 3.5466109693516046e-05 BETTER
I0328 14:30:14.668561 2312465 finetune.py:68] layer 18_up @ epoch 4 new loss 3.2819742045830935e-05 old loss 3.315078720333986e-05 BETTER
I0328 14:30:30.319185 2312325 finetune.py:68] layer 16_gate @ epoch 2 new loss 3.808466863119975e-05 old loss 3.835725146927871e-05 BETTER
I0328 14:30:32.318414 2312395 finetune.py:68] layer 17_gate @ epoch 1 new loss 4.0706472645979375e-05 old loss 4.1037335904547945e-05 BETTER
I0328 14:30:41.827339 2312535 finetune.py:68] layer 19_up @ epoch 3 new loss 3.4642092941794544e-05 old loss 3.502164690871723e-05 BETTER
I0328 14:30:47.753501 2312465 finetune.py:45] layer 18_gate initial loss 4.0684044506633654e-05
I0328 14:31:01.939969 2312325 finetune.py:68] layer 16_gate @ epoch 3 new loss 3.783812280744314e-05 old loss 3.808466863119975e-05 BETTER
I0328 14:31:02.082131 2312395 finetune.py:68] layer 17_gate @ epoch 2 new loss 4.0411461668554693e-05 old loss 4.0706472645979375e-05 BETTER
I0328 14:31:13.488812 2312535 finetune.py:68] layer 19_up @ epoch 4 new loss 3.430786819080822e-05 old loss 3.4642092941794544e-05 BETTER
I0328 14:31:16.379774 2312465 finetune.py:68] layer 18_gate @ epoch 0 new loss 4.033631557831541e-05 old loss 4.0684044506633654e-05 BETTER
I0328 14:31:32.013423 2312395 finetune.py:68] layer 17_gate @ epoch 3 new loss 4.0143881051335484e-05 old loss 4.0411461668554693e-05 BETTER
I0328 14:31:33.471067 2312325 finetune.py:68] layer 16_gate @ epoch 4 new loss 3.761430343729444e-05 old loss 3.783812280744314e-05 BETTER
I0328 14:31:45.829927 2312465 finetune.py:68] layer 18_gate @ epoch 1 new loss 4.0049486415227875e-05 old loss 4.033631557831541e-05 BETTER
I0328 14:31:46.253016 2312535 finetune.py:45] layer 19_gate initial loss 4.2952702642651275e-05
I0328 14:32:01.982187 2312395 finetune.py:68] layer 17_gate @ epoch 4 new loss 3.990364712080918e-05 old loss 4.0143881051335484e-05 BETTER
I0328 14:32:14.327088 2312535 finetune.py:68] layer 19_gate @ epoch 0 new loss 4.260745117790066e-05 old loss 4.2952702642651275e-05 BETTER
I0328 14:32:15.746835 2312465 finetune.py:68] layer 18_gate @ epoch 2 new loss 3.97942858398892e-05 old loss 4.0049486415227875e-05 BETTER
I0328 14:32:30.150965 2312325 finetune.py:45] layer 16_down initial loss 6.37275370536372e-05
I0328 14:32:43.835689 2312535 finetune.py:68] layer 19_gate @ epoch 1 new loss 4.23200435761828e-05 old loss 4.260745117790066e-05 BETTER
I0328 14:32:45.767977 2312465 finetune.py:68] layer 18_gate @ epoch 3 new loss 3.956737418775447e-05 old loss 3.97942858398892e-05 BETTER
I0328 14:32:57.431621 2312325 finetune.py:68] layer 16_down @ epoch 0 new loss 6.372562347678468e-05 old loss 6.37275370536372e-05 BETTER
I0328 14:32:59.738704 2312395 finetune.py:45] layer 17_down initial loss 7.159083907026798e-05
I0328 14:33:13.291609 2312535 finetune.py:68] layer 19_gate @ epoch 2 new loss 4.206161975162104e-05 old loss 4.23200435761828e-05 BETTER
I0328 14:33:15.811614 2312465 finetune.py:68] layer 18_gate @ epoch 4 new loss 3.935924905817956e-05 old loss 3.956737418775447e-05 BETTER
I0328 14:33:25.919384 2312325 finetune.py:68] layer 16_down @ epoch 1 new loss 6.372433563228697e-05 old loss 6.372562347678468e-05 BETTER
I0328 14:33:25.932036 2312395 finetune.py:68] layer 17_down @ epoch 0 new loss 7.158877997426316e-05 old loss 7.159083907026798e-05 BETTER
I0328 14:33:42.784928 2312535 finetune.py:68] layer 19_gate @ epoch 3 new loss 4.183485361863859e-05 old loss 4.206161975162104e-05 BETTER
I0328 14:33:53.246985 2312395 finetune.py:68] layer 17_down @ epoch 1 new loss 7.158723019529134e-05 old loss 7.158877997426316e-05 BETTER
I0328 14:33:54.817325 2312325 finetune.py:68] layer 16_down @ epoch 2 new loss 6.372325879056007e-05 old loss 6.372433563228697e-05 BETTER
I0328 14:34:12.220956 2312535 finetune.py:68] layer 19_gate @ epoch 4 new loss 4.162901677773334e-05 old loss 4.183485361863859e-05 BETTER
I0328 14:34:13.449449 2312465 finetune.py:45] layer 18_down initial loss 7.15937785571441e-05
I0328 14:34:20.878946 2312395 finetune.py:68] layer 17_down @ epoch 2 new loss 7.158616062952206e-05 old loss 7.158723019529134e-05 BETTER
I0328 14:34:23.913608 2312325 finetune.py:68] layer 16_down @ epoch 3 new loss 6.3722298364155e-05 old loss 6.372325879056007e-05 BETTER
I0328 14:34:39.811094 2312465 finetune.py:68] layer 18_down @ epoch 0 new loss 7.159232336562127e-05 old loss 7.15937785571441e-05 BETTER
I0328 14:34:48.666464 2312395 finetune.py:68] layer 17_down @ epoch 3 new loss 7.158533844631165e-05 old loss 7.158616062952206e-05 BETTER
I0328 14:34:53.169731 2312325 finetune.py:68] layer 16_down @ epoch 4 new loss 6.372154166456312e-05 old loss 6.3722298364155e-05 BETTER
16_v proxy err 0.0070669506676495075 tr(WHW.T) 274.28167724609375
bpp_loss 3.534696653485298
16_q proxy err 0.0003420081629883498 tr(WHW.T) 24485.736328125
bpp_loss 4.423605756834149
16_k proxy err 0.00012606150994542986 tr(WHW.T) 19492.232421875
bpp_loss 5.392019805731252
16_o proxy err 0.006386586930602789 tr(WHW.T) 970.340576171875
bpp_loss 3.6388467339565977
16_up proxy err 0.0049171666614711285 tr(WHW.T) 8332.3310546875
bpp_loss 3.7436676554914032
16_gate proxy err 0.0010178724769502878 tr(WHW.T) 41152.4921875
bpp_loss 4.091999181878886
16_down proxy err 0.006190522573888302 tr(WHW.T) 6299.3232421875
bpp_loss 3.7350271795044785
I0328 14:35:07.835358 2312465 finetune.py:68] layer 18_down @ epoch 1 new loss 7.159132655942813e-05 old loss 7.159232336562127e-05 BETTER
I0328 14:35:09.781089 2312535 finetune.py:45] layer 19_down initial loss 7.561127858934924e-05
I0328 14:35:16.656075 2312395 finetune.py:68] layer 17_down @ epoch 4 new loss 7.158458174671978e-05 old loss 7.158533844631165e-05 BETTER
17_v proxy err 0.007643864955753088 tr(WHW.T) 283.9730224609375
bpp_loss 3.604199012974277
17_q proxy err 0.00033901503775268793 tr(WHW.T) 27574.369140625
bpp_loss 4.4407372993882746
17_k proxy err 0.00015916768461465836 tr(WHW.T) 17419.130859375
bpp_loss 5.4222289067693055
17_o proxy err 0.00698094954714179 tr(WHW.T) 1107.483642578125
bpp_loss 3.668123120733071
17_up proxy err 0.00485624372959137 tr(WHW.T) 8453.23828125
bpp_loss 3.741108368217413
17_gate proxy err 0.0010079223429784179 tr(WHW.T) 41685.9140625
bpp_loss 4.106589984680925
17_down proxy err 0.006281246431171894 tr(WHW.T) 6222.36767578125
bpp_loss 3.731480742721552
I0328 14:35:35.664013 2312535 finetune.py:68] layer 19_down @ epoch 0 new loss 7.560962694697082e-05 old loss 7.561127858934924e-05 BETTER
I0328 14:35:35.697291 2312465 finetune.py:68] layer 18_down @ epoch 2 new loss 7.15904898243025e-05 old loss 7.159132655942813e-05 BETTER
I0328 14:36:02.797406 2312535 finetune.py:68] layer 19_down @ epoch 1 new loss 7.560852100141346e-05 old loss 7.560962694697082e-05 BETTER
I0328 14:36:03.565232 2312465 finetune.py:68] layer 18_down @ epoch 3 new loss 7.158984954003245e-05 old loss 7.15904898243025e-05 BETTER
I0328 14:36:28.443150 2311068 quantize_finetune_llama.py:240] computed original embedding for layer 20 in 66.59483098983765s
I0328 14:36:29.912852 2312535 finetune.py:68] layer 19_down @ epoch 2 new loss 7.560769154224545e-05 old loss 7.560852100141346e-05 BETTER
I0328 14:36:31.414874 2312465 finetune.py:68] layer 18_down @ epoch 4 new loss 7.158928201533854e-05 old loss 7.158984954003245e-05 BETTER
I0328 14:36:32.344569 2312605 utils.py:146] Note: detected 128 virtual cores but NumExpr set to maximum of 64, check "NUMEXPR_MAX_THREADS" environment variable.
I0328 14:36:32.344668 2312605 utils.py:149] Note: NumExpr detected 128 cores but "NUMEXPR_MAX_THREADS" not set, so enforcing safe limit of 16.
I0328 14:36:32.344707 2312605 utils.py:162] NumExpr defaulting to 16 threads.
I0328 14:36:32.717203 2312605 config.py:54] PyTorch version 2.6.0 available.
W0328 14:36:32.929890 2312605 warnings.py:109] /opt/conda/lib/python3.10/site-packages/torchvision/io/image.py:13: UserWarning: Failed to load image Python extension: '/opt/conda/lib/python3.10/site-packages/torchvision/image.so: undefined symbol: _ZN3c1017RegisterOperatorsD1Ev'If you don't plan on using image functionality from `torchvision.io`, you can ignore this warning. Otherwise, there might be something wrong with your environment. Did you have `libjpeg` or `libpng` installed before building `torchvision` from source?
  warn(

18_v proxy err 0.007729849312454462 tr(WHW.T) 287.61376953125
bpp_loss 3.529033595463261
18_q proxy err 0.00042770395521074533 tr(WHW.T) 22404.212890625
bpp_loss 4.434973236289807
18_k proxy err 0.00016271979256998748 tr(WHW.T) 17386.9140625
bpp_loss 5.506467443308793
18_o proxy err 0.006886246148496866 tr(WHW.T) 1205.0513916015625
bpp_loss 3.6468004601774737
18_up proxy err 0.005351200234144926 tr(WHW.T) 7983.7392578125
bpp_loss 3.7370035622401963
18_gate proxy err 0.0012417921097949147 tr(WHW.T) 35218.9296875
bpp_loss 4.113344752628889
18_down proxy err 0.006470395717769861 tr(WHW.T) 6238.6025390625
bpp_loss 3.7302423979687904
W0328 14:36:33.580397 2312605 warnings.py:109] /opt/conda/lib/python3.10/site-packages/compressai/models/video/google.py:353: FutureWarning: `torch.cuda.amp.autocast(args...)` is deprecated. Please use `torch.amp.autocast('cuda', args...)` instead.
  @amp.autocast(enabled=False)

I0328 14:36:33.585532 2311068 quantize_finetune_llama.py:209] layer 21 gpu 1
I0328 14:36:33.600124 2312605 data_utils.py:336] using 256 training seqs, 128 validation seqs
The attention layers in this model are transitioning from computing the RoPE embeddings internally through `position_ids` (2D tensor with the indexes of the tokens), to using externally computed `position_embeddings` (Tuple of tensors, containing cos and sin). In v4.46 `position_ids` will be removed and `position_embeddings` will be mandatory.
I0328 14:36:50.593933 2312605 finetune.py:45] layer 20_v initial loss 1.9881696061929688e-05
W0328 14:36:50.594179 2312605 warnings.py:109] /workspace/Weight_compression/comp_lm_qtip/lib/algo/finetune.py:46: FutureWarning: `torch.cuda.amp.GradScaler(args...)` is deprecated. Please use `torch.amp.GradScaler('cuda', args...)` instead.
  scaler = torch.cuda.amp.GradScaler(enabled=(orig_dtype==torch.float16))

I0328 14:36:57.227157 2312535 finetune.py:68] layer 19_down @ epoch 3 new loss 7.560691301478073e-05 old loss 7.560769154224545e-05 BETTER
I0328 14:37:24.701137 2312535 finetune.py:68] layer 19_down @ epoch 4 new loss 7.560619269497693e-05 old loss 7.560691301478073e-05 BETTER
I0328 14:37:25.659320 2312605 finetune.py:68] layer 20_v @ epoch 0 new loss 6.898633273522137e-06 old loss 1.9881696061929688e-05 BETTER
19_v proxy err 0.006743720732629299 tr(WHW.T) 341.0596618652344
bpp_loss 3.574704827507958
19_q proxy err 0.0004112487658858299 tr(WHW.T) 24040.142578125
bpp_loss 4.437616804265417
19_k proxy err 0.00018193582945968956 tr(WHW.T) 15545.921875
bpp_loss 5.4009477163199335
19_o proxy err 0.007112826686352491 tr(WHW.T) 1170.017822265625
bpp_loss 3.6599728751461953
19_up proxy err 0.005675911903381348 tr(WHW.T) 7651.47509765625
bpp_loss 3.733337267501546
19_gate proxy err 0.001356181688606739 tr(WHW.T) 32798.56640625
bpp_loss 4.123829720541835
19_down proxy err 0.006552135571837425 tr(WHW.T) 6194.96923828125
bpp_loss 3.7285369115249654
I0328 14:37:40.811477 2311068 quantize_finetune_llama.py:240] computed original embedding for layer 21 in 64.93023180961609s
I0328 14:37:44.410655 2312675 utils.py:146] Note: detected 128 virtual cores but NumExpr set to maximum of 64, check "NUMEXPR_MAX_THREADS" environment variable.
I0328 14:37:44.410761 2312675 utils.py:149] Note: NumExpr detected 128 cores but "NUMEXPR_MAX_THREADS" not set, so enforcing safe limit of 16.
I0328 14:37:44.410805 2312675 utils.py:162] NumExpr defaulting to 16 threads.
I0328 14:37:44.756502 2312675 config.py:54] PyTorch version 2.6.0 available.
W0328 14:37:44.970035 2312675 warnings.py:109] /opt/conda/lib/python3.10/site-packages/torchvision/io/image.py:13: UserWarning: Failed to load image Python extension: '/opt/conda/lib/python3.10/site-packages/torchvision/image.so: undefined symbol: _ZN3c1017RegisterOperatorsD1Ev'If you don't plan on using image functionality from `torchvision.io`, you can ignore this warning. Otherwise, there might be something wrong with your environment. Did you have `libjpeg` or `libpng` installed before building `torchvision` from source?
  warn(

W0328 14:37:45.785512 2312675 warnings.py:109] /opt/conda/lib/python3.10/site-packages/compressai/models/video/google.py:353: FutureWarning: `torch.cuda.amp.autocast(args...)` is deprecated. Please use `torch.amp.autocast('cuda', args...)` instead.
  @amp.autocast(enabled=False)

I0328 14:37:45.789488 2311068 quantize_finetune_llama.py:209] layer 22 gpu 2
I0328 14:37:45.803494 2312675 data_utils.py:336] using 256 training seqs, 128 validation seqs
The attention layers in this model are transitioning from computing the RoPE embeddings internally through `position_ids` (2D tensor with the indexes of the tokens), to using externally computed `position_embeddings` (Tuple of tensors, containing cos and sin). In v4.46 `position_ids` will be removed and `position_embeddings` will be mandatory.
I0328 14:38:02.201654 2312605 finetune.py:68] layer 20_v @ epoch 1 new loss 6.248066711123101e-06 old loss 6.898633273522137e-06 BETTER
I0328 14:38:03.174986 2312675 finetune.py:45] layer 21_v initial loss 2.003599001909606e-05
W0328 14:38:03.175202 2312675 warnings.py:109] /workspace/Weight_compression/comp_lm_qtip/lib/algo/finetune.py:46: FutureWarning: `torch.cuda.amp.GradScaler(args...)` is deprecated. Please use `torch.amp.GradScaler('cuda', args...)` instead.
  scaler = torch.cuda.amp.GradScaler(enabled=(orig_dtype==torch.float16))

I0328 14:38:36.473965 2312675 finetune.py:68] layer 21_v @ epoch 0 new loss 8.074216566456016e-06 old loss 2.003599001909606e-05 BETTER
I0328 14:38:39.344464 2312605 finetune.py:68] layer 20_v @ epoch 2 new loss 5.9696249081753194e-06 old loss 6.248066711123101e-06 BETTER
I0328 14:38:50.767363 2311068 quantize_finetune_llama.py:240] computed original embedding for layer 22 in 64.51091408729553s
I0328 14:38:54.451925 2312745 utils.py:146] Note: detected 128 virtual cores but NumExpr set to maximum of 64, check "NUMEXPR_MAX_THREADS" environment variable.
I0328 14:38:54.452020 2312745 utils.py:149] Note: NumExpr detected 128 cores but "NUMEXPR_MAX_THREADS" not set, so enforcing safe limit of 16.
I0328 14:38:54.452063 2312745 utils.py:162] NumExpr defaulting to 16 threads.
I0328 14:38:54.792744 2312745 config.py:54] PyTorch version 2.6.0 available.
W0328 14:38:55.000368 2312745 warnings.py:109] /opt/conda/lib/python3.10/site-packages/torchvision/io/image.py:13: UserWarning: Failed to load image Python extension: '/opt/conda/lib/python3.10/site-packages/torchvision/image.so: undefined symbol: _ZN3c1017RegisterOperatorsD1Ev'If you don't plan on using image functionality from `torchvision.io`, you can ignore this warning. Otherwise, there might be something wrong with your environment. Did you have `libjpeg` or `libpng` installed before building `torchvision` from source?
  warn(

W0328 14:38:55.600699 2312745 warnings.py:109] /opt/conda/lib/python3.10/site-packages/compressai/models/video/google.py:353: FutureWarning: `torch.cuda.amp.autocast(args...)` is deprecated. Please use `torch.amp.autocast('cuda', args...)` instead.
  @amp.autocast(enabled=False)

I0328 14:38:55.604693 2311068 quantize_finetune_llama.py:209] layer 23 gpu 3
I0328 14:38:55.619584 2312745 data_utils.py:336] using 256 training seqs, 128 validation seqs
The attention layers in this model are transitioning from computing the RoPE embeddings internally through `position_ids` (2D tensor with the indexes of the tokens), to using externally computed `position_embeddings` (Tuple of tensors, containing cos and sin). In v4.46 `position_ids` will be removed and `position_embeddings` will be mandatory.
I0328 14:39:11.125956 2312675 finetune.py:68] layer 21_v @ epoch 1 new loss 7.342592653003521e-06 old loss 8.074216566456016e-06 BETTER
I0328 14:39:13.163450 2312745 finetune.py:45] layer 22_v initial loss 2.1760099116363563e-05
W0328 14:39:13.163674 2312745 warnings.py:109] /workspace/Weight_compression/comp_lm_qtip/lib/algo/finetune.py:46: FutureWarning: `torch.cuda.amp.GradScaler(args...)` is deprecated. Please use `torch.amp.GradScaler('cuda', args...)` instead.
  scaler = torch.cuda.amp.GradScaler(enabled=(orig_dtype==torch.float16))

I0328 14:39:16.375084 2312605 finetune.py:68] layer 20_v @ epoch 3 new loss 5.8130690376856364e-06 old loss 5.9696249081753194e-06 BETTER
I0328 14:39:46.181427 2312675 finetune.py:68] layer 21_v @ epoch 2 new loss 7.011603429418756e-06 old loss 7.342592653003521e-06 BETTER
I0328 14:39:46.793531 2312745 finetune.py:68] layer 22_v @ epoch 0 new loss 6.640238552790834e-06 old loss 2.1760099116363563e-05 BETTER
I0328 14:39:53.563889 2312605 finetune.py:68] layer 20_v @ epoch 4 new loss 5.689079443982337e-06 old loss 5.8130690376856364e-06 BETTER
I0328 14:40:01.490308 2311068 quantize_finetune_llama.py:240] computed original embedding for layer 23 in 65.38742971420288s
I0328 14:40:05.374614 2312815 utils.py:146] Note: detected 128 virtual cores but NumExpr set to maximum of 64, check "NUMEXPR_MAX_THREADS" environment variable.
I0328 14:40:05.374719 2312815 utils.py:149] Note: NumExpr detected 128 cores but "NUMEXPR_MAX_THREADS" not set, so enforcing safe limit of 16.
I0328 14:40:05.374761 2312815 utils.py:162] NumExpr defaulting to 16 threads.
I0328 14:40:05.729485 2312815 config.py:54] PyTorch version 2.6.0 available.
W0328 14:40:05.952687 2312815 warnings.py:109] /opt/conda/lib/python3.10/site-packages/torchvision/io/image.py:13: UserWarning: Failed to load image Python extension: '/opt/conda/lib/python3.10/site-packages/torchvision/image.so: undefined symbol: _ZN3c1017RegisterOperatorsD1Ev'If you don't plan on using image functionality from `torchvision.io`, you can ignore this warning. Otherwise, there might be something wrong with your environment. Did you have `libjpeg` or `libpng` installed before building `torchvision` from source?
  warn(

W0328 14:40:06.594271 2312815 warnings.py:109] /opt/conda/lib/python3.10/site-packages/compressai/models/video/google.py:353: FutureWarning: `torch.cuda.amp.autocast(args...)` is deprecated. Please use `torch.amp.autocast('cuda', args...)` instead.
  @amp.autocast(enabled=False)

I0328 14:40:06.598248 2311068 quantize_finetune_llama.py:209] layer 24 gpu 0
I0328 14:40:06.613042 2312815 data_utils.py:336] using 256 training seqs, 128 validation seqs
I0328 14:40:13.350219 2312605 finetune.py:45] layer 20_q initial loss 6.625306468777126e-06
The attention layers in this model are transitioning from computing the RoPE embeddings internally through `position_ids` (2D tensor with the indexes of the tokens), to using externally computed `position_embeddings` (Tuple of tensors, containing cos and sin). In v4.46 `position_ids` will be removed and `position_embeddings` will be mandatory.
I0328 14:40:21.369715 2312675 finetune.py:68] layer 21_v @ epoch 3 new loss 6.788673545088386e-06 old loss 7.011603429418756e-06 BETTER
I0328 14:40:21.779389 2312745 finetune.py:68] layer 22_v @ epoch 1 new loss 5.9276126194163226e-06 old loss 6.640238552790834e-06 BETTER
I0328 14:40:24.423099 2312815 finetune.py:45] layer 23_v initial loss 2.710259286686778e-05
W0328 14:40:24.423353 2312815 warnings.py:109] /workspace/Weight_compression/comp_lm_qtip/lib/algo/finetune.py:46: FutureWarning: `torch.cuda.amp.GradScaler(args...)` is deprecated. Please use `torch.amp.GradScaler('cuda', args...)` instead.
  scaler = torch.cuda.amp.GradScaler(enabled=(orig_dtype==torch.float16))

I0328 14:40:48.652140 2312605 finetune.py:68] layer 20_q @ epoch 0 new loss 6.4598916651448235e-06 old loss 6.625306468777126e-06 BETTER
I0328 14:40:56.924221 2312675 finetune.py:68] layer 21_v @ epoch 4 new loss 6.621997272304725e-06 old loss 6.788673545088386e-06 BETTER
I0328 14:40:57.198920 2312745 finetune.py:68] layer 22_v @ epoch 2 new loss 5.634187800751533e-06 old loss 5.9276126194163226e-06 BETTER
I0328 14:40:57.899987 2312815 finetune.py:68] layer 23_v @ epoch 0 new loss 6.932363703526789e-06 old loss 2.710259286686778e-05 BETTER
I0328 14:41:16.719186 2312675 finetune.py:45] layer 21_q initial loss 8.127062756102532e-06
I0328 14:41:25.038694 2312605 finetune.py:68] layer 20_q @ epoch 1 new loss 6.343688710330753e-06 old loss 6.4598916651448235e-06 BETTER
I0328 14:41:32.094208 2312815 finetune.py:68] layer 23_v @ epoch 1 new loss 6.03386160946684e-06 old loss 6.932363703526789e-06 BETTER
I0328 14:41:32.587805 2312745 finetune.py:68] layer 22_v @ epoch 3 new loss 5.459435669763479e-06 old loss 5.634187800751533e-06 BETTER
I0328 14:41:50.145992 2312675 finetune.py:68] layer 21_q @ epoch 0 new loss 7.862620805099141e-06 old loss 8.127062756102532e-06 BETTER
I0328 14:42:01.637554 2312605 finetune.py:68] layer 20_q @ epoch 2 new loss 6.256215783650987e-06 old loss 6.343688710330753e-06 BETTER
I0328 14:42:06.662020 2312815 finetune.py:68] layer 23_v @ epoch 2 new loss 5.708972366846865e-06 old loss 6.03386160946684e-06 BETTER
I0328 14:42:07.774922 2312745 finetune.py:68] layer 22_v @ epoch 4 new loss 5.3512712838710286e-06 old loss 5.459435669763479e-06 BETTER
I0328 14:42:24.554951 2312675 finetune.py:68] layer 21_q @ epoch 1 new loss 7.705806638114154e-06 old loss 7.862620805099141e-06 BETTER
I0328 14:42:27.459494 2312745 finetune.py:45] layer 22_q initial loss 6.616641258005984e-06
I0328 14:42:38.340691 2312605 finetune.py:68] layer 20_q @ epoch 3 new loss 6.186684004205745e-06 old loss 6.256215783650987e-06 BETTER
I0328 14:42:41.397632 2312815 finetune.py:68] layer 23_v @ epoch 3 new loss 5.52973597223172e-06 old loss 5.708972366846865e-06 BETTER
I0328 14:42:59.086004 2312675 finetune.py:68] layer 21_q @ epoch 2 new loss 7.56090503273299e-06 old loss 7.705806638114154e-06 BETTER
I0328 14:43:01.106254 2312745 finetune.py:68] layer 22_q @ epoch 0 new loss 6.424501407309435e-06 old loss 6.616641258005984e-06 BETTER
I0328 14:43:15.167469 2312605 finetune.py:68] layer 20_q @ epoch 4 new loss 6.123772436694708e-06 old loss 6.186684004205745e-06 BETTER
I0328 14:43:16.230272 2312815 finetune.py:68] layer 23_v @ epoch 4 new loss 5.410447101894533e-06 old loss 5.52973597223172e-06 BETTER
I0328 14:43:33.166743 2312605 finetune.py:45] layer 20_k initial loss 6.4987430050678086e-06
I0328 14:43:34.103447 2312675 finetune.py:68] layer 21_q @ epoch 3 new loss 7.455186278093606e-06 old loss 7.56090503273299e-06 BETTER
I0328 14:43:35.964342 2312745 finetune.py:68] layer 22_q @ epoch 1 new loss 6.307872354227584e-06 old loss 6.424501407309435e-06 BETTER
I0328 14:43:36.754418 2312815 finetune.py:45] layer 23_q initial loss 6.556915195687907e-06
I0328 14:44:08.541734 2312605 finetune.py:68] layer 20_k @ epoch 0 new loss 6.429743280023104e-06 old loss 6.4987430050678086e-06 BETTER
I0328 14:44:09.583117 2312675 finetune.py:68] layer 21_q @ epoch 4 new loss 7.3657342909427825e-06 old loss 7.455186278093606e-06 BETTER
I0328 14:44:10.134170 2312815 finetune.py:68] layer 23_q @ epoch 0 new loss 6.384997959685279e-06 old loss 6.556915195687907e-06 BETTER
I0328 14:44:11.043942 2312745 finetune.py:68] layer 22_q @ epoch 2 new loss 6.217479949555127e-06 old loss 6.307872354227584e-06 BETTER
I0328 14:44:27.926240 2312675 finetune.py:45] layer 21_k initial loss 8.057354534685146e-06
I0328 14:44:44.367130 2312815 finetune.py:68] layer 23_q @ epoch 1 new loss 6.263949671847513e-06 old loss 6.384997959685279e-06 BETTER
I0328 14:44:45.198465 2312605 finetune.py:68] layer 20_k @ epoch 1 new loss 6.379215392371407e-06 old loss 6.429743280023104e-06 BETTER
I0328 14:44:45.809198 2312745 finetune.py:68] layer 22_q @ epoch 3 new loss 6.151104571472388e-06 old loss 6.217479949555127e-06 BETTER
I0328 14:45:01.242945 2312675 finetune.py:68] layer 21_k @ epoch 0 new loss 7.885856575740036e-06 old loss 8.057354534685146e-06 BETTER
I0328 14:45:18.795764 2312815 finetune.py:68] layer 23_q @ epoch 2 new loss 6.179466708999826e-06 old loss 6.263949671847513e-06 BETTER
I0328 14:45:20.828592 2312745 finetune.py:68] layer 22_q @ epoch 4 new loss 6.098956873756833e-06 old loss 6.151104571472388e-06 BETTER
I0328 14:45:21.904098 2312605 finetune.py:68] layer 20_k @ epoch 2 new loss 6.337714239634806e-06 old loss 6.379215392371407e-06 BETTER
I0328 14:45:35.512398 2312675 finetune.py:68] layer 21_k @ epoch 1 new loss 7.814951459295116e-06 old loss 7.885856575740036e-06 BETTER
I0328 14:45:38.874908 2312745 finetune.py:45] layer 22_k initial loss 6.667462457699003e-06
I0328 14:45:52.998532 2312815 finetune.py:68] layer 23_q @ epoch 3 new loss 6.115918495197548e-06 old loss 6.179466708999826e-06 BETTER
I0328 14:45:58.367017 2312605 finetune.py:68] layer 20_k @ epoch 3 new loss 6.3006323216541205e-06 old loss 6.337714239634806e-06 BETTER
I0328 14:46:09.887224 2312675 finetune.py:68] layer 21_k @ epoch 2 new loss 7.75354328652611e-06 old loss 7.814951459295116e-06 BETTER
I0328 14:46:12.436976 2312745 finetune.py:68] layer 22_k @ epoch 0 new loss 6.5855506363732275e-06 old loss 6.667462457699003e-06 BETTER
I0328 14:46:27.093621 2312815 finetune.py:68] layer 23_q @ epoch 4 new loss 6.060658961359877e-06 old loss 6.115918495197548e-06 BETTER
I0328 14:46:34.879930 2312605 finetune.py:68] layer 20_k @ epoch 4 new loss 6.275441592151765e-06 old loss 6.3006323216541205e-06 BETTER
I0328 14:46:44.408871 2312675 finetune.py:68] layer 21_k @ epoch 3 new loss 7.706146789132617e-06 old loss 7.75354328652611e-06 BETTER
I0328 14:46:45.396508 2312815 finetune.py:45] layer 23_k initial loss 6.800626579206437e-06
I0328 14:46:47.000847 2312745 finetune.py:68] layer 22_k @ epoch 1 new loss 6.538371053466108e-06 old loss 6.5855506363732275e-06 BETTER
I0328 14:46:54.342566 2312605 finetune.py:45] layer 20_o initial loss 1.3918517652200535e-05
I0328 14:47:18.255096 2312815 finetune.py:68] layer 23_k @ epoch 0 new loss 6.651950116065564e-06 old loss 6.800626579206437e-06 BETTER
I0328 14:47:19.216758 2312675 finetune.py:68] layer 21_k @ epoch 4 new loss 7.669460501347203e-06 old loss 7.706146789132617e-06 BETTER
I0328 14:47:21.709460 2312745 finetune.py:68] layer 22_k @ epoch 2 new loss 6.500730250991182e-06 old loss 6.538371053466108e-06 BETTER
I0328 14:47:29.029311 2312605 finetune.py:68] layer 20_o @ epoch 0 new loss 1.3461039088724647e-05 old loss 1.3918517652200535e-05 BETTER
I0328 14:47:39.007812 2312675 finetune.py:45] layer 21_o initial loss 1.74044216691982e-05
I0328 14:47:52.171521 2312815 finetune.py:68] layer 23_k @ epoch 1 new loss 6.592775207536761e-06 old loss 6.651950116065564e-06 BETTER
I0328 14:47:56.125128 2312745 finetune.py:68] layer 22_k @ epoch 3 new loss 6.469786967500113e-06 old loss 6.500730250991182e-06 BETTER
I0328 14:48:04.912480 2312605 finetune.py:68] layer 20_o @ epoch 1 new loss 1.3257167665869929e-05 old loss 1.3461039088724647e-05 BETTER
I0328 14:48:11.705506 2312675 finetune.py:68] layer 21_o @ epoch 0 new loss 1.6735075405449606e-05 old loss 1.74044216691982e-05 BETTER
I0328 14:48:26.272820 2312815 finetune.py:68] layer 23_k @ epoch 2 new loss 6.546168151544407e-06 old loss 6.592775207536761e-06 BETTER
I0328 14:48:30.570082 2312745 finetune.py:68] layer 22_k @ epoch 4 new loss 6.445036433433415e-06 old loss 6.469786967500113e-06 BETTER
I0328 14:48:40.560570 2312605 finetune.py:68] layer 20_o @ epoch 2 new loss 1.311085816269042e-05 old loss 1.3257167665869929e-05 BETTER
I0328 14:48:45.327095 2312675 finetune.py:68] layer 21_o @ epoch 1 new loss 1.6414111087215133e-05 old loss 1.6735075405449606e-05 BETTER
I0328 14:48:50.660880 2312745 finetune.py:45] layer 22_o initial loss 1.558562507852912e-05
I0328 14:49:00.228574 2312815 finetune.py:68] layer 23_k @ epoch 3 new loss 6.511833817057777e-06 old loss 6.546168151544407e-06 BETTER
I0328 14:49:16.543627 2312605 finetune.py:68] layer 20_o @ epoch 3 new loss 1.2990832146897446e-05 old loss 1.311085816269042e-05 BETTER
I0328 14:49:19.110321 2312675 finetune.py:68] layer 21_o @ epoch 2 new loss 1.6192652765312232e-05 old loss 1.6414111087215133e-05 BETTER
I0328 14:49:23.559166 2312745 finetune.py:68] layer 22_o @ epoch 0 new loss 1.5106848877621815e-05 old loss 1.558562507852912e-05 BETTER
I0328 14:49:34.312819 2312815 finetune.py:68] layer 23_k @ epoch 4 new loss 6.480281626863871e-06 old loss 6.511833817057777e-06 BETTER
I0328 14:49:52.752946 2312605 finetune.py:68] layer 20_o @ epoch 4 new loss 1.2899125977128278e-05 old loss 1.2990832146897446e-05 BETTER
I0328 14:49:53.115170 2312675 finetune.py:68] layer 21_o @ epoch 3 new loss 1.601619806024246e-05 old loss 1.6192652765312232e-05 BETTER
I0328 14:49:54.211295 2312815 finetune.py:45] layer 23_o initial loss 1.610077561053913e-05
I0328 14:49:57.421673 2312745 finetune.py:68] layer 22_o @ epoch 1 new loss 1.4908544471836649e-05 old loss 1.5106848877621815e-05 BETTER
I0328 14:50:24.611819 2312605 finetune.py:45] layer 20_up initial loss 3.946808283217251e-05
I0328 14:50:26.592144 2312815 finetune.py:68] layer 23_o @ epoch 0 new loss 1.5529192751273513e-05 old loss 1.610077561053913e-05 BETTER
I0328 14:50:27.437262 2312675 finetune.py:68] layer 21_o @ epoch 4 new loss 1.5876401448622346e-05 old loss 1.601619806024246e-05 BETTER
I0328 14:50:31.469939 2312745 finetune.py:68] layer 22_o @ epoch 2 new loss 1.4767625543754548e-05 old loss 1.4908544471836649e-05 BETTER
I0328 14:50:56.513096 2312605 finetune.py:68] layer 20_up @ epoch 0 new loss 3.872477827826515e-05 old loss 3.946808283217251e-05 BETTER
I0328 14:50:58.865000 2312675 finetune.py:45] layer 21_up initial loss 4.612865814124234e-05
I0328 14:50:59.925180 2312815 finetune.py:68] layer 23_o @ epoch 1 new loss 1.5322171748266555e-05 old loss 1.5529192751273513e-05 BETTER
I0328 14:51:05.451405 2312745 finetune.py:68] layer 22_o @ epoch 3 new loss 1.4663393812952563e-05 old loss 1.4767625543754548e-05 BETTER
I0328 14:51:29.214195 2312675 finetune.py:68] layer 21_up @ epoch 0 new loss 4.520514266914688e-05 old loss 4.612865814124234e-05 BETTER
I0328 14:51:29.880167 2312605 finetune.py:68] layer 20_up @ epoch 1 new loss 3.817674223682843e-05 old loss 3.872477827826515e-05 BETTER
I0328 14:51:33.316282 2312815 finetune.py:68] layer 23_o @ epoch 2 new loss 1.5176994565990753e-05 old loss 1.5322171748266555e-05 BETTER
I0328 14:51:39.436361 2312745 finetune.py:68] layer 22_o @ epoch 4 new loss 1.4576896319340449e-05 old loss 1.4663393812952563e-05 BETTER
I0328 14:52:00.757851 2312675 finetune.py:68] layer 21_up @ epoch 1 new loss 4.453363726497628e-05 old loss 4.520514266914688e-05 BETTER
I0328 14:52:03.414070 2312605 finetune.py:68] layer 20_up @ epoch 2 new loss 3.7723184505011886e-05 old loss 3.817674223682843e-05 BETTER
I0328 14:52:06.951272 2312815 finetune.py:68] layer 23_o @ epoch 3 new loss 1.506542776041897e-05 old loss 1.5176994565990753e-05 BETTER
I0328 14:52:11.641116 2312745 finetune.py:45] layer 22_up initial loss 4.637956226360984e-05
I0328 14:52:32.516163 2312675 finetune.py:68] layer 21_up @ epoch 2 new loss 4.398067176225595e-05 old loss 4.453363726497628e-05 BETTER
I0328 14:52:37.173139 2312605 finetune.py:68] layer 20_up @ epoch 3 new loss 3.732883487828076e-05 old loss 3.7723184505011886e-05 BETTER
I0328 14:52:40.505557 2312815 finetune.py:68] layer 23_o @ epoch 4 new loss 1.4981234926381148e-05 old loss 1.506542776041897e-05 BETTER
I0328 14:52:42.201088 2312745 finetune.py:68] layer 22_up @ epoch 0 new loss 4.5494794903788716e-05 old loss 4.637956226360984e-05 BETTER
I0328 14:53:04.400309 2312675 finetune.py:68] layer 21_up @ epoch 3 new loss 4.3510954128578305e-05 old loss 4.398067176225595e-05 BETTER
I0328 14:53:10.885941 2312605 finetune.py:68] layer 20_up @ epoch 4 new loss 3.699040098581463e-05 old loss 3.732883487828076e-05 BETTER
I0328 14:53:12.330496 2312815 finetune.py:45] layer 23_up initial loss 4.9528836825629696e-05
I0328 14:53:13.987176 2312745 finetune.py:68] layer 22_up @ epoch 1 new loss 4.4881227950099856e-05 old loss 4.5494794903788716e-05 BETTER
I0328 14:53:36.559673 2312675 finetune.py:68] layer 21_up @ epoch 4 new loss 4.310533404350281e-05 old loss 4.3510954128578305e-05 BETTER
I0328 14:53:42.532420 2312815 finetune.py:68] layer 23_up @ epoch 0 new loss 4.8694513679947704e-05 old loss 4.9528836825629696e-05 BETTER
I0328 14:53:42.557355 2312605 finetune.py:45] layer 20_gate initial loss 4.684128725784831e-05
I0328 14:53:46.016470 2312745 finetune.py:68] layer 22_up @ epoch 2 new loss 4.437469760887325e-05 old loss 4.4881227950099856e-05 BETTER
I0328 14:54:08.384440 2312675 finetune.py:45] layer 21_gate initial loss 5.4311782150762156e-05
I0328 14:54:12.706831 2312605 finetune.py:68] layer 20_gate @ epoch 0 new loss 4.648351750802249e-05 old loss 4.684128725784831e-05 BETTER
I0328 14:54:13.764544 2312815 finetune.py:68] layer 23_up @ epoch 1 new loss 4.8101584980031475e-05 old loss 4.8694513679947704e-05 BETTER
I0328 14:54:18.169031 2312745 finetune.py:68] layer 22_up @ epoch 3 new loss 4.394636562210508e-05 old loss 4.437469760887325e-05 BETTER
I0328 14:54:36.799436 2312675 finetune.py:68] layer 21_gate @ epoch 0 new loss 5.387761484598741e-05 old loss 5.4311782150762156e-05 BETTER
I0328 14:54:43.811711 2312605 finetune.py:68] layer 20_gate @ epoch 1 new loss 4.6186192776076496e-05 old loss 4.648351750802249e-05 BETTER
I0328 14:54:45.036976 2312815 finetune.py:68] layer 23_up @ epoch 2 new loss 4.762074968311936e-05 old loss 4.8101584980031475e-05 BETTER
I0328 14:54:50.358392 2312745 finetune.py:68] layer 22_up @ epoch 4 new loss 4.3572847062023357e-05 old loss 4.394636562210508e-05 BETTER
I0328 14:55:06.288935 2312675 finetune.py:68] layer 21_gate @ epoch 1 new loss 5.3525505791185424e-05 old loss 5.387761484598741e-05 BETTER
I0328 14:55:15.002561 2312605 finetune.py:68] layer 20_gate @ epoch 2 new loss 4.5922239223727956e-05 old loss 4.6186192776076496e-05 BETTER
I0328 14:55:16.357437 2312815 finetune.py:68] layer 23_up @ epoch 3 new loss 4.7215220547514036e-05 old loss 4.762074968311936e-05 BETTER
I0328 14:55:22.441078 2312745 finetune.py:45] layer 22_gate initial loss 5.579201751970686e-05
I0328 14:55:35.836170 2312675 finetune.py:68] layer 21_gate @ epoch 2 new loss 5.32140584255103e-05 old loss 5.3525505791185424e-05 BETTER
I0328 14:55:46.476868 2312605 finetune.py:68] layer 20_gate @ epoch 3 new loss 4.5690936531173065e-05 old loss 4.5922239223727956e-05 BETTER
I0328 14:55:47.694234 2312815 finetune.py:68] layer 23_up @ epoch 4 new loss 4.6867022319929674e-05 old loss 4.7215220547514036e-05 BETTER
I0328 14:55:51.096998 2312745 finetune.py:68] layer 22_gate @ epoch 0 new loss 5.539175617741421e-05 old loss 5.579201751970686e-05 BETTER
I0328 14:56:05.490974 2312675 finetune.py:68] layer 21_gate @ epoch 3 new loss 5.2942621550755575e-05 old loss 5.32140584255103e-05 BETTER
I0328 14:56:17.868264 2312605 finetune.py:68] layer 20_gate @ epoch 4 new loss 4.547942808130756e-05 old loss 4.5690936531173065e-05 BETTER
I0328 14:56:20.158695 2312815 finetune.py:45] layer 23_gate initial loss 6.0667196521535516e-05
I0328 14:56:20.548116 2312745 finetune.py:68] layer 22_gate @ epoch 1 new loss 5.506546585820615e-05 old loss 5.539175617741421e-05 BETTER
I0328 14:56:35.081398 2312675 finetune.py:68] layer 21_gate @ epoch 4 new loss 5.2696308557642624e-05 old loss 5.2942621550755575e-05 BETTER
I0328 14:56:48.073270 2312815 finetune.py:68] layer 23_gate @ epoch 0 new loss 6.029962605680339e-05 old loss 6.0667196521535516e-05 BETTER
I0328 14:56:50.398837 2312745 finetune.py:68] layer 22_gate @ epoch 2 new loss 5.478541788761504e-05 old loss 5.506546585820615e-05 BETTER
I0328 14:57:13.454592 2312605 finetune.py:45] layer 20_down initial loss 8.174042886821553e-05
I0328 14:57:17.226165 2312815 finetune.py:68] layer 23_gate @ epoch 1 new loss 6.0003469116054475e-05 old loss 6.029962605680339e-05 BETTER
I0328 14:57:20.116170 2312745 finetune.py:68] layer 22_gate @ epoch 3 new loss 5.453688572742976e-05 old loss 5.478541788761504e-05 BETTER
I0328 14:57:31.962146 2312675 finetune.py:45] layer 21_down initial loss 9.49335953919217e-05
I0328 14:57:40.749931 2312605 finetune.py:68] layer 20_down @ epoch 0 new loss 8.173893002094701e-05 old loss 8.174042886821553e-05 BETTER
