I0328 11:32:13.153509 2309843 finetune.py:68] layer 22_gate @ epoch 4 new loss 8.03755028755404e-05 old loss 8.070688636507839e-05 BETTER
I0328 11:32:20.139178 2309707 finetune.py:68] layer 21_down @ epoch 0 new loss 0.0001400166074745357 old loss 0.0001400188048137352 BETTER
I0328 11:32:32.152910 2309565 finetune.py:68] layer 20_down @ epoch 1 new loss 0.00012045738549204543 old loss 0.00012045902985846624 BETTER
I0328 11:32:40.720829 2309982 finetune.py:68] layer 23_gate @ epoch 3 new loss 8.805395918898284e-05 old loss 8.839167276164517e-05 BETTER
I0328 11:32:47.334041 2309707 finetune.py:68] layer 21_down @ epoch 1 new loss 0.00014001457020640373 old loss 0.0001400166074745357 BETTER
I0328 11:33:00.825980 2309565 finetune.py:68] layer 20_down @ epoch 2 new loss 0.00012045611219946295 old loss 0.00012045738549204543 BETTER
I0328 11:33:09.445140 2309843 finetune.py:45] layer 22_down initial loss 0.00014603452291339636
I0328 11:33:10.137203 2309982 finetune.py:68] layer 23_gate @ epoch 4 new loss 8.776078902883455e-05 old loss 8.805395918898284e-05 BETTER
I0328 11:33:14.730124 2309707 finetune.py:68] layer 21_down @ epoch 2 new loss 0.00014001304225530475 old loss 0.00014001457020640373 BETTER
I0328 11:33:29.862850 2309565 finetune.py:68] layer 20_down @ epoch 3 new loss 0.00012045478797517717 old loss 0.00012045611219946295 BETTER
I0328 11:33:35.762039 2309843 finetune.py:68] layer 22_down @ epoch 0 new loss 0.00014603231102228165 old loss 0.00014603452291339636 BETTER
I0328 11:33:42.351391 2309707 finetune.py:68] layer 21_down @ epoch 3 new loss 0.00014001164527144283 old loss 0.00014001304225530475 BETTER
I0328 11:33:59.359798 2309565 finetune.py:68] layer 20_down @ epoch 4 new loss 0.00012045391486026347 old loss 0.00012045478797517717 BETTER
20_v proxy err 0.009891284629702568 tr(WHW.T) 330.192138671875
bpp_loss 3.32058716902975
20_q proxy err 0.0006703473045490682 tr(WHW.T) 20746.31640625
bpp_loss 4.106936304306146
20_k proxy err 0.00024891149951145053 tr(WHW.T) 15388.685546875
bpp_loss 5.022697334992699
20_o proxy err 0.010974062606692314 tr(WHW.T) 1206.1986083984375
bpp_loss 3.3588023231714033
20_up proxy err 0.008525906130671501 tr(WHW.T) 7602.03173828125
bpp_loss 3.449313427321613
20_gate proxy err 0.0021759537048637867 tr(WHW.T) 30630.9375
bpp_loss 3.829967097179698
20_down proxy err 0.009519137442111969 tr(WHW.T) 6316.87109375
bpp_loss 3.44497596608874
I0328 11:34:03.193045 2309843 finetune.py:68] layer 22_down @ epoch 1 new loss 0.0001460305938962847 old loss 0.00014603231102228165 BETTER
I0328 11:34:09.025818 2309982 finetune.py:45] layer 23_down initial loss 0.000157635411596857
I0328 11:34:11.229332 2309707 finetune.py:68] layer 21_down @ epoch 4 new loss 0.0001400100445607677 old loss 0.00014001164527144283 BETTER
21_v proxy err 0.009146014228463173 tr(WHW.T) 362.87310791015625
bpp_loss 3.3461508937180042
21_q proxy err 0.0005449769669212401 tr(WHW.T) 25847.666015625
bpp_loss 4.10418302367907
21_k proxy err 0.00023083061387296766 tr(WHW.T) 16777.796875
bpp_loss 5.065097332000732
21_o proxy err 0.00742004718631506 tr(WHW.T) 1269.3822021484375
bpp_loss 3.377179404720664
21_up proxy err 0.008188193663954735 tr(WHW.T) 7772.310546875
bpp_loss 3.4521835651913926
21_gate proxy err 0.0020790123380720615 tr(WHW.T) 31522.408203125
bpp_loss 3.8417750082111786
21_down proxy err 0.008971973322331905 tr(WHW.T) 6367.076171875
bpp_loss 3.4459355950654884
I0328 11:34:31.809037 2309843 finetune.py:68] layer 22_down @ epoch 2 new loss 0.0001460290077375248 old loss 0.0001460305938962847 BETTER
I0328 11:34:34.978079 2309982 finetune.py:68] layer 23_down @ epoch 0 new loss 0.00015763359260745347 old loss 0.000157635411596857 BETTER
I0328 11:34:59.555156 2309843 finetune.py:68] layer 22_down @ epoch 3 new loss 0.00014602774172089994 old loss 0.0001460290077375248 BETTER
I0328 11:35:01.875572 2309982 finetune.py:68] layer 23_down @ epoch 1 new loss 0.00015763158444315195 old loss 0.00015763359260745347 BETTER
I0328 11:35:23.267813 2300848 quantize_finetune_llama.py:240] computed original embedding for layer 24 in 66.77730655670166s
I0328 11:35:27.285346 2310059 utils.py:146] Note: detected 128 virtual cores but NumExpr set to maximum of 64, check "NUMEXPR_MAX_THREADS" environment variable.
I0328 11:35:27.285447 2310059 utils.py:149] Note: NumExpr detected 128 cores but "NUMEXPR_MAX_THREADS" not set, so enforcing safe limit of 16.
I0328 11:35:27.285490 2310059 utils.py:162] NumExpr defaulting to 16 threads.
I0328 11:35:27.693645 2310059 config.py:54] PyTorch version 2.6.0 available.
I0328 11:35:27.717568 2309843 finetune.py:68] layer 22_down @ epoch 4 new loss 0.0001460266939830035 old loss 0.00014602774172089994 BETTER
W0328 11:35:27.909190 2310059 warnings.py:109] /opt/conda/lib/python3.10/site-packages/torchvision/io/image.py:13: UserWarning: Failed to load image Python extension: '/opt/conda/lib/python3.10/site-packages/torchvision/image.so: undefined symbol: _ZN3c1017RegisterOperatorsD1Ev'If you don't plan on using image functionality from `torchvision.io`, you can ignore this warning. Otherwise, there might be something wrong with your environment. Did you have `libjpeg` or `libpng` installed before building `torchvision` from source?
  warn(

W0328 11:35:28.551683 2310059 warnings.py:109] /opt/conda/lib/python3.10/site-packages/compressai/models/video/google.py:353: FutureWarning: `torch.cuda.amp.autocast(args...)` is deprecated. Please use `torch.amp.autocast('cuda', args...)` instead.
  @amp.autocast(enabled=False)

I0328 11:35:28.555726 2300848 quantize_finetune_llama.py:209] layer 25 gpu 1
I0328 11:35:28.575557 2310059 data_utils.py:336] using 256 training seqs, 128 validation seqs
I0328 11:35:28.988131 2309982 finetune.py:68] layer 23_down @ epoch 2 new loss 0.0001576303329784423 old loss 0.00015763158444315195 BETTER
22_v proxy err 0.009075111709535122 tr(WHW.T) 346.0789489746094
bpp_loss 3.396570733282715
22_q proxy err 0.0006521373288705945 tr(WHW.T) 20328.619140625
bpp_loss 4.063340200402308
22_k proxy err 0.00024935606052167714 tr(WHW.T) 14716.2060546875
bpp_loss 4.999459545942955
22_o proxy err 0.010258039459586143 tr(WHW.T) 1222.539794921875
bpp_loss 3.40627298085019
22_up proxy err 0.008529779501259327 tr(WHW.T) 7548.5380859375
bpp_loss 3.456477675719985
22_gate proxy err 0.0022453840356320143 tr(WHW.T) 29516.43359375
bpp_loss 3.846290490656559
22_down proxy err 0.008998831734061241 tr(WHW.T) 6546.11279296875
bpp_loss 3.4516797630848095
The attention layers in this model are transitioning from computing the RoPE embeddings internally through `position_ids` (2D tensor with the indexes of the tokens), to using externally computed `position_embeddings` (Tuple of tensors, containing cos and sin). In v4.46 `position_ids` will be removed and `position_embeddings` will be mandatory.
I0328 11:35:46.409662 2310059 finetune.py:45] layer 24_v initial loss 4.607646042131819e-05
W0328 11:35:46.410034 2310059 warnings.py:109] /workspace/Weight_compression/comp_lm_qtip/lib/algo/finetune.py:46: FutureWarning: `torch.cuda.amp.GradScaler(args...)` is deprecated. Please use `torch.amp.GradScaler('cuda', args...)` instead.
  scaler = torch.cuda.amp.GradScaler(enabled=(orig_dtype==torch.float16))

I0328 11:35:56.164222 2309982 finetune.py:68] layer 23_down @ epoch 3 new loss 0.00015762915427330881 old loss 0.0001576303329784423 BETTER
I0328 11:36:21.340137 2310059 finetune.py:68] layer 24_v @ epoch 0 new loss 1.086129941541003e-05 old loss 4.607646042131819e-05 BETTER
I0328 11:36:23.439176 2309982 finetune.py:68] layer 23_down @ epoch 4 new loss 0.00015762800467200577 old loss 0.00015762915427330881 BETTER
23_v proxy err 0.008523829281330109 tr(WHW.T) 397.90704345703125
bpp_loss 3.4489405612112023
23_q proxy err 0.0006301190587691963 tr(WHW.T) 22617.640625
bpp_loss 4.075493737240322
23_k proxy err 0.00026321838959120214 tr(WHW.T) 14851.5439453125
bpp_loss 5.0015744644915685
23_o proxy err 0.008663219399750233 tr(WHW.T) 1745.08154296875
bpp_loss 3.4295110790408216
23_up proxy err 0.008673382923007011 tr(WHW.T) 7421.376953125
bpp_loss 3.460447805068855
23_gate proxy err 0.002428824547678232 tr(WHW.T) 27266.3046875
bpp_loss 3.848639148087906
23_down proxy err 0.009005933068692684 tr(WHW.T) 6683.54345703125
bpp_loss 3.4569987149110863
I0328 11:36:37.006931 2300848 quantize_finetune_llama.py:240] computed original embedding for layer 25 in 64.61326813697815s
I0328 11:36:40.678647 2310129 utils.py:146] Note: detected 128 virtual cores but NumExpr set to maximum of 64, check "NUMEXPR_MAX_THREADS" environment variable.
I0328 11:36:40.678746 2310129 utils.py:149] Note: NumExpr detected 128 cores but "NUMEXPR_MAX_THREADS" not set, so enforcing safe limit of 16.
I0328 11:36:40.678786 2310129 utils.py:162] NumExpr defaulting to 16 threads.
I0328 11:36:41.015202 2310129 config.py:54] PyTorch version 2.6.0 available.
W0328 11:36:41.215961 2310129 warnings.py:109] /opt/conda/lib/python3.10/site-packages/torchvision/io/image.py:13: UserWarning: Failed to load image Python extension: '/opt/conda/lib/python3.10/site-packages/torchvision/image.so: undefined symbol: _ZN3c1017RegisterOperatorsD1Ev'If you don't plan on using image functionality from `torchvision.io`, you can ignore this warning. Otherwise, there might be something wrong with your environment. Did you have `libjpeg` or `libpng` installed before building `torchvision` from source?
  warn(

W0328 11:36:41.840338 2310129 warnings.py:109] /opt/conda/lib/python3.10/site-packages/compressai/models/video/google.py:353: FutureWarning: `torch.cuda.amp.autocast(args...)` is deprecated. Please use `torch.amp.autocast('cuda', args...)` instead.
  @amp.autocast(enabled=False)

I0328 11:36:41.844191 2300848 quantize_finetune_llama.py:209] layer 26 gpu 2
I0328 11:36:41.857510 2310129 data_utils.py:336] using 256 training seqs, 128 validation seqs
The attention layers in this model are transitioning from computing the RoPE embeddings internally through `position_ids` (2D tensor with the indexes of the tokens), to using externally computed `position_embeddings` (Tuple of tensors, containing cos and sin). In v4.46 `position_ids` will be removed and `position_embeddings` will be mandatory.
I0328 11:36:57.775304 2310059 finetune.py:68] layer 24_v @ epoch 1 new loss 9.331102774012834e-06 old loss 1.086129941541003e-05 BETTER
I0328 11:36:58.997540 2310129 finetune.py:45] layer 25_v initial loss 4.775697743752971e-05
W0328 11:36:58.997911 2310129 warnings.py:109] /workspace/Weight_compression/comp_lm_qtip/lib/algo/finetune.py:46: FutureWarning: `torch.cuda.amp.GradScaler(args...)` is deprecated. Please use `torch.amp.GradScaler('cuda', args...)` instead.
  scaler = torch.cuda.amp.GradScaler(enabled=(orig_dtype==torch.float16))

I0328 11:37:32.161546 2310129 finetune.py:68] layer 25_v @ epoch 0 new loss 1.2244172467035241e-05 old loss 4.775697743752971e-05 BETTER
I0328 11:37:34.582882 2310059 finetune.py:68] layer 24_v @ epoch 2 new loss 8.844295734888874e-06 old loss 9.331102774012834e-06 BETTER
I0328 11:37:46.077138 2300848 quantize_finetune_llama.py:240] computed original embedding for layer 26 in 63.77530097961426s
I0328 11:37:49.926913 2310199 utils.py:146] Note: detected 128 virtual cores but NumExpr set to maximum of 64, check "NUMEXPR_MAX_THREADS" environment variable.
I0328 11:37:49.927022 2310199 utils.py:149] Note: NumExpr detected 128 cores but "NUMEXPR_MAX_THREADS" not set, so enforcing safe limit of 16.
I0328 11:37:49.927065 2310199 utils.py:162] NumExpr defaulting to 16 threads.
I0328 11:37:50.303678 2310199 config.py:54] PyTorch version 2.6.0 available.
W0328 11:37:50.516593 2310199 warnings.py:109] /opt/conda/lib/python3.10/site-packages/torchvision/io/image.py:13: UserWarning: Failed to load image Python extension: '/opt/conda/lib/python3.10/site-packages/torchvision/image.so: undefined symbol: _ZN3c1017RegisterOperatorsD1Ev'If you don't plan on using image functionality from `torchvision.io`, you can ignore this warning. Otherwise, there might be something wrong with your environment. Did you have `libjpeg` or `libpng` installed before building `torchvision` from source?
  warn(

W0328 11:37:51.151899 2310199 warnings.py:109] /opt/conda/lib/python3.10/site-packages/compressai/models/video/google.py:353: FutureWarning: `torch.cuda.amp.autocast(args...)` is deprecated. Please use `torch.amp.autocast('cuda', args...)` instead.
  @amp.autocast(enabled=False)

I0328 11:37:51.155696 2300848 quantize_finetune_llama.py:209] layer 27 gpu 3
I0328 11:37:51.168973 2310199 data_utils.py:336] using 256 training seqs, 128 validation seqs
The attention layers in this model are transitioning from computing the RoPE embeddings internally through `position_ids` (2D tensor with the indexes of the tokens), to using externally computed `position_embeddings` (Tuple of tensors, containing cos and sin). In v4.46 `position_ids` will be removed and `position_embeddings` will be mandatory.
I0328 11:38:06.632956 2310129 finetune.py:68] layer 25_v @ epoch 1 new loss 1.08394306153059e-05 old loss 1.2244172467035241e-05 BETTER
I0328 11:38:09.365599 2310199 finetune.py:45] layer 26_v initial loss 4.605811045621522e-05
W0328 11:38:09.365974 2310199 warnings.py:109] /workspace/Weight_compression/comp_lm_qtip/lib/algo/finetune.py:46: FutureWarning: `torch.cuda.amp.GradScaler(args...)` is deprecated. Please use `torch.amp.GradScaler('cuda', args...)` instead.
  scaler = torch.cuda.amp.GradScaler(enabled=(orig_dtype==torch.float16))

I0328 11:38:11.545696 2310059 finetune.py:68] layer 24_v @ epoch 3 new loss 8.57681061461335e-06 old loss 8.844295734888874e-06 BETTER
I0328 11:38:41.393346 2310129 finetune.py:68] layer 25_v @ epoch 2 new loss 1.0274094165652059e-05 old loss 1.08394306153059e-05 BETTER
I0328 11:38:42.923176 2310199 finetune.py:68] layer 26_v @ epoch 0 new loss 1.7010688679874875e-05 old loss 4.605811045621522e-05 BETTER
I0328 11:38:48.519722 2310059 finetune.py:68] layer 24_v @ epoch 4 new loss 8.38875348563306e-06 old loss 8.57681061461335e-06 BETTER
I0328 11:38:55.762470 2300848 quantize_finetune_llama.py:240] computed original embedding for layer 27 in 64.11479091644287s
I0328 11:38:59.588646 2310269 utils.py:146] Note: detected 128 virtual cores but NumExpr set to maximum of 64, check "NUMEXPR_MAX_THREADS" environment variable.
I0328 11:38:59.588743 2310269 utils.py:149] Note: NumExpr detected 128 cores but "NUMEXPR_MAX_THREADS" not set, so enforcing safe limit of 16.
I0328 11:38:59.588785 2310269 utils.py:162] NumExpr defaulting to 16 threads.
I0328 11:38:59.946599 2310269 config.py:54] PyTorch version 2.6.0 available.
W0328 11:39:00.165008 2310269 warnings.py:109] /opt/conda/lib/python3.10/site-packages/torchvision/io/image.py:13: UserWarning: Failed to load image Python extension: '/opt/conda/lib/python3.10/site-packages/torchvision/image.so: undefined symbol: _ZN3c1017RegisterOperatorsD1Ev'If you don't plan on using image functionality from `torchvision.io`, you can ignore this warning. Otherwise, there might be something wrong with your environment. Did you have `libjpeg` or `libpng` installed before building `torchvision` from source?
  warn(

W0328 11:39:01.060132 2310269 warnings.py:109] /opt/conda/lib/python3.10/site-packages/compressai/models/video/google.py:353: FutureWarning: `torch.cuda.amp.autocast(args...)` is deprecated. Please use `torch.amp.autocast('cuda', args...)` instead.
  @amp.autocast(enabled=False)

I0328 11:39:01.064009 2300848 quantize_finetune_llama.py:209] layer 28 gpu 0
I0328 11:39:01.078372 2310269 data_utils.py:336] using 256 training seqs, 128 validation seqs
I0328 11:39:08.383546 2310059 finetune.py:45] layer 24_q initial loss 1.040531242324505e-05
The attention layers in this model are transitioning from computing the RoPE embeddings internally through `position_ids` (2D tensor with the indexes of the tokens), to using externally computed `position_embeddings` (Tuple of tensors, containing cos and sin). In v4.46 `position_ids` will be removed and `position_embeddings` will be mandatory.
I0328 11:39:16.275631 2310129 finetune.py:68] layer 25_v @ epoch 3 new loss 1.0164943887502886e-05 old loss 1.0274094165652059e-05 BETTER
I0328 11:39:17.878415 2310199 finetune.py:68] layer 26_v @ epoch 1 new loss 1.5580011677229777e-05 old loss 1.7010688679874875e-05 BETTER
I0328 11:39:19.099200 2310269 finetune.py:45] layer 27_v initial loss 4.942485975334421e-05
W0328 11:39:19.099591 2310269 warnings.py:109] /workspace/Weight_compression/comp_lm_qtip/lib/algo/finetune.py:46: FutureWarning: `torch.cuda.amp.GradScaler(args...)` is deprecated. Please use `torch.amp.GradScaler('cuda', args...)` instead.
  scaler = torch.cuda.amp.GradScaler(enabled=(orig_dtype==torch.float16))

I0328 11:39:43.689814 2310059 finetune.py:68] layer 24_q @ epoch 0 new loss 1.0136192031495739e-05 old loss 1.040531242324505e-05 BETTER
I0328 11:39:51.596096 2310129 finetune.py:68] layer 25_v @ epoch 4 new loss 9.866004802461248e-06 old loss 1.0164943887502886e-05 BETTER
I0328 11:39:52.291270 2310269 finetune.py:68] layer 27_v @ epoch 0 new loss 1.562462784931995e-05 old loss 4.942485975334421e-05 BETTER
I0328 11:39:53.308929 2310199 finetune.py:68] layer 26_v @ epoch 2 new loss 1.5019165402918588e-05 old loss 1.5580011677229777e-05 BETTER
I0328 11:40:11.512974 2310129 finetune.py:45] layer 25_q initial loss 1.383711423841305e-05
I0328 11:40:19.963460 2310059 finetune.py:68] layer 24_q @ epoch 1 new loss 9.962664080376271e-06 old loss 1.0136192031495739e-05 BETTER
I0328 11:40:26.692612 2310269 finetune.py:68] layer 27_v @ epoch 1 new loss 1.4492796253762208e-05 old loss 1.562462784931995e-05 BETTER
I0328 11:40:28.299891 2310199 finetune.py:68] layer 26_v @ epoch 3 new loss 1.4569923223461956e-05 old loss 1.5019165402918588e-05 BETTER
I0328 11:40:44.870573 2310129 finetune.py:68] layer 25_q @ epoch 0 new loss 1.3254896657599602e-05 old loss 1.383711423841305e-05 BETTER
I0328 11:40:56.725783 2310059 finetune.py:68] layer 24_q @ epoch 2 new loss 9.852587027125992e-06 old loss 9.962664080376271e-06 BETTER
I0328 11:41:01.286950 2310269 finetune.py:68] layer 27_v @ epoch 2 new loss 1.4032020771992393e-05 old loss 1.4492796253762208e-05 BETTER
I0328 11:41:03.411654 2310199 finetune.py:68] layer 26_v @ epoch 4 new loss 1.437763603462372e-05 old loss 1.4569923223461956e-05 BETTER
I0328 11:41:19.248082 2310129 finetune.py:68] layer 25_q @ epoch 1 new loss 1.2910336408822332e-05 old loss 1.3254896657599602e-05 BETTER
I0328 11:41:23.179007 2310199 finetune.py:45] layer 26_q initial loss 1.756484925863333e-05
I0328 11:41:33.362175 2310059 finetune.py:68] layer 24_q @ epoch 3 new loss 9.764871720108204e-06 old loss 9.852587027125992e-06 BETTER
I0328 11:41:35.815303 2310269 finetune.py:68] layer 27_v @ epoch 3 new loss 1.3796574421576224e-05 old loss 1.4032020771992393e-05 BETTER
I0328 11:41:53.816054 2310129 finetune.py:68] layer 25_q @ epoch 2 new loss 1.2690297808148898e-05 old loss 1.2910336408822332e-05 BETTER
I0328 11:41:56.780551 2310199 finetune.py:68] layer 26_q @ epoch 0 new loss 1.7051932445610873e-05 old loss 1.756484925863333e-05 BETTER
I0328 11:42:10.306158 2310059 finetune.py:68] layer 24_q @ epoch 4 new loss 9.693490028439555e-06 old loss 9.764871720108204e-06 BETTER
I0328 11:42:10.518410 2310269 finetune.py:68] layer 27_v @ epoch 4 new loss 1.3516516446543392e-05 old loss 1.3796574421576224e-05 BETTER
I0328 11:42:28.607139 2310059 finetune.py:45] layer 24_k initial loss 1.0841757102753036e-05
I0328 11:42:28.653030 2310129 finetune.py:68] layer 25_q @ epoch 3 new loss 1.2510672604548745e-05 old loss 1.2690297808148898e-05 BETTER
I0328 11:42:30.870549 2310269 finetune.py:45] layer 27_q initial loss 1.850893022492528e-05
I0328 11:42:31.517487 2310199 finetune.py:68] layer 26_q @ epoch 1 new loss 1.675416024227161e-05 old loss 1.7051932445610873e-05 BETTER
I0328 11:43:03.614773 2310129 finetune.py:68] layer 25_q @ epoch 4 new loss 1.2357596460788045e-05 old loss 1.2510672604548745e-05 BETTER
I0328 11:43:03.952966 2310059 finetune.py:68] layer 24_k @ epoch 0 new loss 1.073630937753478e-05 old loss 1.0841757102753036e-05 BETTER
I0328 11:43:04.221681 2310269 finetune.py:68] layer 27_q @ epoch 0 new loss 1.806379805202596e-05 old loss 1.850893022492528e-05 BETTER
I0328 11:43:06.391470 2310199 finetune.py:68] layer 26_q @ epoch 2 new loss 1.6537662304472178e-05 old loss 1.675416024227161e-05 BETTER
I0328 11:43:21.855145 2310129 finetune.py:45] layer 25_k initial loss 1.43258648677147e-05
I0328 11:43:38.559317 2310269 finetune.py:68] layer 27_q @ epoch 1 new loss 1.7722653865348548e-05 old loss 1.806379805202596e-05 BETTER
I0328 11:43:40.306932 2310059 finetune.py:68] layer 24_k @ epoch 1 new loss 1.0666610251064412e-05 old loss 1.073630937753478e-05 BETTER
I0328 11:43:41.178089 2310199 finetune.py:68] layer 26_q @ epoch 3 new loss 1.6349635188817047e-05 old loss 1.6537662304472178e-05 BETTER
I0328 11:43:55.140726 2310129 finetune.py:68] layer 25_k @ epoch 0 new loss 1.4115130397840403e-05 old loss 1.43258648677147e-05 BETTER
I0328 11:44:12.749029 2310269 finetune.py:68] layer 27_q @ epoch 2 new loss 1.753690048644785e-05 old loss 1.7722653865348548e-05 BETTER
I0328 11:44:16.009399 2310199 finetune.py:68] layer 26_q @ epoch 4 new loss 1.6232606867561117e-05 old loss 1.6349635188817047e-05 BETTER
I0328 11:44:16.872295 2310059 finetune.py:68] layer 24_k @ epoch 2 new loss 1.062463070411468e-05 old loss 1.0666610251064412e-05 BETTER
I0328 11:44:29.314445 2310129 finetune.py:68] layer 25_k @ epoch 1 new loss 1.400271230522776e-05 old loss 1.4115130397840403e-05 BETTER
I0328 11:44:34.065902 2310199 finetune.py:45] layer 26_k initial loss 1.7648588254814968e-05
I0328 11:44:47.018990 2310269 finetune.py:68] layer 27_q @ epoch 3 new loss 1.739116123644635e-05 old loss 1.753690048644785e-05 BETTER
I0328 11:44:53.640121 2310059 finetune.py:68] layer 24_k @ epoch 3 new loss 1.0587985343590844e-05 old loss 1.062463070411468e-05 BETTER
I0328 11:45:03.695412 2310129 finetune.py:68] layer 25_k @ epoch 2 new loss 1.3911070709582418e-05 old loss 1.400271230522776e-05 BETTER
I0328 11:45:07.808808 2310199 finetune.py:68] layer 26_k @ epoch 0 new loss 1.7405434846295975e-05 old loss 1.7648588254814968e-05 BETTER
I0328 11:45:21.222223 2310269 finetune.py:68] layer 27_q @ epoch 4 new loss 1.7285770809394307e-05 old loss 1.739116123644635e-05 BETTER
I0328 11:45:30.584329 2310059 finetune.py:68] layer 24_k @ epoch 4 new loss 1.0540338735154364e-05 old loss 1.0587985343590844e-05 BETTER
I0328 11:45:38.095260 2310129 finetune.py:68] layer 25_k @ epoch 3 new loss 1.3836142898071557e-05 old loss 1.3911070709582418e-05 BETTER
I0328 11:45:39.373086 2310269 finetune.py:45] layer 27_k initial loss 2.019467319769319e-05
I0328 11:45:42.245951 2310199 finetune.py:68] layer 26_k @ epoch 1 new loss 1.730620533635374e-05 old loss 1.7405434846295975e-05 BETTER
I0328 11:45:50.604239 2310059 finetune.py:45] layer 24_o initial loss 2.5960187485907227e-05
I0328 11:46:12.193707 2310269 finetune.py:68] layer 27_k @ epoch 0 new loss 1.987206815101672e-05 old loss 2.019467319769319e-05 BETTER
I0328 11:46:12.654222 2310129 finetune.py:68] layer 25_k @ epoch 4 new loss 1.3785605005978141e-05 old loss 1.3836142898071557e-05 BETTER
I0328 11:46:16.815324 2310199 finetune.py:68] layer 26_k @ epoch 2 new loss 1.724386675050482e-05 old loss 1.730620533635374e-05 BETTER
I0328 11:46:25.196851 2310059 finetune.py:68] layer 24_o @ epoch 0 new loss 2.520028647268191e-05 old loss 2.5960187485907227e-05 BETTER
I0328 11:46:32.614169 2310129 finetune.py:45] layer 25_o initial loss 3.132892743451521e-05
I0328 11:46:46.039010 2310269 finetune.py:68] layer 27_k @ epoch 1 new loss 1.9680126570165157e-05 old loss 1.987206815101672e-05 BETTER
I0328 11:46:51.339497 2310199 finetune.py:68] layer 26_k @ epoch 3 new loss 1.7157301044790074e-05 old loss 1.724386675050482e-05 BETTER
I0328 11:47:01.010806 2310059 finetune.py:68] layer 24_o @ epoch 1 new loss 2.4961465896922164e-05 old loss 2.520028647268191e-05 BETTER
I0328 11:47:05.251138 2310129 finetune.py:68] layer 25_o @ epoch 0 new loss 3.0267419788287953e-05 old loss 3.132892743451521e-05 BETTER
I0328 11:47:19.874628 2310269 finetune.py:68] layer 27_k @ epoch 2 new loss 1.9586716007324867e-05 old loss 1.9680126570165157e-05 BETTER
I0328 11:47:25.906547 2310199 finetune.py:68] layer 26_k @ epoch 4 new loss 1.7100563127314672e-05 old loss 1.7157301044790074e-05 BETTER
I0328 11:47:37.024682 2310059 finetune.py:68] layer 24_o @ epoch 2 new loss 2.4802420739433728e-05 old loss 2.4961465896922164e-05 BETTER
I0328 11:47:38.792063 2310129 finetune.py:68] layer 25_o @ epoch 1 new loss 2.9903931135777384e-05 old loss 3.0267419788287953e-05 BETTER
I0328 11:47:45.749405 2310199 finetune.py:45] layer 26_o initial loss 4.150386666879058e-05
I0328 11:47:53.999932 2310269 finetune.py:68] layer 27_k @ epoch 3 new loss 1.9530547433532774e-05 old loss 1.9586716007324867e-05 BETTER
I0328 11:48:12.694425 2310129 finetune.py:68] layer 25_o @ epoch 2 new loss 2.9649077987414785e-05 old loss 2.9903931135777384e-05 BETTER
I0328 11:48:12.816815 2310059 finetune.py:68] layer 24_o @ epoch 3 new loss 2.466913610987831e-05 old loss 2.4802420739433728e-05 BETTER
I0328 11:48:18.607733 2310199 finetune.py:68] layer 26_o @ epoch 0 new loss 4.0045018977252766e-05 old loss 4.150386666879058e-05 BETTER
I0328 11:48:28.132128 2310269 finetune.py:68] layer 27_k @ epoch 4 new loss 1.9486195014906116e-05 old loss 1.9530547433532774e-05 BETTER
I0328 11:48:46.534111 2310129 finetune.py:68] layer 25_o @ epoch 3 new loss 2.946230051747989e-05 old loss 2.9649077987414785e-05 BETTER
I0328 11:48:48.046237 2310269 finetune.py:45] layer 27_o initial loss 4.8553672968409956e-05
I0328 11:48:48.805957 2310059 finetune.py:68] layer 24_o @ epoch 4 new loss 2.457431037328206e-05 old loss 2.466913610987831e-05 BETTER
I0328 11:48:52.589725 2310199 finetune.py:68] layer 26_o @ epoch 1 new loss 3.950581594835967e-05 old loss 4.0045018977252766e-05 BETTER
I0328 11:49:20.424104 2310059 finetune.py:45] layer 24_up initial loss 7.969202852109447e-05
I0328 11:49:20.842421 2310269 finetune.py:68] layer 27_o @ epoch 0 new loss 4.710918801720254e-05 old loss 4.8553672968409956e-05 BETTER
I0328 11:49:21.284509 2310129 finetune.py:68] layer 25_o @ epoch 4 new loss 2.932684583356604e-05 old loss 2.946230051747989e-05 BETTER
I0328 11:49:26.592694 2310199 finetune.py:68] layer 26_o @ epoch 2 new loss 3.915289926226251e-05 old loss 3.950581594835967e-05 BETTER
I0328 11:49:52.477949 2310059 finetune.py:68] layer 24_up @ epoch 0 new loss 7.8569159086328e-05 old loss 7.969202852109447e-05 BETTER
I0328 11:49:53.291452 2310129 finetune.py:45] layer 25_up initial loss 9.127477824222296e-05
I0328 11:49:54.307909 2310269 finetune.py:68] layer 27_o @ epoch 1 new loss 4.647338209906593e-05 old loss 4.710918801720254e-05 BETTER
I0328 11:50:00.655429 2310199 finetune.py:68] layer 26_o @ epoch 3 new loss 3.886502963723615e-05 old loss 3.915289926226251e-05 BETTER
I0328 11:50:23.912688 2310129 finetune.py:68] layer 25_up @ epoch 0 new loss 9.001880971482024e-05 old loss 9.127477824222296e-05 BETTER
I0328 11:50:25.971097 2310059 finetune.py:68] layer 24_up @ epoch 1 new loss 7.778477447573096e-05 old loss 7.8569159086328e-05 BETTER
I0328 11:50:27.815879 2310269 finetune.py:68] layer 27_o @ epoch 2 new loss 4.6067896619206294e-05 old loss 4.647338209906593e-05 BETTER
I0328 11:50:34.814739 2310199 finetune.py:68] layer 26_o @ epoch 4 new loss 3.864496466121636e-05 old loss 3.886502963723615e-05 BETTER
I0328 11:50:55.777388 2310129 finetune.py:68] layer 25_up @ epoch 1 new loss 8.914696081774309e-05 old loss 9.001880971482024e-05 BETTER
I0328 11:50:59.624273 2310059 finetune.py:68] layer 24_up @ epoch 2 new loss 7.714716048212722e-05 old loss 7.778477447573096e-05 BETTER
I0328 11:51:01.404754 2310269 finetune.py:68] layer 27_o @ epoch 3 new loss 4.572619218379259e-05 old loss 4.6067896619206294e-05 BETTER
I0328 11:51:06.915963 2310199 finetune.py:45] layer 26_up initial loss 0.00011113753134850413
I0328 11:51:27.715190 2310129 finetune.py:68] layer 25_up @ epoch 2 new loss 8.844737749313936e-05 old loss 8.914696081774309e-05 BETTER
I0328 11:51:33.483523 2310059 finetune.py:68] layer 24_up @ epoch 3 new loss 7.659442053409293e-05 old loss 7.714716048212722e-05 BETTER
I0328 11:51:34.972036 2310269 finetune.py:68] layer 27_o @ epoch 4 new loss 4.547725256998092e-05 old loss 4.572619218379259e-05 BETTER
I0328 11:51:37.549297 2310199 finetune.py:68] layer 26_up @ epoch 0 new loss 0.00010964169632643461 old loss 0.00011113753134850413 BETTER
I0328 11:51:59.773793 2310129 finetune.py:68] layer 25_up @ epoch 3 new loss 8.78476639627479e-05 old loss 8.844737749313936e-05 BETTER
I0328 11:52:06.758547 2310269 finetune.py:45] layer 27_up initial loss 0.00013007975940126926
I0328 11:52:07.425588 2310059 finetune.py:68] layer 24_up @ epoch 4 new loss 7.612322951899841e-05 old loss 7.659442053409293e-05 BETTER
I0328 11:52:09.660995 2310199 finetune.py:68] layer 26_up @ epoch 1 new loss 0.0001085822659661062 old loss 0.00010964169632643461 BETTER
I0328 11:52:31.767373 2310129 finetune.py:68] layer 25_up @ epoch 4 new loss 8.732819696888328e-05 old loss 8.78476639627479e-05 BETTER
I0328 11:52:36.991119 2310269 finetune.py:68] layer 27_up @ epoch 0 new loss 0.00012823689030483365 old loss 0.00013007975940126926 BETTER
I0328 11:52:39.038664 2310059 finetune.py:45] layer 24_gate initial loss 9.956768190022558e-05
I0328 11:52:41.954029 2310199 finetune.py:68] layer 26_up @ epoch 2 new loss 0.00010772395762614906 old loss 0.0001085822659661062 BETTER
I0328 11:53:03.374208 2310129 finetune.py:45] layer 25_gate initial loss 0.00011448043369455263
I0328 11:53:08.229402 2310269 finetune.py:68] layer 27_up @ epoch 1 new loss 0.00012692213931586593 old loss 0.00012823689030483365 BETTER
I0328 11:53:09.009588 2310059 finetune.py:68] layer 24_gate @ epoch 0 new loss 9.907317871693522e-05 old loss 9.956768190022558e-05 BETTER
I0328 11:53:14.255930 2310199 finetune.py:68] layer 26_up @ epoch 3 new loss 0.00010699005360947922 old loss 0.00010772395762614906 BETTER
I0328 11:53:32.026831 2310129 finetune.py:68] layer 25_gate @ epoch 0 new loss 0.00011394371540518478 old loss 0.00011448043369455263 BETTER
I0328 11:53:39.615026 2310269 finetune.py:68] layer 27_up @ epoch 2 new loss 0.0001258993288502097 old loss 0.00012692213931586593 BETTER
I0328 11:53:40.288808 2310059 finetune.py:68] layer 24_gate @ epoch 1 new loss 9.865770698525012e-05 old loss 9.907317871693522e-05 BETTER
I0328 11:53:46.515373 2310199 finetune.py:68] layer 26_up @ epoch 4 new loss 0.00010635679063852876 old loss 0.00010699005360947922 BETTER
I0328 11:54:01.561852 2310129 finetune.py:68] layer 25_gate @ epoch 1 new loss 0.00011349919077474624 old loss 0.00011394371540518478 BETTER
I0328 11:54:11.117855 2310269 finetune.py:68] layer 27_up @ epoch 3 new loss 0.00012500376033131033 old loss 0.0001258993288502097 BETTER
I0328 11:54:11.826168 2310059 finetune.py:68] layer 24_gate @ epoch 2 new loss 9.830851922743022e-05 old loss 9.865770698525012e-05 BETTER
I0328 11:54:18.218686 2310199 finetune.py:45] layer 26_gate initial loss 0.00013854927965439856
I0328 11:54:31.243418 2310129 finetune.py:68] layer 25_gate @ epoch 2 new loss 0.00011312039714539424 old loss 0.00011349919077474624 BETTER
I0328 11:54:42.829213 2310269 finetune.py:68] layer 27_up @ epoch 4 new loss 0.00012425065506249666 old loss 0.00012500376033131033 BETTER
I0328 11:54:43.561718 2310059 finetune.py:68] layer 24_gate @ epoch 3 new loss 9.798643441172317e-05 old loss 9.830851922743022e-05 BETTER
I0328 11:54:46.886942 2310199 finetune.py:68] layer 26_gate @ epoch 0 new loss 0.00013790238881483674 old loss 0.00013854927965439856 BETTER
I0328 11:55:00.929038 2310129 finetune.py:68] layer 25_gate @ epoch 3 new loss 0.00011278734018560499 old loss 0.00011312039714539424 BETTER
I0328 11:55:15.158504 2310269 finetune.py:45] layer 27_gate initial loss 0.0001641719281906262
I0328 11:55:15.244683 2310059 finetune.py:68] layer 24_gate @ epoch 4 new loss 9.771486656973138e-05 old loss 9.798643441172317e-05 BETTER
I0328 11:55:16.798489 2310199 finetune.py:68] layer 26_gate @ epoch 1 new loss 0.00013737878180108964 old loss 0.00013790238881483674 BETTER
I0328 11:55:30.732201 2310129 finetune.py:68] layer 25_gate @ epoch 4 new loss 0.00011249553790548816 old loss 0.00011278734018560499 BETTER
I0328 11:55:43.414159 2310269 finetune.py:68] layer 27_gate @ epoch 0 new loss 0.00016337475972250104 old loss 0.0001641719281906262 BETTER
I0328 11:55:46.501540 2310199 finetune.py:68] layer 26_gate @ epoch 2 new loss 0.0001369302481180057 old loss 0.00013737878180108964 BETTER
I0328 11:56:11.494083 2310059 finetune.py:45] layer 24_down initial loss 0.00017133241635747254
I0328 11:56:13.035733 2310269 finetune.py:68] layer 27_gate @ epoch 1 new loss 0.00016270886408165097 old loss 0.00016337475972250104 BETTER
I0328 11:56:16.537506 2310199 finetune.py:68] layer 26_gate @ epoch 3 new loss 0.00013652240158990026 old loss 0.0001369302481180057 BETTER
I0328 11:56:27.728039 2310129 finetune.py:45] layer 25_down initial loss 0.00019191758474335074
I0328 11:56:38.820943 2310059 finetune.py:68] layer 24_down @ epoch 0 new loss 0.00017132973880507052 old loss 0.00017133241635747254 BETTER
I0328 11:56:42.287378 2310269 finetune.py:68] layer 27_gate @ epoch 2 new loss 0.00016215848154388368 old loss 0.00016270886408165097 BETTER
I0328 11:56:46.524893 2310199 finetune.py:68] layer 26_gate @ epoch 4 new loss 0.00013617784134112298 old loss 0.00013652240158990026 BETTER
I0328 11:56:53.863674 2310129 finetune.py:68] layer 25_down @ epoch 0 new loss 0.00019191308820154518 old loss 0.00019191758474335074 BETTER
I0328 11:57:07.214881 2310059 finetune.py:68] layer 24_down @ epoch 1 new loss 0.00017132805078290403 old loss 0.00017132973880507052 BETTER
I0328 11:57:11.512240 2310269 finetune.py:68] layer 27_gate @ epoch 3 new loss 0.00016166552086360753 old loss 0.00016215848154388368 BETTER
I0328 11:57:20.999133 2310129 finetune.py:68] layer 25_down @ epoch 1 new loss 0.00019191019237041473 old loss 0.00019191308820154518 BETTER
I0328 11:57:36.146604 2310059 finetune.py:68] layer 24_down @ epoch 2 new loss 0.00017132663924712688 old loss 0.00017132805078290403 BETTER
I0328 11:57:40.860975 2310269 finetune.py:68] layer 27_gate @ epoch 4 new loss 0.00016123979003168643 old loss 0.00016166552086360753 BETTER
I0328 11:57:44.379991 2310199 finetune.py:45] layer 26_down initial loss 0.00022745691239833832
I0328 11:57:48.421078 2310129 finetune.py:68] layer 25_down @ epoch 2 new loss 0.00019190757302567363 old loss 0.00019191019237041473 BETTER
I0328 11:58:05.171673 2310059 finetune.py:68] layer 24_down @ epoch 3 new loss 0.0001713251695036888 old loss 0.00017132663924712688 BETTER
I0328 11:58:10.649709 2310199 finetune.py:68] layer 26_down @ epoch 0 new loss 0.00022745475871488452 old loss 0.00022745691239833832 BETTER
I0328 11:58:15.954328 2310129 finetune.py:68] layer 25_down @ epoch 3 new loss 0.0001919059141073376 old loss 0.00019190757302567363 BETTER
I0328 11:58:34.275886 2310059 finetune.py:68] layer 24_down @ epoch 4 new loss 0.000171324543771334 old loss 0.0001713251695036888 BETTER
24_v proxy err 0.007107988931238651 tr(WHW.T) 467.2783508300781
bpp_loss 3.5475641596131027
24_q proxy err 0.0006173966103233397 tr(WHW.T) 22448.5234375
bpp_loss 4.0416961255832575
24_k proxy err 0.0002657524892129004 tr(WHW.T) 14178.0908203125
bpp_loss 4.829096959438175
24_o proxy err 0.008475069887936115 tr(WHW.T) 1592.1722412109375
bpp_loss 3.471291476627812
24_up proxy err 0.00889709871262312 tr(WHW.T) 7312.2392578125
bpp_loss 3.4651124285800114
24_gate proxy err 0.0025893463753163815 tr(WHW.T) 25858.779296875
bpp_loss 3.8549253934595202
24_down proxy err 0.008927338756620884 tr(WHW.T) 6759.64404296875
bpp_loss 3.462360399708684
I0328 11:58:37.987956 2310199 finetune.py:68] layer 26_down @ epoch 1 new loss 0.00022745355090592057 old loss 0.00022745475871488452 BETTER
I0328 11:58:38.947177 2310269 finetune.py:45] layer 27_down initial loss 0.00026783905923366547
I0328 11:58:44.637542 2310129 finetune.py:68] layer 25_down @ epoch 4 new loss 0.00019190409511793405 old loss 0.0001919059141073376 BETTER
25_v proxy err 0.00611440185457468 tr(WHW.T) 557.8086547851562
bpp_loss 3.558321427088231
25_q proxy err 0.0005418133223429322 tr(WHW.T) 26124.314453125
bpp_loss 4.020327643549535
25_k proxy err 0.0002653711417224258 tr(WHW.T) 14408.5146484375
bpp_loss 4.811356370686553
25_o proxy err 0.00709132244810462 tr(WHW.T) 1991.2464599609375
bpp_loss 3.470371162344236
25_up proxy err 0.008799049071967602 tr(WHW.T) 7387.19921875
bpp_loss 3.4745171196492657
25_gate proxy err 0.0025437406729906797 tr(WHW.T) 26295.818359375
bpp_loss 3.864165743280734
25_down proxy err 0.008885565213859081 tr(WHW.T) 6635.5341796875
bpp_loss 3.471386946571459
I0328 11:59:05.508839 2310269 finetune.py:68] layer 27_down @ epoch 0 new loss 0.0002678345190361142 old loss 0.00026783905923366547 BETTER
I0328 11:59:06.410715 2310199 finetune.py:68] layer 26_down @ epoch 2 new loss 0.0002274519792990759 old loss 0.00022745355090592057 BETTER
I0328 11:59:32.520853 2310269 finetune.py:68] layer 27_down @ epoch 1 new loss 0.0002678309101611376 old loss 0.0002678345190361142 BETTER
I0328 11:59:34.222429 2310199 finetune.py:68] layer 26_down @ epoch 3 new loss 0.00022745045134797692 old loss 0.0002274519792990759 BETTER
I0328 11:59:56.524968 2300848 quantize_finetune_llama.py:240] computed original embedding for layer 28 in 66.68993878364563s
I0328 11:59:59.778017 2310269 finetune.py:68] layer 27_down @ epoch 2 new loss 0.00026782782515510917 old loss 0.0002678309101611376 BETTER
I0328 12:00:00.602650 2310339 utils.py:146] Note: detected 128 virtual cores but NumExpr set to maximum of 64, check "NUMEXPR_MAX_THREADS" environment variable.
I0328 12:00:00.602759 2310339 utils.py:149] Note: NumExpr detected 128 cores but "NUMEXPR_MAX_THREADS" not set, so enforcing safe limit of 16.
I0328 12:00:00.602800 2310339 utils.py:162] NumExpr defaulting to 16 threads.
I0328 12:00:01.001679 2310339 config.py:54] PyTorch version 2.6.0 available.
W0328 12:00:01.222259 2310339 warnings.py:109] /opt/conda/lib/python3.10/site-packages/torchvision/io/image.py:13: UserWarning: Failed to load image Python extension: '/opt/conda/lib/python3.10/site-packages/torchvision/image.so: undefined symbol: _ZN3c1017RegisterOperatorsD1Ev'If you don't plan on using image functionality from `torchvision.io`, you can ignore this warning. Otherwise, there might be something wrong with your environment. Did you have `libjpeg` or `libpng` installed before building `torchvision` from source?
  warn(

W0328 12:00:01.848322 2310339 warnings.py:109] /opt/conda/lib/python3.10/site-packages/compressai/models/video/google.py:353: FutureWarning: `torch.cuda.amp.autocast(args...)` is deprecated. Please use `torch.amp.autocast('cuda', args...)` instead.
  @amp.autocast(enabled=False)

I0328 12:00:01.852549 2300848 quantize_finetune_llama.py:209] layer 29 gpu 1
I0328 12:00:01.866437 2310339 data_utils.py:336] using 256 training seqs, 128 validation seqs
I0328 12:00:02.058092 2310199 finetune.py:68] layer 26_down @ epoch 4 new loss 0.00022744893794879317 old loss 0.00022745045134797692 BETTER
26_v proxy err 0.007466109469532967 tr(WHW.T) 434.54583740234375
bpp_loss 3.6088974172598682
26_q proxy err 0.0006290617166087031 tr(WHW.T) 21408.474609375
bpp_loss 4.030237838800531
26_k proxy err 0.00024052834487520158 tr(WHW.T) 15419.806640625
bpp_loss 4.892095794668421
26_o proxy err 0.0051094843074679375 tr(WHW.T) 2388.19873046875
bpp_loss 3.488337653572671
26_up proxy err 0.008500325493514538 tr(WHW.T) 7650.94140625
bpp_loss 3.48386806894892
26_gate proxy err 0.0023158499971032143 tr(WHW.T) 28900.125
bpp_loss 3.8703185334535584
26_down proxy err 0.008887221105396748 tr(WHW.T) 6639.2177734375
bpp_loss 3.4792277327173258
The attention layers in this model are transitioning from computing the RoPE embeddings internally through `position_ids` (2D tensor with the indexes of the tokens), to using externally computed `position_embeddings` (Tuple of tensors, containing cos and sin). In v4.46 `position_ids` will be removed and `position_embeddings` will be mandatory.
I0328 12:00:18.775524 2310339 finetune.py:45] layer 28_v initial loss 5.8286368584958836e-05
W0328 12:00:18.775775 2310339 warnings.py:109] /workspace/Weight_compression/comp_lm_qtip/lib/algo/finetune.py:46: FutureWarning: `torch.cuda.amp.GradScaler(args...)` is deprecated. Please use `torch.amp.GradScaler('cuda', args...)` instead.
  scaler = torch.cuda.amp.GradScaler(enabled=(orig_dtype==torch.float16))

I0328 12:00:27.198354 2310269 finetune.py:68] layer 27_down @ epoch 3 new loss 0.00026782508939504623 old loss 0.00026782782515510917 BETTER
I0328 12:00:53.902431 2310339 finetune.py:68] layer 28_v @ epoch 0 new loss 2.1367384761106223e-05 old loss 5.8286368584958836e-05 BETTER
I0328 12:00:54.601136 2310269 finetune.py:68] layer 27_down @ epoch 4 new loss 0.0002678229648154229 old loss 0.00026782508939504623 BETTER
27_v proxy err 0.005141167435795069 tr(WHW.T) 677.69384765625
bpp_loss 3.701207883830648
27_q proxy err 0.0006701301317662001 tr(WHW.T) 21311.203125
bpp_loss 3.9995050397119485
27_k proxy err 0.0002784967655315995 tr(WHW.T) 14007.7353515625
bpp_loss 4.845462889759801
27_o proxy err 0.006081471219658852 tr(WHW.T) 2163.099853515625
bpp_loss 3.5291927724611014
27_up proxy err 0.007739932741969824 tr(WHW.T) 8483.9931640625
bpp_loss 3.499507107904979
27_gate proxy err 0.002058371901512146 tr(WHW.T) 32815.01953125
bpp_loss 3.8808499701720263
27_down proxy err 0.00738113047555089 tr(WHW.T) 6566.458984375
bpp_loss 3.49039304514216
I0328 12:01:10.592421 2300848 quantize_finetune_llama.py:240] computed original embedding for layer 29 in 63.85538172721863s
I0328 12:01:14.367954 2310409 utils.py:146] Note: detected 128 virtual cores but NumExpr set to maximum of 64, check "NUMEXPR_MAX_THREADS" environment variable.
I0328 12:01:14.368039 2310409 utils.py:149] Note: NumExpr detected 128 cores but "NUMEXPR_MAX_THREADS" not set, so enforcing safe limit of 16.
I0328 12:01:14.368076 2310409 utils.py:162] NumExpr defaulting to 16 threads.
I0328 12:01:14.717055 2310409 config.py:54] PyTorch version 2.6.0 available.
W0328 12:01:14.921183 2310409 warnings.py:109] /opt/conda/lib/python3.10/site-packages/torchvision/io/image.py:13: UserWarning: Failed to load image Python extension: '/opt/conda/lib/python3.10/site-packages/torchvision/image.so: undefined symbol: _ZN3c1017RegisterOperatorsD1Ev'If you don't plan on using image functionality from `torchvision.io`, you can ignore this warning. Otherwise, there might be something wrong with your environment. Did you have `libjpeg` or `libpng` installed before building `torchvision` from source?
  warn(

W0328 12:01:15.520749 2310409 warnings.py:109] /opt/conda/lib/python3.10/site-packages/compressai/models/video/google.py:353: FutureWarning: `torch.cuda.amp.autocast(args...)` is deprecated. Please use `torch.amp.autocast('cuda', args...)` instead.
  @amp.autocast(enabled=False)

I0328 12:01:15.524494 2300848 quantize_finetune_llama.py:209] layer 30 gpu 2
I0328 12:01:15.539580 2310409 data_utils.py:336] using 256 training seqs, 128 validation seqs
The attention layers in this model are transitioning from computing the RoPE embeddings internally through `position_ids` (2D tensor with the indexes of the tokens), to using externally computed `position_embeddings` (Tuple of tensors, containing cos and sin). In v4.46 `position_ids` will be removed and `position_embeddings` will be mandatory.
I0328 12:01:30.551272 2310339 finetune.py:68] layer 28_v @ epoch 1 new loss 2.0198322090436704e-05 old loss 2.1367384761106223e-05 BETTER
I0328 12:01:32.708399 2310409 finetune.py:45] layer 29_v initial loss 6.901028973516077e-05
W0328 12:01:32.708595 2310409 warnings.py:109] /workspace/Weight_compression/comp_lm_qtip/lib/algo/finetune.py:46: FutureWarning: `torch.cuda.amp.GradScaler(args...)` is deprecated. Please use `torch.amp.GradScaler('cuda', args...)` instead.
  scaler = torch.cuda.amp.GradScaler(enabled=(orig_dtype==torch.float16))

I0328 12:02:05.945586 2310409 finetune.py:68] layer 29_v @ epoch 0 new loss 2.445857535349205e-05 old loss 6.901028973516077e-05 BETTER
I0328 12:02:07.524652 2310339 finetune.py:68] layer 28_v @ epoch 2 new loss 1.9861457985825837e-05 old loss 2.0198322090436704e-05 BETTER
I0328 12:02:20.240158 2300848 quantize_finetune_llama.py:240] computed original embedding for layer 30 in 64.25422072410583s
I0328 12:02:24.087715 2310479 utils.py:146] Note: detected 128 virtual cores but NumExpr set to maximum of 64, check "NUMEXPR_MAX_THREADS" environment variable.
I0328 12:02:24.087830 2310479 utils.py:149] Note: NumExpr detected 128 cores but "NUMEXPR_MAX_THREADS" not set, so enforcing safe limit of 16.
I0328 12:02:24.087876 2310479 utils.py:162] NumExpr defaulting to 16 threads.
I0328 12:02:24.462105 2310479 config.py:54] PyTorch version 2.6.0 available.
W0328 12:02:24.693983 2310479 warnings.py:109] /opt/conda/lib/python3.10/site-packages/torchvision/io/image.py:13: UserWarning: Failed to load image Python extension: '/opt/conda/lib/python3.10/site-packages/torchvision/image.so: undefined symbol: _ZN3c1017RegisterOperatorsD1Ev'If you don't plan on using image functionality from `torchvision.io`, you can ignore this warning. Otherwise, there might be something wrong with your environment. Did you have `libjpeg` or `libpng` installed before building `torchvision` from source?
  warn(

W0328 12:02:25.447907 2310479 warnings.py:109] /opt/conda/lib/python3.10/site-packages/compressai/models/video/google.py:353: FutureWarning: `torch.cuda.amp.autocast(args...)` is deprecated. Please use `torch.amp.autocast('cuda', args...)` instead.
  @amp.autocast(enabled=False)

I0328 12:02:25.451739 2300848 quantize_finetune_llama.py:209] layer 31 gpu 3
I0328 12:02:25.465441 2310479 data_utils.py:336] using 256 training seqs, 128 validation seqs
The attention layers in this model are transitioning from computing the RoPE embeddings internally through `position_ids` (2D tensor with the indexes of the tokens), to using externally computed `position_embeddings` (Tuple of tensors, containing cos and sin). In v4.46 `position_ids` will be removed and `position_embeddings` will be mandatory.
I0328 12:02:40.414495 2310409 finetune.py:68] layer 29_v @ epoch 1 new loss 2.3476772184949368e-05 old loss 2.445857535349205e-05 BETTER
I0328 12:02:43.433744 2310479 finetune.py:45] layer 30_v initial loss 8.29358832561411e-05
W0328 12:02:43.434169 2310479 warnings.py:109] /workspace/Weight_compression/comp_lm_qtip/lib/algo/finetune.py:46: FutureWarning: `torch.cuda.amp.GradScaler(args...)` is deprecated. Please use `torch.amp.GradScaler('cuda', args...)` instead.
  scaler = torch.cuda.amp.GradScaler(enabled=(orig_dtype==torch.float16))

I0328 12:02:44.443603 2310339 finetune.py:68] layer 28_v @ epoch 3 new loss 1.9413515474298038e-05 old loss 1.9861457985825837e-05 BETTER
I0328 12:03:15.165306 2310409 finetune.py:68] layer 29_v @ epoch 2 new loss 2.3156357201514766e-05 old loss 2.3476772184949368e-05 BETTER
I0328 12:03:17.011174 2310479 finetune.py:68] layer 30_v @ epoch 0 new loss 4.1556635551387444e-05 old loss 8.29358832561411e-05 BETTER
I0328 12:03:21.527497 2310339 finetune.py:68] layer 28_v @ epoch 4 new loss 1.9366418200661428e-05 old loss 1.9413515474298038e-05 BETTER
I0328 12:03:29.720321 2300848 quantize_finetune_llama.py:240] computed original embedding for layer 31 in 63.81477451324463s
I0328 12:03:33.455517 2310549 utils.py:146] Note: detected 128 virtual cores but NumExpr set to maximum of 64, check "NUMEXPR_MAX_THREADS" environment variable.
I0328 12:03:33.455625 2310549 utils.py:149] Note: NumExpr detected 128 cores but "NUMEXPR_MAX_THREADS" not set, so enforcing safe limit of 16.
I0328 12:03:33.455666 2310549 utils.py:162] NumExpr defaulting to 16 threads.
I0328 12:03:33.845590 2310549 config.py:54] PyTorch version 2.6.0 available.
W0328 12:03:34.067807 2310549 warnings.py:109] /opt/conda/lib/python3.10/site-packages/torchvision/io/image.py:13: UserWarning: Failed to load image Python extension: '/opt/conda/lib/python3.10/site-packages/torchvision/image.so: undefined symbol: _ZN3c1017RegisterOperatorsD1Ev'If you don't plan on using image functionality from `torchvision.io`, you can ignore this warning. Otherwise, there might be something wrong with your environment. Did you have `libjpeg` or `libpng` installed before building `torchvision` from source?
  warn(

W0328 12:03:34.978861 2310549 warnings.py:109] /opt/conda/lib/python3.10/site-packages/compressai/models/video/google.py:353: FutureWarning: `torch.cuda.amp.autocast(args...)` is deprecated. Please use `torch.amp.autocast('cuda', args...)` instead.
  @amp.autocast(enabled=False)

I0328 12:03:34.996249 2310549 data_utils.py:336] using 256 training seqs, 128 validation seqs
I0328 12:03:40.738885 2310339 finetune.py:45] layer 28_q initial loss 2.5179691874654964e-05
The attention layers in this model are transitioning from computing the RoPE embeddings internally through `position_ids` (2D tensor with the indexes of the tokens), to using externally computed `position_embeddings` (Tuple of tensors, containing cos and sin). In v4.46 `position_ids` will be removed and `position_embeddings` will be mandatory.
I0328 12:03:50.121890 2310409 finetune.py:76] layer 29_v @ epoch 3 new loss 2.3647879061172716e-05 old loss 2.3156357201514766e-05 WORSE
I0328 12:03:51.704297 2310479 finetune.py:68] layer 30_v @ epoch 1 new loss 3.9439961255993694e-05 old loss 4.1556635551387444e-05 BETTER
I0328 12:03:52.503059 2310549 finetune.py:45] layer 31_v initial loss 0.00011886912398040295
