I0328 08:05:24.740779 2286844 finetune.py:68] layer 20_down @ epoch 0 new loss 0.00023543013958260417 old loss 0.00023544131545349956 BETTER
I0328 08:05:27.311550 2289175 finetune.py:68] layer 23_gate @ epoch 2 new loss 0.0001753977412590757 old loss 0.0001761453750077635 BETTER
I0328 08:05:30.092693 2288413 finetune.py:68] layer 22_gate @ epoch 4 new loss 0.0001595369103597477 old loss 0.00016020437760744244 BETTER
I0328 08:05:42.983238 2287659 finetune.py:68] layer 21_down @ epoch 0 new loss 0.0002743270597420633 old loss 0.0002743423101492226 BETTER
I0328 08:05:53.395596 2286844 finetune.py:68] layer 20_down @ epoch 1 new loss 0.00023542108829133213 old loss 0.00023543013958260417 BETTER
I0328 08:05:57.336087 2289175 finetune.py:68] layer 23_gate @ epoch 3 new loss 0.00017472566105425358 old loss 0.0001753977412590757 BETTER
I0328 08:06:10.677027 2287659 finetune.py:68] layer 21_down @ epoch 1 new loss 0.000274314486887306 old loss 0.0002743270597420633 BETTER
I0328 08:06:22.335173 2286844 finetune.py:68] layer 20_down @ epoch 2 new loss 0.00023541448172181845 old loss 0.00023542108829133213 BETTER
I0328 08:06:27.200057 2289175 finetune.py:68] layer 23_gate @ epoch 4 new loss 0.0001741274172673002 old loss 0.00017472566105425358 BETTER
I0328 08:06:31.056801 2288413 finetune.py:45] layer 22_down initial loss 0.00028628247673623264
I0328 08:06:38.736983 2287659 finetune.py:68] layer 21_down @ epoch 2 new loss 0.00027430435875430703 old loss 0.000274314486887306 BETTER
I0328 08:06:51.721690 2286844 finetune.py:68] layer 20_down @ epoch 3 new loss 0.00023540899564977735 old loss 0.00023541448172181845 BETTER
I0328 08:06:57.428568 2288413 finetune.py:68] layer 22_down @ epoch 0 new loss 0.00028626626590266824 old loss 0.00028628247673623264 BETTER
I0328 08:07:06.723733 2287659 finetune.py:68] layer 21_down @ epoch 3 new loss 0.00027429559850133955 old loss 0.00027430435875430703 BETTER
I0328 08:07:20.986912 2286844 finetune.py:68] layer 20_down @ epoch 4 new loss 0.00023540420806966722 old loss 0.00023540899564977735 BETTER
20_v proxy err 0.018992459401488304 tr(WHW.T) 330.192138671875
bpp_loss 2.8346663501579314
20_q proxy err 0.0013724626041948795 tr(WHW.T) 20752.150390625
bpp_loss 3.558734084595926
20_k proxy err 0.0005154350074008107 tr(WHW.T) 15387.703125
bpp_loss 4.377312820171937
20_o proxy err 0.021158525720238686 tr(WHW.T) 1206.9736328125
bpp_loss 2.8724926565773785
20_up proxy err 0.016655240207910538 tr(WHW.T) 7604.44580078125
bpp_loss 2.960227540361562
20_gate proxy err 0.004439385142177343 tr(WHW.T) 30604.205078125
bpp_loss 3.313671785938953
20_down proxy err 0.018528327345848083 tr(WHW.T) 6330.791015625
bpp_loss 2.9563545366483077
I0328 08:07:25.363974 2288413 finetune.py:68] layer 22_down @ epoch 1 new loss 0.0002862541005015373 old loss 0.00028626626590266824 BETTER
I0328 08:07:28.884148 2289175 finetune.py:45] layer 23_down initial loss 0.00030897182296030223
I0328 08:07:34.871614 2287659 finetune.py:68] layer 21_down @ epoch 4 new loss 0.00027428881730884314 old loss 0.00027429559850133955 BETTER
21_v proxy err 0.01761346124112606 tr(WHW.T) 362.87310791015625
bpp_loss 2.8598313902621157
21_q proxy err 0.0011186028132215142 tr(WHW.T) 25857.505859375
bpp_loss 3.5585699088405818
21_k proxy err 0.0004830930847674608 tr(WHW.T) 16776.28125
bpp_loss 4.414938771049492
21_o proxy err 0.014262106269598007 tr(WHW.T) 1271.912353515625
bpp_loss 2.888529100222513
21_up proxy err 0.016010096296668053 tr(WHW.T) 7770.2998046875
bpp_loss 2.962932089277144
21_gate proxy err 0.004251987207680941 tr(WHW.T) 31454.744140625
bpp_loss 3.3242453514997448
21_down proxy err 0.01748189702630043 tr(WHW.T) 6376.40087890625
bpp_loss 2.956668168206566
I0328 08:07:53.277860 2288413 finetune.py:68] layer 22_down @ epoch 2 new loss 0.0002862443507183343 old loss 0.0002862541005015373 BETTER
I0328 08:07:54.807876 2289175 finetune.py:68] layer 23_down @ epoch 0 new loss 0.00030895607778802514 old loss 0.00030897182296030223 BETTER
I0328 08:08:21.172172 2288413 finetune.py:68] layer 22_down @ epoch 3 new loss 0.0002862366964109242 old loss 0.0002862443507183343 BETTER
I0328 08:08:21.724878 2289175 finetune.py:68] layer 23_down @ epoch 1 new loss 0.0003089443489443511 old loss 0.00030895607778802514 BETTER
I0328 08:08:47.332881 2210624 quantize_finetune_llama.py:240] computed original embedding for layer 24 in 67.38657140731812s
I0328 08:08:49.101700 2289175 finetune.py:68] layer 23_down @ epoch 2 new loss 0.0003089349193032831 old loss 0.0003089443489443511 BETTER
I0328 08:08:49.265335 2288413 finetune.py:68] layer 22_down @ epoch 4 new loss 0.0002862301771529019 old loss 0.0002862366964109242 BETTER
22_v proxy err 0.017602134495973587 tr(WHW.T) 346.0789489746094
bpp_loss 2.9084044653573073
22_q proxy err 0.001332606771029532 tr(WHW.T) 20338.37890625
bpp_loss 3.521488055062946
22_k proxy err 0.000515064864885062 tr(WHW.T) 14713.1630859375
bpp_loss 4.356941193051171
22_o proxy err 0.019903739914298058 tr(WHW.T) 1223.2801513671875
bpp_loss 2.918834712880198
22_up proxy err 0.016678253188729286 tr(WHW.T) 7549.02197265625
bpp_loss 2.967196887026408
22_gate proxy err 0.004589257761836052 tr(WHW.T) 29480.33984375
bpp_loss 3.329078450732465
22_down proxy err 0.01753840036690235 tr(WHW.T) 6557.763671875
bpp_loss 2.962749544963507
I0328 08:08:51.506255 2296563 utils.py:146] Note: detected 128 virtual cores but NumExpr set to maximum of 64, check "NUMEXPR_MAX_THREADS" environment variable.
I0328 08:08:51.506349 2296563 utils.py:149] Note: NumExpr detected 128 cores but "NUMEXPR_MAX_THREADS" not set, so enforcing safe limit of 16.
I0328 08:08:51.506387 2296563 utils.py:162] NumExpr defaulting to 16 threads.
I0328 08:08:51.863118 2296563 config.py:54] PyTorch version 2.6.0 available.
W0328 08:08:52.070355 2296563 warnings.py:109] /opt/conda/lib/python3.10/site-packages/torchvision/io/image.py:13: UserWarning: Failed to load image Python extension: '/opt/conda/lib/python3.10/site-packages/torchvision/image.so: undefined symbol: _ZN3c1017RegisterOperatorsD1Ev'If you don't plan on using image functionality from `torchvision.io`, you can ignore this warning. Otherwise, there might be something wrong with your environment. Did you have `libjpeg` or `libpng` installed before building `torchvision` from source?
  warn(

W0328 08:08:52.688649 2296563 warnings.py:109] /opt/conda/lib/python3.10/site-packages/compressai/models/video/google.py:353: FutureWarning: `torch.cuda.amp.autocast(args...)` is deprecated. Please use `torch.amp.autocast('cuda', args...)` instead.
  @amp.autocast(enabled=False)

I0328 08:08:52.692501 2210624 quantize_finetune_llama.py:209] layer 25 gpu 1
I0328 08:08:52.706001 2296563 data_utils.py:336] using 256 training seqs, 128 validation seqs
The attention layers in this model are transitioning from computing the RoPE embeddings internally through `position_ids` (2D tensor with the indexes of the tokens), to using externally computed `position_embeddings` (Tuple of tensors, containing cos and sin). In v4.46 `position_ids` will be removed and `position_embeddings` will be mandatory.
I0328 08:09:09.589929 2296563 finetune.py:45] layer 24_v initial loss 8.421737584285438e-05
W0328 08:09:09.590140 2296563 warnings.py:109] /workspace/Weight_compression/comp_lm_qtip/lib/algo/finetune.py:46: FutureWarning: `torch.cuda.amp.GradScaler(args...)` is deprecated. Please use `torch.amp.GradScaler('cuda', args...)` instead.
  scaler = torch.cuda.amp.GradScaler(enabled=(orig_dtype==torch.float16))

I0328 08:09:16.174511 2289175 finetune.py:68] layer 23_down @ epoch 3 new loss 0.00030892735230736434 old loss 0.0003089349193032831 BETTER
I0328 08:09:43.439744 2289175 finetune.py:68] layer 23_down @ epoch 4 new loss 0.0003089211822953075 old loss 0.00030892735230736434 BETTER
I0328 08:09:44.369149 2296563 finetune.py:68] layer 24_v @ epoch 0 new loss 2.1206204110058025e-05 old loss 8.421737584285438e-05 BETTER
23_v proxy err 0.016648493707180023 tr(WHW.T) 397.90704345703125
bpp_loss 2.958052349567879
23_q proxy err 0.00129153102170676 tr(WHW.T) 22621.15625
bpp_loss 3.5324858391541056
23_k proxy err 0.0005502298008650541 tr(WHW.T) 14850.2109375
bpp_loss 4.359598794893827
23_o proxy err 0.016848981380462646 tr(WHW.T) 1745.870361328125
bpp_loss 2.9416785210487433
23_up proxy err 0.01696643978357315 tr(WHW.T) 7423.2412109375
bpp_loss 2.9709719638340175
23_gate proxy err 0.004964611027389765 tr(WHW.T) 27249.904296875
bpp_loss 3.3311559072296535
23_down proxy err 0.017558734863996506 tr(WHW.T) 6695.96044921875
bpp_loss 2.967891912774316
I0328 08:09:58.295835 2210624 quantize_finetune_llama.py:240] computed original embedding for layer 25 in 64.24631404876709s
I0328 08:10:01.878223 2296702 utils.py:146] Note: detected 128 virtual cores but NumExpr set to maximum of 64, check "NUMEXPR_MAX_THREADS" environment variable.
I0328 08:10:01.878318 2296702 utils.py:149] Note: NumExpr detected 128 cores but "NUMEXPR_MAX_THREADS" not set, so enforcing safe limit of 16.
I0328 08:10:01.878355 2296702 utils.py:162] NumExpr defaulting to 16 threads.
I0328 08:10:02.237699 2296702 config.py:54] PyTorch version 2.6.0 available.
W0328 08:10:02.430498 2296702 warnings.py:109] /opt/conda/lib/python3.10/site-packages/torchvision/io/image.py:13: UserWarning: Failed to load image Python extension: '/opt/conda/lib/python3.10/site-packages/torchvision/image.so: undefined symbol: _ZN3c1017RegisterOperatorsD1Ev'If you don't plan on using image functionality from `torchvision.io`, you can ignore this warning. Otherwise, there might be something wrong with your environment. Did you have `libjpeg` or `libpng` installed before building `torchvision` from source?
  warn(

W0328 08:10:03.022109 2296702 warnings.py:109] /opt/conda/lib/python3.10/site-packages/compressai/models/video/google.py:353: FutureWarning: `torch.cuda.amp.autocast(args...)` is deprecated. Please use `torch.amp.autocast('cuda', args...)` instead.
  @amp.autocast(enabled=False)

I0328 08:10:03.025944 2210624 quantize_finetune_llama.py:209] layer 26 gpu 2
I0328 08:10:03.039727 2296702 data_utils.py:336] using 256 training seqs, 128 validation seqs
The attention layers in this model are transitioning from computing the RoPE embeddings internally through `position_ids` (2D tensor with the indexes of the tokens), to using externally computed `position_embeddings` (Tuple of tensors, containing cos and sin). In v4.46 `position_ids` will be removed and `position_embeddings` will be mandatory.
I0328 08:10:19.590585 2296702 finetune.py:45] layer 25_v initial loss 9.13052135729231e-05
W0328 08:10:19.590891 2296702 warnings.py:109] /workspace/Weight_compression/comp_lm_qtip/lib/algo/finetune.py:46: FutureWarning: `torch.cuda.amp.GradScaler(args...)` is deprecated. Please use `torch.amp.GradScaler('cuda', args...)` instead.
  scaler = torch.cuda.amp.GradScaler(enabled=(orig_dtype==torch.float16))

I0328 08:10:20.566891 2296563 finetune.py:68] layer 24_v @ epoch 1 new loss 1.812697882996872e-05 old loss 2.1206204110058025e-05 BETTER
I0328 08:10:52.688679 2296702 finetune.py:68] layer 25_v @ epoch 0 new loss 2.4460938220727257e-05 old loss 9.13052135729231e-05 BETTER
I0328 08:10:57.202437 2296563 finetune.py:68] layer 24_v @ epoch 2 new loss 1.716708720778115e-05 old loss 1.812697882996872e-05 BETTER
I0328 08:11:06.534212 2210624 quantize_finetune_llama.py:240] computed original embedding for layer 26 in 63.047839641571045s
I0328 08:11:10.232035 2296835 utils.py:146] Note: detected 128 virtual cores but NumExpr set to maximum of 64, check "NUMEXPR_MAX_THREADS" environment variable.
I0328 08:11:10.232124 2296835 utils.py:149] Note: NumExpr detected 128 cores but "NUMEXPR_MAX_THREADS" not set, so enforcing safe limit of 16.
I0328 08:11:10.232165 2296835 utils.py:162] NumExpr defaulting to 16 threads.
I0328 08:11:10.575523 2296835 config.py:54] PyTorch version 2.6.0 available.
W0328 08:11:10.774064 2296835 warnings.py:109] /opt/conda/lib/python3.10/site-packages/torchvision/io/image.py:13: UserWarning: Failed to load image Python extension: '/opt/conda/lib/python3.10/site-packages/torchvision/image.so: undefined symbol: _ZN3c1017RegisterOperatorsD1Ev'If you don't plan on using image functionality from `torchvision.io`, you can ignore this warning. Otherwise, there might be something wrong with your environment. Did you have `libjpeg` or `libpng` installed before building `torchvision` from source?
  warn(

W0328 08:11:11.370463 2296835 warnings.py:109] /opt/conda/lib/python3.10/site-packages/compressai/models/video/google.py:353: FutureWarning: `torch.cuda.amp.autocast(args...)` is deprecated. Please use `torch.amp.autocast('cuda', args...)` instead.
  @amp.autocast(enabled=False)

I0328 08:11:11.374310 2210624 quantize_finetune_llama.py:209] layer 27 gpu 3
I0328 08:11:11.387810 2296835 data_utils.py:336] using 256 training seqs, 128 validation seqs
The attention layers in this model are transitioning from computing the RoPE embeddings internally through `position_ids` (2D tensor with the indexes of the tokens), to using externally computed `position_embeddings` (Tuple of tensors, containing cos and sin). In v4.46 `position_ids` will be removed and `position_embeddings` will be mandatory.
I0328 08:11:27.124079 2296702 finetune.py:68] layer 25_v @ epoch 1 new loss 2.1380574253271334e-05 old loss 2.4460938220727257e-05 BETTER
I0328 08:11:28.350271 2296835 finetune.py:45] layer 26_v initial loss 8.449402957921848e-05
W0328 08:11:28.350457 2296835 warnings.py:109] /workspace/Weight_compression/comp_lm_qtip/lib/algo/finetune.py:46: FutureWarning: `torch.cuda.amp.GradScaler(args...)` is deprecated. Please use `torch.amp.GradScaler('cuda', args...)` instead.
  scaler = torch.cuda.amp.GradScaler(enabled=(orig_dtype==torch.float16))

I0328 08:11:34.046914 2296563 finetune.py:68] layer 24_v @ epoch 3 new loss 1.665827221586369e-05 old loss 1.716708720778115e-05 BETTER
I0328 08:12:01.752460 2296702 finetune.py:68] layer 25_v @ epoch 2 new loss 2.0347719328128733e-05 old loss 2.1380574253271334e-05 BETTER
I0328 08:12:01.837944 2296835 finetune.py:68] layer 26_v @ epoch 0 new loss 3.369400292285718e-05 old loss 8.449402957921848e-05 BETTER
I0328 08:12:10.997183 2296563 finetune.py:68] layer 24_v @ epoch 4 new loss 1.6316114852088504e-05 old loss 1.665827221586369e-05 BETTER
I0328 08:12:15.461014 2210624 quantize_finetune_llama.py:240] computed original embedding for layer 27 in 63.591108083724976s
I0328 08:12:19.134015 2296971 utils.py:146] Note: detected 128 virtual cores but NumExpr set to maximum of 64, check "NUMEXPR_MAX_THREADS" environment variable.
I0328 08:12:19.134169 2296971 utils.py:149] Note: NumExpr detected 128 cores but "NUMEXPR_MAX_THREADS" not set, so enforcing safe limit of 16.
I0328 08:12:19.134222 2296971 utils.py:162] NumExpr defaulting to 16 threads.
I0328 08:12:19.468439 2296971 config.py:54] PyTorch version 2.6.0 available.
W0328 08:12:19.677967 2296971 warnings.py:109] /opt/conda/lib/python3.10/site-packages/torchvision/io/image.py:13: UserWarning: Failed to load image Python extension: '/opt/conda/lib/python3.10/site-packages/torchvision/image.so: undefined symbol: _ZN3c1017RegisterOperatorsD1Ev'If you don't plan on using image functionality from `torchvision.io`, you can ignore this warning. Otherwise, there might be something wrong with your environment. Did you have `libjpeg` or `libpng` installed before building `torchvision` from source?
  warn(

W0328 08:12:20.308319 2296971 warnings.py:109] /opt/conda/lib/python3.10/site-packages/compressai/models/video/google.py:353: FutureWarning: `torch.cuda.amp.autocast(args...)` is deprecated. Please use `torch.amp.autocast('cuda', args...)` instead.
  @amp.autocast(enabled=False)

I0328 08:12:20.311890 2210624 quantize_finetune_llama.py:209] layer 28 gpu 0
I0328 08:12:20.324317 2296971 data_utils.py:336] using 256 training seqs, 128 validation seqs
I0328 08:12:30.129682 2296563 finetune.py:45] layer 24_q initial loss 2.0523346393019892e-05
The attention layers in this model are transitioning from computing the RoPE embeddings internally through `position_ids` (2D tensor with the indexes of the tokens), to using externally computed `position_embeddings` (Tuple of tensors, containing cos and sin). In v4.46 `position_ids` will be removed and `position_embeddings` will be mandatory.
I0328 08:12:36.489310 2296835 finetune.py:68] layer 26_v @ epoch 1 new loss 3.0952298402553424e-05 old loss 3.369400292285718e-05 BETTER
I0328 08:12:36.543120 2296702 finetune.py:68] layer 25_v @ epoch 3 new loss 1.9910827177227475e-05 old loss 2.0347719328128733e-05 BETTER
I0328 08:12:37.424695 2296971 finetune.py:45] layer 27_v initial loss 9.280537051381543e-05
W0328 08:12:37.425021 2296971 warnings.py:109] /workspace/Weight_compression/comp_lm_qtip/lib/algo/finetune.py:46: FutureWarning: `torch.cuda.amp.GradScaler(args...)` is deprecated. Please use `torch.amp.GradScaler('cuda', args...)` instead.
  scaler = torch.cuda.amp.GradScaler(enabled=(orig_dtype==torch.float16))

I0328 08:13:05.350024 2296563 finetune.py:68] layer 24_q @ epoch 0 new loss 1.9956729374825954e-05 old loss 2.0523346393019892e-05 BETTER
I0328 08:13:10.963587 2296971 finetune.py:68] layer 27_v @ epoch 0 new loss 3.1390864023705944e-05 old loss 9.280537051381543e-05 BETTER
I0328 08:13:11.521266 2296835 finetune.py:68] layer 26_v @ epoch 2 new loss 2.9785336664645e-05 old loss 3.0952298402553424e-05 BETTER
I0328 08:13:11.944574 2296702 finetune.py:68] layer 25_v @ epoch 4 new loss 1.9420327589614317e-05 old loss 1.9910827177227475e-05 BETTER
I0328 08:13:30.940987 2296702 finetune.py:45] layer 25_q initial loss 2.761695213848725e-05
I0328 08:13:41.636271 2296563 finetune.py:68] layer 24_q @ epoch 1 new loss 1.9635495846159756e-05 old loss 1.9956729374825954e-05 BETTER
I0328 08:13:45.548337 2296971 finetune.py:68] layer 27_v @ epoch 1 new loss 2.9074961275910027e-05 old loss 3.1390864023705944e-05 BETTER
I0328 08:13:46.760854 2296835 finetune.py:68] layer 26_v @ epoch 3 new loss 2.9017439374001697e-05 old loss 2.9785336664645e-05 BETTER
I0328 08:14:04.406883 2296702 finetune.py:68] layer 25_q @ epoch 0 new loss 2.6470966986380517e-05 old loss 2.761695213848725e-05 BETTER
I0328 08:14:18.205249 2296563 finetune.py:68] layer 24_q @ epoch 2 new loss 1.9402885300223716e-05 old loss 1.9635495846159756e-05 BETTER
I0328 08:14:20.192419 2296971 finetune.py:68] layer 27_v @ epoch 2 new loss 2.8070931875845417e-05 old loss 2.9074961275910027e-05 BETTER
I0328 08:14:22.060459 2296835 finetune.py:68] layer 26_v @ epoch 4 new loss 2.8505504815257154e-05 old loss 2.9017439374001697e-05 BETTER
I0328 08:14:38.785374 2296702 finetune.py:68] layer 25_q @ epoch 1 new loss 2.5829434889601544e-05 old loss 2.6470966986380517e-05 BETTER
I0328 08:14:41.989081 2296835 finetune.py:45] layer 26_q initial loss 3.496676072245464e-05
I0328 08:14:54.727615 2296563 finetune.py:68] layer 24_q @ epoch 3 new loss 1.9220069589209743e-05 old loss 1.9402885300223716e-05 BETTER
I0328 08:14:55.089273 2296971 finetune.py:68] layer 27_v @ epoch 3 new loss 2.7507381673785858e-05 old loss 2.8070931875845417e-05 BETTER
I0328 08:15:13.383843 2296702 finetune.py:68] layer 25_q @ epoch 2 new loss 2.5390432710992172e-05 old loss 2.5829434889601544e-05 BETTER
I0328 08:15:15.724956 2296835 finetune.py:68] layer 26_q @ epoch 0 new loss 3.4039596357615665e-05 old loss 3.496676072245464e-05 BETTER
I0328 08:15:30.016747 2296971 finetune.py:68] layer 27_v @ epoch 4 new loss 2.7043079171562567e-05 old loss 2.7507381673785858e-05 BETTER
I0328 08:15:31.163270 2296563 finetune.py:68] layer 24_q @ epoch 4 new loss 1.9071881979471073e-05 old loss 1.9220069589209743e-05 BETTER
I0328 08:15:48.802798 2296702 finetune.py:68] layer 25_q @ epoch 3 new loss 2.5023186026373878e-05 old loss 2.5390432710992172e-05 BETTER
I0328 08:15:49.291496 2296563 finetune.py:45] layer 24_k initial loss 2.1163035853533074e-05
I0328 08:15:50.244494 2296971 finetune.py:45] layer 27_q initial loss 3.726527211256325e-05
I0328 08:15:50.711273 2296835 finetune.py:68] layer 26_q @ epoch 1 new loss 3.346509765833616e-05 old loss 3.4039596357615665e-05 BETTER
I0328 08:16:24.069829 2296702 finetune.py:68] layer 25_q @ epoch 4 new loss 2.470655454089865e-05 old loss 2.5023186026373878e-05 BETTER
I0328 08:16:24.075974 2296971 finetune.py:68] layer 27_q @ epoch 0 new loss 3.634088352555409e-05 old loss 3.726527211256325e-05 BETTER
I0328 08:16:24.628356 2296563 finetune.py:68] layer 24_k @ epoch 0 new loss 2.100584242725745e-05 old loss 2.1163035853533074e-05 BETTER
I0328 08:16:26.029040 2296835 finetune.py:68] layer 26_q @ epoch 2 new loss 3.3023537980625406e-05 old loss 3.346509765833616e-05 BETTER
I0328 08:16:42.015213 2296702 finetune.py:45] layer 25_k initial loss 2.8679634851869196e-05
I0328 08:16:58.404446 2296971 finetune.py:68] layer 27_q @ epoch 1 new loss 3.572878267732449e-05 old loss 3.634088352555409e-05 BETTER
I0328 08:17:01.135345 2296835 finetune.py:68] layer 26_q @ epoch 3 new loss 3.263389953644946e-05 old loss 3.3023537980625406e-05 BETTER
I0328 08:17:01.187874 2296563 finetune.py:68] layer 24_k @ epoch 1 new loss 2.089076406264212e-05 old loss 2.100584242725745e-05 BETTER
I0328 08:17:15.025376 2296702 finetune.py:68] layer 25_k @ epoch 0 new loss 2.8275069780647755e-05 old loss 2.8679634851869196e-05 BETTER
I0328 08:17:32.966461 2296971 finetune.py:68] layer 27_q @ epoch 2 new loss 3.535150972311385e-05 old loss 3.572878267732449e-05 BETTER
I0328 08:17:35.846264 2296835 finetune.py:68] layer 26_q @ epoch 4 new loss 3.235456097172573e-05 old loss 3.263389953644946e-05 BETTER
I0328 08:17:37.464793 2296563 finetune.py:68] layer 24_k @ epoch 2 new loss 2.0801331629627384e-05 old loss 2.089076406264212e-05 BETTER
I0328 08:17:49.254343 2296702 finetune.py:68] layer 25_k @ epoch 1 new loss 2.7997597499052063e-05 old loss 2.8275069780647755e-05 BETTER
I0328 08:17:54.189972 2296835 finetune.py:45] layer 26_k initial loss 3.5237408155808225e-05
I0328 08:18:07.112609 2296971 finetune.py:68] layer 27_q @ epoch 3 new loss 3.503682091832161e-05 old loss 3.535150972311385e-05 BETTER
I0328 08:18:13.673349 2296563 finetune.py:68] layer 24_k @ epoch 3 new loss 2.0729385141748935e-05 old loss 2.0801331629627384e-05 BETTER
I0328 08:18:23.767694 2296702 finetune.py:68] layer 25_k @ epoch 2 new loss 2.7770529413828626e-05 old loss 2.7997597499052063e-05 BETTER
I0328 08:18:27.802921 2296835 finetune.py:68] layer 26_k @ epoch 0 new loss 3.472651951597072e-05 old loss 3.5237408155808225e-05 BETTER
I0328 08:18:41.479959 2296971 finetune.py:68] layer 27_q @ epoch 4 new loss 3.478047074167989e-05 old loss 3.503682091832161e-05 BETTER
I0328 08:18:50.068731 2296563 finetune.py:68] layer 24_k @ epoch 4 new loss 2.064132240775507e-05 old loss 2.0729385141748935e-05 BETTER
I0328 08:18:58.172447 2296702 finetune.py:68] layer 25_k @ epoch 3 new loss 2.7598620363278314e-05 old loss 2.7770529413828626e-05 BETTER
I0328 08:18:59.513587 2296971 finetune.py:45] layer 27_k initial loss 3.992949496023357e-05
I0328 08:19:02.455630 2296835 finetune.py:68] layer 26_k @ epoch 1 new loss 3.446310438448563e-05 old loss 3.472651951597072e-05 BETTER
I0328 08:19:09.773818 2296563 finetune.py:45] layer 24_o initial loss 5.1168819481972605e-05
I0328 08:19:32.820818 2296971 finetune.py:68] layer 27_k @ epoch 0 new loss 3.938732697861269e-05 old loss 3.992949496023357e-05 BETTER
I0328 08:19:33.251605 2296702 finetune.py:68] layer 25_k @ epoch 4 new loss 2.7449150366010144e-05 old loss 2.7598620363278314e-05 BETTER
I0328 08:19:37.064019 2296835 finetune.py:68] layer 26_k @ epoch 2 new loss 3.426371404202655e-05 old loss 3.446310438448563e-05 BETTER
I0328 08:19:44.161170 2296563 finetune.py:68] layer 24_o @ epoch 0 new loss 4.919129787595011e-05 old loss 5.1168819481972605e-05 BETTER
I0328 08:19:53.142586 2296702 finetune.py:45] layer 25_o initial loss 6.230609869817272e-05
I0328 08:20:07.074519 2296971 finetune.py:68] layer 27_k @ epoch 1 new loss 3.9070218917913735e-05 old loss 3.938732697861269e-05 BETTER
I0328 08:20:11.951263 2296835 finetune.py:68] layer 26_k @ epoch 3 new loss 3.4069205867126584e-05 old loss 3.426371404202655e-05 BETTER
I0328 08:20:20.017160 2296563 finetune.py:68] layer 24_o @ epoch 1 new loss 4.8728161345934495e-05 old loss 4.919129787595011e-05 BETTER
I0328 08:20:25.885113 2296702 finetune.py:68] layer 25_o @ epoch 0 new loss 5.958377732895315e-05 old loss 6.230609869817272e-05 BETTER
I0328 08:20:41.445290 2296971 finetune.py:68] layer 27_k @ epoch 2 new loss 3.88807529816404e-05 old loss 3.9070218917913735e-05 BETTER
I0328 08:20:46.638879 2296835 finetune.py:68] layer 26_k @ epoch 4 new loss 3.392282815184444e-05 old loss 3.4069205867126584e-05 BETTER
I0328 08:20:55.967501 2296563 finetune.py:68] layer 24_o @ epoch 2 new loss 4.841201371164061e-05 old loss 4.8728161345934495e-05 BETTER
I0328 08:20:59.617420 2296702 finetune.py:68] layer 25_o @ epoch 1 new loss 5.8893794630421326e-05 old loss 5.958377732895315e-05 BETTER
I0328 08:21:07.403217 2296835 finetune.py:45] layer 26_o initial loss 8.193495887098834e-05
I0328 08:21:15.953575 2296971 finetune.py:68] layer 27_k @ epoch 3 new loss 3.874620233546011e-05 old loss 3.88807529816404e-05 BETTER
I0328 08:21:31.946913 2296563 finetune.py:68] layer 24_o @ epoch 3 new loss 4.815954889636487e-05 old loss 4.841201371164061e-05 BETTER
I0328 08:21:33.715344 2296702 finetune.py:68] layer 25_o @ epoch 2 new loss 5.840330049977638e-05 old loss 5.8893794630421326e-05 BETTER
I0328 08:21:40.276051 2296835 finetune.py:68] layer 26_o @ epoch 0 new loss 7.879900658736005e-05 old loss 8.193495887098834e-05 BETTER
I0328 08:21:50.189367 2296971 finetune.py:68] layer 27_k @ epoch 4 new loss 3.862309313262813e-05 old loss 3.874620233546011e-05 BETTER
I0328 08:22:08.428050 2296702 finetune.py:68] layer 25_o @ epoch 3 new loss 5.80352425458841e-05 old loss 5.840330049977638e-05 BETTER
I0328 08:22:08.438544 2296563 finetune.py:68] layer 24_o @ epoch 4 new loss 4.796482971869409e-05 old loss 4.815954889636487e-05 BETTER
I0328 08:22:10.972817 2296971 finetune.py:45] layer 27_o initial loss 9.623475489206612e-05
I0328 08:22:14.093196 2296835 finetune.py:68] layer 26_o @ epoch 1 new loss 7.782958709867671e-05 old loss 7.879900658736005e-05 BETTER
I0328 08:22:41.719255 2296563 finetune.py:45] layer 24_up initial loss 0.000156332302140072
I0328 08:22:42.947134 2296702 finetune.py:68] layer 25_o @ epoch 4 new loss 5.775410318165086e-05 old loss 5.80352425458841e-05 BETTER
I0328 08:22:43.817193 2296971 finetune.py:68] layer 27_o @ epoch 0 new loss 9.29172892938368e-05 old loss 9.623475489206612e-05 BETTER
I0328 08:22:48.087393 2296835 finetune.py:68] layer 26_o @ epoch 2 new loss 7.714403182035312e-05 old loss 7.782958709867671e-05 BETTER
I0328 08:23:14.051804 2296563 finetune.py:68] layer 24_up @ epoch 0 new loss 0.00015432029613293707 old loss 0.000156332302140072 BETTER
I0328 08:23:17.237707 2296702 finetune.py:45] layer 25_up initial loss 0.00017946526349987835
I0328 08:23:17.735482 2296971 finetune.py:68] layer 27_o @ epoch 1 new loss 9.173520084004849e-05 old loss 9.29172892938368e-05 BETTER
I0328 08:23:22.258046 2296835 finetune.py:68] layer 26_o @ epoch 3 new loss 7.660430856049061e-05 old loss 7.714403182035312e-05 BETTER
I0328 08:23:47.017235 2296563 finetune.py:68] layer 24_up @ epoch 1 new loss 0.00015291817544493824 old loss 0.00015432029613293707 BETTER
I0328 08:23:47.632530 2296702 finetune.py:68] layer 25_up @ epoch 0 new loss 0.00017722835764288902 old loss 0.00017946526349987835 BETTER
I0328 08:23:51.525479 2296971 finetune.py:68] layer 27_o @ epoch 2 new loss 9.094719280255958e-05 old loss 9.173520084004849e-05 BETTER
I0328 08:23:56.348107 2296835 finetune.py:68] layer 26_o @ epoch 4 new loss 7.617480150656775e-05 old loss 7.660430856049061e-05 BETTER
I0328 08:24:20.160548 2296702 finetune.py:68] layer 25_up @ epoch 1 new loss 0.00017567556642461568 old loss 0.00017722835764288902 BETTER
I0328 08:24:21.460484 2296563 finetune.py:68] layer 24_up @ epoch 2 new loss 0.00015177240129560232 old loss 0.00015291817544493824 BETTER
I0328 08:24:25.785331 2296971 finetune.py:68] layer 27_o @ epoch 3 new loss 9.028811473399401e-05 old loss 9.094719280255958e-05 BETTER
I0328 08:24:32.488399 2296835 finetune.py:45] layer 26_up initial loss 0.00021860108245164156
I0328 08:24:53.147663 2296702 finetune.py:68] layer 25_up @ epoch 2 new loss 0.00017440745432395488 old loss 0.00017567556642461568 BETTER
I0328 08:24:55.988656 2296563 finetune.py:68] layer 24_up @ epoch 3 new loss 0.00015076009731274098 old loss 0.00015177240129560232 BETTER
I0328 08:25:00.024165 2296971 finetune.py:68] layer 27_o @ epoch 4 new loss 8.979460108093917e-05 old loss 9.028811473399401e-05 BETTER
I0328 08:25:03.668642 2296835 finetune.py:68] layer 26_up @ epoch 0 new loss 0.00021593720884993672 old loss 0.00021860108245164156 BETTER
I0328 08:25:25.405697 2296702 finetune.py:68] layer 25_up @ epoch 3 new loss 0.0001733038225211203 old loss 0.00017440745432395488 BETTER
I0328 08:25:29.877743 2296563 finetune.py:68] layer 24_up @ epoch 4 new loss 0.00014988613838795573 old loss 0.00015076009731274098 BETTER
I0328 08:25:34.427410 2296971 finetune.py:45] layer 27_up initial loss 0.000256572529906407
I0328 08:25:35.810950 2296835 finetune.py:68] layer 26_up @ epoch 1 new loss 0.0002140621218131855 old loss 0.00021593720884993672 BETTER
I0328 08:25:57.733939 2296702 finetune.py:68] layer 25_up @ epoch 4 new loss 0.00017234192637261003 old loss 0.0001733038225211203 BETTER
I0328 08:26:05.347090 2296563 finetune.py:45] layer 24_gate initial loss 0.00019787647761404514
I0328 08:26:05.536346 2296971 finetune.py:68] layer 27_up @ epoch 0 new loss 0.000253270729444921 old loss 0.000256572529906407 BETTER
I0328 08:26:08.327915 2296835 finetune.py:68] layer 26_up @ epoch 2 new loss 0.00021253066370263696 old loss 0.0002140621218131855 BETTER
I0328 08:26:33.075841 2296702 finetune.py:45] layer 25_gate initial loss 0.00022786138288211077
I0328 08:26:35.937885 2296563 finetune.py:68] layer 24_gate @ epoch 0 new loss 0.00019692153728101403 old loss 0.00019787647761404514 BETTER
I0328 08:26:37.993756 2296971 finetune.py:68] layer 27_up @ epoch 1 new loss 0.0002509753976482898 old loss 0.000253270729444921 BETTER
I0328 08:26:41.060986 2296835 finetune.py:68] layer 26_up @ epoch 3 new loss 0.000211184291401878 old loss 0.00021253066370263696 BETTER
I0328 08:27:01.574764 2296702 finetune.py:68] layer 25_gate @ epoch 0 new loss 0.00022683663701172918 old loss 0.00022786138288211077 BETTER
I0328 08:27:08.406599 2296563 finetune.py:68] layer 24_gate @ epoch 1 new loss 0.0001961157686309889 old loss 0.00019692153728101403 BETTER
I0328 08:27:11.086418 2296971 finetune.py:68] layer 27_up @ epoch 2 new loss 0.00024913137895055115 old loss 0.0002509753976482898 BETTER
I0328 08:27:14.437990 2296835 finetune.py:68] layer 26_up @ epoch 4 new loss 0.0002100043056998402 old loss 0.000211184291401878 BETTER
I0328 08:27:31.101324 2296702 finetune.py:68] layer 25_gate @ epoch 1 new loss 0.00022597640054300427 old loss 0.00022683663701172918 BETTER
I0328 08:27:40.030332 2296563 finetune.py:68] layer 24_gate @ epoch 2 new loss 0.00019542047812137753 old loss 0.0001961157686309889 BETTER
I0328 08:27:42.952439 2296971 finetune.py:68] layer 27_up @ epoch 3 new loss 0.0002475159417372197 old loss 0.00024913137895055115 BETTER
I0328 08:27:49.604299 2296835 finetune.py:45] layer 26_gate initial loss 0.0002758289920166135
I0328 08:28:01.209765 2296702 finetune.py:68] layer 25_gate @ epoch 2 new loss 0.00022522453218698502 old loss 0.00022597640054300427 BETTER
I0328 08:28:12.391950 2296563 finetune.py:68] layer 24_gate @ epoch 3 new loss 0.00019477713794913143 old loss 0.00019542047812137753 BETTER
I0328 08:28:15.868295 2296971 finetune.py:68] layer 27_up @ epoch 4 new loss 0.0002461078984197229 old loss 0.0002475159417372197 BETTER
I0328 08:28:18.709076 2296835 finetune.py:68] layer 26_gate @ epoch 0 new loss 0.00027460051933303475 old loss 0.0002758289920166135 BETTER
I0328 08:28:31.292095 2296702 finetune.py:68] layer 25_gate @ epoch 3 new loss 0.00022455013822764158 old loss 0.00022522453218698502 BETTER
I0328 08:28:44.436475 2296563 finetune.py:68] layer 24_gate @ epoch 4 new loss 0.00019421592878643423 old loss 0.00019477713794913143 BETTER
I0328 08:28:48.765877 2296835 finetune.py:68] layer 26_gate @ epoch 1 new loss 0.0002735773450694978 old loss 0.00027460051933303475 BETTER
I0328 08:28:51.366180 2296971 finetune.py:45] layer 27_gate initial loss 0.00032785977236926556
I0328 08:29:01.219958 2296702 finetune.py:68] layer 25_gate @ epoch 4 new loss 0.0002239541499875486 old loss 0.00022455013822764158 BETTER
I0328 08:29:19.089892 2296835 finetune.py:68] layer 26_gate @ epoch 2 new loss 0.0002726945385802537 old loss 0.0002735773450694978 BETTER
I0328 08:29:19.846667 2296971 finetune.py:68] layer 27_gate @ epoch 0 new loss 0.00032632332295179367 old loss 0.00032785977236926556 BETTER
I0328 08:29:44.331526 2296563 finetune.py:45] layer 24_down initial loss 0.0003361140552442521
I0328 08:29:49.506711 2296835 finetune.py:68] layer 26_gate @ epoch 3 new loss 0.00027187931118533015 old loss 0.0002726945385802537 BETTER
I0328 08:29:49.949468 2296971 finetune.py:68] layer 27_gate @ epoch 1 new loss 0.0003250506124459207 old loss 0.00032632332295179367 BETTER
I0328 08:30:01.830227 2296702 finetune.py:45] layer 25_down initial loss 0.00037711061304435134
I0328 08:30:12.110080 2296563 finetune.py:68] layer 24_down @ epoch 0 new loss 0.0003360998525749892 old loss 0.0003361140552442521 BETTER
I0328 08:30:20.648607 2296835 finetune.py:68] layer 26_gate @ epoch 4 new loss 0.0002711694687604904 old loss 0.00027187931118533015 BETTER
I0328 08:30:20.781105 2296971 finetune.py:68] layer 27_gate @ epoch 2 new loss 0.00032394775189459324 old loss 0.0003250506124459207 BETTER
I0328 08:30:28.427541 2296702 finetune.py:68] layer 25_down @ epoch 0 new loss 0.0003770980692934245 old loss 0.00037711061304435134 BETTER
I0328 08:30:41.137349 2296563 finetune.py:68] layer 24_down @ epoch 1 new loss 0.0003360872797202319 old loss 0.0003360998525749892 BETTER
I0328 08:30:50.752604 2296971 finetune.py:68] layer 27_gate @ epoch 3 new loss 0.00032296677818521857 old loss 0.00032394775189459324 BETTER
I0328 08:30:56.073883 2296702 finetune.py:68] layer 25_down @ epoch 1 new loss 0.0003770879120565951 old loss 0.0003770980692934245 BETTER
I0328 08:31:10.677694 2296563 finetune.py:68] layer 24_down @ epoch 2 new loss 0.0003360779373906553 old loss 0.0003360872797202319 BETTER
I0328 08:31:21.538165 2296971 finetune.py:68] layer 27_gate @ epoch 4 new loss 0.00032208432094193995 old loss 0.00032296677818521857 BETTER
I0328 08:31:23.693184 2296835 finetune.py:45] layer 26_down initial loss 0.0004474338493309915
I0328 08:31:24.686399 2296702 finetune.py:68] layer 25_down @ epoch 2 new loss 0.0003770792973227799 old loss 0.0003770879120565951 BETTER
I0328 08:31:39.749664 2296563 finetune.py:68] layer 24_down @ epoch 3 new loss 0.00033606914803385735 old loss 0.0003360779373906553 BETTER
I0328 08:31:50.296485 2296835 finetune.py:68] layer 26_down @ epoch 0 new loss 0.00044742008321918547 old loss 0.0004474338493309915 BETTER
I0328 08:31:52.860641 2296702 finetune.py:68] layer 25_down @ epoch 3 new loss 0.0003770719631575048 old loss 0.0003770792973227799 BETTER
I0328 08:32:09.317477 2296563 finetune.py:68] layer 24_down @ epoch 4 new loss 0.0003360634727869183 old loss 0.00033606914803385735 BETTER
24_v proxy err 0.014025003649294376 tr(WHW.T) 467.2783508300781
bpp_loss 3.0500379027216695
24_q proxy err 0.0012590889818966389 tr(WHW.T) 22456.20703125
bpp_loss 3.5021779384696856
24_k proxy err 0.000548279145732522 tr(WHW.T) 14175.189453125
bpp_loss 4.205798610346392
24_o proxy err 0.016567451879382133 tr(WHW.T) 1591.575439453125
bpp_loss 2.9805988515145145
24_up proxy err 0.017418356612324715 tr(WHW.T) 7312.6875
bpp_loss 2.975262592812734
24_gate proxy err 0.005298161413520575 tr(WHW.T) 25841.31640625
bpp_loss 3.336554446656789
24_down proxy err 0.017422232776880264 tr(WHW.T) 6770.8056640625
bpp_loss 2.9729692986501113
I0328 08:32:18.578282 2296835 finetune.py:68] layer 26_down @ epoch 1 new loss 0.0004474094312172383 old loss 0.00044742008321918547 BETTER
I0328 08:32:20.864984 2296702 finetune.py:68] layer 25_down @ epoch 4 new loss 0.00037706553121097386 old loss 0.0003770719631575048 BETTER
25_v proxy err 0.012086153030395508 tr(WHW.T) 557.8086547851562
bpp_loss 3.061677629360929
25_q proxy err 0.0011061823461204767 tr(WHW.T) 26141.64453125
bpp_loss 3.483990176115185
25_k proxy err 0.0005525812739506364 tr(WHW.T) 14406.3017578125
bpp_loss 4.186781696043909
25_o proxy err 0.013880135491490364 tr(WHW.T) 1993.0301513671875
bpp_loss 2.9789021861506626
25_up proxy err 0.017252059653401375 tr(WHW.T) 7385.3955078125
bpp_loss 2.9839909842370878
25_gate proxy err 0.0052123540081083775 tr(WHW.T) 26268.15625
bpp_loss 3.3445158966683914
25_down proxy err 0.017345312982797623 tr(WHW.T) 6646.96923828125
bpp_loss 2.9813258143175125
I0328 08:32:23.226516 2296971 finetune.py:45] layer 27_down initial loss 0.0005281619960442185
I0328 08:32:46.197994 2296835 finetune.py:68] layer 26_down @ epoch 2 new loss 0.0004473997396416962 old loss 0.0004474094312172383 BETTER
I0328 08:32:49.271195 2296971 finetune.py:68] layer 27_down @ epoch 0 new loss 0.0005281436606310308 old loss 0.0005281619960442185 BETTER
I0328 08:33:13.977143 2296835 finetune.py:68] layer 26_down @ epoch 3 new loss 0.0004473922017496079 old loss 0.0004473997396416962 BETTER
I0328 08:33:16.350122 2296971 finetune.py:68] layer 27_down @ epoch 1 new loss 0.0005281288758851588 old loss 0.0005281436606310308 BETTER
I0328 08:33:33.114324 2210624 quantize_finetune_llama.py:240] computed original embedding for layer 28 in 66.67699670791626s
I0328 08:33:36.985329 2298265 utils.py:146] Note: detected 128 virtual cores but NumExpr set to maximum of 64, check "NUMEXPR_MAX_THREADS" environment variable.
I0328 08:33:36.985430 2298265 utils.py:149] Note: NumExpr detected 128 cores but "NUMEXPR_MAX_THREADS" not set, so enforcing safe limit of 16.
I0328 08:33:36.985474 2298265 utils.py:162] NumExpr defaulting to 16 threads.
I0328 08:33:37.379676 2298265 config.py:54] PyTorch version 2.6.0 available.
W0328 08:33:37.616303 2298265 warnings.py:109] /opt/conda/lib/python3.10/site-packages/torchvision/io/image.py:13: UserWarning: Failed to load image Python extension: '/opt/conda/lib/python3.10/site-packages/torchvision/image.so: undefined symbol: _ZN3c1017RegisterOperatorsD1Ev'If you don't plan on using image functionality from `torchvision.io`, you can ignore this warning. Otherwise, there might be something wrong with your environment. Did you have `libjpeg` or `libpng` installed before building `torchvision` from source?
  warn(

W0328 08:33:38.275997 2298265 warnings.py:109] /opt/conda/lib/python3.10/site-packages/compressai/models/video/google.py:353: FutureWarning: `torch.cuda.amp.autocast(args...)` is deprecated. Please use `torch.amp.autocast('cuda', args...)` instead.
  @amp.autocast(enabled=False)

I0328 08:33:38.279844 2210624 quantize_finetune_llama.py:209] layer 29 gpu 1
I0328 08:33:38.293516 2298265 data_utils.py:336] using 256 training seqs, 128 validation seqs
I0328 08:33:41.725538 2296835 finetune.py:68] layer 26_down @ epoch 4 new loss 0.00044738667202182114 old loss 0.0004473922017496079 BETTER
I0328 08:33:43.562048 2296971 finetune.py:68] layer 27_down @ epoch 2 new loss 0.0005281155463308096 old loss 0.0005281288758851588 BETTER
26_v proxy err 0.014863744378089905 tr(WHW.T) 434.54583740234375
bpp_loss 3.1064327731146477
26_q proxy err 0.0012806272134184837 tr(WHW.T) 21412.666015625
bpp_loss 3.4931999188265763
26_k proxy err 0.0004931599833071232 tr(WHW.T) 15415.4921875
bpp_loss 4.262146794935688
26_o proxy err 0.010009330697357655 tr(WHW.T) 2391.728515625
bpp_loss 2.9962198534049094
26_up proxy err 0.016678256914019585 tr(WHW.T) 7651.875
bpp_loss 2.992944452046816
26_gate proxy err 0.004747668281197548 tr(WHW.T) 28880.806640625
bpp_loss 3.3491671381385197
26_down proxy err 0.01737058535218239 tr(WHW.T) 6651.23291015625
bpp_loss 2.9886904400939653
The attention layers in this model are transitioning from computing the RoPE embeddings internally through `position_ids` (2D tensor with the indexes of the tokens), to using externally computed `position_embeddings` (Tuple of tensors, containing cos and sin). In v4.46 `position_ids` will be removed and `position_embeddings` will be mandatory.
I0328 08:33:55.240046 2298265 finetune.py:45] layer 28_v initial loss 0.00010957763879559934
W0328 08:33:55.240476 2298265 warnings.py:109] /workspace/Weight_compression/comp_lm_qtip/lib/algo/finetune.py:46: FutureWarning: `torch.cuda.amp.GradScaler(args...)` is deprecated. Please use `torch.amp.GradScaler('cuda', args...)` instead.
  scaler = torch.cuda.amp.GradScaler(enabled=(orig_dtype==torch.float16))

I0328 08:34:11.073586 2296971 finetune.py:68] layer 27_down @ epoch 3 new loss 0.0005281044286675751 old loss 0.0005281155463308096 BETTER
I0328 08:34:30.035982 2298265 finetune.py:68] layer 28_v @ epoch 0 new loss 4.3424628529464826e-05 old loss 0.00010957763879559934 BETTER
I0328 08:34:38.566717 2296971 finetune.py:68] layer 27_down @ epoch 4 new loss 0.0005280958139337599 old loss 0.0005281044286675751 BETTER
27_v proxy err 0.010304097086191177 tr(WHW.T) 677.69384765625
bpp_loss 3.193077791540418
27_q proxy err 0.0013657533563673496 tr(WHW.T) 21317.205078125
bpp_loss 3.4643994119251147
27_k proxy err 0.0005754688172601163 tr(WHW.T) 14004.09375
bpp_loss 4.219147775496822
27_o proxy err 0.011992983520030975 tr(WHW.T) 2163.398193359375
bpp_loss 3.035322425130289
27_up proxy err 0.015218150801956654 tr(WHW.T) 8480.8603515625
bpp_loss 3.007758777721652
27_gate proxy err 0.004224550444632769 tr(WHW.T) 32784.34375
bpp_loss 3.3584996072043265
27_down proxy err 0.014446024782955647 tr(WHW.T) 6577.5654296875
bpp_loss 2.999159536124872
I0328 08:34:50.557245 2210624 quantize_finetune_llama.py:240] computed original embedding for layer 29 in 63.923930168151855s
I0328 08:34:54.093729 2298410 utils.py:146] Note: detected 128 virtual cores but NumExpr set to maximum of 64, check "NUMEXPR_MAX_THREADS" environment variable.
I0328 08:34:54.093829 2298410 utils.py:149] Note: NumExpr detected 128 cores but "NUMEXPR_MAX_THREADS" not set, so enforcing safe limit of 16.
I0328 08:34:54.093867 2298410 utils.py:162] NumExpr defaulting to 16 threads.
I0328 08:34:54.427358 2298410 config.py:54] PyTorch version 2.6.0 available.
W0328 08:34:54.614310 2298410 warnings.py:109] /opt/conda/lib/python3.10/site-packages/torchvision/io/image.py:13: UserWarning: Failed to load image Python extension: '/opt/conda/lib/python3.10/site-packages/torchvision/image.so: undefined symbol: _ZN3c1017RegisterOperatorsD1Ev'If you don't plan on using image functionality from `torchvision.io`, you can ignore this warning. Otherwise, there might be something wrong with your environment. Did you have `libjpeg` or `libpng` installed before building `torchvision` from source?
  warn(

W0328 08:34:55.163889 2298410 warnings.py:109] /opt/conda/lib/python3.10/site-packages/compressai/models/video/google.py:353: FutureWarning: `torch.cuda.amp.autocast(args...)` is deprecated. Please use `torch.amp.autocast('cuda', args...)` instead.
  @amp.autocast(enabled=False)

I0328 08:34:55.167488 2210624 quantize_finetune_llama.py:209] layer 30 gpu 2
I0328 08:34:55.187103 2298410 data_utils.py:336] using 256 training seqs, 128 validation seqs
I0328 08:35:06.136075 2298265 finetune.py:68] layer 28_v @ epoch 1 new loss 4.1087158024311066e-05 old loss 4.3424628529464826e-05 BETTER
The attention layers in this model are transitioning from computing the RoPE embeddings internally through `position_ids` (2D tensor with the indexes of the tokens), to using externally computed `position_embeddings` (Tuple of tensors, containing cos and sin). In v4.46 `position_ids` will be removed and `position_embeddings` will be mandatory.
I0328 08:35:11.919704 2298410 finetune.py:45] layer 29_v initial loss 0.00013280173880048096
W0328 08:35:11.919972 2298410 warnings.py:109] /workspace/Weight_compression/comp_lm_qtip/lib/algo/finetune.py:46: FutureWarning: `torch.cuda.amp.GradScaler(args...)` is deprecated. Please use `torch.amp.GradScaler('cuda', args...)` instead.
  scaler = torch.cuda.amp.GradScaler(enabled=(orig_dtype==torch.float16))

I0328 08:35:42.858688 2298265 finetune.py:68] layer 28_v @ epoch 2 new loss 3.997718886239454e-05 old loss 4.1087158024311066e-05 BETTER
I0328 08:35:45.005955 2298410 finetune.py:68] layer 29_v @ epoch 0 new loss 5.0006194214802235e-05 old loss 0.00013280173880048096 BETTER
I0328 08:35:58.467835 2210624 quantize_finetune_llama.py:240] computed original embedding for layer 30 in 62.81592011451721s
I0328 08:36:02.227929 2298546 utils.py:146] Note: detected 128 virtual cores but NumExpr set to maximum of 64, check "NUMEXPR_MAX_THREADS" environment variable.
I0328 08:36:02.228032 2298546 utils.py:149] Note: NumExpr detected 128 cores but "NUMEXPR_MAX_THREADS" not set, so enforcing safe limit of 16.
I0328 08:36:02.228077 2298546 utils.py:162] NumExpr defaulting to 16 threads.
I0328 08:36:02.594698 2298546 config.py:54] PyTorch version 2.6.0 available.
W0328 08:36:02.823135 2298546 warnings.py:109] /opt/conda/lib/python3.10/site-packages/torchvision/io/image.py:13: UserWarning: Failed to load image Python extension: '/opt/conda/lib/python3.10/site-packages/torchvision/image.so: undefined symbol: _ZN3c1017RegisterOperatorsD1Ev'If you don't plan on using image functionality from `torchvision.io`, you can ignore this warning. Otherwise, there might be something wrong with your environment. Did you have `libjpeg` or `libpng` installed before building `torchvision` from source?
  warn(

W0328 08:36:03.457042 2298546 warnings.py:109] /opt/conda/lib/python3.10/site-packages/compressai/models/video/google.py:353: FutureWarning: `torch.cuda.amp.autocast(args...)` is deprecated. Please use `torch.amp.autocast('cuda', args...)` instead.
  @amp.autocast(enabled=False)

I0328 08:36:03.460848 2210624 quantize_finetune_llama.py:209] layer 31 gpu 3
I0328 08:36:03.474996 2298546 data_utils.py:336] using 256 training seqs, 128 validation seqs
The attention layers in this model are transitioning from computing the RoPE embeddings internally through `position_ids` (2D tensor with the indexes of the tokens), to using externally computed `position_embeddings` (Tuple of tensors, containing cos and sin). In v4.46 `position_ids` will be removed and `position_embeddings` will be mandatory.
I0328 08:36:19.299152 2298410 finetune.py:68] layer 29_v @ epoch 1 new loss 4.771302701556124e-05 old loss 5.0006194214802235e-05 BETTER
I0328 08:36:19.796751 2298265 finetune.py:68] layer 28_v @ epoch 3 new loss 3.91009307350032e-05 old loss 3.997718886239454e-05 BETTER
I0328 08:36:20.825671 2298546 finetune.py:45] layer 30_v initial loss 0.00016056526510510594
W0328 08:36:20.826120 2298546 warnings.py:109] /workspace/Weight_compression/comp_lm_qtip/lib/algo/finetune.py:46: FutureWarning: `torch.cuda.amp.GradScaler(args...)` is deprecated. Please use `torch.amp.GradScaler('cuda', args...)` instead.
  scaler = torch.cuda.amp.GradScaler(enabled=(orig_dtype==torch.float16))

I0328 08:36:53.965534 2298410 finetune.py:68] layer 29_v @ epoch 2 new loss 4.6693647163920105e-05 old loss 4.771302701556124e-05 BETTER
I0328 08:36:54.275176 2298546 finetune.py:68] layer 30_v @ epoch 0 new loss 8.606915071140975e-05 old loss 0.00016056526510510594 BETTER
I0328 08:36:56.857652 2298265 finetune.py:68] layer 28_v @ epoch 4 new loss 3.870482032652944e-05 old loss 3.91009307350032e-05 BETTER
I0328 08:37:01.215858 2210624 quantize_finetune_llama.py:240] computed original embedding for layer 31 in 57.23478055000305s
I0328 08:37:04.892905 2298676 utils.py:146] Note: detected 128 virtual cores but NumExpr set to maximum of 64, check "NUMEXPR_MAX_THREADS" environment variable.
I0328 08:37:04.893029 2298676 utils.py:149] Note: NumExpr detected 128 cores but "NUMEXPR_MAX_THREADS" not set, so enforcing safe limit of 16.
I0328 08:37:04.893075 2298676 utils.py:162] NumExpr defaulting to 16 threads.
I0328 08:37:05.242889 2298676 config.py:54] PyTorch version 2.6.0 available.
W0328 08:37:05.446538 2298676 warnings.py:109] /opt/conda/lib/python3.10/site-packages/torchvision/io/image.py:13: UserWarning: Failed to load image Python extension: '/opt/conda/lib/python3.10/site-packages/torchvision/image.so: undefined symbol: _ZN3c1017RegisterOperatorsD1Ev'If you don't plan on using image functionality from `torchvision.io`, you can ignore this warning. Otherwise, there might be something wrong with your environment. Did you have `libjpeg` or `libpng` installed before building `torchvision` from source?
  warn(

W0328 08:37:06.060541 2298676 warnings.py:109] /opt/conda/lib/python3.10/site-packages/compressai/models/video/google.py:353: FutureWarning: `torch.cuda.amp.autocast(args...)` is deprecated. Please use `torch.amp.autocast('cuda', args...)` instead.
  @amp.autocast(enabled=False)

I0328 08:37:06.080883 2298676 data_utils.py:336] using 256 training seqs, 128 validation seqs
I0328 08:37:15.886554 2298265 finetune.py:45] layer 28_q initial loss 5.069300459581427e-05
The attention layers in this model are transitioning from computing the RoPE embeddings internally through `position_ids` (2D tensor with the indexes of the tokens), to using externally computed `position_embeddings` (Tuple of tensors, containing cos and sin). In v4.46 `position_ids` will be removed and `position_embeddings` will be mandatory.
I0328 08:37:25.503177 2298676 finetune.py:45] layer 31_v initial loss 0.0002681379555724561
W0328 08:37:25.503412 2298676 warnings.py:109] /workspace/Weight_compression/comp_lm_qtip/lib/algo/finetune.py:46: FutureWarning: `torch.cuda.amp.GradScaler(args...)` is deprecated. Please use `torch.amp.GradScaler('cuda', args...)` instead.
