I0328 21:05:43.993427 2317987 finetune.py:68] layer 16_q @ epoch 0 new loss 6.554941478498222e-07 old loss 6.647773602708185e-07 BETTER
I0328 21:06:03.371323 2318197 finetune.py:68] layer 19_v @ epoch 0 new loss 5.194186201151751e-07 old loss 1.8667068388822372e-06 BETTER
I0328 21:06:03.960395 2318057 finetune.py:76] layer 17_v @ epoch 4 new loss 6.143590667306853e-07 old loss 5.20003879955766e-07 WORSE
I0328 21:06:04.220623 2318127 finetune.py:68] layer 18_v @ epoch 2 new loss 4.359033027867554e-07 old loss 4.5364609491116425e-07 BETTER
I0328 21:06:20.113797 2317987 finetune.py:68] layer 16_q @ epoch 1 new loss 6.417008080461528e-07 old loss 6.554941478498222e-07 BETTER
I0328 21:06:22.898037 2318057 finetune.py:45] layer 17_q initial loss 6.165772674648906e-07
I0328 21:06:37.415605 2318197 finetune.py:68] layer 19_v @ epoch 1 new loss 4.664989035063627e-07 old loss 5.194186201151751e-07 BETTER
I0328 21:06:39.046841 2318127 finetune.py:68] layer 18_v @ epoch 3 new loss 4.304482104089402e-07 old loss 4.359033027867554e-07 BETTER
I0328 21:06:56.071236 2318057 finetune.py:68] layer 17_q @ epoch 0 new loss 5.896616812606226e-07 old loss 6.165772674648906e-07 BETTER
I0328 21:06:56.432692 2317987 finetune.py:68] layer 16_q @ epoch 2 new loss 6.179777756187832e-07 old loss 6.417008080461528e-07 BETTER
I0328 21:07:11.741786 2318197 finetune.py:76] layer 19_v @ epoch 2 new loss 4.75242217135019e-07 old loss 4.664989035063627e-07 WORSE
I0328 21:07:14.087269 2318127 finetune.py:76] layer 18_v @ epoch 4 new loss 4.520044285527547e-07 old loss 4.304482104089402e-07 WORSE
I0328 21:07:30.341256 2318057 finetune.py:68] layer 17_q @ epoch 1 new loss 5.769642257291707e-07 old loss 5.896616812606226e-07 BETTER
I0328 21:07:32.873187 2317987 finetune.py:68] layer 16_q @ epoch 3 new loss 5.972057124381536e-07 old loss 6.179777756187832e-07 BETTER
I0328 21:07:33.004914 2318127 finetune.py:45] layer 18_q initial loss 5.203032742429059e-07
I0328 21:07:45.913083 2318197 finetune.py:76] layer 19_v @ epoch 3 new loss 4.861224169872003e-07 old loss 4.664989035063627e-07 WORSE
I0328 21:08:04.980379 2318057 finetune.py:68] layer 17_q @ epoch 2 new loss 5.720144713450281e-07 old loss 5.769642257291707e-07 BETTER
I0328 21:08:06.720354 2318127 finetune.py:68] layer 18_q @ epoch 0 new loss 5.063859589427011e-07 old loss 5.203032742429059e-07 BETTER
I0328 21:08:09.414987 2317987 finetune.py:68] layer 16_q @ epoch 4 new loss 5.925429036324203e-07 old loss 5.972057124381536e-07 BETTER
I0328 21:08:19.922767 2318197 finetune.py:68] layer 19_v @ epoch 4 new loss 4.612427915162698e-07 old loss 4.664989035063627e-07 BETTER
I0328 21:08:27.066107 2317987 finetune.py:45] layer 16_k initial loss 6.798793492635014e-07
I0328 21:08:39.073093 2318197 finetune.py:45] layer 19_q initial loss 5.494971446751151e-07
I0328 21:08:39.497420 2318057 finetune.py:68] layer 17_q @ epoch 3 new loss 5.604725856755977e-07 old loss 5.720144713450281e-07 BETTER
I0328 21:08:41.274574 2318127 finetune.py:68] layer 18_q @ epoch 1 new loss 4.809415372619696e-07 old loss 5.063859589427011e-07 BETTER
I0328 21:09:02.395271 2317987 finetune.py:68] layer 16_k @ epoch 0 new loss 6.55664109672216e-07 old loss 6.798793492635014e-07 BETTER
I0328 21:09:11.925314 2318197 finetune.py:68] layer 19_q @ epoch 0 new loss 5.061076535639586e-07 old loss 5.494971446751151e-07 BETTER
I0328 21:09:14.081122 2318057 finetune.py:76] layer 17_q @ epoch 4 new loss 5.60594969556405e-07 old loss 5.604725856755977e-07 WORSE
I0328 21:09:15.813438 2318127 finetune.py:68] layer 18_q @ epoch 2 new loss 4.7182322759908857e-07 old loss 4.809415372619696e-07 BETTER
I0328 21:09:31.540463 2318057 finetune.py:45] layer 17_k initial loss 6.427517860174703e-07
I0328 21:09:38.589837 2317987 finetune.py:68] layer 16_k @ epoch 1 new loss 6.538613774864643e-07 old loss 6.55664109672216e-07 BETTER
I0328 21:09:45.936262 2318197 finetune.py:68] layer 19_q @ epoch 1 new loss 4.911343012281577e-07 old loss 5.061076535639586e-07 BETTER
I0328 21:09:50.428790 2318127 finetune.py:68] layer 18_q @ epoch 3 new loss 4.626805321095162e-07 old loss 4.7182322759908857e-07 BETTER
I0328 21:10:04.780838 2318057 finetune.py:68] layer 17_k @ epoch 0 new loss 6.264357921281771e-07 old loss 6.427517860174703e-07 BETTER
I0328 21:10:14.880759 2317987 finetune.py:76] layer 16_k @ epoch 2 new loss 6.624434831792314e-07 old loss 6.538613774864643e-07 WORSE
I0328 21:10:20.046128 2318197 finetune.py:68] layer 19_q @ epoch 2 new loss 4.707012237759045e-07 old loss 4.911343012281577e-07 BETTER
I0328 21:10:25.046736 2318127 finetune.py:68] layer 18_q @ epoch 4 new loss 4.569349698613223e-07 old loss 4.626805321095162e-07 BETTER
I0328 21:10:38.911833 2318057 finetune.py:68] layer 17_k @ epoch 1 new loss 6.104533554207592e-07 old loss 6.264357921281771e-07 BETTER
I0328 21:10:43.101990 2318127 finetune.py:45] layer 18_k initial loss 5.271072041068692e-07
I0328 21:10:50.662020 2317987 finetune.py:76] layer 16_k @ epoch 3 new loss 6.661221618742275e-07 old loss 6.538613774864643e-07 WORSE
I0328 21:10:53.996801 2318197 finetune.py:76] layer 19_q @ epoch 3 new loss 4.7303657879638195e-07 old loss 4.707012237759045e-07 WORSE
I0328 21:11:13.146280 2318057 finetune.py:76] layer 17_k @ epoch 2 new loss 6.112439336902753e-07 old loss 6.104533554207592e-07 WORSE
I0328 21:11:16.454373 2318127 finetune.py:68] layer 18_k @ epoch 0 new loss 5.155075086804572e-07 old loss 5.271072041068692e-07 BETTER
I0328 21:11:26.479148 2317987 finetune.py:68] layer 16_k @ epoch 4 new loss 6.483641641352733e-07 old loss 6.538613774864643e-07 BETTER
I0328 21:11:27.446514 2318197 finetune.py:68] layer 19_q @ epoch 4 new loss 4.5574620344268624e-07 old loss 4.707012237759045e-07 BETTER
I0328 21:11:44.917844 2318197 finetune.py:45] layer 19_k initial loss 5.349572802515468e-07
I0328 21:11:45.798315 2317987 finetune.py:45] layer 16_o initial loss 1.380919229632127e-06
I0328 21:11:46.821288 2318057 finetune.py:68] layer 17_k @ epoch 3 new loss 6.022409024808439e-07 old loss 6.104533554207592e-07 BETTER
I0328 21:11:50.996552 2318127 finetune.py:68] layer 18_k @ epoch 1 new loss 5.081063818579423e-07 old loss 5.155075086804572e-07 BETTER
I0328 21:12:17.782858 2318197 finetune.py:68] layer 19_k @ epoch 0 new loss 5.218405476625776e-07 old loss 5.349572802515468e-07 BETTER
I0328 21:12:20.254756 2317987 finetune.py:68] layer 16_o @ epoch 0 new loss 1.3191712469051708e-06 old loss 1.380919229632127e-06 BETTER
I0328 21:12:21.242004 2318057 finetune.py:76] layer 17_k @ epoch 4 new loss 6.089159683142498e-07 old loss 6.022409024808439e-07 WORSE
I0328 21:12:25.446365 2318127 finetune.py:76] layer 18_k @ epoch 2 new loss 5.092700234854419e-07 old loss 5.081063818579423e-07 WORSE
I0328 21:12:40.541656 2318057 finetune.py:45] layer 17_o initial loss 1.3094072528474499e-06
I0328 21:12:51.658500 2318197 finetune.py:68] layer 19_k @ epoch 1 new loss 5.197864538786234e-07 old loss 5.218405476625776e-07 BETTER
I0328 21:12:55.968678 2317987 finetune.py:68] layer 16_o @ epoch 1 new loss 1.2845374612879823e-06 old loss 1.3191712469051708e-06 BETTER
I0328 21:12:59.563561 2318127 finetune.py:76] layer 18_k @ epoch 3 new loss 5.139590939506888e-07 old loss 5.081063818579423e-07 WORSE
I0328 21:13:13.092261 2318057 finetune.py:68] layer 17_o @ epoch 0 new loss 1.2580637758219382e-06 old loss 1.3094072528474499e-06 BETTER
I0328 21:13:25.590228 2318197 finetune.py:68] layer 19_k @ epoch 2 new loss 5.174783836991992e-07 old loss 5.197864538786234e-07 BETTER
I0328 21:13:31.914574 2317987 finetune.py:68] layer 16_o @ epoch 2 new loss 1.2646435152419144e-06 old loss 1.2845374612879823e-06 BETTER
I0328 21:13:33.448888 2318127 finetune.py:68] layer 18_k @ epoch 4 new loss 5.048823936704139e-07 old loss 5.081063818579423e-07 BETTER
I0328 21:13:46.628441 2318057 finetune.py:68] layer 17_o @ epoch 1 new loss 1.2254600960659445e-06 old loss 1.2580637758219382e-06 BETTER
I0328 21:13:52.628412 2318127 finetune.py:45] layer 18_o initial loss 1.07821676920139e-06
I0328 21:13:59.658089 2318197 finetune.py:68] layer 19_k @ epoch 3 new loss 5.168537882127566e-07 old loss 5.174783836991992e-07 BETTER
I0328 21:14:07.743401 2317987 finetune.py:68] layer 16_o @ epoch 3 new loss 1.2481337989811436e-06 old loss 1.2646435152419144e-06 BETTER
I0328 21:14:20.320718 2318057 finetune.py:68] layer 17_o @ epoch 2 new loss 1.2019742143820622e-06 old loss 1.2254600960659445e-06 BETTER
I0328 21:14:25.488955 2318127 finetune.py:68] layer 18_o @ epoch 0 new loss 1.0329109727535979e-06 old loss 1.07821676920139e-06 BETTER
I0328 21:14:33.543999 2318197 finetune.py:76] layer 19_k @ epoch 4 new loss 5.197406380830216e-07 old loss 5.168537882127566e-07 WORSE
I0328 21:14:43.587160 2317987 finetune.py:68] layer 16_o @ epoch 4 new loss 1.234823230333859e-06 old loss 1.2481337989811436e-06 BETTER
I0328 21:14:52.340137 2318197 finetune.py:45] layer 19_o initial loss 1.0407188710814808e-06
I0328 21:14:53.962167 2318057 finetune.py:68] layer 17_o @ epoch 3 new loss 1.18542914151476e-06 old loss 1.2019742143820622e-06 BETTER
I0328 21:14:59.208163 2318127 finetune.py:68] layer 18_o @ epoch 1 new loss 1.010490336739167e-06 old loss 1.0329109727535979e-06 BETTER
I0328 21:15:14.698312 2317987 finetune.py:45] layer 16_up initial loss 2.6665882160159526e-06
I0328 21:15:24.251280 2318197 finetune.py:68] layer 19_o @ epoch 0 new loss 1.0045282579085324e-06 old loss 1.0407188710814808e-06 BETTER
I0328 21:15:27.578329 2318057 finetune.py:68] layer 17_o @ epoch 4 new loss 1.172402562588104e-06 old loss 1.18542914151476e-06 BETTER
I0328 21:15:33.182639 2318127 finetune.py:68] layer 18_o @ epoch 2 new loss 9.974012300517643e-07 old loss 1.010490336739167e-06 BETTER
I0328 21:15:46.754416 2317987 finetune.py:68] layer 16_up @ epoch 0 new loss 2.596871581772575e-06 old loss 2.6665882160159526e-06 BETTER
I0328 21:15:57.463193 2318197 finetune.py:68] layer 19_o @ epoch 1 new loss 9.854869631453766e-07 old loss 1.0045282579085324e-06 BETTER
I0328 21:15:58.856860 2318057 finetune.py:45] layer 17_up initial loss 2.7950402454735013e-06
I0328 21:16:07.249023 2318127 finetune.py:68] layer 18_o @ epoch 3 new loss 9.874225952444249e-07 old loss 9.974012300517643e-07 BETTER
I0328 21:16:19.826675 2317987 finetune.py:68] layer 16_up @ epoch 1 new loss 2.547179747125483e-06 old loss 2.596871581772575e-06 BETTER
I0328 21:16:29.260944 2318057 finetune.py:68] layer 17_up @ epoch 0 new loss 2.7137800771015463e-06 old loss 2.7950402454735013e-06 BETTER
I0328 21:16:30.770449 2318197 finetune.py:68] layer 19_o @ epoch 2 new loss 9.766978337211185e-07 old loss 9.854869631453766e-07 BETTER
I0328 21:16:41.357666 2318127 finetune.py:68] layer 18_o @ epoch 4 new loss 9.798958444662276e-07 old loss 9.874225952444249e-07 BETTER
I0328 21:16:52.990738 2317987 finetune.py:68] layer 16_up @ epoch 2 new loss 2.5067583919735625e-06 old loss 2.547179747125483e-06 BETTER
I0328 21:17:00.649061 2318057 finetune.py:68] layer 17_up @ epoch 1 new loss 2.6565844564174768e-06 old loss 2.7137800771015463e-06 BETTER
I0328 21:17:04.045809 2318197 finetune.py:68] layer 19_o @ epoch 3 new loss 9.672512533143163e-07 old loss 9.766978337211185e-07 BETTER
I0328 21:17:12.763340 2318127 finetune.py:45] layer 18_up initial loss 2.6509669623919763e-06
I0328 21:17:26.591590 2317987 finetune.py:68] layer 16_up @ epoch 3 new loss 2.4726034553168574e-06 old loss 2.5067583919735625e-06 BETTER
I0328 21:17:32.317301 2318057 finetune.py:68] layer 17_up @ epoch 2 new loss 2.611783202155493e-06 old loss 2.6565844564174768e-06 BETTER
I0328 21:17:37.715523 2318197 finetune.py:68] layer 19_o @ epoch 4 new loss 9.601906185707776e-07 old loss 9.672512533143163e-07 BETTER
I0328 21:17:43.519589 2318127 finetune.py:68] layer 18_up @ epoch 0 new loss 2.578440899014822e-06 old loss 2.6509669623919763e-06 BETTER
I0328 21:18:00.159477 2317987 finetune.py:68] layer 16_up @ epoch 4 new loss 2.4430162284261314e-06 old loss 2.4726034553168574e-06 BETTER
I0328 21:18:04.285735 2318057 finetune.py:68] layer 17_up @ epoch 3 new loss 2.574411155364942e-06 old loss 2.611783202155493e-06 BETTER
I0328 21:18:08.938516 2318197 finetune.py:45] layer 19_up initial loss 2.7713908821169753e-06
I0328 21:18:15.310859 2318127 finetune.py:68] layer 18_up @ epoch 1 new loss 2.5287081371061504e-06 old loss 2.578440899014822e-06 BETTER
I0328 21:18:31.432863 2317987 finetune.py:45] layer 16_gate initial loss 2.974687731693848e-06
I0328 21:18:36.010179 2318057 finetune.py:68] layer 17_up @ epoch 4 new loss 2.542720267229015e-06 old loss 2.574411155364942e-06 BETTER
I0328 21:18:39.028783 2318197 finetune.py:68] layer 19_up @ epoch 0 new loss 2.697623813219252e-06 old loss 2.7713908821169753e-06 BETTER
I0328 21:18:47.403328 2318127 finetune.py:68] layer 18_up @ epoch 2 new loss 2.4901416963984957e-06 old loss 2.5287081371061504e-06 BETTER
I0328 21:19:01.495329 2317987 finetune.py:68] layer 16_gate @ epoch 0 new loss 2.944147809103015e-06 old loss 2.974687731693848e-06 BETTER
I0328 21:19:07.539639 2318057 finetune.py:45] layer 17_gate initial loss 3.1532895263808314e-06
I0328 21:19:10.086401 2318197 finetune.py:68] layer 19_up @ epoch 1 new loss 2.64643654190877e-06 old loss 2.697623813219252e-06 BETTER
I0328 21:19:19.581045 2318127 finetune.py:68] layer 18_up @ epoch 3 new loss 2.457291429891484e-06 old loss 2.4901416963984957e-06 BETTER
I0328 21:19:32.804460 2317987 finetune.py:68] layer 16_gate @ epoch 1 new loss 2.918854988820385e-06 old loss 2.944147809103015e-06 BETTER
I0328 21:19:35.896294 2318057 finetune.py:68] layer 17_gate @ epoch 0 new loss 3.1185775242192904e-06 old loss 3.1532895263808314e-06 BETTER
I0328 21:19:41.356021 2318197 finetune.py:68] layer 19_up @ epoch 2 new loss 2.6065215479320614e-06 old loss 2.64643654190877e-06 BETTER
I0328 21:19:51.802820 2318127 finetune.py:68] layer 18_up @ epoch 4 new loss 2.4297173695231322e-06 old loss 2.457291429891484e-06 BETTER
I0328 21:20:04.191780 2317987 finetune.py:68] layer 16_gate @ epoch 2 new loss 2.8966114768991247e-06 old loss 2.918854988820385e-06 BETTER
I0328 21:20:05.409987 2318057 finetune.py:68] layer 17_gate @ epoch 1 new loss 3.0912613055988913e-06 old loss 3.1185775242192904e-06 BETTER
I0328 21:20:12.564224 2318197 finetune.py:68] layer 19_up @ epoch 3 new loss 2.5741683202795684e-06 old loss 2.6065215479320614e-06 BETTER
I0328 21:20:23.110539 2318127 finetune.py:45] layer 18_gate initial loss 3.0888445508026052e-06
I0328 21:20:34.865111 2318057 finetune.py:68] layer 17_gate @ epoch 2 new loss 3.0673954825033434e-06 old loss 3.0912613055988913e-06 BETTER
I0328 21:20:35.604483 2317987 finetune.py:68] layer 16_gate @ epoch 3 new loss 2.8767587991751498e-06 old loss 2.8966114768991247e-06 BETTER
I0328 21:20:43.953009 2318197 finetune.py:68] layer 19_up @ epoch 4 new loss 2.5463857582508354e-06 old loss 2.5741683202795684e-06 BETTER
I0328 21:20:51.902132 2318127 finetune.py:68] layer 18_gate @ epoch 0 new loss 3.0590410915465327e-06 old loss 3.0888445508026052e-06 BETTER
I0328 21:21:04.489211 2318057 finetune.py:68] layer 17_gate @ epoch 3 new loss 3.046267238460132e-06 old loss 3.0673954825033434e-06 BETTER
I0328 21:21:07.128009 2317987 finetune.py:68] layer 16_gate @ epoch 4 new loss 2.859089590856456e-06 old loss 2.8767587991751498e-06 BETTER
I0328 21:21:15.121386 2318197 finetune.py:45] layer 19_gate initial loss 3.2755997381173074e-06
I0328 21:21:21.512031 2318127 finetune.py:68] layer 18_gate @ epoch 1 new loss 3.035329882550286e-06 old loss 3.0590410915465327e-06 BETTER
I0328 21:21:34.266378 2318057 finetune.py:68] layer 17_gate @ epoch 4 new loss 3.0275027711468283e-06 old loss 3.046267238460132e-06 BETTER
I0328 21:21:43.094705 2318197 finetune.py:68] layer 19_gate @ epoch 0 new loss 3.2454399843118154e-06 old loss 3.2755997381173074e-06 BETTER
I0328 21:21:51.375324 2318127 finetune.py:68] layer 18_gate @ epoch 2 new loss 3.014380808963324e-06 old loss 3.035329882550286e-06 BETTER
I0328 21:22:02.294497 2317987 finetune.py:45] layer 16_down initial loss 4.821897618967341e-06
I0328 21:22:12.165447 2318197 finetune.py:68] layer 19_gate @ epoch 1 new loss 3.2214766179095022e-06 old loss 3.2454399843118154e-06 BETTER
I0328 21:22:21.267488 2318127 finetune.py:68] layer 18_gate @ epoch 3 new loss 2.9964469376864145e-06 old loss 3.014380808963324e-06 BETTER
I0328 21:22:29.550198 2317987 finetune.py:68] layer 16_down @ epoch 0 new loss 4.82106088384171e-06 old loss 4.821897618967341e-06 BETTER
I0328 21:22:30.888356 2318057 finetune.py:45] layer 17_down initial loss 5.403257091529667e-06
I0328 21:22:41.557850 2318197 finetune.py:68] layer 19_gate @ epoch 2 new loss 3.2004343211156083e-06 old loss 3.2214766179095022e-06 BETTER
I0328 21:22:51.186913 2318127 finetune.py:68] layer 18_gate @ epoch 4 new loss 2.9800410175084835e-06 old loss 2.9964469376864145e-06 BETTER
I0328 21:22:57.029724 2318057 finetune.py:68] layer 17_down @ epoch 0 new loss 5.4023353186494205e-06 old loss 5.403257091529667e-06 BETTER
I0328 21:22:58.121336 2317987 finetune.py:68] layer 16_down @ epoch 1 new loss 4.820837602892425e-06 old loss 4.82106088384171e-06 BETTER
I0328 21:23:10.628708 2318197 finetune.py:68] layer 19_gate @ epoch 3 new loss 3.1824238249100745e-06 old loss 3.2004343211156083e-06 BETTER
I0328 21:23:24.071139 2318057 finetune.py:68] layer 17_down @ epoch 1 new loss 5.402058377512731e-06 old loss 5.4023353186494205e-06 BETTER
I0328 21:23:27.067541 2317987 finetune.py:68] layer 16_down @ epoch 2 new loss 4.820708454644773e-06 old loss 4.820837602892425e-06 BETTER
I0328 21:23:39.960316 2318197 finetune.py:68] layer 19_gate @ epoch 4 new loss 3.1663805657444755e-06 old loss 3.1824238249100745e-06 BETTER
I0328 21:23:48.036033 2318127 finetune.py:45] layer 18_down initial loss 5.40110886504408e-06
I0328 21:23:51.492167 2318057 finetune.py:68] layer 17_down @ epoch 2 new loss 5.401953785622027e-06 old loss 5.402058377512731e-06 BETTER
I0328 21:23:55.881424 2317987 finetune.py:68] layer 16_down @ epoch 3 new loss 4.820600224775262e-06 old loss 4.820708454644773e-06 BETTER
I0328 21:24:14.375748 2318127 finetune.py:68] layer 18_down @ epoch 0 new loss 5.400227564678062e-06 old loss 5.40110886504408e-06 BETTER
I0328 21:24:19.161236 2318057 finetune.py:68] layer 17_down @ epoch 3 new loss 5.4018228183849715e-06 old loss 5.401953785622027e-06 BETTER
I0328 21:24:25.018780 2317987 finetune.py:68] layer 16_down @ epoch 4 new loss 4.820548383577261e-06 old loss 4.820600224775262e-06 BETTER
16_v proxy err 0.0005468816380016506 tr(WHW.T) 274.28167724609375
bpp_loss 5.570835082326084
16_q proxy err 3.59094119630754e-05 tr(WHW.T) 24487.359375
bpp_loss 6.510969249880873
16_k proxy err 2.1959480363875628e-05 tr(WHW.T) 19503.408203125
bpp_loss 7.667052206583321
16_o proxy err 0.0004759287985507399 tr(WHW.T) 969.3191528320312
bpp_loss 5.669264515396208
16_up proxy err 0.0003638674970716238 tr(WHW.T) 8330.6357421875
bpp_loss 5.7742673279717565
16_gate proxy err 8.426720160059631e-05 tr(WHW.T) 41171.0625
bpp_loss 6.134832940463509
16_down proxy err 0.0004644129076041281 tr(WHW.T) 6289.1328125
bpp_loss 5.764244279724413
I0328 21:24:36.662604 2318197 finetune.py:45] layer 19_down initial loss 5.749525826104218e-06
I0328 21:24:42.168157 2318127 finetune.py:68] layer 18_down @ epoch 1 new loss 5.399998372013215e-06 old loss 5.400227564678062e-06 BETTER
I0328 21:24:47.116347 2318057 finetune.py:68] layer 17_down @ epoch 4 new loss 5.401773250923725e-06 old loss 5.4018228183849715e-06 BETTER
17_v proxy err 0.0005894552450627089 tr(WHW.T) 283.9730224609375
bpp_loss 5.6444308393402025
17_q proxy err 3.538911187206395e-05 tr(WHW.T) 27572.580078125
bpp_loss 6.531047501368448
17_k proxy err 2.745488382061012e-05 tr(WHW.T) 17428.951171875
bpp_loss 7.701074230019003
17_o proxy err 0.0005199616425670683 tr(WHW.T) 1107.0526123046875
bpp_loss 5.698590945452452
17_up proxy err 0.0003586263337638229 tr(WHW.T) 8451.9169921875
bpp_loss 5.770370237396231
17_gate proxy err 8.363966480828822e-05 tr(WHW.T) 41706.66015625
bpp_loss 6.150863785429725
17_down proxy err 0.0004696095420513302 tr(WHW.T) 6212.58642578125
bpp_loss 5.76178032502399
I0328 21:25:02.608174 2318197 finetune.py:68] layer 19_down @ epoch 0 new loss 5.748359399149194e-06 old loss 5.749525826104218e-06 BETTER
I0328 21:25:09.848129 2318127 finetune.py:68] layer 18_down @ epoch 2 new loss 5.399838755693054e-06 old loss 5.399998372013215e-06 BETTER
I0328 21:25:29.500746 2318197 finetune.py:68] layer 19_down @ epoch 1 new loss 5.7480342547933105e-06 old loss 5.748359399149194e-06 BETTER
I0328 21:25:37.596204 2318127 finetune.py:68] layer 18_down @ epoch 3 new loss 5.399769634095719e-06 old loss 5.399838755693054e-06 BETTER
I0328 21:25:56.637557 2318197 finetune.py:68] layer 19_down @ epoch 2 new loss 5.747845079895342e-06 old loss 5.7480342547933105e-06 BETTER
I0328 21:25:59.895069 2316731 quantize_finetune_llama.py:240] computed original embedding for layer 20 in 67.76443123817444s
I0328 21:26:03.842205 2318267 utils.py:146] Note: detected 128 virtual cores but NumExpr set to maximum of 64, check "NUMEXPR_MAX_THREADS" environment variable.
I0328 21:26:03.842304 2318267 utils.py:149] Note: NumExpr detected 128 cores but "NUMEXPR_MAX_THREADS" not set, so enforcing safe limit of 16.
I0328 21:26:03.842343 2318267 utils.py:162] NumExpr defaulting to 16 threads.
I0328 21:26:04.226349 2318267 config.py:54] PyTorch version 2.6.0 available.
W0328 21:26:04.454038 2318267 warnings.py:109] /opt/conda/lib/python3.10/site-packages/torchvision/io/image.py:13: UserWarning: Failed to load image Python extension: '/opt/conda/lib/python3.10/site-packages/torchvision/image.so: undefined symbol: _ZN3c1017RegisterOperatorsD1Ev'If you don't plan on using image functionality from `torchvision.io`, you can ignore this warning. Otherwise, there might be something wrong with your environment. Did you have `libjpeg` or `libpng` installed before building `torchvision` from source?
  warn(

W0328 21:26:05.115072 2318267 warnings.py:109] /opt/conda/lib/python3.10/site-packages/compressai/models/video/google.py:353: FutureWarning: `torch.cuda.amp.autocast(args...)` is deprecated. Please use `torch.amp.autocast('cuda', args...)` instead.
  @amp.autocast(enabled=False)

I0328 21:26:05.119128 2316731 quantize_finetune_llama.py:209] layer 21 gpu 1
I0328 21:26:05.138840 2318267 data_utils.py:336] using 256 training seqs, 128 validation seqs
I0328 21:26:05.357241 2318127 finetune.py:68] layer 18_down @ epoch 4 new loss 5.399709152698051e-06 old loss 5.399769634095719e-06 BETTER
18_v proxy err 0.000586214242503047 tr(WHW.T) 287.61376953125
bpp_loss 5.5657358868047595
18_q proxy err 4.382816041470505e-05 tr(WHW.T) 22397.802734375
bpp_loss 6.514537594397552
18_k proxy err 2.6535710276220925e-05 tr(WHW.T) 17391.732421875
bpp_loss 7.806282165576704
18_o proxy err 0.0005195985431782901 tr(WHW.T) 1202.7972412109375
bpp_loss 5.677308129728772
18_up proxy err 0.00039252120768651366 tr(WHW.T) 7983.8115234375
bpp_loss 5.765381364817066
18_gate proxy err 0.00010255280358251184 tr(WHW.T) 35254.8515625
bpp_loss 6.155248972720334
18_down proxy err 0.00048424117267131805 tr(WHW.T) 6227.9912109375
bpp_loss 5.7591831538427085
The attention layers in this model are transitioning from computing the RoPE embeddings internally through `position_ids` (2D tensor with the indexes of the tokens), to using externally computed `position_embeddings` (Tuple of tensors, containing cos and sin). In v4.46 `position_ids` will be removed and `position_embeddings` will be mandatory.
I0328 21:26:22.206300 2318267 finetune.py:45] layer 20_v initial loss 2.0884124296571827e-06
W0328 21:26:22.206717 2318267 warnings.py:109] /workspace/Weight_compression/comp_lm_qtip/lib/algo/finetune.py:46: FutureWarning: `torch.cuda.amp.GradScaler(args...)` is deprecated. Please use `torch.amp.GradScaler('cuda', args...)` instead.
  scaler = torch.cuda.amp.GradScaler(enabled=(orig_dtype==torch.float16))

I0328 21:26:23.871306 2318197 finetune.py:68] layer 19_down @ epoch 3 new loss 5.747752766183112e-06 old loss 5.747845079895342e-06 BETTER
I0328 21:26:51.040930 2318197 finetune.py:68] layer 19_down @ epoch 4 new loss 5.747669092670549e-06 old loss 5.747752766183112e-06 BETTER
19_v proxy err 0.0005127132753841579 tr(WHW.T) 341.0596618652344
bpp_loss 5.608814376289956
19_q proxy err 4.206900121062063e-05 tr(WHW.T) 24041.4921875
bpp_loss 6.517311559058726
19_k proxy err 2.8414680855348706e-05 tr(WHW.T) 15552.3505859375
bpp_loss 7.663364105159417
19_o proxy err 0.0005383184761740267 tr(WHW.T) 1168.9835205078125
bpp_loss 5.690171770751476
19_up proxy err 0.0004152256587985903 tr(WHW.T) 7649.1923828125
bpp_loss 5.7613341728491445
19_gate proxy err 0.000112144771264866 tr(WHW.T) 32791.50390625
bpp_loss 6.165881926459925
19_down proxy err 0.0004951086011715233 tr(WHW.T) 6184.671875
bpp_loss 5.756953846896067
I0328 21:26:56.903696 2318267 finetune.py:68] layer 20_v @ epoch 0 new loss 5.763822059634549e-07 old loss 2.0884124296571827e-06 BETTER
I0328 21:27:14.265372 2316731 quantize_finetune_llama.py:240] computed original embedding for layer 21 in 64.42577457427979s
I0328 21:27:17.803102 2318337 utils.py:146] Note: detected 128 virtual cores but NumExpr set to maximum of 64, check "NUMEXPR_MAX_THREADS" environment variable.
I0328 21:27:17.803199 2318337 utils.py:149] Note: NumExpr detected 128 cores but "NUMEXPR_MAX_THREADS" not set, so enforcing safe limit of 16.
I0328 21:27:17.803239 2318337 utils.py:162] NumExpr defaulting to 16 threads.
I0328 21:27:18.139754 2318337 config.py:54] PyTorch version 2.6.0 available.
W0328 21:27:18.332350 2318337 warnings.py:109] /opt/conda/lib/python3.10/site-packages/torchvision/io/image.py:13: UserWarning: Failed to load image Python extension: '/opt/conda/lib/python3.10/site-packages/torchvision/image.so: undefined symbol: _ZN3c1017RegisterOperatorsD1Ev'If you don't plan on using image functionality from `torchvision.io`, you can ignore this warning. Otherwise, there might be something wrong with your environment. Did you have `libjpeg` or `libpng` installed before building `torchvision` from source?
  warn(

W0328 21:27:18.934580 2318337 warnings.py:109] /opt/conda/lib/python3.10/site-packages/compressai/models/video/google.py:353: FutureWarning: `torch.cuda.amp.autocast(args...)` is deprecated. Please use `torch.amp.autocast('cuda', args...)` instead.
  @amp.autocast(enabled=False)

I0328 21:27:18.938302 2316731 quantize_finetune_llama.py:209] layer 22 gpu 2
I0328 21:27:18.951735 2318337 data_utils.py:336] using 256 training seqs, 128 validation seqs
The attention layers in this model are transitioning from computing the RoPE embeddings internally through `position_ids` (2D tensor with the indexes of the tokens), to using externally computed `position_embeddings` (Tuple of tensors, containing cos and sin). In v4.46 `position_ids` will be removed and `position_embeddings` will be mandatory.
I0328 21:27:33.082074 2318267 finetune.py:68] layer 20_v @ epoch 1 new loss 5.087493377686769e-07 old loss 5.763822059634549e-07 BETTER
I0328 21:27:35.512841 2318337 finetune.py:45] layer 21_v initial loss 1.7617231833355618e-06
W0328 21:27:35.513252 2318337 warnings.py:109] /workspace/Weight_compression/comp_lm_qtip/lib/algo/finetune.py:46: FutureWarning: `torch.cuda.amp.GradScaler(args...)` is deprecated. Please use `torch.amp.GradScaler('cuda', args...)` instead.
  scaler = torch.cuda.amp.GradScaler(enabled=(orig_dtype==torch.float16))

I0328 21:28:08.672981 2318337 finetune.py:68] layer 21_v @ epoch 0 new loss 6.375590828611166e-07 old loss 1.7617231833355618e-06 BETTER
I0328 21:28:09.714599 2318267 finetune.py:68] layer 20_v @ epoch 2 new loss 4.82232280774042e-07 old loss 5.087493377686769e-07 BETTER
I0328 21:28:22.784136 2316731 quantize_finetune_llama.py:240] computed original embedding for layer 22 in 63.382503509521484s
I0328 21:28:26.543699 2318407 utils.py:146] Note: detected 128 virtual cores but NumExpr set to maximum of 64, check "NUMEXPR_MAX_THREADS" environment variable.
I0328 21:28:26.543807 2318407 utils.py:149] Note: NumExpr detected 128 cores but "NUMEXPR_MAX_THREADS" not set, so enforcing safe limit of 16.
I0328 21:28:26.543858 2318407 utils.py:162] NumExpr defaulting to 16 threads.
I0328 21:28:26.913912 2318407 config.py:54] PyTorch version 2.6.0 available.
W0328 21:28:27.118412 2318407 warnings.py:109] /opt/conda/lib/python3.10/site-packages/torchvision/io/image.py:13: UserWarning: Failed to load image Python extension: '/opt/conda/lib/python3.10/site-packages/torchvision/image.so: undefined symbol: _ZN3c1017RegisterOperatorsD1Ev'If you don't plan on using image functionality from `torchvision.io`, you can ignore this warning. Otherwise, there might be something wrong with your environment. Did you have `libjpeg` or `libpng` installed before building `torchvision` from source?
  warn(

W0328 21:28:27.719432 2318407 warnings.py:109] /opt/conda/lib/python3.10/site-packages/compressai/models/video/google.py:353: FutureWarning: `torch.cuda.amp.autocast(args...)` is deprecated. Please use `torch.amp.autocast('cuda', args...)` instead.
  @amp.autocast(enabled=False)

I0328 21:28:27.723366 2316731 quantize_finetune_llama.py:209] layer 23 gpu 3
I0328 21:28:27.736967 2318407 data_utils.py:336] using 256 training seqs, 128 validation seqs
The attention layers in this model are transitioning from computing the RoPE embeddings internally through `position_ids` (2D tensor with the indexes of the tokens), to using externally computed `position_embeddings` (Tuple of tensors, containing cos and sin). In v4.46 `position_ids` will be removed and `position_embeddings` will be mandatory.
I0328 21:28:43.270514 2318337 finetune.py:68] layer 21_v @ epoch 1 new loss 5.77908281229611e-07 old loss 6.375590828611166e-07 BETTER
I0328 21:28:45.336664 2318407 finetune.py:45] layer 22_v initial loss 2.147571194655029e-06
W0328 21:28:45.336912 2318407 warnings.py:109] /workspace/Weight_compression/comp_lm_qtip/lib/algo/finetune.py:46: FutureWarning: `torch.cuda.amp.GradScaler(args...)` is deprecated. Please use `torch.amp.GradScaler('cuda', args...)` instead.
  scaler = torch.cuda.amp.GradScaler(enabled=(orig_dtype==torch.float16))

I0328 21:28:46.644290 2318267 finetune.py:76] layer 20_v @ epoch 3 new loss 4.927780423713557e-07 old loss 4.82232280774042e-07 WORSE
I0328 21:29:18.180446 2318337 finetune.py:68] layer 21_v @ epoch 2 new loss 5.702026442122587e-07 old loss 5.77908281229611e-07 BETTER
I0328 21:29:18.997357 2318407 finetune.py:68] layer 22_v @ epoch 0 new loss 5.731147894039168e-07 old loss 2.147571194655029e-06 BETTER
I0328 21:29:23.051580 2318267 finetune.py:68] layer 20_v @ epoch 4 new loss 4.79133063890913e-07 old loss 4.82232280774042e-07 BETTER
I0328 21:29:32.366664 2316731 quantize_finetune_llama.py:240] computed original embedding for layer 23 in 64.14791202545166s
I0328 21:29:36.282346 2318477 utils.py:146] Note: detected 128 virtual cores but NumExpr set to maximum of 64, check "NUMEXPR_MAX_THREADS" environment variable.
I0328 21:29:36.282462 2318477 utils.py:149] Note: NumExpr detected 128 cores but "NUMEXPR_MAX_THREADS" not set, so enforcing safe limit of 16.
I0328 21:29:36.282502 2318477 utils.py:162] NumExpr defaulting to 16 threads.
I0328 21:29:36.667655 2318477 config.py:54] PyTorch version 2.6.0 available.
W0328 21:29:36.897009 2318477 warnings.py:109] /opt/conda/lib/python3.10/site-packages/torchvision/io/image.py:13: UserWarning: Failed to load image Python extension: '/opt/conda/lib/python3.10/site-packages/torchvision/image.so: undefined symbol: _ZN3c1017RegisterOperatorsD1Ev'If you don't plan on using image functionality from `torchvision.io`, you can ignore this warning. Otherwise, there might be something wrong with your environment. Did you have `libjpeg` or `libpng` installed before building `torchvision` from source?
  warn(

W0328 21:29:37.525431 2318477 warnings.py:109] /opt/conda/lib/python3.10/site-packages/compressai/models/video/google.py:353: FutureWarning: `torch.cuda.amp.autocast(args...)` is deprecated. Please use `torch.amp.autocast('cuda', args...)` instead.
  @amp.autocast(enabled=False)

I0328 21:29:37.529111 2316731 quantize_finetune_llama.py:209] layer 24 gpu 0
I0328 21:29:37.542540 2318477 data_utils.py:336] using 256 training seqs, 128 validation seqs
I0328 21:29:42.341740 2318267 finetune.py:45] layer 20_q initial loss 5.82596101139643e-07
The attention layers in this model are transitioning from computing the RoPE embeddings internally through `position_ids` (2D tensor with the indexes of the tokens), to using externally computed `position_embeddings` (Tuple of tensors, containing cos and sin). In v4.46 `position_ids` will be removed and `position_embeddings` will be mandatory.
I0328 21:29:53.215889 2318337 finetune.py:76] layer 21_v @ epoch 3 new loss 5.777614546786936e-07 old loss 5.702026442122587e-07 WORSE
I0328 21:29:53.674384 2318407 finetune.py:68] layer 22_v @ epoch 1 new loss 5.13092459186737e-07 old loss 5.731147894039168e-07 BETTER
I0328 21:29:55.071223 2318477 finetune.py:45] layer 23_v initial loss 3.13662167172879e-06
W0328 21:29:55.071590 2318477 warnings.py:109] /workspace/Weight_compression/comp_lm_qtip/lib/algo/finetune.py:46: FutureWarning: `torch.cuda.amp.GradScaler(args...)` is deprecated. Please use `torch.amp.GradScaler('cuda', args...)` instead.
  scaler = torch.cuda.amp.GradScaler(enabled=(orig_dtype==torch.float16))

I0328 21:30:17.477253 2318267 finetune.py:68] layer 20_q @ epoch 0 new loss 5.440408585855039e-07 old loss 5.82596101139643e-07 BETTER
I0328 21:30:27.670564 2318337 finetune.py:76] layer 21_v @ epoch 4 new loss 5.737070409850276e-07 old loss 5.702026442122587e-07 WORSE
I0328 21:30:28.209304 2318477 finetune.py:68] layer 23_v @ epoch 0 new loss 6.18856290657277e-07 old loss 3.13662167172879e-06 BETTER
I0328 21:30:28.804946 2318407 finetune.py:68] layer 22_v @ epoch 2 new loss 4.851226549362764e-07 old loss 5.13092459186737e-07 BETTER
I0328 21:30:46.522943 2318337 finetune.py:45] layer 21_q initial loss 7.191351301116811e-07
I0328 21:30:53.531230 2318267 finetune.py:68] layer 20_q @ epoch 1 new loss 5.245696570455038e-07 old loss 5.440408585855039e-07 BETTER
I0328 21:31:02.357812 2318477 finetune.py:68] layer 23_v @ epoch 1 new loss 5.357615577850083e-07 old loss 6.18856290657277e-07 BETTER
I0328 21:31:04.025377 2318407 finetune.py:76] layer 22_v @ epoch 3 new loss 4.927981080982136e-07 old loss 4.851226549362764e-07 WORSE
I0328 21:31:19.915656 2318337 finetune.py:68] layer 21_q @ epoch 0 new loss 6.631222504438483e-07 old loss 7.191351301116811e-07 BETTER
I0328 21:31:29.951228 2318267 finetune.py:68] layer 20_q @ epoch 2 new loss 5.114492296343087e-07 old loss 5.245696570455038e-07 BETTER
I0328 21:31:36.724551 2318477 finetune.py:68] layer 23_v @ epoch 2 new loss 5.126181576997624e-07 old loss 5.357615577850083e-07 BETTER
I0328 21:31:38.510449 2318407 finetune.py:68] layer 22_v @ epoch 4 new loss 4.808580342796631e-07 old loss 4.851226549362764e-07 BETTER
I0328 21:31:54.092942 2318337 finetune.py:68] layer 21_q @ epoch 1 new loss 6.491864041890949e-07 old loss 6.631222504438483e-07 BETTER
I0328 21:31:58.296082 2318407 finetune.py:45] layer 22_q initial loss 6.13918132330582e-07
I0328 21:32:06.336462 2318267 finetune.py:68] layer 20_q @ epoch 3 new loss 5.029255589761306e-07 old loss 5.114492296343087e-07 BETTER
I0328 21:32:11.200366 2318477 finetune.py:76] layer 23_v @ epoch 3 new loss 5.169330847820675e-07 old loss 5.126181576997624e-07 WORSE
I0328 21:32:28.394700 2318337 finetune.py:68] layer 21_q @ epoch 2 new loss 6.361548230415792e-07 old loss 6.491864041890949e-07 BETTER
I0328 21:32:31.900281 2318407 finetune.py:68] layer 22_q @ epoch 0 new loss 5.933375177846756e-07 old loss 6.13918132330582e-07 BETTER
I0328 21:32:42.867800 2318267 finetune.py:68] layer 20_q @ epoch 4 new loss 4.957707915309584e-07 old loss 5.029255589761306e-07 BETTER
I0328 21:32:44.910093 2318477 finetune.py:76] layer 23_v @ epoch 4 new loss 5.486538157128962e-07 old loss 5.126181576997624e-07 WORSE
I0328 21:33:00.884902 2318267 finetune.py:45] layer 20_k initial loss 6.289621978794457e-07
I0328 21:33:02.902869 2318337 finetune.py:68] layer 21_q @ epoch 3 new loss 6.105933039179945e-07 old loss 6.361548230415792e-07 BETTER
I0328 21:33:03.668490 2318477 finetune.py:45] layer 23_q initial loss 6.400747452062205e-07
I0328 21:33:06.682959 2318407 finetune.py:68] layer 22_q @ epoch 1 new loss 5.590476916950138e-07 old loss 5.933375177846756e-07 BETTER
I0328 21:33:35.986412 2318267 finetune.py:68] layer 20_k @ epoch 0 new loss 5.865045409336744e-07 old loss 6.289621978794457e-07 BETTER
I0328 21:33:36.752295 2318477 finetune.py:68] layer 23_q @ epoch 0 new loss 5.997284802106151e-07 old loss 6.400747452062205e-07 BETTER
I0328 21:33:37.377892 2318337 finetune.py:68] layer 21_q @ epoch 4 new loss 6.037025741534308e-07 old loss 6.105933039179945e-07 BETTER
I0328 21:33:41.282070 2318407 finetune.py:68] layer 22_q @ epoch 2 new loss 5.416438284555625e-07 old loss 5.590476916950138e-07 BETTER
I0328 21:33:55.303482 2318337 finetune.py:45] layer 21_k initial loss 7.259400831571838e-07
I0328 21:34:10.762114 2318477 finetune.py:68] layer 23_q @ epoch 1 new loss 5.791107469121926e-07 old loss 5.997284802106151e-07 BETTER
I0328 21:34:12.180946 2318267 finetune.py:68] layer 20_k @ epoch 1 new loss 5.833392719978292e-07 old loss 5.865045409336744e-07 BETTER
I0328 21:34:15.912719 2318407 finetune.py:68] layer 22_q @ epoch 3 new loss 5.330776957634953e-07 old loss 5.416438284555625e-07 BETTER
I0328 21:34:28.810675 2318337 finetune.py:68] layer 21_k @ epoch 0 new loss 6.961557232898485e-07 old loss 7.259400831571838e-07 BETTER
I0328 21:34:44.780964 2318477 finetune.py:68] layer 23_q @ epoch 2 new loss 5.621331524707784e-07 old loss 5.791107469121926e-07 BETTER
I0328 21:34:48.551934 2318267 finetune.py:68] layer 20_k @ epoch 2 new loss 5.756735390605172e-07 old loss 5.833392719978292e-07 BETTER
I0328 21:34:50.560770 2318407 finetune.py:68] layer 22_q @ epoch 4 new loss 5.290138460622984e-07 old loss 5.330776957634953e-07 BETTER
I0328 21:35:03.428215 2318337 finetune.py:68] layer 21_k @ epoch 1 new loss 6.918573944858508e-07 old loss 6.961557232898485e-07 BETTER
I0328 21:35:08.573014 2318407 finetune.py:45] layer 22_k initial loss 6.653965556324692e-07
I0328 21:35:19.203454 2318477 finetune.py:68] layer 23_q @ epoch 3 new loss 5.547416890294699e-07 old loss 5.621331524707784e-07 BETTER
I0328 21:35:24.949926 2318267 finetune.py:68] layer 20_k @ epoch 3 new loss 5.701139684788359e-07 old loss 5.756735390605172e-07 BETTER
I0328 21:35:37.543873 2318337 finetune.py:68] layer 21_k @ epoch 2 new loss 6.915287826814165e-07 old loss 6.918573944858508e-07 BETTER
I0328 21:35:42.010403 2318407 finetune.py:68] layer 22_k @ epoch 0 new loss 6.452681304836005e-07 old loss 6.653965556324692e-07 BETTER
I0328 21:35:53.533293 2318477 finetune.py:68] layer 23_q @ epoch 4 new loss 5.514572762876924e-07 old loss 5.547416890294699e-07 BETTER
I0328 21:36:01.322204 2318267 finetune.py:68] layer 20_k @ epoch 4 new loss 5.691157412002212e-07 old loss 5.701139684788359e-07 BETTER
I0328 21:36:10.977573 2318477 finetune.py:45] layer 23_k initial loss 7.04846286225802e-07
I0328 21:36:12.085756 2318337 finetune.py:68] layer 21_k @ epoch 3 new loss 6.85815336964879e-07 old loss 6.915287826814165e-07 BETTER
I0328 21:36:16.416165 2318407 finetune.py:68] layer 22_k @ epoch 1 new loss 6.402192411769647e-07 old loss 6.452681304836005e-07 BETTER
I0328 21:36:21.237427 2318267 finetune.py:45] layer 20_o initial loss 1.1338875083310995e-06
I0328 21:36:43.916494 2318477 finetune.py:68] layer 23_k @ epoch 0 new loss 6.658780193902203e-07 old loss 7.04846286225802e-07 BETTER
I0328 21:36:46.322807 2318337 finetune.py:76] layer 21_k @ epoch 4 new loss 7.028915547380166e-07 old loss 6.85815336964879e-07 WORSE
I0328 21:36:50.912395 2318407 finetune.py:68] layer 22_k @ epoch 2 new loss 6.361913733599067e-07 old loss 6.402192411769647e-07 BETTER
I0328 21:36:55.992790 2318267 finetune.py:68] layer 20_o @ epoch 0 new loss 1.0944797850243049e-06 old loss 1.1338875083310995e-06 BETTER
I0328 21:37:05.324203 2318337 finetune.py:45] layer 21_o initial loss 1.4270389101511682e-06
I0328 21:37:17.666231 2318477 finetune.py:68] layer 23_k @ epoch 1 new loss 6.534312433359446e-07 old loss 6.658780193902203e-07 BETTER
I0328 21:37:25.357586 2318407 finetune.py:68] layer 22_k @ epoch 3 new loss 6.342368124023778e-07 old loss 6.361913733599067e-07 BETTER
I0328 21:37:31.528187 2318267 finetune.py:68] layer 20_o @ epoch 1 new loss 1.0749124612630112e-06 old loss 1.0944797850243049e-06 BETTER
I0328 21:37:37.865489 2318337 finetune.py:68] layer 21_o @ epoch 0 new loss 1.3576712944995961e-06 old loss 1.4270389101511682e-06 BETTER
I0328 21:37:51.477678 2318477 finetune.py:68] layer 23_k @ epoch 2 new loss 6.425256060538231e-07 old loss 6.534312433359446e-07 BETTER
I0328 21:37:59.877571 2318407 finetune.py:68] layer 22_k @ epoch 4 new loss 6.316385565696692e-07 old loss 6.342368124023778e-07 BETTER
I0328 21:38:07.238705 2318267 finetune.py:68] layer 20_o @ epoch 2 new loss 1.062688852471183e-06 old loss 1.0749124612630112e-06 BETTER
I0328 21:38:11.378253 2318337 finetune.py:68] layer 21_o @ epoch 1 new loss 1.3285473414725857e-06 old loss 1.3576712944995961e-06 BETTER
I0328 21:38:19.812775 2318407 finetune.py:45] layer 22_o initial loss 1.3081498764222488e-06
I0328 21:38:25.686167 2318477 finetune.py:68] layer 23_k @ epoch 3 new loss 6.375423140525527e-07 old loss 6.425256060538231e-07 BETTER
I0328 21:38:43.171796 2318267 finetune.py:68] layer 20_o @ epoch 3 new loss 1.0546439170866506e-06 old loss 1.062688852471183e-06 BETTER
I0328 21:38:45.120893 2318337 finetune.py:68] layer 21_o @ epoch 2 new loss 1.3076436289338744e-06 old loss 1.3285473414725857e-06 BETTER
I0328 21:38:52.633506 2318407 finetune.py:68] layer 22_o @ epoch 0 new loss 1.2690285302596749e-06 old loss 1.3081498764222488e-06 BETTER
I0328 21:39:00.107298 2318477 finetune.py:68] layer 23_k @ epoch 4 new loss 6.321340606518788e-07 old loss 6.375423140525527e-07 BETTER
I0328 21:39:18.825404 2318337 finetune.py:68] layer 21_o @ epoch 3 new loss 1.2924878092235303e-06 old loss 1.3076436289338744e-06 BETTER
I0328 21:39:19.290805 2318267 finetune.py:68] layer 20_o @ epoch 4 new loss 1.0467221045473707e-06 old loss 1.0546439170866506e-06 BETTER
I0328 21:39:19.460321 2318477 finetune.py:45] layer 23_o initial loss 1.3546234640671173e-06
I0328 21:39:26.409191 2318407 finetune.py:68] layer 22_o @ epoch 1 new loss 1.2505307722676662e-06 old loss 1.2690285302596749e-06 BETTER
I0328 21:39:50.896099 2318267 finetune.py:45] layer 20_up initial loss 2.9949301278975327e-06
I0328 21:39:51.457174 2318477 finetune.py:68] layer 23_o @ epoch 0 new loss 1.3111726957504288e-06 old loss 1.3546234640671173e-06 BETTER
I0328 21:39:52.998804 2318337 finetune.py:68] layer 21_o @ epoch 4 new loss 1.280215315091482e-06 old loss 1.2924878092235303e-06 BETTER
I0328 21:40:00.072206 2318407 finetune.py:68] layer 22_o @ epoch 2 new loss 1.2398763828969095e-06 old loss 1.2505307722676662e-06 BETTER
I0328 21:40:22.807581 2318267 finetune.py:68] layer 20_up @ epoch 0 new loss 2.9180907858972205e-06 old loss 2.9949301278975327e-06 BETTER
I0328 21:40:24.081618 2318337 finetune.py:45] layer 21_up initial loss 3.4985844195034588e-06
I0328 21:40:24.686925 2318477 finetune.py:68] layer 23_o @ epoch 1 new loss 1.2895932286483003e-06 old loss 1.3111726957504288e-06 BETTER
I0328 21:40:34.000348 2318407 finetune.py:68] layer 22_o @ epoch 3 new loss 1.2327295735303778e-06 old loss 1.2398763828969095e-06 BETTER
I0328 21:40:54.534463 2318337 finetune.py:68] layer 21_up @ epoch 0 new loss 3.3998255730693927e-06 old loss 3.4985844195034588e-06 BETTER
I0328 21:40:55.939041 2318267 finetune.py:68] layer 20_up @ epoch 1 new loss 2.8660506359301507e-06 old loss 2.9180907858972205e-06 BETTER
I0328 21:40:57.841350 2318477 finetune.py:68] layer 23_o @ epoch 2 new loss 1.2787505738742766e-06 old loss 1.2895932286483003e-06 BETTER
I0328 21:41:08.129527 2318407 finetune.py:68] layer 22_o @ epoch 4 new loss 1.2249565770616755e-06 old loss 1.2327295735303778e-06 BETTER
I0328 21:41:26.167704 2318337 finetune.py:68] layer 21_up @ epoch 1 new loss 3.3350572721246863e-06 old loss 3.3998255730693927e-06 BETTER
I0328 21:41:29.256960 2318267 finetune.py:68] layer 20_up @ epoch 2 new loss 2.8254187327547697e-06 old loss 2.8660506359301507e-06 BETTER
I0328 21:41:31.231706 2318477 finetune.py:68] layer 23_o @ epoch 3 new loss 1.2674380513999495e-06 old loss 1.2787505738742766e-06 BETTER
I0328 21:41:39.687708 2318407 finetune.py:45] layer 22_up initial loss 3.5587468119047116e-06
I0328 21:41:57.805042 2318337 finetune.py:68] layer 21_up @ epoch 2 new loss 3.285489356130711e-06 old loss 3.3350572721246863e-06 BETTER
I0328 21:42:02.710514 2318267 finetune.py:68] layer 20_up @ epoch 3 new loss 2.7917019451706437e-06 old loss 2.8254187327547697e-06 BETTER
I0328 21:42:04.599578 2318477 finetune.py:68] layer 23_o @ epoch 4 new loss 1.264094407815719e-06 old loss 1.2674380513999495e-06 BETTER
I0328 21:42:10.129308 2318407 finetune.py:68] layer 22_up @ epoch 0 new loss 3.4631300422915956e-06 old loss 3.5587468119047116e-06 BETTER
I0328 21:42:29.565028 2318337 finetune.py:68] layer 21_up @ epoch 3 new loss 3.245953848818317e-06 old loss 3.285489356130711e-06 BETTER
I0328 21:42:36.127738 2318477 finetune.py:45] layer 23_up initial loss 3.795169277509558e-06
I0328 21:42:36.305259 2318267 finetune.py:68] layer 20_up @ epoch 4 new loss 2.76363698503701e-06 old loss 2.7917019451706437e-06 BETTER
I0328 21:42:41.926872 2318407 finetune.py:68] layer 22_up @ epoch 1 new loss 3.403082700970117e-06 old loss 3.4631300422915956e-06 BETTER
I0328 21:43:01.457319 2318337 finetune.py:68] layer 21_up @ epoch 4 new loss 3.2131436000781832e-06 old loss 3.245953848818317e-06 BETTER
I0328 21:43:06.215158 2318477 finetune.py:68] layer 23_up @ epoch 0 new loss 3.701563855429413e-06 old loss 3.795169277509558e-06 BETTER
I0328 21:43:07.677252 2318267 finetune.py:45] layer 20_gate initial loss 3.593026576709235e-06
I0328 21:43:14.044288 2318407 finetune.py:68] layer 22_up @ epoch 2 new loss 3.357922196300933e-06 old loss 3.403082700970117e-06 BETTER
I0328 21:43:32.942949 2318337 finetune.py:45] layer 21_gate initial loss 4.16012426285306e-06
I0328 21:43:37.588264 2318477 finetune.py:68] layer 23_up @ epoch 1 new loss 3.643572881628643e-06 old loss 3.701563855429413e-06 BETTER
I0328 21:43:37.793271 2318267 finetune.py:68] layer 20_gate @ epoch 0 new loss 3.5619682421383914e-06 old loss 3.593026576709235e-06 BETTER
I0328 21:43:46.311159 2318407 finetune.py:68] layer 22_up @ epoch 3 new loss 3.3215455914614722e-06 old loss 3.357922196300933e-06 BETTER
I0328 21:44:01.362261 2318337 finetune.py:68] layer 21_gate @ epoch 0 new loss 4.121841357118683e-06 old loss 4.16012426285306e-06 BETTER
I0328 21:44:08.816836 2318477 finetune.py:68] layer 23_up @ epoch 2 new loss 3.5993339224660303e-06 old loss 3.643572881628643e-06 BETTER
I0328 21:44:09.015201 2318267 finetune.py:68] layer 20_gate @ epoch 1 new loss 3.536846406859695e-06 old loss 3.5619682421383914e-06 BETTER
I0328 21:44:18.549294 2318407 finetune.py:68] layer 22_up @ epoch 4 new loss 3.291242592240451e-06 old loss 3.3215455914614722e-06 BETTER
I0328 21:44:30.820635 2318337 finetune.py:68] layer 21_gate @ epoch 1 new loss 4.092205472261412e-06 old loss 4.121841357118683e-06 BETTER
I0328 21:44:40.049287 2318477 finetune.py:68] layer 23_up @ epoch 3 new loss 3.5649145502247848e-06 old loss 3.5993339224660303e-06 BETTER
I0328 21:44:40.202356 2318267 finetune.py:68] layer 20_gate @ epoch 2 new loss 3.5151565498381387e-06 old loss 3.536846406859695e-06 BETTER
I0328 21:44:50.108537 2318407 finetune.py:45] layer 22_gate initial loss 4.326261660025921e-06
I0328 21:45:00.267326 2318337 finetune.py:68] layer 21_gate @ epoch 2 new loss 4.067615464009577e-06 old loss 4.092205472261412e-06 BETTER
I0328 21:45:11.383589 2318477 finetune.py:68] layer 23_up @ epoch 4 new loss 3.5363332244742196e-06 old loss 3.5649145502247848e-06 BETTER
I0328 21:45:11.562401 2318267 finetune.py:68] layer 20_gate @ epoch 3 new loss 3.4965855775226373e-06 old loss 3.5151565498381387e-06 BETTER
I0328 21:45:18.530626 2318407 finetune.py:68] layer 22_gate @ epoch 0 new loss 4.290453489375068e-06 old loss 4.326261660025921e-06 BETTER
I0328 21:45:29.928667 2318337 finetune.py:68] layer 21_gate @ epoch 3 new loss 4.046502454002621e-06 old loss 4.067615464009577e-06 BETTER
I0328 21:45:42.520747 2318477 finetune.py:45] layer 23_gate initial loss 4.703851118392777e-06
I0328 21:45:42.980668 2318267 finetune.py:68] layer 20_gate @ epoch 4 new loss 3.4800273169821594e-06 old loss 3.4965855775226373e-06 BETTER
I0328 21:45:48.077046 2318407 finetune.py:68] layer 22_gate @ epoch 1 new loss 4.262894890416646e-06 old loss 4.290453489375068e-06 BETTER
I0328 21:45:59.623158 2318337 finetune.py:68] layer 21_gate @ epoch 4 new loss 4.027669547213009e-06 old loss 4.046502454002621e-06 BETTER
I0328 21:46:10.518299 2318477 finetune.py:68] layer 23_gate @ epoch 0 new loss 4.6706277316843625e-06 old loss 4.703851118392777e-06 BETTER
I0328 21:46:17.712712 2318407 finetune.py:68] layer 22_gate @ epoch 2 new loss 4.240546786604682e-06 old loss 4.262894890416646e-06 BETTER
I0328 21:46:39.395797 2318267 finetune.py:45] layer 20_down initial loss 6.226071491255425e-06
I0328 21:46:39.811896 2318477 finetune.py:68] layer 23_gate @ epoch 1 new loss 4.645065473596333e-06 old loss 4.6706277316843625e-06 BETTER
I0328 21:46:47.496147 2318407 finetune.py:68] layer 22_gate @ epoch 3 new loss 4.221160452289041e-06 old loss 4.240546786604682e-06 BETTER
I0328 21:46:56.404848 2318337 finetune.py:45] layer 21_down initial loss 7.258591267600423e-06
I0328 21:47:06.970775 2318267 finetune.py:68] layer 20_down @ epoch 0 new loss 6.225072411325527e-06 old loss 6.226071491255425e-06 BETTER
I0328 21:47:08.970435 2318477 finetune.py:68] layer 23_gate @ epoch 2 new loss 4.624075700121466e-06 old loss 4.645065473596333e-06 BETTER
