I0327 21:12:06.398595 2041890 finetune.py:68] layer 4_q @ epoch 0 new loss 1.4476147043751553e-05 old loss 1.50084497363423e-05 BETTER
I0327 21:12:19.668939 2042100 finetune.py:68] layer 7_v @ epoch 0 new loss 3.300335811218247e-05 old loss 5.238392259343527e-05 BETTER
I0327 21:12:21.315810 2042030 finetune.py:68] layer 6_v @ epoch 2 new loss 2.41417783399811e-05 old loss 2.5011979232658632e-05 BETTER
I0327 21:12:22.569139 2041960 finetune.py:68] layer 5_v @ epoch 4 new loss 1.842892925196793e-05 old loss 1.879053161246702e-05 BETTER
I0327 21:12:41.559138 2041960 finetune.py:45] layer 5_q initial loss 2.243608105345629e-05
I0327 21:12:42.976998 2041890 finetune.py:68] layer 4_q @ epoch 1 new loss 1.4205657862476073e-05 old loss 1.4476147043751553e-05 BETTER
I0327 21:12:54.062379 2042100 finetune.py:68] layer 7_v @ epoch 1 new loss 3.10659634124022e-05 old loss 3.300335811218247e-05 BETTER
I0327 21:12:56.702827 2042030 finetune.py:68] layer 6_v @ epoch 3 new loss 2.3597247491125017e-05 old loss 2.41417783399811e-05 BETTER
I0327 21:13:15.048033 2041960 finetune.py:68] layer 5_q @ epoch 0 new loss 2.182347816415131e-05 old loss 2.243608105345629e-05 BETTER
I0327 21:13:19.809468 2041890 finetune.py:68] layer 4_q @ epoch 2 new loss 1.3992606909596361e-05 old loss 1.4205657862476073e-05 BETTER
I0327 21:13:28.720693 2042100 finetune.py:68] layer 7_v @ epoch 2 new loss 3.014577305293642e-05 old loss 3.10659634124022e-05 BETTER
I0327 21:13:32.132686 2042030 finetune.py:68] layer 6_v @ epoch 4 new loss 2.3194763343781233e-05 old loss 2.3597247491125017e-05 BETTER
I0327 21:13:49.727148 2041960 finetune.py:68] layer 5_q @ epoch 1 new loss 2.1479147108038887e-05 old loss 2.182347816415131e-05 BETTER
I0327 21:13:51.741158 2042030 finetune.py:45] layer 6_q initial loss 2.7995289201498963e-05
I0327 21:13:56.703070 2041890 finetune.py:68] layer 4_q @ epoch 3 new loss 1.3819000741932541e-05 old loss 1.3992606909596361e-05 BETTER
I0327 21:14:03.363533 2042100 finetune.py:68] layer 7_v @ epoch 3 new loss 2.952874820039142e-05 old loss 3.014577305293642e-05 BETTER
I0327 21:14:24.349841 2041960 finetune.py:68] layer 5_q @ epoch 2 new loss 2.1204008589847945e-05 old loss 2.1479147108038887e-05 BETTER
I0327 21:14:25.548028 2042030 finetune.py:68] layer 6_q @ epoch 0 new loss 2.735539965215139e-05 old loss 2.7995289201498963e-05 BETTER
I0327 21:14:33.638251 2041890 finetune.py:68] layer 4_q @ epoch 4 new loss 1.366736523777945e-05 old loss 1.3819000741932541e-05 BETTER
I0327 21:14:38.055490 2042100 finetune.py:68] layer 7_v @ epoch 4 new loss 2.9064485715935007e-05 old loss 2.952874820039142e-05 BETTER
I0327 21:14:51.238826 2041890 finetune.py:45] layer 4_k initial loss 1.4577341971744318e-05
I0327 21:14:57.262519 2042100 finetune.py:45] layer 7_q initial loss 3.6152854590909556e-05
I0327 21:14:59.002047 2041960 finetune.py:68] layer 5_q @ epoch 3 new loss 2.097584911098238e-05 old loss 2.1204008589847945e-05 BETTER
I0327 21:15:00.253335 2042030 finetune.py:68] layer 6_q @ epoch 1 new loss 2.6958010494126938e-05 old loss 2.735539965215139e-05 BETTER
I0327 21:15:26.930389 2041890 finetune.py:68] layer 4_k @ epoch 0 new loss 1.4418905266211368e-05 old loss 1.4577341971744318e-05 BETTER
I0327 21:15:30.432215 2042100 finetune.py:68] layer 7_q @ epoch 0 new loss 3.5303470212966204e-05 old loss 3.6152854590909556e-05 BETTER
I0327 21:15:33.775368 2041960 finetune.py:68] layer 5_q @ epoch 4 new loss 2.077728640870191e-05 old loss 2.097584911098238e-05 BETTER
I0327 21:15:35.239650 2042030 finetune.py:68] layer 6_q @ epoch 2 new loss 2.6631501896190457e-05 old loss 2.6958010494126938e-05 BETTER
I0327 21:15:51.386337 2041960 finetune.py:45] layer 5_k initial loss 2.1961552192806266e-05
I0327 21:16:03.917714 2041890 finetune.py:68] layer 4_k @ epoch 1 new loss 1.4299186659627594e-05 old loss 1.4418905266211368e-05 BETTER
I0327 21:16:04.690628 2042100 finetune.py:68] layer 7_q @ epoch 1 new loss 3.479853694443591e-05 old loss 3.5303470212966204e-05 BETTER
I0327 21:16:10.310979 2042030 finetune.py:68] layer 6_q @ epoch 3 new loss 2.6352387067163363e-05 old loss 2.6631501896190457e-05 BETTER
I0327 21:16:24.936765 2041960 finetune.py:68] layer 5_k @ epoch 0 new loss 2.1713809474022128e-05 old loss 2.1961552192806266e-05 BETTER
I0327 21:16:38.862625 2042100 finetune.py:68] layer 7_q @ epoch 2 new loss 3.438396015553735e-05 old loss 3.479853694443591e-05 BETTER
I0327 21:16:40.807785 2041890 finetune.py:68] layer 4_k @ epoch 2 new loss 1.4195292351359967e-05 old loss 1.4299186659627594e-05 BETTER
I0327 21:16:45.433628 2042030 finetune.py:68] layer 6_q @ epoch 4 new loss 2.6104460630449466e-05 old loss 2.6352387067163363e-05 BETTER
I0327 21:16:59.265408 2041960 finetune.py:68] layer 5_k @ epoch 1 new loss 2.155280344595667e-05 old loss 2.1713809474022128e-05 BETTER
I0327 21:17:03.063917 2042030 finetune.py:45] layer 6_k initial loss 2.7678976039169356e-05
I0327 21:17:13.168522 2042100 finetune.py:68] layer 7_q @ epoch 3 new loss 3.40434635290876e-05 old loss 3.438396015553735e-05 BETTER
I0327 21:17:17.658921 2041890 finetune.py:68] layer 4_k @ epoch 3 new loss 1.4104331967246253e-05 old loss 1.4195292351359967e-05 BETTER
I0327 21:17:33.885841 2041960 finetune.py:68] layer 5_k @ epoch 2 new loss 2.1409308828879148e-05 old loss 2.155280344595667e-05 BETTER
I0327 21:17:36.673756 2042030 finetune.py:68] layer 6_k @ epoch 0 new loss 2.734528243308887e-05 old loss 2.7678976039169356e-05 BETTER
I0327 21:17:47.473239 2042100 finetune.py:68] layer 7_q @ epoch 4 new loss 3.372895662323572e-05 old loss 3.40434635290876e-05 BETTER
I0327 21:17:54.510956 2041890 finetune.py:68] layer 4_k @ epoch 4 new loss 1.401669669576222e-05 old loss 1.4104331967246253e-05 BETTER
I0327 21:18:05.125694 2042100 finetune.py:45] layer 7_k initial loss 3.571448178263381e-05
I0327 21:18:08.383013 2041960 finetune.py:68] layer 5_k @ epoch 3 new loss 2.1280722648953088e-05 old loss 2.1409308828879148e-05 BETTER
I0327 21:18:11.170067 2042030 finetune.py:68] layer 6_k @ epoch 1 new loss 2.7147354558110237e-05 old loss 2.734528243308887e-05 BETTER
I0327 21:18:13.666139 2041890 finetune.py:45] layer 4_o initial loss 3.540609031915665e-05
I0327 21:18:38.020879 2042100 finetune.py:68] layer 7_k @ epoch 0 new loss 3.528969318722375e-05 old loss 3.571448178263381e-05 BETTER
I0327 21:18:42.936013 2041960 finetune.py:68] layer 5_k @ epoch 4 new loss 2.116377800120972e-05 old loss 2.1280722648953088e-05 BETTER
I0327 21:18:45.855212 2042030 finetune.py:68] layer 6_k @ epoch 2 new loss 2.6971189072355628e-05 old loss 2.7147354558110237e-05 BETTER
I0327 21:18:48.478640 2041890 finetune.py:68] layer 4_o @ epoch 0 new loss 3.2180745620280504e-05 old loss 3.540609031915665e-05 BETTER
I0327 21:19:02.521188 2041960 finetune.py:45] layer 5_o initial loss 4.663718573283404e-05
I0327 21:19:12.024698 2042100 finetune.py:68] layer 7_k @ epoch 1 new loss 3.503409243421629e-05 old loss 3.528969318722375e-05 BETTER
I0327 21:19:20.642600 2042030 finetune.py:68] layer 6_k @ epoch 3 new loss 2.6809060727828182e-05 old loss 2.6971189072355628e-05 BETTER
I0327 21:19:24.208915 2041890 finetune.py:68] layer 4_o @ epoch 1 new loss 3.1273742933990434e-05 old loss 3.2180745620280504e-05 BETTER
I0327 21:19:35.426447 2041960 finetune.py:68] layer 5_o @ epoch 0 new loss 4.3290059693390504e-05 old loss 4.663718573283404e-05 BETTER
I0327 21:19:46.147139 2042100 finetune.py:68] layer 7_k @ epoch 2 new loss 3.48081775882747e-05 old loss 3.503409243421629e-05 BETTER
I0327 21:19:55.550899 2042030 finetune.py:68] layer 6_k @ epoch 4 new loss 2.6667852580430917e-05 old loss 2.6809060727828182e-05 BETTER
I0327 21:20:00.243637 2041890 finetune.py:68] layer 4_o @ epoch 2 new loss 3.073746484005824e-05 old loss 3.1273742933990434e-05 BETTER
I0327 21:20:09.237224 2041960 finetune.py:68] layer 5_o @ epoch 1 new loss 4.2331292206654325e-05 old loss 4.3290059693390504e-05 BETTER
I0327 21:20:14.899723 2042030 finetune.py:45] layer 6_o initial loss 6.224911339813843e-05
I0327 21:20:20.147930 2042100 finetune.py:68] layer 7_k @ epoch 3 new loss 3.4610420698300004e-05 old loss 3.48081775882747e-05 BETTER
I0327 21:20:36.412494 2041890 finetune.py:68] layer 4_o @ epoch 3 new loss 3.0348997825058177e-05 old loss 3.073746484005824e-05 BETTER
I0327 21:20:43.131918 2041960 finetune.py:68] layer 5_o @ epoch 2 new loss 4.174093919573352e-05 old loss 4.2331292206654325e-05 BETTER
I0327 21:20:47.953294 2042030 finetune.py:68] layer 6_o @ epoch 0 new loss 5.894010973861441e-05 old loss 6.224911339813843e-05 BETTER
I0327 21:20:54.180656 2042100 finetune.py:68] layer 7_k @ epoch 4 new loss 3.442459274083376e-05 old loss 3.4610420698300004e-05 BETTER
I0327 21:21:12.511346 2041890 finetune.py:68] layer 4_o @ epoch 4 new loss 3.004058999067638e-05 old loss 3.0348997825058177e-05 BETTER
I0327 21:21:13.462059 2042100 finetune.py:45] layer 7_o initial loss 7.682199066039175e-05
I0327 21:21:17.037834 2041960 finetune.py:68] layer 5_o @ epoch 3 new loss 4.130538218305446e-05 old loss 4.174093919573352e-05 BETTER
I0327 21:21:22.013183 2042030 finetune.py:68] layer 6_o @ epoch 1 new loss 5.792855517938733e-05 old loss 5.894010973861441e-05 BETTER
I0327 21:21:43.197409 2041890 finetune.py:45] layer 4_up initial loss 6.908347859280184e-05
I0327 21:21:46.080780 2042100 finetune.py:68] layer 7_o @ epoch 0 new loss 7.376826397376135e-05 old loss 7.682199066039175e-05 BETTER
I0327 21:21:50.868683 2041960 finetune.py:68] layer 5_o @ epoch 4 new loss 4.095999611308798e-05 old loss 4.130538218305446e-05 BETTER
I0327 21:21:55.986700 2042030 finetune.py:68] layer 6_o @ epoch 2 new loss 5.724314178223722e-05 old loss 5.792855517938733e-05 BETTER
I0327 21:22:15.365394 2041890 finetune.py:68] layer 4_up @ epoch 0 new loss 6.832191866124049e-05 old loss 6.908347859280184e-05 BETTER
I0327 21:22:19.273360 2042100 finetune.py:68] layer 7_o @ epoch 1 new loss 7.26373036741279e-05 old loss 7.376826397376135e-05 BETTER
I0327 21:22:22.057552 2041960 finetune.py:45] layer 5_up initial loss 9.75826260400936e-05
I0327 21:22:30.052462 2042030 finetune.py:68] layer 6_o @ epoch 3 new loss 5.670935206580907e-05 old loss 5.724314178223722e-05 BETTER
I0327 21:22:48.800399 2041890 finetune.py:68] layer 4_up @ epoch 1 new loss 6.784834113204852e-05 old loss 6.832191866124049e-05 BETTER
I0327 21:22:52.647192 2041960 finetune.py:68] layer 5_up @ epoch 0 new loss 9.636179311200976e-05 old loss 9.75826260400936e-05 BETTER
I0327 21:22:52.839107 2042100 finetune.py:68] layer 7_o @ epoch 2 new loss 7.182623085100204e-05 old loss 7.26373036741279e-05 BETTER
I0327 21:23:04.363069 2042030 finetune.py:68] layer 6_o @ epoch 4 new loss 5.6257547839777544e-05 old loss 5.670935206580907e-05 BETTER
I0327 21:23:22.603667 2041890 finetune.py:68] layer 4_up @ epoch 2 new loss 6.746265717083588e-05 old loss 6.784834113204852e-05 BETTER
I0327 21:23:24.650012 2041960 finetune.py:68] layer 5_up @ epoch 1 new loss 9.560986654832959e-05 old loss 9.636179311200976e-05 BETTER
I0327 21:23:26.501311 2042100 finetune.py:68] layer 7_o @ epoch 3 new loss 7.116557389963418e-05 old loss 7.182623085100204e-05 BETTER
I0327 21:23:35.974789 2042030 finetune.py:45] layer 6_up initial loss 0.0001277395786019042
I0327 21:23:56.536674 2041890 finetune.py:68] layer 4_up @ epoch 3 new loss 6.71168600092642e-05 old loss 6.746265717083588e-05 BETTER
I0327 21:23:56.666198 2041960 finetune.py:68] layer 5_up @ epoch 2 new loss 9.498297731624916e-05 old loss 9.560986654832959e-05 BETTER
I0327 21:23:59.980954 2042100 finetune.py:68] layer 7_o @ epoch 4 new loss 7.060918142087758e-05 old loss 7.116557389963418e-05 BETTER
I0327 21:24:06.790330 2042030 finetune.py:68] layer 6_up @ epoch 0 new loss 0.00012607581447809935 old loss 0.0001277395786019042 BETTER
I0327 21:24:28.904968 2041960 finetune.py:68] layer 5_up @ epoch 3 new loss 9.443130693398416e-05 old loss 9.498297731624916e-05 BETTER
I0327 21:24:30.471926 2041890 finetune.py:68] layer 4_up @ epoch 4 new loss 6.680424849037081e-05 old loss 6.71168600092642e-05 BETTER
I0327 21:24:30.796388 2042100 finetune.py:45] layer 7_up initial loss 0.0001476747856941074
I0327 21:24:38.915965 2042030 finetune.py:68] layer 6_up @ epoch 1 new loss 0.00012500958109740168 old loss 0.00012607581447809935 BETTER
I0327 21:25:00.944261 2041890 finetune.py:45] layer 4_gate initial loss 8.174991671694443e-05
I0327 21:25:01.075980 2042100 finetune.py:68] layer 7_up @ epoch 0 new loss 0.00014576787361875176 old loss 0.0001476747856941074 BETTER
I0327 21:25:01.232921 2041960 finetune.py:68] layer 5_up @ epoch 4 new loss 9.392711945110932e-05 old loss 9.443130693398416e-05 BETTER
I0327 21:25:11.109319 2042030 finetune.py:68] layer 6_up @ epoch 2 new loss 0.00012410742056090385 old loss 0.00012500958109740168 BETTER
I0327 21:25:31.270937 2041890 finetune.py:68] layer 4_gate @ epoch 0 new loss 8.132695802487433e-05 old loss 8.174991671694443e-05 BETTER
I0327 21:25:32.113963 2041960 finetune.py:45] layer 5_gate initial loss 0.00011524352157721296
I0327 21:25:32.306700 2042100 finetune.py:68] layer 7_up @ epoch 1 new loss 0.00014455185737460852 old loss 0.00014576787361875176 BETTER
I0327 21:25:43.345744 2042030 finetune.py:68] layer 6_up @ epoch 3 new loss 0.00012329977471381426 old loss 0.00012410742056090385 BETTER
I0327 21:26:00.708140 2041960 finetune.py:68] layer 5_gate @ epoch 0 new loss 0.0001145794740295969 old loss 0.00011524352157721296 BETTER
I0327 21:26:02.605732 2041890 finetune.py:68] layer 4_gate @ epoch 1 new loss 8.099526166915894e-05 old loss 8.132695802487433e-05 BETTER
I0327 21:26:03.775619 2042100 finetune.py:68] layer 7_up @ epoch 2 new loss 0.00014350157289300114 old loss 0.00014455185737460852 BETTER
I0327 21:26:15.646604 2042030 finetune.py:68] layer 6_up @ epoch 4 new loss 0.00012254937610123307 old loss 0.00012329977471381426 BETTER
I0327 21:26:30.362981 2041960 finetune.py:68] layer 5_gate @ epoch 1 new loss 0.00011404795804992318 old loss 0.0001145794740295969 BETTER
I0327 21:26:34.260849 2041890 finetune.py:68] layer 4_gate @ epoch 2 new loss 8.069285104284063e-05 old loss 8.099526166915894e-05 BETTER
I0327 21:26:35.326979 2042100 finetune.py:68] layer 7_up @ epoch 3 new loss 0.00014254912093747407 old loss 0.00014350157289300114 BETTER
I0327 21:26:46.794300 2042030 finetune.py:45] layer 6_gate initial loss 0.00014741862833034247
I0327 21:27:00.112053 2041960 finetune.py:68] layer 5_gate @ epoch 2 new loss 0.00011356847971910611 old loss 0.00011404795804992318 BETTER
I0327 21:27:05.964301 2041890 finetune.py:68] layer 4_gate @ epoch 3 new loss 8.041133696679026e-05 old loss 8.069285104284063e-05 BETTER
I0327 21:27:06.989531 2042100 finetune.py:68] layer 7_up @ epoch 4 new loss 0.00014166414621286094 old loss 0.00014254912093747407 BETTER
I0327 21:27:15.670059 2042030 finetune.py:68] layer 6_gate @ epoch 0 new loss 0.0001464547822251916 old loss 0.00014741862833034247 BETTER
I0327 21:27:30.003294 2041960 finetune.py:68] layer 5_gate @ epoch 3 new loss 0.00011313516006339341 old loss 0.00011356847971910611 BETTER
I0327 21:27:37.666385 2041890 finetune.py:68] layer 4_gate @ epoch 4 new loss 8.014456398086622e-05 old loss 8.041133696679026e-05 BETTER
I0327 21:27:37.895526 2042100 finetune.py:45] layer 7_gate initial loss 0.00017142108117695898
I0327 21:27:45.547930 2042030 finetune.py:68] layer 6_gate @ epoch 1 new loss 0.00014569213089998811 old loss 0.0001464547822251916 BETTER
I0327 21:27:59.731210 2041960 finetune.py:68] layer 5_gate @ epoch 4 new loss 0.00011271734547335654 old loss 0.00011313516006339341 BETTER
I0327 21:28:06.375835 2042100 finetune.py:68] layer 7_gate @ epoch 0 new loss 0.0001702792214928195 old loss 0.00017142108117695898 BETTER
I0327 21:28:15.493782 2042030 finetune.py:68] layer 6_gate @ epoch 2 new loss 0.00014501421537715942 old loss 0.00014569213089998811 BETTER
I0327 21:28:32.998527 2041890 finetune.py:45] layer 4_down initial loss 0.00012794797657988966
I0327 21:28:35.490637 2042100 finetune.py:68] layer 7_gate @ epoch 1 new loss 0.00016940754721872509 old loss 0.0001702792214928195 BETTER
I0327 21:28:45.308858 2042030 finetune.py:68] layer 6_gate @ epoch 3 new loss 0.0001443797373212874 old loss 0.00014501421537715942 BETTER
I0327 21:28:55.804788 2041960 finetune.py:45] layer 5_down initial loss 0.00017840640794020146
I0327 21:29:00.752863 2041890 finetune.py:68] layer 4_down @ epoch 0 new loss 0.00012790760956704617 old loss 0.00012794797657988966 BETTER
I0327 21:29:04.731338 2042100 finetune.py:68] layer 7_gate @ epoch 2 new loss 0.0001686326286289841 old loss 0.00016940754721872509 BETTER
I0327 21:29:15.379459 2042030 finetune.py:68] layer 6_gate @ epoch 4 new loss 0.00014378568448591977 old loss 0.0001443797373212874 BETTER
I0327 21:29:22.081006 2041960 finetune.py:68] layer 5_down @ epoch 0 new loss 0.00017836474580690265 old loss 0.00017840640794020146 BETTER
I0327 21:29:29.205806 2041890 finetune.py:68] layer 4_down @ epoch 1 new loss 0.00012787281593773514 old loss 0.00012790760956704617 BETTER
I0327 21:29:34.075200 2042100 finetune.py:68] layer 7_gate @ epoch 3 new loss 0.00016790626978036016 old loss 0.0001686326286289841 BETTER
I0327 21:29:49.355538 2041960 finetune.py:68] layer 5_down @ epoch 1 new loss 0.00017832944286055863 old loss 0.00017836474580690265 BETTER
I0327 21:29:57.916417 2041890 finetune.py:68] layer 4_down @ epoch 2 new loss 0.00012784329010173678 old loss 0.00012787281593773514 BETTER
I0327 21:30:03.442790 2042100 finetune.py:68] layer 7_gate @ epoch 4 new loss 0.00016723033331800252 old loss 0.00016790626978036016 BETTER
I0327 21:30:12.145308 2042030 finetune.py:45] layer 6_down initial loss 0.0002234544517705217
I0327 21:30:16.967218 2041960 finetune.py:68] layer 5_down @ epoch 2 new loss 0.0001782972103683278 old loss 0.00017832944286055863 BETTER
I0327 21:30:26.872637 2041890 finetune.py:68] layer 4_down @ epoch 3 new loss 0.00012781692203134298 old loss 0.00012784329010173678 BETTER
I0327 21:30:38.592386 2042030 finetune.py:68] layer 6_down @ epoch 0 new loss 0.00022341875592246652 old loss 0.0002234544517705217 BETTER
I0327 21:30:44.517254 2041960 finetune.py:68] layer 5_down @ epoch 3 new loss 0.00017826931434683502 old loss 0.0001782972103683278 BETTER
I0327 21:30:56.290333 2041890 finetune.py:68] layer 4_down @ epoch 4 new loss 0.00012779393000528216 old loss 0.00012781692203134298 BETTER
4_v proxy err 0.06267482042312622 tr(WHW.T) 285.30712890625
bpp_loss 1.8879948928952217
4_q proxy err 0.0016914955340325832 tr(WHW.T) 50134.4921875
bpp_loss 2.7025544260104652
4_k proxy err 0.0008333819569088519 tr(WHW.T) 29267.79296875
bpp_loss 3.500669501721859
4_o proxy err 0.05017551779747009 tr(WHW.T) 1306.5306396484375
bpp_loss 1.9595321930246428
4_up proxy err 0.0555829256772995 tr(WHW.T) 7373.642578125
bpp_loss 2.06408840856914
4_gate proxy err 0.015270276926457882 tr(WHW.T) 28899.58203125
bpp_loss 2.388936373637989
4_down proxy err 0.06302351504564285 tr(WHW.T) 6491.5634765625
bpp_loss 2.06526855750209
I0327 21:31:00.005263 2042100 finetune.py:45] layer 7_down initial loss 0.00025407870998606086
I0327 21:31:07.276528 2042030 finetune.py:68] layer 6_down @ epoch 1 new loss 0.00022338720737025142 old loss 0.00022341875592246652 BETTER
I0327 21:31:12.922999 2041960 finetune.py:68] layer 5_down @ epoch 4 new loss 0.00017824381939135492 old loss 0.00017826931434683502 BETTER
5_v proxy err 0.08659811317920685 tr(WHW.T) 208.81988525390625
bpp_loss 1.7756945817673113
5_q proxy err 0.00243663159199059 tr(WHW.T) 36019.90234375
bpp_loss 2.6788291590637527
5_k proxy err 0.0010983007960021496 tr(WHW.T) 22978.275390625
bpp_loss 3.4726305207586847
5_o proxy err 0.05363239347934723 tr(WHW.T) 1069.2933349609375
bpp_loss 1.9135236449074
5_up proxy err 0.053551990538835526 tr(WHW.T) 7648.6318359375
bpp_loss 2.068491459691099
5_gate proxy err 0.014622959308326244 tr(WHW.T) 30133.8125
bpp_loss 2.3909454345037893
5_down proxy err 0.060823358595371246 tr(WHW.T) 6507.87939453125
bpp_loss 2.0700928194731074
I0327 21:31:26.672284 2042100 finetune.py:68] layer 7_down @ epoch 0 new loss 0.0002540399436838925 old loss 0.00025407870998606086 BETTER
I0327 21:31:35.012830 2042030 finetune.py:68] layer 6_down @ epoch 2 new loss 0.00022335900575853884 old loss 0.00022338720737025142 BETTER
I0327 21:31:53.686758 2042100 finetune.py:68] layer 7_down @ epoch 1 new loss 0.00025400397134944797 old loss 0.0002540399436838925 BETTER
I0327 21:32:02.837218 2042030 finetune.py:68] layer 6_down @ epoch 3 new loss 0.0002233320992672816 old loss 0.00022335900575853884 BETTER
I0327 21:32:20.820516 2042100 finetune.py:68] layer 7_down @ epoch 2 new loss 0.00025397184072062373 old loss 0.00025400397134944797 BETTER
I0327 21:32:23.742704 2041475 quantize_finetune_llama.py:240] computed original embedding for layer 8 in 66.14191508293152s
I0327 21:32:27.661710 2042170 utils.py:146] Note: detected 128 virtual cores but NumExpr set to maximum of 64, check "NUMEXPR_MAX_THREADS" environment variable.
I0327 21:32:27.661817 2042170 utils.py:149] Note: NumExpr detected 128 cores but "NUMEXPR_MAX_THREADS" not set, so enforcing safe limit of 16.
I0327 21:32:27.661861 2042170 utils.py:162] NumExpr defaulting to 16 threads.
I0327 21:32:28.053394 2042170 config.py:54] PyTorch version 2.6.0 available.
W0327 21:32:28.279494 2042170 warnings.py:109] /opt/conda/lib/python3.10/site-packages/torchvision/io/image.py:13: UserWarning: Failed to load image Python extension: '/opt/conda/lib/python3.10/site-packages/torchvision/image.so: undefined symbol: _ZN3c1017RegisterOperatorsD1Ev'If you don't plan on using image functionality from `torchvision.io`, you can ignore this warning. Otherwise, there might be something wrong with your environment. Did you have `libjpeg` or `libpng` installed before building `torchvision` from source?
  warn(

W0327 21:32:28.905025 2042170 warnings.py:109] /opt/conda/lib/python3.10/site-packages/compressai/models/video/google.py:353: FutureWarning: `torch.cuda.amp.autocast(args...)` is deprecated. Please use `torch.amp.autocast('cuda', args...)` instead.
  @amp.autocast(enabled=False)

I0327 21:32:28.909078 2041475 quantize_finetune_llama.py:209] layer 9 gpu 1
I0327 21:32:28.924804 2042170 data_utils.py:336] using 256 training seqs, 128 validation seqs
I0327 21:32:30.751276 2042030 finetune.py:68] layer 6_down @ epoch 4 new loss 0.00022330843785312027 old loss 0.0002233320992672816 BETTER
6_v proxy err 0.07379081100225449 tr(WHW.T) 253.63377380371094
bpp_loss 1.821423571149353
6_q proxy err 0.002548698103055358 tr(WHW.T) 35682.15234375
bpp_loss 2.722395781369414
6_k proxy err 0.0009991596452891827 tr(WHW.T) 26130.9296875
bpp_loss 3.5410192033741623
6_o proxy err 0.06239347532391548 tr(WHW.T) 1021.3829345703125
bpp_loss 1.9403716095548589
6_up proxy err 0.05048578232526779 tr(WHW.T) 7912.38720703125
bpp_loss 2.067824569530785
6_gate proxy err 0.012126008048653603 tr(WHW.T) 35465.69921875
bpp_loss 2.3952367108847414
6_down proxy err 0.0584515817463398 tr(WHW.T) 6572.22900390625
bpp_loss 2.071256792771497
The attention layers in this model are transitioning from computing the RoPE embeddings internally through `position_ids` (2D tensor with the indexes of the tokens), to using externally computed `position_embeddings` (Tuple of tensors, containing cos and sin). In v4.46 `position_ids` will be removed and `position_embeddings` will be mandatory.
I0327 21:32:45.634370 2042170 finetune.py:45] layer 8_v initial loss 5.484597204485908e-05
W0327 21:32:45.634563 2042170 warnings.py:109] /workspace/Weight_compression/comp_lm_qtip/lib/algo/finetune.py:46: FutureWarning: `torch.cuda.amp.GradScaler(args...)` is deprecated. Please use `torch.amp.GradScaler('cuda', args...)` instead.
  scaler = torch.cuda.amp.GradScaler(enabled=(orig_dtype==torch.float16))

I0327 21:32:48.051597 2042100 finetune.py:68] layer 7_down @ epoch 3 new loss 0.00025394235854037106 old loss 0.00025397184072062373 BETTER
I0327 21:33:15.507094 2042100 finetune.py:68] layer 7_down @ epoch 4 new loss 0.0002539156994316727 old loss 0.00025394235854037106 BETTER
7_v proxy err 0.061189260333776474 tr(WHW.T) 309.4270935058594
bpp_loss 1.8197095473587979
7_q proxy err 0.002593749901279807 tr(WHW.T) 35170.703125
bpp_loss 2.6539946015691385
7_k proxy err 0.0009939299197867513 tr(WHW.T) 26802.923828125
bpp_loss 3.5614957193029113
7_o proxy err 0.05458175390958786 tr(WHW.T) 975.4956665039062
bpp_loss 1.9515928706969135
7_up proxy err 0.04582182317972183 tr(WHW.T) 8610.955078125
bpp_loss 2.0803479266885136
7_gate proxy err 0.012121735140681267 tr(WHW.T) 34726.30078125
bpp_loss 2.367808608471283
7_down proxy err 0.05864362791180611 tr(WHW.T) 6603.16748046875
bpp_loss 2.0844870521520664
I0327 21:33:20.940784 2042170 finetune.py:68] layer 8_v @ epoch 0 new loss 3.781072882702574e-05 old loss 5.484597204485908e-05 BETTER
I0327 21:33:37.559484 2041475 quantize_finetune_llama.py:240] computed original embedding for layer 9 in 62.560909271240234s
I0327 21:33:41.093151 2042240 utils.py:146] Note: detected 128 virtual cores but NumExpr set to maximum of 64, check "NUMEXPR_MAX_THREADS" environment variable.
I0327 21:33:41.093248 2042240 utils.py:149] Note: NumExpr detected 128 cores but "NUMEXPR_MAX_THREADS" not set, so enforcing safe limit of 16.
I0327 21:33:41.093286 2042240 utils.py:162] NumExpr defaulting to 16 threads.
I0327 21:33:41.422838 2042240 config.py:54] PyTorch version 2.6.0 available.
W0327 21:33:41.609811 2042240 warnings.py:109] /opt/conda/lib/python3.10/site-packages/torchvision/io/image.py:13: UserWarning: Failed to load image Python extension: '/opt/conda/lib/python3.10/site-packages/torchvision/image.so: undefined symbol: _ZN3c1017RegisterOperatorsD1Ev'If you don't plan on using image functionality from `torchvision.io`, you can ignore this warning. Otherwise, there might be something wrong with your environment. Did you have `libjpeg` or `libpng` installed before building `torchvision` from source?
  warn(

W0327 21:33:42.175331 2042240 warnings.py:109] /opt/conda/lib/python3.10/site-packages/compressai/models/video/google.py:353: FutureWarning: `torch.cuda.amp.autocast(args...)` is deprecated. Please use `torch.amp.autocast('cuda', args...)` instead.
  @amp.autocast(enabled=False)

I0327 21:33:42.179726 2041475 quantize_finetune_llama.py:209] layer 10 gpu 2
I0327 21:33:42.193027 2042240 data_utils.py:336] using 256 training seqs, 128 validation seqs
The attention layers in this model are transitioning from computing the RoPE embeddings internally through `position_ids` (2D tensor with the indexes of the tokens), to using externally computed `position_embeddings` (Tuple of tensors, containing cos and sin). In v4.46 `position_ids` will be removed and `position_embeddings` will be mandatory.
I0327 21:33:57.718160 2042170 finetune.py:68] layer 8_v @ epoch 1 new loss 3.578936230042018e-05 old loss 3.781072882702574e-05 BETTER
I0327 21:33:58.637891 2042240 finetune.py:45] layer 9_v initial loss 5.938355025136843e-05
W0327 21:33:58.638110 2042240 warnings.py:109] /workspace/Weight_compression/comp_lm_qtip/lib/algo/finetune.py:46: FutureWarning: `torch.cuda.amp.GradScaler(args...)` is deprecated. Please use `torch.amp.GradScaler('cuda', args...)` instead.
  scaler = torch.cuda.amp.GradScaler(enabled=(orig_dtype==torch.float16))

I0327 21:34:32.002264 2042240 finetune.py:68] layer 9_v @ epoch 0 new loss 3.873442983604036e-05 old loss 5.938355025136843e-05 BETTER
I0327 21:34:35.009460 2042170 finetune.py:68] layer 8_v @ epoch 2 new loss 3.4758366382448e-05 old loss 3.578936230042018e-05 BETTER
I0327 21:34:45.638309 2041475 quantize_finetune_llama.py:240] computed original embedding for layer 10 in 62.986833572387695s
I0327 21:34:49.475691 2042310 utils.py:146] Note: detected 128 virtual cores but NumExpr set to maximum of 64, check "NUMEXPR_MAX_THREADS" environment variable.
I0327 21:34:49.475791 2042310 utils.py:149] Note: NumExpr detected 128 cores but "NUMEXPR_MAX_THREADS" not set, so enforcing safe limit of 16.
I0327 21:34:49.475844 2042310 utils.py:162] NumExpr defaulting to 16 threads.
I0327 21:34:49.851375 2042310 config.py:54] PyTorch version 2.6.0 available.
W0327 21:34:50.040294 2042310 warnings.py:109] /opt/conda/lib/python3.10/site-packages/torchvision/io/image.py:13: UserWarning: Failed to load image Python extension: '/opt/conda/lib/python3.10/site-packages/torchvision/image.so: undefined symbol: _ZN3c1017RegisterOperatorsD1Ev'If you don't plan on using image functionality from `torchvision.io`, you can ignore this warning. Otherwise, there might be something wrong with your environment. Did you have `libjpeg` or `libpng` installed before building `torchvision` from source?
  warn(

W0327 21:34:50.640098 2042310 warnings.py:109] /opt/conda/lib/python3.10/site-packages/compressai/models/video/google.py:353: FutureWarning: `torch.cuda.amp.autocast(args...)` is deprecated. Please use `torch.amp.autocast('cuda', args...)` instead.
  @amp.autocast(enabled=False)

I0327 21:34:50.643938 2041475 quantize_finetune_llama.py:209] layer 11 gpu 3
I0327 21:34:50.657617 2042310 data_utils.py:336] using 256 training seqs, 128 validation seqs
The attention layers in this model are transitioning from computing the RoPE embeddings internally through `position_ids` (2D tensor with the indexes of the tokens), to using externally computed `position_embeddings` (Tuple of tensors, containing cos and sin). In v4.46 `position_ids` will be removed and `position_embeddings` will be mandatory.
I0327 21:35:06.917865 2042240 finetune.py:68] layer 9_v @ epoch 1 new loss 3.6425939470063895e-05 old loss 3.873442983604036e-05 BETTER
I0327 21:35:07.406744 2042310 finetune.py:45] layer 10_v initial loss 7.10634994902648e-05
W0327 21:35:07.406973 2042310 warnings.py:109] /workspace/Weight_compression/comp_lm_qtip/lib/algo/finetune.py:46: FutureWarning: `torch.cuda.amp.GradScaler(args...)` is deprecated. Please use `torch.amp.GradScaler('cuda', args...)` instead.
  scaler = torch.cuda.amp.GradScaler(enabled=(orig_dtype==torch.float16))

I0327 21:35:12.106792 2042170 finetune.py:68] layer 8_v @ epoch 3 new loss 3.40448459610343e-05 old loss 3.4758366382448e-05 BETTER
I0327 21:35:40.973047 2042310 finetune.py:68] layer 10_v @ epoch 0 new loss 5.120339847053401e-05 old loss 7.10634994902648e-05 BETTER
I0327 21:35:41.697129 2042240 finetune.py:68] layer 9_v @ epoch 2 new loss 3.527384251356125e-05 old loss 3.6425939470063895e-05 BETTER
I0327 21:35:49.300072 2042170 finetune.py:68] layer 8_v @ epoch 4 new loss 3.3499170967843384e-05 old loss 3.40448459610343e-05 BETTER
I0327 21:35:54.248644 2041475 quantize_finetune_llama.py:240] computed original embedding for layer 11 in 63.10915517807007s
I0327 21:35:57.977215 2042380 utils.py:146] Note: detected 128 virtual cores but NumExpr set to maximum of 64, check "NUMEXPR_MAX_THREADS" environment variable.
I0327 21:35:57.977323 2042380 utils.py:149] Note: NumExpr detected 128 cores but "NUMEXPR_MAX_THREADS" not set, so enforcing safe limit of 16.
I0327 21:35:57.977369 2042380 utils.py:162] NumExpr defaulting to 16 threads.
I0327 21:35:58.318795 2042380 config.py:54] PyTorch version 2.6.0 available.
W0327 21:35:58.528431 2042380 warnings.py:109] /opt/conda/lib/python3.10/site-packages/torchvision/io/image.py:13: UserWarning: Failed to load image Python extension: '/opt/conda/lib/python3.10/site-packages/torchvision/image.so: undefined symbol: _ZN3c1017RegisterOperatorsD1Ev'If you don't plan on using image functionality from `torchvision.io`, you can ignore this warning. Otherwise, there might be something wrong with your environment. Did you have `libjpeg` or `libpng` installed before building `torchvision` from source?
  warn(

W0327 21:35:59.133900 2042380 warnings.py:109] /opt/conda/lib/python3.10/site-packages/compressai/models/video/google.py:353: FutureWarning: `torch.cuda.amp.autocast(args...)` is deprecated. Please use `torch.amp.autocast('cuda', args...)` instead.
  @amp.autocast(enabled=False)

I0327 21:35:59.138109 2041475 quantize_finetune_llama.py:209] layer 12 gpu 0
I0327 21:35:59.157526 2042380 data_utils.py:336] using 256 training seqs, 128 validation seqs
I0327 21:36:08.224977 2042170 finetune.py:45] layer 8_q initial loss 4.146681749261916e-05
The attention layers in this model are transitioning from computing the RoPE embeddings internally through `position_ids` (2D tensor with the indexes of the tokens), to using externally computed `position_embeddings` (Tuple of tensors, containing cos and sin). In v4.46 `position_ids` will be removed and `position_embeddings` will be mandatory.
I0327 21:36:15.799772 2042310 finetune.py:68] layer 10_v @ epoch 1 new loss 4.868639007327147e-05 old loss 5.120339847053401e-05 BETTER
I0327 21:36:16.325040 2042380 finetune.py:45] layer 11_v initial loss 6.296160427154973e-05
W0327 21:36:16.325443 2042380 warnings.py:109] /workspace/Weight_compression/comp_lm_qtip/lib/algo/finetune.py:46: FutureWarning: `torch.cuda.amp.GradScaler(args...)` is deprecated. Please use `torch.amp.GradScaler('cuda', args...)` instead.
  scaler = torch.cuda.amp.GradScaler(enabled=(orig_dtype==torch.float16))

I0327 21:36:16.616423 2042240 finetune.py:68] layer 9_v @ epoch 3 new loss 3.4508109820308164e-05 old loss 3.527384251356125e-05 BETTER
I0327 21:36:43.465295 2042170 finetune.py:68] layer 8_q @ epoch 0 new loss 4.034757148474455e-05 old loss 4.146681749261916e-05 BETTER
I0327 21:36:49.469018 2042380 finetune.py:68] layer 11_v @ epoch 0 new loss 4.6160173951648176e-05 old loss 6.296160427154973e-05 BETTER
I0327 21:36:51.068839 2042310 finetune.py:68] layer 10_v @ epoch 2 new loss 4.7328416258096695e-05 old loss 4.868639007327147e-05 BETTER
I0327 21:36:51.780964 2042240 finetune.py:68] layer 9_v @ epoch 4 new loss 3.393537917872891e-05 old loss 3.4508109820308164e-05 BETTER
I0327 21:37:10.812648 2042240 finetune.py:45] layer 9_q initial loss 4.2627194488886744e-05
I0327 21:37:20.122911 2042170 finetune.py:68] layer 8_q @ epoch 1 new loss 3.9772450691089034e-05 old loss 4.034757148474455e-05 BETTER
I0327 21:37:23.821202 2042380 finetune.py:68] layer 11_v @ epoch 1 new loss 4.377801815280691e-05 old loss 4.6160173951648176e-05 BETTER
I0327 21:37:26.299342 2042310 finetune.py:68] layer 10_v @ epoch 3 new loss 4.636708035832271e-05 old loss 4.7328416258096695e-05 BETTER
I0327 21:37:44.370699 2042240 finetune.py:68] layer 9_q @ epoch 0 new loss 4.161234028288163e-05 old loss 4.2627194488886744e-05 BETTER
I0327 21:37:56.896894 2042170 finetune.py:68] layer 8_q @ epoch 2 new loss 3.9309714338742197e-05 old loss 3.9772450691089034e-05 BETTER
I0327 21:37:58.314840 2042380 finetune.py:68] layer 11_v @ epoch 2 new loss 4.249714038451202e-05 old loss 4.377801815280691e-05 BETTER
I0327 21:38:01.501879 2042310 finetune.py:68] layer 10_v @ epoch 4 new loss 4.5612920075654984e-05 old loss 4.636708035832271e-05 BETTER
I0327 21:38:18.738197 2042240 finetune.py:68] layer 9_q @ epoch 1 new loss 4.101721060578711e-05 old loss 4.161234028288163e-05 BETTER
I0327 21:38:21.077260 2042310 finetune.py:45] layer 10_q initial loss 5.567876360146329e-05
I0327 21:38:32.986457 2042380 finetune.py:68] layer 11_v @ epoch 3 new loss 4.1614999645389616e-05 old loss 4.249714038451202e-05 BETTER
I0327 21:38:33.907637 2042170 finetune.py:68] layer 8_q @ epoch 3 new loss 3.8897305785212666e-05 old loss 3.9309714338742197e-05 BETTER
I0327 21:38:53.389624 2042240 finetune.py:68] layer 9_q @ epoch 2 new loss 4.053130396641791e-05 old loss 4.101721060578711e-05 BETTER
I0327 21:38:54.785391 2042310 finetune.py:68] layer 10_q @ epoch 0 new loss 5.4215190175455064e-05 old loss 5.567876360146329e-05 BETTER
I0327 21:39:07.831200 2042380 finetune.py:68] layer 11_v @ epoch 4 new loss 4.091674418305047e-05 old loss 4.1614999645389616e-05 BETTER
I0327 21:39:10.874429 2042170 finetune.py:68] layer 8_q @ epoch 4 new loss 3.85548519261647e-05 old loss 3.8897305785212666e-05 BETTER
I0327 21:39:27.039252 2042380 finetune.py:45] layer 11_q initial loss 5.272596899885684e-05
I0327 21:39:28.230137 2042240 finetune.py:68] layer 9_q @ epoch 3 new loss 4.011965575045906e-05 old loss 4.053130396641791e-05 BETTER
I0327 21:39:28.264771 2042170 finetune.py:45] layer 8_k initial loss 4.08765918109566e-05
I0327 21:39:29.810411 2042310 finetune.py:68] layer 10_q @ epoch 1 new loss 5.3438790928339586e-05 old loss 5.4215190175455064e-05 BETTER
I0327 21:40:00.239984 2042380 finetune.py:68] layer 11_q @ epoch 0 new loss 5.135643368703313e-05 old loss 5.272596899885684e-05 BETTER
I0327 21:40:03.072214 2042240 finetune.py:68] layer 9_q @ epoch 4 new loss 3.976584048359655e-05 old loss 4.011965575045906e-05 BETTER
I0327 21:40:04.027262 2042170 finetune.py:68] layer 8_k @ epoch 0 new loss 4.018254185211845e-05 old loss 4.08765918109566e-05 BETTER
I0327 21:40:04.725276 2042310 finetune.py:68] layer 10_q @ epoch 2 new loss 5.2794894145336e-05 old loss 5.3438790928339586e-05 BETTER
I0327 21:40:20.972819 2042240 finetune.py:45] layer 9_k initial loss 4.2448089516256005e-05
I0327 21:40:34.509522 2042380 finetune.py:68] layer 11_q @ epoch 1 new loss 5.063010394223966e-05 old loss 5.135643368703313e-05 BETTER
I0327 21:40:39.564330 2042310 finetune.py:68] layer 10_q @ epoch 3 new loss 5.224515916779637e-05 old loss 5.2794894145336e-05 BETTER
I0327 21:40:40.866070 2042170 finetune.py:68] layer 8_k @ epoch 1 new loss 3.9880313124740496e-05 old loss 4.018254185211845e-05 BETTER
I0327 21:40:54.415202 2042240 finetune.py:68] layer 9_k @ epoch 0 new loss 4.1804025386227295e-05 old loss 4.2448089516256005e-05 BETTER
I0327 21:41:08.832226 2042380 finetune.py:68] layer 11_q @ epoch 2 new loss 5.002109537599608e-05 old loss 5.063010394223966e-05 BETTER
I0327 21:41:14.572965 2042310 finetune.py:68] layer 10_q @ epoch 4 new loss 5.1761460781563073e-05 old loss 5.224515916779637e-05 BETTER
I0327 21:41:17.834706 2042170 finetune.py:68] layer 8_k @ epoch 2 new loss 3.962375194532797e-05 old loss 3.9880313124740496e-05 BETTER
I0327 21:41:29.035652 2042240 finetune.py:68] layer 9_k @ epoch 1 new loss 4.1482257074676454e-05 old loss 4.1804025386227295e-05 BETTER
I0327 21:41:32.676476 2042310 finetune.py:45] layer 10_k initial loss 5.4252741392701864e-05
I0327 21:41:43.155066 2042380 finetune.py:68] layer 11_q @ epoch 3 new loss 4.9508023948874325e-05 old loss 5.002109537599608e-05 BETTER
I0327 21:41:54.592906 2042170 finetune.py:68] layer 8_k @ epoch 3 new loss 3.938965892302804e-05 old loss 3.962375194532797e-05 BETTER
I0327 21:42:03.627475 2042240 finetune.py:68] layer 9_k @ epoch 2 new loss 4.120578523725271e-05 old loss 4.1482257074676454e-05 BETTER
I0327 21:42:06.328974 2042310 finetune.py:68] layer 10_k @ epoch 0 new loss 5.358416819944978e-05 old loss 5.4252741392701864e-05 BETTER
I0327 21:42:17.397334 2042380 finetune.py:68] layer 11_q @ epoch 4 new loss 4.905820242129266e-05 old loss 4.9508023948874325e-05 BETTER
I0327 21:42:31.581408 2042170 finetune.py:68] layer 8_k @ epoch 4 new loss 3.91793146263808e-05 old loss 3.938965892302804e-05 BETTER
I0327 21:42:35.260027 2042380 finetune.py:45] layer 11_k initial loss 5.164465255802497e-05
I0327 21:42:38.339581 2042240 finetune.py:68] layer 9_k @ epoch 3 new loss 4.096085831406526e-05 old loss 4.120578523725271e-05 BETTER
I0327 21:42:40.815312 2042310 finetune.py:68] layer 10_k @ epoch 1 new loss 5.319601405062713e-05 old loss 5.358416819944978e-05 BETTER
I0327 21:42:51.033416 2042170 finetune.py:45] layer 8_o initial loss 9.064680489245802e-05
I0327 21:43:08.416984 2042380 finetune.py:68] layer 11_k @ epoch 0 new loss 5.101535134599544e-05 old loss 5.164465255802497e-05 BETTER
I0327 21:43:13.046391 2042240 finetune.py:68] layer 9_k @ epoch 4 new loss 4.073034506291151e-05 old loss 4.096085831406526e-05 BETTER
I0327 21:43:15.550959 2042310 finetune.py:68] layer 10_k @ epoch 2 new loss 5.283346035866998e-05 old loss 5.319601405062713e-05 BETTER
I0327 21:43:25.851242 2042170 finetune.py:68] layer 8_o @ epoch 0 new loss 8.719395555090159e-05 old loss 9.064680489245802e-05 BETTER
I0327 21:43:32.418755 2042240 finetune.py:45] layer 9_o initial loss 9.487148781772703e-05
I0327 21:43:42.368942 2042380 finetune.py:68] layer 11_k @ epoch 1 new loss 5.062107084086165e-05 old loss 5.101535134599544e-05 BETTER
I0327 21:43:50.193537 2042310 finetune.py:68] layer 10_k @ epoch 3 new loss 5.251293259789236e-05 old loss 5.283346035866998e-05 BETTER
I0327 21:44:02.091519 2042170 finetune.py:68] layer 8_o @ epoch 1 new loss 8.59224091982469e-05 old loss 8.719395555090159e-05 BETTER
I0327 21:44:05.205448 2042240 finetune.py:68] layer 9_o @ epoch 0 new loss 9.118732123170048e-05 old loss 9.487148781772703e-05 BETTER
I0327 21:44:16.700429 2042380 finetune.py:68] layer 11_k @ epoch 2 new loss 5.0291739171370864e-05 old loss 5.062107084086165e-05 BETTER
I0327 21:44:25.044887 2042310 finetune.py:68] layer 10_k @ epoch 4 new loss 5.2229795983294025e-05 old loss 5.251293259789236e-05 BETTER
I0327 21:44:38.115916 2042170 finetune.py:68] layer 8_o @ epoch 2 new loss 8.500435069436207e-05 old loss 8.59224091982469e-05 BETTER
I0327 21:44:39.109412 2042240 finetune.py:68] layer 9_o @ epoch 1 new loss 8.976934623206034e-05 old loss 9.118732123170048e-05 BETTER
I0327 21:44:44.343286 2042310 finetune.py:45] layer 10_o initial loss 0.0001156323342001997
I0327 21:44:50.671335 2042380 finetune.py:68] layer 11_k @ epoch 3 new loss 4.9973081331700087e-05 old loss 5.0291739171370864e-05 BETTER
I0327 21:45:12.863362 2042240 finetune.py:68] layer 9_o @ epoch 2 new loss 8.871439058566466e-05 old loss 8.976934623206034e-05 BETTER
I0327 21:45:14.195647 2042170 finetune.py:68] layer 8_o @ epoch 3 new loss 8.425270061707124e-05 old loss 8.500435069436207e-05 BETTER
I0327 21:45:17.390778 2042310 finetune.py:68] layer 10_o @ epoch 0 new loss 0.00011096898379037157 old loss 0.0001156323342001997 BETTER
I0327 21:45:24.777818 2042380 finetune.py:68] layer 11_k @ epoch 4 new loss 4.969389192410745e-05 old loss 4.9973081331700087e-05 BETTER
I0327 21:45:43.923546 2042380 finetune.py:45] layer 11_o initial loss 0.00011709290993167087
I0327 21:45:46.934194 2042240 finetune.py:68] layer 9_o @ epoch 3 new loss 8.786458056420088e-05 old loss 8.871439058566466e-05 BETTER
I0327 21:45:50.386030 2042170 finetune.py:68] layer 8_o @ epoch 4 new loss 8.360434003407136e-05 old loss 8.425270061707124e-05 BETTER
I0327 21:45:51.336092 2042310 finetune.py:68] layer 10_o @ epoch 1 new loss 0.00010913334699580446 old loss 0.00011096898379037157 BETTER
I0327 21:46:16.277756 2042380 finetune.py:68] layer 11_o @ epoch 0 new loss 0.00011230249947402626 old loss 0.00011709290993167087 BETTER
I0327 21:46:21.078031 2042240 finetune.py:68] layer 9_o @ epoch 4 new loss 8.712822454981506e-05 old loss 8.786458056420088e-05 BETTER
I0327 21:46:21.330941 2042170 finetune.py:45] layer 8_up initial loss 0.0001688778429524973
I0327 21:46:25.745611 2042310 finetune.py:68] layer 10_o @ epoch 2 new loss 0.0001077962078852579 old loss 0.00010913334699580446 BETTER
I0327 21:46:49.885481 2042380 finetune.py:68] layer 11_o @ epoch 1 new loss 0.00011048695159843192 old loss 0.00011230249947402626 BETTER
I0327 21:46:51.970310 2042240 finetune.py:45] layer 9_up initial loss 0.00018039517453871667
I0327 21:46:53.813690 2042170 finetune.py:68] layer 8_up @ epoch 0 new loss 0.00016680543194524944 old loss 0.0001688778429524973 BETTER
I0327 21:46:59.990044 2042310 finetune.py:68] layer 10_o @ epoch 3 new loss 0.00010669539187802002 old loss 0.0001077962078852579 BETTER
I0327 21:47:22.705894 2042240 finetune.py:68] layer 9_up @ epoch 0 new loss 0.00017800825298763812 old loss 0.00018039517453871667 BETTER
I0327 21:47:23.506253 2042380 finetune.py:68] layer 11_o @ epoch 2 new loss 0.00010913416190305725 old loss 0.00011048695159843192 BETTER
I0327 21:47:27.267758 2042170 finetune.py:68] layer 8_up @ epoch 1 new loss 0.00016542599769309163 old loss 0.00016680543194524944 BETTER
I0327 21:47:34.226688 2042310 finetune.py:68] layer 10_o @ epoch 4 new loss 0.00010574707266641781 old loss 0.00010669539187802002 BETTER
I0327 21:47:54.924320 2042240 finetune.py:68] layer 9_up @ epoch 1 new loss 0.00017644427134655416 old loss 0.00017800825298763812 BETTER
I0327 21:47:57.131519 2042380 finetune.py:68] layer 11_o @ epoch 3 new loss 0.00010802518954733387 old loss 0.00010913416190305725 BETTER
I0327 21:48:01.071686 2042170 finetune.py:68] layer 8_up @ epoch 2 new loss 0.00016422249609604478 old loss 0.00016542599769309163 BETTER
I0327 21:48:05.693145 2042310 finetune.py:45] layer 10_up initial loss 0.00020139844855293632
I0327 21:48:27.092447 2042240 finetune.py:68] layer 9_up @ epoch 2 new loss 0.0001750826631905511 old loss 0.00017644427134655416 BETTER
I0327 21:48:30.677098 2042380 finetune.py:68] layer 11_o @ epoch 4 new loss 0.00010707635374274105 old loss 0.00010802518954733387 BETTER
I0327 21:48:35.046518 2042170 finetune.py:68] layer 8_up @ epoch 3 new loss 0.000163133125170134 old loss 0.00016422249609604478 BETTER
I0327 21:48:36.791977 2042310 finetune.py:68] layer 10_up @ epoch 0 new loss 0.00019886407244484872 old loss 0.00020139844855293632 BETTER
I0327 21:48:59.322529 2042240 finetune.py:68] layer 9_up @ epoch 3 new loss 0.00017384208331350237 old loss 0.0001750826631905511 BETTER
I0327 21:49:01.685676 2042380 finetune.py:45] layer 11_up initial loss 0.000208323443075642
I0327 21:49:08.905004 2042310 finetune.py:68] layer 10_up @ epoch 1 new loss 0.00019716302631422877 old loss 0.00019886407244484872 BETTER
I0327 21:49:09.020055 2042170 finetune.py:68] layer 8_up @ epoch 4 new loss 0.000162110838573426 old loss 0.000163133125170134 BETTER
I0327 21:49:31.607410 2042240 finetune.py:68] layer 9_up @ epoch 4 new loss 0.00017270317766815424 old loss 0.00017384208331350237 BETTER
I0327 21:49:31.976649 2042380 finetune.py:68] layer 11_up @ epoch 0 new loss 0.00020567777391988784 old loss 0.000208323443075642 BETTER
I0327 21:49:39.703745 2042170 finetune.py:45] layer 8_gate initial loss 0.00019402186444494873
I0327 21:49:41.188239 2042310 finetune.py:68] layer 10_up @ epoch 2 new loss 0.0001956888590939343 old loss 0.00019716302631422877 BETTER
I0327 21:50:02.629270 2042240 finetune.py:45] layer 9_gate initial loss 0.00020717635925393552
I0327 21:50:03.232279 2042380 finetune.py:68] layer 11_up @ epoch 1 new loss 0.00020384023082442582 old loss 0.00020567777391988784 BETTER
I0327 21:50:10.063327 2042170 finetune.py:68] layer 8_gate @ epoch 0 new loss 0.00019276952662039548 old loss 0.00019402186444494873 BETTER
I0327 21:50:13.427703 2042310 finetune.py:68] layer 10_up @ epoch 3 new loss 0.00019432742556091398 old loss 0.0001956888590939343 BETTER
I0327 21:50:31.345007 2042240 finetune.py:68] layer 9_gate @ epoch 0 new loss 0.0002057226956821978 old loss 0.00020717635925393552 BETTER
I0327 21:50:34.577918 2042380 finetune.py:68] layer 11_up @ epoch 2 new loss 0.00020222776220180094 old loss 0.00020384023082442582 BETTER
I0327 21:50:41.303463 2042170 finetune.py:68] layer 8_gate @ epoch 1 new loss 0.00019177688227500767 old loss 0.00019276952662039548 BETTER
I0327 21:50:45.605542 2042310 finetune.py:68] layer 10_up @ epoch 4 new loss 0.00019307811453472823 old loss 0.00019432742556091398 BETTER
I0327 21:51:00.939897 2042240 finetune.py:68] layer 9_gate @ epoch 1 new loss 0.00020463537657633424 old loss 0.0002057226956821978 BETTER
I0327 21:51:06.016684 2042380 finetune.py:68] layer 11_up @ epoch 3 new loss 0.00020074614440090954 old loss 0.00020222776220180094 BETTER
I0327 21:51:12.737964 2042170 finetune.py:68] layer 8_gate @ epoch 2 new loss 0.00019088343833573163 old loss 0.00019177688227500767 BETTER
I0327 21:51:16.832499 2042310 finetune.py:45] layer 10_gate initial loss 0.0002306632522959262
I0327 21:51:30.564719 2042240 finetune.py:68] layer 9_gate @ epoch 2 new loss 0.00020364546799100935 old loss 0.00020463537657633424 BETTER
I0327 21:51:37.440332 2042380 finetune.py:68] layer 11_up @ epoch 4 new loss 0.0001993667392525822 old loss 0.00020074614440090954 BETTER
I0327 21:51:44.260468 2042170 finetune.py:68] layer 8_gate @ epoch 3 new loss 0.0001900623319670558 old loss 0.00019088343833573163 BETTER
I0327 21:51:45.526353 2042310 finetune.py:68] layer 10_gate @ epoch 0 new loss 0.0002290772827109322 old loss 0.0002306632522959262 BETTER
I0327 21:52:00.309312 2042240 finetune.py:68] layer 9_gate @ epoch 3 new loss 0.00020272214896976948 old loss 0.00020364546799100935 BETTER
I0327 21:52:08.301361 2042380 finetune.py:45] layer 11_gate initial loss 0.00023954969947226346
I0327 21:52:15.191609 2042310 finetune.py:68] layer 10_gate @ epoch 1 new loss 0.00022788178466726094 old loss 0.0002290772827109322 BETTER
I0327 21:52:15.870714 2042170 finetune.py:68] layer 8_gate @ epoch 4 new loss 0.00018927556811831892 old loss 0.0001900623319670558 BETTER
I0327 21:52:30.189265 2042240 finetune.py:68] layer 9_gate @ epoch 4 new loss 0.0002018612576648593 old loss 0.00020272214896976948 BETTER
I0327 21:52:36.387261 2042380 finetune.py:68] layer 11_gate @ epoch 0 new loss 0.00023796592722646892 old loss 0.00023954969947226346 BETTER
I0327 21:52:45.025770 2042310 finetune.py:68] layer 10_gate @ epoch 2 new loss 0.0002268067328259349 old loss 0.00022788178466726094 BETTER
I0327 21:53:05.512922 2042380 finetune.py:68] layer 11_gate @ epoch 1 new loss 0.00023670366499572992 old loss 0.00023796592722646892 BETTER
I0327 21:53:10.804049 2042170 finetune.py:45] layer 8_down initial loss 0.0002825958654284477
I0327 21:53:14.901226 2042310 finetune.py:68] layer 10_gate @ epoch 3 new loss 0.0002258158492622897 old loss 0.0002268067328259349 BETTER
I0327 21:53:26.317703 2042240 finetune.py:45] layer 9_down initial loss 0.0003038927970919758
I0327 21:53:34.803282 2042380 finetune.py:68] layer 11_gate @ epoch 2 new loss 0.00023556205269414932 old loss 0.00023670366499572992 BETTER
I0327 21:53:38.253317 2042170 finetune.py:68] layer 8_down @ epoch 0 new loss 0.0002825470583047718 old loss 0.0002825958654284477 BETTER
I0327 21:53:44.874632 2042310 finetune.py:68] layer 10_gate @ epoch 4 new loss 0.0002248670207336545 old loss 0.0002258158492622897 BETTER
