I0328 10:50:26.108170 2307854 finetune.py:68] layer 16_q @ epoch 0 new loss 1.1339974662405439e-05 old loss 1.1616406482062303e-05 BETTER
I0328 10:50:43.812635 2308005 finetune.py:68] layer 17_v @ epoch 4 new loss 9.236634468834382e-06 old loss 9.380531082570087e-06 BETTER
I0328 10:50:44.721330 2308141 finetune.py:68] layer 18_v @ epoch 2 new loss 7.977428140293341e-06 old loss 8.36852632346563e-06 BETTER
I0328 10:50:45.546009 2308280 finetune.py:68] layer 19_v @ epoch 0 new loss 9.587736713001505e-06 old loss 2.9290606107679196e-05 BETTER
I0328 10:51:02.488664 2307854 finetune.py:68] layer 16_q @ epoch 1 new loss 1.1125522178190295e-05 old loss 1.1339974662405439e-05 BETTER
I0328 10:51:03.847718 2308005 finetune.py:45] layer 17_q initial loss 1.0586112693999894e-05
I0328 10:51:20.045013 2308141 finetune.py:68] layer 18_v @ epoch 3 new loss 7.741943591099698e-06 old loss 7.977428140293341e-06 BETTER
I0328 10:51:20.163423 2308280 finetune.py:68] layer 19_v @ epoch 1 new loss 8.608824828115758e-06 old loss 9.587736713001505e-06 BETTER
I0328 10:51:37.671993 2308005 finetune.py:68] layer 17_q @ epoch 0 new loss 1.0299962013959885e-05 old loss 1.0586112693999894e-05 BETTER
I0328 10:51:39.358462 2307854 finetune.py:68] layer 16_q @ epoch 2 new loss 1.0968047718051821e-05 old loss 1.1125522178190295e-05 BETTER
I0328 10:51:54.670349 2308280 finetune.py:68] layer 19_v @ epoch 2 new loss 8.211167369154282e-06 old loss 8.608824828115758e-06 BETTER
I0328 10:51:55.267255 2308141 finetune.py:68] layer 18_v @ epoch 4 new loss 7.591200301249046e-06 old loss 7.741943591099698e-06 BETTER
I0328 10:52:12.186581 2308005 finetune.py:68] layer 17_q @ epoch 1 new loss 1.0127563655260019e-05 old loss 1.0299962013959885e-05 BETTER
I0328 10:52:15.186970 2308141 finetune.py:45] layer 18_q initial loss 8.923909263103269e-06
I0328 10:52:16.347811 2307854 finetune.py:68] layer 16_q @ epoch 3 new loss 1.0818176633620169e-05 old loss 1.0968047718051821e-05 BETTER
I0328 10:52:29.205583 2308280 finetune.py:68] layer 19_v @ epoch 3 new loss 7.972257662913762e-06 old loss 8.211167369154282e-06 BETTER
I0328 10:52:46.899778 2308005 finetune.py:68] layer 17_q @ epoch 2 new loss 9.993926141760312e-06 old loss 1.0127563655260019e-05 BETTER
I0328 10:52:48.893935 2308141 finetune.py:68] layer 18_q @ epoch 0 new loss 8.720808182260953e-06 old loss 8.923909263103269e-06 BETTER
I0328 10:52:53.380659 2307854 finetune.py:68] layer 16_q @ epoch 4 new loss 1.0704476153478026e-05 old loss 1.0818176633620169e-05 BETTER
I0328 10:53:03.826465 2308280 finetune.py:68] layer 19_v @ epoch 4 new loss 7.811441719240975e-06 old loss 7.972257662913762e-06 BETTER
I0328 10:53:11.738108 2307854 finetune.py:45] layer 16_k initial loss 1.1217371138627641e-05
I0328 10:53:21.553005 2308005 finetune.py:68] layer 17_q @ epoch 3 new loss 9.88186275208136e-06 old loss 9.993926141760312e-06 BETTER
I0328 10:53:23.584204 2308141 finetune.py:68] layer 18_q @ epoch 1 new loss 8.56527822179487e-06 old loss 8.720808182260953e-06 BETTER
I0328 10:53:23.801364 2308280 finetune.py:45] layer 19_q initial loss 8.968274414655752e-06
I0328 10:53:46.936450 2307854 finetune.py:68] layer 16_k @ epoch 0 new loss 1.1081122465839144e-05 old loss 1.1217371138627641e-05 BETTER
I0328 10:53:56.465902 2308005 finetune.py:68] layer 17_q @ epoch 4 new loss 9.779035281098913e-06 old loss 9.88186275208136e-06 BETTER
I0328 10:53:57.196124 2308280 finetune.py:68] layer 19_q @ epoch 0 new loss 8.768211046117358e-06 old loss 8.968274414655752e-06 BETTER
I0328 10:53:58.504320 2308141 finetune.py:68] layer 18_q @ epoch 2 new loss 8.456056093564257e-06 old loss 8.56527822179487e-06 BETTER
I0328 10:54:14.709619 2308005 finetune.py:45] layer 17_k initial loss 1.026449172059074e-05
I0328 10:54:23.372450 2307854 finetune.py:68] layer 16_k @ epoch 1 new loss 1.0986605047946796e-05 old loss 1.1081122465839144e-05 BETTER
I0328 10:54:31.312943 2308280 finetune.py:68] layer 19_q @ epoch 1 new loss 8.623193025414366e-06 old loss 8.768211046117358e-06 BETTER
I0328 10:54:33.366662 2308141 finetune.py:68] layer 18_q @ epoch 3 new loss 8.360369065485429e-06 old loss 8.456056093564257e-06 BETTER
I0328 10:54:47.943949 2308005 finetune.py:68] layer 17_k @ epoch 0 new loss 1.0159009434573818e-05 old loss 1.026449172059074e-05 BETTER
I0328 10:54:59.955231 2307854 finetune.py:68] layer 16_k @ epoch 2 new loss 1.0904685041168705e-05 old loss 1.0986605047946796e-05 BETTER
I0328 10:55:05.569293 2308280 finetune.py:68] layer 19_q @ epoch 2 new loss 8.522632924723439e-06 old loss 8.623193025414366e-06 BETTER
I0328 10:55:08.373705 2308141 finetune.py:68] layer 18_q @ epoch 4 new loss 8.283248462248594e-06 old loss 8.360369065485429e-06 BETTER
I0328 10:55:22.145990 2308005 finetune.py:68] layer 17_k @ epoch 1 new loss 1.0077651495521422e-05 old loss 1.0159009434573818e-05 BETTER
I0328 10:55:26.397696 2308141 finetune.py:45] layer 18_k initial loss 8.66473692440195e-06
I0328 10:55:36.519688 2307854 finetune.py:68] layer 16_k @ epoch 3 new loss 1.0842625670193229e-05 old loss 1.0904685041168705e-05 BETTER
I0328 10:55:39.885796 2308280 finetune.py:68] layer 19_q @ epoch 3 new loss 8.429841727775056e-06 old loss 8.522632924723439e-06 BETTER
I0328 10:55:56.493050 2308005 finetune.py:68] layer 17_k @ epoch 2 new loss 1.0014497092925012e-05 old loss 1.0077651495521422e-05 BETTER
I0328 10:55:59.823321 2308141 finetune.py:68] layer 18_k @ epoch 0 new loss 8.605084985902067e-06 old loss 8.66473692440195e-06 BETTER
I0328 10:56:13.080176 2307854 finetune.py:68] layer 16_k @ epoch 4 new loss 1.0768481843115296e-05 old loss 1.0842625670193229e-05 BETTER
I0328 10:56:14.011728 2308280 finetune.py:68] layer 19_q @ epoch 4 new loss 8.365952453459613e-06 old loss 8.429841727775056e-06 BETTER
I0328 10:56:31.384220 2308005 finetune.py:68] layer 17_k @ epoch 3 new loss 9.957541806215886e-06 old loss 1.0014497092925012e-05 BETTER
I0328 10:56:32.583644 2308280 finetune.py:45] layer 19_k initial loss 8.828402314975392e-06
I0328 10:56:32.923845 2307854 finetune.py:45] layer 16_o initial loss 2.5230920073227026e-05
I0328 10:56:34.637109 2308141 finetune.py:68] layer 18_k @ epoch 1 new loss 8.521621566615067e-06 old loss 8.605084985902067e-06 BETTER
I0328 10:57:05.978935 2308280 finetune.py:68] layer 19_k @ epoch 0 new loss 8.735358278499916e-06 old loss 8.828402314975392e-06 BETTER
I0328 10:57:06.296411 2308005 finetune.py:68] layer 17_k @ epoch 4 new loss 9.913513167703059e-06 old loss 9.957541806215886e-06 BETTER
I0328 10:57:07.638671 2307854 finetune.py:68] layer 16_o @ epoch 0 new loss 2.443195080559235e-05 old loss 2.5230920073227026e-05 BETTER
I0328 10:57:09.319597 2308141 finetune.py:68] layer 18_k @ epoch 2 new loss 8.46707189339213e-06 old loss 8.521621566615067e-06 BETTER
I0328 10:57:25.970508 2308005 finetune.py:45] layer 17_o initial loss 2.394012699369341e-05
I0328 10:57:40.083978 2308280 finetune.py:68] layer 19_k @ epoch 1 new loss 8.677008736412972e-06 old loss 8.735358278499916e-06 BETTER
I0328 10:57:43.378546 2307854 finetune.py:68] layer 16_o @ epoch 1 new loss 2.3981423510122113e-05 old loss 2.443195080559235e-05 BETTER
I0328 10:57:43.885693 2308141 finetune.py:68] layer 18_k @ epoch 3 new loss 8.432756658294238e-06 old loss 8.46707189339213e-06 BETTER
I0328 10:57:58.625107 2308005 finetune.py:68] layer 17_o @ epoch 0 new loss 2.3123593564378098e-05 old loss 2.394012699369341e-05 BETTER
I0328 10:58:14.060827 2308280 finetune.py:68] layer 19_k @ epoch 2 new loss 8.627464012533892e-06 old loss 8.677008736412972e-06 BETTER
I0328 10:58:18.520549 2308141 finetune.py:68] layer 18_k @ epoch 4 new loss 8.378718121093698e-06 old loss 8.432756658294238e-06 BETTER
I0328 10:58:19.469919 2307854 finetune.py:68] layer 16_o @ epoch 2 new loss 2.3642651285626926e-05 old loss 2.3981423510122113e-05 BETTER
I0328 10:58:32.310582 2308005 finetune.py:68] layer 17_o @ epoch 1 new loss 2.2675181753584184e-05 old loss 2.3123593564378098e-05 BETTER
I0328 10:58:38.714773 2308141 finetune.py:45] layer 18_o initial loss 1.978129512281157e-05
I0328 10:58:48.296068 2308280 finetune.py:68] layer 19_k @ epoch 3 new loss 8.58631119626807e-06 old loss 8.627464012533892e-06 BETTER
I0328 10:58:55.354884 2307854 finetune.py:68] layer 16_o @ epoch 3 new loss 2.336033503524959e-05 old loss 2.3642651285626926e-05 BETTER
I0328 10:59:06.049264 2308005 finetune.py:68] layer 17_o @ epoch 2 new loss 2.2342395823216066e-05 old loss 2.2675181753584184e-05 BETTER
I0328 10:59:11.629708 2308141 finetune.py:68] layer 18_o @ epoch 0 new loss 1.9033936041523702e-05 old loss 1.978129512281157e-05 BETTER
I0328 10:59:22.470274 2308280 finetune.py:68] layer 19_k @ epoch 4 new loss 8.548792720830534e-06 old loss 8.58631119626807e-06 BETTER
I0328 10:59:31.260757 2307854 finetune.py:68] layer 16_o @ epoch 4 new loss 2.3127491658669896e-05 old loss 2.336033503524959e-05 BETTER
I0328 10:59:39.876563 2308005 finetune.py:68] layer 17_o @ epoch 3 new loss 2.2076594177633524e-05 old loss 2.2342395823216066e-05 BETTER
I0328 10:59:42.085547 2308280 finetune.py:45] layer 19_o initial loss 1.8888320482801646e-05
I0328 10:59:45.524338 2308141 finetune.py:68] layer 18_o @ epoch 1 new loss 1.8750162780634128e-05 old loss 1.9033936041523702e-05 BETTER
I0328 11:00:02.808547 2307854 finetune.py:45] layer 16_up initial loss 5.178344144951552e-05
I0328 11:00:13.630710 2308005 finetune.py:68] layer 17_o @ epoch 4 new loss 2.1845831724931486e-05 old loss 2.2076594177633524e-05 BETTER
I0328 11:00:14.278007 2308280 finetune.py:68] layer 19_o @ epoch 0 new loss 1.8231850845040753e-05 old loss 1.8888320482801646e-05 BETTER
I0328 11:00:19.437907 2308141 finetune.py:68] layer 18_o @ epoch 2 new loss 1.8543574697105214e-05 old loss 1.8750162780634128e-05 BETTER
I0328 11:00:34.658379 2307854 finetune.py:68] layer 16_up @ epoch 0 new loss 5.077869718661532e-05 old loss 5.178344144951552e-05 BETTER
I0328 11:00:45.315422 2308005 finetune.py:45] layer 17_up initial loss 5.4352523875422776e-05
I0328 11:00:47.494590 2308280 finetune.py:68] layer 19_o @ epoch 1 new loss 1.7968395695788786e-05 old loss 1.8231850845040753e-05 BETTER
I0328 11:00:53.417082 2308141 finetune.py:68] layer 18_o @ epoch 3 new loss 1.8372626072959974e-05 old loss 1.8543574697105214e-05 BETTER
I0328 11:01:08.242253 2307854 finetune.py:68] layer 16_up @ epoch 1 new loss 5.002269972465001e-05 old loss 5.077869718661532e-05 BETTER
I0328 11:01:15.785908 2308005 finetune.py:68] layer 17_up @ epoch 0 new loss 5.324299854692072e-05 old loss 5.4352523875422776e-05 BETTER
I0328 11:01:20.817931 2308280 finetune.py:68] layer 19_o @ epoch 2 new loss 1.7788583136280067e-05 old loss 1.7968395695788786e-05 BETTER
I0328 11:01:27.580023 2308141 finetune.py:68] layer 18_o @ epoch 4 new loss 1.824256469262764e-05 old loss 1.8372626072959974e-05 BETTER
I0328 11:01:41.947144 2307854 finetune.py:68] layer 16_up @ epoch 2 new loss 4.93745319545269e-05 old loss 5.002269972465001e-05 BETTER
I0328 11:01:47.306656 2308005 finetune.py:68] layer 17_up @ epoch 1 new loss 5.239980237092823e-05 old loss 5.324299854692072e-05 BETTER
I0328 11:01:54.249973 2308280 finetune.py:68] layer 19_o @ epoch 3 new loss 1.76387547980994e-05 old loss 1.7788583136280067e-05 BETTER
I0328 11:01:59.708755 2308141 finetune.py:45] layer 18_up initial loss 5.1896244258387014e-05
I0328 11:02:15.814372 2307854 finetune.py:68] layer 16_up @ epoch 3 new loss 4.880766209680587e-05 old loss 4.93745319545269e-05 BETTER
I0328 11:02:18.974652 2308005 finetune.py:68] layer 17_up @ epoch 2 new loss 5.169406358618289e-05 old loss 5.239980237092823e-05 BETTER
I0328 11:02:27.773570 2308280 finetune.py:68] layer 19_o @ epoch 4 new loss 1.7520096662337892e-05 old loss 1.76387547980994e-05 BETTER
I0328 11:02:30.344119 2308141 finetune.py:68] layer 18_up @ epoch 0 new loss 5.0889280828414485e-05 old loss 5.1896244258387014e-05 BETTER
I0328 11:02:49.347575 2307854 finetune.py:68] layer 16_up @ epoch 4 new loss 4.8296893510269e-05 old loss 4.880766209680587e-05 BETTER
I0328 11:02:51.106323 2308005 finetune.py:68] layer 17_up @ epoch 3 new loss 5.107717515784316e-05 old loss 5.169406358618289e-05 BETTER
I0328 11:02:59.718464 2308280 finetune.py:45] layer 19_up initial loss 5.408930155681446e-05
I0328 11:03:02.256309 2308141 finetune.py:68] layer 18_up @ epoch 1 new loss 5.014853741158731e-05 old loss 5.0889280828414485e-05 BETTER
I0328 11:03:21.447807 2307854 finetune.py:45] layer 16_gate initial loss 5.769665585830808e-05
I0328 11:03:23.253941 2308005 finetune.py:68] layer 17_up @ epoch 4 new loss 5.052866254118271e-05 old loss 5.107717515784316e-05 BETTER
I0328 11:03:29.916804 2308280 finetune.py:68] layer 19_up @ epoch 0 new loss 5.3075978939887136e-05 old loss 5.408930155681446e-05 BETTER
I0328 11:03:34.562482 2308141 finetune.py:68] layer 18_up @ epoch 2 new loss 4.953493771608919e-05 old loss 5.014853741158731e-05 BETTER
I0328 11:03:51.414945 2307854 finetune.py:68] layer 16_gate @ epoch 0 new loss 5.718032116419636e-05 old loss 5.769665585830808e-05 BETTER
I0328 11:03:55.285514 2308005 finetune.py:45] layer 17_gate initial loss 6.1319864471443e-05
I0328 11:04:01.224591 2308280 finetune.py:68] layer 19_up @ epoch 1 new loss 5.232781040831469e-05 old loss 5.3075978939887136e-05 BETTER
I0328 11:04:06.799676 2308141 finetune.py:68] layer 18_up @ epoch 3 new loss 4.899188570561819e-05 old loss 4.953493771608919e-05 BETTER
I0328 11:04:22.612580 2307854 finetune.py:68] layer 16_gate @ epoch 1 new loss 5.6738055718597025e-05 old loss 5.718032116419636e-05 BETTER
I0328 11:04:23.942627 2308005 finetune.py:68] layer 17_gate @ epoch 0 new loss 6.0737336752936244e-05 old loss 6.1319864471443e-05 BETTER
I0328 11:04:32.551895 2308280 finetune.py:68] layer 19_up @ epoch 2 new loss 5.169674113858491e-05 old loss 5.232781040831469e-05 BETTER
I0328 11:04:38.935166 2308141 finetune.py:68] layer 18_up @ epoch 4 new loss 4.851576522924006e-05 old loss 4.899188570561819e-05 BETTER
I0328 11:04:53.379495 2308005 finetune.py:68] layer 17_gate @ epoch 1 new loss 6.0255464632064104e-05 old loss 6.0737336752936244e-05 BETTER
I0328 11:04:54.009393 2307854 finetune.py:68] layer 16_gate @ epoch 2 new loss 5.633934051729739e-05 old loss 5.6738055718597025e-05 BETTER
I0328 11:05:03.918404 2308280 finetune.py:68] layer 19_up @ epoch 3 new loss 5.1154995162505656e-05 old loss 5.169674113858491e-05 BETTER
I0328 11:05:10.724780 2308141 finetune.py:45] layer 18_gate initial loss 6.020479850121774e-05
I0328 11:05:23.128874 2308005 finetune.py:68] layer 17_gate @ epoch 2 new loss 5.9823825722560287e-05 old loss 6.0255464632064104e-05 BETTER
I0328 11:05:25.417824 2307854 finetune.py:68] layer 16_gate @ epoch 3 new loss 5.5977408919716254e-05 old loss 5.633934051729739e-05 BETTER
I0328 11:05:35.335956 2308280 finetune.py:68] layer 19_up @ epoch 4 new loss 5.06756296090316e-05 old loss 5.1154995162505656e-05 BETTER
I0328 11:05:39.333325 2308141 finetune.py:68] layer 18_gate @ epoch 0 new loss 5.9699639678001404e-05 old loss 6.020479850121774e-05 BETTER
I0328 11:05:52.905649 2308005 finetune.py:68] layer 17_gate @ epoch 3 new loss 5.942999632679857e-05 old loss 5.9823825722560287e-05 BETTER
I0328 11:05:56.748717 2307854 finetune.py:68] layer 16_gate @ epoch 4 new loss 5.564847378991544e-05 old loss 5.5977408919716254e-05 BETTER
I0328 11:06:07.182249 2308280 finetune.py:45] layer 19_gate initial loss 6.352433410938829e-05
I0328 11:06:08.908389 2308141 finetune.py:68] layer 18_gate @ epoch 1 new loss 5.92825781495776e-05 old loss 5.9699639678001404e-05 BETTER
I0328 11:06:22.697645 2308005 finetune.py:68] layer 17_gate @ epoch 4 new loss 5.907498416490853e-05 old loss 5.942999632679857e-05 BETTER
I0328 11:06:35.188993 2308280 finetune.py:68] layer 19_gate @ epoch 0 new loss 6.302549445535988e-05 old loss 6.352433410938829e-05 BETTER
I0328 11:06:38.699821 2308141 finetune.py:68] layer 18_gate @ epoch 2 new loss 5.890964894206263e-05 old loss 5.92825781495776e-05 BETTER
I0328 11:06:53.127341 2307854 finetune.py:45] layer 16_down initial loss 9.402405703440309e-05
I0328 11:07:04.493752 2308280 finetune.py:68] layer 19_gate @ epoch 1 new loss 6.260826921788976e-05 old loss 6.302549445535988e-05 BETTER
I0328 11:07:08.511406 2308141 finetune.py:68] layer 18_gate @ epoch 3 new loss 5.857585711055435e-05 old loss 5.890964894206263e-05 BETTER
I0328 11:07:19.634372 2308005 finetune.py:45] layer 17_down initial loss 0.00010564340482233092
I0328 11:07:20.370223 2307854 finetune.py:68] layer 16_down @ epoch 0 new loss 9.40209865802899e-05 old loss 9.402405703440309e-05 BETTER
I0328 11:07:34.022879 2308280 finetune.py:68] layer 19_gate @ epoch 2 new loss 6.222962838364765e-05 old loss 6.260826921788976e-05 BETTER
I0328 11:07:38.428056 2308141 finetune.py:68] layer 18_gate @ epoch 4 new loss 5.8269208238925785e-05 old loss 5.857585711055435e-05 BETTER
I0328 11:07:45.818320 2308005 finetune.py:68] layer 17_down @ epoch 0 new loss 0.00010564021795289591 old loss 0.00010564340482233092 BETTER
I0328 11:07:48.775146 2307854 finetune.py:68] layer 16_down @ epoch 1 new loss 9.401841089129448e-05 old loss 9.40209865802899e-05 BETTER
I0328 11:08:03.336774 2308280 finetune.py:68] layer 19_gate @ epoch 3 new loss 6.18964186287485e-05 old loss 6.222962838364765e-05 BETTER
I0328 11:08:13.077564 2308005 finetune.py:68] layer 17_down @ epoch 1 new loss 0.00010563801333773881 old loss 0.00010564021795289591 BETTER
I0328 11:08:17.850855 2307854 finetune.py:68] layer 16_down @ epoch 2 new loss 9.401635179528967e-05 old loss 9.401841089129448e-05 BETTER
I0328 11:08:32.685198 2308280 finetune.py:68] layer 19_gate @ epoch 4 new loss 6.15934914094396e-05 old loss 6.18964186287485e-05 BETTER
I0328 11:08:35.560124 2308141 finetune.py:45] layer 18_down initial loss 0.00010563481191638857
I0328 11:08:40.990040 2308005 finetune.py:68] layer 17_down @ epoch 2 new loss 0.00010563599789747968 old loss 0.00010563801333773881 BETTER
I0328 11:08:46.881013 2307854 finetune.py:68] layer 16_down @ epoch 3 new loss 9.401458373758942e-05 old loss 9.401635179528967e-05 BETTER
I0328 11:09:01.879181 2308141 finetune.py:68] layer 18_down @ epoch 0 new loss 0.00010563281102804467 old loss 0.00010563481191638857 BETTER
I0328 11:09:08.585768 2308005 finetune.py:68] layer 17_down @ epoch 3 new loss 0.00010563444811850786 old loss 0.00010563599789747968 BETTER
I0328 11:09:15.916698 2307854 finetune.py:68] layer 16_down @ epoch 4 new loss 9.401315764989704e-05 old loss 9.401458373758942e-05 BETTER
16_v proxy err 0.01033890899270773 tr(WHW.T) 274.28167724609375
bpp_loss 3.246264085872099
16_q proxy err 0.0004976728814654052 tr(WHW.T) 24486.3125
bpp_loss 4.121303567371797
16_k proxy err 0.00017306390509475023 tr(WHW.T) 19488.1875
bpp_loss 5.060913493158296
16_o proxy err 0.009384382516145706 tr(WHW.T) 970.676513671875
bpp_loss 3.3505426957271993
16_up proxy err 0.007263462524861097 tr(WHW.T) 8331.9443359375
bpp_loss 3.4552331790328026
16_gate proxy err 0.001508726621977985 tr(WHW.T) 41127.6171875
bpp_loss 3.7944934999437203
16_down proxy err 0.009123560041189194 tr(WHW.T) 6303.66455078125
bpp_loss 3.446981355897151
I0328 11:09:29.872672 2308141 finetune.py:68] layer 18_down @ epoch 1 new loss 0.00010563115938566625 old loss 0.00010563281102804467 BETTER
I0328 11:09:31.302250 2308280 finetune.py:45] layer 19_down initial loss 0.00011147826444357634
I0328 11:09:36.942180 2308005 finetune.py:68] layer 17_down @ epoch 4 new loss 0.00010563280375208706 old loss 0.00010563444811850786 BETTER
17_v proxy err 0.0112236887216568 tr(WHW.T) 283.9730224609375
bpp_loss 3.3156873005791567
17_q proxy err 0.0004930543946102262 tr(WHW.T) 27573.458984375
bpp_loss 4.137329720018897
17_k proxy err 0.0002166589692933485 tr(WHW.T) 17412.837890625
bpp_loss 5.090246757608838
17_o proxy err 0.010258406400680542 tr(WHW.T) 1107.3743896484375
bpp_loss 3.380037171416916
17_up proxy err 0.007171515841037035 tr(WHW.T) 8453.962890625
bpp_loss 3.452870612897511
17_gate proxy err 0.0014940615510568023 tr(WHW.T) 41671.53125
bpp_loss 3.808854236267507
17_down proxy err 0.009255615063011646 tr(WHW.T) 6227.32373046875
bpp_loss 3.4434015087982908
I0328 11:09:57.052765 2308280 finetune.py:68] layer 19_down @ epoch 0 new loss 0.00011147600889671594 old loss 0.00011147826444357634 BETTER
I0328 11:09:57.724859 2308141 finetune.py:68] layer 18_down @ epoch 2 new loss 0.00010562947136349976 old loss 0.00010563115938566625 BETTER
I0328 11:10:24.029206 2308280 finetune.py:68] layer 19_down @ epoch 1 new loss 0.00011147432815050706 old loss 0.00011147600889671594 BETTER
I0328 11:10:25.496247 2308141 finetune.py:68] layer 18_down @ epoch 3 new loss 0.00010562820534687489 old loss 0.00010562947136349976 BETTER
I0328 11:10:48.558858 2300848 quantize_finetune_llama.py:240] computed original embedding for layer 20 in 66.4322726726532s
I0328 11:10:51.124323 2308280 finetune.py:68] layer 19_down @ epoch 2 new loss 0.00011147283657919616 old loss 0.00011147432815050706 BETTER
I0328 11:10:52.778690 2309565 utils.py:146] Note: detected 128 virtual cores but NumExpr set to maximum of 64, check "NUMEXPR_MAX_THREADS" environment variable.
I0328 11:10:52.778805 2309565 utils.py:149] Note: NumExpr detected 128 cores but "NUMEXPR_MAX_THREADS" not set, so enforcing safe limit of 16.
I0328 11:10:52.778847 2309565 utils.py:162] NumExpr defaulting to 16 threads.
I0328 11:10:53.177621 2309565 config.py:54] PyTorch version 2.6.0 available.
I0328 11:10:53.365568 2308141 finetune.py:68] layer 18_down @ epoch 4 new loss 0.0001056270775734447 old loss 0.00010562820534687489 BETTER
W0328 11:10:53.387043 2309565 warnings.py:109] /opt/conda/lib/python3.10/site-packages/torchvision/io/image.py:13: UserWarning: Failed to load image Python extension: '/opt/conda/lib/python3.10/site-packages/torchvision/image.so: undefined symbol: _ZN3c1017RegisterOperatorsD1Ev'If you don't plan on using image functionality from `torchvision.io`, you can ignore this warning. Otherwise, there might be something wrong with your environment. Did you have `libjpeg` or `libpng` installed before building `torchvision` from source?
  warn(

W0328 11:10:53.995485 2309565 warnings.py:109] /opt/conda/lib/python3.10/site-packages/compressai/models/video/google.py:353: FutureWarning: `torch.cuda.amp.autocast(args...)` is deprecated. Please use `torch.amp.autocast('cuda', args...)` instead.
  @amp.autocast(enabled=False)

I0328 11:10:53.999275 2300848 quantize_finetune_llama.py:209] layer 21 gpu 1
I0328 11:10:54.020277 2309565 data_utils.py:336] using 256 training seqs, 128 validation seqs
18_v proxy err 0.011316923424601555 tr(WHW.T) 287.61376953125
bpp_loss 3.240508708287962
18_q proxy err 0.0006234506727196276 tr(WHW.T) 22403.517578125
bpp_loss 4.13326087204041
18_k proxy err 0.00022334263485390693 tr(WHW.T) 17382.265625
bpp_loss 5.1713836275739595
18_o proxy err 0.010117592290043831 tr(WHW.T) 1204.9593505859375
bpp_loss 3.358856215432752
18_up proxy err 0.007903844118118286 tr(WHW.T) 7985.0849609375
bpp_loss 3.44912044956748
18_gate proxy err 0.0018419631524011493 tr(WHW.T) 35222.3828125
bpp_loss 3.816666470308389
18_down proxy err 0.009534137323498726 tr(WHW.T) 6243.0205078125
bpp_loss 3.442450597100625
The attention layers in this model are transitioning from computing the RoPE embeddings internally through `position_ids` (2D tensor with the indexes of the tokens), to using externally computed `position_embeddings` (Tuple of tensors, containing cos and sin). In v4.46 `position_ids` will be removed and `position_embeddings` will be mandatory.
I0328 11:11:11.088955 2309565 finetune.py:45] layer 20_v initial loss 2.728624895098619e-05
W0328 11:11:11.089227 2309565 warnings.py:109] /workspace/Weight_compression/comp_lm_qtip/lib/algo/finetune.py:46: FutureWarning: `torch.cuda.amp.GradScaler(args...)` is deprecated. Please use `torch.amp.GradScaler('cuda', args...)` instead.
  scaler = torch.cuda.amp.GradScaler(enabled=(orig_dtype==torch.float16))

I0328 11:11:18.356260 2308280 finetune.py:68] layer 19_down @ epoch 3 new loss 0.00011147153418278322 old loss 0.00011147283657919616 BETTER
I0328 11:11:45.433173 2308280 finetune.py:68] layer 19_down @ epoch 4 new loss 0.00011147045734105632 old loss 0.00011147153418278322 BETTER
I0328 11:11:45.981547 2309565 finetune.py:68] layer 20_v @ epoch 0 new loss 9.971616236725822e-06 old loss 2.728624895098619e-05 BETTER
19_v proxy err 0.00988213811069727 tr(WHW.T) 341.0596618652344
bpp_loss 3.2864878994296305
19_q proxy err 0.0005998429260216653 tr(WHW.T) 24041.95703125
bpp_loss 4.135485096427146
19_k proxy err 0.0002534664236009121 tr(WHW.T) 15541.9072265625
bpp_loss 5.069439793005586
19_o proxy err 0.010445060208439827 tr(WHW.T) 1170.39794921875
bpp_loss 3.3721498626982793
19_up proxy err 0.008384998887777328 tr(WHW.T) 7651.591796875
bpp_loss 3.4455623485014906
19_gate proxy err 0.0020136109087616205 tr(WHW.T) 32782.78515625
bpp_loss 3.827918403316289
19_down proxy err 0.009647799655795097 tr(WHW.T) 6199.38525390625
bpp_loss 3.440741091750429
I0328 11:12:02.236401 2300848 quantize_finetune_llama.py:240] computed original embedding for layer 21 in 64.27115321159363s
I0328 11:12:06.035564 2309707 utils.py:146] Note: detected 128 virtual cores but NumExpr set to maximum of 64, check "NUMEXPR_MAX_THREADS" environment variable.
I0328 11:12:06.035660 2309707 utils.py:149] Note: NumExpr detected 128 cores but "NUMEXPR_MAX_THREADS" not set, so enforcing safe limit of 16.
I0328 11:12:06.035701 2309707 utils.py:162] NumExpr defaulting to 16 threads.
I0328 11:12:06.376310 2309707 config.py:54] PyTorch version 2.6.0 available.
W0328 11:12:06.578140 2309707 warnings.py:109] /opt/conda/lib/python3.10/site-packages/torchvision/io/image.py:13: UserWarning: Failed to load image Python extension: '/opt/conda/lib/python3.10/site-packages/torchvision/image.so: undefined symbol: _ZN3c1017RegisterOperatorsD1Ev'If you don't plan on using image functionality from `torchvision.io`, you can ignore this warning. Otherwise, there might be something wrong with your environment. Did you have `libjpeg` or `libpng` installed before building `torchvision` from source?
  warn(

W0328 11:12:07.226871 2309707 warnings.py:109] /opt/conda/lib/python3.10/site-packages/compressai/models/video/google.py:353: FutureWarning: `torch.cuda.amp.autocast(args...)` is deprecated. Please use `torch.amp.autocast('cuda', args...)` instead.
  @amp.autocast(enabled=False)

I0328 11:12:07.230628 2300848 quantize_finetune_llama.py:209] layer 22 gpu 2
I0328 11:12:07.244124 2309707 data_utils.py:336] using 256 training seqs, 128 validation seqs
The attention layers in this model are transitioning from computing the RoPE embeddings internally through `position_ids` (2D tensor with the indexes of the tokens), to using externally computed `position_embeddings` (Tuple of tensors, containing cos and sin). In v4.46 `position_ids` will be removed and `position_embeddings` will be mandatory.
I0328 11:12:22.318295 2309565 finetune.py:68] layer 20_v @ epoch 1 new loss 9.067312021215912e-06 old loss 9.971616236725822e-06 BETTER
I0328 11:12:24.402046 2309707 finetune.py:45] layer 21_v initial loss 2.9493387046386488e-05
W0328 11:12:24.402232 2309707 warnings.py:109] /workspace/Weight_compression/comp_lm_qtip/lib/algo/finetune.py:46: FutureWarning: `torch.cuda.amp.GradScaler(args...)` is deprecated. Please use `torch.amp.GradScaler('cuda', args...)` instead.
  scaler = torch.cuda.amp.GradScaler(enabled=(orig_dtype==torch.float16))

I0328 11:12:57.509125 2309707 finetune.py:68] layer 21_v @ epoch 0 new loss 1.192428135254886e-05 old loss 2.9493387046386488e-05 BETTER
I0328 11:12:59.200858 2309565 finetune.py:68] layer 20_v @ epoch 2 new loss 8.681592589709908e-06 old loss 9.067312021215912e-06 BETTER
I0328 11:13:12.036205 2300848 quantize_finetune_llama.py:240] computed original embedding for layer 22 in 64.35673785209656s
I0328 11:13:15.825061 2309843 utils.py:146] Note: detected 128 virtual cores but NumExpr set to maximum of 64, check "NUMEXPR_MAX_THREADS" environment variable.
I0328 11:13:15.825162 2309843 utils.py:149] Note: NumExpr detected 128 cores but "NUMEXPR_MAX_THREADS" not set, so enforcing safe limit of 16.
I0328 11:13:15.825202 2309843 utils.py:162] NumExpr defaulting to 16 threads.
I0328 11:13:16.166798 2309843 config.py:54] PyTorch version 2.6.0 available.
W0328 11:13:16.381298 2309843 warnings.py:109] /opt/conda/lib/python3.10/site-packages/torchvision/io/image.py:13: UserWarning: Failed to load image Python extension: '/opt/conda/lib/python3.10/site-packages/torchvision/image.so: undefined symbol: _ZN3c1017RegisterOperatorsD1Ev'If you don't plan on using image functionality from `torchvision.io`, you can ignore this warning. Otherwise, there might be something wrong with your environment. Did you have `libjpeg` or `libpng` installed before building `torchvision` from source?
  warn(

W0328 11:13:17.002917 2309843 warnings.py:109] /opt/conda/lib/python3.10/site-packages/compressai/models/video/google.py:353: FutureWarning: `torch.cuda.amp.autocast(args...)` is deprecated. Please use `torch.amp.autocast('cuda', args...)` instead.
  @amp.autocast(enabled=False)

I0328 11:13:17.006677 2300848 quantize_finetune_llama.py:209] layer 23 gpu 3
I0328 11:13:17.020260 2309843 data_utils.py:336] using 256 training seqs, 128 validation seqs
The attention layers in this model are transitioning from computing the RoPE embeddings internally through `position_ids` (2D tensor with the indexes of the tokens), to using externally computed `position_embeddings` (Tuple of tensors, containing cos and sin). In v4.46 `position_ids` will be removed and `position_embeddings` will be mandatory.
I0328 11:13:32.022198 2309707 finetune.py:68] layer 21_v @ epoch 1 new loss 1.0828433005372062e-05 old loss 1.192428135254886e-05 BETTER
I0328 11:13:34.567275 2309843 finetune.py:45] layer 22_v initial loss 3.239627039874904e-05
W0328 11:13:34.567494 2309843 warnings.py:109] /workspace/Weight_compression/comp_lm_qtip/lib/algo/finetune.py:46: FutureWarning: `torch.cuda.amp.GradScaler(args...)` is deprecated. Please use `torch.amp.GradScaler('cuda', args...)` instead.
  scaler = torch.cuda.amp.GradScaler(enabled=(orig_dtype==torch.float16))

I0328 11:13:36.109854 2309565 finetune.py:68] layer 20_v @ epoch 3 new loss 8.447120308119338e-06 old loss 8.681592589709908e-06 BETTER
I0328 11:14:06.921442 2309707 finetune.py:68] layer 21_v @ epoch 2 new loss 1.032816908264067e-05 old loss 1.0828433005372062e-05 BETTER
I0328 11:14:08.063276 2309843 finetune.py:68] layer 22_v @ epoch 0 new loss 9.803920875128824e-06 old loss 3.239627039874904e-05 BETTER
I0328 11:14:13.195060 2309565 finetune.py:68] layer 20_v @ epoch 4 new loss 8.287849595944863e-06 old loss 8.447120308119338e-06 BETTER
I0328 11:14:22.231872 2300848 quantize_finetune_llama.py:240] computed original embedding for layer 23 in 64.74713063240051s
I0328 11:14:26.090658 2309982 utils.py:146] Note: detected 128 virtual cores but NumExpr set to maximum of 64, check "NUMEXPR_MAX_THREADS" environment variable.
I0328 11:14:26.090770 2309982 utils.py:149] Note: NumExpr detected 128 cores but "NUMEXPR_MAX_THREADS" not set, so enforcing safe limit of 16.
I0328 11:14:26.090813 2309982 utils.py:162] NumExpr defaulting to 16 threads.
I0328 11:14:26.511932 2309982 config.py:54] PyTorch version 2.6.0 available.
W0328 11:14:26.732063 2309982 warnings.py:109] /opt/conda/lib/python3.10/site-packages/torchvision/io/image.py:13: UserWarning: Failed to load image Python extension: '/opt/conda/lib/python3.10/site-packages/torchvision/image.so: undefined symbol: _ZN3c1017RegisterOperatorsD1Ev'If you don't plan on using image functionality from `torchvision.io`, you can ignore this warning. Otherwise, there might be something wrong with your environment. Did you have `libjpeg` or `libpng` installed before building `torchvision` from source?
  warn(

W0328 11:14:27.345702 2309982 warnings.py:109] /opt/conda/lib/python3.10/site-packages/compressai/models/video/google.py:353: FutureWarning: `torch.cuda.amp.autocast(args...)` is deprecated. Please use `torch.amp.autocast('cuda', args...)` instead.
  @amp.autocast(enabled=False)

I0328 11:14:27.349470 2300848 quantize_finetune_llama.py:209] layer 24 gpu 0
I0328 11:14:27.365775 2309982 data_utils.py:336] using 256 training seqs, 128 validation seqs
I0328 11:14:32.727046 2309565 finetune.py:45] layer 20_q initial loss 9.623568985261954e-06
The attention layers in this model are transitioning from computing the RoPE embeddings internally through `position_ids` (2D tensor with the indexes of the tokens), to using externally computed `position_embeddings` (Tuple of tensors, containing cos and sin). In v4.46 `position_ids` will be removed and `position_embeddings` will be mandatory.
I0328 11:14:41.925695 2309707 finetune.py:68] layer 21_v @ epoch 3 new loss 9.99882922769757e-06 old loss 1.032816908264067e-05 BETTER
I0328 11:14:42.774713 2309843 finetune.py:68] layer 22_v @ epoch 1 new loss 8.716843694855925e-06 old loss 9.803920875128824e-06 BETTER
I0328 11:14:45.387623 2309982 finetune.py:45] layer 23_v initial loss 3.896749694831669e-05
W0328 11:14:45.387812 2309982 warnings.py:109] /workspace/Weight_compression/comp_lm_qtip/lib/algo/finetune.py:46: FutureWarning: `torch.cuda.amp.GradScaler(args...)` is deprecated. Please use `torch.amp.GradScaler('cuda', args...)` instead.
  scaler = torch.cuda.amp.GradScaler(enabled=(orig_dtype==torch.float16))

I0328 11:15:07.713808 2309565 finetune.py:68] layer 20_q @ epoch 0 new loss 9.404090633324813e-06 old loss 9.623568985261954e-06 BETTER
I0328 11:15:17.539427 2309707 finetune.py:68] layer 21_v @ epoch 4 new loss 9.752815458341502e-06 old loss 9.99882922769757e-06 BETTER
I0328 11:15:18.139618 2309843 finetune.py:68] layer 22_v @ epoch 2 new loss 8.282860108010937e-06 old loss 8.716843694855925e-06 BETTER
I0328 11:15:18.664864 2309982 finetune.py:68] layer 23_v @ epoch 0 new loss 1.0244817531201988e-05 old loss 3.896749694831669e-05 BETTER
I0328 11:15:37.250129 2309707 finetune.py:45] layer 21_q initial loss 1.1936574082938023e-05
I0328 11:15:43.999286 2309565 finetune.py:68] layer 20_q @ epoch 1 new loss 9.248925380234141e-06 old loss 9.404090633324813e-06 BETTER
I0328 11:15:53.082248 2309982 finetune.py:68] layer 23_v @ epoch 1 new loss 8.869315934134647e-06 old loss 1.0244817531201988e-05 BETTER
I0328 11:15:53.243929 2309843 finetune.py:68] layer 22_v @ epoch 3 new loss 8.024085218494292e-06 old loss 8.282860108010937e-06 BETTER
I0328 11:16:10.803183 2309707 finetune.py:68] layer 21_q @ epoch 0 new loss 1.1564316992007662e-05 old loss 1.1936574082938023e-05 BETTER
I0328 11:16:20.421110 2309565 finetune.py:68] layer 20_q @ epoch 2 new loss 9.121791663346812e-06 old loss 9.248925380234141e-06 BETTER
I0328 11:16:27.565392 2309982 finetune.py:68] layer 23_v @ epoch 2 new loss 8.393089956371114e-06 old loss 8.869315934134647e-06 BETTER
I0328 11:16:28.434310 2309843 finetune.py:68] layer 22_v @ epoch 4 new loss 7.85891643317882e-06 old loss 8.024085218494292e-06 BETTER
I0328 11:16:45.332950 2309707 finetune.py:68] layer 21_q @ epoch 1 new loss 1.1325650120852515e-05 old loss 1.1564316992007662e-05 BETTER
I0328 11:16:48.073068 2309843 finetune.py:45] layer 22_q initial loss 9.676155059423763e-06
I0328 11:16:57.189752 2309565 finetune.py:68] layer 20_q @ epoch 3 new loss 9.019012395583559e-06 old loss 9.121791663346812e-06 BETTER
I0328 11:17:02.111166 2309982 finetune.py:68] layer 23_v @ epoch 3 new loss 8.128326953737997e-06 old loss 8.393089956371114e-06 BETTER
I0328 11:17:19.880381 2309707 finetune.py:68] layer 21_q @ epoch 2 new loss 1.1125988748972304e-05 old loss 1.1325650120852515e-05 BETTER
I0328 11:17:21.764143 2309843 finetune.py:68] layer 22_q @ epoch 0 new loss 9.408830010215752e-06 old loss 9.676155059423763e-06 BETTER
I0328 11:17:34.015357 2309565 finetune.py:68] layer 20_q @ epoch 4 new loss 8.931694537750445e-06 old loss 9.019012395583559e-06 BETTER
I0328 11:17:36.814993 2309982 finetune.py:68] layer 23_v @ epoch 4 new loss 7.953744898259174e-06 old loss 8.128326953737997e-06 BETTER
I0328 11:17:52.219221 2309565 finetune.py:45] layer 20_k initial loss 9.387676072947215e-06
I0328 11:17:54.817401 2309707 finetune.py:68] layer 21_q @ epoch 3 new loss 1.0969933100568596e-05 old loss 1.1125988748972304e-05 BETTER
I0328 11:17:56.545989 2309843 finetune.py:68] layer 22_q @ epoch 1 new loss 9.242330634151585e-06 old loss 9.408830010215752e-06 BETTER
I0328 11:17:57.365479 2309982 finetune.py:45] layer 23_q initial loss 9.615559974918142e-06
I0328 11:18:27.517443 2309565 finetune.py:68] layer 20_k @ epoch 0 new loss 9.295785275753587e-06 old loss 9.387676072947215e-06 BETTER
I0328 11:18:29.937075 2309707 finetune.py:68] layer 21_q @ epoch 4 new loss 1.0836477486009244e-05 old loss 1.0969933100568596e-05 BETTER
I0328 11:18:30.646726 2309982 finetune.py:68] layer 23_q @ epoch 0 new loss 9.374854926136322e-06 old loss 9.615559974918142e-06 BETTER
I0328 11:18:31.509647 2309843 finetune.py:68] layer 22_q @ epoch 2 new loss 9.116397450270597e-06 old loss 9.242330634151585e-06 BETTER
I0328 11:18:47.913333 2309707 finetune.py:45] layer 21_k initial loss 1.1828214155684691e-05
I0328 11:19:04.212837 2309565 finetune.py:68] layer 20_k @ epoch 1 new loss 9.22673280001618e-06 old loss 9.295785275753587e-06 BETTER
I0328 11:19:05.061084 2309982 finetune.py:68] layer 23_q @ epoch 1 new loss 9.210252756020054e-06 old loss 9.374854926136322e-06 BETTER
I0328 11:19:06.380725 2309843 finetune.py:68] layer 22_q @ epoch 3 new loss 9.018152013595682e-06 old loss 9.116397450270597e-06 BETTER
I0328 11:19:21.262302 2309707 finetune.py:68] layer 21_k @ epoch 0 new loss 1.1549046575964894e-05 old loss 1.1828214155684691e-05 BETTER
I0328 11:19:40.076310 2309982 finetune.py:68] layer 23_q @ epoch 2 new loss 9.085895726457238e-06 old loss 9.210252756020054e-06 BETTER
I0328 11:19:41.051667 2309565 finetune.py:68] layer 20_k @ epoch 2 new loss 9.167940334009472e-06 old loss 9.22673280001618e-06 BETTER
I0328 11:19:41.658723 2309843 finetune.py:68] layer 22_q @ epoch 4 new loss 8.934514880820643e-06 old loss 9.018152013595682e-06 BETTER
I0328 11:19:55.614278 2309707 finetune.py:68] layer 21_k @ epoch 1 new loss 1.1438795809226576e-05 old loss 1.1549046575964894e-05 BETTER
I0328 11:19:59.878524 2309843 finetune.py:45] layer 22_k initial loss 9.607257197785657e-06
I0328 11:20:14.368677 2309982 finetune.py:68] layer 23_q @ epoch 3 new loss 8.991495633381419e-06 old loss 9.085895726457238e-06 BETTER
I0328 11:20:17.637968 2309565 finetune.py:68] layer 20_k @ epoch 3 new loss 9.115612556342967e-06 old loss 9.167940334009472e-06 BETTER
I0328 11:20:29.946739 2309707 finetune.py:68] layer 21_k @ epoch 2 new loss 1.1342635843902826e-05 old loss 1.1438795809226576e-05 BETTER
I0328 11:20:33.372549 2309843 finetune.py:68] layer 22_k @ epoch 0 new loss 9.51516176428413e-06 old loss 9.607257197785657e-06 BETTER
I0328 11:20:48.698622 2309982 finetune.py:68] layer 23_q @ epoch 4 new loss 8.91548097570194e-06 old loss 8.991495633381419e-06 BETTER
I0328 11:20:54.409335 2309565 finetune.py:68] layer 20_k @ epoch 4 new loss 9.074999979929999e-06 old loss 9.115612556342967e-06 BETTER
I0328 11:21:04.431100 2309707 finetune.py:68] layer 21_k @ epoch 3 new loss 1.126871029555332e-05 old loss 1.1342635843902826e-05 BETTER
I0328 11:21:07.310059 2309982 finetune.py:45] layer 23_k initial loss 9.67459891398903e-06
I0328 11:21:07.933642 2309843 finetune.py:68] layer 22_k @ epoch 1 new loss 9.450362995266914e-06 old loss 9.51516176428413e-06 BETTER
I0328 11:21:14.378688 2309565 finetune.py:45] layer 20_o initial loss 2.0354013031465e-05
I0328 11:21:39.074871 2309707 finetune.py:68] layer 21_k @ epoch 4 new loss 1.1209632248210255e-05 old loss 1.126871029555332e-05 BETTER
I0328 11:21:40.342405 2309982 finetune.py:68] layer 23_k @ epoch 0 new loss 9.584657163941301e-06 old loss 9.67459891398903e-06 BETTER
I0328 11:21:42.555550 2309843 finetune.py:68] layer 22_k @ epoch 2 new loss 9.399137525178958e-06 old loss 9.450362995266914e-06 BETTER
I0328 11:21:49.174115 2309565 finetune.py:68] layer 20_o @ epoch 0 new loss 1.9638937374111265e-05 old loss 2.0354013031465e-05 BETTER
I0328 11:21:59.136782 2309707 finetune.py:45] layer 21_o initial loss 2.5519922928651795e-05
I0328 11:22:14.337048 2309982 finetune.py:68] layer 23_k @ epoch 1 new loss 9.517087164567783e-06 old loss 9.584657163941301e-06 BETTER
I0328 11:22:17.174375 2309843 finetune.py:68] layer 22_k @ epoch 3 new loss 9.352140295959543e-06 old loss 9.399137525178958e-06 BETTER
I0328 11:22:24.856554 2309565 finetune.py:68] layer 20_o @ epoch 1 new loss 1.9343277017469518e-05 old loss 1.9638937374111265e-05 BETTER
I0328 11:22:31.737799 2309707 finetune.py:68] layer 21_o @ epoch 0 new loss 2.4508917704224586e-05 old loss 2.5519922928651795e-05 BETTER
I0328 11:22:48.460677 2309982 finetune.py:68] layer 23_k @ epoch 2 new loss 9.459420653001871e-06 old loss 9.517087164567783e-06 BETTER
I0328 11:22:51.837487 2309843 finetune.py:68] layer 22_k @ epoch 4 new loss 9.31505474000005e-06 old loss 9.352140295959543e-06 BETTER
I0328 11:23:00.759996 2309565 finetune.py:68] layer 20_o @ epoch 2 new loss 1.913068990688771e-05 old loss 1.9343277017469518e-05 BETTER
I0328 11:23:05.463423 2309707 finetune.py:68] layer 21_o @ epoch 1 new loss 2.4052647859207354e-05 old loss 2.4508917704224586e-05 BETTER
I0328 11:23:11.478660 2309843 finetune.py:45] layer 22_o initial loss 2.2852211259305477e-05
I0328 11:23:22.644264 2309982 finetune.py:68] layer 23_k @ epoch 3 new loss 9.413993211637717e-06 old loss 9.459420653001871e-06 BETTER
I0328 11:23:37.077318 2309565 finetune.py:68] layer 20_o @ epoch 3 new loss 1.8954979168483987e-05 old loss 1.913068990688771e-05 BETTER
I0328 11:23:39.281748 2309707 finetune.py:68] layer 21_o @ epoch 2 new loss 2.3731234250590205e-05 old loss 2.4052647859207354e-05 BETTER
I0328 11:23:44.395920 2309843 finetune.py:68] layer 22_o @ epoch 0 new loss 2.2087464458309114e-05 old loss 2.2852211259305477e-05 BETTER
I0328 11:23:56.800752 2309982 finetune.py:68] layer 23_k @ epoch 4 new loss 9.37358163355384e-06 old loss 9.413993211637717e-06 BETTER
I0328 11:24:13.135616 2309707 finetune.py:68] layer 21_o @ epoch 3 new loss 2.347466943319887e-05 old loss 2.3731234250590205e-05 BETTER
I0328 11:24:13.154957 2309565 finetune.py:68] layer 20_o @ epoch 4 new loss 1.8818393073161133e-05 old loss 1.8954979168483987e-05 BETTER
I0328 11:24:17.069810 2309982 finetune.py:45] layer 23_o initial loss 2.359294558118563e-05
I0328 11:24:18.316174 2309843 finetune.py:68] layer 22_o @ epoch 1 new loss 2.1797388399136253e-05 old loss 2.2087464458309114e-05 BETTER
I0328 11:24:45.509750 2309565 finetune.py:45] layer 20_up initial loss 5.8088353398488835e-05
I0328 11:24:47.533667 2309707 finetune.py:68] layer 21_o @ epoch 4 new loss 2.3267086362466216e-05 old loss 2.347466943319887e-05 BETTER
I0328 11:24:49.525130 2309982 finetune.py:68] layer 23_o @ epoch 0 new loss 2.268259777338244e-05 old loss 2.359294558118563e-05 BETTER
I0328 11:24:52.260896 2309843 finetune.py:68] layer 22_o @ epoch 2 new loss 2.159266841772478e-05 old loss 2.1797388399136253e-05 BETTER
I0328 11:25:17.437798 2309565 finetune.py:68] layer 20_up @ epoch 0 new loss 5.7046388974413276e-05 old loss 5.8088353398488835e-05 BETTER
I0328 11:25:19.430797 2309707 finetune.py:45] layer 21_up initial loss 6.800628761993721e-05
I0328 11:25:23.055305 2309982 finetune.py:68] layer 23_o @ epoch 1 new loss 2.239048626506701e-05 old loss 2.268259777338244e-05 BETTER
I0328 11:25:26.389847 2309843 finetune.py:68] layer 22_o @ epoch 3 new loss 2.1438854673760943e-05 old loss 2.159266841772478e-05 BETTER
I0328 11:25:50.055997 2309707 finetune.py:68] layer 21_up @ epoch 0 new loss 6.672210292890668e-05 old loss 6.800628761993721e-05 BETTER
I0328 11:25:50.911988 2309565 finetune.py:68] layer 20_up @ epoch 1 new loss 5.6273656809935346e-05 old loss 5.7046388974413276e-05 BETTER
I0328 11:25:56.911953 2309982 finetune.py:68] layer 23_o @ epoch 2 new loss 2.218016015831381e-05 old loss 2.239048626506701e-05 BETTER
I0328 11:26:00.548402 2309843 finetune.py:68] layer 22_o @ epoch 4 new loss 2.1311550881364383e-05 old loss 2.1438854673760943e-05 BETTER
I0328 11:26:22.065360 2309707 finetune.py:68] layer 21_up @ epoch 1 new loss 6.578236207133159e-05 old loss 6.672210292890668e-05 BETTER
I0328 11:26:24.576437 2309565 finetune.py:68] layer 20_up @ epoch 2 new loss 5.563014929066412e-05 old loss 5.6273656809935346e-05 BETTER
I0328 11:26:30.596048 2309982 finetune.py:68] layer 23_o @ epoch 3 new loss 2.2021631593815982e-05 old loss 2.218016015831381e-05 BETTER
I0328 11:26:32.351586 2309843 finetune.py:45] layer 22_up initial loss 6.834571831859648e-05
I0328 11:26:54.221556 2309707 finetune.py:68] layer 21_up @ epoch 2 new loss 6.499804294435307e-05 old loss 6.578236207133159e-05 BETTER
I0328 11:26:58.490292 2309565 finetune.py:68] layer 20_up @ epoch 3 new loss 5.506689922185615e-05 old loss 5.563014929066412e-05 BETTER
I0328 11:27:03.149430 2309843 finetune.py:68] layer 22_up @ epoch 0 new loss 6.711923197144642e-05 old loss 6.834571831859648e-05 BETTER
I0328 11:27:04.156137 2309982 finetune.py:68] layer 23_o @ epoch 4 new loss 2.1898949853493832e-05 old loss 2.2021631593815982e-05 BETTER
I0328 11:27:26.557724 2309707 finetune.py:68] layer 21_up @ epoch 3 new loss 6.432678492274135e-05 old loss 6.499804294435307e-05 BETTER
I0328 11:27:32.382835 2309565 finetune.py:68] layer 20_up @ epoch 4 new loss 5.458018495119177e-05 old loss 5.506689922185615e-05 BETTER
I0328 11:27:35.382290 2309843 finetune.py:68] layer 22_up @ epoch 1 new loss 6.625973037444055e-05 old loss 6.711923197144642e-05 BETTER
I0328 11:27:36.493278 2309982 finetune.py:45] layer 23_up initial loss 7.297651609405875e-05
I0328 11:27:58.882591 2309707 finetune.py:68] layer 21_up @ epoch 4 new loss 6.374187796609476e-05 old loss 6.432678492274135e-05 BETTER
I0328 11:28:04.223106 2309565 finetune.py:45] layer 20_gate initial loss 6.92011890350841e-05
I0328 11:28:06.724519 2309982 finetune.py:68] layer 23_up @ epoch 0 new loss 7.182233093772084e-05 old loss 7.297651609405875e-05 BETTER
I0328 11:28:07.695583 2309843 finetune.py:68] layer 22_up @ epoch 2 new loss 6.55425974400714e-05 old loss 6.625973037444055e-05 BETTER
I0328 11:28:30.462092 2309707 finetune.py:45] layer 21_gate initial loss 8.038343366933987e-05
I0328 11:28:34.373770 2309565 finetune.py:68] layer 20_gate @ epoch 0 new loss 6.86850180500187e-05 old loss 6.92011890350841e-05 BETTER
I0328 11:28:37.932915 2309982 finetune.py:68] layer 23_up @ epoch 1 new loss 7.099258073139936e-05 old loss 7.182233093772084e-05 BETTER
I0328 11:28:39.835321 2309843 finetune.py:68] layer 22_up @ epoch 3 new loss 6.493108230642974e-05 old loss 6.55425974400714e-05 BETTER
I0328 11:28:58.890137 2309707 finetune.py:68] layer 21_gate @ epoch 0 new loss 7.975639164214954e-05 old loss 8.038343366933987e-05 BETTER
I0328 11:29:05.675795 2309565 finetune.py:68] layer 20_gate @ epoch 1 new loss 6.825260061305016e-05 old loss 6.86850180500187e-05 BETTER
I0328 11:29:09.332108 2309982 finetune.py:68] layer 23_up @ epoch 2 new loss 7.031446148175746e-05 old loss 7.099258073139936e-05 BETTER
I0328 11:29:12.120972 2309843 finetune.py:68] layer 22_up @ epoch 4 new loss 6.43937528366223e-05 old loss 6.493108230642974e-05 BETTER
I0328 11:29:28.201433 2309707 finetune.py:68] layer 21_gate @ epoch 1 new loss 7.924368401290849e-05 old loss 7.975639164214954e-05 BETTER
I0328 11:29:37.395605 2309565 finetune.py:68] layer 20_gate @ epoch 2 new loss 6.786733865737915e-05 old loss 6.825260061305016e-05 BETTER
I0328 11:29:40.907653 2309982 finetune.py:68] layer 23_up @ epoch 3 new loss 6.973600829951465e-05 old loss 7.031446148175746e-05 BETTER
I0328 11:29:44.651858 2309843 finetune.py:45] layer 22_gate initial loss 8.254372369265184e-05
I0328 11:29:57.982258 2309707 finetune.py:68] layer 21_gate @ epoch 2 new loss 7.878642645664513e-05 old loss 7.924368401290849e-05 BETTER
I0328 11:30:09.101527 2309565 finetune.py:68] layer 20_gate @ epoch 3 new loss 6.752618355676532e-05 old loss 6.786733865737915e-05 BETTER
I0328 11:30:12.408054 2309982 finetune.py:68] layer 23_up @ epoch 4 new loss 6.923508044565096e-05 old loss 6.973600829951465e-05 BETTER
I0328 11:30:13.255766 2309843 finetune.py:68] layer 22_gate @ epoch 0 new loss 8.196454291464761e-05 old loss 8.254372369265184e-05 BETTER
I0328 11:30:27.632026 2309707 finetune.py:68] layer 21_gate @ epoch 3 new loss 7.838521560188383e-05 old loss 7.878642645664513e-05 BETTER
I0328 11:30:40.820727 2309565 finetune.py:68] layer 20_gate @ epoch 4 new loss 6.721428508171812e-05 old loss 6.752618355676532e-05 BETTER
I0328 11:30:43.063209 2309843 finetune.py:68] layer 22_gate @ epoch 1 new loss 8.1489713920746e-05 old loss 8.196454291464761e-05 BETTER
I0328 11:30:44.492000 2309982 finetune.py:45] layer 23_gate initial loss 8.972997602541e-05
I0328 11:30:57.469080 2309707 finetune.py:68] layer 21_gate @ epoch 4 new loss 7.80189293436706e-05 old loss 7.838521560188383e-05 BETTER
I0328 11:31:12.664010 2309982 finetune.py:68] layer 23_gate @ epoch 0 new loss 8.920003165258095e-05 old loss 8.972997602541e-05 BETTER
I0328 11:31:13.034481 2309843 finetune.py:68] layer 22_gate @ epoch 2 new loss 8.107658504741266e-05 old loss 8.1489713920746e-05 BETTER
I0328 11:31:36.640548 2309565 finetune.py:45] layer 20_down initial loss 0.00012046089977957308
I0328 11:31:41.851404 2309982 finetune.py:68] layer 23_gate @ epoch 1 new loss 8.876946958480403e-05 old loss 8.920003165258095e-05 BETTER
I0328 11:31:43.017373 2309843 finetune.py:68] layer 22_gate @ epoch 3 new loss 8.070688636507839e-05 old loss 8.107658504741266e-05 BETTER
I0328 11:31:54.060050 2309707 finetune.py:45] layer 21_down initial loss 0.0001400188048137352
I0328 11:32:03.892609 2309565 finetune.py:68] layer 20_down @ epoch 0 new loss 0.00012045902985846624 old loss 0.00012046089977957308 BETTER
I0328 11:32:11.413443 2309982 finetune.py:68] layer 23_gate @ epoch 2 new loss 8.839167276164517e-05 old loss 8.876946958480403e-05 BETTER
