I0328 02:45:39.257532 2100301 finetune.py:68] layer 4_q @ epoch 0 new loss 8.700289072294254e-06 old loss 8.991915819933638e-06 BETTER
I0328 02:45:49.519678 2102647 finetune.py:68] layer 7_v @ epoch 0 new loss 1.9977382180513814e-05 old loss 3.172752258251421e-05 BETTER
I0328 02:45:49.956384 2101890 finetune.py:68] layer 6_v @ epoch 2 new loss 1.4619824469264131e-05 old loss 1.51614231072017e-05 BETTER
I0328 02:45:50.245158 2101133 finetune.py:68] layer 5_v @ epoch 4 new loss 1.1216628081456292e-05 old loss 1.1440298294473905e-05 BETTER
I0328 02:46:09.391659 2101133 finetune.py:45] layer 5_q initial loss 1.3588407455245033e-05
I0328 02:46:15.882271 2100301 finetune.py:68] layer 4_q @ epoch 1 new loss 8.542007890355308e-06 old loss 8.700289072294254e-06 BETTER
I0328 02:46:23.835947 2102647 finetune.py:68] layer 7_v @ epoch 1 new loss 1.8804139472194947e-05 old loss 1.9977382180513814e-05 BETTER
I0328 02:46:25.340347 2101890 finetune.py:68] layer 6_v @ epoch 3 new loss 1.4286623809312005e-05 old loss 1.4619824469264131e-05 BETTER
I0328 02:46:43.263589 2101133 finetune.py:68] layer 5_q @ epoch 0 new loss 1.3248958566691726e-05 old loss 1.3588407455245033e-05 BETTER
I0328 02:46:52.991702 2100301 finetune.py:68] layer 4_q @ epoch 2 new loss 8.418499419349246e-06 old loss 8.542007890355308e-06 BETTER
I0328 02:46:58.516418 2102647 finetune.py:68] layer 7_v @ epoch 2 new loss 1.8236298274132423e-05 old loss 1.8804139472194947e-05 BETTER
I0328 02:47:00.727960 2101890 finetune.py:68] layer 6_v @ epoch 4 new loss 1.4041877875570208e-05 old loss 1.4286623809312005e-05 BETTER
I0328 02:47:17.796263 2101133 finetune.py:68] layer 5_q @ epoch 1 new loss 1.3045793821220286e-05 old loss 1.3248958566691726e-05 BETTER
I0328 02:47:20.269172 2101890 finetune.py:45] layer 6_q initial loss 1.6890848201001063e-05
I0328 02:47:30.181274 2100301 finetune.py:68] layer 4_q @ epoch 3 new loss 8.317153515235987e-06 old loss 8.418499419349246e-06 BETTER
I0328 02:47:33.268987 2102647 finetune.py:68] layer 7_v @ epoch 3 new loss 1.7867809219751507e-05 old loss 1.8236298274132423e-05 BETTER
I0328 02:47:52.496043 2101133 finetune.py:68] layer 5_q @ epoch 2 new loss 1.2883460840384942e-05 old loss 1.3045793821220286e-05 BETTER
I0328 02:47:54.011394 2101890 finetune.py:68] layer 6_q @ epoch 0 new loss 1.654260813666042e-05 old loss 1.6890848201001063e-05 BETTER
I0328 02:48:07.434943 2100301 finetune.py:68] layer 4_q @ epoch 4 new loss 8.228969818446785e-06 old loss 8.317153515235987e-06 BETTER
I0328 02:48:08.123764 2102647 finetune.py:68] layer 7_v @ epoch 4 new loss 1.758916005201172e-05 old loss 1.7867809219751507e-05 BETTER
I0328 02:48:25.464152 2100301 finetune.py:45] layer 4_k initial loss 8.769300620770082e-06
I0328 02:48:27.669848 2101133 finetune.py:68] layer 5_q @ epoch 3 new loss 1.2749259440170135e-05 old loss 1.2883460840384942e-05 BETTER
I0328 02:48:28.372105 2102647 finetune.py:45] layer 7_q initial loss 2.1808946257806383e-05
I0328 02:48:29.255146 2101890 finetune.py:68] layer 6_q @ epoch 1 new loss 1.6305573808494955e-05 old loss 1.654260813666042e-05 BETTER
I0328 02:49:00.836978 2100301 finetune.py:68] layer 4_k @ epoch 0 new loss 8.674921446072403e-06 old loss 8.769300620770082e-06 BETTER
I0328 02:49:01.850845 2102647 finetune.py:68] layer 7_q @ epoch 0 new loss 2.1351781470002607e-05 old loss 2.1808946257806383e-05 BETTER
I0328 02:49:02.721328 2101133 finetune.py:68] layer 5_q @ epoch 4 new loss 1.2633010555873625e-05 old loss 1.2749259440170135e-05 BETTER
I0328 02:49:04.336859 2101890 finetune.py:68] layer 6_q @ epoch 2 new loss 1.6113437595777214e-05 old loss 1.6305573808494955e-05 BETTER
I0328 02:49:20.653989 2101133 finetune.py:45] layer 5_k initial loss 1.330626673734514e-05
I0328 02:49:36.143010 2102647 finetune.py:68] layer 7_q @ epoch 1 new loss 2.1062936866655946e-05 old loss 2.1351781470002607e-05 BETTER
I0328 02:49:37.706027 2100301 finetune.py:68] layer 4_k @ epoch 1 new loss 8.605102266301401e-06 old loss 8.674921446072403e-06 BETTER
I0328 02:49:39.343475 2101890 finetune.py:68] layer 6_q @ epoch 3 new loss 1.5950316083035432e-05 old loss 1.6113437595777214e-05 BETTER
I0328 02:49:54.801344 2101133 finetune.py:68] layer 5_k @ epoch 0 new loss 1.3158650290279184e-05 old loss 1.330626673734514e-05 BETTER
I0328 02:50:10.806029 2102647 finetune.py:68] layer 7_q @ epoch 2 new loss 2.0818539269384928e-05 old loss 2.1062936866655946e-05 BETTER
I0328 02:50:14.633918 2101890 finetune.py:68] layer 6_q @ epoch 4 new loss 1.5803821952431463e-05 old loss 1.5950316083035432e-05 BETTER
I0328 02:50:14.719005 2100301 finetune.py:68] layer 4_k @ epoch 2 new loss 8.544949196220841e-06 old loss 8.605102266301401e-06 BETTER
I0328 02:50:29.193078 2101133 finetune.py:68] layer 5_k @ epoch 1 new loss 1.3060956007393543e-05 old loss 1.3158650290279184e-05 BETTER
I0328 02:50:32.643571 2101890 finetune.py:45] layer 6_k initial loss 1.671581412665546e-05
I0328 02:50:45.238746 2102647 finetune.py:68] layer 7_q @ epoch 3 new loss 2.0626659534173086e-05 old loss 2.0818539269384928e-05 BETTER
I0328 02:50:51.441323 2100301 finetune.py:68] layer 4_k @ epoch 3 new loss 8.49185380502604e-06 old loss 8.544949196220841e-06 BETTER
I0328 02:51:03.760957 2101133 finetune.py:68] layer 5_k @ epoch 2 new loss 1.2977428013982717e-05 old loss 1.3060956007393543e-05 BETTER
I0328 02:51:06.351078 2101890 finetune.py:68] layer 6_k @ epoch 0 new loss 1.6511954527231865e-05 old loss 1.671581412665546e-05 BETTER
I0328 02:51:19.540350 2102647 finetune.py:68] layer 7_q @ epoch 4 new loss 2.044434404524509e-05 old loss 2.0626659534173086e-05 BETTER
I0328 02:51:28.436165 2100301 finetune.py:68] layer 4_k @ epoch 4 new loss 8.44165242597228e-06 old loss 8.49185380502604e-06 BETTER
I0328 02:51:37.468045 2102647 finetune.py:45] layer 7_k initial loss 2.1578793166554533e-05
I0328 02:51:38.619550 2101133 finetune.py:68] layer 5_k @ epoch 3 new loss 1.2904130926472135e-05 old loss 1.2977428013982717e-05 BETTER
I0328 02:51:41.107722 2101890 finetune.py:68] layer 6_k @ epoch 1 new loss 1.6399204469053075e-05 old loss 1.6511954527231865e-05 BETTER
I0328 02:51:47.934251 2100301 finetune.py:45] layer 4_o initial loss 2.043757376668509e-05
I0328 02:52:10.501800 2102647 finetune.py:68] layer 7_k @ epoch 0 new loss 2.1356403522077017e-05 old loss 2.1578793166554533e-05 BETTER
I0328 02:52:13.335988 2101133 finetune.py:68] layer 5_k @ epoch 4 new loss 1.2835186680604238e-05 old loss 1.2904130926472135e-05 BETTER
I0328 02:52:16.025839 2101890 finetune.py:68] layer 6_k @ epoch 2 new loss 1.6293524822685868e-05 old loss 1.6399204469053075e-05 BETTER
I0328 02:52:22.972769 2100301 finetune.py:68] layer 4_o @ epoch 0 new loss 1.9033665012102574e-05 old loss 2.043757376668509e-05 BETTER
I0328 02:52:32.853133 2101133 finetune.py:45] layer 5_o initial loss 2.739956835284829e-05
I0328 02:52:44.656082 2102647 finetune.py:68] layer 7_k @ epoch 1 new loss 2.1214562366367318e-05 old loss 2.1356403522077017e-05 BETTER
I0328 02:52:50.941642 2101890 finetune.py:68] layer 6_k @ epoch 3 new loss 1.620082912268117e-05 old loss 1.6293524822685868e-05 BETTER
I0328 02:52:59.030366 2100301 finetune.py:68] layer 4_o @ epoch 1 new loss 1.8645789168658666e-05 old loss 1.9033665012102574e-05 BETTER
I0328 02:53:05.712144 2101133 finetune.py:68] layer 5_o @ epoch 0 new loss 2.5960072889574803e-05 old loss 2.739956835284829e-05 BETTER
I0328 02:53:18.768420 2102647 finetune.py:68] layer 7_k @ epoch 2 new loss 2.108753142238129e-05 old loss 2.1214562366367318e-05 BETTER
I0328 02:53:25.839301 2101890 finetune.py:68] layer 6_k @ epoch 4 new loss 1.612005326023791e-05 old loss 1.620082912268117e-05 BETTER
I0328 02:53:35.000647 2100301 finetune.py:68] layer 4_o @ epoch 2 new loss 1.8400800399831496e-05 old loss 1.8645789168658666e-05 BETTER
I0328 02:53:39.571167 2101133 finetune.py:68] layer 5_o @ epoch 1 new loss 2.5539107809890993e-05 old loss 2.5960072889574803e-05 BETTER
I0328 02:53:45.462979 2101890 finetune.py:45] layer 6_o initial loss 3.709709562826902e-05
I0328 02:53:52.817392 2102647 finetune.py:68] layer 7_k @ epoch 3 new loss 2.097472497553099e-05 old loss 2.108753142238129e-05 BETTER
I0328 02:54:11.047528 2100301 finetune.py:68] layer 4_o @ epoch 3 new loss 1.821788464440033e-05 old loss 1.8400800399831496e-05 BETTER
I0328 02:54:13.649380 2101133 finetune.py:68] layer 5_o @ epoch 2 new loss 2.526334355934523e-05 old loss 2.5539107809890993e-05 BETTER
I0328 02:54:18.471584 2101890 finetune.py:68] layer 6_o @ epoch 0 new loss 3.5564120480557904e-05 old loss 3.709709562826902e-05 BETTER
I0328 02:54:26.840382 2102647 finetune.py:68] layer 7_k @ epoch 4 new loss 2.0869503714493476e-05 old loss 2.097472497553099e-05 BETTER
I0328 02:54:46.524098 2102647 finetune.py:45] layer 7_o initial loss 4.633871867554262e-05
I0328 02:54:47.157181 2100301 finetune.py:68] layer 4_o @ epoch 4 new loss 1.806794352887664e-05 old loss 1.821788464440033e-05 BETTER
I0328 02:54:47.836442 2101133 finetune.py:68] layer 5_o @ epoch 3 new loss 2.505238080630079e-05 old loss 2.526334355934523e-05 BETTER
I0328 02:54:52.695616 2101890 finetune.py:68] layer 6_o @ epoch 1 new loss 3.5057881177635863e-05 old loss 3.5564120480557904e-05 BETTER
I0328 02:55:18.439154 2100301 finetune.py:45] layer 4_up initial loss 4.1255403630202636e-05
I0328 02:55:18.877652 2102647 finetune.py:68] layer 7_o @ epoch 0 new loss 4.4851683924207464e-05 old loss 4.633871867554262e-05 BETTER
I0328 02:55:22.060827 2101133 finetune.py:68] layer 5_o @ epoch 4 new loss 2.4880066121113487e-05 old loss 2.505238080630079e-05 BETTER
I0328 02:55:27.133874 2101890 finetune.py:68] layer 6_o @ epoch 2 new loss 3.469868897809647e-05 old loss 3.5057881177635863e-05 BETTER
I0328 02:55:50.677672 2100301 finetune.py:68] layer 4_up @ epoch 0 new loss 4.089180947630666e-05 old loss 4.1255403630202636e-05 BETTER
I0328 02:55:52.450119 2102647 finetune.py:68] layer 7_o @ epoch 1 new loss 4.423446807777509e-05 old loss 4.4851683924207464e-05 BETTER
I0328 02:55:53.564424 2101133 finetune.py:45] layer 5_up initial loss 5.853546463185921e-05
I0328 02:56:01.341072 2101890 finetune.py:68] layer 6_o @ epoch 3 new loss 3.441136868786998e-05 old loss 3.469868897809647e-05 BETTER
I0328 02:56:24.311393 2100301 finetune.py:68] layer 4_up @ epoch 1 new loss 4.064696258865297e-05 old loss 4.089180947630666e-05 BETTER
I0328 02:56:24.442572 2101133 finetune.py:68] layer 5_up @ epoch 0 new loss 5.7926725276047364e-05 old loss 5.853546463185921e-05 BETTER
I0328 02:56:26.143542 2102647 finetune.py:68] layer 7_o @ epoch 2 new loss 4.377562800073065e-05 old loss 4.423446807777509e-05 BETTER
I0328 02:56:35.575422 2101890 finetune.py:68] layer 6_o @ epoch 4 new loss 3.4162545489380136e-05 old loss 3.441136868786998e-05 BETTER
I0328 02:56:56.417507 2101133 finetune.py:68] layer 5_up @ epoch 1 new loss 5.751967546530068e-05 old loss 5.7926725276047364e-05 BETTER
I0328 02:56:58.171694 2100301 finetune.py:68] layer 4_up @ epoch 2 new loss 4.0440831071464345e-05 old loss 4.064696258865297e-05 BETTER
I0328 02:56:59.789018 2102647 finetune.py:68] layer 7_o @ epoch 3 new loss 4.339448787504807e-05 old loss 4.377562800073065e-05 BETTER
I0328 02:57:07.054281 2101890 finetune.py:45] layer 6_up initial loss 7.680593262193725e-05
I0328 02:57:28.781598 2101133 finetune.py:68] layer 5_up @ epoch 2 new loss 5.716943633160554e-05 old loss 5.751967546530068e-05 BETTER
I0328 02:57:32.257391 2100301 finetune.py:68] layer 4_up @ epoch 3 new loss 4.0252507460536435e-05 old loss 4.0440831071464345e-05 BETTER
I0328 02:57:33.324884 2102647 finetune.py:68] layer 7_o @ epoch 4 new loss 4.3069147068308666e-05 old loss 4.339448787504807e-05 BETTER
I0328 02:57:38.150276 2101890 finetune.py:68] layer 6_up @ epoch 0 new loss 7.591340545332059e-05 old loss 7.680593262193725e-05 BETTER
I0328 02:58:00.972418 2101133 finetune.py:68] layer 5_up @ epoch 3 new loss 5.6854889407986775e-05 old loss 5.716943633160554e-05 BETTER
I0328 02:58:05.023390 2102647 finetune.py:45] layer 7_up initial loss 8.91157251317054e-05
I0328 02:58:06.278960 2100301 finetune.py:68] layer 4_up @ epoch 4 new loss 4.00795615860261e-05 old loss 4.0252507460536435e-05 BETTER
I0328 02:58:10.379730 2101890 finetune.py:68] layer 6_up @ epoch 1 new loss 7.529590948252007e-05 old loss 7.591340545332059e-05 BETTER
I0328 02:58:33.300026 2101133 finetune.py:68] layer 5_up @ epoch 4 new loss 5.656283610733226e-05 old loss 5.6854889407986775e-05 BETTER
I0328 02:58:35.377803 2102647 finetune.py:68] layer 7_up @ epoch 0 new loss 8.806646656012163e-05 old loss 8.91157251317054e-05 BETTER
I0328 02:58:37.546481 2100301 finetune.py:45] layer 4_gate initial loss 4.876167804468423e-05
I0328 02:58:42.543577 2101890 finetune.py:68] layer 6_up @ epoch 2 new loss 7.475847087334841e-05 old loss 7.529590948252007e-05 BETTER
I0328 02:59:04.650054 2101133 finetune.py:45] layer 5_gate initial loss 6.90021479385905e-05
I0328 02:59:06.793476 2102647 finetune.py:68] layer 7_up @ epoch 1 new loss 8.733960567042232e-05 old loss 8.806646656012163e-05 BETTER
I0328 02:59:07.697433 2100301 finetune.py:68] layer 4_gate @ epoch 0 new loss 4.854059443459846e-05 old loss 4.876167804468423e-05 BETTER
I0328 02:59:14.884771 2101890 finetune.py:68] layer 6_up @ epoch 3 new loss 7.427246600855142e-05 old loss 7.475847087334841e-05 BETTER
I0328 02:59:33.209126 2101133 finetune.py:68] layer 5_gate @ epoch 0 new loss 6.863531598355621e-05 old loss 6.90021479385905e-05 BETTER
I0328 02:59:38.269849 2102647 finetune.py:68] layer 7_up @ epoch 2 new loss 8.669865201227367e-05 old loss 8.733960567042232e-05 BETTER
I0328 02:59:39.030923 2100301 finetune.py:68] layer 4_gate @ epoch 1 new loss 4.836032530874945e-05 old loss 4.854059443459846e-05 BETTER
I0328 02:59:47.208647 2101890 finetune.py:68] layer 6_up @ epoch 4 new loss 7.381883187917992e-05 old loss 7.427246600855142e-05 BETTER
I0328 03:00:02.916329 2101133 finetune.py:68] layer 5_gate @ epoch 1 new loss 6.833922088844702e-05 old loss 6.863531598355621e-05 BETTER
I0328 03:00:09.713840 2102647 finetune.py:68] layer 7_up @ epoch 3 new loss 8.611561497673392e-05 old loss 8.669865201227367e-05 BETTER
I0328 03:00:10.375777 2100301 finetune.py:68] layer 4_gate @ epoch 2 new loss 4.8195604904321954e-05 old loss 4.836032530874945e-05 BETTER
I0328 03:00:19.054826 2101890 finetune.py:45] layer 6_gate initial loss 8.84791516000405e-05
I0328 03:00:32.698231 2101133 finetune.py:68] layer 5_gate @ epoch 2 new loss 6.806811143178493e-05 old loss 6.833922088844702e-05 BETTER
I0328 03:00:41.207717 2102647 finetune.py:68] layer 7_up @ epoch 4 new loss 8.557259570807219e-05 old loss 8.611561497673392e-05 BETTER
I0328 03:00:41.965744 2100301 finetune.py:68] layer 4_gate @ epoch 3 new loss 4.804213676834479e-05 old loss 4.8195604904321954e-05 BETTER
I0328 03:00:47.624775 2101890 finetune.py:68] layer 6_gate @ epoch 0 new loss 8.793062443146482e-05 old loss 8.84791516000405e-05 BETTER
I0328 03:01:02.543355 2101133 finetune.py:68] layer 5_gate @ epoch 3 new loss 6.782162381568924e-05 old loss 6.806811143178493e-05 BETTER
I0328 03:01:12.763485 2102647 finetune.py:45] layer 7_gate initial loss 0.00010324314644094557
I0328 03:01:13.549227 2100301 finetune.py:68] layer 4_gate @ epoch 4 new loss 4.789750528289005e-05 old loss 4.804213676834479e-05 BETTER
I0328 03:01:17.261945 2101890 finetune.py:68] layer 6_gate @ epoch 1 new loss 8.749166590860114e-05 old loss 8.793062443146482e-05 BETTER
I0328 03:01:32.401310 2101133 finetune.py:68] layer 5_gate @ epoch 4 new loss 6.758312520105392e-05 old loss 6.782162381568924e-05 BETTER
I0328 03:01:40.880652 2102647 finetune.py:68] layer 7_gate @ epoch 0 new loss 0.0001025994133669883 old loss 0.00010324314644094557 BETTER
I0328 03:01:47.237858 2101890 finetune.py:68] layer 6_gate @ epoch 2 new loss 8.709637040738016e-05 old loss 8.749166590860114e-05 BETTER
I0328 03:02:08.590012 2100301 finetune.py:45] layer 4_down initial loss 7.788205402903259e-05
I0328 03:02:10.237341 2102647 finetune.py:68] layer 7_gate @ epoch 1 new loss 0.0001020928830257617 old loss 0.0001025994133669883 BETTER
I0328 03:02:17.237863 2101890 finetune.py:68] layer 6_gate @ epoch 3 new loss 8.672690455568954e-05 old loss 8.709637040738016e-05 BETTER
I0328 03:02:29.501836 2101133 finetune.py:45] layer 5_down initial loss 0.00010879701585508883
I0328 03:02:35.924021 2100301 finetune.py:68] layer 4_down @ epoch 0 new loss 7.787035428918898e-05 old loss 7.788205402903259e-05 BETTER
I0328 03:02:39.488637 2102647 finetune.py:68] layer 7_gate @ epoch 2 new loss 0.00010163503611693159 old loss 0.0001020928830257617 BETTER
I0328 03:02:47.142444 2101890 finetune.py:68] layer 6_gate @ epoch 4 new loss 8.637843711767346e-05 old loss 8.672690455568954e-05 BETTER
I0328 03:02:55.638721 2101133 finetune.py:68] layer 5_down @ epoch 0 new loss 0.00010878387547563761 old loss 0.00010879701585508883 BETTER
I0328 03:03:04.625009 2100301 finetune.py:68] layer 4_down @ epoch 1 new loss 7.786123751429841e-05 old loss 7.787035428918898e-05 BETTER
I0328 03:03:08.792666 2102647 finetune.py:68] layer 7_gate @ epoch 3 new loss 0.00010120440856553614 old loss 0.00010163503611693159 BETTER
I0328 03:03:22.914380 2101133 finetune.py:68] layer 5_down @ epoch 1 new loss 0.00010877296153921634 old loss 0.00010878387547563761 BETTER
I0328 03:03:33.549805 2100301 finetune.py:68] layer 4_down @ epoch 2 new loss 7.785397610859945e-05 old loss 7.786123751429841e-05 BETTER
I0328 03:03:38.000696 2102647 finetune.py:68] layer 7_gate @ epoch 4 new loss 0.00010080197534989566 old loss 0.00010120440856553614 BETTER
I0328 03:03:43.688055 2101890 finetune.py:45] layer 6_down initial loss 0.00013633407070301473
I0328 03:03:50.474451 2101133 finetune.py:68] layer 5_down @ epoch 2 new loss 0.00010876347369048744 old loss 0.00010877296153921634 BETTER
I0328 03:04:02.715910 2100301 finetune.py:68] layer 4_down @ epoch 3 new loss 7.784742774674669e-05 old loss 7.785397610859945e-05 BETTER
I0328 03:04:09.986201 2101890 finetune.py:68] layer 6_down @ epoch 0 new loss 0.00013632238551508635 old loss 0.00013633407070301473 BETTER
I0328 03:04:18.166867 2101133 finetune.py:68] layer 5_down @ epoch 3 new loss 0.00010875490261241794 old loss 0.00010876347369048744 BETTER
I0328 03:04:31.904252 2100301 finetune.py:68] layer 4_down @ epoch 4 new loss 7.784213084960356e-05 old loss 7.784742774674669e-05 BETTER
4_v proxy err 0.037967219948768616 tr(WHW.T) 285.30712890625
bpp_loss 2.2494104863435496
4_q proxy err 0.0010014300933107734 tr(WHW.T) 50128.9375
bpp_loss 3.0764342166949064
4_k proxy err 0.00048405895358882844 tr(WHW.T) 29277.3046875
bpp_loss 3.899239263642812
4_o proxy err 0.03031439520418644 tr(WHW.T) 1304.1240234375
bpp_loss 2.3239653643104248
4_up proxy err 0.033356811851263046 tr(WHW.T) 7376.02392578125
bpp_loss 2.4295182349160314
4_gate proxy err 0.009070989675819874 tr(WHW.T) 28986.310546875
bpp_loss 2.755420239609001
4_down proxy err 0.03810384124517441 tr(WHW.T) 6451.43115234375
bpp_loss 2.4310196907193
I0328 03:04:35.400264 2102647 finetune.py:45] layer 7_down initial loss 0.0001552467729197815
I0328 03:04:37.623101 2101890 finetune.py:68] layer 6_down @ epoch 1 new loss 0.0001363116316497326 old loss 0.00013632238551508635 BETTER
I0328 03:04:46.867520 2101133 finetune.py:68] layer 5_down @ epoch 4 new loss 0.00010874768486246467 old loss 0.00010875490261241794 BETTER
5_v proxy err 0.05282389745116234 tr(WHW.T) 208.81988525390625
bpp_loss 2.136990925617283
5_q proxy err 0.0014442632673308253 tr(WHW.T) 36008.87109375
bpp_loss 3.0528146064607427
5_k proxy err 0.0006381860584951937 tr(WHW.T) 22979.525390625
bpp_loss 3.8723730288329534
5_o proxy err 0.03252197057008743 tr(WHW.T) 1064.9248046875
bpp_loss 2.2754522605100647
5_up proxy err 0.0321197584271431 tr(WHW.T) 7653.98681640625
bpp_loss 2.434279500473557
5_gate proxy err 0.008672443218529224 tr(WHW.T) 30269.673828125
bpp_loss 2.7577895194824253
5_down proxy err 0.036746859550476074 tr(WHW.T) 6469.93115234375
bpp_loss 2.436118019744754
I0328 03:05:02.198590 2102647 finetune.py:68] layer 7_down @ epoch 0 new loss 0.0001552291796542704 old loss 0.0001552467729197815 BETTER
I0328 03:05:06.382096 2101890 finetune.py:68] layer 6_down @ epoch 2 new loss 0.00013630129978992045 old loss 0.0001363116316497326 BETTER
I0328 03:05:29.232891 2102647 finetune.py:68] layer 7_down @ epoch 1 new loss 0.00015521323075518012 old loss 0.0001552291796542704 BETTER
I0328 03:05:34.542126 2101890 finetune.py:68] layer 6_down @ epoch 3 new loss 0.00013629264140035957 old loss 0.00013630129978992045 BETTER
I0328 03:05:56.408823 2102647 finetune.py:68] layer 7_down @ epoch 2 new loss 0.0001551996247144416 old loss 0.00015521323075518012 BETTER
I0328 03:05:57.928881 2083830 quantize_finetune_llama.py:240] computed original embedding for layer 8 in 66.18835711479187s
I0328 03:06:01.934646 2115320 utils.py:146] Note: detected 128 virtual cores but NumExpr set to maximum of 64, check "NUMEXPR_MAX_THREADS" environment variable.
I0328 03:06:01.934754 2115320 utils.py:149] Note: NumExpr detected 128 cores but "NUMEXPR_MAX_THREADS" not set, so enforcing safe limit of 16.
I0328 03:06:01.934798 2115320 utils.py:162] NumExpr defaulting to 16 threads.
I0328 03:06:02.330533 2115320 config.py:54] PyTorch version 2.6.0 available.
I0328 03:06:02.372356 2101890 finetune.py:68] layer 6_down @ epoch 4 new loss 0.00013628391025122255 old loss 0.00013629264140035957 BETTER
W0328 03:06:02.542442 2115320 warnings.py:109] /opt/conda/lib/python3.10/site-packages/torchvision/io/image.py:13: UserWarning: Failed to load image Python extension: '/opt/conda/lib/python3.10/site-packages/torchvision/image.so: undefined symbol: _ZN3c1017RegisterOperatorsD1Ev'If you don't plan on using image functionality from `torchvision.io`, you can ignore this warning. Otherwise, there might be something wrong with your environment. Did you have `libjpeg` or `libpng` installed before building `torchvision` from source?
  warn(

W0328 03:06:03.117247 2115320 warnings.py:109] /opt/conda/lib/python3.10/site-packages/compressai/models/video/google.py:353: FutureWarning: `torch.cuda.amp.autocast(args...)` is deprecated. Please use `torch.amp.autocast('cuda', args...)` instead.
  @amp.autocast(enabled=False)

I0328 03:06:03.121156 2083830 quantize_finetune_llama.py:209] layer 9 gpu 1
I0328 03:06:03.135034 2115320 data_utils.py:336] using 256 training seqs, 128 validation seqs
6_v proxy err 0.044806789606809616 tr(WHW.T) 253.63377380371094
bpp_loss 2.182654587260913
6_q proxy err 0.0015074649127200246 tr(WHW.T) 35669.4375
bpp_loss 3.096887736406643
6_k proxy err 0.0005797623889520764 tr(WHW.T) 26136.654296875
bpp_loss 3.9408473677467555
6_o proxy err 0.037705257534980774 tr(WHW.T) 1018.563720703125
bpp_loss 2.304818849777803
6_up proxy err 0.030291210860013962 tr(WHW.T) 7915.3779296875
bpp_loss 2.433443372171106
6_gate proxy err 0.007204696536064148 tr(WHW.T) 35559.7578125
bpp_loss 2.762075497303158
6_down proxy err 0.03529488295316696 tr(WHW.T) 6537.56787109375
bpp_loss 2.4367472501637946
The attention layers in this model are transitioning from computing the RoPE embeddings internally through `position_ids` (2D tensor with the indexes of the tokens), to using externally computed `position_embeddings` (Tuple of tensors, containing cos and sin). In v4.46 `position_ids` will be removed and `position_embeddings` will be mandatory.
I0328 03:06:20.100908 2115320 finetune.py:45] layer 8_v initial loss 3.3161100873257965e-05
W0328 03:06:20.101165 2115320 warnings.py:109] /workspace/Weight_compression/comp_lm_qtip/lib/algo/finetune.py:46: FutureWarning: `torch.cuda.amp.GradScaler(args...)` is deprecated. Please use `torch.amp.GradScaler('cuda', args...)` instead.
  scaler = torch.cuda.amp.GradScaler(enabled=(orig_dtype==torch.float16))

I0328 03:06:23.660175 2102647 finetune.py:68] layer 7_down @ epoch 3 new loss 0.00015518764848820865 old loss 0.0001551996247144416 BETTER
I0328 03:06:50.955737 2102647 finetune.py:68] layer 7_down @ epoch 4 new loss 0.0001551768509671092 old loss 0.00015518764848820865 BETTER
7_v proxy err 0.03711007907986641 tr(WHW.T) 309.4270935058594
bpp_loss 2.1808424551272765
7_q proxy err 0.0015360291581600904 tr(WHW.T) 35160.80078125
bpp_loss 3.0266187083907425
7_k proxy err 0.0005769011913798749 tr(WHW.T) 26809.849609375
bpp_loss 3.9619686943478882
7_o proxy err 0.0331055112183094 tr(WHW.T) 969.447021484375
bpp_loss 2.3158684634254314
7_up proxy err 0.027470696717500687 tr(WHW.T) 8617.0869140625
bpp_loss 2.4460508791463718
7_gate proxy err 0.007206449750810862 tr(WHW.T) 34819.43359375
bpp_loss 2.7344354480904127
7_down proxy err 0.03534949943423271 tr(WHW.T) 6578.34521484375
bpp_loss 2.450342466389494
I0328 03:06:55.231347 2115320 finetune.py:68] layer 8_v @ epoch 0 new loss 2.2909962353878655e-05 old loss 3.3161100873257965e-05 BETTER
I0328 03:07:10.235518 2083830 quantize_finetune_llama.py:240] computed original embedding for layer 9 in 62.91358661651611s
I0328 03:07:13.823749 2116106 utils.py:146] Note: detected 128 virtual cores but NumExpr set to maximum of 64, check "NUMEXPR_MAX_THREADS" environment variable.
I0328 03:07:13.823860 2116106 utils.py:149] Note: NumExpr detected 128 cores but "NUMEXPR_MAX_THREADS" not set, so enforcing safe limit of 16.
I0328 03:07:13.823898 2116106 utils.py:162] NumExpr defaulting to 16 threads.
I0328 03:07:14.155724 2116106 config.py:54] PyTorch version 2.6.0 available.
W0328 03:07:14.344671 2116106 warnings.py:109] /opt/conda/lib/python3.10/site-packages/torchvision/io/image.py:13: UserWarning: Failed to load image Python extension: '/opt/conda/lib/python3.10/site-packages/torchvision/image.so: undefined symbol: _ZN3c1017RegisterOperatorsD1Ev'If you don't plan on using image functionality from `torchvision.io`, you can ignore this warning. Otherwise, there might be something wrong with your environment. Did you have `libjpeg` or `libpng` installed before building `torchvision` from source?
  warn(

W0328 03:07:14.917682 2116106 warnings.py:109] /opt/conda/lib/python3.10/site-packages/compressai/models/video/google.py:353: FutureWarning: `torch.cuda.amp.autocast(args...)` is deprecated. Please use `torch.amp.autocast('cuda', args...)` instead.
  @amp.autocast(enabled=False)

I0328 03:07:14.921507 2083830 quantize_finetune_llama.py:209] layer 10 gpu 2
I0328 03:07:14.936810 2116106 data_utils.py:336] using 256 training seqs, 128 validation seqs
The attention layers in this model are transitioning from computing the RoPE embeddings internally through `position_ids` (2D tensor with the indexes of the tokens), to using externally computed `position_embeddings` (Tuple of tensors, containing cos and sin). In v4.46 `position_ids` will be removed and `position_embeddings` will be mandatory.
I0328 03:07:31.656830 2116106 finetune.py:45] layer 9_v initial loss 3.6485205782810226e-05
W0328 03:07:31.657036 2116106 warnings.py:109] /workspace/Weight_compression/comp_lm_qtip/lib/algo/finetune.py:46: FutureWarning: `torch.cuda.amp.GradScaler(args...)` is deprecated. Please use `torch.amp.GradScaler('cuda', args...)` instead.
  scaler = torch.cuda.amp.GradScaler(enabled=(orig_dtype==torch.float16))

I0328 03:07:32.004840 2115320 finetune.py:68] layer 8_v @ epoch 1 new loss 2.1666628526872955e-05 old loss 2.2909962353878655e-05 BETTER
I0328 03:08:05.022529 2116106 finetune.py:68] layer 9_v @ epoch 0 new loss 2.347385998291429e-05 old loss 3.6485205782810226e-05 BETTER
I0328 03:08:09.109709 2115320 finetune.py:68] layer 8_v @ epoch 2 new loss 2.103638689732179e-05 old loss 2.1666628526872955e-05 BETTER
I0328 03:08:18.379055 2083830 quantize_finetune_llama.py:240] computed original embedding for layer 10 in 62.998051404953s
I0328 03:08:22.163304 2116860 utils.py:146] Note: detected 128 virtual cores but NumExpr set to maximum of 64, check "NUMEXPR_MAX_THREADS" environment variable.
I0328 03:08:22.163414 2116860 utils.py:149] Note: NumExpr detected 128 cores but "NUMEXPR_MAX_THREADS" not set, so enforcing safe limit of 16.
I0328 03:08:22.163458 2116860 utils.py:162] NumExpr defaulting to 16 threads.
I0328 03:08:22.512826 2116860 config.py:54] PyTorch version 2.6.0 available.
W0328 03:08:22.722691 2116860 warnings.py:109] /opt/conda/lib/python3.10/site-packages/torchvision/io/image.py:13: UserWarning: Failed to load image Python extension: '/opt/conda/lib/python3.10/site-packages/torchvision/image.so: undefined symbol: _ZN3c1017RegisterOperatorsD1Ev'If you don't plan on using image functionality from `torchvision.io`, you can ignore this warning. Otherwise, there might be something wrong with your environment. Did you have `libjpeg` or `libpng` installed before building `torchvision` from source?
  warn(

W0328 03:08:23.347739 2116860 warnings.py:109] /opt/conda/lib/python3.10/site-packages/compressai/models/video/google.py:353: FutureWarning: `torch.cuda.amp.autocast(args...)` is deprecated. Please use `torch.amp.autocast('cuda', args...)` instead.
  @amp.autocast(enabled=False)

I0328 03:08:23.351551 2083830 quantize_finetune_llama.py:209] layer 11 gpu 3
I0328 03:08:23.365428 2116860 data_utils.py:336] using 256 training seqs, 128 validation seqs
The attention layers in this model are transitioning from computing the RoPE embeddings internally through `position_ids` (2D tensor with the indexes of the tokens), to using externally computed `position_embeddings` (Tuple of tensors, containing cos and sin). In v4.46 `position_ids` will be removed and `position_embeddings` will be mandatory.
I0328 03:08:39.617554 2116106 finetune.py:68] layer 9_v @ epoch 1 new loss 2.2064379663788714e-05 old loss 2.347385998291429e-05 BETTER
I0328 03:08:40.757709 2116860 finetune.py:45] layer 10_v initial loss 4.326664929976687e-05
W0328 03:08:40.757936 2116860 warnings.py:109] /workspace/Weight_compression/comp_lm_qtip/lib/algo/finetune.py:46: FutureWarning: `torch.cuda.amp.GradScaler(args...)` is deprecated. Please use `torch.amp.GradScaler('cuda', args...)` instead.
  scaler = torch.cuda.amp.GradScaler(enabled=(orig_dtype==torch.float16))

I0328 03:08:46.070684 2115320 finetune.py:68] layer 8_v @ epoch 3 new loss 2.0605368263204582e-05 old loss 2.103638689732179e-05 BETTER
I0328 03:09:14.356126 2116860 finetune.py:68] layer 10_v @ epoch 0 new loss 3.118481981800869e-05 old loss 4.326664929976687e-05 BETTER
I0328 03:09:14.558823 2116106 finetune.py:68] layer 9_v @ epoch 2 new loss 2.1360194295994006e-05 old loss 2.2064379663788714e-05 BETTER
I0328 03:09:23.024609 2115320 finetune.py:68] layer 8_v @ epoch 4 new loss 2.027910522883758e-05 old loss 2.0605368263204582e-05 BETTER
I0328 03:09:27.701915 2083830 quantize_finetune_llama.py:240] computed original embedding for layer 11 in 63.86700177192688s
I0328 03:09:31.510672 2117651 utils.py:146] Note: detected 128 virtual cores but NumExpr set to maximum of 64, check "NUMEXPR_MAX_THREADS" environment variable.
I0328 03:09:31.510771 2117651 utils.py:149] Note: NumExpr detected 128 cores but "NUMEXPR_MAX_THREADS" not set, so enforcing safe limit of 16.
I0328 03:09:31.510809 2117651 utils.py:162] NumExpr defaulting to 16 threads.
I0328 03:09:31.863362 2117651 config.py:54] PyTorch version 2.6.0 available.
W0328 03:09:32.051566 2117651 warnings.py:109] /opt/conda/lib/python3.10/site-packages/torchvision/io/image.py:13: UserWarning: Failed to load image Python extension: '/opt/conda/lib/python3.10/site-packages/torchvision/image.so: undefined symbol: _ZN3c1017RegisterOperatorsD1Ev'If you don't plan on using image functionality from `torchvision.io`, you can ignore this warning. Otherwise, there might be something wrong with your environment. Did you have `libjpeg` or `libpng` installed before building `torchvision` from source?
  warn(

W0328 03:09:32.652033 2117651 warnings.py:109] /opt/conda/lib/python3.10/site-packages/compressai/models/video/google.py:353: FutureWarning: `torch.cuda.amp.autocast(args...)` is deprecated. Please use `torch.amp.autocast('cuda', args...)` instead.
  @amp.autocast(enabled=False)

I0328 03:09:32.658391 2083830 quantize_finetune_llama.py:209] layer 12 gpu 0
I0328 03:09:32.672576 2117651 data_utils.py:336] using 256 training seqs, 128 validation seqs
I0328 03:09:42.066608 2115320 finetune.py:45] layer 8_q initial loss 2.5007948352140374e-05
The attention layers in this model are transitioning from computing the RoPE embeddings internally through `position_ids` (2D tensor with the indexes of the tokens), to using externally computed `position_embeddings` (Tuple of tensors, containing cos and sin). In v4.46 `position_ids` will be removed and `position_embeddings` will be mandatory.
I0328 03:09:49.147131 2116860 finetune.py:68] layer 10_v @ epoch 1 new loss 2.9653961973963305e-05 old loss 3.118481981800869e-05 BETTER
I0328 03:09:49.711768 2116106 finetune.py:68] layer 9_v @ epoch 3 new loss 2.089972622343339e-05 old loss 2.1360194295994006e-05 BETTER
I0328 03:09:50.422981 2117651 finetune.py:45] layer 11_v initial loss 3.8140598917379975e-05
W0328 03:09:50.423202 2117651 warnings.py:109] /workspace/Weight_compression/comp_lm_qtip/lib/algo/finetune.py:46: FutureWarning: `torch.cuda.amp.GradScaler(args...)` is deprecated. Please use `torch.amp.GradScaler('cuda', args...)` instead.
  scaler = torch.cuda.amp.GradScaler(enabled=(orig_dtype==torch.float16))

I0328 03:10:17.396352 2115320 finetune.py:68] layer 8_q @ epoch 0 new loss 2.441921787976753e-05 old loss 2.5007948352140374e-05 BETTER
I0328 03:10:23.645514 2117651 finetune.py:68] layer 11_v @ epoch 0 new loss 2.7936870537814684e-05 old loss 3.8140598917379975e-05 BETTER
I0328 03:10:24.387239 2116860 finetune.py:68] layer 10_v @ epoch 2 new loss 2.884488094423432e-05 old loss 2.9653961973963305e-05 BETTER
I0328 03:10:25.055306 2116106 finetune.py:68] layer 9_v @ epoch 4 new loss 2.056034645647742e-05 old loss 2.089972622343339e-05 BETTER
I0328 03:10:44.674289 2116106 finetune.py:45] layer 9_q initial loss 2.570675133028999e-05
I0328 03:10:53.982924 2115320 finetune.py:68] layer 8_q @ epoch 1 new loss 2.4080150978988968e-05 old loss 2.441921787976753e-05 BETTER
I0328 03:10:58.087047 2117651 finetune.py:68] layer 11_v @ epoch 1 new loss 2.6515830541029572e-05 old loss 2.7936870537814684e-05 BETTER
I0328 03:10:59.769776 2116860 finetune.py:68] layer 10_v @ epoch 3 new loss 2.827207208611071e-05 old loss 2.884488094423432e-05 BETTER
I0328 03:11:18.144899 2116106 finetune.py:68] layer 9_q @ epoch 0 new loss 2.5162087695207447e-05 old loss 2.570675133028999e-05 BETTER
I0328 03:11:30.749240 2115320 finetune.py:68] layer 8_q @ epoch 2 new loss 2.3810451239114627e-05 old loss 2.4080150978988968e-05 BETTER
I0328 03:11:32.757737 2117651 finetune.py:68] layer 11_v @ epoch 2 new loss 2.576547922217287e-05 old loss 2.6515830541029572e-05 BETTER
I0328 03:11:35.053713 2116860 finetune.py:68] layer 10_v @ epoch 4 new loss 2.7826517907669768e-05 old loss 2.827207208611071e-05 BETTER
I0328 03:11:52.860907 2116106 finetune.py:68] layer 9_q @ epoch 1 new loss 2.4814669814077206e-05 old loss 2.5162087695207447e-05 BETTER
I0328 03:11:54.584450 2116860 finetune.py:45] layer 10_q initial loss 3.3825217542471364e-05
I0328 03:12:07.632368 2117651 finetune.py:68] layer 11_v @ epoch 3 new loss 2.5251341867260635e-05 old loss 2.576547922217287e-05 BETTER
I0328 03:12:07.935778 2115320 finetune.py:68] layer 8_q @ epoch 3 new loss 2.356939876335673e-05 old loss 2.3810451239114627e-05 BETTER
I0328 03:12:27.451648 2116106 finetune.py:68] layer 9_q @ epoch 2 new loss 2.4533777832402848e-05 old loss 2.4814669814077206e-05 BETTER
I0328 03:12:28.442208 2116860 finetune.py:68] layer 10_q @ epoch 0 new loss 3.3042113500414416e-05 old loss 3.3825217542471364e-05 BETTER
I0328 03:12:42.418536 2117651 finetune.py:68] layer 11_v @ epoch 4 new loss 2.484179822204169e-05 old loss 2.5251341867260635e-05 BETTER
I0328 03:12:44.945353 2115320 finetune.py:68] layer 8_q @ epoch 4 new loss 2.3367405447061174e-05 old loss 2.356939876335673e-05 BETTER
I0328 03:13:02.423609 2117651 finetune.py:45] layer 11_q initial loss 3.184324305038899e-05
I0328 03:13:02.715972 2116106 finetune.py:68] layer 9_q @ epoch 3 new loss 2.4289884095196612e-05 old loss 2.4533777832402848e-05 BETTER
I0328 03:13:02.741767 2115320 finetune.py:45] layer 8_k initial loss 2.4558215955039486e-05
I0328 03:13:03.591594 2116860 finetune.py:68] layer 10_q @ epoch 1 new loss 3.259212098782882e-05 old loss 3.3042113500414416e-05 BETTER
I0328 03:13:36.013746 2117651 finetune.py:68] layer 11_q @ epoch 0 new loss 3.111904879915528e-05 old loss 3.184324305038899e-05 BETTER
I0328 03:13:37.931845 2116106 finetune.py:68] layer 9_q @ epoch 4 new loss 2.4087910787784494e-05 old loss 2.4289884095196612e-05 BETTER
I0328 03:13:38.394303 2115320 finetune.py:68] layer 8_k @ epoch 0 new loss 2.429186315566767e-05 old loss 2.4558215955039486e-05 BETTER
I0328 03:13:38.956505 2116860 finetune.py:68] layer 10_q @ epoch 2 new loss 3.221076258341782e-05 old loss 3.259212098782882e-05 BETTER
I0328 03:13:56.172206 2116106 finetune.py:45] layer 9_k initial loss 2.5573208404239267e-05
I0328 03:14:10.414913 2117651 finetune.py:68] layer 11_q @ epoch 1 new loss 3.069714875891805e-05 old loss 3.111904879915528e-05 BETTER
I0328 03:14:14.069090 2116860 finetune.py:68] layer 10_q @ epoch 3 new loss 3.189145354554057e-05 old loss 3.221076258341782e-05 BETTER
I0328 03:14:15.114873 2115320 finetune.py:68] layer 8_k @ epoch 1 new loss 2.412312460364774e-05 old loss 2.429186315566767e-05 BETTER
I0328 03:14:29.730193 2116106 finetune.py:68] layer 9_k @ epoch 0 new loss 2.5254070351365954e-05 old loss 2.5573208404239267e-05 BETTER
I0328 03:14:44.866846 2117651 finetune.py:68] layer 11_q @ epoch 2 new loss 3.0342825994011946e-05 old loss 3.069714875891805e-05 BETTER
I0328 03:14:49.216568 2116860 finetune.py:68] layer 10_q @ epoch 4 new loss 3.160407504765317e-05 old loss 3.189145354554057e-05 BETTER
I0328 03:14:52.175668 2115320 finetune.py:68] layer 8_k @ epoch 2 new loss 2.3979897378012538e-05 old loss 2.412312460364774e-05 BETTER
I0328 03:15:04.282485 2116106 finetune.py:68] layer 9_k @ epoch 1 new loss 2.5074534278246574e-05 old loss 2.5254070351365954e-05 BETTER
I0328 03:15:07.522763 2116860 finetune.py:45] layer 10_k initial loss 3.300901153124869e-05
I0328 03:15:19.354904 2117651 finetune.py:68] layer 11_q @ epoch 3 new loss 3.006975748576224e-05 old loss 3.0342825994011946e-05 BETTER
I0328 03:15:29.099460 2115320 finetune.py:68] layer 8_k @ epoch 3 new loss 2.3848124328651465e-05 old loss 2.3979897378012538e-05 BETTER
I0328 03:15:39.083604 2116106 finetune.py:68] layer 9_k @ epoch 2 new loss 2.4919381758081727e-05 old loss 2.5074534278246574e-05 BETTER
I0328 03:15:41.484962 2116860 finetune.py:68] layer 10_k @ epoch 0 new loss 3.2664294849382713e-05 old loss 3.300901153124869e-05 BETTER
I0328 03:15:53.940666 2117651 finetune.py:68] layer 11_q @ epoch 4 new loss 2.9815619200235233e-05 old loss 3.006975748576224e-05 BETTER
I0328 03:16:06.148477 2115320 finetune.py:68] layer 8_k @ epoch 4 new loss 2.3728323867544532e-05 old loss 2.3848124328651465e-05 BETTER
I0328 03:16:11.571835 2117651 finetune.py:45] layer 11_k initial loss 3.127194941043854e-05
I0328 03:16:14.010881 2116106 finetune.py:68] layer 9_k @ epoch 3 new loss 2.4779985324130394e-05 old loss 2.4919381758081727e-05 BETTER
I0328 03:16:16.379045 2116860 finetune.py:68] layer 10_k @ epoch 1 new loss 3.243906030547805e-05 old loss 3.2664294849382713e-05 BETTER
I0328 03:16:25.607522 2115320 finetune.py:45] layer 8_o initial loss 5.487361704581417e-05
I0328 03:16:44.869943 2117651 finetune.py:68] layer 11_k @ epoch 0 new loss 3.094389467150904e-05 old loss 3.127194941043854e-05 BETTER
I0328 03:16:48.618319 2116106 finetune.py:68] layer 9_k @ epoch 4 new loss 2.4650420527905226e-05 old loss 2.4779985324130394e-05 BETTER
I0328 03:16:51.050904 2116860 finetune.py:68] layer 10_k @ epoch 2 new loss 3.2232008379651234e-05 old loss 3.243906030547805e-05 BETTER
I0328 03:17:00.414543 2115320 finetune.py:68] layer 8_o @ epoch 0 new loss 5.3189687605481595e-05 old loss 5.487361704581417e-05 BETTER
I0328 03:17:08.030715 2116106 finetune.py:45] layer 9_o initial loss 5.7360015489393845e-05
I0328 03:17:19.083626 2117651 finetune.py:68] layer 11_k @ epoch 1 new loss 3.071907485718839e-05 old loss 3.094389467150904e-05 BETTER
I0328 03:17:25.829555 2116860 finetune.py:68] layer 10_k @ epoch 3 new loss 3.2048512366600335e-05 old loss 3.2232008379651234e-05 BETTER
I0328 03:17:36.352850 2115320 finetune.py:68] layer 8_o @ epoch 1 new loss 5.248927482170984e-05 old loss 5.3189687605481595e-05 BETTER
I0328 03:17:41.033704 2116106 finetune.py:68] layer 9_o @ epoch 0 new loss 5.5486703786300495e-05 old loss 5.7360015489393845e-05 BETTER
I0328 03:17:53.122206 2117651 finetune.py:68] layer 11_k @ epoch 2 new loss 3.053058389923535e-05 old loss 3.071907485718839e-05 BETTER
I0328 03:18:00.779073 2116860 finetune.py:68] layer 10_k @ epoch 4 new loss 3.188686241628602e-05 old loss 3.2048512366600335e-05 BETTER
I0328 03:18:12.412421 2115320 finetune.py:68] layer 8_o @ epoch 2 new loss 5.1966042519779876e-05 old loss 5.248927482170984e-05 BETTER
I0328 03:18:14.818278 2116106 finetune.py:68] layer 9_o @ epoch 1 new loss 5.467033770401031e-05 old loss 5.5486703786300495e-05 BETTER
I0328 03:18:20.243163 2116860 finetune.py:45] layer 10_o initial loss 7.079137867549434e-05
I0328 03:18:27.257200 2117651 finetune.py:68] layer 11_k @ epoch 3 new loss 3.034680958080571e-05 old loss 3.053058389923535e-05 BETTER
I0328 03:18:48.562867 2115320 finetune.py:68] layer 8_o @ epoch 3 new loss 5.152828452992253e-05 old loss 5.1966042519779876e-05 BETTER
I0328 03:18:48.744847 2116106 finetune.py:68] layer 9_o @ epoch 2 new loss 5.405099727795459e-05 old loss 5.467033770401031e-05 BETTER
I0328 03:18:53.464012 2116860 finetune.py:68] layer 10_o @ epoch 0 new loss 6.830850179539993e-05 old loss 7.079137867549434e-05 BETTER
I0328 03:19:01.350632 2117651 finetune.py:68] layer 11_k @ epoch 4 new loss 3.018703864654526e-05 old loss 3.034680958080571e-05 BETTER
I0328 03:19:20.694760 2117651 finetune.py:45] layer 11_o initial loss 7.10261519998312e-05
I0328 03:19:22.908192 2116106 finetune.py:68] layer 9_o @ epoch 3 new loss 5.354930181056261e-05 old loss 5.405099727795459e-05 BETTER
I0328 03:19:24.736129 2115320 finetune.py:68] layer 8_o @ epoch 4 new loss 5.1147078920621425e-05 old loss 5.152828452992253e-05 BETTER
I0328 03:19:27.602035 2116860 finetune.py:68] layer 10_o @ epoch 1 new loss 6.722390389768407e-05 old loss 6.830850179539993e-05 BETTER
I0328 03:19:53.260538 2117651 finetune.py:68] layer 11_o @ epoch 0 new loss 6.863173621241003e-05 old loss 7.10261519998312e-05 BETTER
I0328 03:19:55.961641 2115320 finetune.py:45] layer 8_up initial loss 0.00010209788888460025
I0328 03:19:56.952147 2116106 finetune.py:68] layer 9_o @ epoch 4 new loss 5.311020140652545e-05 old loss 5.354930181056261e-05 BETTER
I0328 03:20:01.993967 2116860 finetune.py:68] layer 10_o @ epoch 2 new loss 6.641919753747061e-05 old loss 6.722390389768407e-05 BETTER
I0328 03:20:26.933591 2117651 finetune.py:68] layer 11_o @ epoch 1 new loss 6.757734809070826e-05 old loss 6.863173621241003e-05 BETTER
I0328 03:20:28.207269 2115320 finetune.py:68] layer 8_up @ epoch 0 new loss 0.00010093345917994156 old loss 0.00010209788888460025 BETTER
I0328 03:20:28.236232 2116106 finetune.py:45] layer 9_up initial loss 0.00010884201765293255
I0328 03:20:36.393328 2116860 finetune.py:68] layer 10_o @ epoch 3 new loss 6.57523050904274e-05 old loss 6.641919753747061e-05 BETTER
I0328 03:20:59.268049 2116106 finetune.py:68] layer 9_up @ epoch 0 new loss 0.00010748739441623911 old loss 0.00010884201765293255 BETTER
I0328 03:21:00.845140 2117651 finetune.py:68] layer 11_o @ epoch 2 new loss 6.677439523627982e-05 old loss 6.757734809070826e-05 BETTER
I0328 03:21:01.942914 2115320 finetune.py:68] layer 8_up @ epoch 1 new loss 0.00010009694960899651 old loss 0.00010093345917994156 BETTER
I0328 03:21:10.824482 2116860 finetune.py:68] layer 10_o @ epoch 4 new loss 6.517619476653636e-05 old loss 6.57523050904274e-05 BETTER
I0328 03:21:31.049691 2116106 finetune.py:68] layer 9_up @ epoch 1 new loss 0.00010652429045876488 old loss 0.00010748739441623911 BETTER
I0328 03:21:34.718561 2117651 finetune.py:68] layer 11_o @ epoch 3 new loss 6.611281423829496e-05 old loss 6.677439523627982e-05 BETTER
I0328 03:21:35.498111 2115320 finetune.py:68] layer 8_up @ epoch 2 new loss 9.935758134815842e-05 old loss 0.00010009694960899651 BETTER
I0328 03:21:42.198166 2116860 finetune.py:45] layer 10_up initial loss 0.0001223642029799521
I0328 03:22:03.365820 2116106 finetune.py:68] layer 9_up @ epoch 2 new loss 0.00010567896242719144 old loss 0.00010652429045876488 BETTER
I0328 03:22:08.268865 2117651 finetune.py:68] layer 11_o @ epoch 4 new loss 6.554288120241836e-05 old loss 6.611281423829496e-05 BETTER
I0328 03:22:09.243948 2115320 finetune.py:68] layer 8_up @ epoch 3 new loss 9.868561755865812e-05 old loss 9.935758134815842e-05 BETTER
I0328 03:22:12.968504 2116860 finetune.py:68] layer 10_up @ epoch 0 new loss 0.00012091689131921157 old loss 0.0001223642029799521 BETTER
I0328 03:22:35.636121 2116106 finetune.py:68] layer 9_up @ epoch 3 new loss 0.00010490653949091211 old loss 0.00010567896242719144 BETTER
I0328 03:22:39.490494 2117651 finetune.py:45] layer 11_up initial loss 0.00012607847747858614
I0328 03:22:43.068094 2115320 finetune.py:68] layer 8_up @ epoch 4 new loss 9.805388981476426e-05 old loss 9.868561755865812e-05 BETTER
I0328 03:22:45.164189 2116860 finetune.py:68] layer 10_up @ epoch 1 new loss 0.00011986141907982528 old loss 0.00012091689131921157 BETTER
I0328 03:23:07.930416 2116106 finetune.py:68] layer 9_up @ epoch 4 new loss 0.00010419882164569572 old loss 0.00010490653949091211 BETTER
I0328 03:23:09.807842 2117651 finetune.py:68] layer 11_up @ epoch 0 new loss 0.00012453562521841377 old loss 0.00012607847747858614 BETTER
I0328 03:23:14.493768 2115320 finetune.py:45] layer 8_gate initial loss 0.00011705005454132333
I0328 03:23:17.374000 2116860 finetune.py:68] layer 10_up @ epoch 2 new loss 0.00011894567433046177 old loss 0.00011986141907982528 BETTER
I0328 03:23:38.961780 2116106 finetune.py:45] layer 9_gate initial loss 0.00012473137758206576
I0328 03:23:41.097791 2117651 finetune.py:68] layer 11_up @ epoch 1 new loss 0.00012339076783973724 old loss 0.00012453562521841377 BETTER
I0328 03:23:44.771228 2115320 finetune.py:68] layer 8_gate @ epoch 0 new loss 0.00011633776739472523 old loss 0.00011705005454132333 BETTER
I0328 03:23:49.662671 2116860 finetune.py:68] layer 10_up @ epoch 3 new loss 0.00011809575516963378 old loss 0.00011894567433046177 BETTER
I0328 03:24:07.518008 2116106 finetune.py:68] layer 9_gate @ epoch 0 new loss 0.00012389309995342046 old loss 0.00012473137758206576 BETTER
I0328 03:24:12.558234 2117651 finetune.py:68] layer 11_up @ epoch 2 new loss 0.0001223826257046312 old loss 0.00012339076783973724 BETTER
I0328 03:24:16.067813 2115320 finetune.py:68] layer 8_gate @ epoch 1 new loss 0.00011575451208045706 old loss 0.00011633776739472523 BETTER
I0328 03:24:21.911546 2116860 finetune.py:68] layer 10_up @ epoch 4 new loss 0.00011731701670214534 old loss 0.00011809575516963378 BETTER
I0328 03:24:37.099075 2116106 finetune.py:68] layer 9_gate @ epoch 1 new loss 0.00012324663111940026 old loss 0.00012389309995342046 BETTER
I0328 03:24:44.141384 2117651 finetune.py:68] layer 11_up @ epoch 3 new loss 0.00012145620712544769 old loss 0.0001223826257046312 BETTER
I0328 03:24:47.425900 2115320 finetune.py:68] layer 8_gate @ epoch 2 new loss 0.00011522068962221965 old loss 0.00011575451208045706 BETTER
I0328 03:24:53.657753 2116860 finetune.py:45] layer 10_gate initial loss 0.0001397270680172369
I0328 03:25:06.837183 2116106 finetune.py:68] layer 9_gate @ epoch 2 new loss 0.00012264847464393824 old loss 0.00012324663111940026 BETTER
I0328 03:25:15.849389 2117651 finetune.py:68] layer 11_up @ epoch 4 new loss 0.00012059763685101643 old loss 0.00012145620712544769 BETTER
I0328 03:25:19.008672 2115320 finetune.py:68] layer 8_gate @ epoch 3 new loss 0.00011472771439002827 old loss 0.00011522068962221965 BETTER
I0328 03:25:22.282846 2116860 finetune.py:68] layer 10_gate @ epoch 0 new loss 0.00013882358325645328 old loss 0.0001397270680172369 BETTER
I0328 03:25:36.610443 2116106 finetune.py:68] layer 9_gate @ epoch 3 new loss 0.00012209234409965575 old loss 0.00012264847464393824 BETTER
I0328 03:25:47.670902 2117651 finetune.py:45] layer 11_gate initial loss 0.00014454188931267709
I0328 03:25:50.608007 2115320 finetune.py:68] layer 8_gate @ epoch 4 new loss 0.00011425372213125229 old loss 0.00011472771439002827 BETTER
I0328 03:25:52.141778 2116860 finetune.py:68] layer 10_gate @ epoch 1 new loss 0.00013811691314913332 old loss 0.00013882358325645328 BETTER
I0328 03:26:06.324776 2116106 finetune.py:68] layer 9_gate @ epoch 4 new loss 0.00012156740558566526 old loss 0.00012209234409965575 BETTER
I0328 03:26:15.986893 2117651 finetune.py:68] layer 11_gate @ epoch 0 new loss 0.0001436214952263981 old loss 0.00014454188931267709 BETTER
I0328 03:26:21.969487 2116860 finetune.py:68] layer 10_gate @ epoch 2 new loss 0.00013747082266490906 old loss 0.00013811691314913332 BETTER
I0328 03:26:45.102652 2117651 finetune.py:68] layer 11_gate @ epoch 1 new loss 0.00014285967336036265 old loss 0.0001436214952263981 BETTER
I0328 03:26:45.803550 2115320 finetune.py:45] layer 8_down initial loss 0.0001728258066577837
I0328 03:26:51.754338 2116860 finetune.py:68] layer 10_gate @ epoch 3 new loss 0.00013687118189409375 old loss 0.00013747082266490906 BETTER
I0328 03:27:03.005518 2116106 finetune.py:45] layer 9_down initial loss 0.00018557165458332747
I0328 03:27:13.104194 2115320 finetune.py:68] layer 8_down @ epoch 0 new loss 0.00017280345491599292 old loss 0.0001728258066577837 BETTER
I0328 03:27:14.461484 2117651 finetune.py:68] layer 11_gate @ epoch 2 new loss 0.0001421706983819604 old loss 0.00014285967336036265 BETTER
I0328 03:27:21.726448 2116860 finetune.py:68] layer 10_gate @ epoch 4 new loss 0.00013629972818307579 old loss 0.00013687118189409375 BETTER
