W0328 12:03:52.503349 2310549 warnings.py:109] /workspace/Weight_compression/comp_lm_qtip/lib/algo/finetune.py:46: FutureWarning: `torch.cuda.amp.GradScaler(args...)` is deprecated. Please use `torch.amp.GradScaler('cuda', args...)` instead.
  scaler = torch.cuda.amp.GradScaler(enabled=(orig_dtype==torch.float16))

I0328 12:04:15.781421 2310339 finetune.py:68] layer 28_q @ epoch 0 new loss 2.4278819182654843e-05 old loss 2.5179691874654964e-05 BETTER
I0328 12:04:24.736612 2310409 finetune.py:68] layer 29_v @ epoch 4 new loss 2.2774986064177938e-05 old loss 2.3156357201514766e-05 BETTER
I0328 12:04:25.726637 2310549 finetune.py:68] layer 31_v @ epoch 0 new loss 7.508115959353745e-05 old loss 0.00011886912398040295 BETTER
I0328 12:04:26.717637 2310479 finetune.py:68] layer 30_v @ epoch 2 new loss 3.905417543137446e-05 old loss 3.9439961255993694e-05 BETTER
I0328 12:04:44.319688 2310409 finetune.py:45] layer 29_q initial loss 3.872033630614169e-05
I0328 12:04:52.113038 2310339 finetune.py:68] layer 28_q @ epoch 1 new loss 2.3842865630285814e-05 old loss 2.4278819182654843e-05 BETTER
I0328 12:05:00.165058 2310549 finetune.py:76] layer 31_v @ epoch 1 new loss 0.00012543678167276084 old loss 7.508115959353745e-05 WORSE
I0328 12:05:01.745150 2310479 finetune.py:76] layer 30_v @ epoch 3 new loss 3.9281545468838885e-05 old loss 3.905417543137446e-05 WORSE
I0328 12:05:17.883980 2310409 finetune.py:68] layer 29_q @ epoch 0 new loss 3.6453122447710484e-05 old loss 3.872033630614169e-05 BETTER
I0328 12:05:28.860828 2310339 finetune.py:68] layer 28_q @ epoch 2 new loss 2.3513463020208292e-05 old loss 2.3842865630285814e-05 BETTER
I0328 12:05:33.951203 2310549 finetune.py:76] layer 31_v @ epoch 2 new loss 0.0001119524022215046 old loss 7.508115959353745e-05 WORSE
I0328 12:05:36.131028 2310479 finetune.py:68] layer 30_v @ epoch 4 new loss 3.7947622331557795e-05 old loss 3.905417543137446e-05 BETTER
I0328 12:05:52.310918 2310409 finetune.py:68] layer 29_q @ epoch 1 new loss 3.526134241838008e-05 old loss 3.6453122447710484e-05 BETTER
I0328 12:05:56.385578 2310479 finetune.py:45] layer 30_q initial loss 4.804005584446713e-05
I0328 12:06:06.046438 2310339 finetune.py:68] layer 28_q @ epoch 3 new loss 2.3241665985551663e-05 old loss 2.3513463020208292e-05 BETTER
I0328 12:06:08.043961 2310549 finetune.py:76] layer 31_v @ epoch 3 new loss 8.84987020981498e-05 old loss 7.508115959353745e-05 WORSE
I0328 12:06:27.291849 2310409 finetune.py:68] layer 29_q @ epoch 2 new loss 3.4536315069999546e-05 old loss 3.526134241838008e-05 BETTER
I0328 12:06:30.137746 2310479 finetune.py:68] layer 30_q @ epoch 0 new loss 4.686140164267272e-05 old loss 4.804005584446713e-05 BETTER
I0328 12:06:42.132880 2310549 finetune.py:76] layer 31_v @ epoch 4 new loss 8.325593080371618e-05 old loss 7.508115959353745e-05 WORSE
I0328 12:06:42.993730 2310339 finetune.py:68] layer 28_q @ epoch 4 new loss 2.3135817173169926e-05 old loss 2.3241665985551663e-05 BETTER
I0328 12:07:00.948633 2310339 finetune.py:45] layer 28_k initial loss 2.561567089287564e-05
I0328 12:07:01.487468 2310549 finetune.py:45] layer 31_q initial loss 0.00010487476538401097
I0328 12:07:02.022093 2310409 finetune.py:68] layer 29_q @ epoch 3 new loss 3.3877440728247166e-05 old loss 3.4536315069999546e-05 BETTER
I0328 12:07:04.862045 2310479 finetune.py:68] layer 30_q @ epoch 1 new loss 4.567061478155665e-05 old loss 4.686140164267272e-05 BETTER
I0328 12:07:34.697633 2310549 finetune.py:76] layer 31_q @ epoch 0 new loss 0.00010832316183950752 old loss 0.00010487476538401097 WORSE
I0328 12:07:36.250560 2310339 finetune.py:68] layer 28_k @ epoch 0 new loss 2.5306258976343088e-05 old loss 2.561567089287564e-05 BETTER
I0328 12:07:36.778773 2310409 finetune.py:68] layer 29_q @ epoch 4 new loss 3.354904765728861e-05 old loss 3.3877440728247166e-05 BETTER
I0328 12:07:39.410748 2310479 finetune.py:68] layer 30_q @ epoch 2 new loss 4.522486051428132e-05 old loss 4.567061478155665e-05 BETTER
I0328 12:07:54.858873 2310409 finetune.py:45] layer 29_k initial loss 3.733858102350496e-05
I0328 12:08:08.114300 2310549 finetune.py:68] layer 31_q @ epoch 1 new loss 9.636666072765365e-05 old loss 0.00010487476538401097 BETTER
I0328 12:08:12.746696 2310339 finetune.py:68] layer 28_k @ epoch 1 new loss 2.5121151338680647e-05 old loss 2.5306258976343088e-05 BETTER
I0328 12:08:14.183697 2310479 finetune.py:68] layer 30_q @ epoch 3 new loss 4.488589911488816e-05 old loss 4.522486051428132e-05 BETTER
I0328 12:08:28.105586 2310409 finetune.py:68] layer 29_k @ epoch 0 new loss 3.671443846542388e-05 old loss 3.733858102350496e-05 BETTER
I0328 12:08:42.422850 2310549 finetune.py:68] layer 31_q @ epoch 2 new loss 9.176039748126641e-05 old loss 9.636666072765365e-05 BETTER
I0328 12:08:48.863864 2310479 finetune.py:68] layer 30_q @ epoch 4 new loss 4.487698242883198e-05 old loss 4.488589911488816e-05 BETTER
I0328 12:08:49.345994 2310339 finetune.py:68] layer 28_k @ epoch 2 new loss 2.5061332053155638e-05 old loss 2.5121151338680647e-05 BETTER
I0328 12:09:02.343215 2310409 finetune.py:68] layer 29_k @ epoch 1 new loss 3.635220855358057e-05 old loss 3.671443846542388e-05 BETTER
I0328 12:09:07.046471 2310479 finetune.py:45] layer 30_k initial loss 5.0832866691052914e-05
I0328 12:09:16.545984 2310549 finetune.py:76] layer 31_q @ epoch 3 new loss 9.362294076709077e-05 old loss 9.176039748126641e-05 WORSE
I0328 12:09:26.121253 2310339 finetune.py:68] layer 28_k @ epoch 3 new loss 2.4873948859749362e-05 old loss 2.5061332053155638e-05 BETTER
I0328 12:09:36.845661 2310409 finetune.py:68] layer 29_k @ epoch 2 new loss 3.6292556615080684e-05 old loss 3.635220855358057e-05 BETTER
I0328 12:09:40.559082 2310479 finetune.py:68] layer 30_k @ epoch 0 new loss 5.0295129767619073e-05 old loss 5.0832866691052914e-05 BETTER
I0328 12:09:50.218635 2310549 finetune.py:76] layer 31_q @ epoch 4 new loss 9.446660988032818e-05 old loss 9.176039748126641e-05 WORSE
I0328 12:10:02.831987 2310339 finetune.py:76] layer 28_k @ epoch 4 new loss 2.4897379262256436e-05 old loss 2.4873948859749362e-05 WORSE
I0328 12:10:08.009470 2310549 finetune.py:45] layer 31_k initial loss 0.0001077578344848007
I0328 12:10:11.283076 2310409 finetune.py:68] layer 29_k @ epoch 3 new loss 3.6109435313846916e-05 old loss 3.6292556615080684e-05 BETTER
I0328 12:10:14.989111 2310479 finetune.py:76] layer 30_k @ epoch 1 new loss 5.094409789307974e-05 old loss 5.0295129767619073e-05 WORSE
I0328 12:10:22.257703 2310339 finetune.py:45] layer 28_o initial loss 6.283613765845075e-05
I0328 12:10:41.011804 2310549 finetune.py:68] layer 31_k @ epoch 0 new loss 9.70060791587457e-05 old loss 0.0001077578344848007 BETTER
I0328 12:10:45.872438 2310409 finetune.py:76] layer 29_k @ epoch 4 new loss 3.623545489972457e-05 old loss 3.6109435313846916e-05 WORSE
I0328 12:10:48.920443 2310479 finetune.py:76] layer 30_k @ epoch 2 new loss 5.154564860276878e-05 old loss 5.0295129767619073e-05 WORSE
I0328 12:10:56.897984 2310339 finetune.py:68] layer 28_o @ epoch 0 new loss 6.0703299823217094e-05 old loss 6.283613765845075e-05 BETTER
I0328 12:11:05.040937 2310409 finetune.py:45] layer 29_o initial loss 7.419980829581618e-05
I0328 12:11:14.846576 2310549 finetune.py:68] layer 31_k @ epoch 1 new loss 9.432846127310768e-05 old loss 9.70060791587457e-05 BETTER
I0328 12:11:22.893483 2310479 finetune.py:68] layer 30_k @ epoch 3 new loss 4.99197376484517e-05 old loss 5.0295129767619073e-05 BETTER
I0328 12:11:32.595424 2310339 finetune.py:68] layer 28_o @ epoch 1 new loss 5.9627287555485964e-05 old loss 6.0703299823217094e-05 BETTER
I0328 12:11:37.754255 2310409 finetune.py:68] layer 29_o @ epoch 0 new loss 7.169861055444926e-05 old loss 7.419980829581618e-05 BETTER
I0328 12:11:49.052446 2310549 finetune.py:68] layer 31_k @ epoch 2 new loss 9.283972758566961e-05 old loss 9.432846127310768e-05 BETTER
I0328 12:11:57.551121 2310479 finetune.py:68] layer 30_k @ epoch 4 new loss 4.990506204194389e-05 old loss 4.99197376484517e-05 BETTER
I0328 12:12:08.488871 2310339 finetune.py:68] layer 28_o @ epoch 2 new loss 5.891300679650158e-05 old loss 5.9627287555485964e-05 BETTER
I0328 12:12:11.496818 2310409 finetune.py:68] layer 29_o @ epoch 1 new loss 7.055961759760976e-05 old loss 7.169861055444926e-05 BETTER
I0328 12:12:17.229137 2310479 finetune.py:45] layer 30_o initial loss 0.0001131315075326711
I0328 12:12:23.123035 2310549 finetune.py:76] layer 31_k @ epoch 3 new loss 9.592749120201916e-05 old loss 9.283972758566961e-05 WORSE
I0328 12:12:44.393470 2310339 finetune.py:68] layer 28_o @ epoch 3 new loss 5.839381628902629e-05 old loss 5.891300679650158e-05 BETTER
I0328 12:12:45.282002 2310409 finetune.py:68] layer 29_o @ epoch 2 new loss 6.982398917898536e-05 old loss 7.055961759760976e-05 BETTER
I0328 12:12:50.336314 2310479 finetune.py:68] layer 30_o @ epoch 0 new loss 0.00011016777716577053 old loss 0.0001131315075326711 BETTER
I0328 12:12:56.656863 2310549 finetune.py:76] layer 31_k @ epoch 4 new loss 9.468598000239581e-05 old loss 9.283972758566961e-05 WORSE
I0328 12:13:15.627417 2310549 finetune.py:45] layer 31_o initial loss 0.0002221240138169378
I0328 12:13:19.340703 2310409 finetune.py:68] layer 29_o @ epoch 3 new loss 6.933130498509854e-05 old loss 6.982398917898536e-05 BETTER
I0328 12:13:20.549990 2310339 finetune.py:68] layer 28_o @ epoch 4 new loss 5.7964687584899366e-05 old loss 5.839381628902629e-05 BETTER
I0328 12:13:24.272046 2310479 finetune.py:68] layer 30_o @ epoch 1 new loss 0.0001082441012840718 old loss 0.00011016777716577053 BETTER
I0328 12:13:47.948847 2310549 finetune.py:68] layer 31_o @ epoch 0 new loss 0.00019766595505643636 old loss 0.0002221240138169378 BETTER
I0328 12:13:52.418210 2310339 finetune.py:45] layer 28_up initial loss 0.00016333306848537177
I0328 12:13:53.537474 2310409 finetune.py:68] layer 29_o @ epoch 4 new loss 6.885542825330049e-05 old loss 6.933130498509854e-05 BETTER
I0328 12:13:58.371773 2310479 finetune.py:68] layer 30_o @ epoch 2 new loss 0.00010725491301855072 old loss 0.0001082441012840718 BETTER
I0328 12:14:21.330174 2310549 finetune.py:68] layer 31_o @ epoch 1 new loss 0.00018877835827879608 old loss 0.00019766595505643636 BETTER
I0328 12:14:24.382755 2310339 finetune.py:68] layer 28_up @ epoch 0 new loss 0.00016073569713626057 old loss 0.00016333306848537177 BETTER
I0328 12:14:25.375551 2310409 finetune.py:45] layer 29_up initial loss 0.00021434373047668487
I0328 12:14:32.404907 2310479 finetune.py:68] layer 30_o @ epoch 3 new loss 0.00010655863297870383 old loss 0.00010725491301855072 BETTER
I0328 12:14:54.954318 2310549 finetune.py:68] layer 31_o @ epoch 2 new loss 0.00018316776549909264 old loss 0.00018877835827879608 BETTER
I0328 12:14:55.930873 2310409 finetune.py:68] layer 29_up @ epoch 0 new loss 0.00021009426563978195 old loss 0.00021434373047668487 BETTER
I0328 12:14:57.843971 2310339 finetune.py:68] layer 28_up @ epoch 1 new loss 0.0001588601735420525 old loss 0.00016073569713626057 BETTER
I0328 12:15:06.516911 2310479 finetune.py:68] layer 30_o @ epoch 4 new loss 0.00010584347182884812 old loss 0.00010655863297870383 BETTER
I0328 12:15:27.656584 2310409 finetune.py:68] layer 29_up @ epoch 1 new loss 0.00020744476933032274 old loss 0.00021009426563978195 BETTER
I0328 12:15:28.665337 2310549 finetune.py:68] layer 31_o @ epoch 3 new loss 0.00018029229249805212 old loss 0.00018316776549909264 BETTER
I0328 12:15:31.214238 2310339 finetune.py:68] layer 28_up @ epoch 2 new loss 0.00015746937424410135 old loss 0.0001588601735420525 BETTER
I0328 12:15:38.302152 2310479 finetune.py:45] layer 30_up initial loss 0.00039255767478607595
I0328 12:15:59.570717 2310409 finetune.py:68] layer 29_up @ epoch 2 new loss 0.0002053307107416913 old loss 0.00020744476933032274 BETTER
I0328 12:16:02.242035 2310549 finetune.py:68] layer 31_o @ epoch 4 new loss 0.00017751415725797415 old loss 0.00018029229249805212 BETTER
I0328 12:16:04.979765 2310339 finetune.py:68] layer 28_up @ epoch 3 new loss 0.00015627729590050876 old loss 0.00015746937424410135 BETTER
I0328 12:16:09.099527 2310479 finetune.py:68] layer 30_up @ epoch 0 new loss 0.000380994810257107 old loss 0.00039255767478607595 BETTER
I0328 12:16:31.818256 2310409 finetune.py:68] layer 29_up @ epoch 3 new loss 0.0002034987701335922 old loss 0.0002053307107416913 BETTER
I0328 12:16:34.467211 2310549 finetune.py:45] layer 31_up initial loss 0.0011451630853116512
I0328 12:16:39.154709 2310339 finetune.py:68] layer 28_up @ epoch 4 new loss 0.0001552667818032205 old loss 0.00015627729590050876 BETTER
I0328 12:16:41.391808 2310479 finetune.py:68] layer 30_up @ epoch 1 new loss 0.0003732234181370586 old loss 0.000380994810257107 BETTER
I0328 12:17:03.895528 2310409 finetune.py:68] layer 29_up @ epoch 4 new loss 0.00020203343592584133 old loss 0.0002034987701335922 BETTER
I0328 12:17:04.780228 2310549 finetune.py:68] layer 31_up @ epoch 0 new loss 0.0010711626382544637 old loss 0.0011451630853116512 BETTER
I0328 12:17:10.818840 2310339 finetune.py:45] layer 28_gate initial loss 0.00020699271408375353
I0328 12:17:13.598149 2310479 finetune.py:68] layer 30_up @ epoch 2 new loss 0.00036717491457238793 old loss 0.0003732234181370586 BETTER
I0328 12:17:34.893156 2310409 finetune.py:45] layer 29_gate initial loss 0.000270980381174013
I0328 12:17:36.427171 2310549 finetune.py:68] layer 31_up @ epoch 1 new loss 0.001025400822982192 old loss 0.0010711626382544637 BETTER
I0328 12:17:40.935473 2310339 finetune.py:68] layer 28_gate @ epoch 0 new loss 0.00020587218750733882 old loss 0.00020699271408375353 BETTER
I0328 12:17:45.877102 2310479 finetune.py:68] layer 30_up @ epoch 3 new loss 0.0003619145427364856 old loss 0.00036717491457238793 BETTER
I0328 12:18:03.398520 2310409 finetune.py:68] layer 29_gate @ epoch 0 new loss 0.00026939870440401137 old loss 0.000270980381174013 BETTER
I0328 12:18:07.989199 2310549 finetune.py:68] layer 31_up @ epoch 2 new loss 0.0009892501402646303 old loss 0.001025400822982192 BETTER
I0328 12:18:12.111481 2310339 finetune.py:68] layer 28_gate @ epoch 1 new loss 0.00020497717196121812 old loss 0.00020587218750733882 BETTER
I0328 12:18:18.140174 2310479 finetune.py:68] layer 30_up @ epoch 4 new loss 0.00035749434027820826 old loss 0.0003619145427364856 BETTER
I0328 12:18:33.098864 2310409 finetune.py:68] layer 29_gate @ epoch 1 new loss 0.00026819281629286706 old loss 0.00026939870440401137 BETTER
I0328 12:18:39.599651 2310549 finetune.py:68] layer 31_up @ epoch 3 new loss 0.0009581756894476712 old loss 0.0009892501402646303 BETTER
I0328 12:18:43.494729 2310339 finetune.py:68] layer 28_gate @ epoch 2 new loss 0.00020416839106474072 old loss 0.00020497717196121812 BETTER
I0328 12:18:50.043534 2310479 finetune.py:45] layer 30_gate initial loss 0.0004572416946757585
I0328 12:19:02.639930 2310409 finetune.py:68] layer 29_gate @ epoch 2 new loss 0.00026713081751950085 old loss 0.00026819281629286706 BETTER
I0328 12:19:11.244643 2310549 finetune.py:68] layer 31_up @ epoch 4 new loss 0.0009303793194703758 old loss 0.0009581756894476712 BETTER
I0328 12:19:15.131126 2310339 finetune.py:68] layer 28_gate @ epoch 3 new loss 0.0002035245852312073 old loss 0.00020416839106474072 BETTER
I0328 12:19:18.576066 2310479 finetune.py:68] layer 30_gate @ epoch 0 new loss 0.0004528888675849885 old loss 0.0004572416946757585 BETTER
I0328 12:19:32.247429 2310409 finetune.py:68] layer 29_gate @ epoch 3 new loss 0.00026624667225405574 old loss 0.00026713081751950085 BETTER
I0328 12:19:42.879348 2310549 finetune.py:45] layer 31_gate initial loss 0.00111882365308702
I0328 12:19:46.728361 2310339 finetune.py:68] layer 28_gate @ epoch 4 new loss 0.00020290575048420578 old loss 0.0002035245852312073 BETTER
I0328 12:19:48.333119 2310479 finetune.py:68] layer 30_gate @ epoch 1 new loss 0.000449482788098976 old loss 0.0004528888675849885 BETTER
I0328 12:20:01.860644 2310409 finetune.py:68] layer 29_gate @ epoch 4 new loss 0.00026549017638899386 old loss 0.00026624667225405574 BETTER
I0328 12:20:11.062050 2310549 finetune.py:68] layer 31_gate @ epoch 0 new loss 0.0010951088042929769 old loss 0.00111882365308702 BETTER
I0328 12:20:18.368263 2310479 finetune.py:68] layer 30_gate @ epoch 2 new loss 0.000446660298621282 old loss 0.000449482788098976 BETTER
I0328 12:20:40.193411 2310549 finetune.py:68] layer 31_gate @ epoch 1 new loss 0.0010772134410217404 old loss 0.0010951088042929769 BETTER
I0328 12:20:41.811967 2310339 finetune.py:45] layer 28_down initial loss 0.00033852263004519045
I0328 12:20:48.346008 2310479 finetune.py:68] layer 30_gate @ epoch 3 new loss 0.00044410620466805995 old loss 0.000446660298621282 BETTER
I0328 12:20:57.882782 2310409 finetune.py:45] layer 29_down initial loss 0.0004459204210434109
I0328 12:21:09.203548 2310339 finetune.py:68] layer 28_down @ epoch 0 new loss 0.0003385167510714382 old loss 0.00033852263004519045 BETTER
I0328 12:21:09.684773 2310549 finetune.py:68] layer 31_gate @ epoch 2 new loss 0.0010619318345561624 old loss 0.0010772134410217404 BETTER
I0328 12:21:18.238917 2310479 finetune.py:68] layer 30_gate @ epoch 4 new loss 0.0004418465541675687 old loss 0.00044410620466805995 BETTER
I0328 12:21:23.967464 2310409 finetune.py:68] layer 29_down @ epoch 0 new loss 0.00044590915786102414 old loss 0.0004459204210434109 BETTER
I0328 12:21:37.488975 2310339 finetune.py:68] layer 28_down @ epoch 1 new loss 0.0003385117743164301 old loss 0.0003385167510714382 BETTER
I0328 12:21:39.175768 2310549 finetune.py:68] layer 31_gate @ epoch 3 new loss 0.0010479566408321261 old loss 0.0010619318345561624 BETTER
I0328 12:21:51.250389 2310409 finetune.py:68] layer 29_down @ epoch 1 new loss 0.00044589920435100794 old loss 0.00044590915786102414 BETTER
I0328 12:22:06.385194 2310339 finetune.py:68] layer 28_down @ epoch 2 new loss 0.0003385072632227093 old loss 0.0003385117743164301 BETTER
I0328 12:22:08.701392 2310549 finetune.py:68] layer 31_gate @ epoch 4 new loss 0.001034867251291871 old loss 0.0010479566408321261 BETTER
I0328 12:22:16.818016 2310479 finetune.py:45] layer 30_down initial loss 0.0007296937401406467
I0328 12:22:19.059410 2310409 finetune.py:68] layer 29_down @ epoch 2 new loss 0.0004458898620214313 old loss 0.00044589920435100794 BETTER
I0328 12:22:35.469887 2310339 finetune.py:68] layer 28_down @ epoch 3 new loss 0.00033850420732051134 old loss 0.0003385072632227093 BETTER
I0328 12:22:43.225628 2310479 finetune.py:68] layer 30_down @ epoch 0 new loss 0.0007296636467799544 old loss 0.0007296937401406467 BETTER
I0328 12:22:46.615099 2310409 finetune.py:68] layer 29_down @ epoch 3 new loss 0.0004458815383259207 old loss 0.0004458898620214313 BETTER
I0328 12:23:04.754379 2310339 finetune.py:68] layer 28_down @ epoch 4 new loss 0.0003385004820302129 old loss 0.00033850420732051134 BETTER
I0328 12:23:06.120861 2310549 finetune.py:45] layer 31_down initial loss 0.0018380371620878577
28_v proxy err 0.005693120416253805 tr(WHW.T) 601.4844360351562
bpp_loss 3.754300523782149
28_q proxy err 0.0006041021551936865 tr(WHW.T) 23170.21484375
bpp_loss 4.009413474937901
28_k proxy err 0.0002512084611225873 tr(WHW.T) 14988.2470703125
bpp_loss 4.8004661137238145
28_o proxy err 0.005292219575494528 tr(WHW.T) 2510.5634765625
bpp_loss 3.5583633441710845
28_up proxy err 0.006242587696760893 tr(WHW.T) 10248.8828125
bpp_loss 3.521950468953167
28_gate proxy err 0.0018268629210069776 tr(WHW.T) 35937.21484375
bpp_loss 3.8667915268535062
28_down proxy err 0.006977829150855541 tr(WHW.T) 7233.1328125
bpp_loss 3.505684108922391
I0328 12:23:10.983989 2310479 finetune.py:68] layer 30_down @ epoch 1 new loss 0.0007296364055946469 old loss 0.0007296636467799544 BETTER
I0328 12:23:14.332279 2310409 finetune.py:68] layer 29_down @ epoch 4 new loss 0.00044587551383301616 old loss 0.0004458815383259207 BETTER
29_v proxy err 0.004350635688751936 tr(WHW.T) 850.4290161132812
bpp_loss 3.8235706510022283
29_q proxy err 0.0007260942365974188 tr(WHW.T) 20658.0546875
bpp_loss 3.9985209394362755
29_k proxy err 0.0002469240571372211 tr(WHW.T) 16355.8505859375
bpp_loss 4.890502401802223
29_o proxy err 0.0033337105996906757 tr(WHW.T) 3102.6953125
bpp_loss 3.5951227981131524
29_up proxy err 0.00484178913757205 tr(WHW.T) 12881.1494140625
bpp_loss 3.555668550942625
29_gate proxy err 0.0016631979960948229 tr(WHW.T) 38368.5390625
bpp_loss 3.857510259641068
29_down proxy err 0.005719497334212065 tr(WHW.T) 7493.8583984375
bpp_loss 3.5204722176006595
I0328 12:23:32.118813 2310549 finetune.py:68] layer 31_down @ epoch 0 new loss 0.0018378488020971417 old loss 0.0018380371620878577 BETTER
I0328 12:23:38.845598 2310479 finetune.py:68] layer 30_down @ epoch 2 new loss 0.000729611492715776 old loss 0.0007296364055946469 BETTER
I0328 12:23:59.132327 2310549 finetune.py:68] layer 31_down @ epoch 1 new loss 0.0018376768566668034 old loss 0.0018378488020971417 BETTER
I0328 12:24:06.623281 2310479 finetune.py:68] layer 30_down @ epoch 3 new loss 0.0007295873947441578 old loss 0.000729611492715776 BETTER
I0328 12:24:26.306259 2310549 finetune.py:68] layer 31_down @ epoch 2 new loss 0.0018375308718532324 old loss 0.0018376768566668034 BETTER
I0328 12:24:34.391396 2310479 finetune.py:68] layer 30_down @ epoch 4 new loss 0.0007295664399862289 old loss 0.0007295873947441578 BETTER
30_v proxy err 0.003889869898557663 tr(WHW.T) 863.060791015625
bpp_loss 4.1092608664766885
30_q proxy err 0.0005535586387850344 tr(WHW.T) 24060.14453125
bpp_loss 3.901653053064365
30_k proxy err 0.0002585012698546052 tr(WHW.T) 14026.236328125
bpp_loss 4.546833271917421
30_o proxy err 0.0023959872778505087 tr(WHW.T) 4875.609375
bpp_loss 3.6821156349033117
30_up proxy err 0.002859693020582199 tr(WHW.T) 21678.369140625
bpp_loss 3.5879927588227605
30_gate proxy err 0.001226047403179109 tr(WHW.T) 51824.18359375
bpp_loss 3.907694314939103
30_down proxy err 0.003275708295404911 tr(WHW.T) 8824.28125
bpp_loss 3.521223397875604
I0328 12:24:53.659998 2310549 finetune.py:68] layer 31_down @ epoch 3 new loss 0.0018374011851847172 old loss 0.0018375308718532324 BETTER
I0328 12:25:21.124680 2310549 finetune.py:68] layer 31_down @ epoch 4 new loss 0.0018372677732259035 old loss 0.0018374011851847172 BETTER
31_v proxy err 0.0019846612121909857 tr(WHW.T) 1808.723876953125
bpp_loss 3.9278728154604323
31_q proxy err 0.00031455577118322253 tr(WHW.T) 46179.32421875
bpp_loss 4.053963833546732
31_k proxy err 0.0001892972068162635 tr(WHW.T) 20466.53515625
bpp_loss 4.782687638828065
31_o proxy err 0.002004997106269002 tr(WHW.T) 2212.88330078125
bpp_loss 3.639283010328654
31_up proxy err 0.0008684162166900933 tr(WHW.T) 68990.9609375
bpp_loss 3.783928903351937
31_gate proxy err 0.00042748020496219397 tr(WHW.T) 143825.5
bpp_loss 4.125780492355781
31_down proxy err 0.0012680977815762162 tr(WHW.T) 9980.0869140625
bpp_loss 3.547735815219182
I0328 12:25:50.100373 2310619 utils.py:146] Note: detected 128 virtual cores but NumExpr set to maximum of 64, check "NUMEXPR_MAX_THREADS" environment variable.
I0328 12:25:50.100483 2310619 utils.py:149] Note: NumExpr detected 128 cores but "NUMEXPR_MAX_THREADS" not set, so enforcing safe limit of 16.
I0328 12:25:50.100527 2310619 utils.py:162] NumExpr defaulting to 16 threads.
I0328 12:25:50.421137 2310619 config.py:54] PyTorch version 2.6.0 available.
W0328 12:25:50.635926 2310619 warnings.py:109] /opt/conda/lib/python3.10/site-packages/torchvision/io/image.py:13: UserWarning: Failed to load image Python extension: '/opt/conda/lib/python3.10/site-packages/torchvision/image.so: undefined symbol: _ZN3c1017RegisterOperatorsD1Ev'If you don't plan on using image functionality from `torchvision.io`, you can ignore this warning. Otherwise, there might be something wrong with your environment. Did you have `libjpeg` or `libpng` installed before building `torchvision` from source?
  warn(

I0328 12:25:50.747638 2310619 hfize_llama.py:27] LlamaConfig {
  "_attn_implementation_autoset": true,
  "_name_or_path": "../Wparam_dataset/hf_model/meta-llama--Meta-Llama-3-8B",
  "architectures": [
    "LlamaForCausalLM"
  ],
  "attention_bias": false,
  "attention_dropout": 0.0,
  "bos_token_id": 128000,
  "eos_token_id": 128001,
  "head_dim": 128,
  "hidden_act": "silu",
  "hidden_size": 4096,
  "initializer_range": 0.02,
  "intermediate_size": 14336,
  "max_position_embeddings": 8192,
  "mlp_bias": false,
  "model_type": "llama",
  "num_attention_heads": 32,
  "num_hidden_layers": 32,
  "num_key_value_heads": 8,
  "pretraining_tp": 1,
  "quip_params": {},
  "rms_norm_eps": 1e-05,
  "rope_scaling": null,
  "rope_theta": 500000.0,
  "tie_word_embeddings": false,
  "torch_dtype": "float32",
  "transformers_version": "4.47.1",
  "use_cache": true,
  "vocab_size": 128256
}

Loading checkpoint shards:   0%|          | 0/7 [00:00<?, ?it/s]Loading checkpoint shards:  14%|█▍        | 1/7 [00:00<00:00,  8.12it/s]Loading checkpoint shards:  29%|██▊       | 2/7 [00:00<00:00,  8.59it/s]Loading checkpoint shards:  43%|████▎     | 3/7 [00:00<00:00,  8.86it/s]Loading checkpoint shards:  57%|█████▋    | 4/7 [00:00<00:00,  8.18it/s]Loading checkpoint shards:  71%|███████▏  | 5/7 [00:00<00:00,  8.34it/s]Loading checkpoint shards:  86%|████████▌ | 6/7 [00:00<00:00,  8.49it/s]Loading checkpoint shards: 100%|██████████| 7/7 [00:00<00:00,  8.84it/s]Loading checkpoint shards: 100%|██████████| 7/7 [00:00<00:00,  8.61it/s]
Loading checkpoint shards:   0%|          | 0/7 [00:00<?, ?it/s]Loading checkpoint shards:  14%|█▍        | 1/7 [00:00<00:00,  8.28it/s]Loading checkpoint shards:  29%|██▊       | 2/7 [00:00<00:00,  8.63it/s]Loading checkpoint shards:  43%|████▎     | 3/7 [00:00<00:00,  8.68it/s]Loading checkpoint shards:  57%|█████▋    | 4/7 [00:00<00:00,  8.71it/s]Loading checkpoint shards:  71%|███████▏  | 5/7 [00:00<00:00,  8.61it/s]Loading checkpoint shards:  86%|████████▌ | 6/7 [00:00<00:00,  8.68it/s]Loading checkpoint shards: 100%|██████████| 7/7 [00:00<00:00,  8.87it/s]Loading checkpoint shards: 100%|██████████| 7/7 [00:00<00:00,  8.73it/s]
I0328 12:25:53.648543 2310619 hfize_llama.py:153] loaded layer 0
I0328 12:25:54.005200 2310619 hfize_llama.py:153] loaded layer 1
I0328 12:25:54.324955 2310619 hfize_llama.py:153] loaded layer 2
I0328 12:25:54.668856 2310619 hfize_llama.py:153] loaded layer 3
I0328 12:25:54.988350 2310619 hfize_llama.py:153] loaded layer 4
I0328 12:25:55.358609 2310619 hfize_llama.py:153] loaded layer 5
I0328 12:25:55.708299 2310619 hfize_llama.py:153] loaded layer 6
I0328 12:25:56.051908 2310619 hfize_llama.py:153] loaded layer 7
I0328 12:25:56.413348 2310619 hfize_llama.py:153] loaded layer 8
I0328 12:25:56.745464 2310619 hfize_llama.py:153] loaded layer 9
I0328 12:25:57.114061 2310619 hfize_llama.py:153] loaded layer 10
I0328 12:25:57.470397 2310619 hfize_llama.py:153] loaded layer 11
I0328 12:25:57.926313 2310619 hfize_llama.py:153] loaded layer 12
I0328 12:25:58.275271 2310619 hfize_llama.py:153] loaded layer 13
I0328 12:25:58.610426 2310619 hfize_llama.py:153] loaded layer 14
I0328 12:25:58.968919 2310619 hfize_llama.py:153] loaded layer 15
I0328 12:25:59.328074 2310619 hfize_llama.py:153] loaded layer 16
I0328 12:25:59.671903 2310619 hfize_llama.py:153] loaded layer 17
I0328 12:25:59.986882 2310619 hfize_llama.py:153] loaded layer 18
I0328 12:26:00.308005 2310619 hfize_llama.py:153] loaded layer 19
I0328 12:26:00.623446 2310619 hfize_llama.py:153] loaded layer 20
I0328 12:26:00.978594 2310619 hfize_llama.py:153] loaded layer 21
I0328 12:26:01.374734 2310619 hfize_llama.py:153] loaded layer 22
I0328 12:26:01.729296 2310619 hfize_llama.py:153] loaded layer 23
I0328 12:26:02.045015 2310619 hfize_llama.py:153] loaded layer 24
I0328 12:26:02.375119 2310619 hfize_llama.py:153] loaded layer 25
I0328 12:26:02.696065 2310619 hfize_llama.py:153] loaded layer 26
I0328 12:26:03.020486 2310619 hfize_llama.py:153] loaded layer 27
I0328 12:26:03.365184 2310619 hfize_llama.py:153] loaded layer 28
I0328 12:26:03.689142 2310619 hfize_llama.py:153] loaded layer 29
I0328 12:26:03.999260 2310619 hfize_llama.py:153] loaded layer 30
I0328 12:26:04.331849 2310619 hfize_llama.py:153] loaded layer 31
I0328 12:26:04.331966 2310619 hfize_llama.py:157] saving model...
Loading checkpoint shards:   0%|          | 0/7 [00:00<?, ?it/s]Loading checkpoint shards:  14%|█▍        | 1/7 [00:01<00:07,  1.22s/it]Loading checkpoint shards:  29%|██▊       | 2/7 [00:02<00:06,  1.28s/it]Loading checkpoint shards:  43%|████▎     | 3/7 [00:03<00:04,  1.25s/it]Loading checkpoint shards:  57%|█████▋    | 4/7 [00:04<00:03,  1.12s/it]Loading checkpoint shards:  71%|███████▏  | 5/7 [00:05<00:02,  1.13s/it]Loading checkpoint shards:  86%|████████▌ | 6/7 [00:07<00:01,  1.23s/it]Loading checkpoint shards: 100%|██████████| 7/7 [00:08<00:00,  1.08s/it]Loading checkpoint shards: 100%|██████████| 7/7 [00:08<00:00,  1.15s/it]
I0328 12:26:49.275117 2310619 hfize_llama.py:167] successfully loaded hfized model
I0328 12:26:54.248763 2310837 utils.py:146] Note: detected 128 virtual cores but NumExpr set to maximum of 64, check "NUMEXPR_MAX_THREADS" environment variable.
I0328 12:26:54.248908 2310837 utils.py:149] Note: NumExpr detected 128 cores but "NUMEXPR_MAX_THREADS" not set, so enforcing safe limit of 16.
I0328 12:26:54.248951 2310837 utils.py:162] NumExpr defaulting to 16 threads.
W0328 12:26:54.608983 2310837 warnings.py:109] /opt/conda/lib/python3.10/site-packages/torchvision/io/image.py:13: UserWarning: Failed to load image Python extension: '/opt/conda/lib/python3.10/site-packages/torchvision/image.so: undefined symbol: _ZN3c1017RegisterOperatorsD1Ev'If you don't plan on using image functionality from `torchvision.io`, you can ignore this warning. Otherwise, there might be something wrong with your environment. Did you have `libjpeg` or `libpng` installed before building `torchvision` from source?
  warn(

I0328 12:26:55.012057 2310837 modeling.py:990] We will use 90% of the memory on device 0 for storing the model, and 10% for the buffer to avoid OOM. You can set `max_memory` in to a higher value to use more memory (at your own risk).
Loading checkpoint shards:   0%|          | 0/7 [00:00<?, ?it/s]Loading checkpoint shards:  14%|█▍        | 1/7 [00:01<00:06,  1.06s/it]Loading checkpoint shards:  29%|██▊       | 2/7 [00:02<00:05,  1.08s/it]Loading checkpoint shards:  43%|████▎     | 3/7 [00:03<00:04,  1.06s/it]Loading checkpoint shards:  57%|█████▋    | 4/7 [00:04<00:03,  1.07s/it]Loading checkpoint shards:  71%|███████▏  | 5/7 [00:05<00:02,  1.16s/it]Loading checkpoint shards:  86%|████████▌ | 6/7 [00:07<00:01,  1.33s/it]Loading checkpoint shards: 100%|██████████| 7/7 [00:08<00:00,  1.18s/it]Loading checkpoint shards: 100%|██████████| 7/7 [00:08<00:00,  1.16s/it]
I0328 12:27:03.257190 2310837 config.py:54] PyTorch version 2.6.0 available.
