I0328 05:12:43.027738 2192315 finetune.py:68] layer 30_v @ epoch 1 new loss 0.0001655835221754387 old loss 0.0001737480633892119 BETTER
I0328 05:13:07.926198 2190740 finetune.py:68] layer 28_q @ epoch 0 new loss 9.910992230288684e-05 old loss 0.000101787198218517 BETTER
I0328 05:13:11.858008 2193014 finetune.py:68] layer 31_v @ epoch 0 new loss 0.00030377236544154584 old loss 0.0005537901306524873 BETTER
I0328 05:13:17.923432 2191560 finetune.py:68] layer 29_v @ epoch 4 new loss 9.196428436553106e-05 old loss 9.288446744903922e-05 BETTER
I0328 05:13:18.201479 2192315 finetune.py:68] layer 30_v @ epoch 2 new loss 0.0001614742068341002 old loss 0.0001655835221754387 BETTER
I0328 05:13:37.208157 2191560 finetune.py:45] layer 29_q initial loss 0.00015581730986014009
I0328 05:13:44.241791 2190740 finetune.py:68] layer 28_q @ epoch 1 new loss 9.74901849986054e-05 old loss 9.910992230288684e-05 BETTER
I0328 05:13:46.226375 2193014 finetune.py:76] layer 31_v @ epoch 1 new loss 0.0003119035391137004 old loss 0.00030377236544154584 WORSE
I0328 05:13:53.576759 2192315 finetune.py:68] layer 30_v @ epoch 3 new loss 0.0001588074374012649 old loss 0.0001614742068341002 BETTER
I0328 05:14:10.624732 2191560 finetune.py:68] layer 29_q @ epoch 0 new loss 0.0001480346982134506 old loss 0.00015581730986014009 BETTER
I0328 05:14:20.102472 2193014 finetune.py:68] layer 31_v @ epoch 2 new loss 0.00029954256024211645 old loss 0.00030377236544154584 BETTER
I0328 05:14:20.775108 2190740 finetune.py:68] layer 28_q @ epoch 2 new loss 9.619046613806859e-05 old loss 9.74901849986054e-05 BETTER
I0328 05:14:28.739599 2192315 finetune.py:68] layer 30_v @ epoch 4 new loss 0.00015643981168977916 old loss 0.0001588074374012649 BETTER
I0328 05:14:44.844802 2191560 finetune.py:68] layer 29_q @ epoch 1 new loss 0.0001437338360119611 old loss 0.0001480346982134506 BETTER
I0328 05:14:48.683263 2192315 finetune.py:45] layer 30_q initial loss 0.00019816469284705818
I0328 05:14:54.743297 2193014 finetune.py:68] layer 31_v @ epoch 3 new loss 0.00027527136262506247 old loss 0.00029954256024211645 BETTER
I0328 05:14:57.297606 2190740 finetune.py:68] layer 28_q @ epoch 3 new loss 9.5119044999592e-05 old loss 9.619046613806859e-05 BETTER
I0328 05:15:19.382458 2191560 finetune.py:68] layer 29_q @ epoch 2 new loss 0.0001407828531228006 old loss 0.0001437338360119611 BETTER
I0328 05:15:22.434017 2192315 finetune.py:68] layer 30_q @ epoch 0 new loss 0.00019428919767960906 old loss 0.00019816469284705818 BETTER
I0328 05:15:29.536554 2193014 finetune.py:76] layer 31_v @ epoch 4 new loss 0.00028280101832933724 old loss 0.00027527136262506247 WORSE
I0328 05:15:33.860250 2190740 finetune.py:68] layer 28_q @ epoch 4 new loss 9.422418952453882e-05 old loss 9.5119044999592e-05 BETTER
I0328 05:15:48.343096 2193014 finetune.py:45] layer 31_q initial loss 0.00039719618507660925
I0328 05:15:51.823981 2190740 finetune.py:45] layer 28_k initial loss 0.0001054096210282296
I0328 05:15:54.078539 2191560 finetune.py:68] layer 29_q @ epoch 3 new loss 0.0001385075884172693 old loss 0.0001407828531228006 BETTER
I0328 05:15:57.117461 2192315 finetune.py:68] layer 30_q @ epoch 1 new loss 0.0001913836458697915 old loss 0.00019428919767960906 BETTER
I0328 05:16:21.538136 2193014 finetune.py:68] layer 31_q @ epoch 0 new loss 0.0003636999463196844 old loss 0.00039719618507660925 BETTER
I0328 05:16:27.304599 2190740 finetune.py:68] layer 28_k @ epoch 0 new loss 0.00010407157969893888 old loss 0.0001054096210282296 BETTER
I0328 05:16:28.718493 2191560 finetune.py:68] layer 29_q @ epoch 4 new loss 0.00013665578444488347 old loss 0.0001385075884172693 BETTER
I0328 05:16:31.925796 2192315 finetune.py:68] layer 30_q @ epoch 2 new loss 0.00018941093003377318 old loss 0.0001913836458697915 BETTER
I0328 05:16:46.810194 2191560 finetune.py:45] layer 29_k initial loss 0.00015453287051059306
I0328 05:16:55.694360 2193014 finetune.py:68] layer 31_q @ epoch 1 new loss 0.0003400582354515791 old loss 0.0003636999463196844 BETTER
I0328 05:17:03.607527 2190740 finetune.py:68] layer 28_k @ epoch 1 new loss 0.00010329973883926868 old loss 0.00010407157969893888 BETTER
I0328 05:17:06.746899 2192315 finetune.py:68] layer 30_q @ epoch 3 new loss 0.00018758149235509336 old loss 0.00018941093003377318 BETTER
I0328 05:17:20.119900 2191560 finetune.py:68] layer 29_k @ epoch 0 new loss 0.00015218296903185546 old loss 0.00015453287051059306 BETTER
I0328 05:17:29.852820 2193014 finetune.py:68] layer 31_q @ epoch 2 new loss 0.00032408745028078556 old loss 0.0003400582354515791 BETTER
I0328 05:17:40.011226 2190740 finetune.py:68] layer 28_k @ epoch 2 new loss 0.00010269979247823358 old loss 0.00010329973883926868 BETTER
I0328 05:17:41.555230 2192315 finetune.py:68] layer 30_q @ epoch 4 new loss 0.00018631209968589246 old loss 0.00018758149235509336 BETTER
I0328 05:17:54.272110 2191560 finetune.py:68] layer 29_k @ epoch 1 new loss 0.00015070338849909604 old loss 0.00015218296903185546 BETTER
I0328 05:17:59.699916 2192315 finetune.py:45] layer 30_k initial loss 0.00021043620654381812
I0328 05:18:04.172089 2193014 finetune.py:68] layer 31_q @ epoch 3 new loss 0.00031536127789877355 old loss 0.00032408745028078556 BETTER
I0328 05:18:16.588219 2190740 finetune.py:68] layer 28_k @ epoch 3 new loss 0.00010211786138825119 old loss 0.00010269979247823358 BETTER
I0328 05:18:28.799679 2191560 finetune.py:68] layer 29_k @ epoch 2 new loss 0.0001497171469964087 old loss 0.00015070338849909604 BETTER
I0328 05:18:33.302207 2192315 finetune.py:68] layer 30_k @ epoch 0 new loss 0.00020818626217078418 old loss 0.00021043620654381812 BETTER
I0328 05:18:38.462738 2193014 finetune.py:68] layer 31_q @ epoch 4 new loss 0.0003073840052820742 old loss 0.00031536127789877355 BETTER
I0328 05:18:53.185479 2190740 finetune.py:68] layer 28_k @ epoch 4 new loss 0.00010172597831115127 old loss 0.00010211786138825119 BETTER
I0328 05:18:56.191614 2193014 finetune.py:45] layer 31_k initial loss 0.0003755984653253108
I0328 05:19:03.268260 2191560 finetune.py:68] layer 29_k @ epoch 3 new loss 0.00014855035988148302 old loss 0.0001497171469964087 BETTER
I0328 05:19:07.909915 2192315 finetune.py:76] layer 30_k @ epoch 1 new loss 0.0002083575091091916 old loss 0.00020818626217078418 WORSE
I0328 05:19:13.100283 2190740 finetune.py:45] layer 28_o initial loss 0.0002524463925510645
I0328 05:19:29.185250 2193014 finetune.py:68] layer 31_k @ epoch 0 new loss 0.00035570055479183793 old loss 0.0003755984653253108 BETTER
I0328 05:19:37.894747 2191560 finetune.py:68] layer 29_k @ epoch 4 new loss 0.00014800972712691873 old loss 0.00014855035988148302 BETTER
I0328 05:19:41.778328 2192315 finetune.py:68] layer 30_k @ epoch 2 new loss 0.00020625388424377888 old loss 0.00020818626217078418 BETTER
I0328 05:19:47.637970 2190740 finetune.py:68] layer 28_o @ epoch 0 new loss 0.00024035735987126827 old loss 0.0002524463925510645 BETTER
I0328 05:19:57.699371 2191560 finetune.py:45] layer 29_o initial loss 0.0003005435282830149
I0328 05:20:03.295674 2193014 finetune.py:68] layer 31_k @ epoch 1 new loss 0.0003471803793217987 old loss 0.00035570055479183793 BETTER
I0328 05:20:16.391517 2192315 finetune.py:68] layer 30_k @ epoch 3 new loss 0.00020571137429215014 old loss 0.00020625388424377888 BETTER
I0328 05:20:23.525298 2190740 finetune.py:68] layer 28_o @ epoch 1 new loss 0.00023694841365795583 old loss 0.00024035735987126827 BETTER
I0328 05:20:30.574779 2191560 finetune.py:68] layer 29_o @ epoch 0 new loss 0.00028733565704897046 old loss 0.0003005435282830149 BETTER
I0328 05:20:37.428925 2193014 finetune.py:68] layer 31_k @ epoch 2 new loss 0.0003421224537305534 old loss 0.0003471803793217987 BETTER
I0328 05:20:51.158574 2192315 finetune.py:68] layer 30_k @ epoch 4 new loss 0.0002043300773948431 old loss 0.00020571137429215014 BETTER
I0328 05:20:59.390857 2190740 finetune.py:68] layer 28_o @ epoch 2 new loss 0.00023430037254001945 old loss 0.00023694841365795583 BETTER
I0328 05:21:04.278523 2191560 finetune.py:68] layer 29_o @ epoch 1 new loss 0.0002836277708411217 old loss 0.00028733565704897046 BETTER
I0328 05:21:11.202305 2192315 finetune.py:45] layer 30_o initial loss 0.000457911315606907
I0328 05:21:11.632625 2193014 finetune.py:68] layer 31_k @ epoch 3 new loss 0.0003368656325619668 old loss 0.0003421224537305534 BETTER
I0328 05:21:35.284064 2190740 finetune.py:68] layer 28_o @ epoch 3 new loss 0.00023222938762046397 old loss 0.00023430037254001945 BETTER
I0328 05:21:38.215222 2191560 finetune.py:68] layer 29_o @ epoch 2 new loss 0.00028113165171816945 old loss 0.0002836277708411217 BETTER
I0328 05:21:44.228279 2192315 finetune.py:68] layer 30_o @ epoch 0 new loss 0.00044408263056539 old loss 0.000457911315606907 BETTER
I0328 05:21:45.788402 2193014 finetune.py:68] layer 31_k @ epoch 4 new loss 0.0003366418241057545 old loss 0.0003368656325619668 BETTER
I0328 05:22:05.031500 2193014 finetune.py:45] layer 31_o initial loss 0.0008530833874829113
I0328 05:22:11.392493 2190740 finetune.py:68] layer 28_o @ epoch 4 new loss 0.00023046352725941688 old loss 0.00023222938762046397 BETTER
I0328 05:22:12.391379 2191560 finetune.py:68] layer 29_o @ epoch 3 new loss 0.0002789768041111529 old loss 0.00028113165171816945 BETTER
I0328 05:22:18.280222 2192315 finetune.py:68] layer 30_o @ epoch 1 new loss 0.0004391328548081219 old loss 0.00044408263056539 BETTER
I0328 05:22:37.325623 2193014 finetune.py:68] layer 31_o @ epoch 0 new loss 0.0007666694582439959 old loss 0.0008530833874829113 BETTER
I0328 05:22:43.081503 2190740 finetune.py:45] layer 28_up initial loss 0.0006487630889751017
I0328 05:22:46.212924 2191560 finetune.py:68] layer 29_o @ epoch 4 new loss 0.0002771845902316272 old loss 0.0002789768041111529 BETTER
I0328 05:22:52.193795 2192315 finetune.py:68] layer 30_o @ epoch 2 new loss 0.00043536900193430483 old loss 0.0004391328548081219 BETTER
I0328 05:23:10.641196 2193014 finetune.py:68] layer 31_o @ epoch 1 new loss 0.0007374556153081357 old loss 0.0007666694582439959 BETTER
I0328 05:23:14.980731 2190740 finetune.py:68] layer 28_up @ epoch 0 new loss 0.0006396180833689868 old loss 0.0006487630889751017 BETTER
I0328 05:23:17.944922 2191560 finetune.py:45] layer 29_up initial loss 0.0008526764577254653
I0328 05:23:26.263911 2192315 finetune.py:68] layer 30_o @ epoch 3 new loss 0.00043242229730822146 old loss 0.00043536900193430483 BETTER
I0328 05:23:44.011008 2193014 finetune.py:68] layer 31_o @ epoch 2 new loss 0.0007184160640463233 old loss 0.0007374556153081357 BETTER
I0328 05:23:48.112514 2190740 finetune.py:68] layer 28_up @ epoch 1 new loss 0.0006337185623124242 old loss 0.0006396180833689868 BETTER
I0328 05:23:48.402274 2191560 finetune.py:68] layer 29_up @ epoch 0 new loss 0.0008386878180317581 old loss 0.0008526764577254653 BETTER
I0328 05:24:00.428535 2192315 finetune.py:68] layer 30_o @ epoch 4 new loss 0.00042999093420803547 old loss 0.00043242229730822146 BETTER
I0328 05:24:17.728163 2193014 finetune.py:68] layer 31_o @ epoch 3 new loss 0.000703197147231549 old loss 0.0007184160640463233 BETTER
I0328 05:24:20.072226 2191560 finetune.py:68] layer 29_up @ epoch 1 new loss 0.0008300390327349305 old loss 0.0008386878180317581 BETTER
I0328 05:24:21.383327 2190740 finetune.py:68] layer 28_up @ epoch 2 new loss 0.0006290237652137876 old loss 0.0006337185623124242 BETTER
I0328 05:24:32.141168 2192315 finetune.py:45] layer 30_up initial loss 0.0015615234151482582
I0328 05:24:51.600751 2193014 finetune.py:68] layer 31_o @ epoch 4 new loss 0.0006922430475242436 old loss 0.000703197147231549 BETTER
I0328 05:24:52.054222 2191560 finetune.py:68] layer 29_up @ epoch 2 new loss 0.0008229644736275077 old loss 0.0008300390327349305 BETTER
I0328 05:24:54.808190 2190740 finetune.py:68] layer 28_up @ epoch 3 new loss 0.000624953827355057 old loss 0.0006290237652137876 BETTER
I0328 05:25:02.905274 2192315 finetune.py:68] layer 30_up @ epoch 0 new loss 0.0015255738981068134 old loss 0.0015615234151482582 BETTER
I0328 05:25:22.990977 2193014 finetune.py:45] layer 31_up initial loss 0.004590808879584074
I0328 05:25:24.167280 2191560 finetune.py:68] layer 29_up @ epoch 3 new loss 0.0008168533095158637 old loss 0.0008229644736275077 BETTER
I0328 05:25:28.614000 2190740 finetune.py:68] layer 28_up @ epoch 4 new loss 0.0006213285378180444 old loss 0.000624953827355057 BETTER
I0328 05:25:35.186845 2192315 finetune.py:68] layer 30_up @ epoch 1 new loss 0.0015019905986264348 old loss 0.0015255738981068134 BETTER
I0328 05:25:53.267398 2193014 finetune.py:68] layer 31_up @ epoch 0 new loss 0.004372226539999247 old loss 0.004590808879584074 BETTER
I0328 05:25:56.046179 2191560 finetune.py:68] layer 29_up @ epoch 4 new loss 0.000811522826552391 old loss 0.0008168533095158637 BETTER
I0328 05:26:00.013339 2190740 finetune.py:45] layer 28_gate initial loss 0.0008322361973114312
I0328 05:26:07.402119 2192315 finetune.py:68] layer 30_up @ epoch 2 new loss 0.0014824419049546123 old loss 0.0015019905986264348 BETTER
I0328 05:26:24.654929 2193014 finetune.py:68] layer 31_up @ epoch 1 new loss 0.004235001280903816 old loss 0.004372226539999247 BETTER
I0328 05:26:27.428870 2191560 finetune.py:45] layer 29_gate initial loss 0.0010922005167230964
I0328 05:26:29.824990 2190740 finetune.py:68] layer 28_gate @ epoch 0 new loss 0.000828178133815527 old loss 0.0008322361973114312 BETTER
I0328 05:26:39.625835 2192315 finetune.py:68] layer 30_up @ epoch 3 new loss 0.0014658200088888407 old loss 0.0014824419049546123 BETTER
I0328 05:26:56.048207 2191560 finetune.py:68] layer 29_gate @ epoch 0 new loss 0.0010866352822631598 old loss 0.0010922005167230964 BETTER
I0328 05:26:56.187355 2193014 finetune.py:68] layer 31_up @ epoch 2 new loss 0.004124330822378397 old loss 0.004235001280903816 BETTER
I0328 05:27:01.069416 2190740 finetune.py:68] layer 28_gate @ epoch 1 new loss 0.000824876013211906 old loss 0.000828178133815527 BETTER
I0328 05:27:11.881012 2192315 finetune.py:68] layer 30_up @ epoch 4 new loss 0.0014516526134684682 old loss 0.0014658200088888407 BETTER
I0328 05:27:25.394701 2191560 finetune.py:68] layer 29_gate @ epoch 1 new loss 0.0010821850737556815 old loss 0.0010866352822631598 BETTER
I0328 05:27:27.865632 2193014 finetune.py:68] layer 31_up @ epoch 3 new loss 0.00402760598808527 old loss 0.004124330822378397 BETTER
I0328 05:27:32.433069 2190740 finetune.py:68] layer 28_gate @ epoch 2 new loss 0.0008218192961066961 old loss 0.000824876013211906 BETTER
I0328 05:27:43.928569 2192315 finetune.py:45] layer 30_gate initial loss 0.0018632964929565787
I0328 05:27:55.056332 2191560 finetune.py:68] layer 29_gate @ epoch 2 new loss 0.001078244880773127 old loss 0.0010821850737556815 BETTER
I0328 05:27:59.442137 2193014 finetune.py:68] layer 31_up @ epoch 4 new loss 0.003940539434552193 old loss 0.00402760598808527 BETTER
I0328 05:28:03.766289 2190740 finetune.py:68] layer 28_gate @ epoch 3 new loss 0.0008191734668798745 old loss 0.0008218192961066961 BETTER
I0328 05:28:12.567324 2192315 finetune.py:68] layer 30_gate @ epoch 0 new loss 0.0018484711181372404 old loss 0.0018632964929565787 BETTER
I0328 05:28:24.751164 2191560 finetune.py:68] layer 29_gate @ epoch 3 new loss 0.0010747386841103435 old loss 0.001078244880773127 BETTER
I0328 05:28:30.631148 2193014 finetune.py:45] layer 31_gate initial loss 0.004764835815876722
I0328 05:28:35.208791 2190740 finetune.py:68] layer 28_gate @ epoch 4 new loss 0.0008166247862391174 old loss 0.0008191734668798745 BETTER
I0328 05:28:42.279973 2192315 finetune.py:68] layer 30_gate @ epoch 1 new loss 0.0018373510101810098 old loss 0.0018484711181372404 BETTER
I0328 05:28:54.498125 2191560 finetune.py:68] layer 29_gate @ epoch 4 new loss 0.0010715987300500274 old loss 0.0010747386841103435 BETTER
I0328 05:28:58.708568 2193014 finetune.py:68] layer 31_gate @ epoch 0 new loss 0.00468268059194088 old loss 0.004764835815876722 BETTER
I0328 05:29:11.968425 2192315 finetune.py:68] layer 30_gate @ epoch 2 new loss 0.0018273969180881977 old loss 0.0018373510101810098 BETTER
I0328 05:29:27.925331 2193014 finetune.py:68] layer 31_gate @ epoch 1 new loss 0.004622879903763533 old loss 0.00468268059194088 BETTER
I0328 05:29:31.794073 2190740 finetune.py:45] layer 28_down initial loss 0.0013280371204018593
I0328 05:29:41.670710 2192315 finetune.py:68] layer 30_gate @ epoch 3 new loss 0.0018183530773967505 old loss 0.0018273969180881977 BETTER
I0328 05:29:51.180943 2191560 finetune.py:45] layer 29_down initial loss 0.0017536389641463757
I0328 05:29:57.420329 2193014 finetune.py:68] layer 31_gate @ epoch 2 new loss 0.004572962410748005 old loss 0.004622879903763533 BETTER
I0328 05:29:59.273890 2190740 finetune.py:68] layer 28_down @ epoch 0 new loss 0.0013279488775879145 old loss 0.0013280371204018593 BETTER
I0328 05:30:11.688135 2192315 finetune.py:68] layer 30_gate @ epoch 4 new loss 0.0018104217015206814 old loss 0.0018183530773967505 BETTER
I0328 05:30:17.363719 2191560 finetune.py:68] layer 29_down @ epoch 0 new loss 0.001753532444126904 old loss 0.0017536389641463757 BETTER
I0328 05:30:26.920750 2193014 finetune.py:68] layer 31_gate @ epoch 3 new loss 0.004527079872786999 old loss 0.004572962410748005 BETTER
I0328 05:30:27.926279 2190740 finetune.py:68] layer 28_down @ epoch 1 new loss 0.0013278673868626356 old loss 0.0013279488775879145 BETTER
I0328 05:30:44.553326 2191560 finetune.py:68] layer 29_down @ epoch 1 new loss 0.0017534325597807765 old loss 0.001753532444126904 BETTER
I0328 05:30:56.791443 2190740 finetune.py:68] layer 28_down @ epoch 2 new loss 0.0013277981197461486 old loss 0.0013278673868626356 BETTER
I0328 05:30:56.815038 2193014 finetune.py:68] layer 31_gate @ epoch 4 new loss 0.0044832052662968636 old loss 0.004527079872786999 BETTER
I0328 05:31:09.693542 2192315 finetune.py:45] layer 30_down initial loss 0.0028996386099606752
I0328 05:31:12.066266 2191560 finetune.py:68] layer 29_down @ epoch 2 new loss 0.0017533479258418083 old loss 0.0017534325597807765 BETTER
I0328 05:31:25.736692 2190740 finetune.py:68] layer 28_down @ epoch 3 new loss 0.001327734673395753 old loss 0.0013277981197461486 BETTER
I0328 05:31:36.075870 2192315 finetune.py:68] layer 30_down @ epoch 0 new loss 0.0028995093889534473 old loss 0.0028996386099606752 BETTER
I0328 05:31:39.638681 2191560 finetune.py:68] layer 29_down @ epoch 3 new loss 0.0017532692290842533 old loss 0.0017533479258418083 BETTER
I0328 05:31:53.180751 2193014 finetune.py:45] layer 31_down initial loss 0.007556351367384195
I0328 05:31:54.664011 2190740 finetune.py:68] layer 28_down @ epoch 4 new loss 0.001327670644968748 old loss 0.001327734673395753 BETTER
28_v proxy err 0.023049913346767426 tr(WHW.T) 601.4844360351562
bpp_loss 2.743108664290048
28_q proxy err 0.0024664949160069227 tr(WHW.T) 23188.271484375
bpp_loss 2.9774256837554276
28_k proxy err 0.0010619101813063025 tr(WHW.T) 14976.771484375
bpp_loss 3.6801628003595397
28_o proxy err 0.020795781165361404 tr(WHW.T) 2514.2880859375
bpp_loss 2.5642023908440024
28_up proxy err 0.0246215108782053 tr(WHW.T) 10246.5068359375
bpp_loss 2.532268637392138
28_gate proxy err 0.0075031607411801815 tr(WHW.T) 35872.91015625
bpp_loss 2.848210633067148
28_down proxy err 0.0273087527602911 tr(WHW.T) 7261.8486328125
bpp_loss 2.516284136084973
I0328 05:32:03.743193 2192315 finetune.py:68] layer 30_down @ epoch 1 new loss 0.0028993934392929077 old loss 0.0028995093889534473 BETTER
I0328 05:32:07.466422 2191560 finetune.py:68] layer 29_down @ epoch 4 new loss 0.001753188669681549 old loss 0.0017532692290842533 BETTER
29_v proxy err 0.01773957908153534 tr(WHW.T) 850.4290161132812
bpp_loss 2.807551866164431
29_q proxy err 0.0029741846956312656 tr(WHW.T) 20665.697265625
bpp_loss 2.9692170751513913
29_k proxy err 0.0010612114565446973 tr(WHW.T) 16360.306640625
bpp_loss 3.7534891485993285
29_o proxy err 0.013207264244556427 tr(WHW.T) 3101.735595703125
bpp_loss 2.6014948573429137
29_up proxy err 0.019118038937449455 tr(WHW.T) 12913.15625
bpp_loss 2.565177281486935
29_gate proxy err 0.006824900396168232 tr(WHW.T) 38309.171875
bpp_loss 2.8402604229216064
29_down proxy err 0.022352971136569977 tr(WHW.T) 7537.36572265625
bpp_loss 2.5300579847036198
I0328 05:32:19.224029 2193014 finetune.py:68] layer 31_down @ epoch 0 new loss 0.007555745076388121 old loss 0.007556351367384195 BETTER
I0328 05:32:31.541805 2192315 finetune.py:68] layer 30_down @ epoch 2 new loss 0.0028992800507694483 old loss 0.0028993934392929077 BETTER
I0328 05:32:46.137948 2193014 finetune.py:68] layer 31_down @ epoch 1 new loss 0.007555168122053146 old loss 0.007555745076388121 BETTER
I0328 05:32:59.263730 2192315 finetune.py:68] layer 30_down @ epoch 3 new loss 0.00289917248301208 old loss 0.0028992800507694483 BETTER
I0328 05:33:13.251424 2193014 finetune.py:68] layer 31_down @ epoch 2 new loss 0.007554647047072649 old loss 0.007555168122053146 BETTER
I0328 05:33:27.001681 2192315 finetune.py:68] layer 30_down @ epoch 4 new loss 0.0028990632854402065 old loss 0.00289917248301208 BETTER
30_v proxy err 0.016232626512646675 tr(WHW.T) 863.060791015625
bpp_loss 3.060006795625668
30_q proxy err 0.002226469339802861 tr(WHW.T) 24083.1953125
bpp_loss 2.8784482478513382
30_k proxy err 0.0010551853338256478 tr(WHW.T) 14015.7705078125
bpp_loss 3.4609832727583125
30_o proxy err 0.009645181708037853 tr(WHW.T) 4878.1572265625
bpp_loss 2.6822936244425364
30_up proxy err 0.011352350004017353 tr(WHW.T) 21681.25
bpp_loss 2.5959844671056738
30_gate proxy err 0.005064329598098993 tr(WHW.T) 51663.5546875
bpp_loss 2.8853380094681467
30_down proxy err 0.0127440569922328 tr(WHW.T) 8866.9560546875
bpp_loss 2.5295697602144043
I0328 05:33:40.646892 2193014 finetune.py:68] layer 31_down @ epoch 3 new loss 0.007554152049124241 old loss 0.007554647047072649 BETTER
I0328 05:34:07.997506 2193014 finetune.py:68] layer 31_down @ epoch 4 new loss 0.0075536807999014854 old loss 0.007554152049124241 BETTER
31_v proxy err 0.008128536865115166 tr(WHW.T) 1808.723876953125
bpp_loss 2.9053505409974605
31_q proxy err 0.0012912247329950333 tr(WHW.T) 46196.46875
bpp_loss 3.0171133137191646
31_k proxy err 0.0008064362918958068 tr(WHW.T) 20455.96875
bpp_loss 3.6644359494093806
31_o proxy err 0.007954785600304604 tr(WHW.T) 2212.701416015625
bpp_loss 2.638479278772138
31_up proxy err 0.003519972786307335 tr(WHW.T) 68963.8671875
bpp_loss 2.7781667886967107
31_gate proxy err 0.0018048237543553114 tr(WHW.T) 143143.28125
bpp_loss 3.0814482257701457
31_down proxy err 0.004870342556387186 tr(WHW.T) 10028.9091796875
bpp_loss 2.5568529130292257
I0328 05:34:38.580815 2206639 utils.py:146] Note: detected 128 virtual cores but NumExpr set to maximum of 64, check "NUMEXPR_MAX_THREADS" environment variable.
I0328 05:34:38.581037 2206639 utils.py:149] Note: NumExpr detected 128 cores but "NUMEXPR_MAX_THREADS" not set, so enforcing safe limit of 16.
I0328 05:34:38.581093 2206639 utils.py:162] NumExpr defaulting to 16 threads.
I0328 05:34:38.897156 2206639 config.py:54] PyTorch version 2.6.0 available.
W0328 05:34:39.103600 2206639 warnings.py:109] /opt/conda/lib/python3.10/site-packages/torchvision/io/image.py:13: UserWarning: Failed to load image Python extension: '/opt/conda/lib/python3.10/site-packages/torchvision/image.so: undefined symbol: _ZN3c1017RegisterOperatorsD1Ev'If you don't plan on using image functionality from `torchvision.io`, you can ignore this warning. Otherwise, there might be something wrong with your environment. Did you have `libjpeg` or `libpng` installed before building `torchvision` from source?
  warn(

I0328 05:34:39.215439 2206639 hfize_llama.py:27] LlamaConfig {
  "_attn_implementation_autoset": true,
  "_name_or_path": "../Wparam_dataset/hf_model/meta-llama--Meta-Llama-3-8B",
  "architectures": [
    "LlamaForCausalLM"
  ],
  "attention_bias": false,
  "attention_dropout": 0.0,
  "bos_token_id": 128000,
  "eos_token_id": 128001,
  "head_dim": 128,
  "hidden_act": "silu",
  "hidden_size": 4096,
  "initializer_range": 0.02,
  "intermediate_size": 14336,
  "max_position_embeddings": 8192,
  "mlp_bias": false,
  "model_type": "llama",
  "num_attention_heads": 32,
  "num_hidden_layers": 32,
  "num_key_value_heads": 8,
  "pretraining_tp": 1,
  "quip_params": {},
  "rms_norm_eps": 1e-05,
  "rope_scaling": null,
  "rope_theta": 500000.0,
  "tie_word_embeddings": false,
  "torch_dtype": "float32",
  "transformers_version": "4.47.1",
  "use_cache": true,
  "vocab_size": 128256
}

Loading checkpoint shards:   0%|          | 0/7 [00:00<?, ?it/s]Loading checkpoint shards:  14%|█▍        | 1/7 [00:00<00:00,  7.45it/s]Loading checkpoint shards:  29%|██▊       | 2/7 [00:00<00:00,  8.41it/s]Loading checkpoint shards:  43%|████▎     | 3/7 [00:00<00:00,  8.80it/s]Loading checkpoint shards:  57%|█████▋    | 4/7 [00:00<00:00,  8.87it/s]Loading checkpoint shards:  71%|███████▏  | 5/7 [00:00<00:00,  9.09it/s]Loading checkpoint shards:  86%|████████▌ | 6/7 [00:00<00:00,  9.06it/s]Loading checkpoint shards: 100%|██████████| 7/7 [00:00<00:00,  9.32it/s]Loading checkpoint shards: 100%|██████████| 7/7 [00:00<00:00,  8.99it/s]
Loading checkpoint shards:   0%|          | 0/7 [00:00<?, ?it/s]Loading checkpoint shards:  14%|█▍        | 1/7 [00:00<00:00,  8.77it/s]Loading checkpoint shards:  29%|██▊       | 2/7 [00:00<00:00,  8.87it/s]Loading checkpoint shards:  43%|████▎     | 3/7 [00:00<00:00,  8.92it/s]Loading checkpoint shards:  57%|█████▋    | 4/7 [00:00<00:00,  8.97it/s]Loading checkpoint shards:  71%|███████▏  | 5/7 [00:00<00:00,  8.70it/s]Loading checkpoint shards:  86%|████████▌ | 6/7 [00:00<00:00,  8.84it/s]Loading checkpoint shards: 100%|██████████| 7/7 [00:00<00:00,  9.10it/s]Loading checkpoint shards: 100%|██████████| 7/7 [00:00<00:00,  8.95it/s]
I0328 05:34:41.926013 2206639 hfize_llama.py:153] loaded layer 0
I0328 05:34:42.230833 2206639 hfize_llama.py:153] loaded layer 1
I0328 05:34:42.534476 2206639 hfize_llama.py:153] loaded layer 2
I0328 05:34:42.826915 2206639 hfize_llama.py:153] loaded layer 3
I0328 05:34:43.138557 2206639 hfize_llama.py:153] loaded layer 4
I0328 05:34:43.431888 2206639 hfize_llama.py:153] loaded layer 5
I0328 05:34:43.719412 2206639 hfize_llama.py:153] loaded layer 6
I0328 05:34:44.038654 2206639 hfize_llama.py:153] loaded layer 7
I0328 05:34:44.327032 2206639 hfize_llama.py:153] loaded layer 8
I0328 05:34:44.597628 2206639 hfize_llama.py:153] loaded layer 9
I0328 05:34:44.893402 2206639 hfize_llama.py:153] loaded layer 10
I0328 05:34:45.189360 2206639 hfize_llama.py:153] loaded layer 11
I0328 05:34:45.478334 2206639 hfize_llama.py:153] loaded layer 12
I0328 05:34:45.738263 2206639 hfize_llama.py:153] loaded layer 13
I0328 05:34:46.158975 2206639 hfize_llama.py:153] loaded layer 14
I0328 05:34:46.580151 2206639 hfize_llama.py:153] loaded layer 15
I0328 05:34:46.920064 2206639 hfize_llama.py:153] loaded layer 16
I0328 05:34:47.247988 2206639 hfize_llama.py:153] loaded layer 17
I0328 05:34:47.529229 2206639 hfize_llama.py:153] loaded layer 18
I0328 05:34:47.841156 2206639 hfize_llama.py:153] loaded layer 19
I0328 05:34:48.206069 2206639 hfize_llama.py:153] loaded layer 20
I0328 05:34:48.608546 2206639 hfize_llama.py:153] loaded layer 21
I0328 05:34:49.026594 2206639 hfize_llama.py:153] loaded layer 22
I0328 05:34:49.362137 2206639 hfize_llama.py:153] loaded layer 23
I0328 05:34:49.736981 2206639 hfize_llama.py:153] loaded layer 24
I0328 05:34:50.072611 2206639 hfize_llama.py:153] loaded layer 25
I0328 05:34:50.409992 2206639 hfize_llama.py:153] loaded layer 26
I0328 05:34:50.764907 2206639 hfize_llama.py:153] loaded layer 27
I0328 05:34:51.112843 2206639 hfize_llama.py:153] loaded layer 28
I0328 05:34:51.446800 2206639 hfize_llama.py:153] loaded layer 29
I0328 05:34:51.777450 2206639 hfize_llama.py:153] loaded layer 30
I0328 05:34:52.107910 2206639 hfize_llama.py:153] loaded layer 31
I0328 05:34:52.108025 2206639 hfize_llama.py:157] saving model...
Loading checkpoint shards:   0%|          | 0/7 [00:00<?, ?it/s]Loading checkpoint shards:  14%|█▍        | 1/7 [00:02<00:12,  2.00s/it]Loading checkpoint shards:  29%|██▊       | 2/7 [00:03<00:07,  1.48s/it]Loading checkpoint shards:  43%|████▎     | 3/7 [00:04<00:05,  1.31s/it]Loading checkpoint shards:  57%|█████▋    | 4/7 [00:05<00:03,  1.19s/it]Loading checkpoint shards:  71%|███████▏  | 5/7 [00:06<00:02,  1.16s/it]Loading checkpoint shards:  86%|████████▌ | 6/7 [00:07<00:01,  1.04s/it]Loading checkpoint shards: 100%|██████████| 7/7 [00:07<00:00,  1.13it/s]Loading checkpoint shards: 100%|██████████| 7/7 [00:07<00:00,  1.10s/it]
I0328 05:35:34.424829 2206639 hfize_llama.py:167] successfully loaded hfized model
I0328 05:35:39.586563 2207475 utils.py:146] Note: detected 128 virtual cores but NumExpr set to maximum of 64, check "NUMEXPR_MAX_THREADS" environment variable.
I0328 05:35:39.586782 2207475 utils.py:149] Note: NumExpr detected 128 cores but "NUMEXPR_MAX_THREADS" not set, so enforcing safe limit of 16.
I0328 05:35:39.586824 2207475 utils.py:162] NumExpr defaulting to 16 threads.
W0328 05:35:39.929537 2207475 warnings.py:109] /opt/conda/lib/python3.10/site-packages/torchvision/io/image.py:13: UserWarning: Failed to load image Python extension: '/opt/conda/lib/python3.10/site-packages/torchvision/image.so: undefined symbol: _ZN3c1017RegisterOperatorsD1Ev'If you don't plan on using image functionality from `torchvision.io`, you can ignore this warning. Otherwise, there might be something wrong with your environment. Did you have `libjpeg` or `libpng` installed before building `torchvision` from source?
  warn(

I0328 05:35:40.297638 2207475 modeling.py:990] We will use 90% of the memory on device 0 for storing the model, and 10% for the buffer to avoid OOM. You can set `max_memory` in to a higher value to use more memory (at your own risk).
Loading checkpoint shards:   0%|          | 0/7 [00:00<?, ?it/s]Loading checkpoint shards:  14%|█▍        | 1/7 [00:01<00:07,  1.18s/it]Loading checkpoint shards:  29%|██▊       | 2/7 [00:02<00:05,  1.13s/it]Loading checkpoint shards:  43%|████▎     | 3/7 [00:03<00:04,  1.14s/it]Loading checkpoint shards:  57%|█████▋    | 4/7 [00:04<00:03,  1.13s/it]Loading checkpoint shards:  71%|███████▏  | 5/7 [00:05<00:02,  1.10s/it]Loading checkpoint shards:  86%|████████▌ | 6/7 [00:06<00:01,  1.12s/it]Loading checkpoint shards: 100%|██████████| 7/7 [00:07<00:00,  1.03it/s]Loading checkpoint shards: 100%|██████████| 7/7 [00:07<00:00,  1.06s/it]
I0328 05:35:47.819514 2207475 config.py:54] PyTorch version 2.6.0 available.
