I0328 09:36:40.603773 2302772 finetune.py:68] layer 4_q @ epoch 0 new loss 2.322407453902997e-06 old loss 2.398421202087775e-06 BETTER
I0328 09:36:56.305584 2302917 finetune.py:68] layer 5_v @ epoch 4 new loss 3.017203880517627e-06 old loss 3.087276809310424e-06 BETTER
I0328 09:36:56.615750 2303053 finetune.py:68] layer 6_v @ epoch 2 new loss 3.884421403199667e-06 old loss 4.049908966408111e-06 BETTER
I0328 09:36:57.426110 2303192 finetune.py:68] layer 7_v @ epoch 0 new loss 5.311367658578092e-06 old loss 8.379451173823327e-06 BETTER
I0328 09:37:15.937295 2302917 finetune.py:45] layer 5_q initial loss 3.5978562209493248e-06
I0328 09:37:17.026533 2302772 finetune.py:68] layer 4_q @ epoch 1 new loss 2.2734795948053943e-06 old loss 2.322407453902997e-06 BETTER
I0328 09:37:31.810180 2303053 finetune.py:68] layer 6_v @ epoch 3 new loss 3.788656840697513e-06 old loss 3.884421403199667e-06 BETTER
I0328 09:37:31.839344 2303192 finetune.py:68] layer 7_v @ epoch 1 new loss 4.991769401385682e-06 old loss 5.311367658578092e-06 BETTER
I0328 09:37:49.369070 2302917 finetune.py:68] layer 5_q @ epoch 0 new loss 3.511026534397388e-06 old loss 3.5978562209493248e-06 BETTER
I0328 09:37:53.673607 2302772 finetune.py:68] layer 4_q @ epoch 2 new loss 2.236784212072962e-06 old loss 2.2734795948053943e-06 BETTER
I0328 09:38:06.445030 2303192 finetune.py:68] layer 7_v @ epoch 2 new loss 4.842229373025475e-06 old loss 4.991769401385682e-06 BETTER
I0328 09:38:07.031552 2303053 finetune.py:68] layer 6_v @ epoch 4 new loss 3.7212466850178316e-06 old loss 3.788656840697513e-06 BETTER
I0328 09:38:23.802957 2302917 finetune.py:68] layer 5_q @ epoch 1 new loss 3.4550780583231244e-06 old loss 3.511026534397388e-06 BETTER
I0328 09:38:26.665252 2303053 finetune.py:45] layer 6_q initial loss 4.415800958668115e-06
I0328 09:38:30.539486 2302772 finetune.py:68] layer 4_q @ epoch 3 new loss 2.2076424102124292e-06 old loss 2.236784212072962e-06 BETTER
I0328 09:38:41.097808 2303192 finetune.py:68] layer 7_v @ epoch 3 new loss 4.745357728097588e-06 old loss 4.842229373025475e-06 BETTER
I0328 09:38:58.510517 2302917 finetune.py:68] layer 5_q @ epoch 2 new loss 3.411437774047954e-06 old loss 3.4550780583231244e-06 BETTER
I0328 09:39:00.381932 2303053 finetune.py:68] layer 6_q @ epoch 0 new loss 4.325755526224384e-06 old loss 4.415800958668115e-06 BETTER
I0328 09:39:07.281765 2302772 finetune.py:68] layer 4_q @ epoch 4 new loss 2.1829112029081443e-06 old loss 2.2076424102124292e-06 BETTER
I0328 09:39:15.683430 2303192 finetune.py:68] layer 7_v @ epoch 4 new loss 4.6736195145058446e-06 old loss 4.745357728097588e-06 BETTER
I0328 09:39:25.088216 2302772 finetune.py:45] layer 4_k initial loss 2.317971166121424e-06
I0328 09:39:33.418913 2302917 finetune.py:68] layer 5_q @ epoch 3 new loss 3.3762028124328936e-06 old loss 3.411437774047954e-06 BETTER
I0328 09:39:35.564036 2303053 finetune.py:68] layer 6_q @ epoch 1 new loss 4.263206392352004e-06 old loss 4.325755526224384e-06 BETTER
I0328 09:39:35.673825 2303192 finetune.py:45] layer 7_q initial loss 5.6894446061050985e-06
I0328 09:40:00.244078 2302772 finetune.py:68] layer 4_k @ epoch 0 new loss 2.28777958000137e-06 old loss 2.317971166121424e-06 BETTER
I0328 09:40:08.455068 2302917 finetune.py:68] layer 5_q @ epoch 4 new loss 3.345725190229132e-06 old loss 3.3762028124328936e-06 BETTER
I0328 09:40:09.066847 2303192 finetune.py:68] layer 7_q @ epoch 0 new loss 5.5891114243422635e-06 old loss 5.6894446061050985e-06 BETTER
I0328 09:40:10.370352 2303053 finetune.py:68] layer 6_q @ epoch 2 new loss 4.214241471345304e-06 old loss 4.263206392352004e-06 BETTER
I0328 09:40:26.559247 2302917 finetune.py:45] layer 5_k initial loss 3.5084628962067654e-06
I0328 09:40:36.780848 2302772 finetune.py:68] layer 4_k @ epoch 1 new loss 2.267893478347105e-06 old loss 2.28777958000137e-06 BETTER
I0328 09:40:43.684761 2303192 finetune.py:68] layer 7_q @ epoch 1 new loss 5.517842964763986e-06 old loss 5.5891114243422635e-06 BETTER
I0328 09:40:45.467245 2303053 finetune.py:68] layer 6_q @ epoch 3 new loss 4.173172328592045e-06 old loss 4.214241471345304e-06 BETTER
I0328 09:41:00.035500 2302917 finetune.py:68] layer 5_k @ epoch 0 new loss 3.469873945505242e-06 old loss 3.5084628962067654e-06 BETTER
I0328 09:41:13.163829 2302772 finetune.py:68] layer 4_k @ epoch 2 new loss 2.251195610369905e-06 old loss 2.267893478347105e-06 BETTER
I0328 09:41:17.975280 2303192 finetune.py:68] layer 7_q @ epoch 2 new loss 5.459596650325693e-06 old loss 5.517842964763986e-06 BETTER
I0328 09:41:20.379401 2303053 finetune.py:68] layer 6_q @ epoch 4 new loss 4.137180440011434e-06 old loss 4.173172328592045e-06 BETTER
I0328 09:41:34.470560 2302917 finetune.py:68] layer 5_k @ epoch 1 new loss 3.4459906146366848e-06 old loss 3.469873945505242e-06 BETTER
I0328 09:41:38.433860 2303053 finetune.py:45] layer 6_k initial loss 4.349008122517262e-06
I0328 09:41:49.835101 2302772 finetune.py:68] layer 4_k @ epoch 3 new loss 2.2368651571014198e-06 old loss 2.251195610369905e-06 BETTER
I0328 09:41:52.345294 2303192 finetune.py:68] layer 7_q @ epoch 3 new loss 5.411970505520003e-06 old loss 5.459596650325693e-06 BETTER
I0328 09:42:09.011734 2302917 finetune.py:68] layer 5_k @ epoch 2 new loss 3.425768227316439e-06 old loss 3.4459906146366848e-06 BETTER
I0328 09:42:11.893268 2303053 finetune.py:68] layer 6_k @ epoch 0 new loss 4.306078608351527e-06 old loss 4.349008122517262e-06 BETTER
I0328 09:42:26.490342 2302772 finetune.py:68] layer 4_k @ epoch 4 new loss 2.2230608465179102e-06 old loss 2.2368651571014198e-06 BETTER
I0328 09:42:26.672300 2303192 finetune.py:68] layer 7_q @ epoch 4 new loss 5.368202437239233e-06 old loss 5.411970505520003e-06 BETTER
I0328 09:42:44.426450 2302917 finetune.py:68] layer 5_k @ epoch 3 new loss 3.4070890251314268e-06 old loss 3.425768227316439e-06 BETTER
I0328 09:42:45.222083 2303192 finetune.py:45] layer 7_k initial loss 5.630072337226011e-06
I0328 09:42:46.997896 2303053 finetune.py:68] layer 6_k @ epoch 1 new loss 4.277964308130322e-06 old loss 4.306078608351527e-06 BETTER
I0328 09:42:47.023266 2302772 finetune.py:45] layer 4_o initial loss 5.000254077458521e-06
I0328 09:43:18.668203 2303192 finetune.py:68] layer 7_k @ epoch 0 new loss 5.576841886067996e-06 old loss 5.630072337226011e-06 BETTER
I0328 09:43:19.656868 2302917 finetune.py:68] layer 5_k @ epoch 4 new loss 3.389817720744759e-06 old loss 3.4070890251314268e-06 BETTER
I0328 09:43:21.993854 2303053 finetune.py:68] layer 6_k @ epoch 2 new loss 4.253163297107676e-06 old loss 4.277964308130322e-06 BETTER
I0328 09:43:22.088073 2302772 finetune.py:68] layer 4_o @ epoch 0 new loss 4.855424776906148e-06 old loss 5.000254077458521e-06 BETTER
I0328 09:43:39.597419 2302917 finetune.py:45] layer 5_o initial loss 6.92543335389928e-06
I0328 09:43:52.780577 2303192 finetune.py:68] layer 7_k @ epoch 1 new loss 5.551200501940912e-06 old loss 5.576841886067996e-06 BETTER
I0328 09:43:56.656942 2303053 finetune.py:68] layer 6_k @ epoch 3 new loss 4.231035291013541e-06 old loss 4.253163297107676e-06 BETTER
I0328 09:43:57.736305 2302772 finetune.py:68] layer 4_o @ epoch 1 new loss 4.804454420082038e-06 old loss 4.855424776906148e-06 BETTER
I0328 09:44:12.547722 2302917 finetune.py:68] layer 5_o @ epoch 0 new loss 6.757832125003915e-06 old loss 6.92543335389928e-06 BETTER
I0328 09:44:27.112966 2303192 finetune.py:68] layer 7_k @ epoch 2 new loss 5.5147966122603975e-06 old loss 5.551200501940912e-06 BETTER
I0328 09:44:31.406344 2303053 finetune.py:68] layer 6_k @ epoch 4 new loss 4.21020740759559e-06 old loss 4.231035291013541e-06 BETTER
I0328 09:44:33.649225 2302772 finetune.py:68] layer 4_o @ epoch 2 new loss 4.76597097076592e-06 old loss 4.804454420082038e-06 BETTER
I0328 09:44:46.315795 2302917 finetune.py:68] layer 5_o @ epoch 1 new loss 6.693159321002895e-06 old loss 6.757832125003915e-06 BETTER
I0328 09:44:51.323398 2303053 finetune.py:45] layer 6_o initial loss 9.484061592957005e-06
I0328 09:45:01.257534 2303192 finetune.py:68] layer 7_k @ epoch 3 new loss 5.489561317517655e-06 old loss 5.5147966122603975e-06 BETTER
I0328 09:45:09.402369 2302772 finetune.py:68] layer 4_o @ epoch 3 new loss 4.734537014883244e-06 old loss 4.76597097076592e-06 BETTER
I0328 09:45:20.485982 2302917 finetune.py:68] layer 5_o @ epoch 2 new loss 6.644359928031918e-06 old loss 6.693159321002895e-06 BETTER
I0328 09:45:24.186951 2303053 finetune.py:68] layer 6_o @ epoch 0 new loss 9.2787604444311e-06 old loss 9.484061592957005e-06 BETTER
I0328 09:45:35.282439 2303192 finetune.py:68] layer 7_k @ epoch 4 new loss 5.461130058392882e-06 old loss 5.489561317517655e-06 BETTER
I0328 09:45:45.477416 2302772 finetune.py:68] layer 4_o @ epoch 4 new loss 4.7067760533536784e-06 old loss 4.734537014883244e-06 BETTER
I0328 09:45:54.814736 2302917 finetune.py:68] layer 5_o @ epoch 3 new loss 6.603839665331179e-06 old loss 6.644359928031918e-06 BETTER
I0328 09:45:55.070242 2303192 finetune.py:45] layer 7_o initial loss 1.2086194146831986e-05
I0328 09:45:58.233703 2303053 finetune.py:68] layer 6_o @ epoch 1 new loss 9.179547305393498e-06 old loss 9.2787604444311e-06 BETTER
I0328 09:46:16.798169 2302772 finetune.py:45] layer 4_up initial loss 1.0606296200421639e-05
I0328 09:46:27.382326 2303192 finetune.py:68] layer 7_o @ epoch 0 new loss 1.1801100299635436e-05 old loss 1.2086194146831986e-05 BETTER
I0328 09:46:29.021836 2302917 finetune.py:68] layer 5_o @ epoch 4 new loss 6.569041033799294e-06 old loss 6.603839665331179e-06 BETTER
I0328 09:46:32.327997 2303053 finetune.py:68] layer 6_o @ epoch 2 new loss 9.101930118049495e-06 old loss 9.179547305393498e-06 BETTER
I0328 09:46:48.733436 2302772 finetune.py:68] layer 4_up @ epoch 0 new loss 1.0536747140577063e-05 old loss 1.0606296200421639e-05 BETTER
I0328 09:47:00.689335 2303192 finetune.py:68] layer 7_o @ epoch 1 new loss 1.1652471584966406e-05 old loss 1.1801100299635436e-05 BETTER
I0328 09:47:01.014436 2302917 finetune.py:45] layer 5_up initial loss 1.5126779544516467e-05
I0328 09:47:06.267905 2303053 finetune.py:68] layer 6_o @ epoch 3 new loss 9.035824405145831e-06 old loss 9.101930118049495e-06 BETTER
I0328 09:47:21.766919 2302772 finetune.py:68] layer 4_up @ epoch 1 new loss 1.0483218829904217e-05 old loss 1.0536747140577063e-05 BETTER
I0328 09:47:31.474639 2302917 finetune.py:68] layer 5_up @ epoch 0 new loss 1.4997470316302497e-05 old loss 1.5126779544516467e-05 BETTER
I0328 09:47:33.878056 2303192 finetune.py:68] layer 7_o @ epoch 2 new loss 1.153867196990177e-05 old loss 1.1652471584966406e-05 BETTER
I0328 09:47:40.264555 2303053 finetune.py:68] layer 6_o @ epoch 4 new loss 8.977531251730397e-06 old loss 9.035824405145831e-06 BETTER
I0328 09:47:55.333197 2302772 finetune.py:68] layer 4_up @ epoch 2 new loss 1.0435390322527383e-05 old loss 1.0483218829904217e-05 BETTER
I0328 09:48:03.107700 2302917 finetune.py:68] layer 5_up @ epoch 1 new loss 1.490070644649677e-05 old loss 1.4997470316302497e-05 BETTER
I0328 09:48:07.247586 2303192 finetune.py:68] layer 7_o @ epoch 3 new loss 1.1442355571489315e-05 old loss 1.153867196990177e-05 BETTER
I0328 09:48:11.911109 2303053 finetune.py:45] layer 6_up initial loss 1.9839897504425608e-05
I0328 09:48:29.044430 2302772 finetune.py:68] layer 4_up @ epoch 3 new loss 1.0390110219304916e-05 old loss 1.0435390322527383e-05 BETTER
I0328 09:48:34.971054 2302917 finetune.py:68] layer 5_up @ epoch 2 new loss 1.4812751942372415e-05 old loss 1.490070644649677e-05 BETTER
I0328 09:48:40.953254 2303192 finetune.py:68] layer 7_o @ epoch 4 new loss 1.1359837117197458e-05 old loss 1.1442355571489315e-05 BETTER
I0328 09:48:42.675243 2303053 finetune.py:68] layer 6_up @ epoch 0 new loss 1.963458998943679e-05 old loss 1.9839897504425608e-05 BETTER
I0328 09:49:02.650306 2302772 finetune.py:68] layer 4_up @ epoch 4 new loss 1.03479342214996e-05 old loss 1.0390110219304916e-05 BETTER
I0328 09:49:06.843233 2302917 finetune.py:68] layer 5_up @ epoch 3 new loss 1.4732021554664243e-05 old loss 1.4812751942372415e-05 BETTER
I0328 09:49:12.617854 2303192 finetune.py:45] layer 7_up initial loss 2.3105836589820683e-05
I0328 09:49:14.666193 2303053 finetune.py:68] layer 6_up @ epoch 1 new loss 1.9473538486636244e-05 old loss 1.963458998943679e-05 BETTER
I0328 09:49:34.897121 2302772 finetune.py:45] layer 4_gate initial loss 1.2443619198165834e-05
I0328 09:49:39.031748 2302917 finetune.py:68] layer 5_up @ epoch 4 new loss 1.4656679923064075e-05 old loss 1.4732021554664243e-05 BETTER
I0328 09:49:42.794150 2303192 finetune.py:68] layer 7_up @ epoch 0 new loss 2.2850259483675472e-05 old loss 2.3105836589820683e-05 BETTER
I0328 09:49:46.912896 2303053 finetune.py:68] layer 6_up @ epoch 2 new loss 1.9329656424815767e-05 old loss 1.9473538486636244e-05 BETTER
I0328 09:50:04.875662 2302772 finetune.py:68] layer 4_gate @ epoch 0 new loss 1.2396838428685442e-05 old loss 1.2443619198165834e-05 BETTER
I0328 09:50:11.002943 2302917 finetune.py:45] layer 5_gate initial loss 1.7664555343799293e-05
I0328 09:50:14.099129 2303192 finetune.py:68] layer 7_up @ epoch 1 new loss 2.2652548068435863e-05 old loss 2.2850259483675472e-05 BETTER
I0328 09:50:19.285609 2303053 finetune.py:68] layer 6_up @ epoch 3 new loss 1.9198603695258498e-05 old loss 1.9329656424815767e-05 BETTER
I0328 09:50:36.195214 2302772 finetune.py:68] layer 4_gate @ epoch 1 new loss 1.2357400009932462e-05 old loss 1.2396838428685442e-05 BETTER
I0328 09:50:39.532875 2302917 finetune.py:68] layer 5_gate @ epoch 0 new loss 1.758291728037875e-05 old loss 1.7664555343799293e-05 BETTER
I0328 09:50:45.453738 2303192 finetune.py:68] layer 7_up @ epoch 2 new loss 2.2476979211205617e-05 old loss 2.2652548068435863e-05 BETTER
I0328 09:50:51.701593 2303053 finetune.py:68] layer 6_up @ epoch 4 new loss 1.9075798263656907e-05 old loss 1.9198603695258498e-05 BETTER
I0328 09:51:07.582695 2302772 finetune.py:68] layer 4_gate @ epoch 2 new loss 1.2321061149123125e-05 old loss 1.2357400009932462e-05 BETTER
I0328 09:51:09.101455 2302917 finetune.py:68] layer 5_gate @ epoch 1 new loss 1.7513053535367362e-05 old loss 1.758291728037875e-05 BETTER
I0328 09:51:16.868182 2303192 finetune.py:68] layer 7_up @ epoch 3 new loss 2.2316904505714774e-05 old loss 2.2476979211205617e-05 BETTER
I0328 09:51:23.899974 2303053 finetune.py:45] layer 6_gate initial loss 2.2655385691905394e-05
I0328 09:51:38.877027 2302917 finetune.py:68] layer 5_gate @ epoch 2 new loss 1.7447880964027718e-05 old loss 1.7513053535367362e-05 BETTER
I0328 09:51:39.197567 2302772 finetune.py:68] layer 4_gate @ epoch 3 new loss 1.228706241818145e-05 old loss 1.2321061149123125e-05 BETTER
I0328 09:51:48.256247 2303192 finetune.py:68] layer 7_up @ epoch 4 new loss 2.2168618670548312e-05 old loss 2.2316904505714774e-05 BETTER
I0328 09:51:52.389596 2303053 finetune.py:68] layer 6_gate @ epoch 0 new loss 2.2527794499183074e-05 old loss 2.2655385691905394e-05 BETTER
I0328 09:52:08.626517 2302917 finetune.py:68] layer 5_gate @ epoch 3 new loss 1.7388363630743697e-05 old loss 1.7447880964027718e-05 BETTER
I0328 09:52:10.526590 2302772 finetune.py:68] layer 4_gate @ epoch 4 new loss 1.2254449757165276e-05 old loss 1.228706241818145e-05 BETTER
I0328 09:52:20.017007 2303192 finetune.py:45] layer 7_gate initial loss 2.653602496138774e-05
I0328 09:52:21.876126 2303053 finetune.py:68] layer 6_gate @ epoch 1 new loss 2.241807487735059e-05 old loss 2.2527794499183074e-05 BETTER
I0328 09:52:38.221256 2302917 finetune.py:68] layer 5_gate @ epoch 4 new loss 1.7330199625575915e-05 old loss 1.7388363630743697e-05 BETTER
I0328 09:52:47.977679 2303192 finetune.py:68] layer 7_gate @ epoch 0 new loss 2.6382522264611907e-05 old loss 2.653602496138774e-05 BETTER
I0328 09:52:51.477522 2303053 finetune.py:68] layer 6_gate @ epoch 2 new loss 2.2317130060400814e-05 old loss 2.241807487735059e-05 BETTER
I0328 09:53:07.034118 2302772 finetune.py:45] layer 4_down initial loss 2.032353586400859e-05
I0328 09:53:17.158499 2303192 finetune.py:68] layer 7_gate @ epoch 1 new loss 2.6252657335135154e-05 old loss 2.6382522264611907e-05 BETTER
I0328 09:53:21.230386 2303053 finetune.py:68] layer 6_gate @ epoch 3 new loss 2.2221905965125188e-05 old loss 2.2317130060400814e-05 BETTER
I0328 09:53:34.369640 2302772 finetune.py:68] layer 4_down @ epoch 0 new loss 2.032265365414787e-05 old loss 2.032353586400859e-05 BETTER
I0328 09:53:35.029934 2302917 finetune.py:45] layer 5_down initial loss 2.8427126380847767e-05
I0328 09:53:46.581145 2303192 finetune.py:68] layer 7_gate @ epoch 2 new loss 2.6133007850148715e-05 old loss 2.6252657335135154e-05 BETTER
I0328 09:53:51.094360 2303053 finetune.py:68] layer 6_gate @ epoch 4 new loss 2.2131613150122575e-05 old loss 2.2221905965125188e-05 BETTER
I0328 09:54:01.173408 2302917 finetune.py:68] layer 5_down @ epoch 0 new loss 2.8425825803424232e-05 old loss 2.8427126380847767e-05 BETTER
I0328 09:54:02.940239 2302772 finetune.py:68] layer 4_down @ epoch 1 new loss 2.0322080672485754e-05 old loss 2.032265365414787e-05 BETTER
I0328 09:54:15.993953 2303192 finetune.py:68] layer 7_gate @ epoch 3 new loss 2.602004497020971e-05 old loss 2.6133007850148715e-05 BETTER
I0328 09:54:28.409898 2302917 finetune.py:68] layer 5_down @ epoch 1 new loss 2.8424961783457547e-05 old loss 2.8425825803424232e-05 BETTER
I0328 09:54:31.435083 2302772 finetune.py:68] layer 4_down @ epoch 2 new loss 2.0321604097262025e-05 old loss 2.0322080672485754e-05 BETTER
I0328 09:54:45.439834 2303192 finetune.py:68] layer 7_gate @ epoch 4 new loss 2.5914026991813444e-05 old loss 2.602004497020971e-05 BETTER
I0328 09:54:48.513621 2303053 finetune.py:45] layer 6_down initial loss 3.55531919922214e-05
I0328 09:54:55.907368 2302917 finetune.py:68] layer 5_down @ epoch 2 new loss 2.8424303309293464e-05 old loss 2.8424961783457547e-05 BETTER
I0328 09:55:00.455099 2302772 finetune.py:68] layer 4_down @ epoch 3 new loss 2.032118572969921e-05 old loss 2.0321604097262025e-05 BETTER
I0328 09:55:14.866186 2303053 finetune.py:68] layer 6_down @ epoch 0 new loss 3.555136936483905e-05 old loss 3.55531919922214e-05 BETTER
I0328 09:55:23.572513 2302917 finetune.py:68] layer 5_down @ epoch 3 new loss 2.8423643016139977e-05 old loss 2.8424303309293464e-05 BETTER
I0328 09:55:29.332989 2302772 finetune.py:68] layer 4_down @ epoch 4 new loss 2.03209237952251e-05 old loss 2.032118572969921e-05 BETTER
4_v proxy err 0.009985777549445629 tr(WHW.T) 285.30712890625
bpp_loss 3.2270970851532184
4_q proxy err 0.00024274700263049453 tr(WHW.T) 50121.71484375
bpp_loss 4.122461688588373
4_k proxy err 0.00011284677020739764 tr(WHW.T) 29286.984375
bpp_loss 5.06341970001813
4_o proxy err 0.007918448187410831 tr(WHW.T) 1302.2215576171875
bpp_loss 3.3047518954845145
4_up proxy err 0.008567177690565586 tr(WHW.T) 7379.72119140625
bpp_loss 3.413665648150657
4_gate proxy err 0.0022282691206783056 tr(WHW.T) 29105.384765625
bpp_loss 3.760330719474171
4_down proxy err 0.009875042364001274 tr(WHW.T) 6406.79638671875
bpp_loss 3.414796209395198
I0328 09:55:43.070879 2303053 finetune.py:68] layer 6_down @ epoch 1 new loss 3.554997601895593e-05 old loss 3.555136936483905e-05 BETTER
I0328 09:55:43.824137 2303192 finetune.py:45] layer 7_down initial loss 4.053095472045243e-05
I0328 09:55:52.118073 2302917 finetune.py:68] layer 5_down @ epoch 4 new loss 2.8423235562513582e-05 old loss 2.8423643016139977e-05 BETTER
5_v proxy err 0.01412282045930624 tr(WHW.T) 208.81988525390625
bpp_loss 3.1138088123407215
5_q proxy err 0.00035120226675644517 tr(WHW.T) 36003.4765625
bpp_loss 4.097817900532391
5_k proxy err 0.0001534957846160978 tr(WHW.T) 22994.52734375
bpp_loss 5.03643178823404
5_o proxy err 0.00860020611435175 tr(WHW.T) 1059.8447265625
bpp_loss 3.25271420419449
5_up proxy err 0.008243613876402378 tr(WHW.T) 7655.91796875
bpp_loss 3.4189070743907775
5_gate proxy err 0.0021325901616364717 tr(WHW.T) 30358.6640625
bpp_loss 3.7626487308714007
5_down proxy err 0.009519357234239578 tr(WHW.T) 6425.3662109375
bpp_loss 3.420197733029324
I0328 09:56:09.793708 2303192 finetune.py:68] layer 7_down @ epoch 0 new loss 4.0528517274651676e-05 old loss 4.053095472045243e-05 BETTER
I0328 09:56:10.969019 2303053 finetune.py:68] layer 6_down @ epoch 2 new loss 3.554896466084756e-05 old loss 3.554997601895593e-05 BETTER
I0328 09:56:36.888297 2303192 finetune.py:68] layer 7_down @ epoch 1 new loss 4.052658550790511e-05 old loss 4.0528517274651676e-05 BETTER
I0328 09:56:38.773307 2303053 finetune.py:68] layer 6_down @ epoch 3 new loss 3.554809154593386e-05 old loss 3.554896466084756e-05 BETTER
I0328 09:57:04.099074 2303192 finetune.py:68] layer 7_down @ epoch 2 new loss 4.052531949128024e-05 old loss 4.052658550790511e-05 BETTER
I0328 09:57:05.208760 2300848 quantize_finetune_llama.py:240] computed original embedding for layer 8 in 67.83923697471619s
I0328 09:57:06.645090 2303053 finetune.py:68] layer 6_down @ epoch 4 new loss 3.554742579581216e-05 old loss 3.554809154593386e-05 BETTER
6_v proxy err 0.011892334558069706 tr(WHW.T) 253.63377380371094
bpp_loss 3.159280013642274
6_q proxy err 0.00036280517815612257 tr(WHW.T) 35647.43359375
bpp_loss 4.1453550679725595
6_k proxy err 0.0001326272904407233 tr(WHW.T) 26153.07421875
bpp_loss 5.107808374916203
6_o proxy err 0.009929091669619083 tr(WHW.T) 1012.3342895507812
bpp_loss 3.2846456462866627
6_up proxy err 0.007768460549414158 tr(WHW.T) 7923.8388671875
bpp_loss 3.4180333855162774
6_gate proxy err 0.0017680261516943574 tr(WHW.T) 35727.94921875
bpp_loss 3.7679351958712295
6_down proxy err 0.009133233688771725 tr(WHW.T) 6499.365234375
bpp_loss 3.42035475195319
I0328 09:57:08.837598 2304468 utils.py:146] Note: detected 128 virtual cores but NumExpr set to maximum of 64, check "NUMEXPR_MAX_THREADS" environment variable.
I0328 09:57:08.837700 2304468 utils.py:149] Note: NumExpr detected 128 cores but "NUMEXPR_MAX_THREADS" not set, so enforcing safe limit of 16.
I0328 09:57:08.837742 2304468 utils.py:162] NumExpr defaulting to 16 threads.
I0328 09:57:09.179292 2304468 config.py:54] PyTorch version 2.6.0 available.
W0328 09:57:09.380901 2304468 warnings.py:109] /opt/conda/lib/python3.10/site-packages/torchvision/io/image.py:13: UserWarning: Failed to load image Python extension: '/opt/conda/lib/python3.10/site-packages/torchvision/image.so: undefined symbol: _ZN3c1017RegisterOperatorsD1Ev'If you don't plan on using image functionality from `torchvision.io`, you can ignore this warning. Otherwise, there might be something wrong with your environment. Did you have `libjpeg` or `libpng` installed before building `torchvision` from source?
  warn(

W0328 09:57:09.974847 2304468 warnings.py:109] /opt/conda/lib/python3.10/site-packages/compressai/models/video/google.py:353: FutureWarning: `torch.cuda.amp.autocast(args...)` is deprecated. Please use `torch.amp.autocast('cuda', args...)` instead.
  @amp.autocast(enabled=False)

I0328 09:57:09.978626 2300848 quantize_finetune_llama.py:209] layer 9 gpu 1
I0328 09:57:09.992237 2304468 data_utils.py:336] using 256 training seqs, 128 validation seqs
The attention layers in this model are transitioning from computing the RoPE embeddings internally through `position_ids` (2D tensor with the indexes of the tokens), to using externally computed `position_embeddings` (Tuple of tensors, containing cos and sin). In v4.46 `position_ids` will be removed and `position_embeddings` will be mandatory.
I0328 09:57:27.317927 2304468 finetune.py:45] layer 8_v initial loss 8.874870218278375e-06
W0328 09:57:27.318186 2304468 warnings.py:109] /workspace/Weight_compression/comp_lm_qtip/lib/algo/finetune.py:46: FutureWarning: `torch.cuda.amp.GradScaler(args...)` is deprecated. Please use `torch.amp.GradScaler('cuda', args...)` instead.
  scaler = torch.cuda.amp.GradScaler(enabled=(orig_dtype==torch.float16))

I0328 09:57:31.283872 2303192 finetune.py:68] layer 7_down @ epoch 3 new loss 4.0524377254769206e-05 old loss 4.052531949128024e-05 BETTER
I0328 09:57:58.602829 2303192 finetune.py:68] layer 7_down @ epoch 4 new loss 4.052356962347403e-05 old loss 4.0524377254769206e-05 BETTER
7_v proxy err 0.009869711473584175 tr(WHW.T) 309.4270935058594
bpp_loss 3.1574525365722366
7_q proxy err 0.00037109022377990186 tr(WHW.T) 35150.21484375
bpp_loss 4.068210041150451
7_k proxy err 0.00013082487566862255 tr(WHW.T) 26836.509765625
bpp_loss 5.134989231126383
7_o proxy err 0.00871550478041172 tr(WHW.T) 963.3968505859375
bpp_loss 3.296067611547187
7_up proxy err 0.0070333038456737995 tr(WHW.T) 8625.3505859375
bpp_loss 3.4313829625690624
7_gate proxy err 0.0017792201833799481 tr(WHW.T) 34879.12890625
bpp_loss 3.7383061763830483
7_down proxy err 0.009123497642576694 tr(WHW.T) 6547.7333984375
bpp_loss 3.434852661448531
I0328 09:58:02.139175 2304468 finetune.py:68] layer 8_v @ epoch 0 new loss 6.098817266320111e-06 old loss 8.874870218278375e-06 BETTER
I0328 09:58:15.676850 2300848 quantize_finetune_llama.py:240] computed original embedding for layer 9 in 64.40829277038574s
I0328 09:58:19.326050 2304604 utils.py:146] Note: detected 128 virtual cores but NumExpr set to maximum of 64, check "NUMEXPR_MAX_THREADS" environment variable.
I0328 09:58:19.326150 2304604 utils.py:149] Note: NumExpr detected 128 cores but "NUMEXPR_MAX_THREADS" not set, so enforcing safe limit of 16.
I0328 09:58:19.326193 2304604 utils.py:162] NumExpr defaulting to 16 threads.
I0328 09:58:19.658736 2304604 config.py:54] PyTorch version 2.6.0 available.
W0328 09:58:19.870193 2304604 warnings.py:109] /opt/conda/lib/python3.10/site-packages/torchvision/io/image.py:13: UserWarning: Failed to load image Python extension: '/opt/conda/lib/python3.10/site-packages/torchvision/image.so: undefined symbol: _ZN3c1017RegisterOperatorsD1Ev'If you don't plan on using image functionality from `torchvision.io`, you can ignore this warning. Otherwise, there might be something wrong with your environment. Did you have `libjpeg` or `libpng` installed before building `torchvision` from source?
  warn(

W0328 09:58:20.480188 2304604 warnings.py:109] /opt/conda/lib/python3.10/site-packages/compressai/models/video/google.py:353: FutureWarning: `torch.cuda.amp.autocast(args...)` is deprecated. Please use `torch.amp.autocast('cuda', args...)` instead.
  @amp.autocast(enabled=False)

I0328 09:58:20.484007 2300848 quantize_finetune_llama.py:209] layer 10 gpu 2
I0328 09:58:20.497367 2304604 data_utils.py:336] using 256 training seqs, 128 validation seqs
The attention layers in this model are transitioning from computing the RoPE embeddings internally through `position_ids` (2D tensor with the indexes of the tokens), to using externally computed `position_embeddings` (Tuple of tensors, containing cos and sin). In v4.46 `position_ids` will be removed and `position_embeddings` will be mandatory.
I0328 09:58:37.556335 2304604 finetune.py:45] layer 9_v initial loss 9.822245374380145e-06
W0328 09:58:37.556581 2304604 warnings.py:109] /workspace/Weight_compression/comp_lm_qtip/lib/algo/finetune.py:46: FutureWarning: `torch.cuda.amp.GradScaler(args...)` is deprecated. Please use `torch.amp.GradScaler('cuda', args...)` instead.
  scaler = torch.cuda.amp.GradScaler(enabled=(orig_dtype==torch.float16))

I0328 09:58:38.486832 2304468 finetune.py:68] layer 8_v @ epoch 1 new loss 5.7564898270356935e-06 old loss 6.098817266320111e-06 BETTER
I0328 09:59:10.749939 2304604 finetune.py:68] layer 9_v @ epoch 0 new loss 6.203519660630263e-06 old loss 9.822245374380145e-06 BETTER
I0328 09:59:15.437415 2304468 finetune.py:68] layer 8_v @ epoch 2 new loss 5.585094640991883e-06 old loss 5.7564898270356935e-06 BETTER
I0328 09:59:25.039466 2300848 quantize_finetune_llama.py:240] computed original embedding for layer 10 in 64.09244227409363s
I0328 09:59:28.705085 2304740 utils.py:146] Note: detected 128 virtual cores but NumExpr set to maximum of 64, check "NUMEXPR_MAX_THREADS" environment variable.
I0328 09:59:28.705190 2304740 utils.py:149] Note: NumExpr detected 128 cores but "NUMEXPR_MAX_THREADS" not set, so enforcing safe limit of 16.
I0328 09:59:28.705231 2304740 utils.py:162] NumExpr defaulting to 16 threads.
I0328 09:59:29.039746 2304740 config.py:54] PyTorch version 2.6.0 available.
W0328 09:59:29.242504 2304740 warnings.py:109] /opt/conda/lib/python3.10/site-packages/torchvision/io/image.py:13: UserWarning: Failed to load image Python extension: '/opt/conda/lib/python3.10/site-packages/torchvision/image.so: undefined symbol: _ZN3c1017RegisterOperatorsD1Ev'If you don't plan on using image functionality from `torchvision.io`, you can ignore this warning. Otherwise, there might be something wrong with your environment. Did you have `libjpeg` or `libpng` installed before building `torchvision` from source?
  warn(

W0328 09:59:29.816216 2304740 warnings.py:109] /opt/conda/lib/python3.10/site-packages/compressai/models/video/google.py:353: FutureWarning: `torch.cuda.amp.autocast(args...)` is deprecated. Please use `torch.amp.autocast('cuda', args...)` instead.
  @amp.autocast(enabled=False)

I0328 09:59:29.819928 2300848 quantize_finetune_llama.py:209] layer 11 gpu 3
I0328 09:59:29.833335 2304740 data_utils.py:336] using 256 training seqs, 128 validation seqs
The attention layers in this model are transitioning from computing the RoPE embeddings internally through `position_ids` (2D tensor with the indexes of the tokens), to using externally computed `position_embeddings` (Tuple of tensors, containing cos and sin). In v4.46 `position_ids` will be removed and `position_embeddings` will be mandatory.
I0328 09:59:45.271264 2304604 finetune.py:68] layer 9_v @ epoch 1 new loss 5.8205905588692985e-06 old loss 6.203519660630263e-06 BETTER
I0328 09:59:47.678920 2304740 finetune.py:45] layer 10_v initial loss 1.1930802429560572e-05
W0328 09:59:47.679318 2304740 warnings.py:109] /workspace/Weight_compression/comp_lm_qtip/lib/algo/finetune.py:46: FutureWarning: `torch.cuda.amp.GradScaler(args...)` is deprecated. Please use `torch.amp.GradScaler('cuda', args...)` instead.
  scaler = torch.cuda.amp.GradScaler(enabled=(orig_dtype==torch.float16))

I0328 09:59:52.569045 2304468 finetune.py:68] layer 8_v @ epoch 3 new loss 5.466801667353138e-06 old loss 5.585094640991883e-06 BETTER
I0328 10:00:20.112233 2304604 finetune.py:68] layer 9_v @ epoch 2 new loss 5.634689387079561e-06 old loss 5.8205905588692985e-06 BETTER
I0328 10:00:21.234368 2304740 finetune.py:68] layer 10_v @ epoch 0 new loss 8.389059985347558e-06 old loss 1.1930802429560572e-05 BETTER
I0328 10:00:29.882966 2304468 finetune.py:68] layer 8_v @ epoch 4 new loss 5.38732501809136e-06 old loss 5.466801667353138e-06 BETTER
I0328 10:00:34.572993 2300848 quantize_finetune_llama.py:240] computed original embedding for layer 11 in 64.27976369857788s
I0328 10:00:38.373412 2304879 utils.py:146] Note: detected 128 virtual cores but NumExpr set to maximum of 64, check "NUMEXPR_MAX_THREADS" environment variable.
I0328 10:00:38.373510 2304879 utils.py:149] Note: NumExpr detected 128 cores but "NUMEXPR_MAX_THREADS" not set, so enforcing safe limit of 16.
I0328 10:00:38.373550 2304879 utils.py:162] NumExpr defaulting to 16 threads.
I0328 10:00:38.764881 2304879 config.py:54] PyTorch version 2.6.0 available.
W0328 10:00:38.984962 2304879 warnings.py:109] /opt/conda/lib/python3.10/site-packages/torchvision/io/image.py:13: UserWarning: Failed to load image Python extension: '/opt/conda/lib/python3.10/site-packages/torchvision/image.so: undefined symbol: _ZN3c1017RegisterOperatorsD1Ev'If you don't plan on using image functionality from `torchvision.io`, you can ignore this warning. Otherwise, there might be something wrong with your environment. Did you have `libjpeg` or `libpng` installed before building `torchvision` from source?
  warn(

W0328 10:00:39.625730 2304879 warnings.py:109] /opt/conda/lib/python3.10/site-packages/compressai/models/video/google.py:353: FutureWarning: `torch.cuda.amp.autocast(args...)` is deprecated. Please use `torch.amp.autocast('cuda', args...)` instead.
  @amp.autocast(enabled=False)

I0328 10:00:39.629461 2300848 quantize_finetune_llama.py:209] layer 12 gpu 0
I0328 10:00:39.643228 2304879 data_utils.py:336] using 256 training seqs, 128 validation seqs
I0328 10:00:49.248095 2304468 finetune.py:45] layer 8_q initial loss 6.53968527331017e-06
The attention layers in this model are transitioning from computing the RoPE embeddings internally through `position_ids` (2D tensor with the indexes of the tokens), to using externally computed `position_embeddings` (Tuple of tensors, containing cos and sin). In v4.46 `position_ids` will be removed and `position_embeddings` will be mandatory.
I0328 10:00:55.135268 2304604 finetune.py:68] layer 9_v @ epoch 3 new loss 5.5097980293794535e-06 old loss 5.634689387079561e-06 BETTER
I0328 10:00:55.948404 2304740 finetune.py:68] layer 10_v @ epoch 1 new loss 7.96572112449212e-06 old loss 8.389059985347558e-06 BETTER
I0328 10:00:57.637266 2304879 finetune.py:45] layer 11_v initial loss 1.0211891094513703e-05
W0328 10:00:57.637490 2304879 warnings.py:109] /workspace/Weight_compression/comp_lm_qtip/lib/algo/finetune.py:46: FutureWarning: `torch.cuda.amp.GradScaler(args...)` is deprecated. Please use `torch.amp.GradScaler('cuda', args...)` instead.
  scaler = torch.cuda.amp.GradScaler(enabled=(orig_dtype==torch.float16))

I0328 10:01:24.416931 2304468 finetune.py:68] layer 8_q @ epoch 0 new loss 6.405139629350742e-06 old loss 6.53968527331017e-06 BETTER
I0328 10:01:30.621661 2304604 finetune.py:68] layer 9_v @ epoch 4 new loss 5.421313744591316e-06 old loss 5.5097980293794535e-06 BETTER
I0328 10:01:30.901594 2304879 finetune.py:68] layer 11_v @ epoch 0 new loss 7.423125680361409e-06 old loss 1.0211891094513703e-05 BETTER
I0328 10:01:31.331812 2304740 finetune.py:68] layer 10_v @ epoch 2 new loss 7.751654266030528e-06 old loss 7.96572112449212e-06 BETTER
I0328 10:01:50.380907 2304604 finetune.py:45] layer 9_q initial loss 6.673629741271725e-06
I0328 10:02:00.676207 2304468 finetune.py:68] layer 8_q @ epoch 1 new loss 6.3195293478202075e-06 old loss 6.405139629350742e-06 BETTER
I0328 10:02:04.842363 2304879 finetune.py:68] layer 11_v @ epoch 1 new loss 7.046081464068266e-06 old loss 7.423125680361409e-06 BETTER
I0328 10:02:06.406991 2304740 finetune.py:68] layer 10_v @ epoch 3 new loss 7.59315707909991e-06 old loss 7.751654266030528e-06 BETTER
I0328 10:02:23.857805 2304604 finetune.py:68] layer 9_q @ epoch 0 new loss 6.549598310812144e-06 old loss 6.673629741271725e-06 BETTER
I0328 10:02:37.171689 2304468 finetune.py:68] layer 8_q @ epoch 2 new loss 6.253192168514943e-06 old loss 6.3195293478202075e-06 BETTER
I0328 10:02:39.370972 2304879 finetune.py:68] layer 11_v @ epoch 2 new loss 6.860624125692993e-06 old loss 7.046081464068266e-06 BETTER
I0328 10:02:41.668355 2304740 finetune.py:68] layer 10_v @ epoch 4 new loss 7.481303327949718e-06 old loss 7.59315707909991e-06 BETTER
I0328 10:02:58.159657 2304604 finetune.py:68] layer 9_q @ epoch 1 new loss 6.461272278102115e-06 old loss 6.549598310812144e-06 BETTER
I0328 10:03:01.438571 2304740 finetune.py:45] layer 10_q initial loss 8.937096026784275e-06
I0328 10:03:13.833656 2304468 finetune.py:68] layer 8_q @ epoch 3 new loss 6.189977739268215e-06 old loss 6.253192168514943e-06 BETTER
I0328 10:03:13.926137 2304879 finetune.py:68] layer 11_v @ epoch 3 new loss 6.722866601194255e-06 old loss 6.860624125692993e-06 BETTER
I0328 10:03:32.729966 2304604 finetune.py:68] layer 9_q @ epoch 2 new loss 6.3918373598426115e-06 old loss 6.461272278102115e-06 BETTER
I0328 10:03:34.992482 2304740 finetune.py:68] layer 10_q @ epoch 0 new loss 8.771711691224482e-06 old loss 8.937096026784275e-06 BETTER
I0328 10:03:48.438438 2304879 finetune.py:68] layer 11_v @ epoch 4 new loss 6.6242300817975774e-06 old loss 6.722866601194255e-06 BETTER
I0328 10:03:50.327331 2304468 finetune.py:68] layer 8_q @ epoch 4 new loss 6.143893642729381e-06 old loss 6.189977739268215e-06 BETTER
I0328 10:04:07.760776 2304604 finetune.py:68] layer 9_q @ epoch 3 new loss 6.340987056319136e-06 old loss 6.3918373598426115e-06 BETTER
I0328 10:04:08.542239 2304468 finetune.py:45] layer 8_k initial loss 6.432790087274043e-06
I0328 10:04:08.798406 2304879 finetune.py:45] layer 11_q initial loss 8.314968908962328e-06
I0328 10:04:09.936637 2304740 finetune.py:68] layer 10_q @ epoch 1 new loss 8.654965313326102e-06 old loss 8.771711691224482e-06 BETTER
I0328 10:04:42.130004 2304879 finetune.py:68] layer 11_q @ epoch 0 new loss 8.182007150026038e-06 old loss 8.314968908962328e-06 BETTER
I0328 10:04:42.825500 2304604 finetune.py:68] layer 9_q @ epoch 4 new loss 6.289740667853039e-06 old loss 6.340987056319136e-06 BETTER
I0328 10:04:43.916701 2304468 finetune.py:68] layer 8_k @ epoch 0 new loss 6.357093752740184e-06 old loss 6.432790087274043e-06 BETTER
I0328 10:04:44.835301 2304740 finetune.py:68] layer 10_q @ epoch 2 new loss 8.55556208989583e-06 old loss 8.654965313326102e-06 BETTER
I0328 10:05:00.862435 2304604 finetune.py:45] layer 9_k initial loss 6.617158760491293e-06
I0328 10:05:16.324949 2304879 finetune.py:68] layer 11_q @ epoch 1 new loss 8.064257599471603e-06 old loss 8.182007150026038e-06 BETTER
I0328 10:05:19.520533 2304740 finetune.py:68] layer 10_q @ epoch 3 new loss 8.479451025777962e-06 old loss 8.55556208989583e-06 BETTER
I0328 10:05:20.063449 2304468 finetune.py:68] layer 8_k @ epoch 1 new loss 6.317015959211858e-06 old loss 6.357093752740184e-06 BETTER
I0328 10:05:34.163394 2304604 finetune.py:68] layer 9_k @ epoch 0 new loss 6.567596756212879e-06 old loss 6.617158760491293e-06 BETTER
I0328 10:05:50.535171 2304879 finetune.py:68] layer 11_q @ epoch 2 new loss 7.974789696163498e-06 old loss 8.064257599471603e-06 BETTER
I0328 10:05:54.334862 2304740 finetune.py:68] layer 10_q @ epoch 4 new loss 8.406430424656719e-06 old loss 8.479451025777962e-06 BETTER
I0328 10:05:56.709184 2304468 finetune.py:68] layer 8_k @ epoch 2 new loss 6.282118647504831e-06 old loss 6.317015959211858e-06 BETTER
I0328 10:06:08.493802 2304604 finetune.py:68] layer 9_k @ epoch 1 new loss 6.511086667160271e-06 old loss 6.567596756212879e-06 BETTER
I0328 10:06:12.930972 2304740 finetune.py:45] layer 10_k initial loss 8.717936907487456e-06
I0328 10:06:24.807825 2304879 finetune.py:68] layer 11_q @ epoch 3 new loss 7.90747617429588e-06 old loss 7.974789696163498e-06 BETTER
I0328 10:06:33.327315 2304468 finetune.py:68] layer 8_k @ epoch 3 new loss 6.248165391298244e-06 old loss 6.282118647504831e-06 BETTER
I0328 10:06:43.114242 2304604 finetune.py:68] layer 9_k @ epoch 2 new loss 6.474369456554996e-06 old loss 6.511086667160271e-06 BETTER
I0328 10:06:46.469388 2304740 finetune.py:68] layer 10_k @ epoch 0 new loss 8.652996257296763e-06 old loss 8.717936907487456e-06 BETTER
I0328 10:06:59.240128 2304879 finetune.py:68] layer 11_q @ epoch 4 new loss 7.854435352783184e-06 old loss 7.90747617429588e-06 BETTER
I0328 10:07:10.080463 2304468 finetune.py:68] layer 8_k @ epoch 4 new loss 6.22356037638383e-06 old loss 6.248165391298244e-06 BETTER
I0328 10:07:17.553879 2304879 finetune.py:45] layer 11_k initial loss 8.196092494472396e-06
I0328 10:07:18.152658 2304604 finetune.py:68] layer 9_k @ epoch 3 new loss 6.445932285714662e-06 old loss 6.474369456554996e-06 BETTER
I0328 10:07:21.053149 2304740 finetune.py:68] layer 10_k @ epoch 1 new loss 8.597561645729002e-06 old loss 8.652996257296763e-06 BETTER
I0328 10:07:29.758749 2304468 finetune.py:45] layer 8_o initial loss 1.4324814401334152e-05
I0328 10:07:50.518705 2304879 finetune.py:68] layer 11_k @ epoch 0 new loss 8.120855454762932e-06 old loss 8.196092494472396e-06 BETTER
I0328 10:07:53.053810 2304604 finetune.py:68] layer 9_k @ epoch 4 new loss 6.407997716451064e-06 old loss 6.445932285714662e-06 BETTER
I0328 10:07:55.684738 2304740 finetune.py:68] layer 10_k @ epoch 2 new loss 8.550493475922849e-06 old loss 8.597561645729002e-06 BETTER
I0328 10:08:04.637305 2304468 finetune.py:68] layer 8_o @ epoch 0 new loss 1.4008184734848328e-05 old loss 1.4324814401334152e-05 BETTER
I0328 10:08:12.783429 2304604 finetune.py:45] layer 9_o initial loss 1.4871929124637973e-05
I0328 10:08:24.458101 2304879 finetune.py:68] layer 11_k @ epoch 1 new loss 8.075263394857757e-06 old loss 8.120855454762932e-06 BETTER
I0328 10:08:30.368272 2304740 finetune.py:68] layer 10_k @ epoch 3 new loss 8.506594895152375e-06 old loss 8.550493475922849e-06 BETTER
I0328 10:08:40.234076 2304468 finetune.py:68] layer 8_o @ epoch 1 new loss 1.3843427950632758e-05 old loss 1.4008184734848328e-05 BETTER
I0328 10:08:45.523720 2304604 finetune.py:68] layer 9_o @ epoch 0 new loss 1.4493842172669247e-05 old loss 1.4871929124637973e-05 BETTER
I0328 10:08:58.405538 2304879 finetune.py:68] layer 11_k @ epoch 2 new loss 8.041745786613319e-06 old loss 8.075263394857757e-06 BETTER
I0328 10:09:04.972771 2304740 finetune.py:68] layer 10_k @ epoch 4 new loss 8.470539796689991e-06 old loss 8.506594895152375e-06 BETTER
I0328 10:09:15.909983 2304468 finetune.py:68] layer 8_o @ epoch 2 new loss 1.371425787510816e-05 old loss 1.3843427950632758e-05 BETTER
I0328 10:09:19.091082 2304604 finetune.py:68] layer 9_o @ epoch 1 new loss 1.4287574231275357e-05 old loss 1.4493842172669247e-05 BETTER
I0328 10:09:24.923240 2304740 finetune.py:45] layer 10_o initial loss 1.8832563000614755e-05
I0328 10:09:32.506430 2304879 finetune.py:68] layer 11_k @ epoch 3 new loss 7.989715413714293e-06 old loss 8.041745786613319e-06 BETTER
I0328 10:09:51.755156 2304468 finetune.py:68] layer 8_o @ epoch 3 new loss 1.3604674677480944e-05 old loss 1.371425787510816e-05 BETTER
I0328 10:09:52.824580 2304604 finetune.py:68] layer 9_o @ epoch 2 new loss 1.4129394003248308e-05 old loss 1.4287574231275357e-05 BETTER
I0328 10:09:57.675042 2304740 finetune.py:68] layer 10_o @ epoch 0 new loss 1.8269027350470424e-05 old loss 1.8832563000614755e-05 BETTER
I0328 10:10:06.383339 2304879 finetune.py:68] layer 11_k @ epoch 4 new loss 7.944188837427646e-06 old loss 7.989715413714293e-06 BETTER
I0328 10:10:25.805088 2304879 finetune.py:45] layer 11_o initial loss 1.8715269106905907e-05
I0328 10:10:26.687875 2304604 finetune.py:68] layer 9_o @ epoch 3 new loss 1.3999890143168159e-05 old loss 1.4129394003248308e-05 BETTER
I0328 10:10:27.551483 2304468 finetune.py:68] layer 8_o @ epoch 4 new loss 1.3508300071407575e-05 old loss 1.3604674677480944e-05 BETTER
I0328 10:10:31.485377 2304740 finetune.py:68] layer 10_o @ epoch 1 new loss 1.79813305294374e-05 old loss 1.8269027350470424e-05 BETTER
I0328 10:10:57.928930 2304879 finetune.py:68] layer 11_o @ epoch 0 new loss 1.8209622794529423e-05 old loss 1.8715269106905907e-05 BETTER
I0328 10:10:59.099800 2304468 finetune.py:45] layer 8_up initial loss 2.6493671612115577e-05
I0328 10:11:00.659400 2304604 finetune.py:68] layer 9_o @ epoch 4 new loss 1.3888059584132861e-05 old loss 1.3999890143168159e-05 BETTER
I0328 10:11:05.328376 2304740 finetune.py:68] layer 10_o @ epoch 2 new loss 1.776486897142604e-05 old loss 1.79813305294374e-05 BETTER
I0328 10:11:31.091947 2304468 finetune.py:68] layer 8_up @ epoch 0 new loss 2.6201312721241266e-05 old loss 2.6493671612115577e-05 BETTER
I0328 10:11:31.491005 2304879 finetune.py:68] layer 11_o @ epoch 1 new loss 1.7932743503479287e-05 old loss 1.8209622794529423e-05 BETTER
I0328 10:11:32.860894 2304604 finetune.py:45] layer 9_up initial loss 2.808708813972771e-05
I0328 10:11:39.180779 2304740 finetune.py:68] layer 10_o @ epoch 3 new loss 1.7587281035957858e-05 old loss 1.776486897142604e-05 BETTER
I0328 10:12:03.477852 2304604 finetune.py:68] layer 9_up @ epoch 0 new loss 2.7743422833736986e-05 old loss 2.808708813972771e-05 BETTER
I0328 10:12:04.256293 2304468 finetune.py:68] layer 8_up @ epoch 1 new loss 2.5971614377340302e-05 old loss 2.6201312721241266e-05 BETTER
I0328 10:12:05.046477 2304879 finetune.py:68] layer 11_o @ epoch 2 new loss 1.7718502931529656e-05 old loss 1.7932743503479287e-05 BETTER
I0328 10:12:13.161050 2304740 finetune.py:68] layer 10_o @ epoch 4 new loss 1.7433609173167497e-05 old loss 1.7587281035957858e-05 BETTER
I0328 10:12:35.312135 2304604 finetune.py:68] layer 9_up @ epoch 1 new loss 2.7472775400383398e-05 old loss 2.7743422833736986e-05 BETTER
I0328 10:12:37.926328 2304468 finetune.py:68] layer 8_up @ epoch 2 new loss 2.5766998078324832e-05 old loss 2.5971614377340302e-05 BETTER
I0328 10:12:38.630358 2304879 finetune.py:68] layer 11_o @ epoch 3 new loss 1.7543141439091414e-05 old loss 1.7718502931529656e-05 BETTER
I0328 10:12:46.359794 2304740 finetune.py:45] layer 10_up initial loss 3.1984716770239174e-05
I0328 10:13:07.249804 2304604 finetune.py:68] layer 9_up @ epoch 2 new loss 2.7236008463660255e-05 old loss 2.7472775400383398e-05 BETTER
I0328 10:13:11.645229 2304468 finetune.py:68] layer 8_up @ epoch 3 new loss 2.558196683821734e-05 old loss 2.5766998078324832e-05 BETTER
I0328 10:13:12.246808 2304879 finetune.py:68] layer 11_o @ epoch 4 new loss 1.739258186717052e-05 old loss 1.7543141439091414e-05 BETTER
I0328 10:13:17.011864 2304740 finetune.py:68] layer 10_up @ epoch 0 new loss 3.1609382858732715e-05 old loss 3.1984716770239174e-05 BETTER
I0328 10:13:39.172159 2304604 finetune.py:68] layer 9_up @ epoch 3 new loss 2.7019363187719136e-05 old loss 2.7236008463660255e-05 BETTER
I0328 10:13:44.659963 2304879 finetune.py:45] layer 11_up initial loss 3.28051028191112e-05
I0328 10:13:45.375221 2304468 finetune.py:68] layer 8_up @ epoch 4 new loss 2.5408764486201108e-05 old loss 2.558196683821734e-05 BETTER
I0328 10:13:48.825074 2304740 finetune.py:68] layer 10_up @ epoch 1 new loss 3.131206540274434e-05 old loss 3.1609382858732715e-05 BETTER
I0328 10:14:11.173221 2304604 finetune.py:68] layer 9_up @ epoch 4 new loss 2.6822477593668737e-05 old loss 2.7019363187719136e-05 BETTER
I0328 10:14:14.781691 2304879 finetune.py:68] layer 11_up @ epoch 0 new loss 3.239401848986745e-05 old loss 3.28051028191112e-05 BETTER
I0328 10:14:17.309657 2304468 finetune.py:45] layer 8_gate initial loss 3.0106439226074144e-05
I0328 10:14:21.047314 2304740 finetune.py:68] layer 10_up @ epoch 2 new loss 3.105384894297458e-05 old loss 3.131206540274434e-05 BETTER
I0328 10:14:43.495628 2304604 finetune.py:45] layer 9_gate initial loss 3.188628033967689e-05
I0328 10:14:46.322468 2304879 finetune.py:68] layer 11_up @ epoch 1 new loss 3.2066975109046325e-05 old loss 3.239401848986745e-05 BETTER
I0328 10:14:47.436454 2304468 finetune.py:68] layer 8_gate @ epoch 0 new loss 2.9934029953437857e-05 old loss 3.0106439226074144e-05 BETTER
I0328 10:14:53.417190 2304740 finetune.py:68] layer 10_up @ epoch 3 new loss 3.081586692132987e-05 old loss 3.105384894297458e-05 BETTER
I0328 10:15:11.976625 2304604 finetune.py:68] layer 9_gate @ epoch 0 new loss 3.168440525769256e-05 old loss 3.188628033967689e-05 BETTER
I0328 10:15:18.118343 2304879 finetune.py:68] layer 11_up @ epoch 2 new loss 3.178097904310562e-05 old loss 3.2066975109046325e-05 BETTER
I0328 10:15:18.595754 2304468 finetune.py:68] layer 8_gate @ epoch 1 new loss 2.9783164791297168e-05 old loss 2.9934029953437857e-05 BETTER
I0328 10:15:25.833554 2304740 finetune.py:68] layer 10_up @ epoch 4 new loss 3.059925074921921e-05 old loss 3.081586692132987e-05 BETTER
I0328 10:15:41.445625 2304604 finetune.py:68] layer 9_gate @ epoch 1 new loss 3.151365672238171e-05 old loss 3.168440525769256e-05 BETTER
I0328 10:15:49.694135 2304879 finetune.py:68] layer 11_up @ epoch 3 new loss 3.1520379707217216e-05 old loss 3.178097904310562e-05 BETTER
I0328 10:15:49.839178 2304468 finetune.py:68] layer 8_gate @ epoch 2 new loss 2.9643255402334034e-05 old loss 2.9783164791297168e-05 BETTER
I0328 10:15:58.317267 2304740 finetune.py:45] layer 10_gate initial loss 3.615665264078416e-05
I0328 10:16:11.197225 2304604 finetune.py:68] layer 9_gate @ epoch 2 new loss 3.135505903628655e-05 old loss 3.151365672238171e-05 BETTER
I0328 10:16:21.313204 2304879 finetune.py:68] layer 11_up @ epoch 4 new loss 3.1282022973755375e-05 old loss 3.1520379707217216e-05 BETTER
I0328 10:16:21.334125 2304468 finetune.py:68] layer 8_gate @ epoch 3 new loss 2.9513388653867878e-05 old loss 2.9643255402334034e-05 BETTER
I0328 10:16:26.937160 2304740 finetune.py:68] layer 10_gate @ epoch 0 new loss 3.594007284846157e-05 old loss 3.615665264078416e-05 BETTER
I0328 10:16:40.956236 2304604 finetune.py:68] layer 9_gate @ epoch 3 new loss 3.120613473583944e-05 old loss 3.135505903628655e-05 BETTER
I0328 10:16:52.852459 2304468 finetune.py:68] layer 8_gate @ epoch 4 new loss 2.938861507573165e-05 old loss 2.9513388653867878e-05 BETTER
I0328 10:16:54.328784 2304879 finetune.py:45] layer 11_gate initial loss 3.724560156115331e-05
I0328 10:16:56.843479 2304740 finetune.py:68] layer 10_gate @ epoch 1 new loss 3.5753419069806114e-05 old loss 3.594007284846157e-05 BETTER
I0328 10:17:10.802357 2304604 finetune.py:68] layer 9_gate @ epoch 4 new loss 3.106700751231983e-05 old loss 3.120613473583944e-05 BETTER
I0328 10:17:22.331489 2304879 finetune.py:68] layer 11_gate @ epoch 0 new loss 3.7013123801443726e-05 old loss 3.724560156115331e-05 BETTER
I0328 10:17:26.460927 2304740 finetune.py:68] layer 10_gate @ epoch 2 new loss 3.558045136742294e-05 old loss 3.5753419069806114e-05 BETTER
I0328 10:17:49.623759 2304468 finetune.py:45] layer 8_down initial loss 4.514360989560373e-05
I0328 10:17:51.533941 2304879 finetune.py:68] layer 11_gate @ epoch 1 new loss 3.681044836412184e-05 old loss 3.7013123801443726e-05 BETTER
I0328 10:17:56.346829 2304740 finetune.py:68] layer 10_gate @ epoch 3 new loss 3.542116246535443e-05 old loss 3.558045136742294e-05 BETTER
I0328 10:18:08.197249 2304604 finetune.py:45] layer 9_down initial loss 4.8261663323501125e-05
I0328 10:18:17.064508 2304468 finetune.py:68] layer 8_down @ epoch 0 new loss 4.514054671744816e-05 old loss 4.514360989560373e-05 BETTER
I0328 10:18:20.970853 2304879 finetune.py:68] layer 11_gate @ epoch 2 new loss 3.66254935215693e-05 old loss 3.681044836412184e-05 BETTER
I0328 10:18:26.457482 2304740 finetune.py:68] layer 10_gate @ epoch 4 new loss 3.5268694773549214e-05 old loss 3.542116246535443e-05 BETTER
