I0328 03:59:21.137185 2145392 finetune.py:68] layer 16_q @ epoch 0 new loss 4.403577622724697e-05 old loss 4.522742165136151e-05 BETTER
I0328 03:59:29.156542 2147758 finetune.py:68] layer 19_v @ epoch 0 new loss 3.6441826523514464e-05 old loss 0.00010667350579751655 BETTER
I0328 03:59:30.321782 2146971 finetune.py:68] layer 18_v @ epoch 2 new loss 3.0148215955705382e-05 old loss 3.1607356504537165e-05 BETTER
I0328 03:59:32.047642 2146227 finetune.py:68] layer 17_v @ epoch 4 new loss 3.543922503013164e-05 old loss 3.620184361352585e-05 BETTER
I0328 03:59:51.461698 2146227 finetune.py:45] layer 17_q initial loss 4.097591227036901e-05
I0328 03:59:57.614792 2145392 finetune.py:68] layer 16_q @ epoch 1 new loss 4.318711580708623e-05 old loss 4.403577622724697e-05 BETTER
I0328 04:00:03.607772 2147758 finetune.py:68] layer 19_v @ epoch 1 new loss 3.262365498812869e-05 old loss 3.6441826523514464e-05 BETTER
I0328 04:00:05.477223 2146971 finetune.py:68] layer 18_v @ epoch 3 new loss 2.9269902370288037e-05 old loss 3.0148215955705382e-05 BETTER
I0328 04:00:25.068755 2146227 finetune.py:68] layer 17_q @ epoch 0 new loss 4.002727655461058e-05 old loss 4.097591227036901e-05 BETTER
I0328 04:00:34.461831 2145392 finetune.py:68] layer 16_q @ epoch 2 new loss 4.251358041074127e-05 old loss 4.318711580708623e-05 BETTER
I0328 04:00:38.124227 2147758 finetune.py:68] layer 19_v @ epoch 2 new loss 3.113900311291218e-05 old loss 3.262365498812869e-05 BETTER
I0328 04:00:40.672614 2146971 finetune.py:68] layer 18_v @ epoch 4 new loss 2.8641765311476775e-05 old loss 2.9269902370288037e-05 BETTER
I0328 04:00:59.628625 2146227 finetune.py:68] layer 17_q @ epoch 1 new loss 3.9342790842056274e-05 old loss 4.002727655461058e-05 BETTER
I0328 04:00:59.882012 2146971 finetune.py:45] layer 18_q initial loss 3.425732211326249e-05
I0328 04:01:11.545074 2145392 finetune.py:68] layer 16_q @ epoch 3 new loss 4.192315827822313e-05 old loss 4.251358041074127e-05 BETTER
I0328 04:01:12.893753 2147758 finetune.py:68] layer 19_v @ epoch 3 new loss 3.0249015253502876e-05 old loss 3.113900311291218e-05 BETTER
I0328 04:01:33.610959 2146971 finetune.py:68] layer 18_q @ epoch 0 new loss 3.333915810799226e-05 old loss 3.425732211326249e-05 BETTER
I0328 04:01:34.444436 2146227 finetune.py:68] layer 17_q @ epoch 2 new loss 3.8788992242189124e-05 old loss 3.9342790842056274e-05 BETTER
I0328 04:01:47.835211 2147758 finetune.py:68] layer 19_v @ epoch 4 new loss 2.96640646411106e-05 old loss 3.0249015253502876e-05 BETTER
I0328 04:01:48.654120 2145392 finetune.py:68] layer 16_q @ epoch 4 new loss 4.143625483266078e-05 old loss 4.192315827822313e-05 BETTER
I0328 04:02:06.258366 2145392 finetune.py:45] layer 16_k initial loss 4.3684380216291174e-05
I0328 04:02:07.446440 2147758 finetune.py:45] layer 19_q initial loss 3.451954398769885e-05
I0328 04:02:08.641042 2146971 finetune.py:68] layer 18_q @ epoch 1 new loss 3.275245398981497e-05 old loss 3.333915810799226e-05 BETTER
I0328 04:02:09.502863 2146227 finetune.py:68] layer 17_q @ epoch 3 new loss 3.833687151200138e-05 old loss 3.8788992242189124e-05 BETTER
I0328 04:02:40.880800 2147758 finetune.py:68] layer 19_q @ epoch 0 new loss 3.362305506016128e-05 old loss 3.451954398769885e-05 BETTER
I0328 04:02:42.288412 2145392 finetune.py:68] layer 16_k @ epoch 0 new loss 4.305259062675759e-05 old loss 4.3684380216291174e-05 BETTER
I0328 04:02:44.042407 2146971 finetune.py:68] layer 18_q @ epoch 2 new loss 3.2296316931024194e-05 old loss 3.275245398981497e-05 BETTER
I0328 04:02:44.473188 2146227 finetune.py:68] layer 17_q @ epoch 4 new loss 3.792208372033201e-05 old loss 3.833687151200138e-05 BETTER
I0328 04:03:02.189683 2146227 finetune.py:45] layer 17_k initial loss 3.999087857664563e-05
I0328 04:03:15.295381 2147758 finetune.py:68] layer 19_q @ epoch 1 new loss 3.306946746306494e-05 old loss 3.362305506016128e-05 BETTER
I0328 04:03:19.157503 2145392 finetune.py:68] layer 16_k @ epoch 1 new loss 4.263480150257237e-05 old loss 4.305259062675759e-05 BETTER
I0328 04:03:19.182173 2146971 finetune.py:68] layer 18_q @ epoch 3 new loss 3.1936720915837213e-05 old loss 3.2296316931024194e-05 BETTER
I0328 04:03:35.749672 2146227 finetune.py:68] layer 17_k @ epoch 0 new loss 3.954830390284769e-05 old loss 3.999087857664563e-05 BETTER
I0328 04:03:49.509156 2147758 finetune.py:68] layer 19_q @ epoch 2 new loss 3.265244959038682e-05 old loss 3.306946746306494e-05 BETTER
I0328 04:03:54.188923 2146971 finetune.py:68] layer 18_q @ epoch 4 new loss 3.161088170600124e-05 old loss 3.1936720915837213e-05 BETTER
I0328 04:03:56.117401 2145392 finetune.py:68] layer 16_k @ epoch 2 new loss 4.228524267091416e-05 old loss 4.263480150257237e-05 BETTER
I0328 04:04:10.239120 2146227 finetune.py:68] layer 17_k @ epoch 1 new loss 3.9216323784785345e-05 old loss 3.954830390284769e-05 BETTER
I0328 04:04:12.136598 2146971 finetune.py:45] layer 18_k initial loss 3.3237192837987095e-05
I0328 04:04:23.832764 2147758 finetune.py:68] layer 19_q @ epoch 3 new loss 3.2275489502353594e-05 old loss 3.265244959038682e-05 BETTER
I0328 04:04:33.215445 2145392 finetune.py:68] layer 16_k @ epoch 3 new loss 4.1967603465309367e-05 old loss 4.228524267091416e-05 BETTER
I0328 04:04:44.897566 2146227 finetune.py:68] layer 17_k @ epoch 2 new loss 3.894254405167885e-05 old loss 3.9216323784785345e-05 BETTER
I0328 04:04:45.769471 2146971 finetune.py:68] layer 18_k @ epoch 0 new loss 3.293927147751674e-05 old loss 3.3237192837987095e-05 BETTER
I0328 04:04:58.048782 2147758 finetune.py:68] layer 19_q @ epoch 4 new loss 3.1976858736015856e-05 old loss 3.2275489502353594e-05 BETTER
I0328 04:05:10.170361 2145392 finetune.py:68] layer 16_k @ epoch 4 new loss 4.167329825577326e-05 old loss 4.1967603465309367e-05 BETTER
I0328 04:05:15.892714 2147758 finetune.py:45] layer 19_k initial loss 3.3836586226243526e-05
I0328 04:05:19.557932 2146227 finetune.py:68] layer 17_k @ epoch 3 new loss 3.869244028464891e-05 old loss 3.894254405167885e-05 BETTER
I0328 04:05:20.336060 2146971 finetune.py:68] layer 18_k @ epoch 1 new loss 3.2651860237820074e-05 old loss 3.293927147751674e-05 BETTER
I0328 04:05:29.872818 2145392 finetune.py:45] layer 16_o initial loss 9.769170719664544e-05
I0328 04:05:48.909583 2147758 finetune.py:68] layer 19_k @ epoch 0 new loss 3.350746555952355e-05 old loss 3.3836586226243526e-05 BETTER
I0328 04:05:54.166710 2146227 finetune.py:68] layer 17_k @ epoch 4 new loss 3.848252890747972e-05 old loss 3.869244028464891e-05 BETTER
I0328 04:05:55.219523 2146971 finetune.py:68] layer 18_k @ epoch 2 new loss 3.241993181291036e-05 old loss 3.2651860237820074e-05 BETTER
I0328 04:06:04.757950 2145392 finetune.py:68] layer 16_o @ epoch 0 new loss 9.396098903380334e-05 old loss 9.769170719664544e-05 BETTER
I0328 04:06:13.769257 2146227 finetune.py:45] layer 17_o initial loss 9.296576172346249e-05
I0328 04:06:22.862492 2147758 finetune.py:68] layer 19_k @ epoch 1 new loss 3.327292142785154e-05 old loss 3.350746555952355e-05 BETTER
I0328 04:06:29.974333 2146971 finetune.py:68] layer 18_k @ epoch 3 new loss 3.2228541385848075e-05 old loss 3.241993181291036e-05 BETTER
I0328 04:06:40.692769 2145392 finetune.py:68] layer 16_o @ epoch 1 new loss 9.228727139998227e-05 old loss 9.396098903380334e-05 BETTER
I0328 04:06:46.601540 2146227 finetune.py:68] layer 17_o @ epoch 0 new loss 8.895409700926393e-05 old loss 9.296576172346249e-05 BETTER
I0328 04:06:56.888037 2147758 finetune.py:68] layer 19_k @ epoch 2 new loss 3.307284350739792e-05 old loss 3.327292142785154e-05 BETTER
I0328 04:07:05.045130 2146971 finetune.py:68] layer 18_k @ epoch 4 new loss 3.2042120437836275e-05 old loss 3.2228541385848075e-05 BETTER
I0328 04:07:16.816419 2145392 finetune.py:68] layer 16_o @ epoch 2 new loss 9.102156036533415e-05 old loss 9.228727139998227e-05 BETTER
I0328 04:07:20.585530 2146227 finetune.py:68] layer 17_o @ epoch 1 new loss 8.733214053791016e-05 old loss 8.895409700926393e-05 BETTER
I0328 04:07:24.359375 2146971 finetune.py:45] layer 18_o initial loss 7.790659583406523e-05
I0328 04:07:31.230637 2147758 finetune.py:68] layer 19_k @ epoch 3 new loss 3.288654988864437e-05 old loss 3.307284350739792e-05 BETTER
I0328 04:07:53.045032 2145392 finetune.py:68] layer 16_o @ epoch 3 new loss 8.995739335659891e-05 old loss 9.102156036533415e-05 BETTER
I0328 04:07:54.624718 2146227 finetune.py:68] layer 17_o @ epoch 2 new loss 8.612342935521156e-05 old loss 8.733214053791016e-05 BETTER
I0328 04:07:57.404810 2146971 finetune.py:68] layer 18_o @ epoch 0 new loss 7.276060205185786e-05 old loss 7.790659583406523e-05 BETTER
I0328 04:08:05.421776 2147758 finetune.py:68] layer 19_k @ epoch 4 new loss 3.273121183156036e-05 old loss 3.288654988864437e-05 BETTER
I0328 04:08:24.828783 2147758 finetune.py:45] layer 19_o initial loss 7.424032082781196e-05
I0328 04:08:28.660959 2146227 finetune.py:68] layer 17_o @ epoch 3 new loss 8.514354703947902e-05 old loss 8.612342935521156e-05 BETTER
I0328 04:08:29.195851 2145392 finetune.py:68] layer 16_o @ epoch 4 new loss 8.906153379939497e-05 old loss 8.995739335659891e-05 BETTER
I0328 04:08:31.448490 2146971 finetune.py:68] layer 18_o @ epoch 1 new loss 7.159036613302305e-05 old loss 7.276060205185786e-05 BETTER
I0328 04:08:57.201097 2147758 finetune.py:68] layer 19_o @ epoch 0 new loss 6.962392217246816e-05 old loss 7.424032082781196e-05 BETTER
I0328 04:09:00.615005 2145392 finetune.py:45] layer 16_up initial loss 0.00020233760005794466
I0328 04:09:02.797033 2146227 finetune.py:68] layer 17_o @ epoch 4 new loss 8.429656008956954e-05 old loss 8.514354703947902e-05 BETTER
I0328 04:09:05.463644 2146971 finetune.py:68] layer 18_o @ epoch 2 new loss 7.077767077134922e-05 old loss 7.159036613302305e-05 BETTER
I0328 04:09:30.661210 2147758 finetune.py:68] layer 19_o @ epoch 1 new loss 6.85923732817173e-05 old loss 6.962392217246816e-05 BETTER
I0328 04:09:32.704738 2145392 finetune.py:68] layer 16_up @ epoch 0 new loss 0.00019880653417203575 old loss 0.00020233760005794466 BETTER
I0328 04:09:34.322051 2146227 finetune.py:45] layer 17_up initial loss 0.0002128483320120722
I0328 04:09:39.761469 2146971 finetune.py:68] layer 18_o @ epoch 3 new loss 7.012017158558592e-05 old loss 7.077767077134922e-05 BETTER
I0328 04:10:04.422514 2147758 finetune.py:68] layer 19_o @ epoch 2 new loss 6.788678729208186e-05 old loss 6.85923732817173e-05 BETTER
I0328 04:10:05.134531 2146227 finetune.py:68] layer 17_up @ epoch 0 new loss 0.00020898779621347785 old loss 0.0002128483320120722 BETTER
I0328 04:10:06.126690 2145392 finetune.py:68] layer 16_up @ epoch 1 new loss 0.00019622988475020975 old loss 0.00019880653417203575 BETTER
I0328 04:10:13.966547 2146971 finetune.py:68] layer 18_o @ epoch 4 new loss 6.959478923818097e-05 old loss 7.012017158558592e-05 BETTER
I0328 04:10:36.865419 2146227 finetune.py:68] layer 17_up @ epoch 1 new loss 0.00020616932306438684 old loss 0.00020898779621347785 BETTER
I0328 04:10:37.841321 2147758 finetune.py:68] layer 19_o @ epoch 3 new loss 6.730607856297866e-05 old loss 6.788678729208186e-05 BETTER
I0328 04:10:39.802824 2145392 finetune.py:68] layer 16_up @ epoch 2 new loss 0.00019400073506403714 old loss 0.00019622988475020975 BETTER
I0328 04:10:45.332395 2146971 finetune.py:45] layer 18_up initial loss 0.00020239684090483934
I0328 04:11:08.967967 2146227 finetune.py:68] layer 17_up @ epoch 2 new loss 0.00020379028865136206 old loss 0.00020616932306438684 BETTER
I0328 04:11:11.435014 2147758 finetune.py:68] layer 19_o @ epoch 4 new loss 6.683372339466587e-05 old loss 6.730607856297866e-05 BETTER
I0328 04:11:13.585005 2145392 finetune.py:68] layer 16_up @ epoch 3 new loss 0.00019202266412321478 old loss 0.00019400073506403714 BETTER
I0328 04:11:16.168292 2146971 finetune.py:68] layer 18_up @ epoch 0 new loss 0.00019883459026459605 old loss 0.00020239684090483934 BETTER
I0328 04:11:41.204707 2146227 finetune.py:68] layer 17_up @ epoch 3 new loss 0.00020167659386061132 old loss 0.00020379028865136206 BETTER
I0328 04:11:42.900569 2147758 finetune.py:45] layer 19_up initial loss 0.0002107915497617796
I0328 04:11:47.416830 2145392 finetune.py:68] layer 16_up @ epoch 4 new loss 0.0001902156654978171 old loss 0.00019202266412321478 BETTER
I0328 04:11:48.333584 2146971 finetune.py:68] layer 18_up @ epoch 1 new loss 0.00019633944611996412 old loss 0.00019883459026459605 BETTER
I0328 04:12:13.183740 2147758 finetune.py:68] layer 19_up @ epoch 0 new loss 0.00020728624076582491 old loss 0.0002107915497617796 BETTER
I0328 04:12:13.516546 2146227 finetune.py:68] layer 17_up @ epoch 4 new loss 0.00019976828480139375 old loss 0.00020167659386061132 BETTER
I0328 04:12:18.938463 2145392 finetune.py:45] layer 16_gate initial loss 0.00022960660862736404
I0328 04:12:20.563197 2146971 finetune.py:68] layer 18_up @ epoch 2 new loss 0.0001942636154126376 old loss 0.00019633944611996412 BETTER
I0328 04:12:44.810269 2146227 finetune.py:45] layer 17_gate initial loss 0.0002452255575917661
I0328 04:12:44.821651 2147758 finetune.py:68] layer 19_up @ epoch 1 new loss 0.00020481123647186905 old loss 0.00020728624076582491 BETTER
I0328 04:12:49.189404 2145392 finetune.py:68] layer 16_gate @ epoch 0 new loss 0.00022768182680010796 old loss 0.00022960660862736404 BETTER
I0328 04:12:52.927929 2146971 finetune.py:68] layer 18_up @ epoch 3 new loss 0.0001923983945744112 old loss 0.0001942636154126376 BETTER
I0328 04:13:13.355307 2146227 finetune.py:68] layer 17_gate @ epoch 0 new loss 0.0002430758613627404 old loss 0.0002452255575917661 BETTER
I0328 04:13:16.304162 2147758 finetune.py:68] layer 19_up @ epoch 2 new loss 0.00020271085668355227 old loss 0.00020481123647186905 BETTER
I0328 04:13:20.477514 2145392 finetune.py:68] layer 16_gate @ epoch 1 new loss 0.0002260320179630071 old loss 0.00022768182680010796 BETTER
I0328 04:13:25.201051 2146971 finetune.py:68] layer 18_up @ epoch 4 new loss 0.0001907416881294921 old loss 0.0001923983945744112 BETTER
I0328 04:13:42.886620 2146227 finetune.py:68] layer 17_gate @ epoch 1 new loss 0.0002412938338238746 old loss 0.0002430758613627404 BETTER
I0328 04:13:47.882189 2147758 finetune.py:68] layer 19_up @ epoch 3 new loss 0.00020087613665964454 old loss 0.00020271085668355227 BETTER
I0328 04:13:51.925888 2145392 finetune.py:68] layer 16_gate @ epoch 2 new loss 0.00022452077246271074 old loss 0.0002260320179630071 BETTER
I0328 04:13:56.771937 2146971 finetune.py:45] layer 18_gate initial loss 0.00023984871222637594
I0328 04:14:12.628472 2146227 finetune.py:68] layer 17_gate @ epoch 2 new loss 0.00023966871958691627 old loss 0.0002412938338238746 BETTER
I0328 04:14:19.554602 2147758 finetune.py:68] layer 19_up @ epoch 4 new loss 0.0001992212637560442 old loss 0.00020087613665964454 BETTER
I0328 04:14:23.554858 2145392 finetune.py:68] layer 16_gate @ epoch 3 new loss 0.00022312426881399006 old loss 0.00022452077246271074 BETTER
I0328 04:14:25.404577 2146971 finetune.py:68] layer 18_gate @ epoch 0 new loss 0.0002379641227889806 old loss 0.00023984871222637594 BETTER
I0328 04:14:42.318710 2146227 finetune.py:68] layer 17_gate @ epoch 3 new loss 0.00023815396707504988 old loss 0.00023966871958691627 BETTER
I0328 04:14:51.069833 2147758 finetune.py:45] layer 19_gate initial loss 0.0002529210178181529
I0328 04:14:55.122714 2146971 finetune.py:68] layer 18_gate @ epoch 1 new loss 0.00023641045845579356 old loss 0.0002379641227889806 BETTER
I0328 04:14:55.182883 2145392 finetune.py:68] layer 16_gate @ epoch 4 new loss 0.000221832116949372 old loss 0.00022312426881399006 BETTER
I0328 04:15:12.103299 2146227 finetune.py:68] layer 17_gate @ epoch 4 new loss 0.00023676268756389618 old loss 0.00023815396707504988 BETTER
I0328 04:15:19.287330 2147758 finetune.py:68] layer 19_gate @ epoch 0 new loss 0.00025107068358920515 old loss 0.0002529210178181529 BETTER
I0328 04:15:25.052796 2146971 finetune.py:68] layer 18_gate @ epoch 2 new loss 0.00023498720838688314 old loss 0.00023641045845579356 BETTER
I0328 04:15:48.360083 2147758 finetune.py:68] layer 19_gate @ epoch 1 new loss 0.0002495297812856734 old loss 0.00025107068358920515 BETTER
I0328 04:15:50.534657 2145392 finetune.py:45] layer 16_down initial loss 0.00036653963616117835
I0328 04:15:54.939311 2146971 finetune.py:68] layer 18_gate @ epoch 3 new loss 0.00023369201517198235 old loss 0.00023498720838688314 BETTER
I0328 04:16:08.512714 2146227 finetune.py:45] layer 17_down initial loss 0.00041270864312537014
I0328 04:16:17.788308 2147758 finetune.py:68] layer 19_gate @ epoch 2 new loss 0.0002480950206518173 old loss 0.0002495297812856734 BETTER
I0328 04:16:17.986176 2145392 finetune.py:68] layer 16_down @ epoch 0 new loss 0.0003664828836917877 old loss 0.00036653963616117835 BETTER
I0328 04:16:24.852150 2146971 finetune.py:68] layer 18_gate @ epoch 4 new loss 0.00023247295757755637 old loss 0.00023369201517198235 BETTER
I0328 04:16:34.717123 2146227 finetune.py:68] layer 17_down @ epoch 0 new loss 0.0004126447602175176 old loss 0.00041270864312537014 BETTER
I0328 04:16:46.423279 2145392 finetune.py:68] layer 16_down @ epoch 1 new loss 0.0003664327959995717 old loss 0.0003664828836917877 BETTER
I0328 04:16:47.081439 2147758 finetune.py:68] layer 19_gate @ epoch 3 new loss 0.0002468008315190673 old loss 0.0002480950206518173 BETTER
I0328 04:17:01.903751 2146227 finetune.py:68] layer 17_down @ epoch 1 new loss 0.0004125894629396498 old loss 0.0004126447602175176 BETTER
I0328 04:17:15.540294 2145392 finetune.py:68] layer 16_down @ epoch 2 new loss 0.00036638975143432617 old loss 0.0003664327959995717 BETTER
I0328 04:17:16.433915 2147758 finetune.py:68] layer 19_gate @ epoch 4 new loss 0.0002456038200762123 old loss 0.0002468008315190673 BETTER
I0328 04:17:21.881198 2146971 finetune.py:45] layer 18_down initial loss 0.0004108836001250893
I0328 04:17:29.420187 2146227 finetune.py:68] layer 17_down @ epoch 2 new loss 0.00041254397365264595 old loss 0.0004125894629396498 BETTER
I0328 04:17:44.496796 2145392 finetune.py:68] layer 16_down @ epoch 3 new loss 0.00036635296419262886 old loss 0.00036638975143432617 BETTER
I0328 04:17:48.303069 2146971 finetune.py:68] layer 18_down @ epoch 0 new loss 0.0004108297871425748 old loss 0.0004108836001250893 BETTER
I0328 04:17:57.091652 2146227 finetune.py:68] layer 17_down @ epoch 3 new loss 0.0004125028208363801 old loss 0.00041254397365264595 BETTER
I0328 04:18:14.291160 2145392 finetune.py:68] layer 16_down @ epoch 4 new loss 0.00036631972761824727 old loss 0.00036635296419262886 BETTER
I0328 04:18:14.410632 2147758 finetune.py:45] layer 19_down initial loss 0.0004330227675382048
16_v proxy err 0.03920785337686539 tr(WHW.T) 274.28167724609375
bpp_loss 2.265575544181047
16_q proxy err 0.002045578323304653 tr(WHW.T) 24482.72265625
bpp_loss 3.070396671653725
16_k proxy err 0.0007280720164999366 tr(WHW.T) 19454.9765625
bpp_loss 3.896701754129026
16_o proxy err 0.036148060113191605 tr(WHW.T) 974.1946411132812
bpp_loss 2.368466547864955
16_up proxy err 0.02842905931174755 tr(WHW.T) 8332.5
bpp_loss 2.4690681601808007
16_gate proxy err 0.006146878004074097 tr(WHW.T) 41007.8203125
bpp_loss 2.7842365334342634
16_down proxy err 0.03541681542992592 tr(WHW.T) 6339.2744140625
bpp_loss 2.462171150554371
I0328 04:18:16.415280 2146971 finetune.py:68] layer 18_down @ epoch 1 new loss 0.0004107818240299821 old loss 0.0004108297871425748 BETTER
I0328 04:18:26.064302 2146227 finetune.py:68] layer 17_down @ epoch 4 new loss 0.000412468274589628 old loss 0.0004125028208363801 BETTER
17_v proxy err 0.04308577999472618 tr(WHW.T) 283.9730224609375
bpp_loss 2.333179443521658
17_q proxy err 0.002031253883615136 tr(WHW.T) 27578.349609375
bpp_loss 3.0831496662576683
17_k proxy err 0.0009149773977696896 tr(WHW.T) 17386.86328125
bpp_loss 3.9234697929932736
17_o proxy err 0.03943587467074394 tr(WHW.T) 1110.9658203125
bpp_loss 2.3962794994586147
17_up proxy err 0.028058303520083427 tr(WHW.T) 8452.37890625
bpp_loss 2.467183110703315
17_gate proxy err 0.006107031833380461 tr(WHW.T) 41486.6171875
bpp_loss 2.7974877187849154
17_down proxy err 0.03592391312122345 tr(WHW.T) 6264.51318359375
bpp_loss 2.458421643623816
I0328 04:18:41.277526 2147758 finetune.py:68] layer 19_down @ epoch 0 new loss 0.0004329698858782649 old loss 0.0004330227675382048 BETTER
I0328 04:18:45.129849 2146971 finetune.py:68] layer 18_down @ epoch 2 new loss 0.0004107401764485985 old loss 0.0004107818240299821 BETTER
I0328 04:19:08.396667 2147758 finetune.py:68] layer 19_down @ epoch 1 new loss 0.0004329255607444793 old loss 0.0004329698858782649 BETTER
I0328 04:19:12.956018 2146971 finetune.py:68] layer 18_down @ epoch 3 new loss 0.00041070336010307074 old loss 0.0004107401764485985 BETTER
I0328 04:19:35.530056 2147758 finetune.py:68] layer 19_down @ epoch 2 new loss 0.0004328861250542104 old loss 0.0004329255607444793 BETTER
I0328 04:19:37.911550 2083830 quantize_finetune_llama.py:240] computed original embedding for layer 20 in 67.16895890235901s
I0328 04:19:40.822721 2146971 finetune.py:68] layer 18_down @ epoch 4 new loss 0.00041067131678573787 old loss 0.00041070336010307074 BETTER
I0328 04:19:41.765941 2160516 utils.py:146] Note: detected 128 virtual cores but NumExpr set to maximum of 64, check "NUMEXPR_MAX_THREADS" environment variable.
I0328 04:19:41.766034 2160516 utils.py:149] Note: NumExpr detected 128 cores but "NUMEXPR_MAX_THREADS" not set, so enforcing safe limit of 16.
I0328 04:19:41.766071 2160516 utils.py:162] NumExpr defaulting to 16 threads.
I0328 04:19:42.147268 2160516 config.py:54] PyTorch version 2.6.0 available.
W0328 04:19:42.363667 2160516 warnings.py:109] /opt/conda/lib/python3.10/site-packages/torchvision/io/image.py:13: UserWarning: Failed to load image Python extension: '/opt/conda/lib/python3.10/site-packages/torchvision/image.so: undefined symbol: _ZN3c1017RegisterOperatorsD1Ev'If you don't plan on using image functionality from `torchvision.io`, you can ignore this warning. Otherwise, there might be something wrong with your environment. Did you have `libjpeg` or `libpng` installed before building `torchvision` from source?
  warn(

18_v proxy err 0.042866382747888565 tr(WHW.T) 287.61376953125
bpp_loss 2.2604291163152084
18_q proxy err 0.0025723224971443415 tr(WHW.T) 22413.810546875
bpp_loss 3.082861586648505
18_k proxy err 0.0009487346978858113 tr(WHW.T) 17369.248046875
bpp_loss 3.993997448065784
18_o proxy err 0.038841165602207184 tr(WHW.T) 1209.2923583984375
bpp_loss 2.3768212952418253
18_up proxy err 0.030888080596923828 tr(WHW.T) 7987.53271484375
bpp_loss 2.4638103197461794
18_gate proxy err 0.007539520040154457 tr(WHW.T) 35061.25390625
bpp_loss 2.8053819527849555
18_down proxy err 0.03696588799357414 tr(WHW.T) 6282.1494140625
bpp_loss 2.457686773118829
W0328 04:19:42.959013 2160516 warnings.py:109] /opt/conda/lib/python3.10/site-packages/compressai/models/video/google.py:353: FutureWarning: `torch.cuda.amp.autocast(args...)` is deprecated. Please use `torch.amp.autocast('cuda', args...)` instead.
  @amp.autocast(enabled=False)

I0328 04:19:42.962791 2083830 quantize_finetune_llama.py:209] layer 21 gpu 1
I0328 04:19:42.976209 2160516 data_utils.py:336] using 256 training seqs, 128 validation seqs
The attention layers in this model are transitioning from computing the RoPE embeddings internally through `position_ids` (2D tensor with the indexes of the tokens), to using externally computed `position_embeddings` (Tuple of tensors, containing cos and sin). In v4.46 `position_ids` will be removed and `position_embeddings` will be mandatory.
I0328 04:19:59.642195 2160516 finetune.py:45] layer 20_v initial loss 9.434831736143678e-05
W0328 04:19:59.642419 2160516 warnings.py:109] /workspace/Weight_compression/comp_lm_qtip/lib/algo/finetune.py:46: FutureWarning: `torch.cuda.amp.GradScaler(args...)` is deprecated. Please use `torch.amp.GradScaler('cuda', args...)` instead.
  scaler = torch.cuda.amp.GradScaler(enabled=(orig_dtype==torch.float16))

I0328 04:20:02.924197 2147758 finetune.py:68] layer 19_down @ epoch 3 new loss 0.0004328511713538319 old loss 0.0004328861250542104 BETTER
I0328 04:20:30.386082 2147758 finetune.py:68] layer 19_down @ epoch 4 new loss 0.0004328204377088696 old loss 0.0004328511713538319 BETTER
19_v proxy err 0.037694621831178665 tr(WHW.T) 341.0596618652344
bpp_loss 2.305162391421618
19_q proxy err 0.0024730232544243336 tr(WHW.T) 24049.32421875
bpp_loss 3.0859781794133596
19_k proxy err 0.0010797027498483658 tr(WHW.T) 15525.2490234375
bpp_loss 3.9068907176260836
19_o proxy err 0.04028953239321709 tr(WHW.T) 1172.16943359375
bpp_loss 2.3892146688885987
19_up proxy err 0.03275744989514351 tr(WHW.T) 7652.0224609375
bpp_loss 2.4604544674179385
19_gate proxy err 0.008236123248934746 tr(WHW.T) 32700.93359375
bpp_loss 2.815695292249854
19_down proxy err 0.03742072731256485 tr(WHW.T) 6231.53857421875
bpp_loss 2.4557602919604897
I0328 04:20:34.871984 2160516 finetune.py:68] layer 20_v @ epoch 0 new loss 3.7648220313712955e-05 old loss 9.434831736143678e-05 BETTER
I0328 04:20:48.708145 2083830 quantize_finetune_llama.py:240] computed original embedding for layer 21 in 63.016571283340454s
I0328 04:20:52.382222 2161298 utils.py:146] Note: detected 128 virtual cores but NumExpr set to maximum of 64, check "NUMEXPR_MAX_THREADS" environment variable.
I0328 04:20:52.382327 2161298 utils.py:149] Note: NumExpr detected 128 cores but "NUMEXPR_MAX_THREADS" not set, so enforcing safe limit of 16.
I0328 04:20:52.382364 2161298 utils.py:162] NumExpr defaulting to 16 threads.
I0328 04:20:52.730807 2161298 config.py:54] PyTorch version 2.6.0 available.
W0328 04:20:52.928488 2161298 warnings.py:109] /opt/conda/lib/python3.10/site-packages/torchvision/io/image.py:13: UserWarning: Failed to load image Python extension: '/opt/conda/lib/python3.10/site-packages/torchvision/image.so: undefined symbol: _ZN3c1017RegisterOperatorsD1Ev'If you don't plan on using image functionality from `torchvision.io`, you can ignore this warning. Otherwise, there might be something wrong with your environment. Did you have `libjpeg` or `libpng` installed before building `torchvision` from source?
  warn(

W0328 04:20:53.513525 2161298 warnings.py:109] /opt/conda/lib/python3.10/site-packages/compressai/models/video/google.py:353: FutureWarning: `torch.cuda.amp.autocast(args...)` is deprecated. Please use `torch.amp.autocast('cuda', args...)` instead.
  @amp.autocast(enabled=False)

I0328 04:20:53.517285 2083830 quantize_finetune_llama.py:209] layer 22 gpu 2
I0328 04:20:53.533139 2161298 data_utils.py:336] using 256 training seqs, 128 validation seqs
The attention layers in this model are transitioning from computing the RoPE embeddings internally through `position_ids` (2D tensor with the indexes of the tokens), to using externally computed `position_embeddings` (Tuple of tensors, containing cos and sin). In v4.46 `position_ids` will be removed and `position_embeddings` will be mandatory.
I0328 04:21:10.697162 2161298 finetune.py:45] layer 21_v initial loss 0.00010272513463860378
W0328 04:21:10.697425 2161298 warnings.py:109] /workspace/Weight_compression/comp_lm_qtip/lib/algo/finetune.py:46: FutureWarning: `torch.cuda.amp.GradScaler(args...)` is deprecated. Please use `torch.amp.GradScaler('cuda', args...)` instead.
  scaler = torch.cuda.amp.GradScaler(enabled=(orig_dtype==torch.float16))

I0328 04:21:11.470437 2160516 finetune.py:68] layer 20_v @ epoch 1 new loss 3.44228174071759e-05 old loss 3.7648220313712955e-05 BETTER
I0328 04:21:43.873391 2161298 finetune.py:68] layer 21_v @ epoch 0 new loss 4.559812805382535e-05 old loss 0.00010272513463860378 BETTER
I0328 04:21:48.497078 2160516 finetune.py:68] layer 20_v @ epoch 2 new loss 3.310570536996238e-05 old loss 3.44228174071759e-05 BETTER
I0328 04:21:57.657660 2083830 quantize_finetune_llama.py:240] computed original embedding for layer 22 in 63.696905851364136s
I0328 04:22:01.399252 2162030 utils.py:146] Note: detected 128 virtual cores but NumExpr set to maximum of 64, check "NUMEXPR_MAX_THREADS" environment variable.
I0328 04:22:01.399355 2162030 utils.py:149] Note: NumExpr detected 128 cores but "NUMEXPR_MAX_THREADS" not set, so enforcing safe limit of 16.
I0328 04:22:01.399393 2162030 utils.py:162] NumExpr defaulting to 16 threads.
I0328 04:22:01.746589 2162030 config.py:54] PyTorch version 2.6.0 available.
W0328 04:22:01.943339 2162030 warnings.py:109] /opt/conda/lib/python3.10/site-packages/torchvision/io/image.py:13: UserWarning: Failed to load image Python extension: '/opt/conda/lib/python3.10/site-packages/torchvision/image.so: undefined symbol: _ZN3c1017RegisterOperatorsD1Ev'If you don't plan on using image functionality from `torchvision.io`, you can ignore this warning. Otherwise, there might be something wrong with your environment. Did you have `libjpeg` or `libpng` installed before building `torchvision` from source?
  warn(

W0328 04:22:02.530248 2162030 warnings.py:109] /opt/conda/lib/python3.10/site-packages/compressai/models/video/google.py:353: FutureWarning: `torch.cuda.amp.autocast(args...)` is deprecated. Please use `torch.amp.autocast('cuda', args...)` instead.
  @amp.autocast(enabled=False)

I0328 04:22:02.535398 2083830 quantize_finetune_llama.py:209] layer 23 gpu 3
I0328 04:22:02.549430 2162030 data_utils.py:336] using 256 training seqs, 128 validation seqs
The attention layers in this model are transitioning from computing the RoPE embeddings internally through `position_ids` (2D tensor with the indexes of the tokens), to using externally computed `position_embeddings` (Tuple of tensors, containing cos and sin). In v4.46 `position_ids` will be removed and `position_embeddings` will be mandatory.
I0328 04:22:18.466372 2161298 finetune.py:68] layer 21_v @ epoch 1 new loss 4.16190450778231e-05 old loss 4.559812805382535e-05 BETTER
I0328 04:22:19.739856 2162030 finetune.py:45] layer 22_v initial loss 0.00012098587467335165
W0328 04:22:19.740065 2162030 warnings.py:109] /workspace/Weight_compression/comp_lm_qtip/lib/algo/finetune.py:46: FutureWarning: `torch.cuda.amp.GradScaler(args...)` is deprecated. Please use `torch.amp.GradScaler('cuda', args...)` instead.
  scaler = torch.cuda.amp.GradScaler(enabled=(orig_dtype==torch.float16))

I0328 04:22:25.746638 2160516 finetune.py:68] layer 20_v @ epoch 3 new loss 3.2243002351606265e-05 old loss 3.310570536996238e-05 BETTER
I0328 04:22:53.427671 2162030 finetune.py:68] layer 22_v @ epoch 0 new loss 3.841461148113012e-05 old loss 0.00012098587467335165 BETTER
I0328 04:22:53.438029 2161298 finetune.py:68] layer 21_v @ epoch 2 new loss 3.9827715227147564e-05 old loss 4.16190450778231e-05 BETTER
I0328 04:23:03.146461 2160516 finetune.py:68] layer 20_v @ epoch 4 new loss 3.162843859172426e-05 old loss 3.2243002351606265e-05 BETTER
I0328 04:23:08.094855 2083830 quantize_finetune_llama.py:240] computed original embedding for layer 23 in 65.07423448562622s
I0328 04:23:11.865596 2162831 utils.py:146] Note: detected 128 virtual cores but NumExpr set to maximum of 64, check "NUMEXPR_MAX_THREADS" environment variable.
I0328 04:23:11.865877 2162831 utils.py:149] Note: NumExpr detected 128 cores but "NUMEXPR_MAX_THREADS" not set, so enforcing safe limit of 16.
I0328 04:23:11.865985 2162831 utils.py:162] NumExpr defaulting to 16 threads.
I0328 04:23:12.211486 2162831 config.py:54] PyTorch version 2.6.0 available.
W0328 04:23:12.428561 2162831 warnings.py:109] /opt/conda/lib/python3.10/site-packages/torchvision/io/image.py:13: UserWarning: Failed to load image Python extension: '/opt/conda/lib/python3.10/site-packages/torchvision/image.so: undefined symbol: _ZN3c1017RegisterOperatorsD1Ev'If you don't plan on using image functionality from `torchvision.io`, you can ignore this warning. Otherwise, there might be something wrong with your environment. Did you have `libjpeg` or `libpng` installed before building `torchvision` from source?
  warn(

W0328 04:23:13.037392 2162831 warnings.py:109] /opt/conda/lib/python3.10/site-packages/compressai/models/video/google.py:353: FutureWarning: `torch.cuda.amp.autocast(args...)` is deprecated. Please use `torch.amp.autocast('cuda', args...)` instead.
  @amp.autocast(enabled=False)

I0328 04:23:13.041292 2083830 quantize_finetune_llama.py:209] layer 24 gpu 0
I0328 04:23:13.055714 2162831 data_utils.py:336] using 256 training seqs, 128 validation seqs
I0328 04:23:22.421577 2160516 finetune.py:45] layer 20_q initial loss 3.726671275217086e-05
The attention layers in this model are transitioning from computing the RoPE embeddings internally through `position_ids` (2D tensor with the indexes of the tokens), to using externally computed `position_embeddings` (Tuple of tensors, containing cos and sin). In v4.46 `position_ids` will be removed and `position_embeddings` will be mandatory.
I0328 04:23:28.809038 2162030 finetune.py:68] layer 22_v @ epoch 1 new loss 3.391328573343344e-05 old loss 3.841461148113012e-05 BETTER
I0328 04:23:28.952089 2161298 finetune.py:68] layer 21_v @ epoch 3 new loss 3.865955659421161e-05 old loss 3.9827715227147564e-05 BETTER
I0328 04:23:31.572871 2162831 finetune.py:45] layer 23_v initial loss 0.0001360687310807407
W0328 04:23:31.573077 2162831 warnings.py:109] /workspace/Weight_compression/comp_lm_qtip/lib/algo/finetune.py:46: FutureWarning: `torch.cuda.amp.GradScaler(args...)` is deprecated. Please use `torch.amp.GradScaler('cuda', args...)` instead.
  scaler = torch.cuda.amp.GradScaler(enabled=(orig_dtype==torch.float16))

I0328 04:23:57.910996 2160516 finetune.py:68] layer 20_q @ epoch 0 new loss 3.634148379205726e-05 old loss 3.726671275217086e-05 BETTER
I0328 04:24:04.541402 2162030 finetune.py:68] layer 22_v @ epoch 2 new loss 3.2288822694681585e-05 old loss 3.391328573343344e-05 BETTER
I0328 04:24:04.684208 2161298 finetune.py:68] layer 21_v @ epoch 4 new loss 3.77763390133623e-05 old loss 3.865955659421161e-05 BETTER
I0328 04:24:05.114293 2162831 finetune.py:68] layer 23_v @ epoch 0 new loss 3.9590129745192826e-05 old loss 0.0001360687310807407 BETTER
I0328 04:24:24.362997 2161298 finetune.py:45] layer 21_q initial loss 4.667082612286322e-05
I0328 04:24:34.246047 2160516 finetune.py:68] layer 20_q @ epoch 1 new loss 3.570655098883435e-05 old loss 3.634148379205726e-05 BETTER
I0328 04:24:39.510869 2162831 finetune.py:68] layer 23_v @ epoch 1 new loss 3.4203301765955985e-05 old loss 3.9590129745192826e-05 BETTER
I0328 04:24:39.805421 2162030 finetune.py:68] layer 22_v @ epoch 3 new loss 3.133436621283181e-05 old loss 3.2288822694681585e-05 BETTER
I0328 04:24:57.820156 2161298 finetune.py:68] layer 21_q @ epoch 0 new loss 4.5283955842023715e-05 old loss 4.667082612286322e-05 BETTER
I0328 04:25:10.707848 2160516 finetune.py:68] layer 20_q @ epoch 2 new loss 3.5216216929256916e-05 old loss 3.570655098883435e-05 BETTER
I0328 04:25:14.238417 2162831 finetune.py:68] layer 23_v @ epoch 2 new loss 3.245993866585195e-05 old loss 3.4203301765955985e-05 BETTER
I0328 04:25:15.112339 2162030 finetune.py:68] layer 22_v @ epoch 4 new loss 3.068110891035758e-05 old loss 3.133436621283181e-05 BETTER
I0328 04:25:32.059964 2161298 finetune.py:68] layer 21_q @ epoch 1 new loss 4.436352173797786e-05 old loss 4.5283955842023715e-05 BETTER
I0328 04:25:34.655433 2162030 finetune.py:45] layer 22_q initial loss 3.8195201341295615e-05
I0328 04:25:47.354637 2160516 finetune.py:68] layer 20_q @ epoch 3 new loss 3.479680162854493e-05 old loss 3.5216216929256916e-05 BETTER
I0328 04:25:48.900977 2162831 finetune.py:68] layer 23_v @ epoch 3 new loss 3.150714474031702e-05 old loss 3.245993866585195e-05 BETTER
I0328 04:26:06.459701 2161298 finetune.py:68] layer 21_q @ epoch 2 new loss 4.363029802334495e-05 old loss 4.436352173797786e-05 BETTER
I0328 04:26:08.370524 2162030 finetune.py:68] layer 22_q @ epoch 0 new loss 3.712229590746574e-05 old loss 3.8195201341295615e-05 BETTER
I0328 04:26:23.840447 2162831 finetune.py:68] layer 23_v @ epoch 4 new loss 3.0848095775581896e-05 old loss 3.150714474031702e-05 BETTER
I0328 04:26:23.880988 2160516 finetune.py:68] layer 20_q @ epoch 4 new loss 3.44613945344463e-05 old loss 3.479680162854493e-05 BETTER
I0328 04:26:41.831544 2161298 finetune.py:68] layer 21_q @ epoch 3 new loss 4.298190833651461e-05 old loss 4.363029802334495e-05 BETTER
I0328 04:26:42.367959 2160516 finetune.py:45] layer 20_k initial loss 3.645961987785995e-05
I0328 04:26:43.863799 2162030 finetune.py:68] layer 22_q @ epoch 1 new loss 3.645467586466111e-05 old loss 3.712229590746574e-05 BETTER
I0328 04:26:44.433994 2162831 finetune.py:45] layer 23_q initial loss 3.7716479710070416e-05
I0328 04:27:17.467578 2161298 finetune.py:68] layer 21_q @ epoch 4 new loss 4.2446587031008676e-05 old loss 4.298190833651461e-05 BETTER
I0328 04:27:18.268309 2160516 finetune.py:68] layer 20_k @ epoch 0 new loss 3.602390643209219e-05 old loss 3.645961987785995e-05 BETTER
I0328 04:27:18.531090 2162831 finetune.py:68] layer 23_q @ epoch 0 new loss 3.674054823932238e-05 old loss 3.7716479710070416e-05 BETTER
I0328 04:27:19.583402 2162030 finetune.py:68] layer 22_q @ epoch 2 new loss 3.595527959987521e-05 old loss 3.645467586466111e-05 BETTER
I0328 04:27:35.824005 2161298 finetune.py:45] layer 21_k initial loss 4.6205030230339617e-05
I0328 04:27:53.168069 2162831 finetune.py:68] layer 23_q @ epoch 1 new loss 3.613746230257675e-05 old loss 3.674054823932238e-05 BETTER
I0328 04:27:54.935319 2162030 finetune.py:68] layer 22_q @ epoch 3 new loss 3.554431168595329e-05 old loss 3.595527959987521e-05 BETTER
I0328 04:27:55.012145 2160516 finetune.py:68] layer 20_k @ epoch 1 new loss 3.5723434848478064e-05 old loss 3.602390643209219e-05 BETTER
I0328 04:28:09.443427 2161298 finetune.py:68] layer 21_k @ epoch 0 new loss 4.517829802352935e-05 old loss 4.6205030230339617e-05 BETTER
I0328 04:28:28.121417 2162831 finetune.py:68] layer 23_q @ epoch 2 new loss 3.566429586498998e-05 old loss 3.613746230257675e-05 BETTER
I0328 04:28:30.365724 2162030 finetune.py:68] layer 22_q @ epoch 4 new loss 3.5194265365134925e-05 old loss 3.554431168595329e-05 BETTER
I0328 04:28:31.641300 2160516 finetune.py:68] layer 20_k @ epoch 2 new loss 3.546163497958332e-05 old loss 3.5723434848478064e-05 BETTER
I0328 04:28:43.778801 2161298 finetune.py:68] layer 21_k @ epoch 1 new loss 4.4730521040037274e-05 old loss 4.517829802352935e-05 BETTER
I0328 04:28:48.407788 2162030 finetune.py:45] layer 22_k initial loss 3.7919813621556386e-05
I0328 04:29:02.480509 2162831 finetune.py:68] layer 23_q @ epoch 3 new loss 3.528260640450753e-05 old loss 3.566429586498998e-05 BETTER
I0328 04:29:08.188242 2160516 finetune.py:68] layer 20_k @ epoch 3 new loss 3.524888961692341e-05 old loss 3.546163497958332e-05 BETTER
I0328 04:29:18.179421 2161298 finetune.py:68] layer 21_k @ epoch 2 new loss 4.434868606040254e-05 old loss 4.4730521040037274e-05 BETTER
I0328 04:29:22.048609 2162030 finetune.py:68] layer 22_k @ epoch 0 new loss 3.7486290239030495e-05 old loss 3.7919813621556386e-05 BETTER
I0328 04:29:36.843030 2162831 finetune.py:68] layer 23_q @ epoch 4 new loss 3.496250792522915e-05 old loss 3.528260640450753e-05 BETTER
I0328 04:29:44.925789 2160516 finetune.py:68] layer 20_k @ epoch 4 new loss 3.5060795198660344e-05 old loss 3.524888961692341e-05 BETTER
I0328 04:29:52.512926 2161298 finetune.py:68] layer 21_k @ epoch 3 new loss 4.401334444992244e-05 old loss 4.434868606040254e-05 BETTER
I0328 04:29:55.032553 2162831 finetune.py:45] layer 23_k initial loss 3.7927307857898995e-05
I0328 04:29:56.616580 2162030 finetune.py:68] layer 22_k @ epoch 1 new loss 3.721592293004505e-05 old loss 3.7486290239030495e-05 BETTER
I0328 04:30:04.616878 2160516 finetune.py:45] layer 20_o initial loss 7.963478856254369e-05
I0328 04:30:27.155110 2161298 finetune.py:68] layer 21_k @ epoch 4 new loss 4.373008414404467e-05 old loss 4.401334444992244e-05 BETTER
I0328 04:30:28.550537 2162831 finetune.py:68] layer 23_k @ epoch 0 new loss 3.761208790820092e-05 old loss 3.7927307857898995e-05 BETTER
I0328 04:30:31.360805 2162030 finetune.py:68] layer 22_k @ epoch 2 new loss 3.698343061842024e-05 old loss 3.721592293004505e-05 BETTER
I0328 04:30:39.456839 2160516 finetune.py:68] layer 20_o @ epoch 0 new loss 7.507004920626059e-05 old loss 7.963478856254369e-05 BETTER
I0328 04:30:47.444909 2161298 finetune.py:45] layer 21_o initial loss 9.951327228918672e-05
I0328 04:31:02.902051 2162831 finetune.py:68] layer 23_k @ epoch 1 new loss 3.73662514903117e-05 old loss 3.761208790820092e-05 BETTER
I0328 04:31:06.123167 2162030 finetune.py:68] layer 22_k @ epoch 3 new loss 3.677941276691854e-05 old loss 3.698343061842024e-05 BETTER
I0328 04:31:15.381185 2160516 finetune.py:68] layer 20_o @ epoch 1 new loss 7.391270628431812e-05 old loss 7.507004920626059e-05 BETTER
I0328 04:31:20.008190 2161298 finetune.py:68] layer 21_o @ epoch 0 new loss 9.425858297618106e-05 old loss 9.951327228918672e-05 BETTER
I0328 04:31:37.068510 2162831 finetune.py:68] layer 23_k @ epoch 2 new loss 3.7145684473216534e-05 old loss 3.73662514903117e-05 BETTER
I0328 04:31:40.870309 2162030 finetune.py:68] layer 22_k @ epoch 4 new loss 3.660620131995529e-05 old loss 3.677941276691854e-05 BETTER
I0328 04:31:51.529623 2160516 finetune.py:68] layer 20_o @ epoch 2 new loss 7.309475040528923e-05 old loss 7.391270628431812e-05 BETTER
I0328 04:31:53.721959 2161298 finetune.py:68] layer 21_o @ epoch 1 new loss 9.259828948415816e-05 old loss 9.425858297618106e-05 BETTER
I0328 04:32:00.427982 2162030 finetune.py:45] layer 22_o initial loss 9.099025919567794e-05
I0328 04:32:11.416560 2162831 finetune.py:68] layer 23_k @ epoch 3 new loss 3.696090425364673e-05 old loss 3.7145684473216534e-05 BETTER
I0328 04:32:27.519787 2160516 finetune.py:68] layer 20_o @ epoch 3 new loss 7.242448918987066e-05 old loss 7.309475040528923e-05 BETTER
I0328 04:32:27.716879 2161298 finetune.py:68] layer 21_o @ epoch 2 new loss 9.139525354839861e-05 old loss 9.259828948415816e-05 BETTER
I0328 04:32:33.628658 2162030 finetune.py:68] layer 22_o @ epoch 0 new loss 8.564265590393916e-05 old loss 9.099025919567794e-05 BETTER
I0328 04:32:45.863555 2162831 finetune.py:68] layer 23_k @ epoch 4 new loss 3.679952715174295e-05 old loss 3.696090425364673e-05 BETTER
I0328 04:33:01.574619 2161298 finetune.py:68] layer 21_o @ epoch 3 new loss 9.042633610079065e-05 old loss 9.139525354839861e-05 BETTER
I0328 04:33:03.770800 2160516 finetune.py:68] layer 20_o @ epoch 4 new loss 7.18731535016559e-05 old loss 7.242448918987066e-05 BETTER
I0328 04:33:06.091104 2162831 finetune.py:45] layer 23_o initial loss 9.474768012296408e-05
I0328 04:33:07.684242 2162030 finetune.py:68] layer 22_o @ epoch 1 new loss 8.448254084214568e-05 old loss 8.564265590393916e-05 BETTER
I0328 04:33:35.624445 2160516 finetune.py:45] layer 20_up initial loss 0.00022640571114607155
I0328 04:33:36.095499 2161298 finetune.py:68] layer 21_o @ epoch 4 new loss 8.962475112639368e-05 old loss 9.042633610079065e-05 BETTER
I0328 04:33:38.964380 2162831 finetune.py:68] layer 23_o @ epoch 0 new loss 8.821638039080426e-05 old loss 9.474768012296408e-05 BETTER
I0328 04:33:41.986344 2162030 finetune.py:68] layer 22_o @ epoch 2 new loss 8.366435940843076e-05 old loss 8.448254084214568e-05 BETTER
I0328 04:34:07.696493 2160516 finetune.py:68] layer 20_up @ epoch 0 new loss 0.00022279965924099088 old loss 0.00022640571114607155 BETTER
I0328 04:34:08.379569 2161298 finetune.py:45] layer 21_up initial loss 0.0002660300815477967
I0328 04:34:12.575167 2162831 finetune.py:68] layer 23_o @ epoch 1 new loss 8.697155863046646e-05 old loss 8.821638039080426e-05 BETTER
I0328 04:34:16.179014 2162030 finetune.py:68] layer 22_o @ epoch 3 new loss 8.304380025947466e-05 old loss 8.366435940843076e-05 BETTER
I0328 04:34:38.854443 2161298 finetune.py:68] layer 21_up @ epoch 0 new loss 0.00026178162079304457 old loss 0.0002660300815477967 BETTER
I0328 04:34:41.001608 2160516 finetune.py:68] layer 20_up @ epoch 1 new loss 0.00022022555640432984 old loss 0.00022279965924099088 BETTER
I0328 04:34:46.108599 2162831 finetune.py:68] layer 23_o @ epoch 2 new loss 8.612980309408158e-05 old loss 8.697155863046646e-05 BETTER
I0328 04:34:50.705812 2162030 finetune.py:68] layer 22_o @ epoch 4 new loss 8.2521335571073e-05 old loss 8.304380025947466e-05 BETTER
I0328 04:35:10.588453 2161298 finetune.py:68] layer 21_up @ epoch 1 new loss 0.0002587246708571911 old loss 0.00026178162079304457 BETTER
I0328 04:35:14.265598 2160516 finetune.py:68] layer 20_up @ epoch 2 new loss 0.0002180668816436082 old loss 0.00022022555640432984 BETTER
I0328 04:35:19.812259 2162831 finetune.py:68] layer 23_o @ epoch 3 new loss 8.548183541279286e-05 old loss 8.612980309408158e-05 BETTER
I0328 04:35:22.435119 2162030 finetune.py:45] layer 22_up initial loss 0.0002678541641216725
I0328 04:35:42.353736 2161298 finetune.py:68] layer 21_up @ epoch 2 new loss 0.00025612334138713777 old loss 0.0002587246708571911 BETTER
I0328 04:35:47.639249 2160516 finetune.py:68] layer 20_up @ epoch 3 new loss 0.0002161392621928826 old loss 0.0002180668816436082 BETTER
I0328 04:35:53.392118 2162030 finetune.py:68] layer 22_up @ epoch 0 new loss 0.00026382473879493773 old loss 0.0002678541641216725 BETTER
I0328 04:35:53.405923 2162831 finetune.py:68] layer 23_o @ epoch 4 new loss 8.497061935486272e-05 old loss 8.548183541279286e-05 BETTER
I0328 04:36:14.105626 2161298 finetune.py:68] layer 21_up @ epoch 3 new loss 0.00025384622858837247 old loss 0.00025612334138713777 BETTER
I0328 04:36:21.099190 2160516 finetune.py:68] layer 20_up @ epoch 4 new loss 0.00021444681624416262 old loss 0.0002161392621928826 BETTER
I0328 04:36:25.167651 2162831 finetune.py:45] layer 23_up initial loss 0.00028621198725886643
I0328 04:36:25.479923 2162030 finetune.py:68] layer 22_up @ epoch 1 new loss 0.0002610196825116873 old loss 0.00026382473879493773 BETTER
I0328 04:36:46.004053 2161298 finetune.py:68] layer 21_up @ epoch 4 new loss 0.0002518094552215189 old loss 0.00025384622858837247 BETTER
I0328 04:36:52.882772 2160516 finetune.py:45] layer 20_gate initial loss 0.0002752143773250282
I0328 04:36:55.245032 2162831 finetune.py:68] layer 23_up @ epoch 0 new loss 0.00028242755797691643 old loss 0.00028621198725886643 BETTER
I0328 04:36:57.685025 2162030 finetune.py:68] layer 22_up @ epoch 2 new loss 0.00025864201597869396 old loss 0.0002610196825116873 BETTER
I0328 04:37:17.662282 2161298 finetune.py:45] layer 21_gate initial loss 0.000321238418109715
I0328 04:37:22.725903 2160516 finetune.py:68] layer 20_gate @ epoch 0 new loss 0.00027330368175171316 old loss 0.0002752143773250282 BETTER
I0328 04:37:26.564928 2162831 finetune.py:68] layer 23_up @ epoch 1 new loss 0.0002797171473503113 old loss 0.00028242755797691643 BETTER
I0328 04:37:30.076249 2162030 finetune.py:68] layer 22_up @ epoch 3 new loss 0.00025657351943664253 old loss 0.00025864201597869396 BETTER
I0328 04:37:45.941507 2161298 finetune.py:68] layer 21_gate @ epoch 0 new loss 0.00031898371526040137 old loss 0.000321238418109715 BETTER
I0328 04:37:53.910709 2160516 finetune.py:68] layer 20_gate @ epoch 1 new loss 0.00027169205714017153 old loss 0.00027330368175171316 BETTER
I0328 04:37:57.994418 2162831 finetune.py:68] layer 23_up @ epoch 2 new loss 0.00027746710111387074 old loss 0.0002797171473503113 BETTER
I0328 04:38:02.330736 2162030 finetune.py:68] layer 22_up @ epoch 4 new loss 0.0002547089825384319 old loss 0.00025657351943664253 BETTER
I0328 04:38:15.308433 2161298 finetune.py:68] layer 21_gate @ epoch 1 new loss 0.0003170988638885319 old loss 0.00031898371526040137 BETTER
I0328 04:38:25.293916 2160516 finetune.py:68] layer 20_gate @ epoch 2 new loss 0.00027022752328775823 old loss 0.00027169205714017153 BETTER
I0328 04:38:29.592162 2162831 finetune.py:68] layer 23_up @ epoch 3 new loss 0.00027550815138965845 old loss 0.00027746710111387074 BETTER
I0328 04:38:34.229258 2162030 finetune.py:45] layer 22_gate initial loss 0.000329993519699201
I0328 04:38:45.039758 2161298 finetune.py:68] layer 21_gate @ epoch 2 new loss 0.0003153624420519918 old loss 0.0003170988638885319 BETTER
I0328 04:38:57.122670 2160516 finetune.py:68] layer 20_gate @ epoch 3 new loss 0.0002688882523216307 old loss 0.00027022752328775823 BETTER
I0328 04:39:01.643122 2162831 finetune.py:68] layer 23_up @ epoch 4 new loss 0.0002737653558142483 old loss 0.00027550815138965845 BETTER
I0328 04:39:03.337405 2162030 finetune.py:68] layer 22_gate @ epoch 0 new loss 0.0003279044176451862 old loss 0.000329993519699201 BETTER
I0328 04:39:14.732623 2161298 finetune.py:68] layer 21_gate @ epoch 3 new loss 0.0003137880121357739 old loss 0.0003153624420519918 BETTER
I0328 04:39:28.545508 2160516 finetune.py:68] layer 20_gate @ epoch 4 new loss 0.0002676482545211911 old loss 0.0002688882523216307 BETTER
I0328 04:39:33.163616 2162030 finetune.py:68] layer 22_gate @ epoch 1 new loss 0.00032613566145300865 old loss 0.0003279044176451862 BETTER
I0328 04:39:33.710390 2162831 finetune.py:45] layer 23_gate initial loss 0.0003583324432838708
I0328 04:39:44.487415 2161298 finetune.py:68] layer 21_gate @ epoch 4 new loss 0.0003123147180303931 old loss 0.0003137880121357739 BETTER
I0328 04:40:01.688982 2162831 finetune.py:68] layer 23_gate @ epoch 0 new loss 0.00035640475107356906 old loss 0.0003583324432838708 BETTER
I0328 04:40:02.968214 2162030 finetune.py:68] layer 22_gate @ epoch 2 new loss 0.0003245433035772294 old loss 0.00032613566145300865 BETTER
I0328 04:40:24.883771 2160516 finetune.py:45] layer 20_down initial loss 0.000467870180727914
I0328 04:40:31.255627 2162831 finetune.py:68] layer 23_gate @ epoch 1 new loss 0.0003548017411958426 old loss 0.00035640475107356906 BETTER
I0328 04:40:32.870657 2162030 finetune.py:68] layer 22_gate @ epoch 3 new loss 0.00032308007939718664 old loss 0.0003245433035772294 BETTER
I0328 04:40:41.854044 2161298 finetune.py:45] layer 21_down initial loss 0.0005459915846586227
I0328 04:40:52.239269 2160516 finetune.py:68] layer 20_down @ epoch 0 new loss 0.00046782230492681265 old loss 0.000467870180727914 BETTER
