  scaler = torch.cuda.amp.GradScaler(enabled=(orig_dtype==torch.float16))

I0328 18:54:04.391513 2316072 finetune.py:76] layer 29_v @ epoch 3 new loss 5.926271569478558e-06 old loss 5.259177669358905e-06 WORSE
I0328 18:54:05.424338 2316142 finetune.py:68] layer 30_v @ epoch 1 new loss 8.856211934471503e-06 old loss 9.026592124428134e-06 BETTER
I0328 18:54:28.187690 2316002 finetune.py:68] layer 28_q @ epoch 0 new loss 5.425068593467586e-06 old loss 5.582913217949681e-06 BETTER
I0328 18:54:30.350511 2316212 finetune.py:68] layer 31_v @ epoch 0 new loss 2.287187635374721e-05 old loss 2.654075615282636e-05 BETTER
I0328 18:54:38.610564 2316072 finetune.py:76] layer 29_v @ epoch 4 new loss 5.819391390105011e-06 old loss 5.259177669358905e-06 WORSE
I0328 18:54:40.293419 2316142 finetune.py:76] layer 30_v @ epoch 2 new loss 1.0238536560791545e-05 old loss 8.856211934471503e-06 WORSE
I0328 18:54:57.786685 2316072 finetune.py:45] layer 29_q initial loss 8.810058716335334e-06
I0328 18:55:04.519577 2316212 finetune.py:76] layer 31_v @ epoch 1 new loss 0.00016313607920892537 old loss 2.287187635374721e-05 WORSE
I0328 18:55:04.638355 2316002 finetune.py:68] layer 28_q @ epoch 1 new loss 5.308906565915095e-06 old loss 5.425068593467586e-06 BETTER
I0328 18:55:14.853501 2316142 finetune.py:76] layer 30_v @ epoch 3 new loss 1.115481154556619e-05 old loss 8.856211934471503e-06 WORSE
I0328 18:55:31.725919 2316072 finetune.py:68] layer 29_q @ epoch 0 new loss 8.133247320074588e-06 old loss 8.810058716335334e-06 BETTER
I0328 18:55:38.394699 2316212 finetune.py:76] layer 31_v @ epoch 2 new loss 4.2095845856238157e-05 old loss 2.287187635374721e-05 WORSE
I0328 18:55:41.327439 2316002 finetune.py:68] layer 28_q @ epoch 2 new loss 5.214273187448271e-06 old loss 5.308906565915095e-06 BETTER
I0328 18:55:49.442637 2316142 finetune.py:76] layer 30_v @ epoch 4 new loss 9.667172889749054e-06 old loss 8.856211934471503e-06 WORSE
I0328 18:56:06.100315 2316072 finetune.py:68] layer 29_q @ epoch 1 new loss 7.854005161789246e-06 old loss 8.133247320074588e-06 BETTER
I0328 18:56:08.701934 2316142 finetune.py:45] layer 30_q initial loss 1.1128142432426102e-05
I0328 18:56:12.223943 2316212 finetune.py:76] layer 31_v @ epoch 3 new loss 5.3281492000678554e-05 old loss 2.287187635374721e-05 WORSE
I0328 18:56:18.133962 2316002 finetune.py:68] layer 28_q @ epoch 3 new loss 5.134255843586288e-06 old loss 5.214273187448271e-06 BETTER
I0328 18:56:40.749977 2316072 finetune.py:68] layer 29_q @ epoch 2 new loss 7.835694304958452e-06 old loss 7.854005161789246e-06 BETTER
I0328 18:56:42.473739 2316142 finetune.py:68] layer 30_q @ epoch 0 new loss 1.0970390576403588e-05 old loss 1.1128142432426102e-05 BETTER
I0328 18:56:46.054559 2316212 finetune.py:76] layer 31_v @ epoch 4 new loss 3.901460149791092e-05 old loss 2.287187635374721e-05 WORSE
I0328 18:56:54.834602 2316002 finetune.py:76] layer 28_q @ epoch 4 new loss 5.25356790603837e-06 old loss 5.134255843586288e-06 WORSE
I0328 18:57:04.504384 2316212 finetune.py:45] layer 31_q initial loss 2.9469460059772246e-05
I0328 18:57:12.035502 2316002 finetune.py:45] layer 28_k initial loss 5.9410826906969305e-06
I0328 18:57:15.338093 2316072 finetune.py:68] layer 29_q @ epoch 3 new loss 7.511306193919154e-06 old loss 7.835694304958452e-06 BETTER
I0328 18:57:17.044512 2316142 finetune.py:68] layer 30_q @ epoch 1 new loss 1.0604663657431956e-05 old loss 1.0970390576403588e-05 BETTER
I0328 18:57:37.497263 2316212 finetune.py:76] layer 31_q @ epoch 0 new loss 3.590827327570878e-05 old loss 2.9469460059772246e-05 WORSE
I0328 18:57:47.224284 2316002 finetune.py:68] layer 28_k @ epoch 0 new loss 5.780956144008087e-06 old loss 5.9410826906969305e-06 BETTER
I0328 18:57:49.913667 2316072 finetune.py:76] layer 29_q @ epoch 4 new loss 7.5750881478597876e-06 old loss 7.511306193919154e-06 WORSE
I0328 18:57:51.650641 2316142 finetune.py:68] layer 30_q @ epoch 2 new loss 1.0476708666828927e-05 old loss 1.0604663657431956e-05 BETTER
I0328 18:58:07.647445 2316072 finetune.py:45] layer 29_k initial loss 8.551223800168373e-06
I0328 18:58:10.904334 2316212 finetune.py:76] layer 31_q @ epoch 1 new loss 3.423497037147172e-05 old loss 2.9469460059772246e-05 WORSE
I0328 18:58:23.522789 2316002 finetune.py:68] layer 28_k @ epoch 1 new loss 5.659941962221637e-06 old loss 5.780956144008087e-06 BETTER
I0328 18:58:26.291000 2316142 finetune.py:76] layer 30_q @ epoch 3 new loss 1.10480123112211e-05 old loss 1.0476708666828927e-05 WORSE
I0328 18:58:40.846827 2316072 finetune.py:68] layer 29_k @ epoch 0 new loss 8.496622285747435e-06 old loss 8.551223800168373e-06 BETTER
I0328 18:58:44.483182 2316212 finetune.py:68] layer 31_q @ epoch 2 new loss 2.4218994440161623e-05 old loss 2.9469460059772246e-05 BETTER
I0328 18:59:00.079267 2316002 finetune.py:68] layer 28_k @ epoch 2 new loss 5.659846920025302e-06 old loss 5.659941962221637e-06 BETTER
I0328 18:59:00.388826 2316142 finetune.py:76] layer 30_q @ epoch 4 new loss 1.1747202734113671e-05 old loss 1.0476708666828927e-05 WORSE
I0328 18:59:15.110677 2316072 finetune.py:68] layer 29_k @ epoch 1 new loss 8.037427505769301e-06 old loss 8.496622285747435e-06 BETTER
I0328 18:59:17.751781 2316142 finetune.py:45] layer 30_k initial loss 1.2222536497574765e-05
I0328 18:59:18.889827 2316212 finetune.py:76] layer 31_q @ epoch 3 new loss 2.4832977942423895e-05 old loss 2.4218994440161623e-05 WORSE
I0328 18:59:36.682211 2316002 finetune.py:68] layer 28_k @ epoch 3 new loss 5.564579169003991e-06 old loss 5.659846920025302e-06 BETTER
I0328 18:59:49.775161 2316072 finetune.py:68] layer 29_k @ epoch 2 new loss 8.02609974925872e-06 old loss 8.037427505769301e-06 BETTER
I0328 18:59:51.661289 2316142 finetune.py:68] layer 30_k @ epoch 0 new loss 1.2148884707130492e-05 old loss 1.2222536497574765e-05 BETTER
I0328 18:59:52.476324 2316212 finetune.py:68] layer 31_q @ epoch 4 new loss 2.2264419385464862e-05 old loss 2.4218994440161623e-05 BETTER
I0328 19:00:10.203058 2316212 finetune.py:45] layer 31_k initial loss 2.6307587177143432e-05
I0328 19:00:13.341752 2316002 finetune.py:76] layer 28_k @ epoch 4 new loss 5.631593012367375e-06 old loss 5.564579169003991e-06 WORSE
I0328 19:00:24.333157 2316072 finetune.py:68] layer 29_k @ epoch 3 new loss 7.896655006334186e-06 old loss 8.02609974925872e-06 BETTER
I0328 19:00:26.134436 2316142 finetune.py:76] layer 30_k @ epoch 1 new loss 1.3053509974270128e-05 old loss 1.2148884707130492e-05 WORSE
I0328 19:00:32.030501 2316002 finetune.py:45] layer 28_o initial loss 1.363360024697613e-05
I0328 19:00:43.040491 2316212 finetune.py:68] layer 31_k @ epoch 0 new loss 2.3764372599544004e-05 old loss 2.6307587177143432e-05 BETTER
I0328 19:00:58.845755 2316072 finetune.py:76] layer 29_k @ epoch 4 new loss 8.036851795623079e-06 old loss 7.896655006334186e-06 WORSE
I0328 19:01:00.028864 2316142 finetune.py:76] layer 30_k @ epoch 2 new loss 1.3122026757628191e-05 old loss 1.2148884707130492e-05 WORSE
I0328 19:01:06.782138 2316002 finetune.py:68] layer 28_o @ epoch 0 new loss 1.3238099199952558e-05 old loss 1.363360024697613e-05 BETTER
I0328 19:01:16.744813 2316212 finetune.py:76] layer 31_k @ epoch 1 new loss 2.5313245714642107e-05 old loss 2.3764372599544004e-05 WORSE
I0328 19:01:18.289840 2316072 finetune.py:45] layer 29_o initial loss 1.604495082574431e-05
I0328 19:01:33.790515 2316142 finetune.py:68] layer 30_k @ epoch 3 new loss 1.2036334737786092e-05 old loss 1.2148884707130492e-05 BETTER
I0328 19:01:42.755761 2316002 finetune.py:68] layer 28_o @ epoch 1 new loss 1.2887016055174172e-05 old loss 1.3238099199952558e-05 BETTER
I0328 19:01:49.842601 2316212 finetune.py:76] layer 31_k @ epoch 2 new loss 2.503544237697497e-05 old loss 2.3764372599544004e-05 WORSE
I0328 19:01:50.805360 2316072 finetune.py:68] layer 29_o @ epoch 0 new loss 1.557434552523773e-05 old loss 1.604495082574431e-05 BETTER
I0328 19:02:08.512730 2316142 finetune.py:76] layer 30_k @ epoch 4 new loss 1.2271679224795662e-05 old loss 1.2036334737786092e-05 WORSE
I0328 19:02:18.727012 2316002 finetune.py:68] layer 28_o @ epoch 2 new loss 1.274474197998643e-05 old loss 1.2887016055174172e-05 BETTER
I0328 19:02:23.049374 2316212 finetune.py:76] layer 31_k @ epoch 3 new loss 2.6773728677653708e-05 old loss 2.3764372599544004e-05 WORSE
I0328 19:02:24.277857 2316072 finetune.py:68] layer 29_o @ epoch 1 new loss 1.5270867152139544e-05 old loss 1.557434552523773e-05 BETTER
I0328 19:02:27.784547 2316142 finetune.py:45] layer 30_o initial loss 2.5411634851479903e-05
I0328 19:02:54.689337 2316002 finetune.py:68] layer 28_o @ epoch 3 new loss 1.2686776244663633e-05 old loss 1.274474197998643e-05 BETTER
I0328 19:02:56.361474 2316212 finetune.py:76] layer 31_k @ epoch 4 new loss 2.8706996090477332e-05 old loss 2.3764372599544004e-05 WORSE
I0328 19:02:57.928662 2316072 finetune.py:68] layer 29_o @ epoch 2 new loss 1.5092459761945065e-05 old loss 1.5270867152139544e-05 BETTER
I0328 19:03:00.635360 2316142 finetune.py:68] layer 30_o @ epoch 0 new loss 2.4418388420599513e-05 old loss 2.5411634851479903e-05 BETTER
I0328 19:03:15.221963 2316212 finetune.py:45] layer 31_o initial loss 5.156922998139635e-05
I0328 19:03:30.478867 2316002 finetune.py:68] layer 28_o @ epoch 4 new loss 1.2617740139830858e-05 old loss 1.2686776244663633e-05 BETTER
I0328 19:03:31.768436 2316072 finetune.py:68] layer 29_o @ epoch 3 new loss 1.5069392247823998e-05 old loss 1.5092459761945065e-05 BETTER
I0328 19:03:34.428047 2316142 finetune.py:68] layer 30_o @ epoch 1 new loss 2.3730217435513623e-05 old loss 2.4418388420599513e-05 BETTER
I0328 19:03:47.119923 2316212 finetune.py:68] layer 31_o @ epoch 0 new loss 4.519448702922091e-05 old loss 5.156922998139635e-05 BETTER
I0328 19:04:01.660330 2316002 finetune.py:45] layer 28_up initial loss 3.482322790659964e-05
I0328 19:04:05.688508 2316072 finetune.py:68] layer 29_o @ epoch 4 new loss 1.5007452020654455e-05 old loss 1.5069392247823998e-05 BETTER
I0328 19:04:08.533716 2316142 finetune.py:68] layer 30_o @ epoch 2 new loss 2.3547579985461198e-05 old loss 2.3730217435513623e-05 BETTER
I0328 19:04:20.218258 2316212 finetune.py:68] layer 31_o @ epoch 1 new loss 4.220824484946206e-05 old loss 4.519448702922091e-05 BETTER
I0328 19:04:33.671553 2316002 finetune.py:68] layer 28_up @ epoch 0 new loss 3.4188004065072164e-05 old loss 3.482322790659964e-05 BETTER
I0328 19:04:37.617944 2316072 finetune.py:45] layer 29_up initial loss 4.563093898468651e-05
I0328 19:04:42.530585 2316142 finetune.py:76] layer 30_o @ epoch 3 new loss 2.36139621847542e-05 old loss 2.3547579985461198e-05 WORSE
I0328 19:04:53.261344 2316212 finetune.py:68] layer 31_o @ epoch 2 new loss 4.196316876914352e-05 old loss 4.220824484946206e-05 BETTER
I0328 19:05:06.460003 2316002 finetune.py:68] layer 28_up @ epoch 1 new loss 3.359596666996367e-05 old loss 3.4188004065072164e-05 BETTER
I0328 19:05:07.960558 2316072 finetune.py:68] layer 29_up @ epoch 0 new loss 4.4292817619862035e-05 old loss 4.563093898468651e-05 BETTER
I0328 19:05:15.910495 2316142 finetune.py:68] layer 30_o @ epoch 4 new loss 2.3244159820023924e-05 old loss 2.3547579985461198e-05 BETTER
I0328 19:05:26.653780 2316212 finetune.py:76] layer 31_o @ epoch 3 new loss 4.208899918012321e-05 old loss 4.196316876914352e-05 WORSE
I0328 19:05:39.303526 2316072 finetune.py:68] layer 29_up @ epoch 1 new loss 4.3592575821094215e-05 old loss 4.4292817619862035e-05 BETTER
I0328 19:05:40.167900 2316002 finetune.py:68] layer 28_up @ epoch 2 new loss 3.3267227991018444e-05 old loss 3.359596666996367e-05 BETTER
I0328 19:05:47.341305 2316142 finetune.py:45] layer 30_up initial loss 8.366961992578581e-05
I0328 19:05:59.165009 2316212 finetune.py:68] layer 31_o @ epoch 4 new loss 4.1077993955696e-05 old loss 4.196316876914352e-05 BETTER
I0328 19:06:10.862224 2316072 finetune.py:68] layer 29_up @ epoch 2 new loss 4.307852213969454e-05 old loss 4.3592575821094215e-05 BETTER
I0328 19:06:13.458760 2316002 finetune.py:68] layer 28_up @ epoch 3 new loss 3.2982636184897274e-05 old loss 3.3267227991018444e-05 BETTER
I0328 19:06:17.897232 2316142 finetune.py:68] layer 30_up @ epoch 0 new loss 8.024444105103612e-05 old loss 8.366961992578581e-05 BETTER
I0328 19:06:30.186049 2316212 finetune.py:45] layer 31_up initial loss 0.0002454799832776189
I0328 19:06:42.579923 2316072 finetune.py:68] layer 29_up @ epoch 3 new loss 4.263856681063771e-05 old loss 4.307852213969454e-05 BETTER
I0328 19:06:46.986381 2316002 finetune.py:68] layer 28_up @ epoch 4 new loss 3.275213748565875e-05 old loss 3.2982636184897274e-05 BETTER
I0328 19:06:49.890385 2316142 finetune.py:68] layer 30_up @ epoch 1 new loss 7.811110117472708e-05 old loss 8.024444105103612e-05 BETTER
I0328 19:07:00.319766 2316212 finetune.py:68] layer 31_up @ epoch 0 new loss 0.0002233267150586471 old loss 0.0002454799832776189 BETTER
I0328 19:07:14.365074 2316072 finetune.py:68] layer 29_up @ epoch 4 new loss 4.229252226650715e-05 old loss 4.263856681063771e-05 BETTER
I0328 19:07:18.196451 2316002 finetune.py:45] layer 28_gate initial loss 4.3653944885591045e-05
I0328 19:07:21.980788 2316142 finetune.py:68] layer 30_up @ epoch 2 new loss 7.648460450582206e-05 old loss 7.811110117472708e-05 BETTER
I0328 19:07:31.356906 2316212 finetune.py:68] layer 31_up @ epoch 1 new loss 0.00020864793623331934 old loss 0.0002233267150586471 BETTER
I0328 19:07:45.826692 2316072 finetune.py:45] layer 29_gate initial loss 5.6821354519343004e-05
I0328 19:07:48.133510 2316002 finetune.py:68] layer 28_gate @ epoch 0 new loss 4.339113729656674e-05 old loss 4.3653944885591045e-05 BETTER
I0328 19:07:54.097717 2316142 finetune.py:68] layer 30_up @ epoch 3 new loss 7.518535858253017e-05 old loss 7.648460450582206e-05 BETTER
I0328 19:08:02.607481 2316212 finetune.py:68] layer 31_up @ epoch 2 new loss 0.00019838627486024052 old loss 0.00020864793623331934 BETTER
I0328 19:08:14.021592 2316072 finetune.py:68] layer 29_gate @ epoch 0 new loss 5.6452125136274844e-05 old loss 5.6821354519343004e-05 BETTER
I0328 19:08:19.182108 2316002 finetune.py:68] layer 28_gate @ epoch 1 new loss 4.3184380047023296e-05 old loss 4.339113729656674e-05 BETTER
I0328 19:08:26.349917 2316142 finetune.py:68] layer 30_up @ epoch 4 new loss 7.41446710890159e-05 old loss 7.518535858253017e-05 BETTER
I0328 19:08:33.898319 2316212 finetune.py:68] layer 31_up @ epoch 3 new loss 0.00018980898312292993 old loss 0.00019838627486024052 BETTER
I0328 19:08:43.390414 2316072 finetune.py:68] layer 29_gate @ epoch 1 new loss 5.617289571091533e-05 old loss 5.6452125136274844e-05 BETTER
I0328 19:08:50.496997 2316002 finetune.py:68] layer 28_gate @ epoch 2 new loss 4.301068838685751e-05 old loss 4.3184380047023296e-05 BETTER
I0328 19:08:57.922115 2316142 finetune.py:45] layer 30_gate initial loss 9.506223432254046e-05
I0328 19:09:05.106034 2316212 finetune.py:68] layer 31_up @ epoch 4 new loss 0.00018242547230329365 old loss 0.00018980898312292993 BETTER
I0328 19:09:12.702497 2316072 finetune.py:68] layer 29_gate @ epoch 2 new loss 5.596780465566553e-05 old loss 5.617289571091533e-05 BETTER
I0328 19:09:21.754472 2316002 finetune.py:68] layer 28_gate @ epoch 3 new loss 4.288070340408012e-05 old loss 4.301068838685751e-05 BETTER
I0328 19:09:26.440864 2316142 finetune.py:68] layer 30_gate @ epoch 0 new loss 9.395574306836352e-05 old loss 9.506223432254046e-05 BETTER
I0328 19:09:36.124347 2316212 finetune.py:45] layer 31_gate initial loss 0.00022149128199089319
I0328 19:09:42.081542 2316072 finetune.py:68] layer 29_gate @ epoch 3 new loss 5.576759940595366e-05 old loss 5.596780465566553e-05 BETTER
I0328 19:09:53.409108 2316002 finetune.py:68] layer 28_gate @ epoch 4 new loss 4.2761403165059164e-05 old loss 4.288070340408012e-05 BETTER
I0328 19:09:56.207223 2316142 finetune.py:68] layer 30_gate @ epoch 1 new loss 9.308325388701633e-05 old loss 9.395574306836352e-05 BETTER
I0328 19:10:04.384509 2316212 finetune.py:68] layer 31_gate @ epoch 0 new loss 0.0002154324174625799 old loss 0.00022149128199089319 BETTER
I0328 19:10:12.132731 2316072 finetune.py:68] layer 29_gate @ epoch 4 new loss 5.563649392570369e-05 old loss 5.576759940595366e-05 BETTER
I0328 19:10:25.933497 2316142 finetune.py:68] layer 30_gate @ epoch 2 new loss 9.24278429010883e-05 old loss 9.308325388701633e-05 BETTER
I0328 19:10:33.418115 2316212 finetune.py:68] layer 31_gate @ epoch 1 new loss 0.0002105419262079522 old loss 0.0002154324174625799 BETTER
I0328 19:10:48.307567 2316002 finetune.py:45] layer 28_down initial loss 7.199132232926786e-05
I0328 19:10:55.815367 2316142 finetune.py:68] layer 30_gate @ epoch 3 new loss 9.187289833789691e-05 old loss 9.24278429010883e-05 BETTER
I0328 19:11:02.528804 2316212 finetune.py:68] layer 31_gate @ epoch 2 new loss 0.00020665826741605997 old loss 0.0002105419262079522 BETTER
I0328 19:11:09.037141 2316072 finetune.py:45] layer 29_down initial loss 9.473817772231996e-05
I0328 19:11:15.533398 2316002 finetune.py:68] layer 28_down @ epoch 0 new loss 7.19897507224232e-05 old loss 7.199132232926786e-05 BETTER
I0328 19:11:25.680307 2316142 finetune.py:68] layer 30_gate @ epoch 4 new loss 9.14238189579919e-05 old loss 9.187289833789691e-05 BETTER
I0328 19:11:31.921084 2316212 finetune.py:68] layer 31_gate @ epoch 3 new loss 0.00020315898291300982 old loss 0.00020665826741605997 BETTER
I0328 19:11:35.117112 2316072 finetune.py:68] layer 29_down @ epoch 0 new loss 9.473288810113445e-05 old loss 9.473817772231996e-05 BETTER
I0328 19:11:44.231223 2316002 finetune.py:68] layer 28_down @ epoch 1 new loss 7.19888776075095e-05 old loss 7.19897507224232e-05 BETTER
I0328 19:12:01.235406 2316212 finetune.py:68] layer 31_gate @ epoch 4 new loss 0.00020023813704028726 old loss 0.00020315898291300982 BETTER
I0328 19:12:02.153040 2316072 finetune.py:68] layer 29_down @ epoch 1 new loss 9.472945384914055e-05 old loss 9.473288810113445e-05 BETTER
I0328 19:12:13.164587 2316002 finetune.py:68] layer 28_down @ epoch 2 new loss 7.198773528216407e-05 old loss 7.19888776075095e-05 BETTER
I0328 19:12:22.075701 2316142 finetune.py:45] layer 30_down initial loss 0.0001548157015349716
I0328 19:12:29.391794 2316072 finetune.py:68] layer 29_down @ epoch 2 new loss 9.472711099078879e-05 old loss 9.472945384914055e-05 BETTER
I0328 19:12:42.005926 2316002 finetune.py:68] layer 28_down @ epoch 3 new loss 7.198718230938539e-05 old loss 7.198773528216407e-05 BETTER
I0328 19:12:48.416130 2316142 finetune.py:68] layer 30_down @ epoch 0 new loss 0.00015480542788282037 old loss 0.0001548157015349716 BETTER
I0328 19:12:56.934931 2316072 finetune.py:68] layer 29_down @ epoch 3 new loss 9.472478996030986e-05 old loss 9.472711099078879e-05 BETTER
I0328 19:12:58.388627 2316212 finetune.py:45] layer 31_down initial loss 0.0003838716365862638
I0328 19:13:10.826911 2316002 finetune.py:68] layer 28_down @ epoch 4 new loss 7.198628736659884e-05 old loss 7.198718230938539e-05 BETTER
28_v proxy err 0.0012088031508028507 tr(WHW.T) 601.4844360351562
bpp_loss 4.88757175381761
28_q proxy err 0.00013131540617905557 tr(WHW.T) 23166.10546875
bpp_loss 5.152090815012343
28_k proxy err 5.789249189547263e-05 tr(WHW.T) 14993.859375
bpp_loss 6.006988259148784
28_o proxy err 0.0011300976620987058 tr(WHW.T) 2510.900146484375
bpp_loss 4.682962385355495
28_up proxy err 0.0013179205125197768 tr(WHW.T) 10244.0205078125
bpp_loss 4.643359864396708
28_gate proxy err 0.00038424358353950083 tr(WHW.T) 35919.97265625
bpp_loss 5.012030916820679
28_down proxy err 0.0014916477957740426 tr(WHW.T) 7215.20263671875
bpp_loss 4.627735926104443
I0328 19:13:15.947811 2316142 finetune.py:68] layer 30_down @ epoch 1 new loss 0.00015479701687581837 old loss 0.00015480542788282037 BETTER
I0328 19:13:24.261168 2316212 finetune.py:68] layer 31_down @ epoch 0 new loss 0.0003837903786916286 old loss 0.0003838716365862638 BETTER
I0328 19:13:24.713725 2316072 finetune.py:68] layer 29_down @ epoch 4 new loss 9.472363308304921e-05 old loss 9.472478996030986e-05 BETTER
29_v proxy err 0.0009208702831529081 tr(WHW.T) 850.4290161132812
bpp_loss 4.957597260130569
29_q proxy err 0.00015612294373568147 tr(WHW.T) 20653.353515625
bpp_loss 5.138714078639168
29_k proxy err 5.5284421250689775e-05 tr(WHW.T) 16364.873046875
bpp_loss 6.108843041001819
29_o proxy err 0.0007163842092268169 tr(WHW.T) 3100.552978515625
bpp_loss 4.7190966591006145
29_up proxy err 0.0010219335090368986 tr(WHW.T) 12872.537109375
bpp_loss 4.677246460957186
29_gate proxy err 0.0003495702112559229 tr(WHW.T) 38377.17578125
bpp_loss 5.00634259065347
29_down proxy err 0.0012283034157007933 tr(WHW.T) 7482.60400390625
bpp_loss 4.643092468979636
I0328 19:13:43.750057 2316142 finetune.py:68] layer 30_down @ epoch 2 new loss 0.00015479062858503312 old loss 0.00015479701687581837 BETTER
I0328 19:13:51.333905 2316212 finetune.py:68] layer 31_down @ epoch 1 new loss 0.00038373752613551915 old loss 0.0003837903786916286 BETTER
I0328 19:14:11.392706 2316142 finetune.py:68] layer 30_down @ epoch 3 new loss 0.00015478571003768593 old loss 0.00015479062858503312 BETTER
I0328 19:14:18.468778 2316212 finetune.py:68] layer 31_down @ epoch 2 new loss 0.00038369299727492034 old loss 0.00038373752613551915 BETTER
I0328 19:14:39.341501 2316142 finetune.py:68] layer 30_down @ epoch 4 new loss 0.00015478114073630422 old loss 0.00015478571003768593 BETTER
30_v proxy err 0.0008275468135252595 tr(WHW.T) 863.060791015625
bpp_loss 5.261278082034551
30_q proxy err 0.00012131590483477339 tr(WHW.T) 24052.998046875
bpp_loss 5.0438345884904265
30_k proxy err 6.35827163932845e-05 tr(WHW.T) 14030.494140625
bpp_loss 5.732648036675528
30_o proxy err 0.0005071835475973785 tr(WHW.T) 4869.0654296875
bpp_loss 4.8081450772006065
30_up proxy err 0.0006019733264110982 tr(WHW.T) 21706.5546875
bpp_loss 4.710532745346427
30_gate proxy err 0.00025698755052872 tr(WHW.T) 51924.89453125
bpp_loss 5.06409994153572
30_down proxy err 0.0007156342035159469 tr(WHW.T) 8814.6220703125
bpp_loss 4.644474339505125
I0328 19:14:45.579162 2316212 finetune.py:68] layer 31_down @ epoch 3 new loss 0.0003836559480987489 old loss 0.00038369299727492034 BETTER
I0328 19:15:12.652158 2316212 finetune.py:68] layer 31_down @ epoch 4 new loss 0.0003836267860606313 old loss 0.0003836559480987489 BETTER
31_v proxy err 0.0004224778967909515 tr(WHW.T) 1808.723876953125
bpp_loss 5.0658157635480165
31_q proxy err 6.777049566153437e-05 tr(WHW.T) 46175.4453125
bpp_loss 5.205497501301579
31_k proxy err 4.276722756912932e-05 tr(WHW.T) 20469.5
bpp_loss 5.993151358678006
31_o proxy err 0.0004301424487493932 tr(WHW.T) 2212.80322265625
bpp_loss 4.77308985311538
31_up proxy err 0.000182568168384023 tr(WHW.T) 69011.390625
bpp_loss 4.914421290957502
31_gate proxy err 8.92236057552509e-05 tr(WHW.T) 144254.640625
bpp_loss 5.29894790106586
31_down proxy err 0.0002882207336369902 tr(WHW.T) 9967.6865234375
bpp_loss 4.673216653322535
I0328 19:15:38.568950 2316282 utils.py:146] Note: detected 128 virtual cores but NumExpr set to maximum of 64, check "NUMEXPR_MAX_THREADS" environment variable.
I0328 19:15:38.569080 2316282 utils.py:149] Note: NumExpr detected 128 cores but "NUMEXPR_MAX_THREADS" not set, so enforcing safe limit of 16.
I0328 19:15:38.569128 2316282 utils.py:162] NumExpr defaulting to 16 threads.
I0328 19:15:38.902245 2316282 config.py:54] PyTorch version 2.6.0 available.
W0328 19:15:39.122732 2316282 warnings.py:109] /opt/conda/lib/python3.10/site-packages/torchvision/io/image.py:13: UserWarning: Failed to load image Python extension: '/opt/conda/lib/python3.10/site-packages/torchvision/image.so: undefined symbol: _ZN3c1017RegisterOperatorsD1Ev'If you don't plan on using image functionality from `torchvision.io`, you can ignore this warning. Otherwise, there might be something wrong with your environment. Did you have `libjpeg` or `libpng` installed before building `torchvision` from source?
  warn(

I0328 19:15:39.236256 2316282 hfize_llama.py:27] LlamaConfig {
  "_attn_implementation_autoset": true,
  "_name_or_path": "../Wparam_dataset/hf_model/meta-llama--Meta-Llama-3-8B",
  "architectures": [
    "LlamaForCausalLM"
  ],
  "attention_bias": false,
  "attention_dropout": 0.0,
  "bos_token_id": 128000,
  "eos_token_id": 128001,
  "head_dim": 128,
  "hidden_act": "silu",
  "hidden_size": 4096,
  "initializer_range": 0.02,
  "intermediate_size": 14336,
  "max_position_embeddings": 8192,
  "mlp_bias": false,
  "model_type": "llama",
  "num_attention_heads": 32,
  "num_hidden_layers": 32,
  "num_key_value_heads": 8,
  "pretraining_tp": 1,
  "quip_params": {},
  "rms_norm_eps": 1e-05,
  "rope_scaling": null,
  "rope_theta": 500000.0,
  "tie_word_embeddings": false,
  "torch_dtype": "float32",
  "transformers_version": "4.47.1",
  "use_cache": true,
  "vocab_size": 128256
}

Loading checkpoint shards:   0%|          | 0/7 [00:00<?, ?it/s]Loading checkpoint shards:  14%|█▍        | 1/7 [00:00<00:00,  8.01it/s]Loading checkpoint shards:  29%|██▊       | 2/7 [00:00<00:00,  8.54it/s]Loading checkpoint shards:  43%|████▎     | 3/7 [00:00<00:00,  8.48it/s]Loading checkpoint shards:  57%|█████▋    | 4/7 [00:00<00:00,  7.86it/s]Loading checkpoint shards:  71%|███████▏  | 5/7 [00:00<00:00,  8.12it/s]Loading checkpoint shards:  86%|████████▌ | 6/7 [00:00<00:00,  8.40it/s]Loading checkpoint shards: 100%|██████████| 7/7 [00:00<00:00,  8.76it/s]Loading checkpoint shards: 100%|██████████| 7/7 [00:00<00:00,  8.45it/s]
Loading checkpoint shards:   0%|          | 0/7 [00:00<?, ?it/s]Loading checkpoint shards:  14%|█▍        | 1/7 [00:00<00:00,  7.36it/s]Loading checkpoint shards:  29%|██▊       | 2/7 [00:00<00:00,  7.70it/s]Loading checkpoint shards:  43%|████▎     | 3/7 [00:00<00:00,  8.14it/s]Loading checkpoint shards:  57%|█████▋    | 4/7 [00:00<00:00,  8.43it/s]Loading checkpoint shards:  71%|███████▏  | 5/7 [00:00<00:00,  8.58it/s]Loading checkpoint shards:  86%|████████▌ | 6/7 [00:00<00:00,  8.47it/s]Loading checkpoint shards: 100%|██████████| 7/7 [00:00<00:00,  8.57it/s]Loading checkpoint shards: 100%|██████████| 7/7 [00:00<00:00,  8.37it/s]
I0328 19:15:42.350000 2316282 hfize_llama.py:153] loaded layer 0
I0328 19:15:43.016907 2316282 hfize_llama.py:153] loaded layer 1
I0328 19:15:43.785933 2316282 hfize_llama.py:153] loaded layer 2
I0328 19:15:44.478893 2316282 hfize_llama.py:153] loaded layer 3
I0328 19:15:45.151031 2316282 hfize_llama.py:153] loaded layer 4
I0328 19:15:45.848884 2316282 hfize_llama.py:153] loaded layer 5
I0328 19:15:46.429239 2316282 hfize_llama.py:153] loaded layer 6
I0328 19:15:47.142859 2316282 hfize_llama.py:153] loaded layer 7
I0328 19:15:47.824786 2316282 hfize_llama.py:153] loaded layer 8
I0328 19:15:48.511872 2316282 hfize_llama.py:153] loaded layer 9
I0328 19:15:49.224193 2316282 hfize_llama.py:153] loaded layer 10
I0328 19:15:49.906367 2316282 hfize_llama.py:153] loaded layer 11
I0328 19:15:50.669951 2316282 hfize_llama.py:153] loaded layer 12
I0328 19:15:51.384142 2316282 hfize_llama.py:153] loaded layer 13
I0328 19:15:52.095482 2316282 hfize_llama.py:153] loaded layer 14
I0328 19:15:52.752274 2316282 hfize_llama.py:153] loaded layer 15
I0328 19:15:53.441719 2316282 hfize_llama.py:153] loaded layer 16
I0328 19:15:54.105064 2316282 hfize_llama.py:153] loaded layer 17
I0328 19:15:54.744489 2316282 hfize_llama.py:153] loaded layer 18
I0328 19:15:55.458055 2316282 hfize_llama.py:153] loaded layer 19
I0328 19:15:56.114569 2316282 hfize_llama.py:153] loaded layer 20
I0328 19:15:56.814092 2316282 hfize_llama.py:153] loaded layer 21
I0328 19:15:57.434622 2316282 hfize_llama.py:153] loaded layer 22
I0328 19:15:58.059551 2316282 hfize_llama.py:153] loaded layer 23
I0328 19:15:58.707257 2316282 hfize_llama.py:153] loaded layer 24
I0328 19:15:59.323512 2316282 hfize_llama.py:153] loaded layer 25
I0328 19:15:59.952429 2316282 hfize_llama.py:153] loaded layer 26
I0328 19:16:00.620300 2316282 hfize_llama.py:153] loaded layer 27
I0328 19:16:01.333940 2316282 hfize_llama.py:153] loaded layer 28
I0328 19:16:02.008996 2316282 hfize_llama.py:153] loaded layer 29
I0328 19:16:02.639338 2316282 hfize_llama.py:153] loaded layer 30
I0328 19:16:03.276109 2316282 hfize_llama.py:153] loaded layer 31
I0328 19:16:03.276253 2316282 hfize_llama.py:157] saving model...
Loading checkpoint shards:   0%|          | 0/7 [00:00<?, ?it/s]Loading checkpoint shards:  14%|█▍        | 1/7 [00:01<00:10,  1.76s/it]Loading checkpoint shards:  29%|██▊       | 2/7 [00:03<00:08,  1.64s/it]Loading checkpoint shards:  43%|████▎     | 3/7 [00:04<00:06,  1.65s/it]Loading checkpoint shards:  57%|█████▋    | 4/7 [00:06<00:04,  1.60s/it]Loading checkpoint shards:  71%|███████▏  | 5/7 [00:08<00:03,  1.59s/it]Loading checkpoint shards:  86%|████████▌ | 6/7 [00:09<00:01,  1.57s/it]Loading checkpoint shards: 100%|██████████| 7/7 [00:10<00:00,  1.33s/it]Loading checkpoint shards: 100%|██████████| 7/7 [00:10<00:00,  1.49s/it]
I0328 19:17:08.925139 2316282 hfize_llama.py:167] successfully loaded hfized model
I0328 19:17:14.090411 2316500 utils.py:146] Note: detected 128 virtual cores but NumExpr set to maximum of 64, check "NUMEXPR_MAX_THREADS" environment variable.
I0328 19:17:14.090538 2316500 utils.py:149] Note: NumExpr detected 128 cores but "NUMEXPR_MAX_THREADS" not set, so enforcing safe limit of 16.
I0328 19:17:14.090582 2316500 utils.py:162] NumExpr defaulting to 16 threads.
W0328 19:17:14.446673 2316500 warnings.py:109] /opt/conda/lib/python3.10/site-packages/torchvision/io/image.py:13: UserWarning: Failed to load image Python extension: '/opt/conda/lib/python3.10/site-packages/torchvision/image.so: undefined symbol: _ZN3c1017RegisterOperatorsD1Ev'If you don't plan on using image functionality from `torchvision.io`, you can ignore this warning. Otherwise, there might be something wrong with your environment. Did you have `libjpeg` or `libpng` installed before building `torchvision` from source?
  warn(

I0328 19:17:14.848250 2316500 modeling.py:990] We will use 90% of the memory on device 0 for storing the model, and 10% for the buffer to avoid OOM. You can set `max_memory` in to a higher value to use more memory (at your own risk).
Loading checkpoint shards:   0%|          | 0/7 [00:00<?, ?it/s]Loading checkpoint shards:  14%|█▍        | 1/7 [00:01<00:09,  1.59s/it]Loading checkpoint shards:  29%|██▊       | 2/7 [00:03<00:08,  1.63s/it]Loading checkpoint shards:  43%|████▎     | 3/7 [00:05<00:06,  1.68s/it]Loading checkpoint shards:  57%|█████▋    | 4/7 [00:06<00:05,  1.71s/it]Loading checkpoint shards:  71%|███████▏  | 5/7 [00:08<00:03,  1.69s/it]Loading checkpoint shards:  86%|████████▌ | 6/7 [00:10<00:01,  1.72s/it]Loading checkpoint shards: 100%|██████████| 7/7 [00:11<00:00,  1.45s/it]Loading checkpoint shards: 100%|██████████| 7/7 [00:11<00:00,  1.58s/it]
I0328 19:17:26.021799 2316500 config.py:54] PyTorch version 2.6.0 available.
