I0327 21:53:52.559891 2042240 finetune.py:68] layer 9_down @ epoch 0 new loss 0.0003038497525267303 old loss 0.0003038927970919758 BETTER
I0327 21:54:04.260695 2042380 finetune.py:68] layer 11_gate @ epoch 3 new loss 0.00023447975399903953 old loss 0.00023556205269414932 BETTER
I0327 21:54:07.047883 2042170 finetune.py:68] layer 8_down @ epoch 1 new loss 0.0002825057599693537 old loss 0.0002825470583047718 BETTER
I0327 21:54:20.057991 2042240 finetune.py:68] layer 9_down @ epoch 1 new loss 0.0003038105496671051 old loss 0.0003038497525267303 BETTER
I0327 21:54:33.655849 2042380 finetune.py:68] layer 11_gate @ epoch 4 new loss 0.00023346900707110763 old loss 0.00023447975399903953 BETTER
I0327 21:54:36.156217 2042170 finetune.py:68] layer 8_down @ epoch 2 new loss 0.0002824676630552858 old loss 0.0002825057599693537 BETTER
I0327 21:54:42.007026 2042310 finetune.py:45] layer 10_down initial loss 0.000329932983731851
I0327 21:54:47.867537 2042240 finetune.py:68] layer 9_down @ epoch 2 new loss 0.00030377585790120065 old loss 0.0003038105496671051 BETTER
I0327 21:55:05.626136 2042170 finetune.py:68] layer 8_down @ epoch 3 new loss 0.00028242976986803114 old loss 0.0002824676630552858 BETTER
I0327 21:55:08.424934 2042310 finetune.py:68] layer 10_down @ epoch 0 new loss 0.0003298729716334492 old loss 0.000329932983731851 BETTER
I0327 21:55:15.532880 2042240 finetune.py:68] layer 9_down @ epoch 3 new loss 0.0003037411079276353 old loss 0.00030377585790120065 BETTER
I0327 21:55:30.331974 2042380 finetune.py:45] layer 11_down initial loss 0.00034226433490402997
I0327 21:55:35.052390 2042170 finetune.py:68] layer 8_down @ epoch 4 new loss 0.00028239621315151453 old loss 0.00028242976986803114 BETTER
I0327 21:55:36.117584 2042310 finetune.py:68] layer 10_down @ epoch 1 new loss 0.0003298184019513428 old loss 0.0003298729716334492 BETTER
8_v proxy err 0.07198154926300049 tr(WHW.T) 257.7052307128906
bpp_loss 1.83815965015674
8_q proxy err 0.0033292199950665236 tr(WHW.T) 26614.96484375
bpp_loss 2.6400912986136973
8_k proxy err 0.0011399908689782023 tr(WHW.T) 22464.998046875
bpp_loss 3.479199845169205
8_o proxy err 0.06830868870019913 tr(WHW.T) 758.013916015625
bpp_loss 1.962380472192308
8_up proxy err 0.04695567116141319 tr(WHW.T) 8488.458984375
bpp_loss 2.0765411686484834
8_gate proxy err 0.011477859690785408 tr(WHW.T) 37117.01171875
bpp_loss 2.372256140823343
8_down proxy err 0.05942266061902046 tr(WHW.T) 6556.5263671875
bpp_loss 2.0827478821322853
I0327 21:55:44.271612 2042240 finetune.py:68] layer 9_down @ epoch 4 new loss 0.0003037095011677593 old loss 0.0003037411079276353 BETTER
9_v proxy err 0.05468771234154701 tr(WHW.T) 351.4288024902344
bpp_loss 1.9364420414785855
9_q proxy err 0.0034898039884865284 tr(WHW.T) 25670.4375
bpp_loss 2.6514547816477716
9_k proxy err 0.0012417597463354468 tr(WHW.T) 20907.126953125
bpp_loss 3.49861321906792
9_o proxy err 0.06174987554550171 tr(WHW.T) 788.240966796875
bpp_loss 2.0121800095948856
9_up proxy err 0.04448755085468292 tr(WHW.T) 8960.8525390625
bpp_loss 2.085572632827929
9_gate proxy err 0.010865533724427223 tr(WHW.T) 39260.12890625
bpp_loss 2.3846709901200875
9_down proxy err 0.058849554508924484 tr(WHW.T) 6344.951171875
bpp_loss 2.0838818595678146
I0327 21:55:57.034988 2042380 finetune.py:68] layer 11_down @ epoch 0 new loss 0.0003422002773731947 old loss 0.00034226433490402997 BETTER
I0327 21:56:04.463621 2042310 finetune.py:68] layer 10_down @ epoch 2 new loss 0.0003297649382147938 old loss 0.0003298184019513428 BETTER
I0327 21:56:23.911758 2042380 finetune.py:68] layer 11_down @ epoch 1 new loss 0.00034214535844512284 old loss 0.0003422002773731947 BETTER
I0327 21:56:32.263040 2042310 finetune.py:68] layer 10_down @ epoch 3 new loss 0.0003297148796264082 old loss 0.0003297649382147938 BETTER
I0327 21:56:51.018179 2042380 finetune.py:68] layer 11_down @ epoch 2 new loss 0.00034209329169243574 old loss 0.00034214535844512284 BETTER
I0327 21:56:55.116995 2041475 quantize_finetune_llama.py:240] computed original embedding for layer 12 in 66.15626692771912s
I0327 21:56:59.054676 2042450 utils.py:146] Note: detected 128 virtual cores but NumExpr set to maximum of 64, check "NUMEXPR_MAX_THREADS" environment variable.
I0327 21:56:59.054777 2042450 utils.py:149] Note: NumExpr detected 128 cores but "NUMEXPR_MAX_THREADS" not set, so enforcing safe limit of 16.
I0327 21:56:59.054820 2042450 utils.py:162] NumExpr defaulting to 16 threads.
I0327 21:56:59.424225 2042450 config.py:54] PyTorch version 2.6.0 available.
W0327 21:56:59.638930 2042450 warnings.py:109] /opt/conda/lib/python3.10/site-packages/torchvision/io/image.py:13: UserWarning: Failed to load image Python extension: '/opt/conda/lib/python3.10/site-packages/torchvision/image.so: undefined symbol: _ZN3c1017RegisterOperatorsD1Ev'If you don't plan on using image functionality from `torchvision.io`, you can ignore this warning. Otherwise, there might be something wrong with your environment. Did you have `libjpeg` or `libpng` installed before building `torchvision` from source?
  warn(

I0327 21:57:00.109418 2042310 finetune.py:68] layer 10_down @ epoch 4 new loss 0.00032966950675472617 old loss 0.0003297148796264082 BETTER
W0327 21:57:00.214836 2042450 warnings.py:109] /opt/conda/lib/python3.10/site-packages/compressai/models/video/google.py:353: FutureWarning: `torch.cuda.amp.autocast(args...)` is deprecated. Please use `torch.amp.autocast('cuda', args...)` instead.
  @amp.autocast(enabled=False)

I0327 21:57:00.218509 2041475 quantize_finetune_llama.py:209] layer 13 gpu 1
I0327 21:57:00.232296 2042450 data_utils.py:336] using 256 training seqs, 128 validation seqs
10_v proxy err 0.07050593942403793 tr(WHW.T) 251.83889770507812
bpp_loss 1.828864999464713
10_q proxy err 0.0036366144195199013 tr(WHW.T) 23361.681640625
bpp_loss 2.6477383709861897
10_k proxy err 0.001249989029020071 tr(WHW.T) 19707.296875
bpp_loss 3.496045660634991
10_o proxy err 0.07392692565917969 tr(WHW.T) 692.8115234375
bpp_loss 1.9533408947463613
10_up proxy err 0.04395424574613571 tr(WHW.T) 9191.57421875
bpp_loss 2.1024907462831055
10_gate proxy err 0.011458826251327991 tr(WHW.T) 37321.96875
bpp_loss 2.356860831413152
10_down proxy err 0.05727796629071236 tr(WHW.T) 6597.97021484375
bpp_loss 2.100124954711646
The attention layers in this model are transitioning from computing the RoPE embeddings internally through `position_ids` (2D tensor with the indexes of the tokens), to using externally computed `position_embeddings` (Tuple of tensors, containing cos and sin). In v4.46 `position_ids` will be removed and `position_embeddings` will be mandatory.
I0327 21:57:16.859096 2042450 finetune.py:45] layer 12_v initial loss 6.93553447490558e-05
W0327 21:57:16.859284 2042450 warnings.py:109] /workspace/Weight_compression/comp_lm_qtip/lib/algo/finetune.py:46: FutureWarning: `torch.cuda.amp.GradScaler(args...)` is deprecated. Please use `torch.amp.GradScaler('cuda', args...)` instead.
  scaler = torch.cuda.amp.GradScaler(enabled=(orig_dtype==torch.float16))

I0327 21:57:18.295271 2042380 finetune.py:68] layer 11_down @ epoch 3 new loss 0.0003420399152673781 old loss 0.00034209329169243574 BETTER
I0327 21:57:45.587231 2042380 finetune.py:68] layer 11_down @ epoch 4 new loss 0.00034199198125861585 old loss 0.0003420399152673781 BETTER
11_v proxy err 0.058285560458898544 tr(WHW.T) 319.5691223144531
bpp_loss 1.8361409261706285
11_q proxy err 0.003982704132795334 tr(WHW.T) 22213.310546875
bpp_loss 2.5963552290340886
11_k proxy err 0.001442221226170659 tr(WHW.T) 17963.31640625
bpp_loss 3.4971385475364514
11_o proxy err 0.07529550045728683 tr(WHW.T) 577.8248901367188
bpp_loss 1.973350131913321
11_up proxy err 0.043081555515527725 tr(WHW.T) 9184.0625
bpp_loss 2.106353269324505
11_gate proxy err 0.011379382573068142 tr(WHW.T) 36612.99609375
bpp_loss 2.335880500164681
11_down proxy err 0.054838355630636215 tr(WHW.T) 6732.4580078125
bpp_loss 2.107144984707702
I0327 21:57:52.057964 2042450 finetune.py:68] layer 12_v @ epoch 0 new loss 5.257272641756572e-05 old loss 6.93553447490558e-05 BETTER
I0327 21:58:07.272484 2041475 quantize_finetune_llama.py:240] computed original embedding for layer 13 in 62.902228116989136s
I0327 21:58:10.818171 2042520 utils.py:146] Note: detected 128 virtual cores but NumExpr set to maximum of 64, check "NUMEXPR_MAX_THREADS" environment variable.
I0327 21:58:10.818269 2042520 utils.py:149] Note: NumExpr detected 128 cores but "NUMEXPR_MAX_THREADS" not set, so enforcing safe limit of 16.
I0327 21:58:10.818312 2042520 utils.py:162] NumExpr defaulting to 16 threads.
I0327 21:58:11.140040 2042520 config.py:54] PyTorch version 2.6.0 available.
W0327 21:58:11.334086 2042520 warnings.py:109] /opt/conda/lib/python3.10/site-packages/torchvision/io/image.py:13: UserWarning: Failed to load image Python extension: '/opt/conda/lib/python3.10/site-packages/torchvision/image.so: undefined symbol: _ZN3c1017RegisterOperatorsD1Ev'If you don't plan on using image functionality from `torchvision.io`, you can ignore this warning. Otherwise, there might be something wrong with your environment. Did you have `libjpeg` or `libpng` installed before building `torchvision` from source?
  warn(

W0327 21:58:11.892634 2042520 warnings.py:109] /opt/conda/lib/python3.10/site-packages/compressai/models/video/google.py:353: FutureWarning: `torch.cuda.amp.autocast(args...)` is deprecated. Please use `torch.amp.autocast('cuda', args...)` instead.
  @amp.autocast(enabled=False)

I0327 21:58:11.896532 2041475 quantize_finetune_llama.py:209] layer 14 gpu 2
I0327 21:58:11.911826 2042520 data_utils.py:336] using 256 training seqs, 128 validation seqs
The attention layers in this model are transitioning from computing the RoPE embeddings internally through `position_ids` (2D tensor with the indexes of the tokens), to using externally computed `position_embeddings` (Tuple of tensors, containing cos and sin). In v4.46 `position_ids` will be removed and `position_embeddings` will be mandatory.
I0327 21:58:28.181899 2042520 finetune.py:45] layer 13_v initial loss 7.346586062340066e-05
W0327 21:58:28.182109 2042520 warnings.py:109] /workspace/Weight_compression/comp_lm_qtip/lib/algo/finetune.py:46: FutureWarning: `torch.cuda.amp.GradScaler(args...)` is deprecated. Please use `torch.amp.GradScaler('cuda', args...)` instead.
  scaler = torch.cuda.amp.GradScaler(enabled=(orig_dtype==torch.float16))

I0327 21:58:28.772826 2042450 finetune.py:68] layer 12_v @ epoch 1 new loss 4.994813207304105e-05 old loss 5.257272641756572e-05 BETTER
I0327 21:59:01.424992 2042520 finetune.py:68] layer 13_v @ epoch 0 new loss 5.6135722843464464e-05 old loss 7.346586062340066e-05 BETTER
I0327 21:59:05.899319 2042450 finetune.py:68] layer 12_v @ epoch 2 new loss 4.834949140786193e-05 old loss 4.994813207304105e-05 BETTER
I0327 21:59:15.473486 2041475 quantize_finetune_llama.py:240] computed original embedding for layer 14 in 63.12133765220642s
I0327 21:59:19.251806 2042590 utils.py:146] Note: detected 128 virtual cores but NumExpr set to maximum of 64, check "NUMEXPR_MAX_THREADS" environment variable.
I0327 21:59:19.251914 2042590 utils.py:149] Note: NumExpr detected 128 cores but "NUMEXPR_MAX_THREADS" not set, so enforcing safe limit of 16.
I0327 21:59:19.251952 2042590 utils.py:162] NumExpr defaulting to 16 threads.
I0327 21:59:19.643440 2042590 config.py:54] PyTorch version 2.6.0 available.
W0327 21:59:19.861134 2042590 warnings.py:109] /opt/conda/lib/python3.10/site-packages/torchvision/io/image.py:13: UserWarning: Failed to load image Python extension: '/opt/conda/lib/python3.10/site-packages/torchvision/image.so: undefined symbol: _ZN3c1017RegisterOperatorsD1Ev'If you don't plan on using image functionality from `torchvision.io`, you can ignore this warning. Otherwise, there might be something wrong with your environment. Did you have `libjpeg` or `libpng` installed before building `torchvision` from source?
  warn(

W0327 21:59:20.495875 2042590 warnings.py:109] /opt/conda/lib/python3.10/site-packages/compressai/models/video/google.py:353: FutureWarning: `torch.cuda.amp.autocast(args...)` is deprecated. Please use `torch.amp.autocast('cuda', args...)` instead.
  @amp.autocast(enabled=False)

I0327 21:59:20.499702 2041475 quantize_finetune_llama.py:209] layer 15 gpu 3
I0327 21:59:20.515025 2042590 data_utils.py:336] using 256 training seqs, 128 validation seqs
The attention layers in this model are transitioning from computing the RoPE embeddings internally through `position_ids` (2D tensor with the indexes of the tokens), to using externally computed `position_embeddings` (Tuple of tensors, containing cos and sin). In v4.46 `position_ids` will be removed and `position_embeddings` will be mandatory.
I0327 21:59:36.085579 2042520 finetune.py:68] layer 13_v @ epoch 1 new loss 5.3387193474918604e-05 old loss 5.6135722843464464e-05 BETTER
I0327 21:59:37.220328 2042590 finetune.py:45] layer 14_v initial loss 7.66185112297535e-05
W0327 21:59:37.220529 2042590 warnings.py:109] /workspace/Weight_compression/comp_lm_qtip/lib/algo/finetune.py:46: FutureWarning: `torch.cuda.amp.GradScaler(args...)` is deprecated. Please use `torch.amp.GradScaler('cuda', args...)` instead.
  scaler = torch.cuda.amp.GradScaler(enabled=(orig_dtype==torch.float16))

I0327 21:59:42.830997 2042450 finetune.py:68] layer 12_v @ epoch 3 new loss 4.715352042694576e-05 old loss 4.834949140786193e-05 BETTER
I0327 22:00:10.771680 2042590 finetune.py:68] layer 14_v @ epoch 0 new loss 6.032992314430885e-05 old loss 7.66185112297535e-05 BETTER
I0327 22:00:10.955832 2042520 finetune.py:68] layer 13_v @ epoch 2 new loss 5.18359083798714e-05 old loss 5.3387193474918604e-05 BETTER
I0327 22:00:19.866533 2042450 finetune.py:68] layer 12_v @ epoch 4 new loss 4.623959102900699e-05 old loss 4.715352042694576e-05 BETTER
I0327 22:00:23.225033 2041475 quantize_finetune_llama.py:240] computed original embedding for layer 15 in 62.22059226036072s
I0327 22:00:26.878507 2042660 utils.py:146] Note: detected 128 virtual cores but NumExpr set to maximum of 64, check "NUMEXPR_MAX_THREADS" environment variable.
I0327 22:00:26.878607 2042660 utils.py:149] Note: NumExpr detected 128 cores but "NUMEXPR_MAX_THREADS" not set, so enforcing safe limit of 16.
I0327 22:00:26.878646 2042660 utils.py:162] NumExpr defaulting to 16 threads.
I0327 22:00:27.210432 2042660 config.py:54] PyTorch version 2.6.0 available.
W0327 22:00:27.405785 2042660 warnings.py:109] /opt/conda/lib/python3.10/site-packages/torchvision/io/image.py:13: UserWarning: Failed to load image Python extension: '/opt/conda/lib/python3.10/site-packages/torchvision/image.so: undefined symbol: _ZN3c1017RegisterOperatorsD1Ev'If you don't plan on using image functionality from `torchvision.io`, you can ignore this warning. Otherwise, there might be something wrong with your environment. Did you have `libjpeg` or `libpng` installed before building `torchvision` from source?
  warn(

W0327 22:00:28.001413 2042660 warnings.py:109] /opt/conda/lib/python3.10/site-packages/compressai/models/video/google.py:353: FutureWarning: `torch.cuda.amp.autocast(args...)` is deprecated. Please use `torch.amp.autocast('cuda', args...)` instead.
  @amp.autocast(enabled=False)

I0327 22:00:28.005221 2041475 quantize_finetune_llama.py:209] layer 16 gpu 0
I0327 22:00:28.039536 2042660 data_utils.py:336] using 256 training seqs, 128 validation seqs
I0327 22:00:38.940280 2042450 finetune.py:45] layer 12_q initial loss 5.551101276068948e-05
The attention layers in this model are transitioning from computing the RoPE embeddings internally through `position_ids` (2D tensor with the indexes of the tokens), to using externally computed `position_embeddings` (Tuple of tensors, containing cos and sin). In v4.46 `position_ids` will be removed and `position_embeddings` will be mandatory.
I0327 22:00:44.655991 2042660 finetune.py:45] layer 15_v initial loss 0.00010028314864030108
W0327 22:00:44.656218 2042660 warnings.py:109] /workspace/Weight_compression/comp_lm_qtip/lib/algo/finetune.py:46: FutureWarning: `torch.cuda.amp.GradScaler(args...)` is deprecated. Please use `torch.amp.GradScaler('cuda', args...)` instead.
  scaler = torch.cuda.amp.GradScaler(enabled=(orig_dtype==torch.float16))

I0327 22:00:45.552624 2042590 finetune.py:68] layer 14_v @ epoch 1 new loss 5.763368244515732e-05 old loss 6.032992314430885e-05 BETTER
I0327 22:00:46.127755 2042520 finetune.py:68] layer 13_v @ epoch 3 new loss 5.0729751819744706e-05 old loss 5.18359083798714e-05 BETTER
I0327 22:01:14.606505 2042450 finetune.py:68] layer 12_q @ epoch 0 new loss 5.4150630603544414e-05 old loss 5.551101276068948e-05 BETTER
I0327 22:01:17.773062 2042660 finetune.py:68] layer 15_v @ epoch 0 new loss 6.780827243346721e-05 old loss 0.00010028314864030108 BETTER
I0327 22:01:20.677557 2042590 finetune.py:68] layer 14_v @ epoch 2 new loss 5.602679084404372e-05 old loss 5.763368244515732e-05 BETTER
I0327 22:01:21.396970 2042520 finetune.py:68] layer 13_v @ epoch 4 new loss 4.9878803110914305e-05 old loss 5.0729751819744706e-05 BETTER
I0327 22:01:40.257527 2042520 finetune.py:45] layer 13_q initial loss 6.088818918215111e-05
I0327 22:01:51.461222 2042450 finetune.py:68] layer 12_q @ epoch 1 new loss 5.319963747751899e-05 old loss 5.4150630603544414e-05 BETTER
I0327 22:01:52.211647 2042660 finetune.py:68] layer 15_v @ epoch 1 new loss 6.389572081388906e-05 old loss 6.780827243346721e-05 BETTER
I0327 22:01:56.015877 2042590 finetune.py:68] layer 14_v @ epoch 3 new loss 5.4823674872750416e-05 old loss 5.602679084404372e-05 BETTER
I0327 22:02:13.847594 2042520 finetune.py:68] layer 13_q @ epoch 0 new loss 5.9572797908913344e-05 old loss 6.088818918215111e-05 BETTER
I0327 22:02:26.742212 2042660 finetune.py:68] layer 15_v @ epoch 2 new loss 6.174521695356816e-05 old loss 6.389572081388906e-05 BETTER
I0327 22:02:28.583067 2042450 finetune.py:68] layer 12_q @ epoch 2 new loss 5.2410865464480594e-05 old loss 5.319963747751899e-05 BETTER
I0327 22:02:31.354533 2042590 finetune.py:68] layer 14_v @ epoch 4 new loss 5.387490091379732e-05 old loss 5.4823674872750416e-05 BETTER
I0327 22:02:48.426406 2042520 finetune.py:68] layer 13_q @ epoch 1 new loss 5.876217983313836e-05 old loss 5.9572797908913344e-05 BETTER
I0327 22:02:50.584298 2042590 finetune.py:45] layer 14_q initial loss 6.866299372632056e-05
I0327 22:03:01.470728 2042660 finetune.py:68] layer 15_v @ epoch 3 new loss 6.024876711308025e-05 old loss 6.174521695356816e-05 BETTER
I0327 22:03:05.704601 2042450 finetune.py:68] layer 12_q @ epoch 3 new loss 5.1725459343288094e-05 old loss 5.2410865464480594e-05 BETTER
I0327 22:03:23.201443 2042520 finetune.py:68] layer 13_q @ epoch 2 new loss 5.810573202325031e-05 old loss 5.876217983313836e-05 BETTER
I0327 22:03:24.537832 2042590 finetune.py:68] layer 14_q @ epoch 0 new loss 6.681784725515172e-05 old loss 6.866299372632056e-05 BETTER
I0327 22:03:36.064316 2042660 finetune.py:68] layer 15_v @ epoch 4 new loss 5.9091013099532574e-05 old loss 6.024876711308025e-05 BETTER
I0327 22:03:42.757094 2042450 finetune.py:68] layer 12_q @ epoch 4 new loss 5.113081351737492e-05 old loss 5.1725459343288094e-05 BETTER
I0327 22:03:55.028154 2042660 finetune.py:45] layer 15_q initial loss 6.809912883909419e-05
I0327 22:03:58.078665 2042520 finetune.py:68] layer 13_q @ epoch 3 new loss 5.7520981499692425e-05 old loss 5.810573202325031e-05 BETTER
I0327 22:03:59.549949 2042590 finetune.py:68] layer 14_q @ epoch 1 new loss 6.575042061740533e-05 old loss 6.681784725515172e-05 BETTER
I0327 22:04:00.908457 2042450 finetune.py:45] layer 12_k initial loss 5.4724041547160596e-05
I0327 22:04:28.142013 2042660 finetune.py:68] layer 15_q @ epoch 0 new loss 6.660218787146732e-05 old loss 6.809912883909419e-05 BETTER
I0327 22:04:32.843647 2042520 finetune.py:68] layer 13_q @ epoch 4 new loss 5.7025612477445975e-05 old loss 5.7520981499692425e-05 BETTER
I0327 22:04:34.487786 2042590 finetune.py:68] layer 14_q @ epoch 2 new loss 6.487112113973126e-05 old loss 6.575042061740533e-05 BETTER
I0327 22:04:36.239470 2042450 finetune.py:68] layer 12_k @ epoch 0 new loss 5.3986550483386964e-05 old loss 5.4724041547160596e-05 BETTER
I0327 22:04:50.817321 2042520 finetune.py:45] layer 13_k initial loss 5.973422230454162e-05
I0327 22:05:02.113672 2042660 finetune.py:68] layer 15_q @ epoch 1 new loss 6.556518928846344e-05 old loss 6.660218787146732e-05 BETTER
I0327 22:05:09.452816 2042590 finetune.py:68] layer 14_q @ epoch 3 new loss 6.412985385395586e-05 old loss 6.487112113973126e-05 BETTER
I0327 22:05:12.656028 2042450 finetune.py:68] layer 12_k @ epoch 1 new loss 5.346668331185356e-05 old loss 5.3986550483386964e-05 BETTER
I0327 22:05:24.248629 2042520 finetune.py:68] layer 13_k @ epoch 0 new loss 5.9149206208530813e-05 old loss 5.973422230454162e-05 BETTER
I0327 22:05:36.046731 2042660 finetune.py:68] layer 15_q @ epoch 2 new loss 6.473716348409653e-05 old loss 6.556518928846344e-05 BETTER
I0327 22:05:44.417829 2042590 finetune.py:68] layer 14_q @ epoch 4 new loss 6.349055911414325e-05 old loss 6.412985385395586e-05 BETTER
I0327 22:05:49.453068 2042450 finetune.py:68] layer 12_k @ epoch 2 new loss 5.3007104725111276e-05 old loss 5.346668331185356e-05 BETTER
I0327 22:05:58.560426 2042520 finetune.py:68] layer 13_k @ epoch 1 new loss 5.872751717106439e-05 old loss 5.9149206208530813e-05 BETTER
I0327 22:06:02.236854 2042590 finetune.py:45] layer 14_k initial loss 6.833714724052697e-05
I0327 22:06:10.220805 2042660 finetune.py:68] layer 15_q @ epoch 3 new loss 6.404145096894354e-05 old loss 6.473716348409653e-05 BETTER
I0327 22:06:26.328795 2042450 finetune.py:68] layer 12_k @ epoch 3 new loss 5.260170655674301e-05 old loss 5.3007104725111276e-05 BETTER
I0327 22:06:33.071408 2042520 finetune.py:68] layer 13_k @ epoch 2 new loss 5.837034041178413e-05 old loss 5.872751717106439e-05 BETTER
I0327 22:06:35.892655 2042590 finetune.py:68] layer 14_k @ epoch 0 new loss 6.731592293363065e-05 old loss 6.833714724052697e-05 BETTER
I0327 22:06:44.418878 2042660 finetune.py:68] layer 15_q @ epoch 4 new loss 6.342088454402983e-05 old loss 6.404145096894354e-05 BETTER
I0327 22:07:01.651301 2042660 finetune.py:45] layer 15_k initial loss 6.714423216180876e-05
I0327 22:07:03.250841 2042450 finetune.py:68] layer 12_k @ epoch 4 new loss 5.223153857514262e-05 old loss 5.260170655674301e-05 BETTER
I0327 22:07:07.574714 2042520 finetune.py:68] layer 13_k @ epoch 3 new loss 5.8034638641402125e-05 old loss 5.837034041178413e-05 BETTER
I0327 22:07:10.500077 2042590 finetune.py:68] layer 14_k @ epoch 1 new loss 6.674208998447284e-05 old loss 6.731592293363065e-05 BETTER
I0327 22:07:22.801355 2042450 finetune.py:45] layer 12_o initial loss 0.00011926622391911224
I0327 22:07:34.582067 2042660 finetune.py:68] layer 15_k @ epoch 0 new loss 6.644600944127887e-05 old loss 6.714423216180876e-05 BETTER
I0327 22:07:42.138082 2042520 finetune.py:68] layer 13_k @ epoch 4 new loss 5.7721499615581706e-05 old loss 5.8034638641402125e-05 BETTER
I0327 22:07:45.295696 2042590 finetune.py:68] layer 14_k @ epoch 2 new loss 6.624752859352157e-05 old loss 6.674208998447284e-05 BETTER
I0327 22:07:57.581162 2042450 finetune.py:68] layer 12_o @ epoch 0 new loss 0.00011502348206704482 old loss 0.00011926622391911224 BETTER
I0327 22:08:01.596671 2042520 finetune.py:45] layer 13_o initial loss 0.00014395774633157998
I0327 22:08:08.318392 2042660 finetune.py:68] layer 15_k @ epoch 1 new loss 6.59351862850599e-05 old loss 6.644600944127887e-05 BETTER
I0327 22:08:20.061765 2042590 finetune.py:68] layer 14_k @ epoch 3 new loss 6.581253546755761e-05 old loss 6.624752859352157e-05 BETTER
I0327 22:08:33.594693 2042450 finetune.py:68] layer 12_o @ epoch 1 new loss 0.0001131790122599341 old loss 0.00011502348206704482 BETTER
I0327 22:08:34.550144 2042520 finetune.py:68] layer 13_o @ epoch 0 new loss 0.00013874561409465969 old loss 0.00014395774633157998 BETTER
I0327 22:08:42.486771 2042660 finetune.py:68] layer 15_k @ epoch 2 new loss 6.547874363604933e-05 old loss 6.59351862850599e-05 BETTER
I0327 22:08:54.915121 2042590 finetune.py:68] layer 14_k @ epoch 4 new loss 6.541063339682296e-05 old loss 6.581253546755761e-05 BETTER
I0327 22:09:08.222747 2042520 finetune.py:68] layer 13_o @ epoch 1 new loss 0.00013642442354466766 old loss 0.00013874561409465969 BETTER
I0327 22:09:09.766515 2042450 finetune.py:68] layer 12_o @ epoch 2 new loss 0.00011174868996022269 old loss 0.0001131790122599341 BETTER
I0327 22:09:14.116799 2042590 finetune.py:45] layer 14_o initial loss 0.0001568043080624193
I0327 22:09:16.613557 2042660 finetune.py:68] layer 15_k @ epoch 3 new loss 6.507959187729284e-05 old loss 6.547874363604933e-05 BETTER
I0327 22:09:42.147120 2042520 finetune.py:68] layer 13_o @ epoch 2 new loss 0.00013466906966641545 old loss 0.00013642442354466766 BETTER
I0327 22:09:45.959898 2042450 finetune.py:68] layer 12_o @ epoch 3 new loss 0.0001105500923586078 old loss 0.00011174868996022269 BETTER
I0327 22:09:47.265560 2042590 finetune.py:68] layer 14_o @ epoch 0 new loss 0.00015094091941136867 old loss 0.0001568043080624193 BETTER
I0327 22:09:50.583845 2042660 finetune.py:68] layer 15_k @ epoch 4 new loss 6.472456880146638e-05 old loss 6.507959187729284e-05 BETTER
I0327 22:10:09.340862 2042660 finetune.py:45] layer 15_o initial loss 0.0001597421069163829
I0327 22:10:16.366006 2042520 finetune.py:68] layer 13_o @ epoch 3 new loss 0.00013320230937097222 old loss 0.00013466906966641545 BETTER
I0327 22:10:21.624427 2042590 finetune.py:68] layer 14_o @ epoch 1 new loss 0.00014823699893895537 old loss 0.00015094091941136867 BETTER
I0327 22:10:22.229626 2042450 finetune.py:68] layer 12_o @ epoch 4 new loss 0.00010949993884423748 old loss 0.0001105500923586078 BETTER
I0327 22:10:41.487020 2042660 finetune.py:68] layer 15_o @ epoch 0 new loss 0.0001523789542261511 old loss 0.0001597421069163829 BETTER
I0327 22:10:50.372909 2042520 finetune.py:68] layer 13_o @ epoch 4 new loss 0.00013194741040933877 old loss 0.00013320230937097222 BETTER
I0327 22:10:53.051514 2042450 finetune.py:45] layer 12_up initial loss 0.00021543289767578244
I0327 22:10:55.719896 2042590 finetune.py:68] layer 14_o @ epoch 2 new loss 0.00014613702660426497 old loss 0.00014823699893895537 BETTER
I0327 22:11:14.699405 2042660 finetune.py:68] layer 15_o @ epoch 1 new loss 0.00014947779709473252 old loss 0.0001523789542261511 BETTER
I0327 22:11:21.124559 2042520 finetune.py:45] layer 13_up initial loss 0.000253005709964782
I0327 22:11:25.063583 2042450 finetune.py:68] layer 12_up @ epoch 0 new loss 0.0002124121820088476 old loss 0.00021543289767578244 BETTER
I0327 22:11:29.972397 2042590 finetune.py:68] layer 14_o @ epoch 3 new loss 0.0001444041117792949 old loss 0.00014613702660426497 BETTER
I0327 22:11:48.169676 2042660 finetune.py:68] layer 15_o @ epoch 2 new loss 0.00014728933456353843 old loss 0.00014947779709473252 BETTER
I0327 22:11:51.530359 2042520 finetune.py:68] layer 13_up @ epoch 0 new loss 0.00024939532158896327 old loss 0.000253005709964782 BETTER
I0327 22:11:58.532302 2042450 finetune.py:68] layer 12_up @ epoch 1 new loss 0.0002102373109664768 old loss 0.0002124121820088476 BETTER
I0327 22:12:04.463463 2042590 finetune.py:68] layer 14_o @ epoch 4 new loss 0.00014291933621279895 old loss 0.0001444041117792949 BETTER
I0327 22:12:21.665173 2042660 finetune.py:68] layer 15_o @ epoch 3 new loss 0.00014550787454936653 old loss 0.00014728933456353843 BETTER
I0327 22:12:23.477761 2042520 finetune.py:68] layer 13_up @ epoch 1 new loss 0.0002468671300448477 old loss 0.00024939532158896327 BETTER
I0327 22:12:32.265692 2042450 finetune.py:68] layer 12_up @ epoch 2 new loss 0.0002083211875287816 old loss 0.0002102373109664768 BETTER
I0327 22:12:35.439350 2042590 finetune.py:45] layer 14_up initial loss 0.0002896107325796038
I0327 22:12:55.201955 2042660 finetune.py:68] layer 15_o @ epoch 4 new loss 0.0001439805782865733 old loss 0.00014550787454936653 BETTER
I0327 22:12:55.613334 2042520 finetune.py:68] layer 13_up @ epoch 2 new loss 0.0002446542785037309 old loss 0.0002468671300448477 BETTER
I0327 22:13:06.294830 2042450 finetune.py:68] layer 12_up @ epoch 3 new loss 0.00020659533038269728 old loss 0.0002083211875287816 BETTER
I0327 22:13:06.386256 2042590 finetune.py:68] layer 14_up @ epoch 0 new loss 0.0002850086893886328 old loss 0.0002896107325796038 BETTER
I0327 22:13:25.639436 2042660 finetune.py:45] layer 15_up initial loss 0.0003199024358764291
I0327 22:13:27.798530 2042520 finetune.py:68] layer 13_up @ epoch 3 new loss 0.00024265219690278172 old loss 0.0002446542785037309 BETTER
I0327 22:13:38.537986 2042590 finetune.py:68] layer 14_up @ epoch 1 new loss 0.0002816690830513835 old loss 0.0002850086893886328 BETTER
I0327 22:13:40.099156 2042450 finetune.py:68] layer 12_up @ epoch 4 new loss 0.00020498088269960135 old loss 0.00020659533038269728 BETTER
I0327 22:13:55.887413 2042660 finetune.py:68] layer 15_up @ epoch 0 new loss 0.0003140459884889424 old loss 0.0003199024358764291 BETTER
I0327 22:13:59.908347 2042520 finetune.py:68] layer 13_up @ epoch 4 new loss 0.0002408119908068329 old loss 0.00024265219690278172 BETTER
I0327 22:14:10.777474 2042590 finetune.py:68] layer 14_up @ epoch 2 new loss 0.0002787827979773283 old loss 0.0002816690830513835 BETTER
I0327 22:14:10.846704 2042450 finetune.py:45] layer 12_gate initial loss 0.0002505071461200714
I0327 22:14:27.441480 2042660 finetune.py:68] layer 15_up @ epoch 1 new loss 0.00030991568928584456 old loss 0.0003140459884889424 BETTER
I0327 22:14:30.435723 2042520 finetune.py:45] layer 13_gate initial loss 0.00029118306702002883
I0327 22:14:41.165465 2042450 finetune.py:68] layer 12_gate @ epoch 0 new loss 0.00024868277250789106 old loss 0.0002505071461200714 BETTER
I0327 22:14:42.961000 2042590 finetune.py:68] layer 14_up @ epoch 3 new loss 0.00027619380853138864 old loss 0.0002787827979773283 BETTER
I0327 22:14:58.756917 2042660 finetune.py:68] layer 15_up @ epoch 2 new loss 0.0003063804470002651 old loss 0.00030991568928584456 BETTER
I0327 22:14:59.055286 2042520 finetune.py:68] layer 13_gate @ epoch 0 new loss 0.0002890193718485534 old loss 0.00029118306702002883 BETTER
I0327 22:15:12.771680 2042450 finetune.py:68] layer 12_gate @ epoch 1 new loss 0.0002471987681929022 old loss 0.00024868277250789106 BETTER
I0327 22:15:15.411708 2042590 finetune.py:68] layer 14_up @ epoch 4 new loss 0.0002738134644459933 old loss 0.00027619380853138864 BETTER
I0327 22:15:28.692114 2042520 finetune.py:68] layer 13_gate @ epoch 1 new loss 0.00028730579651892185 old loss 0.0002890193718485534 BETTER
I0327 22:15:30.505444 2042660 finetune.py:68] layer 15_up @ epoch 3 new loss 0.0003032141539733857 old loss 0.0003063804470002651 BETTER
I0327 22:15:44.319350 2042450 finetune.py:68] layer 12_gate @ epoch 2 new loss 0.00024585030041635036 old loss 0.0002471987681929022 BETTER
I0327 22:15:46.480105 2042590 finetune.py:45] layer 14_gate initial loss 0.0003289659507572651
I0327 22:15:58.688454 2042520 finetune.py:68] layer 13_gate @ epoch 2 new loss 0.0002857563958968967 old loss 0.00028730579651892185 BETTER
I0327 22:16:01.989059 2042660 finetune.py:68] layer 15_up @ epoch 4 new loss 0.00030030394555069506 old loss 0.0003032141539733857 BETTER
I0327 22:16:15.179106 2042590 finetune.py:68] layer 14_gate @ epoch 0 new loss 0.0003262522513978183 old loss 0.0003289659507572651 BETTER
I0327 22:16:16.189502 2042450 finetune.py:68] layer 12_gate @ epoch 3 new loss 0.00024458643747493625 old loss 0.00024585030041635036 BETTER
I0327 22:16:28.530619 2042520 finetune.py:68] layer 13_gate @ epoch 3 new loss 0.00028429162921383977 old loss 0.0002857563958968967 BETTER
I0327 22:16:32.793593 2042660 finetune.py:45] layer 15_gate initial loss 0.0003626616089604795
I0327 22:16:45.001877 2042590 finetune.py:68] layer 14_gate @ epoch 1 new loss 0.0003240799414925277 old loss 0.0003262522513978183 BETTER
I0327 22:16:47.875009 2042450 finetune.py:68] layer 12_gate @ epoch 4 new loss 0.00024339818628504872 old loss 0.00024458643747493625 BETTER
I0327 22:16:58.481393 2042520 finetune.py:68] layer 13_gate @ epoch 4 new loss 0.0002829348959494382 old loss 0.00028429162921383977 BETTER
I0327 22:17:00.969661 2042660 finetune.py:68] layer 15_gate @ epoch 0 new loss 0.0003594227891881019 old loss 0.0003626616089604795 BETTER
I0327 22:17:14.978586 2042590 finetune.py:68] layer 14_gate @ epoch 2 new loss 0.00032209939672611654 old loss 0.0003240799414925277 BETTER
I0327 22:17:30.063443 2042660 finetune.py:68] layer 15_gate @ epoch 1 new loss 0.0003566870582289994 old loss 0.0003594227891881019 BETTER
I0327 22:17:43.140379 2042450 finetune.py:45] layer 12_down initial loss 0.0003584664664231241
I0327 22:17:44.785368 2042590 finetune.py:68] layer 14_gate @ epoch 3 new loss 0.00032023966195993125 old loss 0.00032209939672611654 BETTER
I0327 22:17:54.439885 2042520 finetune.py:45] layer 13_down initial loss 0.0004198459500912577
I0327 22:17:59.495331 2042660 finetune.py:68] layer 15_gate @ epoch 2 new loss 0.00035419652704149485 old loss 0.0003566870582289994 BETTER
I0327 22:18:10.599005 2042450 finetune.py:68] layer 12_down @ epoch 0 new loss 0.0003584108781069517 old loss 0.0003584664664231241 BETTER
I0327 22:18:14.700807 2042590 finetune.py:68] layer 14_gate @ epoch 4 new loss 0.0003184930537827313 old loss 0.00032023966195993125 BETTER
I0327 22:18:20.586716 2042520 finetune.py:68] layer 13_down @ epoch 0 new loss 0.00041976451757363975 old loss 0.0004198459500912577 BETTER
I0327 22:18:28.946810 2042660 finetune.py:68] layer 15_gate @ epoch 3 new loss 0.00035187657340429723 old loss 0.00035419652704149485 BETTER
I0327 22:18:39.044874 2042450 finetune.py:68] layer 12_down @ epoch 1 new loss 0.00035836180904880166 old loss 0.0003584108781069517 BETTER
I0327 22:18:47.763235 2042520 finetune.py:68] layer 13_down @ epoch 1 new loss 0.0004196894005872309 old loss 0.00041976451757363975 BETTER
I0327 22:18:58.457821 2042660 finetune.py:68] layer 15_gate @ epoch 4 new loss 0.0003497096477076411 old loss 0.00035187657340429723 BETTER
I0327 22:19:07.998716 2042450 finetune.py:68] layer 12_down @ epoch 2 new loss 0.00035831768764182925 old loss 0.00035836180904880166 BETTER
I0327 22:19:10.575884 2042590 finetune.py:45] layer 14_down initial loss 0.00048439743113704026
I0327 22:19:15.347528 2042520 finetune.py:68] layer 13_down @ epoch 2 new loss 0.00041962615796364844 old loss 0.0004196894005872309 BETTER
I0327 22:19:36.920647 2042590 finetune.py:68] layer 14_down @ epoch 0 new loss 0.000484293996123597 old loss 0.00048439743113704026 BETTER
I0327 22:19:36.938472 2042450 finetune.py:68] layer 12_down @ epoch 3 new loss 0.00035827280953526497 old loss 0.00035831768764182925 BETTER
I0327 22:19:43.017796 2042520 finetune.py:68] layer 13_down @ epoch 3 new loss 0.00041956582572311163 old loss 0.00041962615796364844 BETTER
I0327 22:19:54.312096 2042660 finetune.py:45] layer 15_down initial loss 0.0005609613726846874
I0327 22:20:04.715678 2042590 finetune.py:68] layer 14_down @ epoch 1 new loss 0.0004841970803681761 old loss 0.000484293996123597 BETTER
I0327 22:20:06.278943 2042450 finetune.py:68] layer 12_down @ epoch 4 new loss 0.00035823354846797884 old loss 0.00035827280953526497 BETTER
12_v proxy err 0.05530766770243645 tr(WHW.T) 363.6233825683594
bpp_loss 1.9500996650313027
12_q proxy err 0.002740431809797883 tr(WHW.T) 34157.07421875
bpp_loss 2.6528874583309516
12_k proxy err 0.001179919927380979 tr(WHW.T) 23012.369140625
bpp_loss 3.499976431892719
12_o proxy err 0.06238480284810066 tr(WHW.T) 790.4432983398438
bpp_loss 2.018245228653541
12_up proxy err 0.03880202770233154 tr(WHW.T) 10006.83203125
bpp_loss 2.1238645118262087
12_gate proxy err 0.010907916352152824 tr(WHW.T) 37117.1875
bpp_loss 2.316455870900037
12_down proxy err 0.05196497589349747 tr(WHW.T) 6882.990234375
bpp_loss 2.1192956806709327
I0327 22:20:10.787956 2042520 finetune.py:68] layer 13_down @ epoch 4 new loss 0.00041950796730816364 old loss 0.00041956582572311163 BETTER
13_v proxy err 0.06690120697021484 tr(WHW.T) 280.153564453125
bpp_loss 1.8913471988635138
13_q proxy err 0.004209162201732397 tr(WHW.T) 20908.96484375
bpp_loss 2.624642336915713
13_k proxy err 0.0014464997220784426 tr(WHW.T) 17761.771484375
bpp_loss 3.509578577708453
13_o proxy err 0.06581668555736542 tr(WHW.T) 682.8536376953125
bpp_loss 1.9994231933669653
13_up proxy err 0.038062769919633865 tr(WHW.T) 9995.2412109375
bpp_loss 2.1282020502923324
13_gate proxy err 0.01023910753428936 tr(WHW.T) 38750.55859375
bpp_loss 2.3219163671601564
13_down proxy err 0.053134944289922714 tr(WHW.T) 6620.3046875
bpp_loss 2.1191661899626655
I0327 22:20:21.320608 2042660 finetune.py:68] layer 15_down @ epoch 0 new loss 0.0005608345381915569 old loss 0.0005609613726846874 BETTER
I0327 22:20:33.379475 2042590 finetune.py:68] layer 14_down @ epoch 2 new loss 0.00048410994349978864 old loss 0.0004841970803681761 BETTER
I0327 22:20:48.246276 2042660 finetune.py:68] layer 15_down @ epoch 1 new loss 0.0005607170751318336 old loss 0.0005608345381915569 BETTER
I0327 22:21:01.206204 2042590 finetune.py:68] layer 14_down @ epoch 3 new loss 0.00048402792890556157 old loss 0.00048410994349978864 BETTER
I0327 22:21:15.294748 2042660 finetune.py:68] layer 15_down @ epoch 2 new loss 0.0005606096819974482 old loss 0.0005607170751318336 BETTER
I0327 22:21:16.997761 2041475 quantize_finetune_llama.py:240] computed original embedding for layer 16 in 60.361151695251465s
I0327 22:21:20.706440 2042730 utils.py:146] Note: detected 128 virtual cores but NumExpr set to maximum of 64, check "NUMEXPR_MAX_THREADS" environment variable.
I0327 22:21:20.706544 2042730 utils.py:149] Note: NumExpr detected 128 cores but "NUMEXPR_MAX_THREADS" not set, so enforcing safe limit of 16.
I0327 22:21:20.706585 2042730 utils.py:162] NumExpr defaulting to 16 threads.
I0327 22:21:21.074556 2042730 config.py:54] PyTorch version 2.6.0 available.
W0327 22:21:21.290199 2042730 warnings.py:109] /opt/conda/lib/python3.10/site-packages/torchvision/io/image.py:13: UserWarning: Failed to load image Python extension: '/opt/conda/lib/python3.10/site-packages/torchvision/image.so: undefined symbol: _ZN3c1017RegisterOperatorsD1Ev'If you don't plan on using image functionality from `torchvision.io`, you can ignore this warning. Otherwise, there might be something wrong with your environment. Did you have `libjpeg` or `libpng` installed before building `torchvision` from source?
  warn(

W0327 22:21:22.006382 2042730 warnings.py:109] /opt/conda/lib/python3.10/site-packages/compressai/models/video/google.py:353: FutureWarning: `torch.cuda.amp.autocast(args...)` is deprecated. Please use `torch.amp.autocast('cuda', args...)` instead.
  @amp.autocast(enabled=False)

I0327 22:21:22.010220 2041475 quantize_finetune_llama.py:209] layer 17 gpu 1
I0327 22:21:22.024065 2042730 data_utils.py:336] using 256 training seqs, 128 validation seqs
I0327 22:21:29.000111 2042590 finetune.py:68] layer 14_down @ epoch 4 new loss 0.00048395220073871315 old loss 0.00048402792890556157 BETTER
14_v proxy err 0.0627264752984047 tr(WHW.T) 281.3382873535156
bpp_loss 1.8835729311977047
14_q proxy err 0.003965509589761496 tr(WHW.T) 20898.751953125
bpp_loss 2.5976054125349037
14_k proxy err 0.001302217016927898 tr(WHW.T) 18567.6015625
bpp_loss 3.461788595537655
14_o proxy err 0.06999370455741882 tr(WHW.T) 697.529541015625
bpp_loss 1.990425894036889
14_up proxy err 0.041299305856227875 tr(WHW.T) 9159.642578125
bpp_loss 2.121902850090659
14_gate proxy err 0.009511254727840424 tr(WHW.T) 41773.9453125
bpp_loss 2.348885854938999
14_down proxy err 0.05607540160417557 tr(WHW.T) 6456.17822265625
bpp_loss 2.1154901787272786
The attention layers in this model are transitioning from computing the RoPE embeddings internally through `position_ids` (2D tensor with the indexes of the tokens), to using externally computed `position_embeddings` (Tuple of tensors, containing cos and sin). In v4.46 `position_ids` will be removed and `position_embeddings` will be mandatory.
I0327 22:21:38.984046 2042730 finetune.py:45] layer 16_v initial loss 0.00012006445467704907
W0327 22:21:38.984261 2042730 warnings.py:109] /workspace/Weight_compression/comp_lm_qtip/lib/algo/finetune.py:46: FutureWarning: `torch.cuda.amp.GradScaler(args...)` is deprecated. Please use `torch.amp.GradScaler('cuda', args...)` instead.
  scaler = torch.cuda.amp.GradScaler(enabled=(orig_dtype==torch.float16))

I0327 22:21:42.539313 2042660 finetune.py:68] layer 15_down @ epoch 3 new loss 0.0005605121841654181 old loss 0.0005606096819974482 BETTER
I0327 22:22:09.840507 2042660 finetune.py:68] layer 15_down @ epoch 4 new loss 0.0005604217876680195 old loss 0.0005605121841654181 BETTER
15_v proxy err 0.06958887726068497 tr(WHW.T) 284.0271301269531
bpp_loss 1.943294731201604
15_q proxy err 0.00332032423466444 tr(WHW.T) 28093.208984375
bpp_loss 2.713904887030367
15_k proxy err 0.001420737011358142 tr(WHW.T) 18819.91796875
bpp_loss 3.5070724736433476
15_o proxy err 0.07217835634946823 tr(WHW.T) 835.0098266601562
bpp_loss 2.0196505619969685
15_up proxy err 0.042064256966114044 tr(WHW.T) 8987.46875
bpp_loss 2.115601446047159
15_gate proxy err 0.008745341561734676 tr(WHW.T) 45828.4296875
bpp_loss 2.385376229549625
15_down proxy err 0.05623984709382057 tr(WHW.T) 6479.43701171875
bpp_loss 2.1109386802584464
I0327 22:22:14.298606 2042730 finetune.py:68] layer 16_v @ epoch 0 new loss 7.595478382427245e-05 old loss 0.00012006445467704907 BETTER
I0327 22:22:35.024631 2041475 quantize_finetune_llama.py:240] computed original embedding for layer 17 in 61.78475522994995s
I0327 22:22:38.543693 2042800 utils.py:146] Note: detected 128 virtual cores but NumExpr set to maximum of 64, check "NUMEXPR_MAX_THREADS" environment variable.
I0327 22:22:38.543796 2042800 utils.py:149] Note: NumExpr detected 128 cores but "NUMEXPR_MAX_THREADS" not set, so enforcing safe limit of 16.
I0327 22:22:38.543846 2042800 utils.py:162] NumExpr defaulting to 16 threads.
I0327 22:22:38.859452 2042800 config.py:54] PyTorch version 2.6.0 available.
W0327 22:22:39.057735 2042800 warnings.py:109] /opt/conda/lib/python3.10/site-packages/torchvision/io/image.py:13: UserWarning: Failed to load image Python extension: '/opt/conda/lib/python3.10/site-packages/torchvision/image.so: undefined symbol: _ZN3c1017RegisterOperatorsD1Ev'If you don't plan on using image functionality from `torchvision.io`, you can ignore this warning. Otherwise, there might be something wrong with your environment. Did you have `libjpeg` or `libpng` installed before building `torchvision` from source?
  warn(

W0327 22:22:39.688511 2042800 warnings.py:109] /opt/conda/lib/python3.10/site-packages/compressai/models/video/google.py:353: FutureWarning: `torch.cuda.amp.autocast(args...)` is deprecated. Please use `torch.amp.autocast('cuda', args...)` instead.
  @amp.autocast(enabled=False)

I0327 22:22:39.691986 2041475 quantize_finetune_llama.py:209] layer 18 gpu 2
I0327 22:22:39.704759 2042800 data_utils.py:336] using 256 training seqs, 128 validation seqs
I0327 22:22:51.101994 2042730 finetune.py:68] layer 16_v @ epoch 1 new loss 7.097461639204994e-05 old loss 7.595478382427245e-05 BETTER
The attention layers in this model are transitioning from computing the RoPE embeddings internally through `position_ids` (2D tensor with the indexes of the tokens), to using externally computed `position_embeddings` (Tuple of tensors, containing cos and sin). In v4.46 `position_ids` will be removed and `position_embeddings` will be mandatory.
I0327 22:22:56.415240 2042800 finetune.py:45] layer 17_v initial loss 0.00012806257291231304
W0327 22:22:56.415436 2042800 warnings.py:109] /workspace/Weight_compression/comp_lm_qtip/lib/algo/finetune.py:46: FutureWarning: `torch.cuda.amp.GradScaler(args...)` is deprecated. Please use `torch.amp.GradScaler('cuda', args...)` instead.
  scaler = torch.cuda.amp.GradScaler(enabled=(orig_dtype==torch.float16))

I0327 22:23:28.144054 2042730 finetune.py:68] layer 16_v @ epoch 2 new loss 6.824479351053014e-05 old loss 7.097461639204994e-05 BETTER
I0327 22:23:29.809437 2042800 finetune.py:68] layer 17_v @ epoch 0 new loss 7.029273547232151e-05 old loss 0.00012806257291231304 BETTER
I0327 22:23:41.494745 2041475 quantize_finetune_llama.py:240] computed original embedding for layer 18 in 61.350541830062866s
I0327 22:23:45.181518 2042870 utils.py:146] Note: detected 128 virtual cores but NumExpr set to maximum of 64, check "NUMEXPR_MAX_THREADS" environment variable.
I0327 22:23:45.181640 2042870 utils.py:149] Note: NumExpr detected 128 cores but "NUMEXPR_MAX_THREADS" not set, so enforcing safe limit of 16.
I0327 22:23:45.181683 2042870 utils.py:162] NumExpr defaulting to 16 threads.
I0327 22:23:45.540284 2042870 config.py:54] PyTorch version 2.6.0 available.
W0327 22:23:45.741137 2042870 warnings.py:109] /opt/conda/lib/python3.10/site-packages/torchvision/io/image.py:13: UserWarning: Failed to load image Python extension: '/opt/conda/lib/python3.10/site-packages/torchvision/image.so: undefined symbol: _ZN3c1017RegisterOperatorsD1Ev'If you don't plan on using image functionality from `torchvision.io`, you can ignore this warning. Otherwise, there might be something wrong with your environment. Did you have `libjpeg` or `libpng` installed before building `torchvision` from source?
  warn(

W0327 22:23:46.359336 2042870 warnings.py:109] /opt/conda/lib/python3.10/site-packages/compressai/models/video/google.py:353: FutureWarning: `torch.cuda.amp.autocast(args...)` is deprecated. Please use `torch.amp.autocast('cuda', args...)` instead.
  @amp.autocast(enabled=False)

I0327 22:23:46.363156 2041475 quantize_finetune_llama.py:209] layer 19 gpu 3
I0327 22:23:46.377072 2042870 data_utils.py:336] using 256 training seqs, 128 validation seqs
The attention layers in this model are transitioning from computing the RoPE embeddings internally through `position_ids` (2D tensor with the indexes of the tokens), to using externally computed `position_embeddings` (Tuple of tensors, containing cos and sin). In v4.46 `position_ids` will be removed and `position_embeddings` will be mandatory.
I0327 22:24:03.136568 2042870 finetune.py:45] layer 18_v initial loss 0.00015141569019760936
W0327 22:24:03.137096 2042870 warnings.py:109] /workspace/Weight_compression/comp_lm_qtip/lib/algo/finetune.py:46: FutureWarning: `torch.cuda.amp.GradScaler(args...)` is deprecated. Please use `torch.amp.GradScaler('cuda', args...)` instead.
  scaler = torch.cuda.amp.GradScaler(enabled=(orig_dtype==torch.float16))

I0327 22:24:04.391727 2042800 finetune.py:68] layer 17_v @ epoch 1 new loss 6.477334682131186e-05 old loss 7.029273547232151e-05 BETTER
I0327 22:24:05.380298 2042730 finetune.py:68] layer 16_v @ epoch 3 new loss 6.631420546909794e-05 old loss 6.824479351053014e-05 BETTER
I0327 22:24:36.839033 2042870 finetune.py:68] layer 18_v @ epoch 0 new loss 5.815244367113337e-05 old loss 0.00015141569019760936 BETTER
I0327 22:24:39.414758 2042800 finetune.py:68] layer 17_v @ epoch 2 new loss 6.213645974639803e-05 old loss 6.477334682131186e-05 BETTER
I0327 22:24:42.497668 2042730 finetune.py:68] layer 16_v @ epoch 4 new loss 6.483294419012964e-05 old loss 6.631420546909794e-05 BETTER
I0327 22:24:48.670089 2041475 quantize_finetune_llama.py:240] computed original embedding for layer 19 in 61.84909963607788s
I0327 22:24:52.314667 2042940 utils.py:146] Note: detected 128 virtual cores but NumExpr set to maximum of 64, check "NUMEXPR_MAX_THREADS" environment variable.
I0327 22:24:52.314760 2042940 utils.py:149] Note: NumExpr detected 128 cores but "NUMEXPR_MAX_THREADS" not set, so enforcing safe limit of 16.
I0327 22:24:52.314799 2042940 utils.py:162] NumExpr defaulting to 16 threads.
I0327 22:24:52.675837 2042940 config.py:54] PyTorch version 2.6.0 available.
W0327 22:24:52.877117 2042940 warnings.py:109] /opt/conda/lib/python3.10/site-packages/torchvision/io/image.py:13: UserWarning: Failed to load image Python extension: '/opt/conda/lib/python3.10/site-packages/torchvision/image.so: undefined symbol: _ZN3c1017RegisterOperatorsD1Ev'If you don't plan on using image functionality from `torchvision.io`, you can ignore this warning. Otherwise, there might be something wrong with your environment. Did you have `libjpeg` or `libpng` installed before building `torchvision` from source?
  warn(

W0327 22:24:53.481563 2042940 warnings.py:109] /opt/conda/lib/python3.10/site-packages/compressai/models/video/google.py:353: FutureWarning: `torch.cuda.amp.autocast(args...)` is deprecated. Please use `torch.amp.autocast('cuda', args...)` instead.
  @amp.autocast(enabled=False)

I0327 22:24:53.485059 2041475 quantize_finetune_llama.py:209] layer 20 gpu 0
I0327 22:24:53.498119 2042940 data_utils.py:336] using 256 training seqs, 128 validation seqs
I0327 22:25:01.392554 2042730 finetune.py:45] layer 16_q initial loss 7.568159344373271e-05
The attention layers in this model are transitioning from computing the RoPE embeddings internally through `position_ids` (2D tensor with the indexes of the tokens), to using externally computed `position_embeddings` (Tuple of tensors, containing cos and sin). In v4.46 `position_ids` will be removed and `position_embeddings` will be mandatory.
I0327 22:25:10.142215 2042940 finetune.py:45] layer 19_v initial loss 0.00016790513473097235
W0327 22:25:10.142725 2042940 warnings.py:109] /workspace/Weight_compression/comp_lm_qtip/lib/algo/finetune.py:46: FutureWarning: `torch.cuda.amp.GradScaler(args...)` is deprecated. Please use `torch.amp.GradScaler('cuda', args...)` instead.
  scaler = torch.cuda.amp.GradScaler(enabled=(orig_dtype==torch.float16))

I0327 22:25:11.533530 2042870 finetune.py:68] layer 18_v @ epoch 1 new loss 5.245346255833283e-05 old loss 5.815244367113337e-05 BETTER
I0327 22:25:14.559260 2042800 finetune.py:68] layer 17_v @ epoch 3 new loss 6.0424397815950215e-05 old loss 6.213645974639803e-05 BETTER
