  scaler = torch.cuda.amp.GradScaler(enabled=(orig_dtype==torch.float16))

I0328 08:37:30.756565 2298410 finetune.py:68] layer 29_v @ epoch 3 new loss 4.654924487113021e-05 old loss 4.6693647163920105e-05 BETTER
I0328 08:37:31.082378 2298546 finetune.py:68] layer 30_v @ epoch 1 new loss 8.182031888281927e-05 old loss 8.606915071140975e-05 BETTER
I0328 08:37:51.531568 2298265 finetune.py:68] layer 28_q @ epoch 0 new loss 4.929108763462864e-05 old loss 5.069300459581427e-05 BETTER
I0328 08:37:59.944423 2298676 finetune.py:68] layer 31_v @ epoch 0 new loss 0.00015102839097380638 old loss 0.0002681379555724561 BETTER
I0328 08:38:06.346151 2298410 finetune.py:68] layer 29_v @ epoch 4 new loss 4.635675941244699e-05 old loss 4.654924487113021e-05 BETTER
I0328 08:38:06.677601 2298546 finetune.py:68] layer 30_v @ epoch 2 new loss 7.98508117441088e-05 old loss 8.182031888281927e-05 BETTER
I0328 08:38:27.257568 2298410 finetune.py:45] layer 29_q initial loss 7.843876664992422e-05
I0328 08:38:28.863833 2298265 finetune.py:68] layer 28_q @ epoch 1 new loss 4.847391028306447e-05 old loss 4.929108763462864e-05 BETTER
I0328 08:38:34.417115 2298676 finetune.py:76] layer 31_v @ epoch 1 new loss 0.00015769302262924612 old loss 0.00015102839097380638 WORSE
I0328 08:38:41.764844 2298546 finetune.py:68] layer 30_v @ epoch 3 new loss 7.937444024719298e-05 old loss 7.98508117441088e-05 BETTER
I0328 08:39:00.772082 2298410 finetune.py:68] layer 29_q @ epoch 0 new loss 7.417600863846019e-05 old loss 7.843876664992422e-05 BETTER
I0328 08:39:05.245349 2298265 finetune.py:68] layer 28_q @ epoch 2 new loss 4.782867108588107e-05 old loss 4.847391028306447e-05 BETTER
I0328 08:39:08.784737 2298676 finetune.py:76] layer 31_v @ epoch 2 new loss 0.00015449633065145463 old loss 0.00015102839097380638 WORSE
I0328 08:39:16.895987 2298546 finetune.py:68] layer 30_v @ epoch 4 new loss 7.764904876239598e-05 old loss 7.937444024719298e-05 BETTER
I0328 08:39:35.536620 2298410 finetune.py:68] layer 29_q @ epoch 1 new loss 7.184829155448824e-05 old loss 7.417600863846019e-05 BETTER
I0328 08:39:37.114356 2298546 finetune.py:45] layer 30_q initial loss 9.844409942161292e-05
I0328 08:39:42.148530 2298265 finetune.py:68] layer 28_q @ epoch 3 new loss 4.729550710180774e-05 old loss 4.782867108588107e-05 BETTER
I0328 08:39:44.035401 2298676 finetune.py:76] layer 31_v @ epoch 3 new loss 0.0001541195815661922 old loss 0.00015102839097380638 WORSE
I0328 08:40:10.265151 2298410 finetune.py:68] layer 29_q @ epoch 2 new loss 7.0357826189138e-05 old loss 7.184829155448824e-05 BETTER
I0328 08:40:10.960426 2298546 finetune.py:68] layer 30_q @ epoch 0 new loss 9.642272198107094e-05 old loss 9.844409942161292e-05 BETTER
I0328 08:40:18.661717 2298265 finetune.py:68] layer 28_q @ epoch 4 new loss 4.6920209570089355e-05 old loss 4.729550710180774e-05 BETTER
I0328 08:40:18.709426 2298676 finetune.py:76] layer 31_v @ epoch 4 new loss 0.0001746859634295106 old loss 0.00015102839097380638 WORSE
I0328 08:40:36.827156 2298265 finetune.py:45] layer 28_k initial loss 5.238335870672017e-05
I0328 08:40:39.239726 2298676 finetune.py:45] layer 31_q initial loss 0.00021170038962736726
I0328 08:40:45.361252 2298410 finetune.py:68] layer 29_q @ epoch 3 new loss 6.919652514625341e-05 old loss 7.0357826189138e-05 BETTER
I0328 08:40:46.248659 2298546 finetune.py:68] layer 30_q @ epoch 1 new loss 9.478065476287156e-05 old loss 9.642272198107094e-05 BETTER
I0328 08:41:12.914067 2298265 finetune.py:68] layer 28_k @ epoch 0 new loss 5.170657823327929e-05 old loss 5.238335870672017e-05 BETTER
I0328 08:41:13.806128 2298676 finetune.py:68] layer 31_q @ epoch 0 new loss 0.0002029234019573778 old loss 0.00021170038962736726 BETTER
I0328 08:41:20.064688 2298410 finetune.py:68] layer 29_q @ epoch 4 new loss 6.836225657025352e-05 old loss 6.919652514625341e-05 BETTER
I0328 08:41:20.883480 2298546 finetune.py:68] layer 30_q @ epoch 2 new loss 9.384586883243173e-05 old loss 9.478065476287156e-05 BETTER
I0328 08:41:38.617122 2298410 finetune.py:45] layer 29_k initial loss 7.636559894308448e-05
I0328 08:41:48.465209 2298676 finetune.py:68] layer 31_q @ epoch 1 new loss 0.0001818330929381773 old loss 0.0002029234019573778 BETTER
I0328 08:41:49.011618 2298265 finetune.py:68] layer 28_k @ epoch 1 new loss 5.133400918566622e-05 old loss 5.170657823327929e-05 BETTER
I0328 08:41:56.102544 2298546 finetune.py:68] layer 30_q @ epoch 3 new loss 9.304096602136269e-05 old loss 9.384586883243173e-05 BETTER
I0328 08:42:12.981366 2298410 finetune.py:68] layer 29_k @ epoch 0 new loss 7.535703480243683e-05 old loss 7.636559894308448e-05 BETTER
I0328 08:42:22.956451 2298676 finetune.py:68] layer 31_q @ epoch 2 new loss 0.00017163160373456776 old loss 0.0001818330929381773 BETTER
I0328 08:42:25.205137 2298265 finetune.py:68] layer 28_k @ epoch 2 new loss 5.1091868954245e-05 old loss 5.133400918566622e-05 BETTER
I0328 08:42:30.973115 2298546 finetune.py:68] layer 30_q @ epoch 4 new loss 9.262730600312352e-05 old loss 9.304096602136269e-05 BETTER
I0328 08:42:47.854974 2298410 finetune.py:68] layer 29_k @ epoch 1 new loss 7.45948200346902e-05 old loss 7.535703480243683e-05 BETTER
I0328 08:42:51.343981 2298546 finetune.py:45] layer 30_k initial loss 0.00010437831224408001
I0328 08:42:58.643014 2298676 finetune.py:68] layer 31_q @ epoch 3 new loss 0.00016901384515222162 old loss 0.00017163160373456776 BETTER
I0328 08:43:01.937980 2298265 finetune.py:68] layer 28_k @ epoch 3 new loss 5.078380127088167e-05 old loss 5.1091868954245e-05 BETTER
I0328 08:43:22.291078 2298410 finetune.py:68] layer 29_k @ epoch 2 new loss 7.422611815854907e-05 old loss 7.45948200346902e-05 BETTER
I0328 08:43:25.111733 2298546 finetune.py:68] layer 30_k @ epoch 0 new loss 0.00010313482925994322 old loss 0.00010437831224408001 BETTER
I0328 08:43:33.418330 2298676 finetune.py:76] layer 31_q @ epoch 4 new loss 0.00017463465337641537 old loss 0.00016901384515222162 WORSE
I0328 08:43:38.252477 2298265 finetune.py:68] layer 28_k @ epoch 4 new loss 5.065621007815935e-05 old loss 5.078380127088167e-05 BETTER
I0328 08:43:52.072795 2298676 finetune.py:45] layer 31_k initial loss 0.00020511158800218254
I0328 08:43:58.083076 2298410 finetune.py:68] layer 29_k @ epoch 3 new loss 7.375224959105253e-05 old loss 7.422611815854907e-05 BETTER
I0328 08:44:00.095607 2298265 finetune.py:45] layer 28_o initial loss 0.000125480568385683
I0328 08:44:00.609864 2298546 finetune.py:68] layer 30_k @ epoch 1 new loss 0.00010290529462508857 old loss 0.00010313482925994322 BETTER
I0328 08:44:26.120254 2298676 finetune.py:68] layer 31_k @ epoch 0 new loss 0.00019064730440732092 old loss 0.00020511158800218254 BETTER
I0328 08:44:32.917283 2298410 finetune.py:68] layer 29_k @ epoch 4 new loss 7.360645395237952e-05 old loss 7.375224959105253e-05 BETTER
I0328 08:44:34.712219 2298265 finetune.py:68] layer 28_o @ epoch 0 new loss 0.00012074579717591405 old loss 0.000125480568385683 BETTER
I0328 08:44:35.497166 2298546 finetune.py:76] layer 30_k @ epoch 2 new loss 0.00010336852574255317 old loss 0.00010290529462508857 WORSE
I0328 08:44:54.833095 2298410 finetune.py:45] layer 29_o initial loss 0.00014925154391676188
I0328 08:45:01.706962 2298676 finetune.py:68] layer 31_k @ epoch 1 new loss 0.0001838119642343372 old loss 0.00019064730440732092 BETTER
I0328 08:45:09.709273 2298546 finetune.py:68] layer 30_k @ epoch 3 new loss 0.00010187616862822324 old loss 0.00010290529462508857 BETTER
I0328 08:45:10.858954 2298265 finetune.py:68] layer 28_o @ epoch 1 new loss 0.00011888606968568638 old loss 0.00012074579717591405 BETTER
I0328 08:45:27.575767 2298410 finetune.py:68] layer 29_o @ epoch 0 new loss 0.0001439098414266482 old loss 0.00014925154391676188 BETTER
I0328 08:45:36.164523 2298676 finetune.py:68] layer 31_k @ epoch 2 new loss 0.0001795293064787984 old loss 0.0001838119642343372 BETTER
I0328 08:45:46.042849 2298546 finetune.py:68] layer 30_k @ epoch 4 new loss 0.00010175675561185926 old loss 0.00010187616862822324 BETTER
I0328 08:45:47.301031 2298265 finetune.py:68] layer 28_o @ epoch 2 new loss 0.00011751184501918033 old loss 0.00011888606968568638 BETTER
I0328 08:46:01.117202 2298410 finetune.py:68] layer 29_o @ epoch 1 new loss 0.00014188705245032907 old loss 0.0001439098414266482 BETTER
I0328 08:46:08.313177 2298546 finetune.py:45] layer 30_o initial loss 0.00022872842964716256
I0328 08:46:12.430780 2298676 finetune.py:68] layer 31_k @ epoch 3 new loss 0.0001784887135727331 old loss 0.0001795293064787984 BETTER
I0328 08:46:23.298221 2298265 finetune.py:68] layer 28_o @ epoch 3 new loss 0.00011647103383438662 old loss 0.00011751184501918033 BETTER
I0328 08:46:35.780851 2298410 finetune.py:68] layer 29_o @ epoch 2 new loss 0.00014053615450393409 old loss 0.00014188705245032907 BETTER
I0328 08:46:41.327208 2298546 finetune.py:68] layer 30_o @ epoch 0 new loss 0.0002223474148195237 old loss 0.00022872842964716256 BETTER
I0328 08:46:47.059091 2298676 finetune.py:76] layer 31_k @ epoch 4 new loss 0.00017912023758981377 old loss 0.0001784887135727331 WORSE
I0328 08:46:59.383037 2298265 finetune.py:68] layer 28_o @ epoch 4 new loss 0.00011559034464880824 old loss 0.00011647103383438662 BETTER
I0328 08:47:08.465729 2298676 finetune.py:45] layer 31_o initial loss 0.0004357603029347956
I0328 08:47:10.730559 2298410 finetune.py:68] layer 29_o @ epoch 3 new loss 0.00013946511899121106 old loss 0.00014053615450393409 BETTER
I0328 08:47:15.987496 2298546 finetune.py:68] layer 30_o @ epoch 1 new loss 0.00021934251708444208 old loss 0.0002223474148195237 BETTER
I0328 08:47:34.266120 2298265 finetune.py:45] layer 28_up initial loss 0.00032381864730268717
I0328 08:47:42.240590 2298676 finetune.py:68] layer 31_o @ epoch 0 new loss 0.0003906543424818665 old loss 0.0004357603029347956 BETTER
I0328 08:47:45.546914 2298410 finetune.py:68] layer 29_o @ epoch 4 new loss 0.00013856483565177768 old loss 0.00013946511899121106 BETTER
I0328 08:47:50.291511 2298546 finetune.py:68] layer 30_o @ epoch 2 new loss 0.0002173523826058954 old loss 0.00021934251708444208 BETTER
I0328 08:48:06.851311 2298265 finetune.py:68] layer 28_up @ epoch 0 new loss 0.00031897317967377603 old loss 0.00032381864730268717 BETTER
I0328 08:48:16.630240 2298676 finetune.py:68] layer 31_o @ epoch 1 new loss 0.00037425453774631023 old loss 0.0003906543424818665 BETTER
I0328 08:48:21.278995 2298410 finetune.py:45] layer 29_up initial loss 0.00042588490759953856
I0328 08:48:25.326286 2298546 finetune.py:68] layer 30_o @ epoch 3 new loss 0.00021593175188172609 old loss 0.0002173523826058954 BETTER
I0328 08:48:40.216927 2298265 finetune.py:68] layer 28_up @ epoch 1 new loss 0.0003157106111757457 old loss 0.00031897317967377603 BETTER
I0328 08:48:51.685263 2298676 finetune.py:68] layer 31_o @ epoch 2 new loss 0.0003637889167293906 old loss 0.00037425453774631023 BETTER
I0328 08:48:53.019895 2298410 finetune.py:68] layer 29_up @ epoch 0 new loss 0.00041835775482468307 old loss 0.00042588490759953856 BETTER
I0328 08:48:59.519040 2298546 finetune.py:68] layer 30_o @ epoch 4 new loss 0.00021464873861987144 old loss 0.00021593175188172609 BETTER
I0328 08:49:13.932899 2298265 finetune.py:68] layer 28_up @ epoch 2 new loss 0.0003131856210529804 old loss 0.0003157106111757457 BETTER
I0328 08:49:25.987286 2298410 finetune.py:68] layer 29_up @ epoch 1 new loss 0.00041355888242833316 old loss 0.00041835775482468307 BETTER
I0328 08:49:27.202975 2298676 finetune.py:68] layer 31_o @ epoch 3 new loss 0.0003553488350007683 old loss 0.0003637889167293906 BETTER
I0328 08:49:37.258139 2298546 finetune.py:45] layer 30_up initial loss 0.0007813885458745062
I0328 08:49:48.119894 2298265 finetune.py:68] layer 28_up @ epoch 3 new loss 0.0003109875542577356 old loss 0.0003131856210529804 BETTER
I0328 08:49:59.049590 2298410 finetune.py:68] layer 29_up @ epoch 2 new loss 0.0004097408091183752 old loss 0.00041355888242833316 BETTER
I0328 08:50:02.228593 2298676 finetune.py:68] layer 31_o @ epoch 4 new loss 0.00034970257547684014 old loss 0.0003553488350007683 BETTER
I0328 08:50:08.303209 2298546 finetune.py:68] layer 30_up @ epoch 0 new loss 0.0007613382767885923 old loss 0.0007813885458745062 BETTER
I0328 08:50:22.286530 2298265 finetune.py:68] layer 28_up @ epoch 4 new loss 0.00030908413464203477 old loss 0.0003109875542577356 BETTER
I0328 08:50:31.280765 2298410 finetune.py:68] layer 29_up @ epoch 3 new loss 0.0004064007953274995 old loss 0.0004097408091183752 BETTER
I0328 08:50:39.123314 2298676 finetune.py:45] layer 31_up initial loss 0.0022988300770521164
I0328 08:50:41.414758 2298546 finetune.py:68] layer 30_up @ epoch 1 new loss 0.0007481635548174381 old loss 0.0007613382767885923 BETTER
I0328 08:50:58.557874 2298265 finetune.py:45] layer 28_gate initial loss 0.0004147546424064785
I0328 08:51:04.045596 2298410 finetune.py:68] layer 29_up @ epoch 4 new loss 0.00040361794526688755 old loss 0.0004064007953274995 BETTER
I0328 08:51:10.319548 2298676 finetune.py:68] layer 31_up @ epoch 0 new loss 0.0021720139775425196 old loss 0.0022988300770521164 BETTER
I0328 08:51:14.410752 2298546 finetune.py:68] layer 30_up @ epoch 2 new loss 0.0007371471147052944 old loss 0.0007481635548174381 BETTER
I0328 08:51:29.172185 2298265 finetune.py:68] layer 28_gate @ epoch 0 new loss 0.00041264179162681103 old loss 0.0004147546424064785 BETTER
I0328 08:51:40.272162 2298410 finetune.py:45] layer 29_gate initial loss 0.0005443820264190435
I0328 08:51:43.597984 2298676 finetune.py:68] layer 31_up @ epoch 1 new loss 0.002092757262289524 old loss 0.0021720139775425196 BETTER
I0328 08:51:47.660553 2298546 finetune.py:68] layer 30_up @ epoch 3 new loss 0.0007279133424162865 old loss 0.0007371471147052944 BETTER
I0328 08:52:01.371063 2298265 finetune.py:68] layer 28_gate @ epoch 1 new loss 0.0004109055735170841 old loss 0.00041264179162681103 BETTER
I0328 08:52:09.318857 2298410 finetune.py:68] layer 29_gate @ epoch 0 new loss 0.0005414033657871187 old loss 0.0005443820264190435 BETTER
I0328 08:52:17.030600 2298676 finetune.py:68] layer 31_up @ epoch 2 new loss 0.002029257593676448 old loss 0.002092757262289524 BETTER
I0328 08:52:21.108159 2298546 finetune.py:68] layer 30_up @ epoch 4 new loss 0.0007200586842373013 old loss 0.0007279133424162865 BETTER
I0328 08:52:33.083317 2298265 finetune.py:68] layer 28_gate @ epoch 2 new loss 0.0004093162133358419 old loss 0.0004109055735170841 BETTER
I0328 08:52:39.819687 2298410 finetune.py:68] layer 29_gate @ epoch 1 new loss 0.000539091881364584 old loss 0.0005414033657871187 BETTER
I0328 08:52:50.046794 2298676 finetune.py:68] layer 31_up @ epoch 3 new loss 0.0019738469272851944 old loss 0.002029257593676448 BETTER
I0328 08:52:58.491334 2298546 finetune.py:45] layer 30_gate initial loss 0.0009251576266251504
I0328 08:53:05.392848 2298265 finetune.py:68] layer 28_gate @ epoch 3 new loss 0.00040800494025461376 old loss 0.0004093162133358419 BETTER
I0328 08:53:10.202118 2298410 finetune.py:68] layer 29_gate @ epoch 2 new loss 0.0005370209692046046 old loss 0.000539091881364584 BETTER
I0328 08:53:23.382661 2298676 finetune.py:68] layer 31_up @ epoch 4 new loss 0.0019247173331677914 old loss 0.0019738469272851944 BETTER
I0328 08:53:27.426885 2298546 finetune.py:68] layer 30_gate @ epoch 0 new loss 0.0009171719430014491 old loss 0.0009251576266251504 BETTER
I0328 08:53:37.348564 2298265 finetune.py:68] layer 28_gate @ epoch 4 new loss 0.00040675236959941685 old loss 0.00040800494025461376 BETTER
I0328 08:53:41.051457 2298410 finetune.py:68] layer 29_gate @ epoch 3 new loss 0.0005352570442482829 old loss 0.0005370209692046046 BETTER
I0328 08:53:58.364542 2298546 finetune.py:68] layer 30_gate @ epoch 1 new loss 0.0009110849350690842 old loss 0.0009171719430014491 BETTER
I0328 08:54:00.009823 2298676 finetune.py:45] layer 31_gate initial loss 0.002325834007933736
I0328 08:54:11.122318 2298410 finetune.py:68] layer 29_gate @ epoch 4 new loss 0.0005337262409739196 old loss 0.0005352570442482829 BETTER
I0328 08:54:29.269399 2298546 finetune.py:68] layer 30_gate @ epoch 2 new loss 0.0009057738352566957 old loss 0.0009110849350690842 BETTER
I0328 08:54:29.584208 2298676 finetune.py:68] layer 31_gate @ epoch 0 new loss 0.002280675806105137 old loss 0.002325834007933736 BETTER
I0328 08:54:37.824197 2298265 finetune.py:45] layer 28_down initial loss 0.0006694499170407653
I0328 08:55:00.490344 2298546 finetune.py:68] layer 30_gate @ epoch 3 new loss 0.000900871295016259 old loss 0.0009057738352566957 BETTER
I0328 08:55:00.577212 2298676 finetune.py:68] layer 31_gate @ epoch 1 new loss 0.002247363096103072 old loss 0.002280675806105137 BETTER
I0328 08:55:05.646170 2298265 finetune.py:68] layer 28_down @ epoch 0 new loss 0.0006694251205772161 old loss 0.0006694499170407653 BETTER
I0328 08:55:13.406617 2298410 finetune.py:45] layer 29_down initial loss 0.000883877684827894
I0328 08:55:32.244786 2298546 finetune.py:68] layer 30_gate @ epoch 4 new loss 0.0008966770255938172 old loss 0.000900871295016259 BETTER
I0328 08:55:32.457066 2298676 finetune.py:68] layer 31_gate @ epoch 2 new loss 0.002220263471826911 old loss 0.002247363096103072 BETTER
I0328 08:55:35.382773 2298265 finetune.py:68] layer 28_down @ epoch 1 new loss 0.0006694035255350173 old loss 0.0006694251205772161 BETTER
I0328 08:55:40.592056 2298410 finetune.py:68] layer 29_down @ epoch 0 new loss 0.000883838685695082 old loss 0.000883877684827894 BETTER
I0328 08:56:03.807484 2298676 finetune.py:68] layer 31_gate @ epoch 3 new loss 0.0021942835301160812 old loss 0.002220263471826911 BETTER
I0328 08:56:04.837639 2298265 finetune.py:68] layer 28_down @ epoch 2 new loss 0.0006693844916298985 old loss 0.0006694035255350173 BETTER
I0328 08:56:08.360255 2298410 finetune.py:68] layer 29_down @ epoch 1 new loss 0.0008838018984533846 old loss 0.000883838685695082 BETTER
I0328 08:56:35.450199 2298265 finetune.py:68] layer 28_down @ epoch 3 new loss 0.0006693677860312164 old loss 0.0006693844916298985 BETTER
I0328 08:56:35.730767 2298546 finetune.py:45] layer 30_down initial loss 0.0014531132765114307
I0328 08:56:35.997115 2298676 finetune.py:68] layer 31_gate @ epoch 4 new loss 0.0021707089617848396 old loss 0.0021942835301160812 BETTER
I0328 08:56:37.749921 2298410 finetune.py:68] layer 29_down @ epoch 2 new loss 0.0008837755885906518 old loss 0.0008838018984533846 BETTER
I0328 08:57:02.798730 2298546 finetune.py:68] layer 30_down @ epoch 0 new loss 0.0014530615881085396 old loss 0.0014531132765114307 BETTER
I0328 08:57:04.967001 2298265 finetune.py:68] layer 28_down @ epoch 4 new loss 0.0006693534087389708 old loss 0.0006693677860312164 BETTER
I0328 08:57:06.233348 2298410 finetune.py:68] layer 29_down @ epoch 3 new loss 0.0008837526547722518 old loss 0.0008837755885906518 BETTER
28_v proxy err 0.011512141674757004 tr(WHW.T) 601.4844360351562
bpp_loss 3.240106967277825
28_q proxy err 0.0012328102020546794 tr(WHW.T) 23176.83203125
bpp_loss 3.4753784055355936
28_k proxy err 0.0005264454521238804 tr(WHW.T) 14985.248046875
bpp_loss 4.18504592590034
28_o proxy err 0.010420090518891811 tr(WHW.T) 2509.163330078125
bpp_loss 3.0618257126770914
28_up proxy err 0.012304071336984634 tr(WHW.T) 10250.8193359375
bpp_loss 3.0289034597309574
28_gate proxy err 0.0037439456209540367 tr(WHW.T) 35916.50390625
bpp_loss 3.3448714587305273
28_down proxy err 0.013682616874575615 tr(WHW.T) 7248.30419921875
bpp_loss 3.013299362052099
I0328 08:57:30.359982 2298546 finetune.py:68] layer 30_down @ epoch 1 new loss 0.0014530136249959469 old loss 0.0014530615881085396 BETTER
I0328 08:57:34.202329 2298410 finetune.py:68] layer 29_down @ epoch 4 new loss 0.0008837252389639616 old loss 0.0008837526547722518 BETTER
I0328 08:57:36.565936 2298676 finetune.py:45] layer 31_down initial loss 0.0037131505087018013
29_v proxy err 0.008859463967382908 tr(WHW.T) 850.4290161132812
bpp_loss 3.304861934739165
29_q proxy err 0.001485321088694036 tr(WHW.T) 20661.22265625
bpp_loss 3.466782957140822
29_k proxy err 0.0005250644753687084 tr(WHW.T) 16359.7998046875
bpp_loss 4.261561846418772
29_o proxy err 0.006586949806660414 tr(WHW.T) 3105.738525390625
bpp_loss 3.09699562296737
29_up proxy err 0.009581721387803555 tr(WHW.T) 12877.7490234375
bpp_loss 3.0610275022419438
29_gate proxy err 0.0034084783401340246 tr(WHW.T) 38320.26171875
bpp_loss 3.336148329012628
29_down proxy err 0.01122230477631092 tr(WHW.T) 7505.92822265625
bpp_loss 3.0264316509211704
I0328 08:57:58.088043 2298546 finetune.py:68] layer 30_down @ epoch 2 new loss 0.0014529642648994923 old loss 0.0014530136249959469 BETTER
I0328 08:58:03.088927 2298676 finetune.py:68] layer 31_down @ epoch 0 new loss 0.0037128510884940624 old loss 0.0037131505087018013 BETTER
I0328 08:58:25.820197 2298546 finetune.py:68] layer 30_down @ epoch 3 new loss 0.0014529206091538072 old loss 0.0014529642648994923 BETTER
I0328 08:58:30.623445 2298676 finetune.py:68] layer 31_down @ epoch 1 new loss 0.0037125847302377224 old loss 0.0037128510884940624 BETTER
I0328 08:58:53.575594 2298546 finetune.py:68] layer 30_down @ epoch 4 new loss 0.0014528795145452023 old loss 0.0014529206091538072 BETTER
30_v proxy err 0.008092669770121574 tr(WHW.T) 863.060791015625
bpp_loss 3.560670319304336
30_q proxy err 0.0011131031205877662 tr(WHW.T) 24068.1171875
bpp_loss 3.3758743525249884
30_k proxy err 0.0005224320339038968 tr(WHW.T) 14023.71484375
bpp_loss 3.9617789620533586
30_o proxy err 0.004816149361431599 tr(WHW.T) 4874.6630859375
bpp_loss 3.177963017078582
30_up proxy err 0.00566996680572629 tr(WHW.T) 21695.40625
bpp_loss 3.091783242499722
30_gate proxy err 0.002523522125557065 tr(WHW.T) 51793.76171875
bpp_loss 3.3815283313659683
30_down proxy err 0.006385449785739183 tr(WHW.T) 8847.5615234375
bpp_loss 3.02575011963823
I0328 08:58:58.333509 2298676 finetune.py:68] layer 31_down @ epoch 2 new loss 0.0037123472429811954 old loss 0.0037125847302377224 BETTER
I0328 08:59:26.265555 2298676 finetune.py:68] layer 31_down @ epoch 3 new loss 0.003712114179506898 old loss 0.0037123472429811954 BETTER
I0328 08:59:54.012867 2298676 finetune.py:68] layer 31_down @ epoch 4 new loss 0.0037118971813470125 old loss 0.003712114179506898 BETTER
31_v proxy err 0.004055958706885576 tr(WHW.T) 1808.723876953125
bpp_loss 3.4014778035343625
31_q proxy err 0.000644434301648289 tr(WHW.T) 46185.078125
bpp_loss 3.514714469842147
31_k proxy err 0.00039920813287608325 tr(WHW.T) 20464.12109375
bpp_loss 4.16809860127978
31_o proxy err 0.003976029809564352 tr(WHW.T) 2213.546875
bpp_loss 3.1334287517820485
31_up proxy err 0.0017565302550792694 tr(WHW.T) 69012.203125
bpp_loss 3.272709697418447
31_gate proxy err 0.0008973903604783118 tr(WHW.T) 143579.828125
bpp_loss 3.577779886645398
31_down proxy err 0.002442697063088417 tr(WHW.T) 9998.0341796875
bpp_loss 3.049753579710211
I0328 09:00:21.095180 2300078 utils.py:146] Note: detected 128 virtual cores but NumExpr set to maximum of 64, check "NUMEXPR_MAX_THREADS" environment variable.
I0328 09:00:21.095390 2300078 utils.py:149] Note: NumExpr detected 128 cores but "NUMEXPR_MAX_THREADS" not set, so enforcing safe limit of 16.
I0328 09:00:21.095428 2300078 utils.py:162] NumExpr defaulting to 16 threads.
I0328 09:00:21.421347 2300078 config.py:54] PyTorch version 2.6.0 available.
W0328 09:00:21.635369 2300078 warnings.py:109] /opt/conda/lib/python3.10/site-packages/torchvision/io/image.py:13: UserWarning: Failed to load image Python extension: '/opt/conda/lib/python3.10/site-packages/torchvision/image.so: undefined symbol: _ZN3c1017RegisterOperatorsD1Ev'If you don't plan on using image functionality from `torchvision.io`, you can ignore this warning. Otherwise, there might be something wrong with your environment. Did you have `libjpeg` or `libpng` installed before building `torchvision` from source?
  warn(

I0328 09:00:21.745196 2300078 hfize_llama.py:27] LlamaConfig {
  "_attn_implementation_autoset": true,
  "_name_or_path": "../Wparam_dataset/hf_model/meta-llama--Meta-Llama-3-8B",
  "architectures": [
    "LlamaForCausalLM"
  ],
  "attention_bias": false,
  "attention_dropout": 0.0,
  "bos_token_id": 128000,
  "eos_token_id": 128001,
  "head_dim": 128,
  "hidden_act": "silu",
  "hidden_size": 4096,
  "initializer_range": 0.02,
  "intermediate_size": 14336,
  "max_position_embeddings": 8192,
  "mlp_bias": false,
  "model_type": "llama",
  "num_attention_heads": 32,
  "num_hidden_layers": 32,
  "num_key_value_heads": 8,
  "pretraining_tp": 1,
  "quip_params": {},
  "rms_norm_eps": 1e-05,
  "rope_scaling": null,
  "rope_theta": 500000.0,
  "tie_word_embeddings": false,
  "torch_dtype": "float32",
  "transformers_version": "4.47.1",
  "use_cache": true,
  "vocab_size": 128256
}

Loading checkpoint shards:   0%|          | 0/7 [00:00<?, ?it/s]Loading checkpoint shards:  14%|█▍        | 1/7 [00:00<00:00,  7.60it/s]Loading checkpoint shards:  29%|██▊       | 2/7 [00:00<00:00,  8.46it/s]Loading checkpoint shards:  43%|████▎     | 3/7 [00:00<00:00,  8.79it/s]Loading checkpoint shards:  57%|█████▋    | 4/7 [00:00<00:00,  9.02it/s]Loading checkpoint shards:  71%|███████▏  | 5/7 [00:00<00:00,  9.20it/s]Loading checkpoint shards:  86%|████████▌ | 6/7 [00:00<00:00,  9.13it/s]Loading checkpoint shards: 100%|██████████| 7/7 [00:00<00:00,  9.37it/s]Loading checkpoint shards: 100%|██████████| 7/7 [00:00<00:00,  9.06it/s]
Loading checkpoint shards:   0%|          | 0/7 [00:00<?, ?it/s]Loading checkpoint shards:  14%|█▍        | 1/7 [00:00<00:00,  9.19it/s]Loading checkpoint shards:  29%|██▊       | 2/7 [00:00<00:00,  9.36it/s]Loading checkpoint shards:  43%|████▎     | 3/7 [00:00<00:00,  9.34it/s]Loading checkpoint shards:  57%|█████▋    | 4/7 [00:00<00:00,  9.33it/s]Loading checkpoint shards:  71%|███████▏  | 5/7 [00:00<00:00,  9.33it/s]Loading checkpoint shards:  86%|████████▌ | 6/7 [00:00<00:00,  9.26it/s]Loading checkpoint shards: 100%|██████████| 7/7 [00:00<00:00,  9.39it/s]Loading checkpoint shards: 100%|██████████| 7/7 [00:00<00:00,  9.34it/s]
I0328 09:00:24.639908 2300078 hfize_llama.py:153] loaded layer 0
I0328 09:00:25.290208 2300078 hfize_llama.py:153] loaded layer 1
I0328 09:00:25.904135 2300078 hfize_llama.py:153] loaded layer 2
I0328 09:00:26.559254 2300078 hfize_llama.py:153] loaded layer 3
I0328 09:00:27.188136 2300078 hfize_llama.py:153] loaded layer 4
I0328 09:00:27.792797 2300078 hfize_llama.py:153] loaded layer 5
I0328 09:00:28.412250 2300078 hfize_llama.py:153] loaded layer 6
I0328 09:00:29.062556 2300078 hfize_llama.py:153] loaded layer 7
I0328 09:00:29.705710 2300078 hfize_llama.py:153] loaded layer 8
I0328 09:00:30.294601 2300078 hfize_llama.py:153] loaded layer 9
I0328 09:00:30.920205 2300078 hfize_llama.py:153] loaded layer 10
I0328 09:00:31.592545 2300078 hfize_llama.py:153] loaded layer 11
I0328 09:00:32.244596 2300078 hfize_llama.py:153] loaded layer 12
I0328 09:00:32.897579 2300078 hfize_llama.py:153] loaded layer 13
I0328 09:00:33.611274 2300078 hfize_llama.py:153] loaded layer 14
I0328 09:00:34.272841 2300078 hfize_llama.py:153] loaded layer 15
I0328 09:00:35.021325 2300078 hfize_llama.py:153] loaded layer 16
I0328 09:00:35.682857 2300078 hfize_llama.py:153] loaded layer 17
I0328 09:00:36.340158 2300078 hfize_llama.py:153] loaded layer 18
I0328 09:00:37.005082 2300078 hfize_llama.py:153] loaded layer 19
I0328 09:00:37.696111 2300078 hfize_llama.py:153] loaded layer 20
I0328 09:00:38.344796 2300078 hfize_llama.py:153] loaded layer 21
I0328 09:00:38.993998 2300078 hfize_llama.py:153] loaded layer 22
I0328 09:00:39.612656 2300078 hfize_llama.py:153] loaded layer 23
I0328 09:00:40.223037 2300078 hfize_llama.py:153] loaded layer 24
I0328 09:00:40.850771 2300078 hfize_llama.py:153] loaded layer 25
I0328 09:00:41.512278 2300078 hfize_llama.py:153] loaded layer 26
I0328 09:00:42.196260 2300078 hfize_llama.py:153] loaded layer 27
I0328 09:00:42.804507 2300078 hfize_llama.py:153] loaded layer 28
I0328 09:00:43.453137 2300078 hfize_llama.py:153] loaded layer 29
I0328 09:00:44.063253 2300078 hfize_llama.py:153] loaded layer 30
I0328 09:00:44.747658 2300078 hfize_llama.py:153] loaded layer 31
I0328 09:00:44.747787 2300078 hfize_llama.py:157] saving model...
Loading checkpoint shards:   0%|          | 0/7 [00:00<?, ?it/s]Loading checkpoint shards:  14%|█▍        | 1/7 [00:01<00:07,  1.21s/it]Loading checkpoint shards:  29%|██▊       | 2/7 [00:02<00:05,  1.14s/it]Loading checkpoint shards:  43%|████▎     | 3/7 [00:03<00:04,  1.02s/it]Loading checkpoint shards:  57%|█████▋    | 4/7 [00:04<00:02,  1.03it/s]Loading checkpoint shards:  71%|███████▏  | 5/7 [00:04<00:01,  1.10it/s]Loading checkpoint shards:  86%|████████▌ | 6/7 [00:05<00:00,  1.19it/s]Loading checkpoint shards: 100%|██████████| 7/7 [00:06<00:00,  1.37it/s]Loading checkpoint shards: 100%|██████████| 7/7 [00:06<00:00,  1.15it/s]
I0328 09:01:30.806644 2300078 hfize_llama.py:167] successfully loaded hfized model
I0328 09:01:35.638405 2300368 utils.py:146] Note: detected 128 virtual cores but NumExpr set to maximum of 64, check "NUMEXPR_MAX_THREADS" environment variable.
I0328 09:01:35.638587 2300368 utils.py:149] Note: NumExpr detected 128 cores but "NUMEXPR_MAX_THREADS" not set, so enforcing safe limit of 16.
I0328 09:01:35.638630 2300368 utils.py:162] NumExpr defaulting to 16 threads.
W0328 09:01:35.987443 2300368 warnings.py:109] /opt/conda/lib/python3.10/site-packages/torchvision/io/image.py:13: UserWarning: Failed to load image Python extension: '/opt/conda/lib/python3.10/site-packages/torchvision/image.so: undefined symbol: _ZN3c1017RegisterOperatorsD1Ev'If you don't plan on using image functionality from `torchvision.io`, you can ignore this warning. Otherwise, there might be something wrong with your environment. Did you have `libjpeg` or `libpng` installed before building `torchvision` from source?
  warn(

I0328 09:01:36.362032 2300368 modeling.py:990] We will use 90% of the memory on device 0 for storing the model, and 10% for the buffer to avoid OOM. You can set `max_memory` in to a higher value to use more memory (at your own risk).
Loading checkpoint shards:   0%|          | 0/7 [00:00<?, ?it/s]Loading checkpoint shards:  14%|█▍        | 1/7 [00:01<00:06,  1.09s/it]Loading checkpoint shards:  29%|██▊       | 2/7 [00:02<00:05,  1.08s/it]Loading checkpoint shards:  43%|████▎     | 3/7 [00:03<00:04,  1.17s/it]Loading checkpoint shards:  57%|█████▋    | 4/7 [00:04<00:03,  1.14s/it]Loading checkpoint shards:  71%|███████▏  | 5/7 [00:05<00:02,  1.09s/it]Loading checkpoint shards:  86%|████████▌ | 6/7 [00:06<00:01,  1.05s/it]Loading checkpoint shards: 100%|██████████| 7/7 [00:07<00:00,  1.11it/s]Loading checkpoint shards: 100%|██████████| 7/7 [00:07<00:00,  1.01s/it]
I0328 09:01:43.569809 2300368 config.py:54] PyTorch version 2.6.0 available.
