I0328 13:44:12.308957 2311835 finetune.py:68] layer 9_down @ epoch 0 new loss 3.274478149251081e-05 old loss 3.27463167195674e-05 BETTER
I0328 13:44:22.453379 2311765 finetune.py:68] layer 8_down @ epoch 1 new loss 3.0653030989924446e-05 old loss 3.065416603931226e-05 BETTER
I0328 13:44:27.511177 2311975 finetune.py:68] layer 11_gate @ epoch 3 new loss 2.470988874847535e-05 old loss 2.4830904294503853e-05 BETTER
I0328 13:44:39.575787 2311835 finetune.py:68] layer 9_down @ epoch 1 new loss 3.27438028762117e-05 old loss 3.274478149251081e-05 BETTER
I0328 13:44:51.462315 2311765 finetune.py:68] layer 8_down @ epoch 2 new loss 3.06522379105445e-05 old loss 3.0653030989924446e-05 BETTER
I0328 13:44:57.328856 2311975 finetune.py:68] layer 11_gate @ epoch 4 new loss 2.4597715309937485e-05 old loss 2.470988874847535e-05 BETTER
I0328 13:45:00.196917 2311905 finetune.py:45] layer 10_down initial loss 3.5959565138909966e-05
I0328 13:45:07.073500 2311835 finetune.py:68] layer 9_down @ epoch 2 new loss 3.274274422437884e-05 old loss 3.27438028762117e-05 BETTER
I0328 13:45:20.435747 2311765 finetune.py:68] layer 8_down @ epoch 3 new loss 3.065168857574463e-05 old loss 3.06522379105445e-05 BETTER
I0328 13:45:26.458750 2311905 finetune.py:68] layer 10_down @ epoch 0 new loss 3.595768066588789e-05 old loss 3.5959565138909966e-05 BETTER
I0328 13:45:34.807893 2311835 finetune.py:68] layer 9_down @ epoch 3 new loss 3.274218033766374e-05 old loss 3.274274422437884e-05 BETTER
I0328 13:45:49.534825 2311765 finetune.py:68] layer 8_down @ epoch 4 new loss 3.0651266570203006e-05 old loss 3.065168857574463e-05 BETTER
8_v proxy err 0.007890093140304089 tr(WHW.T) 257.7052307128906
bpp_loss 3.4683211958617903
8_q proxy err 0.0003269006556365639 tr(WHW.T) 26602.21875
bpp_loss 4.354554217716213
8_k proxy err 0.0001072230952559039 tr(WHW.T) 22514.248046875
bpp_loss 5.371841107145883
8_o proxy err 0.007447015028446913 tr(WHW.T) 747.7518310546875
bpp_loss 3.5958256295416504
8_up proxy err 0.0048870062455534935 tr(WHW.T) 8495.2470703125
bpp_loss 3.7153718012518118
8_gate proxy err 0.001137229846790433 tr(WHW.T) 37231.0234375
bpp_loss 4.037907732584115
8_down proxy err 0.006276730913668871 tr(WHW.T) 6497.8740234375
bpp_loss 3.7211413097102195
I0328 13:45:54.055355 2311905 finetune.py:68] layer 10_down @ epoch 1 new loss 3.595639282139018e-05 old loss 3.595768066588789e-05 BETTER
I0328 13:45:54.951672 2311975 finetune.py:45] layer 11_down initial loss 3.704824484884739e-05
I0328 13:46:02.636054 2311835 finetune.py:68] layer 9_down @ epoch 4 new loss 3.2741911127232015e-05 old loss 3.274218033766374e-05 BETTER
9_v proxy err 0.005864504259079695 tr(WHW.T) 351.4288024902344
bpp_loss 3.5703512911568396
9_q proxy err 0.0003417102852836251 tr(WHW.T) 25657.380859375
bpp_loss 4.367280971433502
9_k proxy err 0.00011674543929984793 tr(WHW.T) 20937.44140625
bpp_loss 5.393861882505007
9_o proxy err 0.006619826890528202 tr(WHW.T) 778.2363891601562
bpp_loss 3.6523098272737116
9_up proxy err 0.004623073153197765 tr(WHW.T) 8969.671875
bpp_loss 3.7251878272342895
9_gate proxy err 0.0010743810562416911 tr(WHW.T) 39395.5078125
bpp_loss 4.053428317553231
9_down proxy err 0.006216232664883137 tr(WHW.T) 6283.01708984375
bpp_loss 3.722787765852575
I0328 13:46:21.066673 2311975 finetune.py:68] layer 11_down @ epoch 0 new loss 3.704598930198699e-05 old loss 3.704824484884739e-05 BETTER
I0328 13:46:22.479007 2311905 finetune.py:68] layer 10_down @ epoch 2 new loss 3.595548332668841e-05 old loss 3.595639282139018e-05 BETTER
I0328 13:46:48.006146 2311975 finetune.py:68] layer 11_down @ epoch 1 new loss 3.7044555938337e-05 old loss 3.704598930198699e-05 BETTER
I0328 13:46:50.202251 2311905 finetune.py:68] layer 10_down @ epoch 3 new loss 3.59545556420926e-05 old loss 3.595548332668841e-05 BETTER
I0328 13:47:14.997742 2311068 quantize_finetune_llama.py:240] computed original embedding for layer 12 in 67.2328794002533s
I0328 13:47:15.015631 2311975 finetune.py:68] layer 11_down @ epoch 2 new loss 3.704365008161403e-05 old loss 3.7044555938337e-05 BETTER
I0328 13:47:18.047614 2311905 finetune.py:68] layer 10_down @ epoch 4 new loss 3.595400630729273e-05 old loss 3.59545556420926e-05 BETTER
I0328 13:47:18.955466 2312045 utils.py:146] Note: detected 128 virtual cores but NumExpr set to maximum of 64, check "NUMEXPR_MAX_THREADS" environment variable.
I0328 13:47:18.955563 2312045 utils.py:149] Note: NumExpr detected 128 cores but "NUMEXPR_MAX_THREADS" not set, so enforcing safe limit of 16.
I0328 13:47:18.955604 2312045 utils.py:162] NumExpr defaulting to 16 threads.
I0328 13:47:19.341879 2312045 config.py:54] PyTorch version 2.6.0 available.
W0328 13:47:19.557270 2312045 warnings.py:109] /opt/conda/lib/python3.10/site-packages/torchvision/io/image.py:13: UserWarning: Failed to load image Python extension: '/opt/conda/lib/python3.10/site-packages/torchvision/image.so: undefined symbol: _ZN3c1017RegisterOperatorsD1Ev'If you don't plan on using image functionality from `torchvision.io`, you can ignore this warning. Otherwise, there might be something wrong with your environment. Did you have `libjpeg` or `libpng` installed before building `torchvision` from source?
  warn(

10_v proxy err 0.007751310244202614 tr(WHW.T) 251.83889770507812
bpp_loss 3.4585876609780826
10_q proxy err 0.00035832164576277137 tr(WHW.T) 23344.578125
bpp_loss 4.3698999780463055
10_k proxy err 0.00012007572513539344 tr(WHW.T) 19735.16015625
bpp_loss 5.396097969962284
10_o proxy err 0.008107205852866173 tr(WHW.T) 682.7929077148438
bpp_loss 3.5882373247877695
10_up proxy err 0.004553766455501318 tr(WHW.T) 9196.470703125
bpp_loss 3.7418894287464872
10_gate proxy err 0.001139939296990633 tr(WHW.T) 37377.82421875
bpp_loss 4.020924937312624
10_down proxy err 0.006035543512552977 tr(WHW.T) 6534.431640625
bpp_loss 3.7395023504338627
W0328 13:47:20.132538 2312045 warnings.py:109] /opt/conda/lib/python3.10/site-packages/compressai/models/video/google.py:353: FutureWarning: `torch.cuda.amp.autocast(args...)` is deprecated. Please use `torch.amp.autocast('cuda', args...)` instead.
  @amp.autocast(enabled=False)

I0328 13:47:20.136345 2311068 quantize_finetune_llama.py:209] layer 13 gpu 1
I0328 13:47:20.152333 2312045 data_utils.py:336] using 256 training seqs, 128 validation seqs
The attention layers in this model are transitioning from computing the RoPE embeddings internally through `position_ids` (2D tensor with the indexes of the tokens), to using externally computed `position_embeddings` (Tuple of tensors, containing cos and sin). In v4.46 `position_ids` will be removed and `position_embeddings` will be mandatory.
I0328 13:47:36.868361 2312045 finetune.py:45] layer 12_v initial loss 7.4750359999598e-06
W0328 13:47:36.868708 2312045 warnings.py:109] /workspace/Weight_compression/comp_lm_qtip/lib/algo/finetune.py:46: FutureWarning: `torch.cuda.amp.GradScaler(args...)` is deprecated. Please use `torch.amp.GradScaler('cuda', args...)` instead.
  scaler = torch.cuda.amp.GradScaler(enabled=(orig_dtype==torch.float16))

I0328 13:47:42.308334 2311975 finetune.py:68] layer 11_down @ epoch 3 new loss 3.7042984331492335e-05 old loss 3.704365008161403e-05 BETTER
I0328 13:48:09.643049 2311975 finetune.py:68] layer 11_down @ epoch 4 new loss 3.704238042701036e-05 old loss 3.7042984331492335e-05 BETTER
11_v proxy err 0.006386489607393742 tr(WHW.T) 319.5691223144531
bpp_loss 3.4631955435033888
11_q proxy err 0.0003910528321284801 tr(WHW.T) 22193.1796875
bpp_loss 4.303337338322308
11_k proxy err 0.00013411651889327914 tr(WHW.T) 18013.193359375
bpp_loss 5.394663315848447
11_o proxy err 0.00825820118188858 tr(WHW.T) 567.80224609375
bpp_loss 3.607899900758639
11_up proxy err 0.004456609021872282 tr(WHW.T) 9194.2294921875
bpp_loss 3.747036474025143
11_gate proxy err 0.0011303451610729098 tr(WHW.T) 36851.72265625
bpp_loss 4.000117759952055
11_down proxy err 0.00577553128823638 tr(WHW.T) 6666.533203125
bpp_loss 3.746995138569868
I0328 13:48:11.844861 2312045 finetune.py:68] layer 12_v @ epoch 0 new loss 5.602269993687514e-06 old loss 7.4750359999598e-06 BETTER
I0328 13:48:25.981211 2311068 quantize_finetune_llama.py:240] computed original embedding for layer 13 in 63.59062385559082s
I0328 13:48:29.748154 2312115 utils.py:146] Note: detected 128 virtual cores but NumExpr set to maximum of 64, check "NUMEXPR_MAX_THREADS" environment variable.
I0328 13:48:29.748249 2312115 utils.py:149] Note: NumExpr detected 128 cores but "NUMEXPR_MAX_THREADS" not set, so enforcing safe limit of 16.
I0328 13:48:29.748286 2312115 utils.py:162] NumExpr defaulting to 16 threads.
I0328 13:48:30.106880 2312115 config.py:54] PyTorch version 2.6.0 available.
W0328 13:48:30.292702 2312115 warnings.py:109] /opt/conda/lib/python3.10/site-packages/torchvision/io/image.py:13: UserWarning: Failed to load image Python extension: '/opt/conda/lib/python3.10/site-packages/torchvision/image.so: undefined symbol: _ZN3c1017RegisterOperatorsD1Ev'If you don't plan on using image functionality from `torchvision.io`, you can ignore this warning. Otherwise, there might be something wrong with your environment. Did you have `libjpeg` or `libpng` installed before building `torchvision` from source?
  warn(

W0328 13:48:30.876531 2312115 warnings.py:109] /opt/conda/lib/python3.10/site-packages/compressai/models/video/google.py:353: FutureWarning: `torch.cuda.amp.autocast(args...)` is deprecated. Please use `torch.amp.autocast('cuda', args...)` instead.
  @amp.autocast(enabled=False)

I0328 13:48:30.880441 2311068 quantize_finetune_llama.py:209] layer 14 gpu 2
I0328 13:48:30.894186 2312115 data_utils.py:336] using 256 training seqs, 128 validation seqs
The attention layers in this model are transitioning from computing the RoPE embeddings internally through `position_ids` (2D tensor with the indexes of the tokens), to using externally computed `position_embeddings` (Tuple of tensors, containing cos and sin). In v4.46 `position_ids` will be removed and `position_embeddings` will be mandatory.
I0328 13:48:48.068390 2312115 finetune.py:45] layer 13_v initial loss 7.683724106755108e-06
W0328 13:48:48.068581 2312115 warnings.py:109] /workspace/Weight_compression/comp_lm_qtip/lib/algo/finetune.py:46: FutureWarning: `torch.cuda.amp.GradScaler(args...)` is deprecated. Please use `torch.amp.GradScaler('cuda', args...)` instead.
  scaler = torch.cuda.amp.GradScaler(enabled=(orig_dtype==torch.float16))

I0328 13:48:48.192064 2312045 finetune.py:68] layer 12_v @ epoch 1 new loss 5.321950993675273e-06 old loss 5.602269993687514e-06 BETTER
I0328 13:49:21.186360 2312115 finetune.py:68] layer 13_v @ epoch 0 new loss 5.924906872678548e-06 old loss 7.683724106755108e-06 BETTER
I0328 13:49:25.081651 2312045 finetune.py:68] layer 12_v @ epoch 2 new loss 5.146838702785317e-06 old loss 5.321950993675273e-06 BETTER
I0328 13:49:35.152294 2311068 quantize_finetune_llama.py:240] computed original embedding for layer 14 in 63.788904905319214s
I0328 13:49:38.914102 2312185 utils.py:146] Note: detected 128 virtual cores but NumExpr set to maximum of 64, check "NUMEXPR_MAX_THREADS" environment variable.
I0328 13:49:38.914216 2312185 utils.py:149] Note: NumExpr detected 128 cores but "NUMEXPR_MAX_THREADS" not set, so enforcing safe limit of 16.
I0328 13:49:38.914259 2312185 utils.py:162] NumExpr defaulting to 16 threads.
I0328 13:49:39.269646 2312185 config.py:54] PyTorch version 2.6.0 available.
W0328 13:49:39.480071 2312185 warnings.py:109] /opt/conda/lib/python3.10/site-packages/torchvision/io/image.py:13: UserWarning: Failed to load image Python extension: '/opt/conda/lib/python3.10/site-packages/torchvision/image.so: undefined symbol: _ZN3c1017RegisterOperatorsD1Ev'If you don't plan on using image functionality from `torchvision.io`, you can ignore this warning. Otherwise, there might be something wrong with your environment. Did you have `libjpeg` or `libpng` installed before building `torchvision` from source?
  warn(

W0328 13:49:40.090657 2312185 warnings.py:109] /opt/conda/lib/python3.10/site-packages/compressai/models/video/google.py:353: FutureWarning: `torch.cuda.amp.autocast(args...)` is deprecated. Please use `torch.amp.autocast('cuda', args...)` instead.
  @amp.autocast(enabled=False)

I0328 13:49:40.094564 2311068 quantize_finetune_llama.py:209] layer 15 gpu 3
I0328 13:49:40.108837 2312185 data_utils.py:336] using 256 training seqs, 128 validation seqs
The attention layers in this model are transitioning from computing the RoPE embeddings internally through `position_ids` (2D tensor with the indexes of the tokens), to using externally computed `position_embeddings` (Tuple of tensors, containing cos and sin). In v4.46 `position_ids` will be removed and `position_embeddings` will be mandatory.
I0328 13:49:55.717538 2312115 finetune.py:68] layer 13_v @ epoch 1 new loss 5.6375397434749175e-06 old loss 5.924906872678548e-06 BETTER
I0328 13:49:57.759840 2312185 finetune.py:45] layer 14_v initial loss 8.38887171994429e-06
W0328 13:49:57.760205 2312185 warnings.py:109] /workspace/Weight_compression/comp_lm_qtip/lib/algo/finetune.py:46: FutureWarning: `torch.cuda.amp.GradScaler(args...)` is deprecated. Please use `torch.amp.GradScaler('cuda', args...)` instead.
  scaler = torch.cuda.amp.GradScaler(enabled=(orig_dtype==torch.float16))

I0328 13:50:01.970200 2312045 finetune.py:68] layer 12_v @ epoch 3 new loss 5.053647782915505e-06 old loss 5.146838702785317e-06 BETTER
I0328 13:50:30.582922 2312115 finetune.py:68] layer 13_v @ epoch 2 new loss 5.475547368405387e-06 old loss 5.6375397434749175e-06 BETTER
I0328 13:50:31.388953 2312185 finetune.py:68] layer 14_v @ epoch 0 new loss 6.529534857691033e-06 old loss 8.38887171994429e-06 BETTER
I0328 13:50:39.038426 2312045 finetune.py:68] layer 12_v @ epoch 4 new loss 5.024775873607723e-06 old loss 5.053647782915505e-06 BETTER
I0328 13:50:45.298458 2311068 quantize_finetune_llama.py:240] computed original embedding for layer 15 in 64.70020127296448s
I0328 13:50:49.010159 2312255 utils.py:146] Note: detected 128 virtual cores but NumExpr set to maximum of 64, check "NUMEXPR_MAX_THREADS" environment variable.
I0328 13:50:49.010256 2312255 utils.py:149] Note: NumExpr detected 128 cores but "NUMEXPR_MAX_THREADS" not set, so enforcing safe limit of 16.
I0328 13:50:49.010294 2312255 utils.py:162] NumExpr defaulting to 16 threads.
I0328 13:50:49.389286 2312255 config.py:54] PyTorch version 2.6.0 available.
W0328 13:50:49.588780 2312255 warnings.py:109] /opt/conda/lib/python3.10/site-packages/torchvision/io/image.py:13: UserWarning: Failed to load image Python extension: '/opt/conda/lib/python3.10/site-packages/torchvision/image.so: undefined symbol: _ZN3c1017RegisterOperatorsD1Ev'If you don't plan on using image functionality from `torchvision.io`, you can ignore this warning. Otherwise, there might be something wrong with your environment. Did you have `libjpeg` or `libpng` installed before building `torchvision` from source?
  warn(

W0328 13:50:50.253347 2312255 warnings.py:109] /opt/conda/lib/python3.10/site-packages/compressai/models/video/google.py:353: FutureWarning: `torch.cuda.amp.autocast(args...)` is deprecated. Please use `torch.amp.autocast('cuda', args...)` instead.
  @amp.autocast(enabled=False)

I0328 13:50:50.256865 2311068 quantize_finetune_llama.py:209] layer 16 gpu 0
I0328 13:50:50.269716 2312255 data_utils.py:336] using 256 training seqs, 128 validation seqs
I0328 13:50:58.165623 2312045 finetune.py:45] layer 12_q initial loss 5.931286978011485e-06
The attention layers in this model are transitioning from computing the RoPE embeddings internally through `position_ids` (2D tensor with the indexes of the tokens), to using externally computed `position_embeddings` (Tuple of tensors, containing cos and sin). In v4.46 `position_ids` will be removed and `position_embeddings` will be mandatory.
I0328 13:51:06.083518 2312115 finetune.py:68] layer 13_v @ epoch 3 new loss 5.363273885450326e-06 old loss 5.475547368405387e-06 BETTER
I0328 13:51:06.552129 2312185 finetune.py:68] layer 14_v @ epoch 1 new loss 6.22454535914585e-06 old loss 6.529534857691033e-06 BETTER
I0328 13:51:08.646310 2312255 finetune.py:45] layer 15_v initial loss 1.1247261682001408e-05
W0328 13:51:08.646570 2312255 warnings.py:109] /workspace/Weight_compression/comp_lm_qtip/lib/algo/finetune.py:46: FutureWarning: `torch.cuda.amp.GradScaler(args...)` is deprecated. Please use `torch.amp.GradScaler('cuda', args...)` instead.
  scaler = torch.cuda.amp.GradScaler(enabled=(orig_dtype==torch.float16))

I0328 13:51:33.349853 2312045 finetune.py:68] layer 12_q @ epoch 0 new loss 5.728825271944515e-06 old loss 5.931286978011485e-06 BETTER
I0328 13:51:41.761929 2312115 finetune.py:68] layer 13_v @ epoch 4 new loss 5.2921132009942085e-06 old loss 5.363273885450326e-06 BETTER
I0328 13:51:42.206023 2312185 finetune.py:68] layer 14_v @ epoch 2 new loss 6.0491342992463615e-06 old loss 6.22454535914585e-06 BETTER
I0328 13:51:42.306454 2312255 finetune.py:68] layer 15_v @ epoch 0 new loss 7.262317922140937e-06 old loss 1.1247261682001408e-05 BETTER
I0328 13:52:01.161550 2312115 finetune.py:45] layer 13_q initial loss 6.3651978052803315e-06
I0328 13:52:09.666066 2312045 finetune.py:68] layer 12_q @ epoch 1 new loss 5.6412764024571516e-06 old loss 5.728825271944515e-06 BETTER
I0328 13:52:16.581548 2312255 finetune.py:68] layer 15_v @ epoch 1 new loss 6.82760628478718e-06 old loss 7.262317922140937e-06 BETTER
I0328 13:52:17.344406 2312185 finetune.py:68] layer 14_v @ epoch 3 new loss 5.930621227889787e-06 old loss 6.0491342992463615e-06 BETTER
I0328 13:52:34.596698 2312115 finetune.py:68] layer 13_q @ epoch 0 new loss 6.248149929888314e-06 old loss 6.3651978052803315e-06 BETTER
I0328 13:52:46.121723 2312045 finetune.py:68] layer 12_q @ epoch 2 new loss 5.570417670242023e-06 old loss 5.6412764024571516e-06 BETTER
I0328 13:52:51.231432 2312255 finetune.py:68] layer 15_v @ epoch 2 new loss 6.5957078732026275e-06 old loss 6.82760628478718e-06 BETTER
I0328 13:52:52.779658 2312185 finetune.py:68] layer 14_v @ epoch 4 new loss 5.863602382305544e-06 old loss 5.930621227889787e-06 BETTER
I0328 13:53:09.012308 2312115 finetune.py:68] layer 13_q @ epoch 1 new loss 6.16437682765536e-06 old loss 6.248149929888314e-06 BETTER
I0328 13:53:12.467428 2312185 finetune.py:45] layer 14_q initial loss 7.329754225793295e-06
I0328 13:53:22.720485 2312045 finetune.py:68] layer 12_q @ epoch 3 new loss 5.489151590154506e-06 old loss 5.570417670242023e-06 BETTER
I0328 13:53:25.865206 2312255 finetune.py:68] layer 15_v @ epoch 3 new loss 6.446954103012104e-06 old loss 6.5957078732026275e-06 BETTER
I0328 13:53:43.574384 2312115 finetune.py:68] layer 13_q @ epoch 2 new loss 6.101326562202303e-06 old loss 6.16437682765536e-06 BETTER
I0328 13:53:46.217449 2312185 finetune.py:68] layer 14_q @ epoch 0 new loss 7.1505605774291325e-06 old loss 7.329754225793295e-06 BETTER
I0328 13:53:59.460772 2312045 finetune.py:68] layer 12_q @ epoch 4 new loss 5.437319032353116e-06 old loss 5.489151590154506e-06 BETTER
I0328 13:54:00.681683 2312255 finetune.py:68] layer 15_v @ epoch 4 new loss 6.337341346807079e-06 old loss 6.446954103012104e-06 BETTER
I0328 13:54:17.326654 2312045 finetune.py:45] layer 12_k initial loss 5.798812253487995e-06
I0328 13:54:18.479553 2312115 finetune.py:68] layer 13_q @ epoch 3 new loss 6.0475522332126275e-06 old loss 6.101326562202303e-06 BETTER
I0328 13:54:21.152298 2312185 finetune.py:68] layer 14_q @ epoch 1 new loss 7.03269461155287e-06 old loss 7.1505605774291325e-06 BETTER
I0328 13:54:21.362915 2312255 finetune.py:45] layer 15_q initial loss 7.216053290903801e-06
I0328 13:54:53.378908 2312045 finetune.py:68] layer 12_k @ epoch 0 new loss 5.6999465414264705e-06 old loss 5.798812253487995e-06 BETTER
I0328 13:54:53.829060 2312115 finetune.py:68] layer 13_q @ epoch 4 new loss 6.003612725180574e-06 old loss 6.0475522332126275e-06 BETTER
I0328 13:54:55.054957 2312255 finetune.py:68] layer 15_q @ epoch 0 new loss 7.082976026140386e-06 old loss 7.216053290903801e-06 BETTER
I0328 13:54:56.390663 2312185 finetune.py:68] layer 14_q @ epoch 2 new loss 6.962229235796258e-06 old loss 7.03269461155287e-06 BETTER
I0328 13:55:11.963145 2312115 finetune.py:45] layer 13_k initial loss 6.27965573585243e-06
I0328 13:55:29.698550 2312255 finetune.py:68] layer 15_q @ epoch 1 new loss 6.985452273511328e-06 old loss 7.082976026140386e-06 BETTER
I0328 13:55:30.120712 2312045 finetune.py:68] layer 12_k @ epoch 1 new loss 5.663324373017531e-06 old loss 5.6999465414264705e-06 BETTER
I0328 13:55:31.399147 2312185 finetune.py:68] layer 14_q @ epoch 3 new loss 6.8788644966844e-06 old loss 6.962229235796258e-06 BETTER
I0328 13:55:45.644810 2312115 finetune.py:68] layer 13_k @ epoch 0 new loss 6.23191181148286e-06 old loss 6.27965573585243e-06 BETTER
I0328 13:56:04.431218 2312255 finetune.py:68] layer 15_q @ epoch 2 new loss 6.904959263920318e-06 old loss 6.985452273511328e-06 BETTER
I0328 13:56:06.660699 2312185 finetune.py:68] layer 14_q @ epoch 4 new loss 6.817805115133524e-06 old loss 6.8788644966844e-06 BETTER
I0328 13:56:06.987304 2312045 finetune.py:68] layer 12_k @ epoch 2 new loss 5.617287115455838e-06 old loss 5.663324373017531e-06 BETTER
I0328 13:56:19.793498 2312115 finetune.py:68] layer 13_k @ epoch 1 new loss 6.193304670887301e-06 old loss 6.23191181148286e-06 BETTER
I0328 13:56:24.980095 2312185 finetune.py:45] layer 14_k initial loss 7.3107853495457675e-06
I0328 13:56:38.665589 2312255 finetune.py:68] layer 15_q @ epoch 3 new loss 6.842361017334042e-06 old loss 6.904959263920318e-06 BETTER
I0328 13:56:43.458499 2312045 finetune.py:68] layer 12_k @ epoch 3 new loss 5.578155651164707e-06 old loss 5.617287115455838e-06 BETTER
I0328 13:56:54.226467 2312115 finetune.py:68] layer 13_k @ epoch 2 new loss 6.167565970827127e-06 old loss 6.193304670887301e-06 BETTER
I0328 13:56:58.583592 2312185 finetune.py:68] layer 14_k @ epoch 0 new loss 7.219268809421919e-06 old loss 7.3107853495457675e-06 BETTER
I0328 13:57:13.011031 2312255 finetune.py:68] layer 15_q @ epoch 4 new loss 6.797250534873456e-06 old loss 6.842361017334042e-06 BETTER
I0328 13:57:20.045688 2312045 finetune.py:68] layer 12_k @ epoch 4 new loss 5.5475443332397845e-06 old loss 5.578155651164707e-06 BETTER
I0328 13:57:28.967472 2312115 finetune.py:68] layer 13_k @ epoch 3 new loss 6.139358902146341e-06 old loss 6.167565970827127e-06 BETTER
I0328 13:57:31.258800 2312255 finetune.py:45] layer 15_k initial loss 7.172941423050361e-06
I0328 13:57:33.046912 2312185 finetune.py:68] layer 14_k @ epoch 1 new loss 7.163579994085012e-06 old loss 7.219268809421919e-06 BETTER
I0328 13:57:40.256363 2312045 finetune.py:45] layer 12_o initial loss 1.2767229236487765e-05
I0328 13:58:03.576772 2312115 finetune.py:68] layer 13_k @ epoch 4 new loss 6.121768365119351e-06 old loss 6.139358902146341e-06 BETTER
I0328 13:58:04.320780 2312255 finetune.py:68] layer 15_k @ epoch 0 new loss 7.089936843840405e-06 old loss 7.172941423050361e-06 BETTER
I0328 13:58:07.605651 2312185 finetune.py:68] layer 14_k @ epoch 2 new loss 7.121044745872496e-06 old loss 7.163579994085012e-06 BETTER
I0328 13:58:14.704959 2312045 finetune.py:68] layer 12_o @ epoch 0 new loss 1.2408952898113057e-05 old loss 1.2767229236487765e-05 BETTER
I0328 13:58:23.605875 2312115 finetune.py:45] layer 13_o initial loss 1.5482331946259364e-05
I0328 13:58:38.586107 2312255 finetune.py:68] layer 15_k @ epoch 1 new loss 7.041706339805387e-06 old loss 7.089936843840405e-06 BETTER
I0328 13:58:42.188132 2312185 finetune.py:68] layer 14_k @ epoch 3 new loss 7.081587227730779e-06 old loss 7.121044745872496e-06 BETTER
I0328 13:58:50.421491 2312045 finetune.py:68] layer 12_o @ epoch 1 new loss 1.2201392564747948e-05 old loss 1.2408952898113057e-05 BETTER
I0328 13:58:56.266509 2312115 finetune.py:68] layer 13_o @ epoch 0 new loss 1.4994769117038231e-05 old loss 1.5482331946259364e-05 BETTER
I0328 13:59:12.840394 2312255 finetune.py:68] layer 15_k @ epoch 2 new loss 6.985276286286535e-06 old loss 7.041706339805387e-06 BETTER
I0328 13:59:16.792259 2312185 finetune.py:68] layer 14_k @ epoch 4 new loss 7.0595401666651014e-06 old loss 7.081587227730779e-06 BETTER
I0328 13:59:26.098980 2312045 finetune.py:68] layer 12_o @ epoch 2 new loss 1.2043328752042726e-05 old loss 1.2201392564747948e-05 BETTER
I0328 13:59:30.112930 2312115 finetune.py:68] layer 13_o @ epoch 1 new loss 1.4736966477357782e-05 old loss 1.4994769117038231e-05 BETTER
I0328 13:59:36.637469 2312185 finetune.py:45] layer 14_o initial loss 1.705530667095445e-05
I0328 13:59:47.024007 2312255 finetune.py:68] layer 15_k @ epoch 3 new loss 6.973848030611407e-06 old loss 6.985276286286535e-06 BETTER
I0328 14:00:02.474147 2312045 finetune.py:68] layer 12_o @ epoch 3 new loss 1.1910755347344093e-05 old loss 1.2043328752042726e-05 BETTER
I0328 14:00:03.918980 2312115 finetune.py:68] layer 13_o @ epoch 2 new loss 1.454013090551598e-05 old loss 1.4736966477357782e-05 BETTER
I0328 14:00:09.692311 2312185 finetune.py:68] layer 14_o @ epoch 0 new loss 1.649133446335327e-05 old loss 1.705530667095445e-05 BETTER
I0328 14:00:21.317597 2312255 finetune.py:68] layer 15_k @ epoch 4 new loss 6.929312348802341e-06 old loss 6.973848030611407e-06 BETTER
I0328 14:00:38.028736 2312115 finetune.py:68] layer 13_o @ epoch 3 new loss 1.4379917047335766e-05 old loss 1.454013090551598e-05 BETTER
I0328 14:00:38.766011 2312045 finetune.py:68] layer 12_o @ epoch 4 new loss 1.1795840691775084e-05 old loss 1.1910755347344093e-05 BETTER
I0328 14:00:41.447239 2312255 finetune.py:45] layer 15_o initial loss 1.701946894172579e-05
I0328 14:00:43.818980 2312185 finetune.py:68] layer 14_o @ epoch 1 new loss 1.6173698895727284e-05 old loss 1.649133446335327e-05 BETTER
I0328 14:01:10.938270 2312045 finetune.py:45] layer 12_up initial loss 2.2632933905697428e-05
I0328 14:01:12.243804 2312115 finetune.py:68] layer 13_o @ epoch 4 new loss 1.4243873010855168e-05 old loss 1.4379917047335766e-05 BETTER
I0328 14:01:13.920263 2312255 finetune.py:68] layer 15_o @ epoch 0 new loss 1.644489384489134e-05 old loss 1.701946894172579e-05 BETTER
I0328 14:01:17.941270 2312185 finetune.py:68] layer 14_o @ epoch 2 new loss 1.593170964042656e-05 old loss 1.6173698895727284e-05 BETTER
I0328 14:01:42.994452 2312045 finetune.py:68] layer 12_up @ epoch 0 new loss 2.2285767045104876e-05 old loss 2.2632933905697428e-05 BETTER
I0328 14:01:44.420734 2312115 finetune.py:45] layer 13_up initial loss 2.6623898520483635e-05
I0328 14:01:47.312488 2312255 finetune.py:68] layer 15_o @ epoch 1 new loss 1.6110399883473292e-05 old loss 1.644489384489134e-05 BETTER
I0328 14:01:52.110705 2312185 finetune.py:68] layer 14_o @ epoch 3 new loss 1.5736051864223555e-05 old loss 1.593170964042656e-05 BETTER
I0328 14:02:15.017895 2312115 finetune.py:68] layer 13_up @ epoch 0 new loss 2.6206020265817642e-05 old loss 2.6623898520483635e-05 BETTER
I0328 14:02:16.822786 2312045 finetune.py:68] layer 12_up @ epoch 1 new loss 2.2016089133103378e-05 old loss 2.2285767045104876e-05 BETTER
I0328 14:02:20.784893 2312255 finetune.py:68] layer 15_o @ epoch 2 new loss 1.5862566215218976e-05 old loss 1.6110399883473292e-05 BETTER
I0328 14:02:26.606654 2312185 finetune.py:68] layer 14_o @ epoch 4 new loss 1.5572757547488436e-05 old loss 1.5736051864223555e-05 BETTER
I0328 14:02:46.784359 2312115 finetune.py:68] layer 13_up @ epoch 1 new loss 2.5886365619953722e-05 old loss 2.6206020265817642e-05 BETTER
I0328 14:02:50.503549 2312045 finetune.py:68] layer 12_up @ epoch 2 new loss 2.1781794202979654e-05 old loss 2.2016089133103378e-05 BETTER
I0328 14:02:54.338363 2312255 finetune.py:68] layer 15_o @ epoch 3 new loss 1.566130231367424e-05 old loss 1.5862566215218976e-05 BETTER
I0328 14:02:58.854763 2312185 finetune.py:45] layer 14_up initial loss 3.052513056900352e-05
I0328 14:03:18.749664 2312115 finetune.py:68] layer 13_up @ epoch 2 new loss 2.561146902735345e-05 old loss 2.5886365619953722e-05 BETTER
I0328 14:03:24.487341 2312045 finetune.py:68] layer 12_up @ epoch 3 new loss 2.1574034690274857e-05 old loss 2.1781794202979654e-05 BETTER
I0328 14:03:27.863856 2312255 finetune.py:68] layer 15_o @ epoch 4 new loss 1.5491883459617384e-05 old loss 1.566130231367424e-05 BETTER
I0328 14:03:29.587855 2312185 finetune.py:68] layer 14_up @ epoch 0 new loss 2.9983229978824966e-05 old loss 3.052513056900352e-05 BETTER
I0328 14:03:50.750358 2312115 finetune.py:68] layer 13_up @ epoch 3 new loss 2.5366820409544744e-05 old loss 2.561146902735345e-05 BETTER
I0328 14:03:58.234719 2312045 finetune.py:68] layer 12_up @ epoch 4 new loss 2.1382929844548926e-05 old loss 2.1574034690274857e-05 BETTER
I0328 14:03:59.841935 2312255 finetune.py:45] layer 15_up initial loss 3.3348009310429916e-05
I0328 14:04:01.637324 2312185 finetune.py:68] layer 14_up @ epoch 1 new loss 2.9559330869233236e-05 old loss 2.9983229978824966e-05 BETTER
I0328 14:04:22.964647 2312115 finetune.py:68] layer 13_up @ epoch 4 new loss 2.5145613108179532e-05 old loss 2.5366820409544744e-05 BETTER
I0328 14:04:29.937411 2312255 finetune.py:68] layer 15_up @ epoch 0 new loss 3.263790495111607e-05 old loss 3.3348009310429916e-05 BETTER
I0328 14:04:30.360139 2312045 finetune.py:45] layer 12_gate initial loss 2.5974248273996636e-05
I0328 14:04:33.862976 2312185 finetune.py:68] layer 14_up @ epoch 2 new loss 2.9199800337664783e-05 old loss 2.9559330869233236e-05 BETTER
I0328 14:04:54.319588 2312115 finetune.py:45] layer 13_gate initial loss 3.0187457014108077e-05
I0328 14:05:00.461944 2312045 finetune.py:68] layer 12_gate @ epoch 0 new loss 2.578196654212661e-05 old loss 2.5974248273996636e-05 BETTER
I0328 14:05:01.232027 2312255 finetune.py:68] layer 15_up @ epoch 1 new loss 3.20990257023368e-05 old loss 3.263790495111607e-05 BETTER
I0328 14:05:06.067842 2312185 finetune.py:68] layer 14_up @ epoch 3 new loss 2.888400194933638e-05 old loss 2.9199800337664783e-05 BETTER
I0328 14:05:22.836653 2312115 finetune.py:68] layer 13_gate @ epoch 0 new loss 2.9958533559693024e-05 old loss 3.0187457014108077e-05 BETTER
I0328 14:05:31.852736 2312045 finetune.py:68] layer 12_gate @ epoch 1 new loss 2.5615494450903498e-05 old loss 2.578196654212661e-05 BETTER
I0328 14:05:32.606886 2312255 finetune.py:68] layer 15_up @ epoch 2 new loss 3.1645220587961376e-05 old loss 3.20990257023368e-05 BETTER
I0328 14:05:38.391629 2312185 finetune.py:68] layer 14_up @ epoch 4 new loss 2.8599299184861593e-05 old loss 2.888400194933638e-05 BETTER
I0328 14:05:52.244888 2312115 finetune.py:68] layer 13_gate @ epoch 1 new loss 2.9761244149995036e-05 old loss 2.9958533559693024e-05 BETTER
I0328 14:06:03.256310 2312045 finetune.py:68] layer 12_gate @ epoch 2 new loss 2.5464447389822453e-05 old loss 2.5615494450903498e-05 BETTER
I0328 14:06:03.953491 2312255 finetune.py:68] layer 15_up @ epoch 3 new loss 3.1247433071257547e-05 old loss 3.1645220587961376e-05 BETTER
I0328 14:06:10.376909 2312185 finetune.py:45] layer 14_gate initial loss 3.402978472877294e-05
I0328 14:06:22.014336 2312115 finetune.py:68] layer 13_gate @ epoch 2 new loss 2.9584252843051217e-05 old loss 2.9761244149995036e-05 BETTER
I0328 14:06:34.887962 2312045 finetune.py:68] layer 12_gate @ epoch 3 new loss 2.5323617592221126e-05 old loss 2.5464447389822453e-05 BETTER
I0328 14:06:35.448869 2312255 finetune.py:68] layer 15_up @ epoch 4 new loss 3.0889303161529824e-05 old loss 3.1247433071257547e-05 BETTER
I0328 14:06:38.994751 2312185 finetune.py:68] layer 14_gate @ epoch 0 new loss 3.3743144740583375e-05 old loss 3.402978472877294e-05 BETTER
I0328 14:06:51.754631 2312115 finetune.py:68] layer 13_gate @ epoch 3 new loss 2.941780439869035e-05 old loss 2.9584252843051217e-05 BETTER
I0328 14:07:06.525225 2312045 finetune.py:68] layer 12_gate @ epoch 4 new loss 2.519273584766779e-05 old loss 2.5323617592221126e-05 BETTER
I0328 14:07:07.509449 2312255 finetune.py:45] layer 15_gate initial loss 3.677368295029737e-05
I0328 14:07:08.860294 2312185 finetune.py:68] layer 14_gate @ epoch 1 new loss 3.349596227053553e-05 old loss 3.3743144740583375e-05 BETTER
I0328 14:07:21.638925 2312115 finetune.py:68] layer 13_gate @ epoch 4 new loss 2.9267121135490015e-05 old loss 2.941780439869035e-05 BETTER
I0328 14:07:35.782694 2312255 finetune.py:68] layer 15_gate @ epoch 0 new loss 3.641397051978856e-05 old loss 3.677368295029737e-05 BETTER
I0328 14:07:38.592846 2312185 finetune.py:68] layer 14_gate @ epoch 2 new loss 3.327645026729442e-05 old loss 3.349596227053553e-05 BETTER
I0328 14:08:02.662436 2312045 finetune.py:45] layer 12_down initial loss 3.818342156591825e-05
I0328 14:08:05.020788 2312255 finetune.py:68] layer 15_gate @ epoch 1 new loss 3.6098826967645437e-05 old loss 3.641397051978856e-05 BETTER
I0328 14:08:08.522667 2312185 finetune.py:68] layer 14_gate @ epoch 3 new loss 3.3072286896640435e-05 old loss 3.327645026729442e-05 BETTER
I0328 14:08:18.197299 2312115 finetune.py:45] layer 13_down initial loss 4.472164800972678e-05
I0328 14:08:30.128124 2312045 finetune.py:68] layer 12_down @ epoch 0 new loss 3.818179538939148e-05 old loss 3.818342156591825e-05 BETTER
I0328 14:08:34.415095 2312255 finetune.py:68] layer 15_gate @ epoch 2 new loss 3.581957571441308e-05 old loss 3.6098826967645437e-05 BETTER
I0328 14:08:38.431943 2312185 finetune.py:68] layer 14_gate @ epoch 4 new loss 3.2884639949770644e-05 old loss 3.3072286896640435e-05 BETTER
I0328 14:08:44.371771 2312115 finetune.py:68] layer 13_down @ epoch 0 new loss 4.4719687139149755e-05 old loss 4.472164800972678e-05 BETTER
I0328 14:08:58.858008 2312045 finetune.py:68] layer 12_down @ epoch 1 new loss 3.8180678529897705e-05 old loss 3.818179538939148e-05 BETTER
I0328 14:09:03.841125 2312255 finetune.py:68] layer 15_gate @ epoch 3 new loss 3.556581577868201e-05 old loss 3.581957571441308e-05 BETTER
I0328 14:09:11.786755 2312115 finetune.py:68] layer 13_down @ epoch 1 new loss 4.471825741347857e-05 old loss 4.4719687139149755e-05 BETTER
I0328 14:09:27.632376 2312045 finetune.py:68] layer 12_down @ epoch 2 new loss 3.8179940020199865e-05 old loss 3.8180678529897705e-05 BETTER
I0328 14:09:33.179302 2312255 finetune.py:68] layer 15_gate @ epoch 4 new loss 3.533408380462788e-05 old loss 3.556581577868201e-05 BETTER
I0328 14:09:36.291346 2312185 finetune.py:45] layer 14_down initial loss 5.14678395120427e-05
I0328 14:09:39.325516 2312115 finetune.py:68] layer 13_down @ epoch 2 new loss 4.471757711144164e-05 old loss 4.471825741347857e-05 BETTER
I0328 14:09:56.625592 2312045 finetune.py:68] layer 12_down @ epoch 3 new loss 3.817942342720926e-05 old loss 3.8179940020199865e-05 BETTER
I0328 14:10:02.618542 2312185 finetune.py:68] layer 14_down @ epoch 0 new loss 5.1465282012941316e-05 old loss 5.14678395120427e-05 BETTER
I0328 14:10:07.036860 2312115 finetune.py:68] layer 13_down @ epoch 3 new loss 4.471687498153187e-05 old loss 4.471757711144164e-05 BETTER
I0328 14:10:25.876353 2312045 finetune.py:68] layer 12_down @ epoch 4 new loss 3.817899414571002e-05 old loss 3.817942342720926e-05 BETTER
12_v proxy err 0.005903099197894335 tr(WHW.T) 363.6233825683594
bpp_loss 3.581486033042893
12_q proxy err 0.0002668457163963467 tr(WHW.T) 34111.62890625
bpp_loss 4.362888661737088
12_k proxy err 0.00010770455992314965 tr(WHW.T) 23047.11328125
bpp_loss 5.388676424277946
12_o proxy err 0.0066784825176000595 tr(WHW.T) 781.61376953125
bpp_loss 3.6537376945489086
12_up proxy err 0.0040011219680309296 tr(WHW.T) 10025.671875
bpp_loss 3.7673285844336664
12_gate proxy err 0.0010908443946391344 tr(WHW.T) 37302.77734375
bpp_loss 3.9815853965867842
12_down proxy err 0.0054469117894768715 tr(WHW.T) 6831.32275390625
bpp_loss 3.759996511324841
I0328 14:10:30.163845 2312185 finetune.py:68] layer 14_down @ epoch 1 new loss 5.146379044163041e-05 old loss 5.1465282012941316e-05 BETTER
I0328 14:10:30.945921 2312255 finetune.py:45] layer 15_down initial loss 5.883972335141152e-05
I0328 14:10:35.262517 2312115 finetune.py:68] layer 13_down @ epoch 4 new loss 4.4716336560668424e-05 old loss 4.471687498153187e-05 BETTER
13_v proxy err 0.007246026769280434 tr(WHW.T) 280.153564453125
bpp_loss 3.5216482132091187
13_q proxy err 0.0004133910406380892 tr(WHW.T) 20900.37890625
bpp_loss 4.3387437966885045
13_k proxy err 0.00013997456699144095 tr(WHW.T) 17791.443359375
bpp_loss 5.409336195210926
13_o proxy err 0.007081249728798866 tr(WHW.T) 676.2918701171875
bpp_loss 3.635697181278374
13_up proxy err 0.0039254482835531235 tr(WHW.T) 10008.4033203125
bpp_loss 3.770800693160189
13_gate proxy err 0.0010244905715808272 tr(WHW.T) 38906.62109375
bpp_loss 3.986161355261824
13_down proxy err 0.005565328523516655 tr(WHW.T) 6568.28173828125
bpp_loss 3.7595141803446626
I0328 14:10:57.354181 2312255 finetune.py:68] layer 15_down @ epoch 0 new loss 5.883737321710214e-05 old loss 5.883972335141152e-05 BETTER
I0328 14:10:58.607987 2312185 finetune.py:68] layer 14_down @ epoch 2 new loss 5.146264084032737e-05 old loss 5.146379044163041e-05 BETTER
I0328 14:11:24.458927 2312255 finetune.py:68] layer 15_down @ epoch 1 new loss 5.883595804334618e-05 old loss 5.883737321710214e-05 BETTER
I0328 14:11:26.347035 2312185 finetune.py:68] layer 14_down @ epoch 3 new loss 5.146184048498981e-05 old loss 5.146264084032737e-05 BETTER
I0328 14:11:40.211446 2311068 quantize_finetune_llama.py:240] computed original embedding for layer 16 in 60.10369062423706s
I0328 14:11:43.992038 2312325 utils.py:146] Note: detected 128 virtual cores but NumExpr set to maximum of 64, check "NUMEXPR_MAX_THREADS" environment variable.
I0328 14:11:43.992138 2312325 utils.py:149] Note: NumExpr detected 128 cores but "NUMEXPR_MAX_THREADS" not set, so enforcing safe limit of 16.
I0328 14:11:43.992182 2312325 utils.py:162] NumExpr defaulting to 16 threads.
I0328 14:11:44.364145 2312325 config.py:54] PyTorch version 2.6.0 available.
W0328 14:11:44.582809 2312325 warnings.py:109] /opt/conda/lib/python3.10/site-packages/torchvision/io/image.py:13: UserWarning: Failed to load image Python extension: '/opt/conda/lib/python3.10/site-packages/torchvision/image.so: undefined symbol: _ZN3c1017RegisterOperatorsD1Ev'If you don't plan on using image functionality from `torchvision.io`, you can ignore this warning. Otherwise, there might be something wrong with your environment. Did you have `libjpeg` or `libpng` installed before building `torchvision` from source?
  warn(

W0328 14:11:45.216846 2312325 warnings.py:109] /opt/conda/lib/python3.10/site-packages/compressai/models/video/google.py:353: FutureWarning: `torch.cuda.amp.autocast(args...)` is deprecated. Please use `torch.amp.autocast('cuda', args...)` instead.
  @amp.autocast(enabled=False)

I0328 14:11:45.221000 2311068 quantize_finetune_llama.py:209] layer 17 gpu 1
I0328 14:11:45.236155 2312325 data_utils.py:336] using 256 training seqs, 128 validation seqs
I0328 14:11:51.784431 2312255 finetune.py:68] layer 15_down @ epoch 2 new loss 5.883499761694111e-05 old loss 5.883595804334618e-05 BETTER
I0328 14:11:54.313511 2312185 finetune.py:68] layer 14_down @ epoch 4 new loss 5.1460992835927755e-05 old loss 5.146184048498981e-05 BETTER
14_v proxy err 0.006829316262155771 tr(WHW.T) 281.3382873535156
bpp_loss 3.514235822716728
14_q proxy err 0.00039189381641335785 tr(WHW.T) 20884.5390625
bpp_loss 4.304601234733127
14_k proxy err 0.00012871302897110581 tr(WHW.T) 18606.984375
bpp_loss 5.353686486603692
14_o proxy err 0.007565133739262819 tr(WHW.T) 687.5159912109375
bpp_loss 3.627538678352721
14_up proxy err 0.004269642289727926 tr(WHW.T) 9163.24609375
bpp_loss 3.7651062703558376
14_gate proxy err 0.0009522183099761605 tr(WHW.T) 41800.34765625
bpp_loss 4.019794829588916
14_down proxy err 0.005882966332137585 tr(WHW.T) 6399.0673828125
bpp_loss 3.7552204317513054
The attention layers in this model are transitioning from computing the RoPE embeddings internally through `position_ids` (2D tensor with the indexes of the tokens), to using externally computed `position_embeddings` (Tuple of tensors, containing cos and sin). In v4.46 `position_ids` will be removed and `position_embeddings` will be mandatory.
I0328 14:12:02.654631 2312325 finetune.py:45] layer 16_v initial loss 1.2854561646236107e-05
W0328 14:12:02.654839 2312325 warnings.py:109] /workspace/Weight_compression/comp_lm_qtip/lib/algo/finetune.py:46: FutureWarning: `torch.cuda.amp.GradScaler(args...)` is deprecated. Please use `torch.amp.GradScaler('cuda', args...)` instead.
  scaler = torch.cuda.amp.GradScaler(enabled=(orig_dtype==torch.float16))

I0328 14:12:19.126356 2312255 finetune.py:68] layer 15_down @ epoch 3 new loss 5.883416815777309e-05 old loss 5.883499761694111e-05 BETTER
I0328 14:12:37.843175 2312325 finetune.py:68] layer 16_v @ epoch 0 new loss 8.005473318917211e-06 old loss 1.2854561646236107e-05 BETTER
I0328 14:12:46.431152 2312255 finetune.py:68] layer 15_down @ epoch 4 new loss 5.8833487855736166e-05 old loss 5.883416815777309e-05 BETTER
15_v proxy err 0.007494423538446426 tr(WHW.T) 284.0271301269531
bpp_loss 3.5779997899080627
15_q proxy err 0.0003273577312938869 tr(WHW.T) 28081.470703125
bpp_loss 4.452835511416197
15_k proxy err 0.00013808661606162786 tr(WHW.T) 18861.763671875
bpp_loss 5.40067341865506
15_o proxy err 0.0077073294669389725 tr(WHW.T) 829.0851440429688
bpp_loss 3.65806026768405
15_up proxy err 0.004350964445620775 tr(WHW.T) 8994.4833984375
bpp_loss 3.7570353081183776
15_gate proxy err 0.0008647884824313223 tr(WHW.T) 46147.5078125
bpp_loss 4.057661422860941
15_down proxy err 0.005908614955842495 tr(WHW.T) 6410.669921875
bpp_loss 3.749551248853095
I0328 14:13:04.041719 2311068 quantize_finetune_llama.py:240] computed original embedding for layer 17 in 64.91348958015442s
I0328 14:13:07.767841 2312395 utils.py:146] Note: detected 128 virtual cores but NumExpr set to maximum of 64, check "NUMEXPR_MAX_THREADS" environment variable.
I0328 14:13:07.767959 2312395 utils.py:149] Note: NumExpr detected 128 cores but "NUMEXPR_MAX_THREADS" not set, so enforcing safe limit of 16.
I0328 14:13:07.768000 2312395 utils.py:162] NumExpr defaulting to 16 threads.
I0328 14:13:08.122538 2312395 config.py:54] PyTorch version 2.6.0 available.
W0328 14:13:08.334121 2312395 warnings.py:109] /opt/conda/lib/python3.10/site-packages/torchvision/io/image.py:13: UserWarning: Failed to load image Python extension: '/opt/conda/lib/python3.10/site-packages/torchvision/image.so: undefined symbol: _ZN3c1017RegisterOperatorsD1Ev'If you don't plan on using image functionality from `torchvision.io`, you can ignore this warning. Otherwise, there might be something wrong with your environment. Did you have `libjpeg` or `libpng` installed before building `torchvision` from source?
  warn(

W0328 14:13:08.980998 2312395 warnings.py:109] /opt/conda/lib/python3.10/site-packages/compressai/models/video/google.py:353: FutureWarning: `torch.cuda.amp.autocast(args...)` is deprecated. Please use `torch.amp.autocast('cuda', args...)` instead.
  @amp.autocast(enabled=False)

I0328 14:13:08.984694 2311068 quantize_finetune_llama.py:209] layer 18 gpu 2
I0328 14:13:09.002080 2312395 data_utils.py:336] using 256 training seqs, 128 validation seqs
I0328 14:13:14.476427 2312325 finetune.py:68] layer 16_v @ epoch 1 new loss 7.472426659660414e-06 old loss 8.005473318917211e-06 BETTER
The attention layers in this model are transitioning from computing the RoPE embeddings internally through `position_ids` (2D tensor with the indexes of the tokens), to using externally computed `position_embeddings` (Tuple of tensors, containing cos and sin). In v4.46 `position_ids` will be removed and `position_embeddings` will be mandatory.
I0328 14:13:26.289418 2312395 finetune.py:45] layer 17_v initial loss 1.3746182048635092e-05
W0328 14:13:26.289628 2312395 warnings.py:109] /workspace/Weight_compression/comp_lm_qtip/lib/algo/finetune.py:46: FutureWarning: `torch.cuda.amp.GradScaler(args...)` is deprecated. Please use `torch.amp.GradScaler('cuda', args...)` instead.
  scaler = torch.cuda.amp.GradScaler(enabled=(orig_dtype==torch.float16))

I0328 14:13:51.538795 2312325 finetune.py:68] layer 16_v @ epoch 2 new loss 7.182345143519342e-06 old loss 7.472426659660414e-06 BETTER
I0328 14:13:59.532949 2312395 finetune.py:68] layer 17_v @ epoch 0 new loss 7.367181297013303e-06 old loss 1.3746182048635092e-05 BETTER
I0328 14:14:14.098119 2311068 quantize_finetune_llama.py:240] computed original embedding for layer 18 in 64.66399574279785s
I0328 14:14:17.967367 2312465 utils.py:146] Note: detected 128 virtual cores but NumExpr set to maximum of 64, check "NUMEXPR_MAX_THREADS" environment variable.
I0328 14:14:17.967478 2312465 utils.py:149] Note: NumExpr detected 128 cores but "NUMEXPR_MAX_THREADS" not set, so enforcing safe limit of 16.
I0328 14:14:17.967523 2312465 utils.py:162] NumExpr defaulting to 16 threads.
I0328 14:14:18.322867 2312465 config.py:54] PyTorch version 2.6.0 available.
W0328 14:14:18.540554 2312465 warnings.py:109] /opt/conda/lib/python3.10/site-packages/torchvision/io/image.py:13: UserWarning: Failed to load image Python extension: '/opt/conda/lib/python3.10/site-packages/torchvision/image.so: undefined symbol: _ZN3c1017RegisterOperatorsD1Ev'If you don't plan on using image functionality from `torchvision.io`, you can ignore this warning. Otherwise, there might be something wrong with your environment. Did you have `libjpeg` or `libpng` installed before building `torchvision` from source?
  warn(

W0328 14:14:19.161817 2312465 warnings.py:109] /opt/conda/lib/python3.10/site-packages/compressai/models/video/google.py:353: FutureWarning: `torch.cuda.amp.autocast(args...)` is deprecated. Please use `torch.amp.autocast('cuda', args...)` instead.
  @amp.autocast(enabled=False)

I0328 14:14:19.165886 2311068 quantize_finetune_llama.py:209] layer 19 gpu 3
I0328 14:14:19.181453 2312465 data_utils.py:336] using 256 training seqs, 128 validation seqs
I0328 14:14:28.501846 2312325 finetune.py:68] layer 16_v @ epoch 3 new loss 6.985829259065213e-06 old loss 7.182345143519342e-06 BETTER
The attention layers in this model are transitioning from computing the RoPE embeddings internally through `position_ids` (2D tensor with the indexes of the tokens), to using externally computed `position_embeddings` (Tuple of tensors, containing cos and sin). In v4.46 `position_ids` will be removed and `position_embeddings` will be mandatory.
I0328 14:14:34.044668 2312395 finetune.py:68] layer 17_v @ epoch 1 new loss 6.816746008553309e-06 old loss 7.367181297013303e-06 BETTER
I0328 14:14:36.894180 2312465 finetune.py:45] layer 18_v initial loss 1.7969945474760607e-05
W0328 14:14:36.894408 2312465 warnings.py:109] /workspace/Weight_compression/comp_lm_qtip/lib/algo/finetune.py:46: FutureWarning: `torch.cuda.amp.GradScaler(args...)` is deprecated. Please use `torch.amp.GradScaler('cuda', args...)` instead.
  scaler = torch.cuda.amp.GradScaler(enabled=(orig_dtype==torch.float16))

I0328 14:15:05.518222 2312325 finetune.py:68] layer 16_v @ epoch 4 new loss 6.84596125211101e-06 old loss 6.985829259065213e-06 BETTER
I0328 14:15:08.839291 2312395 finetune.py:68] layer 17_v @ epoch 2 new loss 6.5476442614453845e-06 old loss 6.816746008553309e-06 BETTER
I0328 14:15:10.371167 2312465 finetune.py:68] layer 18_v @ epoch 0 new loss 6.3071111071622e-06 old loss 1.7969945474760607e-05 BETTER
I0328 14:15:24.425997 2311068 quantize_finetune_llama.py:240] computed original embedding for layer 19 in 64.77464962005615s
I0328 14:15:25.939433 2312325 finetune.py:45] layer 16_q initial loss 7.92458467913093e-06
I0328 14:15:28.418004 2312535 utils.py:146] Note: detected 128 virtual cores but NumExpr set to maximum of 64, check "NUMEXPR_MAX_THREADS" environment variable.
I0328 14:15:28.418121 2312535 utils.py:149] Note: NumExpr detected 128 cores but "NUMEXPR_MAX_THREADS" not set, so enforcing safe limit of 16.
I0328 14:15:28.418174 2312535 utils.py:162] NumExpr defaulting to 16 threads.
I0328 14:15:28.798418 2312535 config.py:54] PyTorch version 2.6.0 available.
W0328 14:15:29.015172 2312535 warnings.py:109] /opt/conda/lib/python3.10/site-packages/torchvision/io/image.py:13: UserWarning: Failed to load image Python extension: '/opt/conda/lib/python3.10/site-packages/torchvision/image.so: undefined symbol: _ZN3c1017RegisterOperatorsD1Ev'If you don't plan on using image functionality from `torchvision.io`, you can ignore this warning. Otherwise, there might be something wrong with your environment. Did you have `libjpeg` or `libpng` installed before building `torchvision` from source?
  warn(

W0328 14:15:29.664536 2312535 warnings.py:109] /opt/conda/lib/python3.10/site-packages/compressai/models/video/google.py:353: FutureWarning: `torch.cuda.amp.autocast(args...)` is deprecated. Please use `torch.amp.autocast('cuda', args...)` instead.
  @amp.autocast(enabled=False)

I0328 14:15:29.668401 2311068 quantize_finetune_llama.py:209] layer 20 gpu 0
I0328 14:15:29.682272 2312535 data_utils.py:336] using 256 training seqs, 128 validation seqs
The attention layers in this model are transitioning from computing the RoPE embeddings internally through `position_ids` (2D tensor with the indexes of the tokens), to using externally computed `position_embeddings` (Tuple of tensors, containing cos and sin). In v4.46 `position_ids` will be removed and `position_embeddings` will be mandatory.
I0328 14:15:43.738454 2312395 finetune.py:68] layer 17_v @ epoch 3 new loss 6.398543064278783e-06 old loss 6.5476442614453845e-06 BETTER
I0328 14:15:45.120513 2312465 finetune.py:68] layer 18_v @ epoch 1 new loss 5.707658601750154e-06 old loss 6.3071111071622e-06 BETTER
I0328 14:15:48.155236 2312535 finetune.py:45] layer 19_v initial loss 2.0266877982066944e-05
W0328 14:15:48.155433 2312535 warnings.py:109] /workspace/Weight_compression/comp_lm_qtip/lib/algo/finetune.py:46: FutureWarning: `torch.cuda.amp.GradScaler(args...)` is deprecated. Please use `torch.amp.GradScaler('cuda', args...)` instead.
  scaler = torch.cuda.amp.GradScaler(enabled=(orig_dtype==torch.float16))

