I0328 06:52:09.813958 2242841 finetune.py:68] layer 9_down @ epoch 0 new loss 9.3716625997331e-05 old loss 9.372305066790432e-05 BETTER
I0328 06:52:15.651241 2242034 finetune.py:68] layer 8_down @ epoch 1 new loss 8.732071000849828e-05 old loss 8.732623246032745e-05 BETTER
I0328 06:52:22.452711 2244327 finetune.py:68] layer 11_gate @ epoch 3 new loss 7.093520252965391e-05 old loss 7.127074059098959e-05 BETTER
I0328 06:52:36.816944 2242841 finetune.py:68] layer 9_down @ epoch 1 new loss 9.371258784085512e-05 old loss 9.3716625997331e-05 BETTER
I0328 06:52:44.506085 2242034 finetune.py:68] layer 8_down @ epoch 2 new loss 8.731600973987952e-05 old loss 8.732071000849828e-05 BETTER
I0328 06:52:51.650038 2244327 finetune.py:68] layer 11_gate @ epoch 4 new loss 7.06222781445831e-05 old loss 7.093520252965391e-05 BETTER
I0328 06:52:58.184603 2243602 finetune.py:45] layer 10_down initial loss 0.0001023478907882236
I0328 06:53:04.107556 2242841 finetune.py:68] layer 9_down @ epoch 2 new loss 9.370718180434778e-05 old loss 9.371258784085512e-05 BETTER
I0328 06:53:13.561294 2242034 finetune.py:68] layer 8_down @ epoch 3 new loss 8.731224806979299e-05 old loss 8.731600973987952e-05 BETTER
I0328 06:53:24.376847 2243602 finetune.py:68] layer 10_down @ epoch 0 new loss 0.00010233954526484013 old loss 0.0001023478907882236 BETTER
I0328 06:53:31.594238 2242841 finetune.py:68] layer 9_down @ epoch 3 new loss 9.370332554681227e-05 old loss 9.370718180434778e-05 BETTER
I0328 06:53:42.739950 2242034 finetune.py:68] layer 8_down @ epoch 4 new loss 8.730853005545214e-05 old loss 8.731224806979299e-05 BETTER
8_v proxy err 0.02178853191435337 tr(WHW.T) 257.7052307128906
bpp_loss 2.6965860499767587
8_q proxy err 0.0009831588249653578 tr(WHW.T) 26604.412109375
bpp_loss 3.510479933640454
8_k proxy err 0.000325922534102574 tr(WHW.T) 22497.15625
bpp_loss 4.388637381372973
8_o proxy err 0.020818723365664482 tr(WHW.T) 749.3833618164062
bpp_loss 2.823132567340508
8_up proxy err 0.014071078971028328 tr(WHW.T) 8494.0400390625
bpp_loss 2.9377620251450156
8_gate proxy err 0.003410818288102746 tr(WHW.T) 37202.484375
bpp_loss 3.233828209274049
8_down proxy err 0.017969364300370216 tr(WHW.T) 6512.6201171875
bpp_loss 2.945293963038629
I0328 06:53:47.890052 2244327 finetune.py:45] layer 11_down initial loss 0.00010578622459433973
I0328 06:53:52.252105 2243602 finetune.py:68] layer 10_down @ epoch 1 new loss 0.0001023320946842432 old loss 0.00010233954526484013 BETTER
I0328 06:53:59.529495 2242841 finetune.py:68] layer 9_down @ epoch 4 new loss 9.370003681397066e-05 old loss 9.370332554681227e-05 BETTER
9_v proxy err 0.01647687703371048 tr(WHW.T) 351.4288024902344
bpp_loss 2.7942189517780207
9_q proxy err 0.0010302503360435367 tr(WHW.T) 25662.662109375
bpp_loss 3.5225077304057777
9_k proxy err 0.00035538277006708086 tr(WHW.T) 20926.025390625
bpp_loss 4.4088916659820825
9_o proxy err 0.018720731139183044 tr(WHW.T) 780.2742919921875
bpp_loss 2.875788494187873
9_up proxy err 0.013326317071914673 tr(WHW.T) 8968.5556640625
bpp_loss 2.9467269867392525
9_gate proxy err 0.003226321889087558 tr(WHW.T) 39371.2421875
bpp_loss 3.2466466701589525
9_down proxy err 0.017805706709623337 tr(WHW.T) 6298.6259765625
bpp_loss 2.9465753216396218
I0328 06:54:14.093237 2244327 finetune.py:68] layer 11_down @ epoch 0 new loss 0.00010577688226476312 old loss 0.00010578622459433973 BETTER
I0328 06:54:19.943993 2243602 finetune.py:68] layer 10_down @ epoch 2 new loss 0.00010232567728962749 old loss 0.0001023320946842432 BETTER
I0328 06:54:41.010464 2244327 finetune.py:68] layer 11_down @ epoch 1 new loss 0.00010576863132882863 old loss 0.00010577688226476312 BETTER
I0328 06:54:47.659945 2243602 finetune.py:68] layer 10_down @ epoch 3 new loss 0.0001023199874907732 old loss 0.00010232567728962749 BETTER
I0328 06:55:08.122231 2244327 finetune.py:68] layer 11_down @ epoch 2 new loss 0.00010576079512247816 old loss 0.00010576863132882863 BETTER
I0328 06:55:12.421721 2210624 quantize_finetune_llama.py:240] computed original embedding for layer 12 in 67.74658179283142s
I0328 06:55:15.422036 2243602 finetune.py:68] layer 10_down @ epoch 4 new loss 0.00010231569467578083 old loss 0.0001023199874907732 BETTER
I0328 06:55:16.373316 2257011 utils.py:146] Note: detected 128 virtual cores but NumExpr set to maximum of 64, check "NUMEXPR_MAX_THREADS" environment variable.
I0328 06:55:16.373410 2257011 utils.py:149] Note: NumExpr detected 128 cores but "NUMEXPR_MAX_THREADS" not set, so enforcing safe limit of 16.
I0328 06:55:16.373448 2257011 utils.py:162] NumExpr defaulting to 16 threads.
I0328 06:55:16.755613 2257011 config.py:54] PyTorch version 2.6.0 available.
W0328 06:55:16.969536 2257011 warnings.py:109] /opt/conda/lib/python3.10/site-packages/torchvision/io/image.py:13: UserWarning: Failed to load image Python extension: '/opt/conda/lib/python3.10/site-packages/torchvision/image.so: undefined symbol: _ZN3c1017RegisterOperatorsD1Ev'If you don't plan on using image functionality from `torchvision.io`, you can ignore this warning. Otherwise, there might be something wrong with your environment. Did you have `libjpeg` or `libpng` installed before building `torchvision` from source?
  warn(

10_v proxy err 0.021359754726290703 tr(WHW.T) 251.83889770507812
bpp_loss 2.6869318945682608
10_q proxy err 0.0010739645222201943 tr(WHW.T) 23346.142578125
bpp_loss 3.5200723947491497
10_k proxy err 0.0003572926507331431 tr(WHW.T) 19721.98046875
bpp_loss 4.407092372421175
10_o proxy err 0.022573862224817276 tr(WHW.T) 684.6346435546875
bpp_loss 2.815555733104702
10_up proxy err 0.01316144596785307 tr(WHW.T) 9196.7177734375
bpp_loss 2.963467817420938
10_gate proxy err 0.003409089520573616 tr(WHW.T) 37375.57421875
bpp_loss 3.218282972395952
10_down proxy err 0.017321500927209854 tr(WHW.T) 6550.4150390625
bpp_loss 2.9628561971975222
W0328 06:55:17.547390 2257011 warnings.py:109] /opt/conda/lib/python3.10/site-packages/compressai/models/video/google.py:353: FutureWarning: `torch.cuda.amp.autocast(args...)` is deprecated. Please use `torch.amp.autocast('cuda', args...)` instead.
  @amp.autocast(enabled=False)

I0328 06:55:17.551219 2210624 quantize_finetune_llama.py:209] layer 13 gpu 1
I0328 06:55:17.564842 2257011 data_utils.py:336] using 256 training seqs, 128 validation seqs
The attention layers in this model are transitioning from computing the RoPE embeddings internally through `position_ids` (2D tensor with the indexes of the tokens), to using externally computed `position_embeddings` (Tuple of tensors, containing cos and sin). In v4.46 `position_ids` will be removed and `position_embeddings` will be mandatory.
I0328 06:55:34.141620 2257011 finetune.py:45] layer 12_v initial loss 2.0645818949560635e-05
W0328 06:55:34.141893 2257011 warnings.py:109] /workspace/Weight_compression/comp_lm_qtip/lib/algo/finetune.py:46: FutureWarning: `torch.cuda.amp.GradScaler(args...)` is deprecated. Please use `torch.amp.GradScaler('cuda', args...)` instead.
  scaler = torch.cuda.amp.GradScaler(enabled=(orig_dtype==torch.float16))

I0328 06:55:35.317282 2244327 finetune.py:68] layer 11_down @ epoch 3 new loss 0.00010575473424978554 old loss 0.00010576079512247816 BETTER
I0328 06:56:02.425364 2244327 finetune.py:68] layer 11_down @ epoch 4 new loss 0.00010574980115052313 old loss 0.00010575473424978554 BETTER
11_v proxy err 0.017618469893932343 tr(WHW.T) 319.5691223144531
bpp_loss 2.69375230174046
11_q proxy err 0.0011781224748119712 tr(WHW.T) 22198.17578125
bpp_loss 3.465891526080668
11_k proxy err 0.0004124982515349984 tr(WHW.T) 17995.412109375
bpp_loss 4.407973540422972
11_o proxy err 0.023011093959212303 tr(WHW.T) 569.0487670898438
bpp_loss 2.834715715784114
11_up proxy err 0.012896341271698475 tr(WHW.T) 9192.31640625
bpp_loss 2.967490019210215
11_gate proxy err 0.003376389853656292 tr(WHW.T) 36788.70703125
bpp_loss 3.1975926673705026
11_down proxy err 0.01658570021390915 tr(WHW.T) 6682.998046875
bpp_loss 2.9697826033557897
I0328 06:56:08.966535 2257011 finetune.py:68] layer 12_v @ epoch 0 new loss 1.573934787302278e-05 old loss 2.0645818949560635e-05 BETTER
I0328 06:56:24.499265 2210624 quantize_finetune_llama.py:240] computed original embedding for layer 13 in 64.28866529464722s
I0328 06:56:28.185267 2257789 utils.py:146] Note: detected 128 virtual cores but NumExpr set to maximum of 64, check "NUMEXPR_MAX_THREADS" environment variable.
I0328 06:56:28.185373 2257789 utils.py:149] Note: NumExpr detected 128 cores but "NUMEXPR_MAX_THREADS" not set, so enforcing safe limit of 16.
I0328 06:56:28.185414 2257789 utils.py:162] NumExpr defaulting to 16 threads.
I0328 06:56:28.517084 2257789 config.py:54] PyTorch version 2.6.0 available.
W0328 06:56:28.718663 2257789 warnings.py:109] /opt/conda/lib/python3.10/site-packages/torchvision/io/image.py:13: UserWarning: Failed to load image Python extension: '/opt/conda/lib/python3.10/site-packages/torchvision/image.so: undefined symbol: _ZN3c1017RegisterOperatorsD1Ev'If you don't plan on using image functionality from `torchvision.io`, you can ignore this warning. Otherwise, there might be something wrong with your environment. Did you have `libjpeg` or `libpng` installed before building `torchvision` from source?
  warn(

W0328 06:56:29.290080 2257789 warnings.py:109] /opt/conda/lib/python3.10/site-packages/compressai/models/video/google.py:353: FutureWarning: `torch.cuda.amp.autocast(args...)` is deprecated. Please use `torch.amp.autocast('cuda', args...)` instead.
  @amp.autocast(enabled=False)

I0328 06:56:29.293735 2210624 quantize_finetune_llama.py:209] layer 14 gpu 2
I0328 06:56:29.313042 2257789 data_utils.py:336] using 256 training seqs, 128 validation seqs
The attention layers in this model are transitioning from computing the RoPE embeddings internally through `position_ids` (2D tensor with the indexes of the tokens), to using externally computed `position_embeddings` (Tuple of tensors, containing cos and sin). In v4.46 `position_ids` will be removed and `position_embeddings` will be mandatory.
I0328 06:56:45.340020 2257011 finetune.py:68] layer 12_v @ epoch 1 new loss 1.497937864769483e-05 old loss 1.573934787302278e-05 BETTER
I0328 06:56:46.127518 2257789 finetune.py:45] layer 13_v initial loss 2.1513797037187032e-05
W0328 06:56:46.127736 2257789 warnings.py:109] /workspace/Weight_compression/comp_lm_qtip/lib/algo/finetune.py:46: FutureWarning: `torch.cuda.amp.GradScaler(args...)` is deprecated. Please use `torch.amp.GradScaler('cuda', args...)` instead.
  scaler = torch.cuda.amp.GradScaler(enabled=(orig_dtype==torch.float16))

I0328 06:57:19.264633 2257789 finetune.py:68] layer 13_v @ epoch 0 new loss 1.6647336451569572e-05 old loss 2.1513797037187032e-05 BETTER
I0328 06:57:22.260242 2257011 finetune.py:68] layer 12_v @ epoch 2 new loss 1.4505239050777163e-05 old loss 1.497937864769483e-05 BETTER
I0328 06:57:33.614721 2210624 quantize_finetune_llama.py:240] computed original embedding for layer 14 in 63.84757328033447s
I0328 06:57:37.307691 2258536 utils.py:146] Note: detected 128 virtual cores but NumExpr set to maximum of 64, check "NUMEXPR_MAX_THREADS" environment variable.
I0328 06:57:37.307808 2258536 utils.py:149] Note: NumExpr detected 128 cores but "NUMEXPR_MAX_THREADS" not set, so enforcing safe limit of 16.
I0328 06:57:37.307860 2258536 utils.py:162] NumExpr defaulting to 16 threads.
I0328 06:57:37.674152 2258536 config.py:54] PyTorch version 2.6.0 available.
W0328 06:57:37.882168 2258536 warnings.py:109] /opt/conda/lib/python3.10/site-packages/torchvision/io/image.py:13: UserWarning: Failed to load image Python extension: '/opt/conda/lib/python3.10/site-packages/torchvision/image.so: undefined symbol: _ZN3c1017RegisterOperatorsD1Ev'If you don't plan on using image functionality from `torchvision.io`, you can ignore this warning. Otherwise, there might be something wrong with your environment. Did you have `libjpeg` or `libpng` installed before building `torchvision` from source?
  warn(

W0328 06:57:38.463413 2258536 warnings.py:109] /opt/conda/lib/python3.10/site-packages/compressai/models/video/google.py:353: FutureWarning: `torch.cuda.amp.autocast(args...)` is deprecated. Please use `torch.amp.autocast('cuda', args...)` instead.
  @amp.autocast(enabled=False)

I0328 06:57:38.467413 2210624 quantize_finetune_llama.py:209] layer 15 gpu 3
I0328 06:57:38.481263 2258536 data_utils.py:336] using 256 training seqs, 128 validation seqs
The attention layers in this model are transitioning from computing the RoPE embeddings internally through `position_ids` (2D tensor with the indexes of the tokens), to using externally computed `position_embeddings` (Tuple of tensors, containing cos and sin). In v4.46 `position_ids` will be removed and `position_embeddings` will be mandatory.
I0328 06:57:53.788163 2257789 finetune.py:68] layer 13_v @ epoch 1 new loss 1.5865622117416933e-05 old loss 1.6647336451569572e-05 BETTER
I0328 06:57:56.056804 2258536 finetune.py:45] layer 14_v initial loss 2.2981274014455266e-05
W0328 06:57:56.057090 2258536 warnings.py:109] /workspace/Weight_compression/comp_lm_qtip/lib/algo/finetune.py:46: FutureWarning: `torch.cuda.amp.GradScaler(args...)` is deprecated. Please use `torch.amp.GradScaler('cuda', args...)` instead.
  scaler = torch.cuda.amp.GradScaler(enabled=(orig_dtype==torch.float16))

I0328 06:57:59.238839 2257011 finetune.py:68] layer 12_v @ epoch 3 new loss 1.4178838682710193e-05 old loss 1.4505239050777163e-05 BETTER
I0328 06:58:28.523914 2257789 finetune.py:68] layer 13_v @ epoch 2 new loss 1.5420428098877892e-05 old loss 1.5865622117416933e-05 BETTER
I0328 06:58:29.422492 2258536 finetune.py:68] layer 14_v @ epoch 0 new loss 1.814178904169239e-05 old loss 2.2981274014455266e-05 BETTER
I0328 06:58:36.186347 2257011 finetune.py:68] layer 12_v @ epoch 4 new loss 1.3949234016763512e-05 old loss 1.4178838682710193e-05 BETTER
I0328 06:58:42.950369 2210624 quantize_finetune_llama.py:240] computed original embedding for layer 15 in 63.70276737213135s
I0328 06:58:46.742737 2259305 utils.py:146] Note: detected 128 virtual cores but NumExpr set to maximum of 64, check "NUMEXPR_MAX_THREADS" environment variable.
I0328 06:58:46.742843 2259305 utils.py:149] Note: NumExpr detected 128 cores but "NUMEXPR_MAX_THREADS" not set, so enforcing safe limit of 16.
I0328 06:58:46.742886 2259305 utils.py:162] NumExpr defaulting to 16 threads.
I0328 06:58:47.078840 2259305 config.py:54] PyTorch version 2.6.0 available.
W0328 06:58:47.290343 2259305 warnings.py:109] /opt/conda/lib/python3.10/site-packages/torchvision/io/image.py:13: UserWarning: Failed to load image Python extension: '/opt/conda/lib/python3.10/site-packages/torchvision/image.so: undefined symbol: _ZN3c1017RegisterOperatorsD1Ev'If you don't plan on using image functionality from `torchvision.io`, you can ignore this warning. Otherwise, there might be something wrong with your environment. Did you have `libjpeg` or `libpng` installed before building `torchvision` from source?
  warn(

W0328 06:58:47.877194 2259305 warnings.py:109] /opt/conda/lib/python3.10/site-packages/compressai/models/video/google.py:353: FutureWarning: `torch.cuda.amp.autocast(args...)` is deprecated. Please use `torch.amp.autocast('cuda', args...)` instead.
  @amp.autocast(enabled=False)

I0328 06:58:47.880696 2210624 quantize_finetune_llama.py:209] layer 16 gpu 0
I0328 06:58:47.897025 2259305 data_utils.py:336] using 256 training seqs, 128 validation seqs
I0328 06:58:55.524244 2257011 finetune.py:45] layer 12_q initial loss 1.6704314475646242e-05
The attention layers in this model are transitioning from computing the RoPE embeddings internally through `position_ids` (2D tensor with the indexes of the tokens), to using externally computed `position_embeddings` (Tuple of tensors, containing cos and sin). In v4.46 `position_ids` will be removed and `position_embeddings` will be mandatory.
I0328 06:59:03.587422 2257789 finetune.py:68] layer 13_v @ epoch 3 new loss 1.510048059572e-05 old loss 1.5420428098877892e-05 BETTER
I0328 06:59:04.013819 2258536 finetune.py:68] layer 14_v @ epoch 1 new loss 1.7337088138447143e-05 old loss 1.814178904169239e-05 BETTER
I0328 06:59:04.900727 2259305 finetune.py:45] layer 15_v initial loss 3.072338586207479e-05
W0328 06:59:04.901094 2259305 warnings.py:109] /workspace/Weight_compression/comp_lm_qtip/lib/algo/finetune.py:46: FutureWarning: `torch.cuda.amp.GradScaler(args...)` is deprecated. Please use `torch.amp.GradScaler('cuda', args...)` instead.
  scaler = torch.cuda.amp.GradScaler(enabled=(orig_dtype==torch.float16))

I0328 06:59:30.786341 2257011 finetune.py:68] layer 12_q @ epoch 0 new loss 1.633327337913215e-05 old loss 1.6704314475646242e-05 BETTER
I0328 06:59:38.095966 2259305 finetune.py:68] layer 15_v @ epoch 0 new loss 2.030881296377629e-05 old loss 3.072338586207479e-05 BETTER
I0328 06:59:38.952370 2257789 finetune.py:68] layer 13_v @ epoch 4 new loss 1.4862537682347465e-05 old loss 1.510048059572e-05 BETTER
I0328 06:59:39.089395 2258536 finetune.py:68] layer 14_v @ epoch 2 new loss 1.68561382452026e-05 old loss 1.7337088138447143e-05 BETTER
I0328 06:59:58.261502 2257789 finetune.py:45] layer 13_q initial loss 1.8122029359801672e-05
I0328 07:00:06.990377 2257011 finetune.py:68] layer 12_q @ epoch 1 new loss 1.606647128937766e-05 old loss 1.633327337913215e-05 BETTER
I0328 07:00:12.106142 2259305 finetune.py:68] layer 15_v @ epoch 1 new loss 1.9132168745272793e-05 old loss 2.030881296377629e-05 BETTER
I0328 07:00:14.113756 2258536 finetune.py:68] layer 14_v @ epoch 3 new loss 1.650574449740816e-05 old loss 1.68561382452026e-05 BETTER
I0328 07:00:31.943279 2257789 finetune.py:68] layer 13_q @ epoch 0 new loss 1.779167359927669e-05 old loss 1.8122029359801672e-05 BETTER
I0328 07:00:43.414348 2257011 finetune.py:68] layer 12_q @ epoch 2 new loss 1.584451092639938e-05 old loss 1.606647128937766e-05 BETTER
I0328 07:00:46.675401 2259305 finetune.py:68] layer 15_v @ epoch 2 new loss 1.8475593606126495e-05 old loss 1.9132168745272793e-05 BETTER
I0328 07:00:49.227250 2258536 finetune.py:68] layer 14_v @ epoch 4 new loss 1.6238684111158364e-05 old loss 1.650574449740816e-05 BETTER
I0328 07:01:06.278294 2257789 finetune.py:68] layer 13_q @ epoch 1 new loss 1.7559608750161715e-05 old loss 1.779167359927669e-05 BETTER
I0328 07:01:08.614485 2258536 finetune.py:45] layer 14_q initial loss 2.0650148144341074e-05
I0328 07:01:20.007533 2257011 finetune.py:68] layer 12_q @ epoch 3 new loss 1.5640778656234033e-05 old loss 1.584451092639938e-05 BETTER
I0328 07:01:21.159144 2259305 finetune.py:68] layer 15_v @ epoch 3 new loss 1.802952647267375e-05 old loss 1.8475593606126495e-05 BETTER
I0328 07:01:40.760373 2257789 finetune.py:68] layer 13_q @ epoch 2 new loss 1.7378953998559155e-05 old loss 1.7559608750161715e-05 BETTER
I0328 07:01:42.196224 2258536 finetune.py:68] layer 14_q @ epoch 0 new loss 2.0172647055005655e-05 old loss 2.0650148144341074e-05 BETTER
I0328 07:01:55.699494 2259305 finetune.py:68] layer 15_v @ epoch 4 new loss 1.769711343513336e-05 old loss 1.802952647267375e-05 BETTER
I0328 07:01:56.684923 2257011 finetune.py:68] layer 12_q @ epoch 4 new loss 1.5469538993784226e-05 old loss 1.5640778656234033e-05 BETTER
I0328 07:02:14.372997 2257011 finetune.py:45] layer 12_k initial loss 1.650393460295163e-05
I0328 07:02:15.096571 2259305 finetune.py:45] layer 15_q initial loss 2.0374174710013904e-05
I0328 07:02:15.547521 2257789 finetune.py:68] layer 13_q @ epoch 3 new loss 1.7216352716786787e-05 old loss 1.7378953998559155e-05 BETTER
I0328 07:02:16.830344 2258536 finetune.py:68] layer 14_q @ epoch 1 new loss 1.9866494767484255e-05 old loss 2.0172647055005655e-05 BETTER
I0328 07:02:48.163321 2259305 finetune.py:68] layer 15_q @ epoch 0 new loss 1.9987688574474305e-05 old loss 2.0374174710013904e-05 BETTER
I0328 07:02:49.976136 2257011 finetune.py:68] layer 12_k @ epoch 0 new loss 1.6297572074108757e-05 old loss 1.650393460295163e-05 BETTER
I0328 07:02:50.229555 2257789 finetune.py:68] layer 13_q @ epoch 4 new loss 1.7081434634746984e-05 old loss 1.7216352716786787e-05 BETTER
I0328 07:02:51.521006 2258536 finetune.py:68] layer 14_q @ epoch 2 new loss 1.963215254363604e-05 old loss 1.9866494767484255e-05 BETTER
I0328 07:03:08.412774 2257789 finetune.py:45] layer 13_k initial loss 1.7858224964584224e-05
I0328 07:03:22.345018 2259305 finetune.py:68] layer 15_q @ epoch 1 new loss 1.9704173610080034e-05 old loss 1.9987688574474305e-05 BETTER
I0328 07:03:26.233059 2258536 finetune.py:68] layer 14_q @ epoch 3 new loss 1.9420325770624913e-05 old loss 1.963215254363604e-05 BETTER
I0328 07:03:26.246561 2257011 finetune.py:68] layer 12_k @ epoch 1 new loss 1.6152825992321596e-05 old loss 1.6297572074108757e-05 BETTER
I0328 07:03:41.778150 2257789 finetune.py:68] layer 13_k @ epoch 0 new loss 1.7708287487039343e-05 old loss 1.7858224964584224e-05 BETTER
I0328 07:03:56.403470 2259305 finetune.py:68] layer 15_q @ epoch 2 new loss 1.9474719010759145e-05 old loss 1.9704173610080034e-05 BETTER
I0328 07:04:00.987708 2258536 finetune.py:68] layer 14_q @ epoch 4 new loss 1.9245146177127026e-05 old loss 1.9420325770624913e-05 BETTER
I0328 07:04:02.666268 2257011 finetune.py:68] layer 12_k @ epoch 2 new loss 1.6017622328945436e-05 old loss 1.6152825992321596e-05 BETTER
I0328 07:04:16.024087 2257789 finetune.py:68] layer 13_k @ epoch 1 new loss 1.7587313777767122e-05 old loss 1.7708287487039343e-05 BETTER
I0328 07:04:18.958905 2258536 finetune.py:45] layer 14_k initial loss 2.065255648631137e-05
I0328 07:04:30.630273 2259305 finetune.py:68] layer 15_q @ epoch 3 new loss 1.9279023035778664e-05 old loss 1.9474719010759145e-05 BETTER
I0328 07:04:39.203231 2257011 finetune.py:68] layer 12_k @ epoch 3 new loss 1.5904888641671278e-05 old loss 1.6017622328945436e-05 BETTER
I0328 07:04:50.542466 2257789 finetune.py:68] layer 13_k @ epoch 2 new loss 1.749592411215417e-05 old loss 1.7587313777767122e-05 BETTER
I0328 07:04:52.560913 2258536 finetune.py:68] layer 14_k @ epoch 0 new loss 2.0403411326697096e-05 old loss 2.065255648631137e-05 BETTER
I0328 07:05:04.799602 2259305 finetune.py:68] layer 15_q @ epoch 4 new loss 1.911237632157281e-05 old loss 1.9279023035778664e-05 BETTER
I0328 07:05:15.775422 2257011 finetune.py:68] layer 12_k @ epoch 4 new loss 1.5793733837199397e-05 old loss 1.5904888641671278e-05 BETTER
I0328 07:05:22.585960 2259305 finetune.py:45] layer 15_k initial loss 2.020935426116921e-05
I0328 07:05:25.039556 2257789 finetune.py:68] layer 13_k @ epoch 3 new loss 1.7410093278158456e-05 old loss 1.749592411215417e-05 BETTER
I0328 07:05:26.934811 2258536 finetune.py:68] layer 14_k @ epoch 1 new loss 2.0246452550054528e-05 old loss 2.0403411326697096e-05 BETTER
I0328 07:05:35.063041 2257011 finetune.py:45] layer 12_o initial loss 3.6206594813847914e-05
I0328 07:05:55.601476 2259305 finetune.py:68] layer 15_k @ epoch 0 new loss 1.9996901755803265e-05 old loss 2.020935426116921e-05 BETTER
I0328 07:05:59.518118 2257789 finetune.py:68] layer 13_k @ epoch 4 new loss 1.7329435650026426e-05 old loss 1.7410093278158456e-05 BETTER
I0328 07:06:01.428674 2258536 finetune.py:68] layer 14_k @ epoch 2 new loss 2.011625656450633e-05 old loss 2.0246452550054528e-05 BETTER
I0328 07:06:09.674236 2257011 finetune.py:68] layer 12_o @ epoch 0 new loss 3.518760058796033e-05 old loss 3.6206594813847914e-05 BETTER
I0328 07:06:19.194196 2257789 finetune.py:45] layer 13_o initial loss 4.3685555283445865e-05
I0328 07:06:29.472646 2259305 finetune.py:68] layer 15_k @ epoch 1 new loss 1.985445305763278e-05 old loss 1.9996901755803265e-05 BETTER
I0328 07:06:36.016789 2258536 finetune.py:68] layer 14_k @ epoch 3 new loss 1.9999832147732377e-05 old loss 2.011625656450633e-05 BETTER
I0328 07:06:45.368857 2257011 finetune.py:68] layer 12_o @ epoch 1 new loss 3.4625743865035474e-05 old loss 3.518760058796033e-05 BETTER
I0328 07:06:51.923535 2257789 finetune.py:68] layer 13_o @ epoch 0 new loss 4.234524749335833e-05 old loss 4.3685555283445865e-05 BETTER
I0328 07:07:03.547120 2259305 finetune.py:68] layer 15_k @ epoch 2 new loss 1.9724713638424873e-05 old loss 1.985445305763278e-05 BETTER
I0328 07:07:10.705702 2258536 finetune.py:68] layer 14_k @ epoch 4 new loss 1.990129385376349e-05 old loss 1.9999832147732377e-05 BETTER
I0328 07:07:21.270166 2257011 finetune.py:68] layer 12_o @ epoch 2 new loss 3.419138738536276e-05 old loss 3.4625743865035474e-05 BETTER
I0328 07:07:25.538233 2257789 finetune.py:68] layer 13_o @ epoch 1 new loss 4.1643721488071606e-05 old loss 4.234524749335833e-05 BETTER
I0328 07:07:30.078862 2258536 finetune.py:45] layer 14_o initial loss 4.796444045496173e-05
I0328 07:07:37.632087 2259305 finetune.py:68] layer 15_k @ epoch 3 new loss 1.9625336790340953e-05 old loss 1.9724713638424873e-05 BETTER
I0328 07:07:57.622150 2257011 finetune.py:68] layer 12_o @ epoch 3 new loss 3.382302384125069e-05 old loss 3.419138738536276e-05 BETTER
I0328 07:07:59.568132 2257789 finetune.py:68] layer 13_o @ epoch 2 new loss 4.1105908167082816e-05 old loss 4.1643721488071606e-05 BETTER
I0328 07:08:02.945806 2258536 finetune.py:68] layer 14_o @ epoch 0 new loss 4.641138730221428e-05 old loss 4.796444045496173e-05 BETTER
I0328 07:08:11.991200 2259305 finetune.py:68] layer 15_k @ epoch 4 new loss 1.9526865798979998e-05 old loss 1.9625336790340953e-05 BETTER
I0328 07:08:31.229235 2259305 finetune.py:45] layer 15_o initial loss 4.815698048332706e-05
I0328 07:08:33.437320 2257789 finetune.py:68] layer 13_o @ epoch 3 new loss 4.066204564878717e-05 old loss 4.1105908167082816e-05 BETTER
I0328 07:08:33.699261 2257011 finetune.py:68] layer 12_o @ epoch 4 new loss 3.3504322345834225e-05 old loss 3.382302384125069e-05 BETTER
I0328 07:08:36.927248 2258536 finetune.py:68] layer 14_o @ epoch 1 new loss 4.555738632916473e-05 old loss 4.641138730221428e-05 BETTER
I0328 07:09:03.703472 2259305 finetune.py:68] layer 15_o @ epoch 0 new loss 4.6487184590660036e-05 old loss 4.815698048332706e-05 BETTER
I0328 07:09:04.570697 2257011 finetune.py:45] layer 12_up initial loss 6.499616574728861e-05
I0328 07:09:07.452515 2257789 finetune.py:68] layer 13_o @ epoch 4 new loss 4.028152034152299e-05 old loss 4.066204564878717e-05 BETTER
I0328 07:09:10.791086 2258536 finetune.py:68] layer 14_o @ epoch 2 new loss 4.489745697355829e-05 old loss 4.555738632916473e-05 BETTER
I0328 07:09:36.734564 2257011 finetune.py:68] layer 12_up @ epoch 0 new loss 6.407242472050712e-05 old loss 6.499616574728861e-05 BETTER
I0328 07:09:37.008322 2259305 finetune.py:68] layer 15_o @ epoch 1 new loss 4.560585512081161e-05 old loss 4.6487184590660036e-05 BETTER
I0328 07:09:39.548378 2257789 finetune.py:45] layer 13_up initial loss 7.627992454217747e-05
I0328 07:09:44.731074 2258536 finetune.py:68] layer 14_o @ epoch 3 new loss 4.4360906031215563e-05 old loss 4.489745697355829e-05 BETTER
I0328 07:10:10.053875 2257011 finetune.py:68] layer 12_up @ epoch 1 new loss 6.335754733299837e-05 old loss 6.407242472050712e-05 BETTER
I0328 07:10:10.175382 2257789 finetune.py:68] layer 13_up @ epoch 0 new loss 7.516548066632822e-05 old loss 7.627992454217747e-05 BETTER
I0328 07:10:10.444098 2259305 finetune.py:68] layer 15_o @ epoch 2 new loss 4.492574589676224e-05 old loss 4.560585512081161e-05 BETTER
I0328 07:10:18.830861 2258536 finetune.py:68] layer 14_o @ epoch 4 new loss 4.390471804072149e-05 old loss 4.4360906031215563e-05 BETTER
I0328 07:10:41.975692 2257789 finetune.py:68] layer 13_up @ epoch 1 new loss 7.432520214933902e-05 old loss 7.516548066632822e-05 BETTER
I0328 07:10:43.451620 2257011 finetune.py:68] layer 12_up @ epoch 2 new loss 6.272912287386134e-05 old loss 6.335754733299837e-05 BETTER
I0328 07:10:43.914143 2259305 finetune.py:68] layer 15_o @ epoch 3 new loss 4.437334428075701e-05 old loss 4.492574589676224e-05 BETTER
I0328 07:10:50.413640 2258536 finetune.py:45] layer 14_up initial loss 8.737054304219782e-05
I0328 07:11:13.957977 2257789 finetune.py:68] layer 13_up @ epoch 2 new loss 7.359351002378389e-05 old loss 7.432520214933902e-05 BETTER
I0328 07:11:16.996750 2257011 finetune.py:68] layer 12_up @ epoch 3 new loss 6.216680048964918e-05 old loss 6.272912287386134e-05 BETTER
I0328 07:11:17.513575 2259305 finetune.py:68] layer 15_o @ epoch 4 new loss 4.390178219182417e-05 old loss 4.437334428075701e-05 BETTER
I0328 07:11:21.068348 2258536 finetune.py:68] layer 14_up @ epoch 0 new loss 8.594064274802804e-05 old loss 8.737054304219782e-05 BETTER
I0328 07:11:46.139367 2257789 finetune.py:68] layer 13_up @ epoch 3 new loss 7.293586531886831e-05 old loss 7.359351002378389e-05 BETTER
I0328 07:11:48.552031 2259305 finetune.py:45] layer 15_up initial loss 9.583115024724975e-05
I0328 07:11:50.602297 2257011 finetune.py:68] layer 12_up @ epoch 4 new loss 6.164500518934801e-05 old loss 6.216680048964918e-05 BETTER
I0328 07:11:52.938925 2258536 finetune.py:68] layer 14_up @ epoch 1 new loss 8.483129931846634e-05 old loss 8.594064274802804e-05 BETTER
I0328 07:12:18.374785 2257789 finetune.py:68] layer 13_up @ epoch 4 new loss 7.233582437038422e-05 old loss 7.293586531886831e-05 BETTER
I0328 07:12:18.644905 2259305 finetune.py:68] layer 15_up @ epoch 0 new loss 9.399043483426794e-05 old loss 9.583115024724975e-05 BETTER
I0328 07:12:21.723763 2257011 finetune.py:45] layer 12_gate initial loss 7.524758257204667e-05
I0328 07:12:25.182003 2258536 finetune.py:68] layer 14_up @ epoch 2 new loss 8.387621346628293e-05 old loss 8.483129931846634e-05 BETTER
I0328 07:12:49.665447 2259305 finetune.py:68] layer 15_up @ epoch 1 new loss 9.259532816940919e-05 old loss 9.399043483426794e-05 BETTER
I0328 07:12:49.807561 2257789 finetune.py:45] layer 13_gate initial loss 8.730914851184934e-05
I0328 07:12:51.761609 2257011 finetune.py:68] layer 12_gate @ epoch 0 new loss 7.471338176401332e-05 old loss 7.524758257204667e-05 BETTER
I0328 07:12:57.276917 2258536 finetune.py:68] layer 14_up @ epoch 3 new loss 8.302708738483489e-05 old loss 8.387621346628293e-05 BETTER
I0328 07:13:18.220823 2257789 finetune.py:68] layer 13_gate @ epoch 0 new loss 8.66627597133629e-05 old loss 8.730914851184934e-05 BETTER
I0328 07:13:20.819095 2259305 finetune.py:68] layer 15_up @ epoch 2 new loss 9.140421752817929e-05 old loss 9.259532816940919e-05 BETTER
I0328 07:13:22.769786 2257011 finetune.py:68] layer 12_gate @ epoch 1 new loss 7.42520423955284e-05 old loss 7.471338176401332e-05 BETTER
I0328 07:13:29.482927 2258536 finetune.py:68] layer 14_up @ epoch 4 new loss 8.225427154684439e-05 old loss 8.302708738483489e-05 BETTER
I0328 07:13:47.508304 2257789 finetune.py:68] layer 13_gate @ epoch 1 new loss 8.611856901552528e-05 old loss 8.66627597133629e-05 BETTER
I0328 07:13:52.256023 2259305 finetune.py:68] layer 15_up @ epoch 3 new loss 9.03469481272623e-05 old loss 9.140421752817929e-05 BETTER
I0328 07:13:54.231945 2257011 finetune.py:68] layer 12_gate @ epoch 2 new loss 7.38316957722418e-05 old loss 7.42520423955284e-05 BETTER
I0328 07:14:01.153623 2258536 finetune.py:45] layer 14_gate initial loss 9.843688894761726e-05
I0328 07:14:17.238494 2257789 finetune.py:68] layer 13_gate @ epoch 2 new loss 8.562781295040622e-05 old loss 8.611856901552528e-05 BETTER
I0328 07:14:23.546513 2259305 finetune.py:68] layer 15_up @ epoch 4 new loss 8.938221435528249e-05 old loss 9.03469481272623e-05 BETTER
I0328 07:14:25.528419 2257011 finetune.py:68] layer 12_gate @ epoch 3 new loss 7.343824836425483e-05 old loss 7.38316957722418e-05 BETTER
I0328 07:14:29.611058 2258536 finetune.py:68] layer 14_gate @ epoch 0 new loss 9.76291557890363e-05 old loss 9.843688894761726e-05 BETTER
I0328 07:14:46.762753 2257789 finetune.py:68] layer 13_gate @ epoch 3 new loss 8.516611705999821e-05 old loss 8.562781295040622e-05 BETTER
I0328 07:14:54.810562 2259305 finetune.py:45] layer 15_gate initial loss 0.00010718595876824111
I0328 07:14:56.783332 2257011 finetune.py:68] layer 12_gate @ epoch 4 new loss 7.307171472348273e-05 old loss 7.343824836425483e-05 BETTER
I0328 07:14:59.004196 2258536 finetune.py:68] layer 14_gate @ epoch 1 new loss 9.694531763670966e-05 old loss 9.76291557890363e-05 BETTER
I0328 07:15:16.296416 2257789 finetune.py:68] layer 13_gate @ epoch 4 new loss 8.474271453451365e-05 old loss 8.516611705999821e-05 BETTER
I0328 07:15:23.065111 2259305 finetune.py:68] layer 15_gate @ epoch 0 new loss 0.00010617975931381807 old loss 0.00010718595876824111 BETTER
I0328 07:15:28.674724 2258536 finetune.py:68] layer 14_gate @ epoch 2 new loss 9.633065201342106e-05 old loss 9.694531763670966e-05 BETTER
I0328 07:15:51.998954 2259305 finetune.py:68] layer 15_gate @ epoch 1 new loss 0.00010529918654356152 old loss 0.00010617975931381807 BETTER
I0328 07:15:52.498949 2257011 finetune.py:45] layer 12_down initial loss 0.00010990899318130687
I0328 07:15:58.264460 2258536 finetune.py:68] layer 14_gate @ epoch 3 new loss 9.575778676662594e-05 old loss 9.633065201342106e-05 BETTER
I0328 07:16:13.167385 2257789 finetune.py:45] layer 13_down initial loss 0.0001286126353079453
I0328 07:16:19.963388 2257011 finetune.py:68] layer 12_down @ epoch 0 new loss 0.00010990144801326096 old loss 0.00010990899318130687 BETTER
I0328 07:16:21.212867 2259305 finetune.py:68] layer 15_gate @ epoch 2 new loss 0.00010450797708472237 old loss 0.00010529918654356152 BETTER
I0328 07:16:28.018300 2258536 finetune.py:68] layer 14_gate @ epoch 4 new loss 9.522648178972304e-05 old loss 9.575778676662594e-05 BETTER
I0328 07:16:39.232976 2257789 finetune.py:68] layer 13_down @ epoch 0 new loss 0.00012860306014772505 old loss 0.0001286126353079453 BETTER
I0328 07:16:48.363462 2257011 finetune.py:68] layer 12_down @ epoch 1 new loss 0.00010989460861310363 old loss 0.00010990144801326096 BETTER
I0328 07:16:50.422217 2259305 finetune.py:68] layer 15_gate @ epoch 3 new loss 0.00010378624574514106 old loss 0.00010450797708472237 BETTER
I0328 07:17:06.354760 2257789 finetune.py:68] layer 13_down @ epoch 1 new loss 0.00012859505659434944 old loss 0.00012860306014772505 BETTER
I0328 07:17:16.902636 2257011 finetune.py:68] layer 12_down @ epoch 2 new loss 0.00010988988651661202 old loss 0.00010989460861310363 BETTER
I0328 07:17:19.715890 2259305 finetune.py:68] layer 15_gate @ epoch 4 new loss 0.0001031200445140712 old loss 0.00010378624574514106 BETTER
I0328 07:17:24.620140 2258536 finetune.py:45] layer 14_down initial loss 0.00014802449732087553
I0328 07:17:33.802298 2257789 finetune.py:68] layer 13_down @ epoch 2 new loss 0.00012858853733632714 old loss 0.00012859505659434944 BETTER
I0328 07:17:45.877983 2257011 finetune.py:68] layer 12_down @ epoch 3 new loss 0.00010988584836013615 old loss 0.00010988988651661202 BETTER
I0328 07:17:50.846840 2258536 finetune.py:68] layer 14_down @ epoch 0 new loss 0.00014801285578869283 old loss 0.00014802449732087553 BETTER
I0328 07:18:01.385048 2257789 finetune.py:68] layer 13_down @ epoch 3 new loss 0.00012858315312769264 old loss 0.00012858853733632714 BETTER
I0328 07:18:14.784922 2257011 finetune.py:68] layer 12_down @ epoch 4 new loss 0.00010988268331857398 old loss 0.00010988584836013615 BETTER
I0328 07:18:16.644922 2259305 finetune.py:45] layer 15_down initial loss 0.0001700201100902632
12_v proxy err 0.01664651744067669 tr(WHW.T) 363.6233825683594
bpp_loss 2.808650058635976
12_q proxy err 0.0008104664157144725 tr(WHW.T) 34120.05859375
bpp_loss 3.52260085393209
12_k proxy err 0.0003384500159882009 tr(WHW.T) 23034.623046875
bpp_loss 4.407548951159697
12_o proxy err 0.018908711150288582 tr(WHW.T) 783.4699096679688
bpp_loss 2.879361288738437
12_up proxy err 0.011603987775743008 tr(WHW.T) 10022.76171875
bpp_loss 2.9856026132058884
12_gate proxy err 0.0032423939555883408 tr(WHW.T) 37262.8828125
bpp_loss 3.1784487875577594
12_down proxy err 0.015679046511650085 tr(WHW.T) 6844.74365234375
bpp_loss 2.981490448549656
I0328 07:18:18.301416 2258536 finetune.py:68] layer 14_down @ epoch 1 new loss 0.00014800389180891216 old loss 0.00014801285578869283 BETTER
I0328 07:18:29.292463 2257789 finetune.py:68] layer 13_down @ epoch 4 new loss 0.00012857804540544748 old loss 0.00012858315312769264 BETTER
13_v proxy err 0.020179985091090202 tr(WHW.T) 280.153564453125
bpp_loss 2.750709260813892
13_q proxy err 0.0012436974793672562 tr(WHW.T) 20902.234375
bpp_loss 3.4960732412873767
13_k proxy err 0.0004142488760408014 tr(WHW.T) 17779.755859375
bpp_loss 4.421139298414346
13_o proxy err 0.01995537057518959 tr(WHW.T) 677.6998291015625
bpp_loss 2.862031716736965
13_up proxy err 0.011388863436877728 tr(WHW.T) 10005.79296875
bpp_loss 2.989244517404586
13_gate proxy err 0.0030435388907790184 tr(WHW.T) 38885.296875
bpp_loss 3.183018565976194
13_down proxy err 0.016035115346312523 tr(WHW.T) 6579.7099609375
bpp_loss 2.981265084235929
I0328 07:18:42.667992 2259305 finetune.py:68] layer 15_down @ epoch 0 new loss 0.00017000814841594547 old loss 0.0001700201100902632 BETTER
I0328 07:18:46.395351 2258536 finetune.py:68] layer 14_down @ epoch 2 new loss 0.00014799540804233402 old loss 0.00014800389180891216 BETTER
I0328 07:19:09.638629 2259305 finetune.py:68] layer 15_down @ epoch 1 new loss 0.00016999781655613333 old loss 0.00017000814841594547 BETTER
I0328 07:19:14.200847 2258536 finetune.py:68] layer 14_down @ epoch 3 new loss 0.0001479883649153635 old loss 0.00014799540804233402 BETTER
I0328 07:19:36.710289 2259305 finetune.py:68] layer 15_down @ epoch 2 new loss 0.00016998934734147042 old loss 0.00016999781655613333 BETTER
I0328 07:19:41.975384 2258536 finetune.py:68] layer 14_down @ epoch 4 new loss 0.00014798234042245895 old loss 0.0001479883649153635 BETTER
I0328 07:19:42.435161 2210624 quantize_finetune_llama.py:240] computed original embedding for layer 16 in 67.89321374893188s
14_v proxy err 0.01895088329911232 tr(WHW.T) 281.3382873535156
bpp_loss 2.7427224707207642
14_q proxy err 0.0011737202294170856 tr(WHW.T) 20888.65625
bpp_loss 3.466829349868931
14_k proxy err 0.00037280580727383494 tr(WHW.T) 18592.208984375
bpp_loss 4.370796607166994
14_o proxy err 0.02127280831336975 tr(WHW.T) 689.81982421875
bpp_loss 2.853245195292402
14_up proxy err 0.012372012250125408 tr(WHW.T) 9163.9208984375
bpp_loss 2.9837469160556793
14_gate proxy err 0.002835668157786131 tr(WHW.T) 41778.2109375
bpp_loss 3.21134483321969
14_down proxy err 0.016933318227529526 tr(WHW.T) 6413.53857421875
bpp_loss 2.9772764742208113
I0328 07:19:46.060440 2271926 utils.py:146] Note: detected 128 virtual cores but NumExpr set to maximum of 64, check "NUMEXPR_MAX_THREADS" environment variable.
I0328 07:19:46.060561 2271926 utils.py:149] Note: NumExpr detected 128 cores but "NUMEXPR_MAX_THREADS" not set, so enforcing safe limit of 16.
I0328 07:19:46.060603 2271926 utils.py:162] NumExpr defaulting to 16 threads.
I0328 07:19:46.405700 2271926 config.py:54] PyTorch version 2.6.0 available.
W0328 07:19:46.612839 2271926 warnings.py:109] /opt/conda/lib/python3.10/site-packages/torchvision/io/image.py:13: UserWarning: Failed to load image Python extension: '/opt/conda/lib/python3.10/site-packages/torchvision/image.so: undefined symbol: _ZN3c1017RegisterOperatorsD1Ev'If you don't plan on using image functionality from `torchvision.io`, you can ignore this warning. Otherwise, there might be something wrong with your environment. Did you have `libjpeg` or `libpng` installed before building `torchvision` from source?
  warn(

W0328 07:19:47.263884 2271926 warnings.py:109] /opt/conda/lib/python3.10/site-packages/compressai/models/video/google.py:353: FutureWarning: `torch.cuda.amp.autocast(args...)` is deprecated. Please use `torch.amp.autocast('cuda', args...)` instead.
  @amp.autocast(enabled=False)

I0328 07:19:47.270866 2210624 quantize_finetune_llama.py:209] layer 17 gpu 1
I0328 07:19:47.284184 2271926 data_utils.py:336] using 256 training seqs, 128 validation seqs
The attention layers in this model are transitioning from computing the RoPE embeddings internally through `position_ids` (2D tensor with the indexes of the tokens), to using externally computed `position_embeddings` (Tuple of tensors, containing cos and sin). In v4.46 `position_ids` will be removed and `position_embeddings` will be mandatory.
I0328 07:20:03.843127 2259305 finetune.py:68] layer 15_down @ epoch 3 new loss 0.0001699824060779065 old loss 0.00016998934734147042 BETTER
I0328 07:20:04.602163 2271926 finetune.py:45] layer 16_v initial loss 3.520365498843603e-05
W0328 07:20:04.602587 2271926 warnings.py:109] /workspace/Weight_compression/comp_lm_qtip/lib/algo/finetune.py:46: FutureWarning: `torch.cuda.amp.GradScaler(args...)` is deprecated. Please use `torch.amp.GradScaler('cuda', args...)` instead.
  scaler = torch.cuda.amp.GradScaler(enabled=(orig_dtype==torch.float16))

I0328 07:20:31.115243 2259305 finetune.py:68] layer 15_down @ epoch 4 new loss 0.0001699763524811715 old loss 0.0001699824060779065 BETTER
15_v proxy err 0.020996762439608574 tr(WHW.T) 284.0271301269531
bpp_loss 2.80367081053555
15_q proxy err 0.0009789594914764166 tr(WHW.T) 28082.892578125
bpp_loss 3.5914265530300327
15_k proxy err 0.0004076051991432905 tr(WHW.T) 18847.58984375
bpp_loss 4.416324666410219
15_o proxy err 0.021823212504386902 tr(WHW.T) 829.6182861328125
bpp_loss 2.8824056061566807
15_up proxy err 0.0125961285084486 tr(WHW.T) 8995.396484375
bpp_loss 2.9770248232941543
15_gate proxy err 0.0025882197078317404 tr(WHW.T) 46110.6953125
bpp_loss 3.2474169936696335
15_down proxy err 0.017002206295728683 tr(WHW.T) 6427.40576171875
bpp_loss 2.971972863821845
I0328 07:20:39.510763 2271926 finetune.py:68] layer 16_v @ epoch 0 new loss 2.2356887711794116e-05 old loss 3.520365498843603e-05 BETTER
I0328 07:20:51.548616 2210624 quantize_finetune_llama.py:240] computed original embedding for layer 17 in 63.81569576263428s
I0328 07:20:55.177619 2272698 utils.py:146] Note: detected 128 virtual cores but NumExpr set to maximum of 64, check "NUMEXPR_MAX_THREADS" environment variable.
I0328 07:20:55.177722 2272698 utils.py:149] Note: NumExpr detected 128 cores but "NUMEXPR_MAX_THREADS" not set, so enforcing safe limit of 16.
I0328 07:20:55.177762 2272698 utils.py:162] NumExpr defaulting to 16 threads.
I0328 07:20:55.501753 2272698 config.py:54] PyTorch version 2.6.0 available.
W0328 07:20:55.695684 2272698 warnings.py:109] /opt/conda/lib/python3.10/site-packages/torchvision/io/image.py:13: UserWarning: Failed to load image Python extension: '/opt/conda/lib/python3.10/site-packages/torchvision/image.so: undefined symbol: _ZN3c1017RegisterOperatorsD1Ev'If you don't plan on using image functionality from `torchvision.io`, you can ignore this warning. Otherwise, there might be something wrong with your environment. Did you have `libjpeg` or `libpng` installed before building `torchvision` from source?
  warn(

W0328 07:20:56.278053 2272698 warnings.py:109] /opt/conda/lib/python3.10/site-packages/compressai/models/video/google.py:353: FutureWarning: `torch.cuda.amp.autocast(args...)` is deprecated. Please use `torch.amp.autocast('cuda', args...)` instead.
  @amp.autocast(enabled=False)

I0328 07:20:56.281646 2210624 quantize_finetune_llama.py:209] layer 18 gpu 2
I0328 07:20:56.295000 2272698 data_utils.py:336] using 256 training seqs, 128 validation seqs
The attention layers in this model are transitioning from computing the RoPE embeddings internally through `position_ids` (2D tensor with the indexes of the tokens), to using externally computed `position_embeddings` (Tuple of tensors, containing cos and sin). In v4.46 `position_ids` will be removed and `position_embeddings` will be mandatory.
I0328 07:21:12.788264 2272698 finetune.py:45] layer 17_v initial loss 3.941136674256995e-05
W0328 07:21:12.788460 2272698 warnings.py:109] /workspace/Weight_compression/comp_lm_qtip/lib/algo/finetune.py:46: FutureWarning: `torch.cuda.amp.GradScaler(args...)` is deprecated. Please use `torch.amp.GradScaler('cuda', args...)` instead.
  scaler = torch.cuda.amp.GradScaler(enabled=(orig_dtype==torch.float16))

I0328 07:21:15.817462 2271926 finetune.py:68] layer 16_v @ epoch 1 new loss 2.090856469294522e-05 old loss 2.2356887711794116e-05 BETTER
I0328 07:21:46.104001 2272698 finetune.py:68] layer 17_v @ epoch 0 new loss 2.092186696245335e-05 old loss 3.941136674256995e-05 BETTER
I0328 07:21:52.686350 2271926 finetune.py:68] layer 16_v @ epoch 2 new loss 2.0092917111469433e-05 old loss 2.090856469294522e-05 BETTER
I0328 07:21:59.714753 2210624 quantize_finetune_llama.py:240] computed original embedding for layer 18 in 62.98609113693237s
I0328 07:22:03.467982 2273424 utils.py:146] Note: detected 128 virtual cores but NumExpr set to maximum of 64, check "NUMEXPR_MAX_THREADS" environment variable.
I0328 07:22:03.468088 2273424 utils.py:149] Note: NumExpr detected 128 cores but "NUMEXPR_MAX_THREADS" not set, so enforcing safe limit of 16.
I0328 07:22:03.468131 2273424 utils.py:162] NumExpr defaulting to 16 threads.
I0328 07:22:03.821783 2273424 config.py:54] PyTorch version 2.6.0 available.
W0328 07:22:04.020062 2273424 warnings.py:109] /opt/conda/lib/python3.10/site-packages/torchvision/io/image.py:13: UserWarning: Failed to load image Python extension: '/opt/conda/lib/python3.10/site-packages/torchvision/image.so: undefined symbol: _ZN3c1017RegisterOperatorsD1Ev'If you don't plan on using image functionality from `torchvision.io`, you can ignore this warning. Otherwise, there might be something wrong with your environment. Did you have `libjpeg` or `libpng` installed before building `torchvision` from source?
  warn(

W0328 07:22:04.617735 2273424 warnings.py:109] /opt/conda/lib/python3.10/site-packages/compressai/models/video/google.py:353: FutureWarning: `torch.cuda.amp.autocast(args...)` is deprecated. Please use `torch.amp.autocast('cuda', args...)` instead.
  @amp.autocast(enabled=False)

I0328 07:22:04.621772 2210624 quantize_finetune_llama.py:209] layer 19 gpu 3
I0328 07:22:04.636802 2273424 data_utils.py:336] using 256 training seqs, 128 validation seqs
The attention layers in this model are transitioning from computing the RoPE embeddings internally through `position_ids` (2D tensor with the indexes of the tokens), to using externally computed `position_embeddings` (Tuple of tensors, containing cos and sin). In v4.46 `position_ids` will be removed and `position_embeddings` will be mandatory.
I0328 07:22:20.578817 2272698 finetune.py:68] layer 17_v @ epoch 1 new loss 1.9286437236587517e-05 old loss 2.092186696245335e-05 BETTER
I0328 07:22:21.644180 2273424 finetune.py:45] layer 18_v initial loss 4.662333958549425e-05
W0328 07:22:21.644370 2273424 warnings.py:109] /workspace/Weight_compression/comp_lm_qtip/lib/algo/finetune.py:46: FutureWarning: `torch.cuda.amp.GradScaler(args...)` is deprecated. Please use `torch.amp.GradScaler('cuda', args...)` instead.
  scaler = torch.cuda.amp.GradScaler(enabled=(orig_dtype==torch.float16))

I0328 07:22:29.635685 2271926 finetune.py:68] layer 16_v @ epoch 3 new loss 1.953049468284007e-05 old loss 2.0092917111469433e-05 BETTER
I0328 07:22:55.270855 2272698 finetune.py:68] layer 17_v @ epoch 2 new loss 1.8477445337339304e-05 old loss 1.9286437236587517e-05 BETTER
I0328 07:22:55.310679 2273424 finetune.py:68] layer 18_v @ epoch 0 new loss 1.72773034137208e-05 old loss 4.662333958549425e-05 BETTER
I0328 07:23:06.596501 2271926 finetune.py:68] layer 16_v @ epoch 4 new loss 1.9097269614576362e-05 old loss 1.953049468284007e-05 BETTER
I0328 07:23:08.139462 2210624 quantize_finetune_llama.py:240] computed original embedding for layer 19 in 63.025962114334106s
I0328 07:23:11.971860 2274216 utils.py:146] Note: detected 128 virtual cores but NumExpr set to maximum of 64, check "NUMEXPR_MAX_THREADS" environment variable.
I0328 07:23:11.971961 2274216 utils.py:149] Note: NumExpr detected 128 cores but "NUMEXPR_MAX_THREADS" not set, so enforcing safe limit of 16.
I0328 07:23:11.971998 2274216 utils.py:162] NumExpr defaulting to 16 threads.
I0328 07:23:12.345524 2274216 config.py:54] PyTorch version 2.6.0 available.
W0328 07:23:12.551885 2274216 warnings.py:109] /opt/conda/lib/python3.10/site-packages/torchvision/io/image.py:13: UserWarning: Failed to load image Python extension: '/opt/conda/lib/python3.10/site-packages/torchvision/image.so: undefined symbol: _ZN3c1017RegisterOperatorsD1Ev'If you don't plan on using image functionality from `torchvision.io`, you can ignore this warning. Otherwise, there might be something wrong with your environment. Did you have `libjpeg` or `libpng` installed before building `torchvision` from source?
  warn(

W0328 07:23:13.214963 2274216 warnings.py:109] /opt/conda/lib/python3.10/site-packages/compressai/models/video/google.py:353: FutureWarning: `torch.cuda.amp.autocast(args...)` is deprecated. Please use `torch.amp.autocast('cuda', args...)` instead.
  @amp.autocast(enabled=False)

I0328 07:23:13.218736 2210624 quantize_finetune_llama.py:209] layer 20 gpu 0
I0328 07:23:13.232243 2274216 data_utils.py:336] using 256 training seqs, 128 validation seqs
The attention layers in this model are transitioning from computing the RoPE embeddings internally through `position_ids` (2D tensor with the indexes of the tokens), to using externally computed `position_embeddings` (Tuple of tensors, containing cos and sin). In v4.46 `position_ids` will be removed and `position_embeddings` will be mandatory.
I0328 07:23:25.898443 2271926 finetune.py:45] layer 16_q initial loss 2.2293887013802305e-05
I0328 07:23:29.824176 2273424 finetune.py:68] layer 18_v @ epoch 1 new loss 1.5655403331038542e-05 old loss 1.72773034137208e-05 BETTER
I0328 07:23:30.241788 2272698 finetune.py:68] layer 17_v @ epoch 3 new loss 1.797319964680355e-05 old loss 1.8477445337339304e-05 BETTER
I0328 07:23:30.643484 2274216 finetune.py:45] layer 19_v initial loss 5.390085789258592e-05
W0328 07:23:30.643888 2274216 warnings.py:109] /workspace/Weight_compression/comp_lm_qtip/lib/algo/finetune.py:46: FutureWarning: `torch.cuda.amp.GradScaler(args...)` is deprecated. Please use `torch.amp.GradScaler('cuda', args...)` instead.
  scaler = torch.cuda.amp.GradScaler(enabled=(orig_dtype==torch.float16))

