I0328 21:47:17.477077 2318407 finetune.py:68] layer 22_gate @ epoch 4 new loss 4.203967819194077e-06 old loss 4.221160452289041e-06 BETTER
I0328 21:47:22.602712 2318337 finetune.py:68] layer 21_down @ epoch 0 new loss 7.257439847307978e-06 old loss 7.258591267600423e-06 BETTER
I0328 21:47:35.644201 2318267 finetune.py:68] layer 20_down @ epoch 1 new loss 6.2247031564766075e-06 old loss 6.225072411325527e-06 BETTER
I0328 21:47:38.276602 2318477 finetune.py:68] layer 23_gate @ epoch 3 new loss 4.606049060384976e-06 old loss 4.624075700121466e-06 BETTER
I0328 21:47:49.718325 2318337 finetune.py:68] layer 21_down @ epoch 1 new loss 7.257079232658725e-06 old loss 7.257439847307978e-06 BETTER
I0328 21:48:04.665020 2318267 finetune.py:68] layer 20_down @ epoch 2 new loss 6.2245512708614115e-06 old loss 6.2247031564766075e-06 BETTER
I0328 21:48:07.526115 2318477 finetune.py:68] layer 23_gate @ epoch 4 new loss 4.590736807585927e-06 old loss 4.606049060384976e-06 BETTER
I0328 21:48:15.164240 2318407 finetune.py:45] layer 22_down initial loss 7.608560281369137e-06
I0328 21:48:17.180804 2318337 finetune.py:68] layer 21_down @ epoch 2 new loss 7.256902790686581e-06 old loss 7.257079232658725e-06 BETTER
I0328 21:48:33.647581 2318267 finetune.py:68] layer 20_down @ epoch 3 new loss 6.224455773917725e-06 old loss 6.2245512708614115e-06 BETTER
I0328 21:48:41.459283 2318407 finetune.py:68] layer 22_down @ epoch 0 new loss 7.607334282511147e-06 old loss 7.608560281369137e-06 BETTER
I0328 21:48:44.833932 2318337 finetune.py:68] layer 21_down @ epoch 3 new loss 7.25682502888958e-06 old loss 7.256902790686581e-06 BETTER
I0328 21:49:02.850837 2318267 finetune.py:68] layer 20_down @ epoch 4 new loss 6.224329354154179e-06 old loss 6.224455773917725e-06 BETTER
I0328 21:49:03.963430 2318477 finetune.py:45] layer 23_down initial loss 8.24101698526647e-06
20_v proxy err 0.00052523153135553 tr(WHW.T) 330.192138671875
bpp_loss 5.646952123497613
20_q proxy err 4.737457857117988e-05 tr(WHW.T) 20735.876953125
bpp_loss 6.486958400928415
20_k proxy err 2.9568665922852233e-05 tr(WHW.T) 15393.5322265625
bpp_loss 7.597671053255908
20_o proxy err 0.0005559729179367423 tr(WHW.T) 1205.2769775390625
bpp_loss 5.679378809407353
20_up proxy err 0.00042258889880031347 tr(WHW.T) 7601.083984375
bpp_loss 5.764893341942558
20_gate proxy err 0.00012107586371712387 tr(WHW.T) 30666.392578125
bpp_loss 6.166266250424087
20_down proxy err 0.0004871576093137264 tr(WHW.T) 6301.94482421875
bpp_loss 5.76091518472614
I0328 21:49:08.729845 2318407 finetune.py:68] layer 22_down @ epoch 1 new loss 7.606941380799981e-06 old loss 7.607334282511147e-06 BETTER
I0328 21:49:13.082190 2318337 finetune.py:68] layer 21_down @ epoch 4 new loss 7.256782737385947e-06 old loss 7.25682502888958e-06 BETTER
21_v proxy err 0.0004860068438574672 tr(WHW.T) 362.87310791015625
bpp_loss 5.673929242882878
21_q proxy err 3.8024441892048344e-05 tr(WHW.T) 25838.01953125
bpp_loss 6.476383737870492
21_k proxy err 2.6509742383495905e-05 tr(WHW.T) 16784.58203125
bpp_loss 7.648131961119361
21_o proxy err 0.000388293934520334 tr(WHW.T) 1266.3070068359375
bpp_loss 5.700258364900947
21_up proxy err 0.0004059452621731907 tr(WHW.T) 7772.7998046875
bpp_loss 5.767884890948023
21_gate proxy err 0.0001160541723947972 tr(WHW.T) 31560.783203125
bpp_loss 6.179196070214467
21_down proxy err 0.0004635634832084179 tr(WHW.T) 6353.08642578125
bpp_loss 5.7633265700923015
I0328 21:49:30.013846 2318477 finetune.py:68] layer 23_down @ epoch 0 new loss 8.23962182039395e-06 old loss 8.24101698526647e-06 BETTER
I0328 21:49:37.097970 2318407 finetune.py:68] layer 22_down @ epoch 2 new loss 7.606705366924871e-06 old loss 7.606941380799981e-06 BETTER
I0328 21:49:56.948713 2318477 finetune.py:68] layer 23_down @ epoch 1 new loss 8.23902701085899e-06 old loss 8.23962182039395e-06 BETTER
I0328 21:50:04.892837 2318407 finetune.py:68] layer 22_down @ epoch 3 new loss 7.606613053212641e-06 old loss 7.606705366924871e-06 BETTER
I0328 21:50:19.300277 2316731 quantize_finetune_llama.py:240] computed original embedding for layer 24 in 60.97344946861267s
I0328 21:50:23.210568 2318547 utils.py:146] Note: detected 128 virtual cores but NumExpr set to maximum of 64, check "NUMEXPR_MAX_THREADS" environment variable.
I0328 21:50:23.210681 2318547 utils.py:149] Note: NumExpr detected 128 cores but "NUMEXPR_MAX_THREADS" not set, so enforcing safe limit of 16.
I0328 21:50:23.210726 2318547 utils.py:162] NumExpr defaulting to 16 threads.
I0328 21:50:23.598875 2318547 config.py:54] PyTorch version 2.6.0 available.
W0328 21:50:23.808492 2318547 warnings.py:109] /opt/conda/lib/python3.10/site-packages/torchvision/io/image.py:13: UserWarning: Failed to load image Python extension: '/opt/conda/lib/python3.10/site-packages/torchvision/image.so: undefined symbol: _ZN3c1017RegisterOperatorsD1Ev'If you don't plan on using image functionality from `torchvision.io`, you can ignore this warning. Otherwise, there might be something wrong with your environment. Did you have `libjpeg` or `libpng` installed before building `torchvision` from source?
  warn(

I0328 21:50:24.072250 2318477 finetune.py:68] layer 23_down @ epoch 2 new loss 8.238728696596809e-06 old loss 8.23902701085899e-06 BETTER
W0328 21:50:24.390356 2318547 warnings.py:109] /opt/conda/lib/python3.10/site-packages/compressai/models/video/google.py:353: FutureWarning: `torch.cuda.amp.autocast(args...)` is deprecated. Please use `torch.amp.autocast('cuda', args...)` instead.
  @amp.autocast(enabled=False)

I0328 21:50:24.394106 2316731 quantize_finetune_llama.py:209] layer 25 gpu 1
I0328 21:50:24.407402 2318547 data_utils.py:336] using 256 training seqs, 128 validation seqs
I0328 21:50:32.632006 2318407 finetune.py:68] layer 22_down @ epoch 4 new loss 7.6065102803113405e-06 old loss 7.606613053212641e-06 BETTER
22_v proxy err 0.0004969841102138162 tr(WHW.T) 346.0789489746094
bpp_loss 5.72497646859847
22_q proxy err 4.593904668581672e-05 tr(WHW.T) 20320.533203125
bpp_loss 6.429021558724344
22_k proxy err 3.0335262636072002e-05 tr(WHW.T) 14722.0546875
bpp_loss 7.5641343666939065
22_o proxy err 0.0005209720693528652 tr(WHW.T) 1221.9869384765625
bpp_loss 5.722872045473196
22_up proxy err 0.00042267004027962685 tr(WHW.T) 7547.95263671875
bpp_loss 5.771526995114982
22_gate proxy err 0.00012527024955488741 tr(WHW.T) 29532.3359375
bpp_loss 6.180232958335962
22_down proxy err 0.00046324433060362935 tr(WHW.T) 6531.0927734375
bpp_loss 5.767433467088267
The attention layers in this model are transitioning from computing the RoPE embeddings internally through `position_ids` (2D tensor with the indexes of the tokens), to using externally computed `position_embeddings` (Tuple of tensors, containing cos and sin). In v4.46 `position_ids` will be removed and `position_embeddings` will be mandatory.
I0328 21:50:41.575278 2318547 finetune.py:45] layer 24_v initial loss 2.9376658403634792e-06
W0328 21:50:41.575542 2318547 warnings.py:109] /workspace/Weight_compression/comp_lm_qtip/lib/algo/finetune.py:46: FutureWarning: `torch.cuda.amp.GradScaler(args...)` is deprecated. Please use `torch.amp.GradScaler('cuda', args...)` instead.
  scaler = torch.cuda.amp.GradScaler(enabled=(orig_dtype==torch.float16))

I0328 21:50:51.175728 2318477 finetune.py:68] layer 23_down @ epoch 3 new loss 8.238514965341892e-06 old loss 8.238728696596809e-06 BETTER
I0328 21:51:16.560336 2318547 finetune.py:68] layer 24_v @ epoch 0 new loss 6.210014475982462e-07 old loss 2.9376658403634792e-06 BETTER
I0328 21:51:18.368544 2318477 finetune.py:68] layer 23_down @ epoch 4 new loss 8.23842128738761e-06 old loss 8.238514965341892e-06 BETTER
23_v proxy err 0.00046107955859042704 tr(WHW.T) 397.90704345703125
bpp_loss 5.77848870260641
23_q proxy err 4.3423602619441226e-05 tr(WHW.T) 22613.216796875
bpp_loss 6.43871101224795
23_k proxy err 2.9821021598763764e-05 tr(WHW.T) 14858.58203125
bpp_loss 7.559394005220383
23_o proxy err 0.000449848041171208 tr(WHW.T) 1744.9473876953125
bpp_loss 5.743045195704326
23_up proxy err 0.0004296930565033108 tr(WHW.T) 7418.556640625
bpp_loss 5.7755808016019206
23_gate proxy err 0.00013534212484955788 tr(WHW.T) 27270.8359375
bpp_loss 6.182909611346466
23_down proxy err 0.00046630235738120973 tr(WHW.T) 6669.55029296875
bpp_loss 5.772092378897859
I0328 21:51:41.484921 2316731 quantize_finetune_llama.py:240] computed original embedding for layer 25 in 64.19658970832825s
I0328 21:51:45.110572 2318617 utils.py:146] Note: detected 128 virtual cores but NumExpr set to maximum of 64, check "NUMEXPR_MAX_THREADS" environment variable.
I0328 21:51:45.110670 2318617 utils.py:149] Note: NumExpr detected 128 cores but "NUMEXPR_MAX_THREADS" not set, so enforcing safe limit of 16.
I0328 21:51:45.110708 2318617 utils.py:162] NumExpr defaulting to 16 threads.
I0328 21:51:45.450717 2318617 config.py:54] PyTorch version 2.6.0 available.
W0328 21:51:45.649780 2318617 warnings.py:109] /opt/conda/lib/python3.10/site-packages/torchvision/io/image.py:13: UserWarning: Failed to load image Python extension: '/opt/conda/lib/python3.10/site-packages/torchvision/image.so: undefined symbol: _ZN3c1017RegisterOperatorsD1Ev'If you don't plan on using image functionality from `torchvision.io`, you can ignore this warning. Otherwise, there might be something wrong with your environment. Did you have `libjpeg` or `libpng` installed before building `torchvision` from source?
  warn(

W0328 21:51:46.258665 2318617 warnings.py:109] /opt/conda/lib/python3.10/site-packages/compressai/models/video/google.py:353: FutureWarning: `torch.cuda.amp.autocast(args...)` is deprecated. Please use `torch.amp.autocast('cuda', args...)` instead.
  @amp.autocast(enabled=False)

I0328 21:51:46.262191 2316731 quantize_finetune_llama.py:209] layer 26 gpu 2
I0328 21:51:46.275090 2318617 data_utils.py:336] using 256 training seqs, 128 validation seqs
I0328 21:51:53.046480 2318547 finetune.py:68] layer 24_v @ epoch 1 new loss 5.495977006830799e-07 old loss 6.210014475982462e-07 BETTER
The attention layers in this model are transitioning from computing the RoPE embeddings internally through `position_ids` (2D tensor with the indexes of the tokens), to using externally computed `position_embeddings` (Tuple of tensors, containing cos and sin). In v4.46 `position_ids` will be removed and `position_embeddings` will be mandatory.
I0328 21:52:03.293427 2318617 finetune.py:45] layer 25_v initial loss 3.2594102776783984e-06
W0328 21:52:03.293637 2318617 warnings.py:109] /workspace/Weight_compression/comp_lm_qtip/lib/algo/finetune.py:46: FutureWarning: `torch.cuda.amp.GradScaler(args...)` is deprecated. Please use `torch.amp.GradScaler('cuda', args...)` instead.
  scaler = torch.cuda.amp.GradScaler(enabled=(orig_dtype==torch.float16))

I0328 21:52:29.989866 2318547 finetune.py:68] layer 24_v @ epoch 2 new loss 5.369681730371667e-07 old loss 5.495977006830799e-07 BETTER
I0328 21:52:36.555377 2318617 finetune.py:68] layer 25_v @ epoch 0 new loss 6.944163146727078e-07 old loss 3.2594102776783984e-06 BETTER
I0328 21:52:49.967922 2316731 quantize_finetune_llama.py:240] computed original embedding for layer 26 in 63.24264740943909s
I0328 21:52:53.670041 2318687 utils.py:146] Note: detected 128 virtual cores but NumExpr set to maximum of 64, check "NUMEXPR_MAX_THREADS" environment variable.
I0328 21:52:53.670131 2318687 utils.py:149] Note: NumExpr detected 128 cores but "NUMEXPR_MAX_THREADS" not set, so enforcing safe limit of 16.
I0328 21:52:53.670169 2318687 utils.py:162] NumExpr defaulting to 16 threads.
I0328 21:52:54.034438 2318687 config.py:54] PyTorch version 2.6.0 available.
W0328 21:52:54.229540 2318687 warnings.py:109] /opt/conda/lib/python3.10/site-packages/torchvision/io/image.py:13: UserWarning: Failed to load image Python extension: '/opt/conda/lib/python3.10/site-packages/torchvision/image.so: undefined symbol: _ZN3c1017RegisterOperatorsD1Ev'If you don't plan on using image functionality from `torchvision.io`, you can ignore this warning. Otherwise, there might be something wrong with your environment. Did you have `libjpeg` or `libpng` installed before building `torchvision` from source?
  warn(

W0328 21:52:54.826600 2318687 warnings.py:109] /opt/conda/lib/python3.10/site-packages/compressai/models/video/google.py:353: FutureWarning: `torch.cuda.amp.autocast(args...)` is deprecated. Please use `torch.amp.autocast('cuda', args...)` instead.
  @amp.autocast(enabled=False)

I0328 21:52:54.830395 2316731 quantize_finetune_llama.py:209] layer 27 gpu 3
I0328 21:52:54.843325 2318687 data_utils.py:336] using 256 training seqs, 128 validation seqs
I0328 21:53:07.058087 2318547 finetune.py:76] layer 24_v @ epoch 3 new loss 5.598857342192787e-07 old loss 5.369681730371667e-07 WORSE
The attention layers in this model are transitioning from computing the RoPE embeddings internally through `position_ids` (2D tensor with the indexes of the tokens), to using externally computed `position_embeddings` (Tuple of tensors, containing cos and sin). In v4.46 `position_ids` will be removed and `position_embeddings` will be mandatory.
I0328 21:53:10.908408 2318617 finetune.py:68] layer 25_v @ epoch 1 new loss 6.53949314255442e-07 old loss 6.944163146727078e-07 BETTER
I0328 21:53:12.373398 2318687 finetune.py:45] layer 26_v initial loss 3.062025825784076e-06
W0328 21:53:12.373765 2318687 warnings.py:109] /workspace/Weight_compression/comp_lm_qtip/lib/algo/finetune.py:46: FutureWarning: `torch.cuda.amp.GradScaler(args...)` is deprecated. Please use `torch.amp.GradScaler('cuda', args...)` instead.
  scaler = torch.cuda.amp.GradScaler(enabled=(orig_dtype==torch.float16))

I0328 21:53:43.433379 2318547 finetune.py:76] layer 24_v @ epoch 4 new loss 5.957431881142838e-07 old loss 5.369681730371667e-07 WORSE
I0328 21:53:45.694319 2318617 finetune.py:76] layer 25_v @ epoch 2 new loss 6.854328944427834e-07 old loss 6.53949314255442e-07 WORSE
I0328 21:53:45.963576 2318687 finetune.py:68] layer 26_v @ epoch 0 new loss 9.67736923485063e-07 old loss 3.062025825784076e-06 BETTER
I0328 21:53:59.092243 2316731 quantize_finetune_llama.py:240] computed original embedding for layer 27 in 63.78254723548889s
I0328 21:54:02.048866 2318547 finetune.py:45] layer 24_q initial loss 6.994164891693799e-07
I0328 21:54:03.077977 2318757 utils.py:146] Note: detected 128 virtual cores but NumExpr set to maximum of 64, check "NUMEXPR_MAX_THREADS" environment variable.
I0328 21:54:03.078063 2318757 utils.py:149] Note: NumExpr detected 128 cores but "NUMEXPR_MAX_THREADS" not set, so enforcing safe limit of 16.
I0328 21:54:03.078104 2318757 utils.py:162] NumExpr defaulting to 16 threads.
I0328 21:54:03.465621 2318757 config.py:54] PyTorch version 2.6.0 available.
W0328 21:54:03.672693 2318757 warnings.py:109] /opt/conda/lib/python3.10/site-packages/torchvision/io/image.py:13: UserWarning: Failed to load image Python extension: '/opt/conda/lib/python3.10/site-packages/torchvision/image.so: undefined symbol: _ZN3c1017RegisterOperatorsD1Ev'If you don't plan on using image functionality from `torchvision.io`, you can ignore this warning. Otherwise, there might be something wrong with your environment. Did you have `libjpeg` or `libpng` installed before building `torchvision` from source?
  warn(

W0328 21:54:04.307914 2318757 warnings.py:109] /opt/conda/lib/python3.10/site-packages/compressai/models/video/google.py:353: FutureWarning: `torch.cuda.amp.autocast(args...)` is deprecated. Please use `torch.amp.autocast('cuda', args...)` instead.
  @amp.autocast(enabled=False)

I0328 21:54:04.311635 2316731 quantize_finetune_llama.py:209] layer 28 gpu 0
I0328 21:54:04.325283 2318757 data_utils.py:336] using 256 training seqs, 128 validation seqs
The attention layers in this model are transitioning from computing the RoPE embeddings internally through `position_ids` (2D tensor with the indexes of the tokens), to using externally computed `position_embeddings` (Tuple of tensors, containing cos and sin). In v4.46 `position_ids` will be removed and `position_embeddings` will be mandatory.
I0328 21:54:19.991039 2318617 finetune.py:76] layer 25_v @ epoch 3 new loss 9.239204246114241e-07 old loss 6.53949314255442e-07 WORSE
I0328 21:54:20.715041 2318687 finetune.py:68] layer 26_v @ epoch 1 new loss 9.17785371257196e-07 old loss 9.67736923485063e-07 BETTER
I0328 21:54:21.576668 2318757 finetune.py:45] layer 27_v initial loss 3.507271003400092e-06
W0328 21:54:21.577080 2318757 warnings.py:109] /workspace/Weight_compression/comp_lm_qtip/lib/algo/finetune.py:46: FutureWarning: `torch.cuda.amp.GradScaler(args...)` is deprecated. Please use `torch.amp.GradScaler('cuda', args...)` instead.
  scaler = torch.cuda.amp.GradScaler(enabled=(orig_dtype==torch.float16))

I0328 21:54:37.471907 2318547 finetune.py:68] layer 24_q @ epoch 0 new loss 6.676534667349188e-07 old loss 6.994164891693799e-07 BETTER
I0328 21:54:54.194258 2318617 finetune.py:76] layer 25_v @ epoch 4 new loss 7.218919222395925e-07 old loss 6.53949314255442e-07 WORSE
I0328 21:54:54.593564 2318757 finetune.py:68] layer 27_v @ epoch 0 new loss 9.404974434801261e-07 old loss 3.507271003400092e-06 BETTER
I0328 21:54:55.593245 2318687 finetune.py:76] layer 26_v @ epoch 2 new loss 1.0626862376739155e-06 old loss 9.17785371257196e-07 WORSE
I0328 21:55:13.164052 2318617 finetune.py:45] layer 25_q initial loss 9.437499670639227e-07
I0328 21:55:13.673020 2318547 finetune.py:68] layer 24_q @ epoch 1 new loss 6.359063604577386e-07 old loss 6.676534667349188e-07 BETTER
I0328 21:55:28.768661 2318757 finetune.py:76] layer 27_v @ epoch 1 new loss 9.643291605243576e-07 old loss 9.404974434801261e-07 WORSE
I0328 21:55:29.980447 2318687 finetune.py:76] layer 26_v @ epoch 3 new loss 9.896427854982903e-07 old loss 9.17785371257196e-07 WORSE
I0328 21:55:46.443578 2318617 finetune.py:68] layer 25_q @ epoch 0 new loss 8.41506221149757e-07 old loss 9.437499670639227e-07 BETTER
I0328 21:55:50.120009 2318547 finetune.py:68] layer 24_q @ epoch 2 new loss 6.260937084334728e-07 old loss 6.359063604577386e-07 BETTER
I0328 21:56:02.518371 2318757 finetune.py:76] layer 27_v @ epoch 2 new loss 1.134523131440801e-06 old loss 9.404974434801261e-07 WORSE
I0328 21:56:04.487703 2318687 finetune.py:76] layer 26_v @ epoch 4 new loss 9.702965826363652e-07 old loss 9.17785371257196e-07 WORSE
I0328 21:56:20.778665 2318617 finetune.py:68] layer 25_q @ epoch 1 new loss 7.942252864268085e-07 old loss 8.41506221149757e-07 BETTER
I0328 21:56:23.357572 2318687 finetune.py:45] layer 26_q initial loss 1.1742937431336031e-06
I0328 21:56:26.852228 2318547 finetune.py:76] layer 24_q @ epoch 3 new loss 6.313560447779309e-07 old loss 6.260937084334728e-07 WORSE
I0328 21:56:36.268158 2318757 finetune.py:76] layer 27_v @ epoch 3 new loss 1.2555548210002598e-06 old loss 9.404974434801261e-07 WORSE
I0328 21:56:55.203623 2318617 finetune.py:68] layer 25_q @ epoch 2 new loss 7.817807841092872e-07 old loss 7.942252864268085e-07 BETTER
I0328 21:56:57.072585 2318687 finetune.py:68] layer 26_q @ epoch 0 new loss 1.108914375436143e-06 old loss 1.1742937431336031e-06 BETTER
I0328 21:57:03.037921 2318547 finetune.py:68] layer 24_q @ epoch 4 new loss 6.137017294349789e-07 old loss 6.260937084334728e-07 BETTER
I0328 21:57:10.040366 2318757 finetune.py:76] layer 27_v @ epoch 4 new loss 1.0409066817373969e-06 old loss 9.404974434801261e-07 WORSE
I0328 21:57:20.864249 2318547 finetune.py:45] layer 24_k initial loss 8.394449082516076e-07
I0328 21:57:28.487696 2318757 finetune.py:45] layer 27_q initial loss 1.300944745707966e-06
I0328 21:57:29.630511 2318617 finetune.py:68] layer 25_q @ epoch 3 new loss 7.754131274850806e-07 old loss 7.817807841092872e-07 BETTER
I0328 21:57:31.593960 2318687 finetune.py:68] layer 26_q @ epoch 1 new loss 1.0575815849733772e-06 old loss 1.108914375436143e-06 BETTER
I0328 21:57:56.380390 2318547 finetune.py:68] layer 24_k @ epoch 0 new loss 8.159033768606605e-07 old loss 8.394449082516076e-07 BETTER
I0328 21:58:01.540161 2318757 finetune.py:68] layer 27_q @ epoch 0 new loss 1.2240761861903593e-06 old loss 1.300944745707966e-06 BETTER
I0328 21:58:04.387634 2318617 finetune.py:68] layer 25_q @ epoch 4 new loss 7.521271072619129e-07 old loss 7.754131274850806e-07 BETTER
I0328 21:58:06.076561 2318687 finetune.py:76] layer 26_q @ epoch 2 new loss 1.0723806553869508e-06 old loss 1.0575815849733772e-06 WORSE
I0328 21:58:22.290909 2318617 finetune.py:45] layer 25_k initial loss 1.129842303271289e-06
I0328 21:58:32.346965 2318547 finetune.py:68] layer 24_k @ epoch 1 new loss 7.966588100316585e-07 old loss 8.159033768606605e-07 BETTER
I0328 21:58:35.850410 2318757 finetune.py:68] layer 27_q @ epoch 1 new loss 1.1483291473268764e-06 old loss 1.2240761861903593e-06 BETTER
I0328 21:58:40.200606 2318687 finetune.py:76] layer 26_q @ epoch 3 new loss 1.0667904462025035e-06 old loss 1.0575815849733772e-06 WORSE
I0328 21:58:55.705067 2318617 finetune.py:68] layer 25_k @ epoch 0 new loss 1.0817203701662947e-06 old loss 1.129842303271289e-06 BETTER
I0328 21:59:08.693827 2318547 finetune.py:76] layer 24_k @ epoch 2 new loss 7.991189363565354e-07 old loss 7.966588100316585e-07 WORSE
I0328 21:59:09.915008 2318757 finetune.py:76] layer 27_q @ epoch 2 new loss 1.1818507346106344e-06 old loss 1.1483291473268764e-06 WORSE
I0328 21:59:14.210094 2318687 finetune.py:76] layer 26_q @ epoch 4 new loss 1.1346875226081465e-06 old loss 1.0575815849733772e-06 WORSE
I0328 21:59:29.851146 2318617 finetune.py:68] layer 25_k @ epoch 1 new loss 1.0577273314993363e-06 old loss 1.0817203701662947e-06 BETTER
I0328 21:59:31.635454 2318687 finetune.py:45] layer 26_k initial loss 1.4869038977849414e-06
I0328 21:59:43.455291 2318757 finetune.py:76] layer 27_q @ epoch 3 new loss 1.2225192449477618e-06 old loss 1.1483291473268764e-06 WORSE
I0328 21:59:44.416581 2318547 finetune.py:76] layer 24_k @ epoch 3 new loss 8.005813469935674e-07 old loss 7.966588100316585e-07 WORSE
I0328 22:00:04.046872 2318617 finetune.py:68] layer 25_k @ epoch 2 new loss 1.0479133152330178e-06 old loss 1.0577273314993363e-06 BETTER
I0328 22:00:05.169490 2318687 finetune.py:68] layer 26_k @ epoch 0 new loss 1.4023961512066307e-06 old loss 1.4869038977849414e-06 BETTER
I0328 22:00:16.902034 2318757 finetune.py:76] layer 27_q @ epoch 4 new loss 1.2170416994194966e-06 old loss 1.1483291473268764e-06 WORSE
I0328 22:00:20.259299 2318547 finetune.py:68] layer 24_k @ epoch 4 new loss 7.86718601375469e-07 old loss 7.966588100316585e-07 BETTER
I0328 22:00:33.929345 2318757 finetune.py:45] layer 27_k initial loss 1.8577693481347524e-06
I0328 22:00:38.427580 2318617 finetune.py:76] layer 25_k @ epoch 3 new loss 1.0524749995965976e-06 old loss 1.0479133152330178e-06 WORSE
I0328 22:00:39.742118 2318687 finetune.py:68] layer 26_k @ epoch 1 new loss 1.398456788592739e-06 old loss 1.4023961512066307e-06 BETTER
I0328 22:00:39.832690 2318547 finetune.py:45] layer 24_o initial loss 1.576425347593613e-06
I0328 22:01:06.705928 2318757 finetune.py:68] layer 27_k @ epoch 0 new loss 1.7944139472092502e-06 old loss 1.8577693481347524e-06 BETTER
I0328 22:01:12.242322 2318617 finetune.py:68] layer 25_k @ epoch 4 new loss 1.0426248309158836e-06 old loss 1.0479133152330178e-06 BETTER
I0328 22:01:14.307910 2318687 finetune.py:76] layer 26_k @ epoch 2 new loss 1.4148959053272847e-06 old loss 1.398456788592739e-06 WORSE
I0328 22:01:14.581424 2318547 finetune.py:68] layer 24_o @ epoch 0 new loss 1.5441753475897713e-06 old loss 1.576425347593613e-06 BETTER
I0328 22:01:31.984040 2318617 finetune.py:45] layer 25_o initial loss 1.9700460143212695e-06
I0328 22:01:40.575813 2318757 finetune.py:68] layer 27_k @ epoch 1 new loss 1.6935865687628393e-06 old loss 1.7944139472092502e-06 BETTER
I0328 22:01:48.362526 2318687 finetune.py:76] layer 26_k @ epoch 3 new loss 1.3993133052281337e-06 old loss 1.398456788592739e-06 WORSE
I0328 22:01:50.207570 2318547 finetune.py:68] layer 24_o @ epoch 1 new loss 1.5233979411277687e-06 old loss 1.5441753475897713e-06 BETTER
I0328 22:02:04.683509 2318617 finetune.py:68] layer 25_o @ epoch 0 new loss 1.9126475763187045e-06 old loss 1.9700460143212695e-06 BETTER
I0328 22:02:14.404923 2318757 finetune.py:68] layer 27_k @ epoch 2 new loss 1.6821375083964085e-06 old loss 1.6935865687628393e-06 BETTER
I0328 22:02:22.354422 2318687 finetune.py:68] layer 26_k @ epoch 4 new loss 1.390039642501506e-06 old loss 1.398456788592739e-06 BETTER
I0328 22:02:26.326452 2318547 finetune.py:68] layer 24_o @ epoch 2 new loss 1.5131419104363886e-06 old loss 1.5233979411277687e-06 BETTER
I0328 22:02:38.334520 2318617 finetune.py:68] layer 25_o @ epoch 1 new loss 1.8918044588644989e-06 old loss 1.9126475763187045e-06 BETTER
I0328 22:02:42.020203 2318687 finetune.py:45] layer 26_o initial loss 2.6864481696975417e-06
I0328 22:02:48.314277 2318757 finetune.py:76] layer 27_k @ epoch 3 new loss 1.6977371615212178e-06 old loss 1.6821375083964085e-06 WORSE
I0328 22:03:02.000162 2318547 finetune.py:68] layer 24_o @ epoch 3 new loss 1.5037998082334525e-06 old loss 1.5131419104363886e-06 BETTER
I0328 22:03:12.079904 2318617 finetune.py:68] layer 25_o @ epoch 2 new loss 1.8621009303387837e-06 old loss 1.8918044588644989e-06 BETTER
I0328 22:03:14.902383 2318687 finetune.py:68] layer 26_o @ epoch 0 new loss 2.5455631202930817e-06 old loss 2.6864481696975417e-06 BETTER
I0328 22:03:21.485295 2318757 finetune.py:76] layer 27_k @ epoch 4 new loss 1.7021744724843302e-06 old loss 1.6821375083964085e-06 WORSE
I0328 22:03:37.726761 2318547 finetune.py:68] layer 24_o @ epoch 4 new loss 1.5016734096207074e-06 old loss 1.5037998082334525e-06 BETTER
I0328 22:03:40.228849 2318757 finetune.py:45] layer 27_o initial loss 3.2409684536105487e-06
I0328 22:03:45.650565 2318617 finetune.py:68] layer 25_o @ epoch 3 new loss 1.8364094103162643e-06 old loss 1.8621009303387837e-06 BETTER
I0328 22:03:48.552311 2318687 finetune.py:68] layer 26_o @ epoch 1 new loss 2.4763319288467756e-06 old loss 2.5455631202930817e-06 BETTER
I0328 22:04:08.786489 2318547 finetune.py:45] layer 24_up initial loss 4.241218903189292e-06
I0328 22:04:12.745541 2318757 finetune.py:68] layer 27_o @ epoch 0 new loss 3.1566123652737588e-06 old loss 3.2409684536105487e-06 BETTER
I0328 22:04:19.183352 2318617 finetune.py:76] layer 25_o @ epoch 4 new loss 1.86549118552648e-06 old loss 1.8364094103162643e-06 WORSE
I0328 22:04:22.358736 2318687 finetune.py:68] layer 26_o @ epoch 2 new loss 2.4560149540775456e-06 old loss 2.4763319288467756e-06 BETTER
I0328 22:04:40.625080 2318547 finetune.py:68] layer 24_up @ epoch 0 new loss 4.149021606281167e-06 old loss 4.241218903189292e-06 BETTER
I0328 22:04:45.875245 2318757 finetune.py:68] layer 27_o @ epoch 1 new loss 3.1075094284460647e-06 old loss 3.1566123652737588e-06 BETTER
I0328 22:04:50.145887 2318617 finetune.py:45] layer 25_up initial loss 4.9163541007146705e-06
I0328 22:04:56.184365 2318687 finetune.py:68] layer 26_o @ epoch 3 new loss 2.4299770302604884e-06 old loss 2.4560149540775456e-06 BETTER
I0328 22:05:13.724133 2318547 finetune.py:68] layer 24_up @ epoch 1 new loss 4.091275513928849e-06 old loss 4.149021606281167e-06 BETTER
I0328 22:05:19.082213 2318757 finetune.py:68] layer 27_o @ epoch 2 new loss 3.070635784752085e-06 old loss 3.1075094284460647e-06 BETTER
I0328 22:05:20.529357 2318617 finetune.py:68] layer 25_up @ epoch 0 new loss 4.813819032278843e-06 old loss 4.9163541007146705e-06 BETTER
I0328 22:05:30.147497 2318687 finetune.py:68] layer 26_o @ epoch 4 new loss 2.4133628357958514e-06 old loss 2.4299770302604884e-06 BETTER
I0328 22:05:47.030105 2318547 finetune.py:68] layer 24_up @ epoch 2 new loss 4.049392373417504e-06 old loss 4.091275513928849e-06 BETTER
I0328 22:05:51.835699 2318617 finetune.py:68] layer 25_up @ epoch 1 new loss 4.74648732051719e-06 old loss 4.813819032278843e-06 BETTER
I0328 22:05:52.178741 2318757 finetune.py:68] layer 27_o @ epoch 3 new loss 3.048636699531926e-06 old loss 3.070635784752085e-06 BETTER
I0328 22:06:01.635173 2318687 finetune.py:45] layer 26_up initial loss 6.031596967659425e-06
I0328 22:06:20.603131 2318547 finetune.py:68] layer 24_up @ epoch 3 new loss 4.015847935079364e-06 old loss 4.049392373417504e-06 BETTER
I0328 22:06:23.326765 2318617 finetune.py:68] layer 25_up @ epoch 2 new loss 4.6993059186206665e-06 old loss 4.74648732051719e-06 BETTER
I0328 22:06:25.431724 2318757 finetune.py:76] layer 27_o @ epoch 4 new loss 3.059077243960928e-06 old loss 3.048636699531926e-06 WORSE
I0328 22:06:32.237768 2318687 finetune.py:68] layer 26_up @ epoch 0 new loss 5.904797944822349e-06 old loss 6.031596967659425e-06 BETTER
I0328 22:06:54.219703 2318547 finetune.py:68] layer 24_up @ epoch 4 new loss 3.989131982962135e-06 old loss 4.015847935079364e-06 BETTER
I0328 22:06:54.980860 2318617 finetune.py:68] layer 25_up @ epoch 3 new loss 4.661668299377197e-06 old loss 4.6993059186206665e-06 BETTER
I0328 22:06:55.672929 2318757 finetune.py:45] layer 27_up initial loss 7.2842663030314725e-06
I0328 22:07:03.987549 2318687 finetune.py:68] layer 26_up @ epoch 1 new loss 5.82242773816688e-06 old loss 5.904797944822349e-06 BETTER
I0328 22:07:25.337105 2318547 finetune.py:45] layer 24_gate initial loss 5.329409304977162e-06
I0328 22:07:25.885194 2318757 finetune.py:68] layer 27_up @ epoch 0 new loss 7.120203918020707e-06 old loss 7.2842663030314725e-06 BETTER
I0328 22:07:26.760736 2318617 finetune.py:68] layer 25_up @ epoch 4 new loss 4.631512638297863e-06 old loss 4.661668299377197e-06 BETTER
I0328 22:07:36.140958 2318687 finetune.py:68] layer 26_up @ epoch 2 new loss 5.764094112237217e-06 old loss 5.82242773816688e-06 BETTER
I0328 22:07:55.061718 2318547 finetune.py:68] layer 24_gate @ epoch 0 new loss 5.297251391311875e-06 old loss 5.329409304977162e-06 BETTER
I0328 22:07:56.975640 2318757 finetune.py:68] layer 27_up @ epoch 1 new loss 7.013088634266751e-06 old loss 7.120203918020707e-06 BETTER
I0328 22:07:57.968838 2318617 finetune.py:45] layer 25_gate initial loss 6.1828354773751926e-06
I0328 22:08:08.287369 2318687 finetune.py:68] layer 26_up @ epoch 3 new loss 5.717674866900779e-06 old loss 5.764094112237217e-06 BETTER
I0328 22:08:26.133650 2318547 finetune.py:68] layer 24_gate @ epoch 1 new loss 5.272213456919417e-06 old loss 5.297251391311875e-06 BETTER
I0328 22:08:26.443966 2318617 finetune.py:68] layer 25_gate @ epoch 0 new loss 6.1465452745324e-06 old loss 6.1828354773751926e-06 BETTER
I0328 22:08:28.230657 2318757 finetune.py:68] layer 27_up @ epoch 2 new loss 6.939916602277663e-06 old loss 7.013088634266751e-06 BETTER
I0328 22:08:40.461085 2318687 finetune.py:68] layer 26_up @ epoch 4 new loss 5.679887181031518e-06 old loss 5.717674866900779e-06 BETTER
I0328 22:08:55.836374 2318617 finetune.py:68] layer 25_gate @ epoch 1 new loss 6.119321369624231e-06 old loss 6.1465452745324e-06 BETTER
I0328 22:08:57.361539 2318547 finetune.py:68] layer 24_gate @ epoch 2 new loss 5.252160462987376e-06 old loss 5.272213456919417e-06 BETTER
I0328 22:08:59.501309 2318757 finetune.py:68] layer 27_up @ epoch 3 new loss 6.883503829158144e-06 old loss 6.939916602277663e-06 BETTER
I0328 22:09:12.349590 2318687 finetune.py:45] layer 26_gate initial loss 7.526937224611174e-06
I0328 22:09:25.646454 2318617 finetune.py:68] layer 25_gate @ epoch 2 new loss 6.096541710576275e-06 old loss 6.119321369624231e-06 BETTER
I0328 22:09:28.792583 2318547 finetune.py:68] layer 24_gate @ epoch 3 new loss 5.235189746599644e-06 old loss 5.252160462987376e-06 BETTER
I0328 22:09:30.970605 2318757 finetune.py:68] layer 27_up @ epoch 4 new loss 6.839844900241587e-06 old loss 6.883503829158144e-06 BETTER
I0328 22:09:40.916610 2318687 finetune.py:68] layer 26_gate @ epoch 0 new loss 7.4822892202064395e-06 old loss 7.526937224611174e-06 BETTER
I0328 22:09:55.237472 2318617 finetune.py:68] layer 25_gate @ epoch 3 new loss 6.077516900404589e-06 old loss 6.096541710576275e-06 BETTER
I0328 22:10:00.002293 2318547 finetune.py:68] layer 24_gate @ epoch 4 new loss 5.220840648689773e-06 old loss 5.235189746599644e-06 BETTER
I0328 22:10:02.708212 2318757 finetune.py:45] layer 27_gate initial loss 9.137102097156458e-06
I0328 22:10:10.515854 2318687 finetune.py:68] layer 26_gate @ epoch 1 new loss 7.448921678587794e-06 old loss 7.4822892202064395e-06 BETTER
I0328 22:10:24.809191 2318617 finetune.py:68] layer 25_gate @ epoch 4 new loss 6.0624797697528265e-06 old loss 6.077516900404589e-06 BETTER
I0328 22:10:30.858014 2318757 finetune.py:68] layer 27_gate @ epoch 0 new loss 9.077156391867902e-06 old loss 9.137102097156458e-06 BETTER
I0328 22:10:40.269099 2318687 finetune.py:68] layer 26_gate @ epoch 2 new loss 7.423103852488566e-06 old loss 7.448921678587794e-06 BETTER
I0328 22:10:55.650600 2318547 finetune.py:45] layer 24_down initial loss 9.075213711184915e-06
I0328 22:10:59.864369 2318757 finetune.py:68] layer 27_gate @ epoch 1 new loss 9.031205081555527e-06 old loss 9.077156391867902e-06 BETTER
I0328 22:11:10.149505 2318687 finetune.py:68] layer 26_gate @ epoch 3 new loss 7.400998129014624e-06 old loss 7.423103852488566e-06 BETTER
I0328 22:11:22.683405 2318617 finetune.py:45] layer 25_down initial loss 1.0316982297808863e-05
I0328 22:11:23.268237 2318547 finetune.py:68] layer 24_down @ epoch 0 new loss 9.073508408619091e-06 old loss 9.075213711184915e-06 BETTER
I0328 22:11:29.106515 2318757 finetune.py:68] layer 27_gate @ epoch 2 new loss 8.997687473311089e-06 old loss 9.031205081555527e-06 BETTER
I0328 22:11:40.181418 2318687 finetune.py:68] layer 26_gate @ epoch 4 new loss 7.3833216447383165e-06 old loss 7.400998129014624e-06 BETTER
I0328 22:11:48.720010 2318617 finetune.py:68] layer 25_down @ epoch 0 new loss 1.03146412584465e-05 old loss 1.0316982297808863e-05 BETTER
I0328 22:11:51.728615 2318547 finetune.py:68] layer 24_down @ epoch 1 new loss 9.072817192645743e-06 old loss 9.073508408619091e-06 BETTER
I0328 22:11:58.385305 2318757 finetune.py:68] layer 27_gate @ epoch 3 new loss 8.970178896561265e-06 old loss 8.997687473311089e-06 BETTER
I0328 22:12:15.898472 2318617 finetune.py:68] layer 25_down @ epoch 1 new loss 1.0313773600501008e-05 old loss 1.03146412584465e-05 BETTER
I0328 22:12:20.576665 2318547 finetune.py:68] layer 24_down @ epoch 2 new loss 9.072434295376297e-06 old loss 9.072817192645743e-06 BETTER
I0328 22:12:27.796129 2318757 finetune.py:68] layer 27_gate @ epoch 4 new loss 8.948733920988161e-06 old loss 8.970178896561265e-06 BETTER
I0328 22:12:38.510387 2318687 finetune.py:45] layer 26_down initial loss 1.2261513802513946e-05
I0328 22:12:43.272138 2318617 finetune.py:68] layer 25_down @ epoch 2 new loss 1.0313054190191906e-05 old loss 1.0313773600501008e-05 BETTER
I0328 22:12:49.617628 2318547 finetune.py:68] layer 24_down @ epoch 3 new loss 9.072238754015416e-06 old loss 9.072434295376297e-06 BETTER
I0328 22:13:04.765834 2318687 finetune.py:68] layer 26_down @ epoch 0 new loss 1.2258848983037751e-05 old loss 1.2261513802513946e-05 BETTER
I0328 22:13:10.838908 2318617 finetune.py:68] layer 25_down @ epoch 3 new loss 1.0312608537788037e-05 old loss 1.0313054190191906e-05 BETTER
I0328 22:13:18.656937 2318547 finetune.py:68] layer 24_down @ epoch 4 new loss 9.072125976672396e-06 old loss 9.072238754015416e-06 BETTER
24_v proxy err 0.0003990161349065602 tr(WHW.T) 467.2783508300781
bpp_loss 5.880180637584999
24_q proxy err 4.2765630496433005e-05 tr(WHW.T) 22437.568359375
bpp_loss 6.40285086655058
24_k proxy err 3.056293644476682e-05 tr(WHW.T) 14182.7568359375
bpp_loss 7.353122845757753
24_o proxy err 0.0004431754641700536 tr(WHW.T) 1589.8907470703125
bpp_loss 5.788227639044635
24_up proxy err 0.0004406596126500517 tr(WHW.T) 7311.4423828125
bpp_loss 5.780356025589364
24_gate proxy err 0.0001440610212739557 tr(WHW.T) 25876.271484375
bpp_loss 6.189986012210803
24_down proxy err 0.00046309514436870813 tr(WHW.T) 6742.84130859375
bpp_loss 5.7774520335452895
I0328 22:13:24.837835 2318757 finetune.py:45] layer 27_down initial loss 1.4706492947880179e-05
I0328 22:13:32.570474 2318687 finetune.py:68] layer 26_down @ epoch 1 new loss 1.2257683010830078e-05 old loss 1.2258848983037751e-05 BETTER
I0328 22:13:38.888156 2318617 finetune.py:68] layer 25_down @ epoch 4 new loss 1.0312247468391433e-05 old loss 1.0312608537788037e-05 BETTER
25_v proxy err 0.0003388788318261504 tr(WHW.T) 557.8086547851562
bpp_loss 5.8901161924004555
25_q proxy err 3.655338514363393e-05 tr(WHW.T) 26113.4609375
bpp_loss 6.374841504264623
25_k proxy err 2.7831483748741448e-05 tr(WHW.T) 14414.6689453125
bpp_loss 7.332852210034616
25_o proxy err 0.0003826768370345235 tr(WHW.T) 1990.3438720703125
bpp_loss 5.7909566551679745
25_up proxy err 0.0004370260867290199 tr(WHW.T) 7382.63916015625
bpp_loss 5.789711782974856
25_gate proxy err 0.00014186327462084591 tr(WHW.T) 26305.53125
bpp_loss 6.2016734302576095
25_down proxy err 0.0004694363451562822 tr(WHW.T) 6617.73291015625
bpp_loss 5.786634876692135
I0328 22:13:51.025439 2318757 finetune.py:68] layer 27_down @ epoch 0 new loss 1.4703351553180255e-05 old loss 1.4706492947880179e-05 BETTER
I0328 22:14:00.370593 2318687 finetune.py:68] layer 26_down @ epoch 2 new loss 1.2257061825948767e-05 old loss 1.2257683010830078e-05 BETTER
I0328 22:14:17.895025 2318757 finetune.py:68] layer 27_down @ epoch 1 new loss 1.4701727195642889e-05 old loss 1.4703351553180255e-05 BETTER
I0328 22:14:28.118134 2318687 finetune.py:68] layer 26_down @ epoch 3 new loss 1.2256589798198547e-05 old loss 1.2257061825948767e-05 BETTER
I0328 22:14:44.833569 2318757 finetune.py:68] layer 27_down @ epoch 2 new loss 1.4700798601552378e-05 old loss 1.4701727195642889e-05 BETTER
I0328 22:14:51.212455 2316731 quantize_finetune_llama.py:240] computed original embedding for layer 28 in 67.15232515335083s
I0328 22:14:55.187568 2318827 utils.py:146] Note: detected 128 virtual cores but NumExpr set to maximum of 64, check "NUMEXPR_MAX_THREADS" environment variable.
I0328 22:14:55.187670 2318827 utils.py:149] Note: NumExpr detected 128 cores but "NUMEXPR_MAX_THREADS" not set, so enforcing safe limit of 16.
I0328 22:14:55.187711 2318827 utils.py:162] NumExpr defaulting to 16 threads.
I0328 22:14:55.580868 2318827 config.py:54] PyTorch version 2.6.0 available.
W0328 22:14:55.804967 2318827 warnings.py:109] /opt/conda/lib/python3.10/site-packages/torchvision/io/image.py:13: UserWarning: Failed to load image Python extension: '/opt/conda/lib/python3.10/site-packages/torchvision/image.so: undefined symbol: _ZN3c1017RegisterOperatorsD1Ev'If you don't plan on using image functionality from `torchvision.io`, you can ignore this warning. Otherwise, there might be something wrong with your environment. Did you have `libjpeg` or `libpng` installed before building `torchvision` from source?
  warn(

I0328 22:14:55.957977 2318687 finetune.py:68] layer 26_down @ epoch 4 new loss 1.2256143236299977e-05 old loss 1.2256589798198547e-05 BETTER
W0328 22:14:56.402980 2318827 warnings.py:109] /opt/conda/lib/python3.10/site-packages/compressai/models/video/google.py:353: FutureWarning: `torch.cuda.amp.autocast(args...)` is deprecated. Please use `torch.amp.autocast('cuda', args...)` instead.
  @amp.autocast(enabled=False)

I0328 22:14:56.406504 2316731 quantize_finetune_llama.py:209] layer 29 gpu 1
I0328 22:14:56.421398 2318827 data_utils.py:336] using 256 training seqs, 128 validation seqs
26_v proxy err 0.0004208095488138497 tr(WHW.T) 434.54583740234375
bpp_loss 5.950286053819582
26_q proxy err 4.389090827316977e-05 tr(WHW.T) 21403.05859375
bpp_loss 6.38571839465294
26_k proxy err 2.8653214030782692e-05 tr(WHW.T) 15422.7255859375
bpp_loss 7.435379054979421
26_o proxy err 0.00027140710153616965 tr(WHW.T) 2389.033935546875
bpp_loss 5.810663080774248
26_up proxy err 0.00042306474642828107 tr(WHW.T) 7646.8173828125
bpp_loss 5.798817874863744
26_gate proxy err 0.00012937896826770157 tr(WHW.T) 28903.228515625
bpp_loss 6.212675991734224
26_down proxy err 0.00046940878382883966 tr(WHW.T) 6620.4912109375
bpp_loss 5.7951875776052475
The attention layers in this model are transitioning from computing the RoPE embeddings internally through `position_ids` (2D tensor with the indexes of the tokens), to using externally computed `position_embeddings` (Tuple of tensors, containing cos and sin). In v4.46 `position_ids` will be removed and `position_embeddings` will be mandatory.
I0328 22:15:11.843644 2318757 finetune.py:68] layer 27_down @ epoch 3 new loss 1.4700011888635345e-05 old loss 1.4700798601552378e-05 BETTER
I0328 22:15:13.521109 2318827 finetune.py:45] layer 28_v initial loss 4.1147854972223286e-06
W0328 22:15:13.521534 2318827 warnings.py:109] /workspace/Weight_compression/comp_lm_qtip/lib/algo/finetune.py:46: FutureWarning: `torch.cuda.amp.GradScaler(args...)` is deprecated. Please use `torch.amp.GradScaler('cuda', args...)` instead.
  scaler = torch.cuda.amp.GradScaler(enabled=(orig_dtype==torch.float16))

I0328 22:15:39.017129 2318757 finetune.py:68] layer 27_down @ epoch 4 new loss 1.4699182429467328e-05 old loss 1.4700011888635345e-05 BETTER
27_v proxy err 0.00029800739139318466 tr(WHW.T) 677.69384765625
bpp_loss 6.046397380414419
27_q proxy err 4.4686064939014614e-05 tr(WHW.T) 21305.8046875
bpp_loss 6.352176193962805
27_k proxy err 3.123232090729289e-05 tr(WHW.T) 14010.4755859375
bpp_loss 7.383823374868371
27_o proxy err 0.0003287557337898761 tr(WHW.T) 2159.64208984375
bpp_loss 5.846909365383908
27_up proxy err 0.00038635535747744143 tr(WHW.T) 8476.646484375
bpp_loss 5.813581954421742
27_gate proxy err 0.00011531044583534822 tr(WHW.T) 32814.55078125
bpp_loss 6.226950901294393
27_down proxy err 0.0003931130049750209 tr(WHW.T) 6545.61083984375
bpp_loss 5.806917162977958
I0328 22:15:48.251911 2318827 finetune.py:68] layer 28_v @ epoch 0 new loss 1.2462847962524393e-06 old loss 4.1147854972223286e-06 BETTER
I0328 22:16:04.567216 2316731 quantize_finetune_llama.py:240] computed original embedding for layer 29 in 64.06160855293274s
I0328 22:16:08.193118 2318897 utils.py:146] Note: detected 128 virtual cores but NumExpr set to maximum of 64, check "NUMEXPR_MAX_THREADS" environment variable.
I0328 22:16:08.193211 2318897 utils.py:149] Note: NumExpr detected 128 cores but "NUMEXPR_MAX_THREADS" not set, so enforcing safe limit of 16.
I0328 22:16:08.193250 2318897 utils.py:162] NumExpr defaulting to 16 threads.
I0328 22:16:08.548546 2318897 config.py:54] PyTorch version 2.6.0 available.
W0328 22:16:08.737167 2318897 warnings.py:109] /opt/conda/lib/python3.10/site-packages/torchvision/io/image.py:13: UserWarning: Failed to load image Python extension: '/opt/conda/lib/python3.10/site-packages/torchvision/image.so: undefined symbol: _ZN3c1017RegisterOperatorsD1Ev'If you don't plan on using image functionality from `torchvision.io`, you can ignore this warning. Otherwise, there might be something wrong with your environment. Did you have `libjpeg` or `libpng` installed before building `torchvision` from source?
  warn(

W0328 22:16:09.477110 2318897 warnings.py:109] /opt/conda/lib/python3.10/site-packages/compressai/models/video/google.py:353: FutureWarning: `torch.cuda.amp.autocast(args...)` is deprecated. Please use `torch.amp.autocast('cuda', args...)` instead.
  @amp.autocast(enabled=False)

I0328 22:16:09.480606 2316731 quantize_finetune_llama.py:209] layer 30 gpu 2
I0328 22:16:09.494038 2318897 data_utils.py:336] using 256 training seqs, 128 validation seqs
The attention layers in this model are transitioning from computing the RoPE embeddings internally through `position_ids` (2D tensor with the indexes of the tokens), to using externally computed `position_embeddings` (Tuple of tensors, containing cos and sin). In v4.46 `position_ids` will be removed and `position_embeddings` will be mandatory.
I0328 22:16:24.577169 2318827 finetune.py:68] layer 28_v @ epoch 1 new loss 1.2408422662701923e-06 old loss 1.2462847962524393e-06 BETTER
I0328 22:16:26.479178 2318897 finetune.py:45] layer 29_v initial loss 5.2648765631602146e-06
W0328 22:16:26.479410 2318897 warnings.py:109] /workspace/Weight_compression/comp_lm_qtip/lib/algo/finetune.py:46: FutureWarning: `torch.cuda.amp.GradScaler(args...)` is deprecated. Please use `torch.amp.GradScaler('cuda', args...)` instead.
  scaler = torch.cuda.amp.GradScaler(enabled=(orig_dtype==torch.float16))

I0328 22:16:59.641190 2318897 finetune.py:68] layer 29_v @ epoch 0 new loss 1.5312443792936392e-06 old loss 5.2648765631602146e-06 BETTER
I0328 22:17:01.400840 2318827 finetune.py:76] layer 28_v @ epoch 2 new loss 1.5792908243383863e-06 old loss 1.2408422662701923e-06 WORSE
I0328 22:17:14.241747 2316731 quantize_finetune_llama.py:240] computed original embedding for layer 30 in 64.31255912780762s
I0328 22:17:17.991098 2318967 utils.py:146] Note: detected 128 virtual cores but NumExpr set to maximum of 64, check "NUMEXPR_MAX_THREADS" environment variable.
I0328 22:17:17.991185 2318967 utils.py:149] Note: NumExpr detected 128 cores but "NUMEXPR_MAX_THREADS" not set, so enforcing safe limit of 16.
I0328 22:17:17.991222 2318967 utils.py:162] NumExpr defaulting to 16 threads.
I0328 22:17:18.339161 2318967 config.py:54] PyTorch version 2.6.0 available.
W0328 22:17:18.527900 2318967 warnings.py:109] /opt/conda/lib/python3.10/site-packages/torchvision/io/image.py:13: UserWarning: Failed to load image Python extension: '/opt/conda/lib/python3.10/site-packages/torchvision/image.so: undefined symbol: _ZN3c1017RegisterOperatorsD1Ev'If you don't plan on using image functionality from `torchvision.io`, you can ignore this warning. Otherwise, there might be something wrong with your environment. Did you have `libjpeg` or `libpng` installed before building `torchvision` from source?
  warn(

W0328 22:17:19.096117 2318967 warnings.py:109] /opt/conda/lib/python3.10/site-packages/compressai/models/video/google.py:353: FutureWarning: `torch.cuda.amp.autocast(args...)` is deprecated. Please use `torch.amp.autocast('cuda', args...)` instead.
  @amp.autocast(enabled=False)

I0328 22:17:19.100219 2316731 quantize_finetune_llama.py:209] layer 31 gpu 3
I0328 22:17:19.118246 2318967 data_utils.py:336] using 256 training seqs, 128 validation seqs
The attention layers in this model are transitioning from computing the RoPE embeddings internally through `position_ids` (2D tensor with the indexes of the tokens), to using externally computed `position_embeddings` (Tuple of tensors, containing cos and sin). In v4.46 `position_ids` will be removed and `position_embeddings` will be mandatory.
I0328 22:17:34.110189 2318897 finetune.py:76] layer 29_v @ epoch 1 new loss 1.85331407465128e-06 old loss 1.5312443792936392e-06 WORSE
I0328 22:17:36.791406 2318967 finetune.py:45] layer 30_v initial loss 5.429745215224102e-06
W0328 22:17:36.791628 2318967 warnings.py:109] /workspace/Weight_compression/comp_lm_qtip/lib/algo/finetune.py:46: FutureWarning: `torch.cuda.amp.GradScaler(args...)` is deprecated. Please use `torch.amp.GradScaler('cuda', args...)` instead.
  scaler = torch.cuda.amp.GradScaler(enabled=(orig_dtype==torch.float16))

I0328 22:17:37.705496 2318827 finetune.py:76] layer 28_v @ epoch 3 new loss 1.6868759757926455e-06 old loss 1.2408422662701923e-06 WORSE
I0328 22:18:08.196041 2318897 finetune.py:76] layer 29_v @ epoch 2 new loss 2.691239160412806e-06 old loss 1.5312443792936392e-06 WORSE
I0328 22:18:10.457949 2318967 finetune.py:68] layer 30_v @ epoch 0 new loss 3.0356302431755466e-06 old loss 5.429745215224102e-06 BETTER
I0328 22:18:14.036118 2318827 finetune.py:76] layer 28_v @ epoch 4 new loss 1.6689211861375952e-06 old loss 1.2408422662701923e-06 WORSE
I0328 22:18:24.496107 2316731 quantize_finetune_llama.py:240] computed original embedding for layer 31 in 64.88334512710571s
I0328 22:18:28.342257 2319037 utils.py:146] Note: detected 128 virtual cores but NumExpr set to maximum of 64, check "NUMEXPR_MAX_THREADS" environment variable.
I0328 22:18:28.342352 2319037 utils.py:149] Note: NumExpr detected 128 cores but "NUMEXPR_MAX_THREADS" not set, so enforcing safe limit of 16.
I0328 22:18:28.342395 2319037 utils.py:162] NumExpr defaulting to 16 threads.
I0328 22:18:28.700720 2319037 config.py:54] PyTorch version 2.6.0 available.
W0328 22:18:28.908809 2319037 warnings.py:109] /opt/conda/lib/python3.10/site-packages/torchvision/io/image.py:13: UserWarning: Failed to load image Python extension: '/opt/conda/lib/python3.10/site-packages/torchvision/image.so: undefined symbol: _ZN3c1017RegisterOperatorsD1Ev'If you don't plan on using image functionality from `torchvision.io`, you can ignore this warning. Otherwise, there might be something wrong with your environment. Did you have `libjpeg` or `libpng` installed before building `torchvision` from source?
  warn(

W0328 22:18:29.512984 2319037 warnings.py:109] /opt/conda/lib/python3.10/site-packages/compressai/models/video/google.py:353: FutureWarning: `torch.cuda.amp.autocast(args...)` is deprecated. Please use `torch.amp.autocast('cuda', args...)` instead.
  @amp.autocast(enabled=False)

I0328 22:18:29.533496 2319037 data_utils.py:336] using 256 training seqs, 128 validation seqs
I0328 22:18:32.880685 2318827 finetune.py:45] layer 28_q initial loss 1.6473569530717214e-06
The attention layers in this model are transitioning from computing the RoPE embeddings internally through `position_ids` (2D tensor with the indexes of the tokens), to using externally computed `position_embeddings` (Tuple of tensors, containing cos and sin). In v4.46 `position_ids` will be removed and `position_embeddings` will be mandatory.
I0328 22:18:42.453980 2318897 finetune.py:76] layer 29_v @ epoch 3 new loss 2.8204133286635624e-06 old loss 1.5312443792936392e-06 WORSE
I0328 22:18:45.234664 2318967 finetune.py:76] layer 30_v @ epoch 1 new loss 3.547926553437719e-06 old loss 3.0356302431755466e-06 WORSE
I0328 22:18:47.118962 2319037 finetune.py:45] layer 31_v initial loss 8.016843821678776e-06
W0328 22:18:47.119312 2319037 warnings.py:109] /workspace/Weight_compression/comp_lm_qtip/lib/algo/finetune.py:46: FutureWarning: `torch.cuda.amp.GradScaler(args...)` is deprecated. Please use `torch.amp.GradScaler('cuda', args...)` instead.
