I0328 17:09:25.406260 2314672 finetune.py:68] layer 9_down @ epoch 0 new loss 1.0245426892652176e-05 old loss 1.0245686098642182e-05 BETTER
I0328 17:09:37.318770 2314602 finetune.py:68] layer 8_down @ epoch 1 new loss 9.591074558557011e-06 old loss 9.591250091034453e-06 BETTER
I0328 17:09:40.722898 2314812 finetune.py:68] layer 11_gate @ epoch 3 new loss 7.717270818830002e-06 old loss 7.756311788398307e-06 BETTER
I0328 17:09:52.473541 2314672 finetune.py:68] layer 9_down @ epoch 1 new loss 1.0245303201372735e-05 old loss 1.0245426892652176e-05 BETTER
I0328 17:10:06.032345 2314602 finetune.py:68] layer 8_down @ epoch 2 new loss 9.590977242623921e-06 old loss 9.591074558557011e-06 BETTER
I0328 17:10:09.901967 2314812 finetune.py:68] layer 11_gate @ epoch 4 new loss 7.681286660954356e-06 old loss 7.717270818830002e-06 BETTER
I0328 17:10:17.256826 2314742 finetune.py:45] layer 10_down initial loss 1.1255691788392141e-05
I0328 17:10:19.826625 2314672 finetune.py:68] layer 9_down @ epoch 2 new loss 1.024521861836547e-05 old loss 1.0245303201372735e-05 BETTER
I0328 17:10:34.897366 2314602 finetune.py:68] layer 8_down @ epoch 3 new loss 9.59089993557427e-06 old loss 9.590977242623921e-06 BETTER
I0328 17:10:43.456943 2314742 finetune.py:68] layer 10_down @ epoch 0 new loss 1.1255466233706102e-05 old loss 1.1255691788392141e-05 BETTER
I0328 17:10:47.285432 2314672 finetune.py:68] layer 9_down @ epoch 3 new loss 1.024515677272575e-05 old loss 1.024521861836547e-05 BETTER
I0328 17:11:03.667484 2314602 finetune.py:68] layer 8_down @ epoch 4 new loss 9.590849913365673e-06 old loss 9.59089993557427e-06 BETTER
8_v proxy err 0.002474329899996519 tr(WHW.T) 257.7052307128906
bpp_loss 4.308177842292935
8_q proxy err 0.0001029288541758433 tr(WHW.T) 26603.361328125
bpp_loss 5.207951346994378
8_k proxy err 3.415344326640479e-05 tr(WHW.T) 22523.720703125
bpp_loss 6.290508383186534
8_o proxy err 0.002335046185180545 tr(WHW.T) 746.6843872070312
bpp_loss 4.432402208680287
8_up proxy err 0.0015271601732820272 tr(WHW.T) 8494.78125
bpp_loss 4.550198572288666
8_gate proxy err 0.00035543148987926543 tr(WHW.T) 37232.41796875
bpp_loss 4.877932964890663
8_down proxy err 0.0019628810696303844 tr(WHW.T) 6491.89892578125
bpp_loss 4.555450307804027
I0328 17:11:07.363082 2314812 finetune.py:45] layer 11_down initial loss 1.1597446246014442e-05
I0328 17:11:11.487844 2314742 finetune.py:68] layer 10_down @ epoch 1 new loss 1.1255303434154484e-05 old loss 1.1255466233706102e-05 BETTER
I0328 17:11:15.422931 2314672 finetune.py:68] layer 9_down @ epoch 4 new loss 1.0245085832139011e-05 old loss 1.024515677272575e-05 BETTER
9_v proxy err 0.0018439892446622252 tr(WHW.T) 351.4288024902344
bpp_loss 4.410176564706489
9_q proxy err 0.00010804149496834725 tr(WHW.T) 25656.904296875
bpp_loss 5.219947813078761
9_k proxy err 3.750847827177495e-05 tr(WHW.T) 20943.169921875
bpp_loss 6.312096499605104
9_o proxy err 0.0020792351569980383 tr(WHW.T) 777.1723022460938
bpp_loss 4.488775055273436
9_up proxy err 0.0014446554705500603 tr(WHW.T) 8969.431640625
bpp_loss 4.560063810819494
9_gate proxy err 0.0003359187103342265 tr(WHW.T) 39396.53125
bpp_loss 4.89530083324228
9_down proxy err 0.00194425112567842 tr(WHW.T) 6276.451171875
bpp_loss 4.557498976754557
I0328 17:11:33.432670 2314812 finetune.py:68] layer 11_down @ epoch 0 new loss 1.1597087905101944e-05 old loss 1.1597446246014442e-05 BETTER
I0328 17:11:39.197920 2314742 finetune.py:68] layer 10_down @ epoch 2 new loss 1.1255217032157816e-05 old loss 1.1255303434154484e-05 BETTER
I0328 17:12:00.238989 2314812 finetune.py:68] layer 11_down @ epoch 1 new loss 1.1596883268794045e-05 old loss 1.1597087905101944e-05 BETTER
I0328 17:12:06.927004 2314742 finetune.py:68] layer 10_down @ epoch 3 new loss 1.1255122444708832e-05 old loss 1.1255217032157816e-05 BETTER
I0328 17:12:27.208141 2314812 finetune.py:68] layer 11_down @ epoch 2 new loss 1.159677321993513e-05 old loss 1.1596883268794045e-05 BETTER
I0328 17:12:28.209131 2313906 quantize_finetune_llama.py:240] computed original embedding for layer 12 in 67.72356724739075s
I0328 17:12:32.117602 2314882 utils.py:146] Note: detected 128 virtual cores but NumExpr set to maximum of 64, check "NUMEXPR_MAX_THREADS" environment variable.
I0328 17:12:32.117730 2314882 utils.py:149] Note: NumExpr detected 128 cores but "NUMEXPR_MAX_THREADS" not set, so enforcing safe limit of 16.
I0328 17:12:32.117777 2314882 utils.py:162] NumExpr defaulting to 16 threads.
I0328 17:12:32.526010 2314882 config.py:54] PyTorch version 2.6.0 available.
W0328 17:12:32.752536 2314882 warnings.py:109] /opt/conda/lib/python3.10/site-packages/torchvision/io/image.py:13: UserWarning: Failed to load image Python extension: '/opt/conda/lib/python3.10/site-packages/torchvision/image.so: undefined symbol: _ZN3c1017RegisterOperatorsD1Ev'If you don't plan on using image functionality from `torchvision.io`, you can ignore this warning. Otherwise, there might be something wrong with your environment. Did you have `libjpeg` or `libpng` installed before building `torchvision` from source?
  warn(

W0328 17:12:33.418168 2314882 warnings.py:109] /opt/conda/lib/python3.10/site-packages/compressai/models/video/google.py:353: FutureWarning: `torch.cuda.amp.autocast(args...)` is deprecated. Please use `torch.amp.autocast('cuda', args...)` instead.
  @amp.autocast(enabled=False)

I0328 17:12:33.422162 2313906 quantize_finetune_llama.py:209] layer 13 gpu 1
I0328 17:12:33.436148 2314882 data_utils.py:336] using 256 training seqs, 128 validation seqs
I0328 17:12:34.635108 2314742 finetune.py:76] layer 10_down @ epoch 4 new loss 1.125512699218234e-05 old loss 1.1255122444708832e-05 WORSE
10_v proxy err 0.002436369890347123 tr(WHW.T) 251.83889770507812
bpp_loss 4.298700176761486
10_q proxy err 0.00011324213846819475 tr(WHW.T) 23341.375
bpp_loss 5.226361204870045
10_k proxy err 3.865781400236301e-05 tr(WHW.T) 19742.53125
bpp_loss 6.317439530626871
10_o proxy err 0.0025535174645483494 tr(WHW.T) 681.4904174804688
bpp_loss 4.4245714822318405
10_up proxy err 0.0014227371430024505 tr(WHW.T) 9197.376953125
bpp_loss 4.576375863581363
10_gate proxy err 0.00035630003549158573 tr(WHW.T) 37384.00390625
bpp_loss 4.860856931523553
10_down proxy err 0.0018880608258768916 tr(WHW.T) 6528.16650390625
bpp_loss 4.573764441235523
The attention layers in this model are transitioning from computing the RoPE embeddings internally through `position_ids` (2D tensor with the indexes of the tokens), to using externally computed `position_embeddings` (Tuple of tensors, containing cos and sin). In v4.46 `position_ids` will be removed and `position_embeddings` will be mandatory.
I0328 17:12:50.609778 2314882 finetune.py:45] layer 12_v initial loss 2.384480694672675e-06
W0328 17:12:50.610170 2314882 warnings.py:109] /workspace/Weight_compression/comp_lm_qtip/lib/algo/finetune.py:46: FutureWarning: `torch.cuda.amp.GradScaler(args...)` is deprecated. Please use `torch.amp.GradScaler('cuda', args...)` instead.
  scaler = torch.cuda.amp.GradScaler(enabled=(orig_dtype==torch.float16))

I0328 17:12:54.285343 2314812 finetune.py:68] layer 11_down @ epoch 3 new loss 1.1596698641369585e-05 old loss 1.159677321993513e-05 BETTER
I0328 17:13:21.436579 2314812 finetune.py:68] layer 11_down @ epoch 4 new loss 1.1596635886235163e-05 old loss 1.1596698641369585e-05 BETTER
11_v proxy err 0.0020103936549276114 tr(WHW.T) 319.5691223144531
bpp_loss 4.302607957855798
11_q proxy err 0.0001235074596479535 tr(WHW.T) 22192.517578125
bpp_loss 5.152750860550441
11_k proxy err 4.2934414523188025e-05 tr(WHW.T) 18022.982421875
bpp_loss 6.310270801652223
11_o proxy err 0.002596920356154442 tr(WHW.T) 566.5255126953125
bpp_loss 4.4438584432937205
11_up proxy err 0.0013930454151704907 tr(WHW.T) 9193.64453125
bpp_loss 4.581995852225061
11_gate proxy err 0.0003533478593453765 tr(WHW.T) 36872.5234375
bpp_loss 4.840953430426972
11_down proxy err 0.0018065235344693065 tr(WHW.T) 6659.92724609375
bpp_loss 4.581564656225964
I0328 17:13:25.348981 2314882 finetune.py:68] layer 12_v @ epoch 0 new loss 1.7491801145297359e-06 old loss 2.384480694672675e-06 BETTER
I0328 17:13:42.514035 2313906 quantize_finetune_llama.py:240] computed original embedding for layer 13 in 64.07697129249573s
I0328 17:13:46.189936 2314952 utils.py:146] Note: detected 128 virtual cores but NumExpr set to maximum of 64, check "NUMEXPR_MAX_THREADS" environment variable.
I0328 17:13:46.190037 2314952 utils.py:149] Note: NumExpr detected 128 cores but "NUMEXPR_MAX_THREADS" not set, so enforcing safe limit of 16.
I0328 17:13:46.190078 2314952 utils.py:162] NumExpr defaulting to 16 threads.
I0328 17:13:46.553421 2314952 config.py:54] PyTorch version 2.6.0 available.
W0328 17:13:46.744221 2314952 warnings.py:109] /opt/conda/lib/python3.10/site-packages/torchvision/io/image.py:13: UserWarning: Failed to load image Python extension: '/opt/conda/lib/python3.10/site-packages/torchvision/image.so: undefined symbol: _ZN3c1017RegisterOperatorsD1Ev'If you don't plan on using image functionality from `torchvision.io`, you can ignore this warning. Otherwise, there might be something wrong with your environment. Did you have `libjpeg` or `libpng` installed before building `torchvision` from source?
  warn(

W0328 17:13:47.367754 2314952 warnings.py:109] /opt/conda/lib/python3.10/site-packages/compressai/models/video/google.py:353: FutureWarning: `torch.cuda.amp.autocast(args...)` is deprecated. Please use `torch.amp.autocast('cuda', args...)` instead.
  @amp.autocast(enabled=False)

I0328 17:13:47.371649 2313906 quantize_finetune_llama.py:209] layer 14 gpu 2
I0328 17:13:47.384944 2314952 data_utils.py:336] using 256 training seqs, 128 validation seqs
The attention layers in this model are transitioning from computing the RoPE embeddings internally through `position_ids` (2D tensor with the indexes of the tokens), to using externally computed `position_embeddings` (Tuple of tensors, containing cos and sin). In v4.46 `position_ids` will be removed and `position_embeddings` will be mandatory.
I0328 17:14:01.665218 2314882 finetune.py:68] layer 12_v @ epoch 1 new loss 1.6622554994683014e-06 old loss 1.7491801145297359e-06 BETTER
I0328 17:14:04.247739 2314952 finetune.py:45] layer 13_v initial loss 2.412986077615642e-06
W0328 17:14:04.247922 2314952 warnings.py:109] /workspace/Weight_compression/comp_lm_qtip/lib/algo/finetune.py:46: FutureWarning: `torch.cuda.amp.GradScaler(args...)` is deprecated. Please use `torch.amp.GradScaler('cuda', args...)` instead.
  scaler = torch.cuda.amp.GradScaler(enabled=(orig_dtype==torch.float16))

I0328 17:14:37.368593 2314952 finetune.py:68] layer 13_v @ epoch 0 new loss 1.8555252836449654e-06 old loss 2.412986077615642e-06 BETTER
I0328 17:14:38.388852 2314882 finetune.py:68] layer 12_v @ epoch 2 new loss 1.610900881132693e-06 old loss 1.6622554994683014e-06 BETTER
I0328 17:14:51.721902 2313906 quantize_finetune_llama.py:240] computed original embedding for layer 14 in 63.88088822364807s
I0328 17:14:55.470502 2315022 utils.py:146] Note: detected 128 virtual cores but NumExpr set to maximum of 64, check "NUMEXPR_MAX_THREADS" environment variable.
I0328 17:14:55.470612 2315022 utils.py:149] Note: NumExpr detected 128 cores but "NUMEXPR_MAX_THREADS" not set, so enforcing safe limit of 16.
I0328 17:14:55.470657 2315022 utils.py:162] NumExpr defaulting to 16 threads.
I0328 17:14:55.827429 2315022 config.py:54] PyTorch version 2.6.0 available.
W0328 17:14:56.036105 2315022 warnings.py:109] /opt/conda/lib/python3.10/site-packages/torchvision/io/image.py:13: UserWarning: Failed to load image Python extension: '/opt/conda/lib/python3.10/site-packages/torchvision/image.so: undefined symbol: _ZN3c1017RegisterOperatorsD1Ev'If you don't plan on using image functionality from `torchvision.io`, you can ignore this warning. Otherwise, there might be something wrong with your environment. Did you have `libjpeg` or `libpng` installed before building `torchvision` from source?
  warn(

W0328 17:14:56.655636 2315022 warnings.py:109] /opt/conda/lib/python3.10/site-packages/compressai/models/video/google.py:353: FutureWarning: `torch.cuda.amp.autocast(args...)` is deprecated. Please use `torch.amp.autocast('cuda', args...)` instead.
  @amp.autocast(enabled=False)

I0328 17:14:56.660036 2313906 quantize_finetune_llama.py:209] layer 15 gpu 3
I0328 17:14:56.673461 2315022 data_utils.py:336] using 256 training seqs, 128 validation seqs
The attention layers in this model are transitioning from computing the RoPE embeddings internally through `position_ids` (2D tensor with the indexes of the tokens), to using externally computed `position_embeddings` (Tuple of tensors, containing cos and sin). In v4.46 `position_ids` will be removed and `position_embeddings` will be mandatory.
I0328 17:15:11.860988 2314952 finetune.py:68] layer 13_v @ epoch 1 new loss 1.7663236349108047e-06 old loss 1.8555252836449654e-06 BETTER
I0328 17:15:14.191403 2315022 finetune.py:45] layer 14_v initial loss 2.679969156815787e-06
W0328 17:15:14.191657 2315022 warnings.py:109] /workspace/Weight_compression/comp_lm_qtip/lib/algo/finetune.py:46: FutureWarning: `torch.cuda.amp.GradScaler(args...)` is deprecated. Please use `torch.amp.GradScaler('cuda', args...)` instead.
  scaler = torch.cuda.amp.GradScaler(enabled=(orig_dtype==torch.float16))

I0328 17:15:15.195590 2314882 finetune.py:68] layer 12_v @ epoch 3 new loss 1.5990224255801877e-06 old loss 1.610900881132693e-06 BETTER
I0328 17:15:46.543228 2314952 finetune.py:68] layer 13_v @ epoch 2 new loss 1.7202685285155894e-06 old loss 1.7663236349108047e-06 BETTER
I0328 17:15:47.520934 2315022 finetune.py:68] layer 14_v @ epoch 0 new loss 2.0513923573162174e-06 old loss 2.679969156815787e-06 BETTER
I0328 17:15:52.097084 2314882 finetune.py:76] layer 12_v @ epoch 4 new loss 1.6182947319975938e-06 old loss 1.5990224255801877e-06 WORSE
I0328 17:16:00.063900 2313906 quantize_finetune_llama.py:240] computed original embedding for layer 15 in 62.958045959472656s
I0328 17:16:03.920532 2315092 utils.py:146] Note: detected 128 virtual cores but NumExpr set to maximum of 64, check "NUMEXPR_MAX_THREADS" environment variable.
I0328 17:16:03.920636 2315092 utils.py:149] Note: NumExpr detected 128 cores but "NUMEXPR_MAX_THREADS" not set, so enforcing safe limit of 16.
I0328 17:16:03.920679 2315092 utils.py:162] NumExpr defaulting to 16 threads.
I0328 17:16:04.305991 2315092 config.py:54] PyTorch version 2.6.0 available.
W0328 17:16:04.535619 2315092 warnings.py:109] /opt/conda/lib/python3.10/site-packages/torchvision/io/image.py:13: UserWarning: Failed to load image Python extension: '/opt/conda/lib/python3.10/site-packages/torchvision/image.so: undefined symbol: _ZN3c1017RegisterOperatorsD1Ev'If you don't plan on using image functionality from `torchvision.io`, you can ignore this warning. Otherwise, there might be something wrong with your environment. Did you have `libjpeg` or `libpng` installed before building `torchvision` from source?
  warn(

W0328 17:16:05.166332 2315092 warnings.py:109] /opt/conda/lib/python3.10/site-packages/compressai/models/video/google.py:353: FutureWarning: `torch.cuda.amp.autocast(args...)` is deprecated. Please use `torch.amp.autocast('cuda', args...)` instead.
  @amp.autocast(enabled=False)

I0328 17:16:05.170114 2313906 quantize_finetune_llama.py:209] layer 16 gpu 0
I0328 17:16:05.183773 2315092 data_utils.py:336] using 256 training seqs, 128 validation seqs
I0328 17:16:10.898120 2314882 finetune.py:45] layer 12_q initial loss 1.8852042558137327e-06
The attention layers in this model are transitioning from computing the RoPE embeddings internally through `position_ids` (2D tensor with the indexes of the tokens), to using externally computed `position_embeddings` (Tuple of tensors, containing cos and sin). In v4.46 `position_ids` will be removed and `position_embeddings` will be mandatory.
I0328 17:16:21.419767 2314952 finetune.py:68] layer 13_v @ epoch 3 new loss 1.6863515384102357e-06 old loss 1.7202685285155894e-06 BETTER
I0328 17:16:22.078148 2315022 finetune.py:68] layer 14_v @ epoch 1 new loss 1.9509554931573803e-06 old loss 2.0513923573162174e-06 BETTER
I0328 17:16:22.290006 2315092 finetune.py:45] layer 15_v initial loss 3.4887075344158802e-06
W0328 17:16:22.290432 2315092 warnings.py:109] /workspace/Weight_compression/comp_lm_qtip/lib/algo/finetune.py:46: FutureWarning: `torch.cuda.amp.GradScaler(args...)` is deprecated. Please use `torch.amp.GradScaler('cuda', args...)` instead.
  scaler = torch.cuda.amp.GradScaler(enabled=(orig_dtype==torch.float16))

I0328 17:16:46.112107 2314882 finetune.py:68] layer 12_q @ epoch 0 new loss 1.820654119910614e-06 old loss 1.8852042558137327e-06 BETTER
I0328 17:16:55.436088 2315092 finetune.py:68] layer 15_v @ epoch 0 new loss 2.2654278382105986e-06 old loss 3.4887075344158802e-06 BETTER
I0328 17:16:56.606200 2314952 finetune.py:68] layer 13_v @ epoch 4 new loss 1.6779267753008753e-06 old loss 1.6863515384102357e-06 BETTER
I0328 17:16:56.906497 2315022 finetune.py:68] layer 14_v @ epoch 2 new loss 1.8953835478896508e-06 old loss 1.9509554931573803e-06 BETTER
I0328 17:17:16.224197 2314952 finetune.py:45] layer 13_q initial loss 2.0198415313643636e-06
I0328 17:17:22.355295 2314882 finetune.py:68] layer 12_q @ epoch 1 new loss 1.7969597365663503e-06 old loss 1.820654119910614e-06 BETTER
I0328 17:17:29.629016 2315092 finetune.py:68] layer 15_v @ epoch 1 new loss 2.135722070306656e-06 old loss 2.2654278382105986e-06 BETTER
I0328 17:17:31.830090 2315022 finetune.py:68] layer 14_v @ epoch 3 new loss 1.8606724552228115e-06 old loss 1.8953835478896508e-06 BETTER
I0328 17:17:49.637045 2314952 finetune.py:68] layer 13_q @ epoch 0 new loss 1.982623871299438e-06 old loss 2.0198415313643636e-06 BETTER
I0328 17:17:58.814306 2314882 finetune.py:68] layer 12_q @ epoch 2 new loss 1.7733405002218205e-06 old loss 1.7969597365663503e-06 BETTER
I0328 17:18:03.948220 2315092 finetune.py:68] layer 15_v @ epoch 2 new loss 2.068821459033643e-06 old loss 2.135722070306656e-06 BETTER
I0328 17:18:06.893477 2315022 finetune.py:76] layer 14_v @ epoch 4 new loss 1.8688665477384347e-06 old loss 1.8606724552228115e-06 WORSE
I0328 17:18:23.947868 2314952 finetune.py:68] layer 13_q @ epoch 1 new loss 1.9534738839865895e-06 old loss 1.982623871299438e-06 BETTER
I0328 17:18:26.110610 2315022 finetune.py:45] layer 14_q initial loss 2.3288471311389003e-06
I0328 17:18:35.285693 2314882 finetune.py:68] layer 12_q @ epoch 3 new loss 1.7433571883884724e-06 old loss 1.7733405002218205e-06 BETTER
I0328 17:18:38.440744 2315092 finetune.py:68] layer 15_v @ epoch 3 new loss 2.04428374672716e-06 old loss 2.068821459033643e-06 BETTER
I0328 17:18:58.514607 2314952 finetune.py:68] layer 13_q @ epoch 2 new loss 1.9299347968626535e-06 old loss 1.9534738839865895e-06 BETTER
I0328 17:18:59.717758 2315022 finetune.py:68] layer 14_q @ epoch 0 new loss 2.2728604562871624e-06 old loss 2.3288471311389003e-06 BETTER
I0328 17:19:11.924155 2314882 finetune.py:68] layer 12_q @ epoch 4 new loss 1.7331244634988252e-06 old loss 1.7433571883884724e-06 BETTER
I0328 17:19:12.991443 2315092 finetune.py:68] layer 15_v @ epoch 4 new loss 2.0371687696751906e-06 old loss 2.04428374672716e-06 BETTER
I0328 17:19:29.734729 2314882 finetune.py:45] layer 12_k initial loss 1.838742150539474e-06
I0328 17:19:32.407272 2315092 finetune.py:45] layer 15_q initial loss 2.318897941222531e-06
I0328 17:19:33.018264 2314952 finetune.py:68] layer 13_q @ epoch 3 new loss 1.911378603836056e-06 old loss 1.9299347968626535e-06 BETTER
I0328 17:19:34.304528 2315022 finetune.py:68] layer 14_q @ epoch 1 new loss 2.2278552478383062e-06 old loss 2.2728604562871624e-06 BETTER
I0328 17:20:05.039689 2314882 finetune.py:68] layer 12_k @ epoch 0 new loss 1.81220309514174e-06 old loss 1.838742150539474e-06 BETTER
I0328 17:20:05.436133 2315092 finetune.py:68] layer 15_q @ epoch 0 new loss 2.2384876956493827e-06 old loss 2.318897941222531e-06 BETTER
I0328 17:20:07.650558 2314952 finetune.py:68] layer 13_q @ epoch 4 new loss 1.9011787344425102e-06 old loss 1.911378603836056e-06 BETTER
I0328 17:20:09.055440 2315022 finetune.py:68] layer 14_q @ epoch 2 new loss 2.22195012611337e-06 old loss 2.2278552478383062e-06 BETTER
I0328 17:20:25.442919 2314952 finetune.py:45] layer 13_k initial loss 1.9946453448937973e-06
I0328 17:20:39.646584 2315092 finetune.py:68] layer 15_q @ epoch 1 new loss 2.205296823376557e-06 old loss 2.2384876956493827e-06 BETTER
I0328 17:20:41.628741 2314882 finetune.py:68] layer 12_k @ epoch 1 new loss 1.798105358830071e-06 old loss 1.81220309514174e-06 BETTER
I0328 17:20:43.839481 2315022 finetune.py:68] layer 14_q @ epoch 3 new loss 2.1810187718074303e-06 old loss 2.22195012611337e-06 BETTER
I0328 17:20:59.109740 2314952 finetune.py:76] layer 13_k @ epoch 0 new loss 1.994768808799563e-06 old loss 1.9946453448937973e-06 WORSE
I0328 17:21:13.878155 2315092 finetune.py:68] layer 15_q @ epoch 2 new loss 2.177995611418737e-06 old loss 2.205296823376557e-06 BETTER
I0328 17:21:18.294294 2314882 finetune.py:68] layer 12_k @ epoch 2 new loss 1.786622078725486e-06 old loss 1.798105358830071e-06 BETTER
I0328 17:21:18.622413 2315022 finetune.py:68] layer 14_q @ epoch 4 new loss 2.1657272100128466e-06 old loss 2.1810187718074303e-06 BETTER
I0328 17:21:32.825851 2314952 finetune.py:68] layer 13_k @ epoch 1 new loss 1.97388862943626e-06 old loss 1.9946453448937973e-06 BETTER
I0328 17:21:36.914264 2315022 finetune.py:45] layer 14_k initial loss 2.3269508346857037e-06
I0328 17:21:48.263004 2315092 finetune.py:68] layer 15_q @ epoch 3 new loss 2.159881887564552e-06 old loss 2.177995611418737e-06 BETTER
I0328 17:21:54.878376 2314882 finetune.py:68] layer 12_k @ epoch 3 new loss 1.7781642327463487e-06 old loss 1.786622078725486e-06 BETTER
I0328 17:22:07.341861 2314952 finetune.py:68] layer 13_k @ epoch 2 new loss 1.9620065359049477e-06 old loss 1.97388862943626e-06 BETTER
I0328 17:22:10.559129 2315022 finetune.py:68] layer 14_k @ epoch 0 new loss 2.294810656167101e-06 old loss 2.3269508346857037e-06 BETTER
I0328 17:22:22.432467 2315092 finetune.py:68] layer 15_q @ epoch 4 new loss 2.1540879515669076e-06 old loss 2.159881887564552e-06 BETTER
I0328 17:22:31.892284 2314882 finetune.py:68] layer 12_k @ epoch 4 new loss 1.7731983916746685e-06 old loss 1.7781642327463487e-06 BETTER
I0328 17:22:40.099917 2315092 finetune.py:45] layer 15_k initial loss 2.2802953481004806e-06
I0328 17:22:42.077879 2314952 finetune.py:68] layer 13_k @ epoch 3 new loss 1.9544690985640045e-06 old loss 1.9620065359049477e-06 BETTER
I0328 17:22:44.975441 2315022 finetune.py:68] layer 14_k @ epoch 1 new loss 2.274393182233325e-06 old loss 2.294810656167101e-06 BETTER
I0328 17:22:51.623168 2314882 finetune.py:45] layer 12_o initial loss 4.0384002204518765e-06
I0328 17:23:13.118018 2315092 finetune.py:68] layer 15_k @ epoch 0 new loss 2.2505023480334785e-06 old loss 2.2802953481004806e-06 BETTER
I0328 17:23:16.653728 2314952 finetune.py:68] layer 13_k @ epoch 4 new loss 1.9513049664965365e-06 old loss 1.9544690985640045e-06 BETTER
I0328 17:23:19.641899 2315022 finetune.py:68] layer 14_k @ epoch 2 new loss 2.2631593310507014e-06 old loss 2.274393182233325e-06 BETTER
I0328 17:23:26.396622 2314882 finetune.py:68] layer 12_o @ epoch 0 new loss 3.909643055521883e-06 old loss 4.0384002204518765e-06 BETTER
I0328 17:23:36.486393 2314952 finetune.py:45] layer 13_o initial loss 4.885570433543762e-06
I0328 17:23:47.028783 2315092 finetune.py:68] layer 15_k @ epoch 1 new loss 2.24542964133434e-06 old loss 2.2505023480334785e-06 BETTER
I0328 17:23:54.270909 2315022 finetune.py:68] layer 14_k @ epoch 3 new loss 2.2464137146016583e-06 old loss 2.2631593310507014e-06 BETTER
I0328 17:24:02.232776 2314882 finetune.py:68] layer 12_o @ epoch 1 new loss 3.836944415525068e-06 old loss 3.909643055521883e-06 BETTER
I0328 17:24:09.242287 2314952 finetune.py:68] layer 13_o @ epoch 0 new loss 4.7164003262878396e-06 old loss 4.885570433543762e-06 BETTER
I0328 17:24:21.273605 2315092 finetune.py:68] layer 15_k @ epoch 2 new loss 2.2246595108299516e-06 old loss 2.24542964133434e-06 BETTER
I0328 17:24:28.934741 2315022 finetune.py:76] layer 14_k @ epoch 4 new loss 2.2576191440748516e-06 old loss 2.2464137146016583e-06 WORSE
I0328 17:24:38.331414 2314882 finetune.py:68] layer 12_o @ epoch 2 new loss 3.785906756093027e-06 old loss 3.836944415525068e-06 BETTER
I0328 17:24:42.866833 2314952 finetune.py:68] layer 13_o @ epoch 1 new loss 4.62969501313637e-06 old loss 4.7164003262878396e-06 BETTER
I0328 17:24:48.075741 2315022 finetune.py:45] layer 14_o initial loss 5.379512458603131e-06
I0328 17:24:55.346895 2315092 finetune.py:76] layer 15_k @ epoch 3 new loss 2.237205990240909e-06 old loss 2.2246595108299516e-06 WORSE
I0328 17:25:14.456014 2314882 finetune.py:68] layer 12_o @ epoch 3 new loss 3.7425822938530473e-06 old loss 3.785906756093027e-06 BETTER
I0328 17:25:16.662757 2314952 finetune.py:68] layer 13_o @ epoch 2 new loss 4.5658207454835065e-06 old loss 4.62969501313637e-06 BETTER
I0328 17:25:21.070769 2315022 finetune.py:68] layer 14_o @ epoch 0 new loss 5.197509381105192e-06 old loss 5.379512458603131e-06 BETTER
I0328 17:25:28.671523 2315092 finetune.py:68] layer 15_k @ epoch 4 new loss 2.221882823505439e-06 old loss 2.2246595108299516e-06 BETTER
I0328 17:25:48.022212 2315092 finetune.py:45] layer 15_o initial loss 5.3796529755345546e-06
I0328 17:25:50.456151 2314882 finetune.py:68] layer 12_o @ epoch 4 new loss 3.7057357076264452e-06 old loss 3.7425822938530473e-06 BETTER
I0328 17:25:50.640875 2314952 finetune.py:68] layer 13_o @ epoch 3 new loss 4.514253760135034e-06 old loss 4.5658207454835065e-06 BETTER
I0328 17:25:54.832767 2315022 finetune.py:68] layer 14_o @ epoch 1 new loss 5.094113021186786e-06 old loss 5.197509381105192e-06 BETTER
I0328 17:26:20.272274 2315092 finetune.py:68] layer 15_o @ epoch 0 new loss 5.189309831621358e-06 old loss 5.3796529755345546e-06 BETTER
I0328 17:26:22.329475 2314882 finetune.py:45] layer 12_up initial loss 7.094119155226508e-06
I0328 17:26:24.355677 2314952 finetune.py:68] layer 13_o @ epoch 4 new loss 4.470471594686387e-06 old loss 4.514253760135034e-06 BETTER
I0328 17:26:28.804345 2315022 finetune.py:68] layer 14_o @ epoch 2 new loss 5.015665465180064e-06 old loss 5.094113021186786e-06 BETTER
I0328 17:26:53.480234 2315092 finetune.py:68] layer 15_o @ epoch 1 new loss 5.068912287242711e-06 old loss 5.189309831621358e-06 BETTER
I0328 17:26:54.168095 2314882 finetune.py:68] layer 12_up @ epoch 0 new loss 6.976482382015092e-06 old loss 7.094119155226508e-06 BETTER
I0328 17:26:55.521386 2314952 finetune.py:45] layer 13_up initial loss 8.338066436408553e-06
I0328 17:27:02.686554 2315022 finetune.py:68] layer 14_o @ epoch 3 new loss 4.953178631694755e-06 old loss 5.015665465180064e-06 BETTER
I0328 17:27:26.151313 2314952 finetune.py:68] layer 13_up @ epoch 0 new loss 8.195806003641337e-06 old loss 8.338066436408553e-06 BETTER
I0328 17:27:26.977849 2315092 finetune.py:68] layer 15_o @ epoch 2 new loss 4.989357876183931e-06 old loss 5.068912287242711e-06 BETTER
I0328 17:27:27.268592 2314882 finetune.py:68] layer 12_up @ epoch 1 new loss 6.8856616053381e-06 old loss 6.976482382015092e-06 BETTER
I0328 17:27:36.725322 2315022 finetune.py:68] layer 14_o @ epoch 4 new loss 4.900954991171602e-06 old loss 4.953178631694755e-06 BETTER
I0328 17:27:57.755857 2314952 finetune.py:68] layer 13_up @ epoch 1 new loss 8.087817150226329e-06 old loss 8.195806003641337e-06 BETTER
I0328 17:28:00.277313 2315092 finetune.py:68] layer 15_o @ epoch 3 new loss 4.923294000036549e-06 old loss 4.989357876183931e-06 BETTER
I0328 17:28:00.610441 2314882 finetune.py:68] layer 12_up @ epoch 2 new loss 6.807814315834548e-06 old loss 6.8856616053381e-06 BETTER
I0328 17:28:08.735159 2315022 finetune.py:45] layer 14_up initial loss 9.574117029842455e-06
I0328 17:28:29.680792 2314952 finetune.py:68] layer 13_up @ epoch 2 new loss 7.996319254743867e-06 old loss 8.087817150226329e-06 BETTER
I0328 17:28:33.578468 2315092 finetune.py:68] layer 15_o @ epoch 4 new loss 4.86990256831632e-06 old loss 4.923294000036549e-06 BETTER
I0328 17:28:34.281475 2314882 finetune.py:68] layer 12_up @ epoch 3 new loss 6.73935164741124e-06 old loss 6.807814315834548e-06 BETTER
I0328 17:28:39.386827 2315022 finetune.py:68] layer 14_up @ epoch 0 new loss 9.387943464389537e-06 old loss 9.574117029842455e-06 BETTER
I0328 17:29:01.925538 2314952 finetune.py:68] layer 13_up @ epoch 3 new loss 7.915464266261552e-06 old loss 7.996319254743867e-06 BETTER
I0328 17:29:04.864391 2315092 finetune.py:45] layer 15_up initial loss 1.0446447959111538e-05
I0328 17:29:07.841009 2314882 finetune.py:68] layer 12_up @ epoch 4 new loss 6.676954399154056e-06 old loss 6.73935164741124e-06 BETTER
I0328 17:29:11.217481 2315022 finetune.py:68] layer 14_up @ epoch 1 new loss 9.244365173799451e-06 old loss 9.387943464389537e-06 BETTER
I0328 17:29:34.090476 2314952 finetune.py:68] layer 13_up @ epoch 4 new loss 7.843117600714322e-06 old loss 7.915464266261552e-06 BETTER
I0328 17:29:35.015924 2315092 finetune.py:68] layer 15_up @ epoch 0 new loss 1.0199335520155728e-05 old loss 1.0446447959111538e-05 BETTER
I0328 17:29:39.573076 2314882 finetune.py:45] layer 12_gate initial loss 8.114763659250457e-06
I0328 17:29:43.503149 2315022 finetune.py:68] layer 14_up @ epoch 2 new loss 9.124343705479987e-06 old loss 9.244365173799451e-06 BETTER
I0328 17:30:05.592780 2314952 finetune.py:45] layer 13_gate initial loss 9.417819455848075e-06
I0328 17:30:06.202343 2315092 finetune.py:68] layer 15_up @ epoch 1 new loss 1.0014440704253502e-05 old loss 1.0199335520155728e-05 BETTER
I0328 17:30:09.708867 2314882 finetune.py:68] layer 12_gate @ epoch 0 new loss 8.05293439043453e-06 old loss 8.114763659250457e-06 BETTER
I0328 17:30:15.789740 2315022 finetune.py:68] layer 14_up @ epoch 3 new loss 9.020140169013757e-06 old loss 9.124343705479987e-06 BETTER
I0328 17:30:34.038850 2314952 finetune.py:68] layer 13_gate @ epoch 0 new loss 9.34434137889184e-06 old loss 9.417819455848075e-06 BETTER
I0328 17:30:37.539401 2315092 finetune.py:68] layer 15_up @ epoch 2 new loss 9.861417311185505e-06 old loss 1.0014440704253502e-05 BETTER
I0328 17:30:40.839325 2314882 finetune.py:68] layer 12_gate @ epoch 1 new loss 7.998827641131356e-06 old loss 8.05293439043453e-06 BETTER
I0328 17:30:48.012512 2315022 finetune.py:68] layer 14_up @ epoch 4 new loss 8.926615009841044e-06 old loss 9.020140169013757e-06 BETTER
I0328 17:31:03.652508 2314952 finetune.py:68] layer 13_gate @ epoch 1 new loss 9.27998644328909e-06 old loss 9.34434137889184e-06 BETTER
I0328 17:31:08.825562 2315092 finetune.py:68] layer 15_up @ epoch 3 new loss 9.728993973112665e-06 old loss 9.861417311185505e-06 BETTER
I0328 17:31:12.195413 2314882 finetune.py:68] layer 12_gate @ epoch 2 new loss 7.949872269819025e-06 old loss 7.998827641131356e-06 BETTER
I0328 17:31:20.090630 2315022 finetune.py:45] layer 14_gate initial loss 1.0623576599755324e-05
I0328 17:31:33.081944 2314952 finetune.py:68] layer 13_gate @ epoch 2 new loss 9.222627340932377e-06 old loss 9.27998644328909e-06 BETTER
I0328 17:31:40.143900 2315092 finetune.py:68] layer 15_up @ epoch 4 new loss 9.611519999452867e-06 old loss 9.728993973112665e-06 BETTER
I0328 17:31:43.724721 2314882 finetune.py:68] layer 12_gate @ epoch 3 new loss 7.904363883426413e-06 old loss 7.949872269819025e-06 BETTER
I0328 17:31:48.846402 2315022 finetune.py:68] layer 14_gate @ epoch 0 new loss 1.0531766747590154e-05 old loss 1.0623576599755324e-05 BETTER
I0328 17:32:02.863362 2314952 finetune.py:68] layer 13_gate @ epoch 3 new loss 9.168957149086054e-06 old loss 9.222627340932377e-06 BETTER
I0328 17:32:11.696753 2315092 finetune.py:45] layer 15_gate initial loss 1.1446506505308207e-05
I0328 17:32:15.285894 2314882 finetune.py:68] layer 12_gate @ epoch 4 new loss 7.86230248195352e-06 old loss 7.904363883426413e-06 BETTER
I0328 17:32:18.527646 2315022 finetune.py:68] layer 14_gate @ epoch 1 new loss 1.0452104106661864e-05 old loss 1.0531766747590154e-05 BETTER
I0328 17:32:32.542096 2314952 finetune.py:68] layer 13_gate @ epoch 4 new loss 9.12078485271195e-06 old loss 9.168957149086054e-06 BETTER
I0328 17:32:39.749590 2315092 finetune.py:68] layer 15_gate @ epoch 0 new loss 1.1330770576023497e-05 old loss 1.1446506505308207e-05 BETTER
I0328 17:32:48.330099 2315022 finetune.py:68] layer 14_gate @ epoch 2 new loss 1.0381569154560566e-05 old loss 1.0452104106661864e-05 BETTER
I0328 17:33:08.731960 2315092 finetune.py:68] layer 15_gate @ epoch 1 new loss 1.1229589290451258e-05 old loss 1.1330770576023497e-05 BETTER
I0328 17:33:11.306361 2314882 finetune.py:45] layer 12_down initial loss 1.1950040970987175e-05
I0328 17:33:18.173105 2315022 finetune.py:68] layer 14_gate @ epoch 3 new loss 1.0316227417206392e-05 old loss 1.0381569154560566e-05 BETTER
I0328 17:33:30.271938 2314952 finetune.py:45] layer 13_down initial loss 1.3984560609969776e-05
I0328 17:33:37.928483 2315092 finetune.py:68] layer 15_gate @ epoch 2 new loss 1.1140562492073514e-05 old loss 1.1229589290451258e-05 BETTER
I0328 17:33:38.683681 2314882 finetune.py:68] layer 12_down @ epoch 0 new loss 1.1949784493481275e-05 old loss 1.1950040970987175e-05 BETTER
I0328 17:33:48.115454 2315022 finetune.py:68] layer 14_gate @ epoch 4 new loss 1.0256508176098578e-05 old loss 1.0316227417206392e-05 BETTER
I0328 17:33:56.295877 2314952 finetune.py:68] layer 13_down @ epoch 0 new loss 1.3984125871502329e-05 old loss 1.3984560609969776e-05 BETTER
I0328 17:34:06.856301 2314882 finetune.py:68] layer 12_down @ epoch 1 new loss 1.1949604413530324e-05 old loss 1.1949784493481275e-05 BETTER
I0328 17:34:07.336455 2315092 finetune.py:68] layer 15_gate @ epoch 3 new loss 1.1059981261496432e-05 old loss 1.1140562492073514e-05 BETTER
I0328 17:34:23.334074 2314952 finetune.py:68] layer 13_down @ epoch 1 new loss 1.3983963071950711e-05 old loss 1.3984125871502329e-05 BETTER
I0328 17:34:35.661165 2314882 finetune.py:68] layer 12_down @ epoch 2 new loss 1.1949490726692602e-05 old loss 1.1949604413530324e-05 BETTER
I0328 17:34:36.869632 2315092 finetune.py:68] layer 15_gate @ epoch 4 new loss 1.0987004316120874e-05 old loss 1.1059981261496432e-05 BETTER
I0328 17:34:45.640679 2315022 finetune.py:45] layer 14_down initial loss 1.6105908798635937e-05
I0328 17:34:50.723936 2314952 finetune.py:68] layer 13_down @ epoch 2 new loss 1.398382391926134e-05 old loss 1.3983963071950711e-05 BETTER
I0328 17:35:04.703830 2314882 finetune.py:68] layer 12_down @ epoch 3 new loss 1.1949387953791302e-05 old loss 1.1949490726692602e-05 BETTER
I0328 17:35:11.902938 2315022 finetune.py:68] layer 14_down @ epoch 0 new loss 1.6105532267829403e-05 old loss 1.6105908798635937e-05 BETTER
I0328 17:35:18.340503 2314952 finetune.py:68] layer 13_down @ epoch 3 new loss 1.3983719327370636e-05 old loss 1.398382391926134e-05 BETTER
I0328 17:35:33.173399 2315092 finetune.py:45] layer 15_down initial loss 1.8372395061305724e-05
I0328 17:35:33.766445 2314882 finetune.py:68] layer 12_down @ epoch 4 new loss 1.1949324289162178e-05 old loss 1.1949387953791302e-05 BETTER
12_v proxy err 0.001855991780757904 tr(WHW.T) 363.6233825683594
bpp_loss 4.419650851632468
12_q proxy err 8.425769192399457e-05 tr(WHW.T) 34105.62890625
bpp_loss 5.2111971186241135
12_k proxy err 3.4196422348031774e-05 tr(WHW.T) 23053.732421875
bpp_loss 6.296369801391847
12_o proxy err 0.0020960262045264244 tr(WHW.T) 780.5471801757812
bpp_loss 4.489795292727649
12_up proxy err 0.0012514855479821563 tr(WHW.T) 10027.2177734375
bpp_loss 4.602494036047054
12_gate proxy err 0.0003413758531678468 tr(WHW.T) 37312.61328125
bpp_loss 4.823449933901429
12_down proxy err 0.0017058522207662463 tr(WHW.T) 6825.703125
bpp_loss 4.59488744814215
I0328 17:35:39.433837 2315022 finetune.py:68] layer 14_down @ epoch 1 new loss 1.610525396245066e-05 old loss 1.6105532267829403e-05 BETTER
I0328 17:35:46.289238 2314952 finetune.py:68] layer 13_down @ epoch 4 new loss 1.398362928739516e-05 old loss 1.3983719327370636e-05 BETTER
13_v proxy err 0.0022853852715343237 tr(WHW.T) 280.153564453125
bpp_loss 4.360516218119301
13_q proxy err 0.0001310208608629182 tr(WHW.T) 20899.30078125
bpp_loss 5.190206807106733
13_k proxy err 4.617958620656282e-05 tr(WHW.T) 17797.5390625
bpp_loss 6.331792083685286
13_o proxy err 0.0022209137678146362 tr(WHW.T) 675.6954956054688
bpp_loss 4.47127405484207
13_up proxy err 0.0012272716267034411 tr(WHW.T) 10009.7998046875
bpp_loss 4.605752420678202
13_gate proxy err 0.00032043876126408577 tr(WHW.T) 38924.296875
bpp_loss 4.827492141963115
13_down proxy err 0.0017428253777325153 tr(WHW.T) 6563.0908203125
bpp_loss 4.594352634656908
I0328 17:35:59.134742 2315092 finetune.py:68] layer 15_down @ epoch 0 new loss 1.837191666709259e-05 old loss 1.8372395061305724e-05 BETTER
I0328 17:36:07.585852 2315022 finetune.py:68] layer 14_down @ epoch 2 new loss 1.6105112081277184e-05 old loss 1.610525396245066e-05 BETTER
I0328 17:36:26.119038 2315092 finetune.py:68] layer 15_down @ epoch 1 new loss 1.8371749320067465e-05 old loss 1.837191666709259e-05 BETTER
I0328 17:36:35.407860 2315022 finetune.py:68] layer 14_down @ epoch 3 new loss 1.6104999303934164e-05 old loss 1.6105112081277184e-05 BETTER
I0328 17:36:50.924835 2313906 quantize_finetune_llama.py:240] computed original embedding for layer 16 in 59.68269062042236s
I0328 17:36:53.127677 2315092 finetune.py:68] layer 15_down @ epoch 2 new loss 1.837162380979862e-05 old loss 1.8371749320067465e-05 BETTER
I0328 17:36:54.922709 2315162 utils.py:146] Note: detected 128 virtual cores but NumExpr set to maximum of 64, check "NUMEXPR_MAX_THREADS" environment variable.
I0328 17:36:54.922820 2315162 utils.py:149] Note: NumExpr detected 128 cores but "NUMEXPR_MAX_THREADS" not set, so enforcing safe limit of 16.
I0328 17:36:54.922868 2315162 utils.py:162] NumExpr defaulting to 16 threads.
I0328 17:36:55.293588 2315162 config.py:54] PyTorch version 2.6.0 available.
W0328 17:36:55.498816 2315162 warnings.py:109] /opt/conda/lib/python3.10/site-packages/torchvision/io/image.py:13: UserWarning: Failed to load image Python extension: '/opt/conda/lib/python3.10/site-packages/torchvision/image.so: undefined symbol: _ZN3c1017RegisterOperatorsD1Ev'If you don't plan on using image functionality from `torchvision.io`, you can ignore this warning. Otherwise, there might be something wrong with your environment. Did you have `libjpeg` or `libpng` installed before building `torchvision` from source?
  warn(

W0328 17:36:56.223247 2315162 warnings.py:109] /opt/conda/lib/python3.10/site-packages/compressai/models/video/google.py:353: FutureWarning: `torch.cuda.amp.autocast(args...)` is deprecated. Please use `torch.amp.autocast('cuda', args...)` instead.
  @amp.autocast(enabled=False)

I0328 17:36:56.227225 2313906 quantize_finetune_llama.py:209] layer 17 gpu 1
I0328 17:36:56.243653 2315162 data_utils.py:336] using 256 training seqs, 128 validation seqs
I0328 17:37:03.229890 2315022 finetune.py:68] layer 14_down @ epoch 4 new loss 1.6104937458294444e-05 old loss 1.6104999303934164e-05 BETTER
14_v proxy err 0.0021551107056438923 tr(WHW.T) 281.3382873535156
bpp_loss 4.353213366004638
14_q proxy err 0.00012428173795342445 tr(WHW.T) 20883.20703125
bpp_loss 5.154205575003289
14_k proxy err 4.22889570472762e-05 tr(WHW.T) 18614.75
bpp_loss 6.272621858632192
14_o proxy err 0.0023721768520772457 tr(WHW.T) 686.9353637695312
bpp_loss 4.464042913285084
14_up proxy err 0.0013352654641494155 tr(WHW.T) 9162.9267578125
bpp_loss 4.6001967360664695
14_gate proxy err 0.0002981770085170865 tr(WHW.T) 41786.66796875
bpp_loss 4.862907635846308
14_down proxy err 0.0018440759740769863 tr(WHW.T) 6393.4072265625
bpp_loss 4.590130323377837
The attention layers in this model are transitioning from computing the RoPE embeddings internally through `position_ids` (2D tensor with the indexes of the tokens), to using externally computed `position_embeddings` (Tuple of tensors, containing cos and sin). In v4.46 `position_ids` will be removed and `position_embeddings` will be mandatory.
I0328 17:37:13.485841 2315162 finetune.py:45] layer 16_v initial loss 4.1309558582725e-06
W0328 17:37:13.486030 2315162 warnings.py:109] /workspace/Weight_compression/comp_lm_qtip/lib/algo/finetune.py:46: FutureWarning: `torch.cuda.amp.GradScaler(args...)` is deprecated. Please use `torch.amp.GradScaler('cuda', args...)` instead.
  scaler = torch.cuda.amp.GradScaler(enabled=(orig_dtype==torch.float16))

I0328 17:37:20.177795 2315092 finetune.py:68] layer 15_down @ epoch 3 new loss 1.8371481928625144e-05 old loss 1.837162380979862e-05 BETTER
I0328 17:37:47.341018 2315092 finetune.py:68] layer 15_down @ epoch 4 new loss 1.8371378246229142e-05 old loss 1.8371481928625144e-05 BETTER
I0328 17:37:48.432349 2315162 finetune.py:68] layer 16_v @ epoch 0 new loss 2.5074421046156203e-06 old loss 4.1309558582725e-06 BETTER
15_v proxy err 0.0023648166097700596 tr(WHW.T) 284.0271301269531
bpp_loss 4.416905992780812
15_q proxy err 0.00010408491652924567 tr(WHW.T) 28082.21875
bpp_loss 5.314353496301919
15_k proxy err 4.4985030399402604e-05 tr(WHW.T) 18869.388671875
bpp_loss 6.315119479666464
15_o proxy err 0.0024141024332493544 tr(WHW.T) 828.5297241210938
bpp_loss 4.4940980488900095
15_up proxy err 0.001360514434054494 tr(WHW.T) 8993.9248046875
bpp_loss 4.591806015997593
15_gate proxy err 0.00027059632702730596 tr(WHW.T) 46174.75
bpp_loss 4.900613739155233
15_down proxy err 0.0018505898769944906 tr(WHW.T) 6403.47900390625
bpp_loss 4.584220445847937
I0328 17:38:11.242625 2313906 quantize_finetune_llama.py:240] computed original embedding for layer 17 in 63.444973945617676s
I0328 17:38:14.752644 2315232 utils.py:146] Note: detected 128 virtual cores but NumExpr set to maximum of 64, check "NUMEXPR_MAX_THREADS" environment variable.
I0328 17:38:14.752737 2315232 utils.py:149] Note: NumExpr detected 128 cores but "NUMEXPR_MAX_THREADS" not set, so enforcing safe limit of 16.
I0328 17:38:14.752778 2315232 utils.py:162] NumExpr defaulting to 16 threads.
I0328 17:38:15.085283 2315232 config.py:54] PyTorch version 2.6.0 available.
W0328 17:38:15.275308 2315232 warnings.py:109] /opt/conda/lib/python3.10/site-packages/torchvision/io/image.py:13: UserWarning: Failed to load image Python extension: '/opt/conda/lib/python3.10/site-packages/torchvision/image.so: undefined symbol: _ZN3c1017RegisterOperatorsD1Ev'If you don't plan on using image functionality from `torchvision.io`, you can ignore this warning. Otherwise, there might be something wrong with your environment. Did you have `libjpeg` or `libpng` installed before building `torchvision` from source?
  warn(

W0328 17:38:15.832323 2315232 warnings.py:109] /opt/conda/lib/python3.10/site-packages/compressai/models/video/google.py:353: FutureWarning: `torch.cuda.amp.autocast(args...)` is deprecated. Please use `torch.amp.autocast('cuda', args...)` instead.
  @amp.autocast(enabled=False)

I0328 17:38:15.835969 2313906 quantize_finetune_llama.py:209] layer 18 gpu 2
I0328 17:38:15.848746 2315232 data_utils.py:336] using 256 training seqs, 128 validation seqs
I0328 17:38:24.861579 2315162 finetune.py:68] layer 16_v @ epoch 1 new loss 2.3355064513452817e-06 old loss 2.5074421046156203e-06 BETTER
The attention layers in this model are transitioning from computing the RoPE embeddings internally through `position_ids` (2D tensor with the indexes of the tokens), to using externally computed `position_embeddings` (Tuple of tensors, containing cos and sin). In v4.46 `position_ids` will be removed and `position_embeddings` will be mandatory.
I0328 17:38:32.516048 2315232 finetune.py:45] layer 17_v initial loss 4.337055543146562e-06
W0328 17:38:32.516234 2315232 warnings.py:109] /workspace/Weight_compression/comp_lm_qtip/lib/algo/finetune.py:46: FutureWarning: `torch.cuda.amp.GradScaler(args...)` is deprecated. Please use `torch.amp.GradScaler('cuda', args...)` instead.
  scaler = torch.cuda.amp.GradScaler(enabled=(orig_dtype==torch.float16))

I0328 17:39:01.747196 2315162 finetune.py:68] layer 16_v @ epoch 2 new loss 2.2653498490399215e-06 old loss 2.3355064513452817e-06 BETTER
I0328 17:39:05.513677 2315232 finetune.py:68] layer 17_v @ epoch 0 new loss 2.296271532031824e-06 old loss 4.337055543146562e-06 BETTER
I0328 17:39:18.315915 2313906 quantize_finetune_llama.py:240] computed original embedding for layer 18 in 62.02136206626892s
I0328 17:39:22.079898 2315302 utils.py:146] Note: detected 128 virtual cores but NumExpr set to maximum of 64, check "NUMEXPR_MAX_THREADS" environment variable.
I0328 17:39:22.079995 2315302 utils.py:149] Note: NumExpr detected 128 cores but "NUMEXPR_MAX_THREADS" not set, so enforcing safe limit of 16.
I0328 17:39:22.080038 2315302 utils.py:162] NumExpr defaulting to 16 threads.
I0328 17:39:22.459883 2315302 config.py:54] PyTorch version 2.6.0 available.
W0328 17:39:22.680612 2315302 warnings.py:109] /opt/conda/lib/python3.10/site-packages/torchvision/io/image.py:13: UserWarning: Failed to load image Python extension: '/opt/conda/lib/python3.10/site-packages/torchvision/image.so: undefined symbol: _ZN3c1017RegisterOperatorsD1Ev'If you don't plan on using image functionality from `torchvision.io`, you can ignore this warning. Otherwise, there might be something wrong with your environment. Did you have `libjpeg` or `libpng` installed before building `torchvision` from source?
  warn(

W0328 17:39:23.459899 2315302 warnings.py:109] /opt/conda/lib/python3.10/site-packages/compressai/models/video/google.py:353: FutureWarning: `torch.cuda.amp.autocast(args...)` is deprecated. Please use `torch.amp.autocast('cuda', args...)` instead.
  @amp.autocast(enabled=False)

I0328 17:39:23.463808 2313906 quantize_finetune_llama.py:209] layer 19 gpu 3
I0328 17:39:23.477872 2315302 data_utils.py:336] using 256 training seqs, 128 validation seqs
The attention layers in this model are transitioning from computing the RoPE embeddings internally through `position_ids` (2D tensor with the indexes of the tokens), to using externally computed `position_embeddings` (Tuple of tensors, containing cos and sin). In v4.46 `position_ids` will be removed and `position_embeddings` will be mandatory.
I0328 17:39:38.766395 2315162 finetune.py:68] layer 16_v @ epoch 3 new loss 2.2268159227678552e-06 old loss 2.2653498490399215e-06 BETTER
I0328 17:39:39.845509 2315232 finetune.py:68] layer 17_v @ epoch 1 new loss 2.126507297361968e-06 old loss 2.296271532031824e-06 BETTER
I0328 17:39:40.952963 2315302 finetune.py:45] layer 18_v initial loss 5.7313482102472335e-06
W0328 17:39:40.953211 2315302 warnings.py:109] /workspace/Weight_compression/comp_lm_qtip/lib/algo/finetune.py:46: FutureWarning: `torch.cuda.amp.GradScaler(args...)` is deprecated. Please use `torch.amp.GradScaler('cuda', args...)` instead.
  scaler = torch.cuda.amp.GradScaler(enabled=(orig_dtype==torch.float16))

I0328 17:40:14.449016 2315302 finetune.py:68] layer 18_v @ epoch 0 new loss 1.966564695976558e-06 old loss 5.7313482102472335e-06 BETTER
I0328 17:40:14.595753 2315232 finetune.py:68] layer 17_v @ epoch 2 new loss 2.0557995412673336e-06 old loss 2.126507297361968e-06 BETTER
I0328 17:40:15.892747 2315162 finetune.py:68] layer 16_v @ epoch 4 new loss 2.1827256659889827e-06 old loss 2.2268159227678552e-06 BETTER
I0328 17:40:26.918322 2313906 quantize_finetune_llama.py:240] computed original embedding for layer 19 in 63.001689434051514s
I0328 17:40:30.807573 2315372 utils.py:146] Note: detected 128 virtual cores but NumExpr set to maximum of 64, check "NUMEXPR_MAX_THREADS" environment variable.
I0328 17:40:30.807691 2315372 utils.py:149] Note: NumExpr detected 128 cores but "NUMEXPR_MAX_THREADS" not set, so enforcing safe limit of 16.
I0328 17:40:30.807732 2315372 utils.py:162] NumExpr defaulting to 16 threads.
I0328 17:40:31.202269 2315372 config.py:54] PyTorch version 2.6.0 available.
W0328 17:40:31.419274 2315372 warnings.py:109] /opt/conda/lib/python3.10/site-packages/torchvision/io/image.py:13: UserWarning: Failed to load image Python extension: '/opt/conda/lib/python3.10/site-packages/torchvision/image.so: undefined symbol: _ZN3c1017RegisterOperatorsD1Ev'If you don't plan on using image functionality from `torchvision.io`, you can ignore this warning. Otherwise, there might be something wrong with your environment. Did you have `libjpeg` or `libpng` installed before building `torchvision` from source?
  warn(

W0328 17:40:32.049088 2315372 warnings.py:109] /opt/conda/lib/python3.10/site-packages/compressai/models/video/google.py:353: FutureWarning: `torch.cuda.amp.autocast(args...)` is deprecated. Please use `torch.amp.autocast('cuda', args...)` instead.
  @amp.autocast(enabled=False)

I0328 17:40:32.053191 2313906 quantize_finetune_llama.py:209] layer 20 gpu 0
I0328 17:40:32.069104 2315372 data_utils.py:336] using 256 training seqs, 128 validation seqs
I0328 17:40:35.256084 2315162 finetune.py:45] layer 16_q initial loss 2.5266167540394235e-06
The attention layers in this model are transitioning from computing the RoPE embeddings internally through `position_ids` (2D tensor with the indexes of the tokens), to using externally computed `position_embeddings` (Tuple of tensors, containing cos and sin). In v4.46 `position_ids` will be removed and `position_embeddings` will be mandatory.
I0328 17:40:49.036327 2315302 finetune.py:68] layer 18_v @ epoch 1 new loss 1.7918523553817067e-06 old loss 1.966564695976558e-06 BETTER
I0328 17:40:49.239087 2315372 finetune.py:45] layer 19_v initial loss 6.48323111818172e-06
W0328 17:40:49.239316 2315372 warnings.py:109] /workspace/Weight_compression/comp_lm_qtip/lib/algo/finetune.py:46: FutureWarning: `torch.cuda.amp.GradScaler(args...)` is deprecated. Please use `torch.amp.GradScaler('cuda', args...)` instead.
  scaler = torch.cuda.amp.GradScaler(enabled=(orig_dtype==torch.float16))

I0328 17:40:49.493578 2315232 finetune.py:76] layer 17_v @ epoch 3 new loss 2.076431201203377e-06 old loss 2.0557995412673336e-06 WORSE
