I0328 15:57:00.570021 2313906 utils.py:146] Note: detected 128 virtual cores but NumExpr set to maximum of 64, check "NUMEXPR_MAX_THREADS" environment variable.
I0328 15:57:00.570125 2313906 utils.py:149] Note: NumExpr detected 128 cores but "NUMEXPR_MAX_THREADS" not set, so enforcing safe limit of 16.
I0328 15:57:00.570168 2313906 utils.py:162] NumExpr defaulting to 16 threads.
I0328 15:57:00.909392 2313906 config.py:54] PyTorch version 2.6.0 available.
W0328 15:57:01.117667 2313906 warnings.py:109] /opt/conda/lib/python3.10/site-packages/torchvision/io/image.py:13: UserWarning: Failed to load image Python extension: '/opt/conda/lib/python3.10/site-packages/torchvision/image.so: undefined symbol: _ZN3c1017RegisterOperatorsD1Ev'If you don't plan on using image functionality from `torchvision.io`, you can ignore this warning. Otherwise, there might be something wrong with your environment. Did you have `libjpeg` or `libpng` installed before building `torchvision` from source?
  warn(

W0328 15:57:01.703319 2313906 warnings.py:109] /opt/conda/lib/python3.10/site-packages/compressai/models/video/google.py:353: FutureWarning: `torch.cuda.amp.autocast(args...)` is deprecated. Please use `torch.amp.autocast('cuda', args...)` instead.
  @amp.autocast(enabled=False)

Loading checkpoint shards:   0%|          | 0/7 [00:00<?, ?it/s]Loading checkpoint shards:  14%|█▍        | 1/7 [00:00<00:00,  6.57it/s]Loading checkpoint shards:  29%|██▊       | 2/7 [00:00<00:00,  7.13it/s]Loading checkpoint shards:  43%|████▎     | 3/7 [00:00<00:00,  7.17it/s]Loading checkpoint shards:  57%|█████▋    | 4/7 [00:00<00:00,  7.32it/s]Loading checkpoint shards:  71%|███████▏  | 5/7 [00:00<00:00,  7.40it/s]Loading checkpoint shards:  86%|████████▌ | 6/7 [00:00<00:00,  7.36it/s]Loading checkpoint shards: 100%|██████████| 7/7 [00:00<00:00,  7.55it/s]Loading checkpoint shards: 100%|██████████| 7/7 [00:00<00:00,  7.37it/s]
I0328 15:57:03.257546 2313906 quantize_finetune_llama.py:150] loaded model
calculating model weight mean & std:   0%|          | 0/32 [00:00<?, ?it/s]calculating model weight mean & std:   3%|▎         | 1/32 [00:00<00:21,  1.43it/s]calculating model weight mean & std:   6%|▋         | 2/32 [00:01<00:17,  1.69it/s]calculating model weight mean & std:   9%|▉         | 3/32 [00:01<00:16,  1.78it/s]calculating model weight mean & std:  12%|█▎        | 4/32 [00:02<00:15,  1.84it/s]calculating model weight mean & std:  16%|█▌        | 5/32 [00:02<00:14,  1.85it/s]calculating model weight mean & std:  19%|█▉        | 6/32 [00:03<00:13,  1.87it/s]calculating model weight mean & std:  22%|██▏       | 7/32 [00:03<00:13,  1.88it/s]calculating model weight mean & std:  25%|██▌       | 8/32 [00:04<00:12,  1.88it/s]calculating model weight mean & std:  28%|██▊       | 9/32 [00:04<00:12,  1.89it/s]calculating model weight mean & std:  31%|███▏      | 10/32 [00:05<00:11,  1.89it/s]calculating model weight mean & std:  34%|███▍      | 11/32 [00:05<00:11,  1.90it/s]calculating model weight mean & std:  38%|███▊      | 12/32 [00:06<00:10,  1.91it/s]calculating model weight mean & std:  41%|████      | 13/32 [00:06<00:09,  1.91it/s]calculating model weight mean & std:  44%|████▍     | 14/32 [00:07<00:09,  1.91it/s]calculating model weight mean & std:  47%|████▋     | 15/32 [00:08<00:08,  1.92it/s]calculating model weight mean & std:  50%|█████     | 16/32 [00:08<00:08,  1.94it/s]calculating model weight mean & std:  53%|█████▎    | 17/32 [00:09<00:07,  1.94it/s]calculating model weight mean & std:  56%|█████▋    | 18/32 [00:09<00:07,  1.94it/s]calculating model weight mean & std:  59%|█████▉    | 19/32 [00:10<00:06,  1.94it/s]calculating model weight mean & std:  62%|██████▎   | 20/32 [00:10<00:06,  1.93it/s]calculating model weight mean & std:  66%|██████▌   | 21/32 [00:11<00:05,  1.93it/s]calculating model weight mean & std:  69%|██████▉   | 22/32 [00:11<00:05,  1.93it/s]calculating model weight mean & std:  72%|███████▏  | 23/32 [00:12<00:04,  1.92it/s]calculating model weight mean & std:  75%|███████▌  | 24/32 [00:12<00:04,  1.94it/s]calculating model weight mean & std:  78%|███████▊  | 25/32 [00:13<00:03,  1.93it/s]calculating model weight mean & std:  81%|████████▏ | 26/32 [00:13<00:03,  1.93it/s]calculating model weight mean & std:  84%|████████▍ | 27/32 [00:14<00:02,  1.92it/s]calculating model weight mean & std:  88%|████████▊ | 28/32 [00:14<00:02,  1.92it/s]calculating model weight mean & std:  91%|█████████ | 29/32 [00:15<00:01,  1.94it/s]calculating model weight mean & std:  94%|█████████▍| 30/32 [00:15<00:01,  1.95it/s]calculating model weight mean & std:  97%|█████████▋| 31/32 [00:16<00:00,  1.95it/s]calculating model weight mean & std: 100%|██████████| 32/32 [00:16<00:00,  1.95it/s]calculating model weight mean & std: 100%|██████████| 32/32 [00:16<00:00,  1.91it/s]
I0328 15:57:26.114751 2313906 quantize_finetune_llama.py:185] loaded compression model
I0328 15:57:45.790841 2313906 quantize_finetune_llama.py:189] loaded dataset and devset
I0328 15:57:50.888385 2313906 quantize_finetune_llama.py:209] layer 0 gpu 0
The attention layers in this model are transitioning from computing the RoPE embeddings internally through `position_ids` (2D tensor with the indexes of the tokens), to using externally computed `position_embeddings` (Tuple of tensors, containing cos and sin). In v4.46 `position_ids` will be removed and `position_embeddings` will be mandatory.
I0328 15:58:43.242165 2313906 quantize_finetune_llama.py:240] computed original embedding for layer 0 in 52.21191668510437s
tensor(-4.7143e-06) tensor(0.0125)
tensor(0.0125) tensor(-4.7143e-06)
huggingface/tokenizers: The current process just got forked, after parallelism has already been used. Disabling parallelism to avoid deadlocks...
To disable this warning, you can either:
	- Avoid using `tokenizers` before the fork if possible
	- Explicitly set the environment variable TOKENIZERS_PARALLELISM=(true | false)
I0328 15:59:06.254899 2314036 utils.py:146] Note: detected 128 virtual cores but NumExpr set to maximum of 64, check "NUMEXPR_MAX_THREADS" environment variable.
I0328 15:59:06.255002 2314036 utils.py:149] Note: NumExpr detected 128 cores but "NUMEXPR_MAX_THREADS" not set, so enforcing safe limit of 16.
I0328 15:59:06.255041 2314036 utils.py:162] NumExpr defaulting to 16 threads.
I0328 15:59:06.585435 2314036 config.py:54] PyTorch version 2.6.0 available.
W0328 15:59:06.776842 2314036 warnings.py:109] /opt/conda/lib/python3.10/site-packages/torchvision/io/image.py:13: UserWarning: Failed to load image Python extension: '/opt/conda/lib/python3.10/site-packages/torchvision/image.so: undefined symbol: _ZN3c1017RegisterOperatorsD1Ev'If you don't plan on using image functionality from `torchvision.io`, you can ignore this warning. Otherwise, there might be something wrong with your environment. Did you have `libjpeg` or `libpng` installed before building `torchvision` from source?
  warn(

W0328 15:59:07.401573 2314036 warnings.py:109] /opt/conda/lib/python3.10/site-packages/compressai/models/video/google.py:353: FutureWarning: `torch.cuda.amp.autocast(args...)` is deprecated. Please use `torch.amp.autocast('cuda', args...)` instead.
  @amp.autocast(enabled=False)

I0328 15:59:07.405337 2313906 quantize_finetune_llama.py:209] layer 1 gpu 1
I0328 15:59:07.418299 2314036 data_utils.py:336] using 256 training seqs, 128 validation seqs
The attention layers in this model are transitioning from computing the RoPE embeddings internally through `position_ids` (2D tensor with the indexes of the tokens), to using externally computed `position_embeddings` (Tuple of tensors, containing cos and sin). In v4.46 `position_ids` will be removed and `position_embeddings` will be mandatory.
I0328 15:59:23.911077 2314036 finetune.py:45] layer 0_v initial loss 1.3420506661532272e-07
W0328 15:59:23.911291 2314036 warnings.py:109] /workspace/Weight_compression/comp_lm_qtip/lib/algo/finetune.py:46: FutureWarning: `torch.cuda.amp.GradScaler(args...)` is deprecated. Please use `torch.amp.GradScaler('cuda', args...)` instead.
  scaler = torch.cuda.amp.GradScaler(enabled=(orig_dtype==torch.float16))

I0328 15:59:57.567819 2314036 finetune.py:68] layer 0_v @ epoch 0 new loss 1.1583335890463786e-07 old loss 1.3420506661532272e-07 BETTER
I0328 16:00:11.208197 2313906 quantize_finetune_llama.py:240] computed original embedding for layer 1 in 63.61838126182556s
I0328 16:00:20.166171 2314108 utils.py:146] Note: detected 128 virtual cores but NumExpr set to maximum of 64, check "NUMEXPR_MAX_THREADS" environment variable.
I0328 16:00:20.166272 2314108 utils.py:149] Note: NumExpr detected 128 cores but "NUMEXPR_MAX_THREADS" not set, so enforcing safe limit of 16.
I0328 16:00:20.166310 2314108 utils.py:162] NumExpr defaulting to 16 threads.
I0328 16:00:20.523615 2314108 config.py:54] PyTorch version 2.6.0 available.
W0328 16:00:20.740632 2314108 warnings.py:109] /opt/conda/lib/python3.10/site-packages/torchvision/io/image.py:13: UserWarning: Failed to load image Python extension: '/opt/conda/lib/python3.10/site-packages/torchvision/image.so: undefined symbol: _ZN3c1017RegisterOperatorsD1Ev'If you don't plan on using image functionality from `torchvision.io`, you can ignore this warning. Otherwise, there might be something wrong with your environment. Did you have `libjpeg` or `libpng` installed before building `torchvision` from source?
  warn(

W0328 16:00:21.350288 2314108 warnings.py:109] /opt/conda/lib/python3.10/site-packages/compressai/models/video/google.py:353: FutureWarning: `torch.cuda.amp.autocast(args...)` is deprecated. Please use `torch.amp.autocast('cuda', args...)` instead.
  @amp.autocast(enabled=False)

I0328 16:00:21.353799 2313906 quantize_finetune_llama.py:209] layer 2 gpu 2
I0328 16:00:21.367733 2314108 data_utils.py:336] using 256 training seqs, 128 validation seqs
I0328 16:00:32.711454 2314036 finetune.py:68] layer 0_v @ epoch 1 new loss 1.0987543674900735e-07 old loss 1.1583335890463786e-07 BETTER
The attention layers in this model are transitioning from computing the RoPE embeddings internally through `position_ids` (2D tensor with the indexes of the tokens), to using externally computed `position_embeddings` (Tuple of tensors, containing cos and sin). In v4.46 `position_ids` will be removed and `position_embeddings` will be mandatory.
I0328 16:00:38.352092 2314108 finetune.py:45] layer 1_v initial loss 1.1320780686219223e-06
W0328 16:00:38.352519 2314108 warnings.py:109] /workspace/Weight_compression/comp_lm_qtip/lib/algo/finetune.py:46: FutureWarning: `torch.cuda.amp.GradScaler(args...)` is deprecated. Please use `torch.amp.GradScaler('cuda', args...)` instead.
  scaler = torch.cuda.amp.GradScaler(enabled=(orig_dtype==torch.float16))

I0328 16:01:08.471610 2314036 finetune.py:68] layer 0_v @ epoch 2 new loss 1.0702986230626266e-07 old loss 1.0987543674900735e-07 BETTER
I0328 16:01:10.945120 2314108 finetune.py:68] layer 1_v @ epoch 0 new loss 4.899465011476423e-07 old loss 1.1320780686219223e-06 BETTER
I0328 16:01:25.406767 2313906 quantize_finetune_llama.py:240] computed original embedding for layer 2 in 63.888731479644775s
I0328 16:01:34.840863 2314180 utils.py:146] Note: detected 128 virtual cores but NumExpr set to maximum of 64, check "NUMEXPR_MAX_THREADS" environment variable.
I0328 16:01:34.840961 2314180 utils.py:149] Note: NumExpr detected 128 cores but "NUMEXPR_MAX_THREADS" not set, so enforcing safe limit of 16.
I0328 16:01:34.841004 2314180 utils.py:162] NumExpr defaulting to 16 threads.
I0328 16:01:35.203805 2314180 config.py:54] PyTorch version 2.6.0 available.
W0328 16:01:35.407549 2314180 warnings.py:109] /opt/conda/lib/python3.10/site-packages/torchvision/io/image.py:13: UserWarning: Failed to load image Python extension: '/opt/conda/lib/python3.10/site-packages/torchvision/image.so: undefined symbol: _ZN3c1017RegisterOperatorsD1Ev'If you don't plan on using image functionality from `torchvision.io`, you can ignore this warning. Otherwise, there might be something wrong with your environment. Did you have `libjpeg` or `libpng` installed before building `torchvision` from source?
  warn(

W0328 16:01:36.005660 2314180 warnings.py:109] /opt/conda/lib/python3.10/site-packages/compressai/models/video/google.py:353: FutureWarning: `torch.cuda.amp.autocast(args...)` is deprecated. Please use `torch.amp.autocast('cuda', args...)` instead.
  @amp.autocast(enabled=False)

I0328 16:01:36.009733 2313906 quantize_finetune_llama.py:209] layer 3 gpu 3
I0328 16:01:36.025688 2314180 data_utils.py:336] using 256 training seqs, 128 validation seqs
I0328 16:01:44.643067 2314036 finetune.py:68] layer 0_v @ epoch 3 new loss 1.0529134897296899e-07 old loss 1.0702986230626266e-07 BETTER
I0328 16:01:45.000596 2314108 finetune.py:68] layer 1_v @ epoch 1 new loss 2.9305971338544623e-07 old loss 4.899465011476423e-07 BETTER
The attention layers in this model are transitioning from computing the RoPE embeddings internally through `position_ids` (2D tensor with the indexes of the tokens), to using externally computed `position_embeddings` (Tuple of tensors, containing cos and sin). In v4.46 `position_ids` will be removed and `position_embeddings` will be mandatory.
I0328 16:01:52.975476 2314180 finetune.py:45] layer 2_v initial loss 2.351690909563331e-06
W0328 16:01:52.975755 2314180 warnings.py:109] /workspace/Weight_compression/comp_lm_qtip/lib/algo/finetune.py:46: FutureWarning: `torch.cuda.amp.GradScaler(args...)` is deprecated. Please use `torch.amp.GradScaler('cuda', args...)` instead.
  scaler = torch.cuda.amp.GradScaler(enabled=(orig_dtype==torch.float16))

I0328 16:02:19.295409 2314108 finetune.py:68] layer 1_v @ epoch 2 new loss 2.1691634799481108e-07 old loss 2.9305971338544623e-07 BETTER
I0328 16:02:21.106188 2314036 finetune.py:68] layer 0_v @ epoch 4 new loss 1.040363883930695e-07 old loss 1.0529134897296899e-07 BETTER
I0328 16:02:26.337985 2314180 finetune.py:68] layer 2_v @ epoch 0 new loss 6.891027624078561e-07 old loss 2.351690909563331e-06 BETTER
I0328 16:02:41.065842 2314036 finetune.py:45] layer 0_q initial loss 1.0432245289848652e-07
I0328 16:02:41.687167 2313906 quantize_finetune_llama.py:240] computed original embedding for layer 3 in 65.45106530189514s
I0328 16:02:50.807507 2314252 utils.py:146] Note: detected 128 virtual cores but NumExpr set to maximum of 64, check "NUMEXPR_MAX_THREADS" environment variable.
I0328 16:02:50.807620 2314252 utils.py:149] Note: NumExpr detected 128 cores but "NUMEXPR_MAX_THREADS" not set, so enforcing safe limit of 16.
I0328 16:02:50.807663 2314252 utils.py:162] NumExpr defaulting to 16 threads.
I0328 16:02:51.195363 2314252 config.py:54] PyTorch version 2.6.0 available.
W0328 16:02:51.408415 2314252 warnings.py:109] /opt/conda/lib/python3.10/site-packages/torchvision/io/image.py:13: UserWarning: Failed to load image Python extension: '/opt/conda/lib/python3.10/site-packages/torchvision/image.so: undefined symbol: _ZN3c1017RegisterOperatorsD1Ev'If you don't plan on using image functionality from `torchvision.io`, you can ignore this warning. Otherwise, there might be something wrong with your environment. Did you have `libjpeg` or `libpng` installed before building `torchvision` from source?
  warn(

W0328 16:02:52.037358 2314252 warnings.py:109] /opt/conda/lib/python3.10/site-packages/compressai/models/video/google.py:353: FutureWarning: `torch.cuda.amp.autocast(args...)` is deprecated. Please use `torch.amp.autocast('cuda', args...)` instead.
  @amp.autocast(enabled=False)

I0328 16:02:52.041411 2313906 quantize_finetune_llama.py:209] layer 4 gpu 0
I0328 16:02:52.056005 2314252 data_utils.py:336] using 256 training seqs, 128 validation seqs
I0328 16:02:53.962943 2314108 finetune.py:68] layer 1_v @ epoch 3 new loss 1.8506047183564078e-07 old loss 2.1691634799481108e-07 BETTER
I0328 16:03:00.802397 2314180 finetune.py:68] layer 2_v @ epoch 1 new loss 3.837600104361627e-07 old loss 6.891027624078561e-07 BETTER
The attention layers in this model are transitioning from computing the RoPE embeddings internally through `position_ids` (2D tensor with the indexes of the tokens), to using externally computed `position_embeddings` (Tuple of tensors, containing cos and sin). In v4.46 `position_ids` will be removed and `position_embeddings` will be mandatory.
I0328 16:03:09.035829 2314252 finetune.py:45] layer 3_v initial loss 2.377498958594515e-06
W0328 16:03:09.036049 2314252 warnings.py:109] /workspace/Weight_compression/comp_lm_qtip/lib/algo/finetune.py:46: FutureWarning: `torch.cuda.amp.GradScaler(args...)` is deprecated. Please use `torch.amp.GradScaler('cuda', args...)` instead.
  scaler = torch.cuda.amp.GradScaler(enabled=(orig_dtype==torch.float16))

I0328 16:03:15.813641 2314036 finetune.py:68] layer 0_q @ epoch 0 new loss 1.0330604283126377e-07 old loss 1.0432245289848652e-07 BETTER
I0328 16:03:28.635946 2314108 finetune.py:68] layer 1_v @ epoch 4 new loss 1.6821485360196675e-07 old loss 1.8506047183564078e-07 BETTER
I0328 16:03:35.297588 2314180 finetune.py:68] layer 2_v @ epoch 2 new loss 3.020608119186363e-07 old loss 3.837600104361627e-07 BETTER
I0328 16:03:41.624820 2314252 finetune.py:68] layer 3_v @ epoch 0 new loss 7.585616685901186e-07 old loss 2.377498958594515e-06 BETTER
I0328 16:03:48.115314 2314108 finetune.py:45] layer 1_q initial loss 1.7061681489849434e-07
I0328 16:03:51.812145 2314036 finetune.py:68] layer 0_q @ epoch 1 new loss 1.0247576653910073e-07 old loss 1.0330604283126377e-07 BETTER
I0328 16:04:10.030266 2314180 finetune.py:68] layer 2_v @ epoch 3 new loss 2.676706571946852e-07 old loss 3.020608119186363e-07 BETTER
I0328 16:04:15.699845 2314252 finetune.py:68] layer 3_v @ epoch 1 new loss 5.050272875450901e-07 old loss 7.585616685901186e-07 BETTER
I0328 16:04:21.295394 2314108 finetune.py:68] layer 1_q @ epoch 0 new loss 1.6088407051029208e-07 old loss 1.7061681489849434e-07 BETTER
I0328 16:04:28.104484 2314036 finetune.py:68] layer 0_q @ epoch 2 new loss 1.0177667064681373e-07 old loss 1.0247576653910073e-07 BETTER
I0328 16:04:45.062913 2314180 finetune.py:68] layer 2_v @ epoch 4 new loss 2.476552367625118e-07 old loss 2.676706571946852e-07 BETTER
I0328 16:04:50.151664 2314252 finetune.py:68] layer 3_v @ epoch 2 new loss 4.181191854968347e-07 old loss 5.050272875450901e-07 BETTER
I0328 16:04:55.427540 2314108 finetune.py:68] layer 1_q @ epoch 1 new loss 1.5086813220932527e-07 old loss 1.6088407051029208e-07 BETTER
I0328 16:05:04.282318 2314036 finetune.py:68] layer 0_q @ epoch 3 new loss 1.011447636756202e-07 old loss 1.0177667064681373e-07 BETTER
I0328 16:05:04.443689 2314180 finetune.py:45] layer 2_q initial loss 2.743848597219767e-07
I0328 16:05:24.540871 2314252 finetune.py:68] layer 3_v @ epoch 3 new loss 3.755196189558774e-07 old loss 4.181191854968347e-07 BETTER
I0328 16:05:29.912872 2314108 finetune.py:68] layer 1_q @ epoch 2 new loss 1.4497737765850616e-07 old loss 1.5086813220932527e-07 BETTER
I0328 16:05:37.811810 2314180 finetune.py:68] layer 2_q @ epoch 0 new loss 2.572681978563196e-07 old loss 2.743848597219767e-07 BETTER
I0328 16:05:40.548532 2314036 finetune.py:68] layer 0_q @ epoch 4 new loss 1.0057836874466375e-07 old loss 1.011447636756202e-07 BETTER
I0328 16:05:58.247603 2314036 finetune.py:45] layer 0_k initial loss 1.0305091535656175e-07
I0328 16:05:58.997015 2314252 finetune.py:68] layer 3_v @ epoch 4 new loss 3.5050376823164697e-07 old loss 3.755196189558774e-07 BETTER
I0328 16:06:04.326193 2314108 finetune.py:68] layer 1_q @ epoch 3 new loss 1.4021253491591779e-07 old loss 1.4497737765850616e-07 BETTER
I0328 16:06:12.265843 2314180 finetune.py:68] layer 2_q @ epoch 1 new loss 2.463808357333619e-07 old loss 2.572681978563196e-07 BETTER
I0328 16:06:18.339577 2314252 finetune.py:45] layer 3_q initial loss 4.008277869615995e-07
I0328 16:06:33.324235 2314036 finetune.py:68] layer 0_k @ epoch 0 new loss 1.0195937960588708e-07 old loss 1.0305091535656175e-07 BETTER
I0328 16:06:39.038787 2314108 finetune.py:68] layer 1_q @ epoch 4 new loss 1.3631780859668652e-07 old loss 1.4021253491591779e-07 BETTER
I0328 16:06:46.679898 2314180 finetune.py:68] layer 2_q @ epoch 2 new loss 2.3871737653280434e-07 old loss 2.463808357333619e-07 BETTER
I0328 16:06:51.253302 2314252 finetune.py:68] layer 3_q @ epoch 0 new loss 3.808137876148976e-07 old loss 4.008277869615995e-07 BETTER
I0328 16:06:56.781952 2314108 finetune.py:45] layer 1_k initial loss 1.429939544550507e-07
I0328 16:07:09.292689 2314036 finetune.py:68] layer 0_k @ epoch 1 new loss 1.0136958650264205e-07 old loss 1.0195937960588708e-07 BETTER
I0328 16:07:21.209554 2314180 finetune.py:68] layer 2_q @ epoch 3 new loss 2.329780386389757e-07 old loss 2.3871737653280434e-07 BETTER
I0328 16:07:25.007688 2314252 finetune.py:68] layer 3_q @ epoch 1 new loss 3.681039402181341e-07 old loss 3.808137876148976e-07 BETTER
I0328 16:07:29.819475 2314108 finetune.py:68] layer 1_k @ epoch 0 new loss 1.3832617185016716e-07 old loss 1.429939544550507e-07 BETTER
I0328 16:07:45.495454 2314036 finetune.py:68] layer 0_k @ epoch 2 new loss 1.0088202628821819e-07 old loss 1.0136958650264205e-07 BETTER
I0328 16:07:56.018956 2314180 finetune.py:68] layer 2_q @ epoch 4 new loss 2.2853222958474362e-07 old loss 2.329780386389757e-07 BETTER
I0328 16:07:59.053978 2314252 finetune.py:68] layer 3_q @ epoch 2 new loss 3.5951919130639e-07 old loss 3.681039402181341e-07 BETTER
I0328 16:08:03.872194 2314108 finetune.py:68] layer 1_k @ epoch 1 new loss 1.351432104002015e-07 old loss 1.3832617185016716e-07 BETTER
I0328 16:08:13.825629 2314180 finetune.py:45] layer 2_k initial loss 2.4119179897752474e-07
I0328 16:08:21.545433 2314036 finetune.py:68] layer 0_k @ epoch 3 new loss 1.0042502651685936e-07 old loss 1.0088202628821819e-07 BETTER
I0328 16:08:32.984059 2314252 finetune.py:68] layer 3_q @ epoch 3 new loss 3.526973273437761e-07 old loss 3.5951919130639e-07 BETTER
I0328 16:08:37.934804 2314108 finetune.py:68] layer 1_k @ epoch 2 new loss 1.3255426267733128e-07 old loss 1.351432104002015e-07 BETTER
I0328 16:08:47.277830 2314180 finetune.py:68] layer 2_k @ epoch 0 new loss 2.362605897587855e-07 old loss 2.4119179897752474e-07 BETTER
I0328 16:08:57.881483 2314036 finetune.py:68] layer 0_k @ epoch 4 new loss 1.0001484440635977e-07 old loss 1.0042502651685936e-07 BETTER
I0328 16:09:07.012630 2314252 finetune.py:68] layer 3_q @ epoch 4 new loss 3.4757997013912245e-07 old loss 3.526973273437761e-07 BETTER
I0328 16:09:12.052749 2314108 finetune.py:68] layer 1_k @ epoch 3 new loss 1.3033475454449217e-07 old loss 1.3255426267733128e-07 BETTER
I0328 16:09:17.592920 2314036 finetune.py:45] layer 0_o initial loss 1.5617978021964518e-07
I0328 16:09:21.816865 2314180 finetune.py:68] layer 2_k @ epoch 1 new loss 2.3316506769788248e-07 old loss 2.362605897587855e-07 BETTER
I0328 16:09:24.977989 2314252 finetune.py:45] layer 3_k initial loss 3.707453402057581e-07
I0328 16:09:46.290053 2314108 finetune.py:68] layer 1_k @ epoch 4 new loss 1.2838624741107196e-07 old loss 1.3033475454449217e-07 BETTER
I0328 16:09:51.928719 2314036 finetune.py:68] layer 0_o @ epoch 0 new loss 1.5581883872073377e-07 old loss 1.5617978021964518e-07 BETTER
I0328 16:09:56.411409 2314180 finetune.py:68] layer 2_k @ epoch 2 new loss 2.3065305754244037e-07 old loss 2.3316506769788248e-07 BETTER
I0328 16:09:57.896043 2314252 finetune.py:68] layer 3_k @ epoch 0 new loss 3.650926601039828e-07 old loss 3.707453402057581e-07 BETTER
I0328 16:10:05.821545 2314108 finetune.py:45] layer 1_o initial loss 2.8077607794330106e-07
I0328 16:10:27.378850 2314036 finetune.py:68] layer 0_o @ epoch 1 new loss 1.5550601517588802e-07 old loss 1.5581883872073377e-07 BETTER
I0328 16:10:30.896484 2314180 finetune.py:68] layer 2_k @ epoch 3 new loss 2.2847179081963986e-07 old loss 2.3065305754244037e-07 BETTER
I0328 16:10:31.627055 2314252 finetune.py:68] layer 3_k @ epoch 1 new loss 3.6133016578787647e-07 old loss 3.650926601039828e-07 BETTER
I0328 16:10:38.382055 2314108 finetune.py:68] layer 1_o @ epoch 0 new loss 2.7775786293204874e-07 old loss 2.8077607794330106e-07 BETTER
I0328 16:11:03.142089 2314036 finetune.py:68] layer 0_o @ epoch 2 new loss 1.552273403149229e-07 old loss 1.5550601517588802e-07 BETTER
I0328 16:11:05.416116 2314180 finetune.py:68] layer 2_k @ epoch 4 new loss 2.265531406919763e-07 old loss 2.2847179081963986e-07 BETTER
I0328 16:11:05.541543 2314252 finetune.py:68] layer 3_k @ epoch 2 new loss 3.582212571018317e-07 old loss 3.6133016578787647e-07 BETTER
I0328 16:11:11.863779 2314108 finetune.py:68] layer 1_o @ epoch 1 new loss 2.775401810595213e-07 old loss 2.7775786293204874e-07 BETTER
I0328 16:11:24.623250 2314180 finetune.py:45] layer 2_o initial loss 4.703597085153888e-07
I0328 16:11:38.895445 2314036 finetune.py:68] layer 0_o @ epoch 3 new loss 1.5497319338919624e-07 old loss 1.552273403149229e-07 BETTER
I0328 16:11:39.482097 2314252 finetune.py:68] layer 3_k @ epoch 3 new loss 3.5549214771890547e-07 old loss 3.582212571018317e-07 BETTER
I0328 16:11:45.401520 2314108 finetune.py:68] layer 1_o @ epoch 2 new loss 2.737465081281698e-07 old loss 2.775401810595213e-07 BETTER
I0328 16:11:57.443369 2314180 finetune.py:68] layer 2_o @ epoch 0 new loss 4.639038309051102e-07 old loss 4.703597085153888e-07 BETTER
I0328 16:12:13.507640 2314252 finetune.py:68] layer 3_k @ epoch 4 new loss 3.530149399466609e-07 old loss 3.5549214771890547e-07 BETTER
I0328 16:12:14.640891 2314036 finetune.py:68] layer 0_o @ epoch 4 new loss 1.54728056145359e-07 old loss 1.5497319338919624e-07 BETTER
I0328 16:12:19.287661 2314108 finetune.py:68] layer 1_o @ epoch 3 new loss 2.7233079435973195e-07 old loss 2.737465081281698e-07 BETTER
I0328 16:12:31.182031 2314180 finetune.py:68] layer 2_o @ epoch 1 new loss 4.6058809743954043e-07 old loss 4.639038309051102e-07 BETTER
I0328 16:12:32.648014 2314252 finetune.py:45] layer 3_o initial loss 7.71720806369558e-07
I0328 16:12:45.898861 2314036 finetune.py:45] layer 0_up initial loss 2.061140946807427e-07
I0328 16:12:53.318031 2314108 finetune.py:68] layer 1_o @ epoch 4 new loss 2.7114901968161575e-07 old loss 2.7233079435973195e-07 BETTER
I0328 16:13:04.671866 2314252 finetune.py:68] layer 3_o @ epoch 0 new loss 7.624037152709207e-07 old loss 7.71720806369558e-07 BETTER
I0328 16:13:04.940072 2314180 finetune.py:68] layer 2_o @ epoch 2 new loss 4.584230737236794e-07 old loss 4.6058809743954043e-07 BETTER
I0328 16:13:17.675474 2314036 finetune.py:68] layer 0_up @ epoch 0 new loss 2.0584623428021587e-07 old loss 2.061140946807427e-07 BETTER
I0328 16:13:24.214949 2314108 finetune.py:45] layer 1_up initial loss 4.1466412881163706e-07
I0328 16:13:37.796818 2314252 finetune.py:68] layer 3_o @ epoch 1 new loss 7.58001647227502e-07 old loss 7.624037152709207e-07 BETTER
I0328 16:13:38.819590 2314180 finetune.py:68] layer 2_o @ epoch 3 new loss 4.567208691241831e-07 old loss 4.584230737236794e-07 BETTER
I0328 16:13:50.601646 2314036 finetune.py:68] layer 0_up @ epoch 1 new loss 2.0563963687436626e-07 old loss 2.0584623428021587e-07 BETTER
I0328 16:13:54.547955 2314108 finetune.py:68] layer 1_up @ epoch 0 new loss 3.9144896391007933e-07 old loss 4.1466412881163706e-07 BETTER
I0328 16:14:11.056441 2314252 finetune.py:68] layer 3_o @ epoch 2 new loss 7.545060611846566e-07 old loss 7.58001647227502e-07 BETTER
I0328 16:14:12.840310 2314180 finetune.py:68] layer 2_o @ epoch 4 new loss 4.5522494929173263e-07 old loss 4.567208691241831e-07 BETTER
I0328 16:14:23.822494 2314036 finetune.py:68] layer 0_up @ epoch 2 new loss 2.0544034384784027e-07 old loss 2.0563963687436626e-07 BETTER
I0328 16:14:25.839202 2314108 finetune.py:68] layer 1_up @ epoch 1 new loss 3.89777596865315e-07 old loss 3.9144896391007933e-07 BETTER
I0328 16:14:43.635479 2314180 finetune.py:45] layer 2_up initial loss 7.474959602404851e-07
I0328 16:14:44.305804 2314252 finetune.py:68] layer 3_o @ epoch 3 new loss 7.513871196351829e-07 old loss 7.545060611846566e-07 BETTER
I0328 16:14:57.159288 2314036 finetune.py:68] layer 0_up @ epoch 3 new loss 2.0524980470781884e-07 old loss 2.0544034384784027e-07 BETTER
I0328 16:14:57.554221 2314108 finetune.py:68] layer 1_up @ epoch 2 new loss 3.890934010541969e-07 old loss 3.89777596865315e-07 BETTER
I0328 16:15:14.235987 2314180 finetune.py:68] layer 2_up @ epoch 0 new loss 7.458214099642646e-07 old loss 7.474959602404851e-07 BETTER
I0328 16:15:17.350805 2314252 finetune.py:68] layer 3_o @ epoch 4 new loss 7.485342052859778e-07 old loss 7.513871196351829e-07 BETTER
I0328 16:15:29.377456 2314108 finetune.py:76] layer 1_up @ epoch 3 new loss 3.89248526744268e-07 old loss 3.890934010541969e-07 WORSE
I0328 16:15:30.510439 2314036 finetune.py:68] layer 0_up @ epoch 4 new loss 2.0506520570506837e-07 old loss 2.0524980470781884e-07 BETTER
I0328 16:15:45.992918 2314180 finetune.py:68] layer 2_up @ epoch 1 new loss 7.44400892926933e-07 old loss 7.458214099642646e-07 BETTER
I0328 16:15:48.423020 2314252 finetune.py:45] layer 3_up initial loss 1.4141628525976557e-06
I0328 16:16:00.447422 2314108 finetune.py:68] layer 1_up @ epoch 4 new loss 3.887630839471967e-07 old loss 3.890934010541969e-07 BETTER
I0328 16:16:02.160615 2314036 finetune.py:45] layer 0_gate initial loss 2.3721187858427584e-07
I0328 16:16:18.238399 2314180 finetune.py:68] layer 2_up @ epoch 2 new loss 7.430811024278228e-07 old loss 7.44400892926933e-07 BETTER
I0328 16:16:18.548878 2314252 finetune.py:68] layer 3_up @ epoch 0 new loss 1.4098337715040543e-06 old loss 1.4141628525976557e-06 BETTER
I0328 16:16:32.144919 2314036 finetune.py:68] layer 0_gate @ epoch 0 new loss 2.369902034615734e-07 old loss 2.3721187858427584e-07 BETTER
I0328 16:16:32.279344 2314108 finetune.py:45] layer 1_gate initial loss 4.749990409891325e-07
I0328 16:16:49.615935 2314252 finetune.py:68] layer 3_up @ epoch 1 new loss 1.4061871524972958e-06 old loss 1.4098337715040543e-06 BETTER
I0328 16:16:50.375599 2314180 finetune.py:68] layer 2_up @ epoch 3 new loss 7.418478276122187e-07 old loss 7.430811024278228e-07 BETTER
I0328 16:17:00.729228 2314108 finetune.py:68] layer 1_gate @ epoch 0 new loss 4.6866151137692214e-07 old loss 4.749990409891325e-07 BETTER
I0328 16:17:03.209397 2314036 finetune.py:68] layer 0_gate @ epoch 1 new loss 2.3681658944951778e-07 old loss 2.369902034615734e-07 BETTER
I0328 16:17:20.977886 2314252 finetune.py:68] layer 3_up @ epoch 2 new loss 1.402792577209766e-06 old loss 1.4061871524972958e-06 BETTER
I0328 16:17:22.569206 2314180 finetune.py:68] layer 2_up @ epoch 4 new loss 7.406696340694907e-07 old loss 7.418478276122187e-07 BETTER
I0328 16:17:30.120796 2314108 finetune.py:68] layer 1_gate @ epoch 1 new loss 4.6822086119391315e-07 old loss 4.6866151137692214e-07 BETTER
I0328 16:17:34.467054 2314036 finetune.py:68] layer 0_gate @ epoch 2 new loss 2.3665607784550957e-07 old loss 2.3681658944951778e-07 BETTER
I0328 16:17:52.350197 2314252 finetune.py:68] layer 3_up @ epoch 3 new loss 1.3995702374813845e-06 old loss 1.402792577209766e-06 BETTER
I0328 16:17:53.494335 2314180 finetune.py:45] layer 2_gate initial loss 9.229653414877248e-07
I0328 16:17:59.611636 2314108 finetune.py:68] layer 1_gate @ epoch 2 new loss 4.680150595959276e-07 old loss 4.6822086119391315e-07 BETTER
I0328 16:18:05.849138 2314036 finetune.py:68] layer 0_gate @ epoch 3 new loss 2.365156035466498e-07 old loss 2.3665607784550957e-07 BETTER
I0328 16:18:22.212339 2314180 finetune.py:68] layer 2_gate @ epoch 0 new loss 9.218699119628582e-07 old loss 9.229653414877248e-07 BETTER
I0328 16:18:23.719401 2314252 finetune.py:68] layer 3_up @ epoch 4 new loss 1.396541506437643e-06 old loss 1.3995702374813845e-06 BETTER
I0328 16:18:29.250165 2314108 finetune.py:68] layer 1_gate @ epoch 3 new loss 4.6721845592401223e-07 old loss 4.680150595959276e-07 BETTER
I0328 16:18:37.359479 2314036 finetune.py:68] layer 0_gate @ epoch 4 new loss 2.3637927881736687e-07 old loss 2.365156035466498e-07 BETTER
I0328 16:18:51.961977 2314180 finetune.py:68] layer 2_gate @ epoch 1 new loss 9.209006179844437e-07 old loss 9.218699119628582e-07 BETTER
I0328 16:18:54.513971 2314252 finetune.py:45] layer 3_gate initial loss 1.7082212480090675e-06
I0328 16:18:58.960286 2314108 finetune.py:68] layer 1_gate @ epoch 4 new loss 4.668720805511839e-07 old loss 4.6721845592401223e-07 BETTER
I0328 16:19:21.871436 2314180 finetune.py:68] layer 2_gate @ epoch 2 new loss 9.199954433825042e-07 old loss 9.209006179844437e-07 BETTER
I0328 16:19:22.911486 2314252 finetune.py:68] layer 3_gate @ epoch 0 new loss 1.7052450402843533e-06 old loss 1.7082212480090675e-06 BETTER
I0328 16:19:34.233566 2314036 finetune.py:45] layer 0_down initial loss 3.6246694889996434e-07
I0328 16:19:51.605799 2314180 finetune.py:68] layer 2_gate @ epoch 3 new loss 9.191223284688022e-07 old loss 9.199954433825042e-07 BETTER
I0328 16:19:52.040081 2314252 finetune.py:68] layer 3_gate @ epoch 1 new loss 1.7026887917381828e-06 old loss 1.7052450402843533e-06 BETTER
I0328 16:19:56.597079 2314108 finetune.py:45] layer 1_down initial loss 7.181218961704872e-07
I0328 16:20:01.546259 2314036 finetune.py:68] layer 0_down @ epoch 0 new loss 3.624451210271218e-07 old loss 3.6246694889996434e-07 BETTER
I0328 16:20:21.615645 2314252 finetune.py:68] layer 3_gate @ epoch 2 new loss 1.700210646049527e-06 old loss 1.7026887917381828e-06 BETTER
I0328 16:20:21.631680 2314180 finetune.py:68] layer 2_gate @ epoch 4 new loss 9.1827865844607e-07 old loss 9.191223284688022e-07 BETTER
I0328 16:20:22.880205 2314108 finetune.py:68] layer 1_down @ epoch 0 new loss 7.177911243161361e-07 old loss 7.181218961704872e-07 BETTER
I0328 16:20:30.100464 2314036 finetune.py:68] layer 0_down @ epoch 1 new loss 3.6242332157598867e-07 old loss 3.624451210271218e-07 BETTER
I0328 16:20:49.978713 2314108 finetune.py:68] layer 1_down @ epoch 1 new loss 7.173347853495216e-07 old loss 7.177911243161361e-07 BETTER
I0328 16:20:50.926557 2314252 finetune.py:68] layer 3_gate @ epoch 3 new loss 1.697865741334681e-06 old loss 1.700210646049527e-06 BETTER
I0328 16:20:58.788057 2314036 finetune.py:68] layer 0_down @ epoch 2 new loss 3.624028579451988e-07 old loss 3.6242332157598867e-07 BETTER
I0328 16:21:17.424931 2314108 finetune.py:76] layer 1_down @ epoch 2 new loss 7.17568184427364e-07 old loss 7.173347853495216e-07 WORSE
I0328 16:21:17.926818 2314180 finetune.py:45] layer 2_down initial loss 1.4094989637669642e-06
I0328 16:21:20.235931 2314252 finetune.py:68] layer 3_gate @ epoch 4 new loss 1.6955647197391954e-06 old loss 1.697865741334681e-06 BETTER
I0328 16:21:27.972084 2314036 finetune.py:68] layer 0_down @ epoch 3 new loss 3.623824227361183e-07 old loss 3.624028579451988e-07 BETTER
I0328 16:21:44.204237 2314180 finetune.py:68] layer 2_down @ epoch 0 new loss 1.4094749758442049e-06 old loss 1.4094989637669642e-06 BETTER
I0328 16:21:44.406125 2314108 finetune.py:76] layer 1_down @ epoch 3 new loss 7.174684242272633e-07 old loss 7.173347853495216e-07 WORSE
I0328 16:21:57.069547 2314036 finetune.py:68] layer 0_down @ epoch 4 new loss 3.6237031508790096e-07 old loss 3.623824227361183e-07 BETTER
0_v proxy err 0.0047753844410181046 tr(WHW.T) 60.88684844970703
bpp_loss 4.200907702150289
0_q proxy err 1.0169225788558833e-05 tr(WHW.T) 288090.46875
bpp_loss 5.103120757674333
0_k proxy err 1.148777300841175e-05 tr(WHW.T) 100178.234375
bpp_loss 5.780488599964883
0_o proxy err 0.0006874721730127931 tr(WHW.T) 3118.390625
bpp_loss 4.292888306546956
0_up proxy err 0.0013228686293587089 tr(WHW.T) 8924.583984375
bpp_loss 4.575050992891192
0_gate proxy err 0.0007532857125625014 tr(WHW.T) 15778.90625
bpp_loss 4.690323270790811
0_down proxy err 0.0010707515757530928 tr(WHW.T) 10821.7001953125
bpp_loss 4.5701110459465
I0328 16:22:11.542831 2314108 finetune.py:68] layer 1_down @ epoch 4 new loss 7.170903018050012e-07 old loss 7.173347853495216e-07 BETTER
I0328 16:22:11.832574 2314180 finetune.py:68] layer 2_down @ epoch 1 new loss 1.4094612197368406e-06 old loss 1.4094749758442049e-06 BETTER
1_v proxy err 0.002023800276219845 tr(WHW.T) 109.07096099853516
bpp_loss 4.3022453234298155
1_q proxy err 7.319170890696114e-06 tr(WHW.T) 144791.34375
bpp_loss 5.388421263487544
1_k proxy err 4.4132380025985185e-06 tr(WHW.T) 75499.34375
bpp_loss 6.274472615506966
1_o proxy err 0.0012747487053275108 tr(WHW.T) 1988.54638671875
bpp_loss 4.3755816196789965
1_up proxy err 0.001515716197900474 tr(WHW.T) 8230.537109375
bpp_loss 4.589076614206923
1_gate proxy err 0.0009001971920952201 tr(WHW.T) 13950.03515625
bpp_loss 4.700162766700877
1_down proxy err 3.125765942968428e-05 tr(WHW.T) 13986.8701171875
bpp_loss 4.58393131462591
I0328 16:22:17.196708 2314252 finetune.py:45] layer 3_down initial loss 2.6933328172162874e-06
I0328 16:22:39.615936 2314180 finetune.py:68] layer 2_down @ epoch 2 new loss 1.4094432572164806e-06 old loss 1.4094612197368406e-06 BETTER
I0328 16:22:43.082090 2314252 finetune.py:68] layer 3_down @ epoch 0 new loss 2.6932939363177866e-06 old loss 2.6933328172162874e-06 BETTER
I0328 16:23:07.432050 2314180 finetune.py:68] layer 2_down @ epoch 3 new loss 1.409431661159033e-06 old loss 1.4094432572164806e-06 BETTER
I0328 16:23:10.158746 2314252 finetune.py:68] layer 3_down @ epoch 1 new loss 2.693264377739979e-06 old loss 2.6932939363177866e-06 BETTER
I0328 16:23:25.425661 2313906 quantize_finetune_llama.py:240] computed original embedding for layer 4 in 67.47660708427429s
I0328 16:23:29.248440 2314322 utils.py:146] Note: detected 128 virtual cores but NumExpr set to maximum of 64, check "NUMEXPR_MAX_THREADS" environment variable.
I0328 16:23:29.248555 2314322 utils.py:149] Note: NumExpr detected 128 cores but "NUMEXPR_MAX_THREADS" not set, so enforcing safe limit of 16.
I0328 16:23:29.248599 2314322 utils.py:162] NumExpr defaulting to 16 threads.
I0328 16:23:29.617270 2314322 config.py:54] PyTorch version 2.6.0 available.
W0328 16:23:29.832767 2314322 warnings.py:109] /opt/conda/lib/python3.10/site-packages/torchvision/io/image.py:13: UserWarning: Failed to load image Python extension: '/opt/conda/lib/python3.10/site-packages/torchvision/image.so: undefined symbol: _ZN3c1017RegisterOperatorsD1Ev'If you don't plan on using image functionality from `torchvision.io`, you can ignore this warning. Otherwise, there might be something wrong with your environment. Did you have `libjpeg` or `libpng` installed before building `torchvision` from source?
  warn(

W0328 16:23:30.447994 2314322 warnings.py:109] /opt/conda/lib/python3.10/site-packages/compressai/models/video/google.py:353: FutureWarning: `torch.cuda.amp.autocast(args...)` is deprecated. Please use `torch.amp.autocast('cuda', args...)` instead.
  @amp.autocast(enabled=False)

I0328 16:23:30.451794 2313906 quantize_finetune_llama.py:209] layer 5 gpu 1
I0328 16:23:30.465687 2314322 data_utils.py:336] using 256 training seqs, 128 validation seqs
I0328 16:23:35.253268 2314180 finetune.py:68] layer 2_down @ epoch 4 new loss 1.409416540809616e-06 old loss 1.409431661159033e-06 BETTER
2_v proxy err 0.0031118036713451147 tr(WHW.T) 155.95950317382812
bpp_loss 4.21287785685854
2_q proxy err 5.2146486268611625e-05 tr(WHW.T) 41466.0234375
bpp_loss 5.283413515833672
2_k proxy err 2.810194382618647e-05 tr(WHW.T) 22607.220703125
bpp_loss 6.288102694321424
2_o proxy err 0.0012597888708114624 tr(WHW.T) 1965.6915283203125
bpp_loss 4.323888432001695
2_up proxy err 0.001788509194739163 tr(WHW.T) 7601.19384765625
bpp_loss 4.581228825529771
2_gate proxy err 0.0009076225105673075 tr(WHW.T) 15116.060546875
bpp_loss 4.7342784223811964
2_down proxy err 0.001693214988335967 tr(WHW.T) 7731.037109375
bpp_loss 4.585827216905143
I0328 16:23:37.493803 2314252 finetune.py:76] layer 3_down @ epoch 2 new loss 2.6932661967293825e-06 old loss 2.693264377739979e-06 WORSE
The attention layers in this model are transitioning from computing the RoPE embeddings internally through `position_ids` (2D tensor with the indexes of the tokens), to using externally computed `position_embeddings` (Tuple of tensors, containing cos and sin). In v4.46 `position_ids` will be removed and `position_embeddings` will be mandatory.
I0328 16:23:47.410637 2314322 finetune.py:45] layer 4_v initial loss 2.17702245208784e-06
W0328 16:23:47.410919 2314322 warnings.py:109] /workspace/Weight_compression/comp_lm_qtip/lib/algo/finetune.py:46: FutureWarning: `torch.cuda.amp.GradScaler(args...)` is deprecated. Please use `torch.amp.GradScaler('cuda', args...)` instead.
  scaler = torch.cuda.amp.GradScaler(enabled=(orig_dtype==torch.float16))

I0328 16:24:04.086199 2314252 finetune.py:68] layer 3_down @ epoch 3 new loss 2.693216629268136e-06 old loss 2.693264377739979e-06 BETTER
I0328 16:24:22.360604 2314322 finetune.py:68] layer 4_v @ epoch 0 new loss 7.103229222593654e-07 old loss 2.17702245208784e-06 BETTER
I0328 16:24:31.352724 2314252 finetune.py:68] layer 3_down @ epoch 4 new loss 2.6931934371532407e-06 old loss 2.693216629268136e-06 BETTER
3_v proxy err 0.002344361739233136 tr(WHW.T) 289.3331604003906
bpp_loss 4.30883882305352
3_q proxy err 6.105643842602149e-05 tr(WHW.T) 47572.25
bpp_loss 5.320776136824861
3_k proxy err 3.021849988726899e-05 tr(WHW.T) 26168.77734375
bpp_loss 6.367026045569219
3_o proxy err 0.0014729609247297049 tr(WHW.T) 1857.251708984375
bpp_loss 4.418760439381003
3_up proxy err 0.001778257661499083 tr(WHW.T) 7536.345703125
bpp_loss 4.563006124924868
3_gate proxy err 0.0006511692772619426 tr(WHW.T) 20886.501953125
bpp_loss 4.814516248647124
3_down proxy err 0.0019472538260743022 tr(WHW.T) 7003.7919921875
bpp_loss 4.5616166449617594
I0328 16:24:45.330589 2313906 quantize_finetune_llama.py:240] computed original embedding for layer 5 in 64.38206505775452s
I0328 16:24:48.982418 2314392 utils.py:146] Note: detected 128 virtual cores but NumExpr set to maximum of 64, check "NUMEXPR_MAX_THREADS" environment variable.
I0328 16:24:48.982507 2314392 utils.py:149] Note: NumExpr detected 128 cores but "NUMEXPR_MAX_THREADS" not set, so enforcing safe limit of 16.
I0328 16:24:48.982545 2314392 utils.py:162] NumExpr defaulting to 16 threads.
I0328 16:24:49.312037 2314392 config.py:54] PyTorch version 2.6.0 available.
W0328 16:24:49.509452 2314392 warnings.py:109] /opt/conda/lib/python3.10/site-packages/torchvision/io/image.py:13: UserWarning: Failed to load image Python extension: '/opt/conda/lib/python3.10/site-packages/torchvision/image.so: undefined symbol: _ZN3c1017RegisterOperatorsD1Ev'If you don't plan on using image functionality from `torchvision.io`, you can ignore this warning. Otherwise, there might be something wrong with your environment. Did you have `libjpeg` or `libpng` installed before building `torchvision` from source?
  warn(

W0328 16:24:50.066930 2314392 warnings.py:109] /opt/conda/lib/python3.10/site-packages/compressai/models/video/google.py:353: FutureWarning: `torch.cuda.amp.autocast(args...)` is deprecated. Please use `torch.amp.autocast('cuda', args...)` instead.
  @amp.autocast(enabled=False)

I0328 16:24:50.070430 2313906 quantize_finetune_llama.py:209] layer 6 gpu 2
I0328 16:24:50.083286 2314392 data_utils.py:336] using 256 training seqs, 128 validation seqs
I0328 16:24:58.865564 2314322 finetune.py:68] layer 4_v @ epoch 1 new loss 5.54697919596947e-07 old loss 7.103229222593654e-07 BETTER
The attention layers in this model are transitioning from computing the RoPE embeddings internally through `position_ids` (2D tensor with the indexes of the tokens), to using externally computed `position_embeddings` (Tuple of tensors, containing cos and sin). In v4.46 `position_ids` will be removed and `position_embeddings` will be mandatory.
I0328 16:25:06.835155 2314392 finetune.py:45] layer 5_v initial loss 2.3829195470170816e-06
W0328 16:25:06.835569 2314392 warnings.py:109] /workspace/Weight_compression/comp_lm_qtip/lib/algo/finetune.py:46: FutureWarning: `torch.cuda.amp.GradScaler(args...)` is deprecated. Please use `torch.amp.GradScaler('cuda', args...)` instead.
  scaler = torch.cuda.amp.GradScaler(enabled=(orig_dtype==torch.float16))

I0328 16:25:35.909688 2314322 finetune.py:68] layer 4_v @ epoch 2 new loss 4.959287593919726e-07 old loss 5.54697919596947e-07 BETTER
I0328 16:25:40.098305 2314392 finetune.py:68] layer 5_v @ epoch 0 new loss 9.014893294079229e-07 old loss 2.3829195470170816e-06 BETTER
I0328 16:25:53.962839 2313906 quantize_finetune_llama.py:240] computed original embedding for layer 6 in 63.42204761505127s
I0328 16:25:57.726106 2314462 utils.py:146] Note: detected 128 virtual cores but NumExpr set to maximum of 64, check "NUMEXPR_MAX_THREADS" environment variable.
I0328 16:25:57.726201 2314462 utils.py:149] Note: NumExpr detected 128 cores but "NUMEXPR_MAX_THREADS" not set, so enforcing safe limit of 16.
I0328 16:25:57.726243 2314462 utils.py:162] NumExpr defaulting to 16 threads.
I0328 16:25:58.068226 2314462 config.py:54] PyTorch version 2.6.0 available.
W0328 16:25:58.275515 2314462 warnings.py:109] /opt/conda/lib/python3.10/site-packages/torchvision/io/image.py:13: UserWarning: Failed to load image Python extension: '/opt/conda/lib/python3.10/site-packages/torchvision/image.so: undefined symbol: _ZN3c1017RegisterOperatorsD1Ev'If you don't plan on using image functionality from `torchvision.io`, you can ignore this warning. Otherwise, there might be something wrong with your environment. Did you have `libjpeg` or `libpng` installed before building `torchvision` from source?
  warn(

W0328 16:25:59.002807 2314462 warnings.py:109] /opt/conda/lib/python3.10/site-packages/compressai/models/video/google.py:353: FutureWarning: `torch.cuda.amp.autocast(args...)` is deprecated. Please use `torch.amp.autocast('cuda', args...)` instead.
  @amp.autocast(enabled=False)

I0328 16:25:59.006774 2313906 quantize_finetune_llama.py:209] layer 7 gpu 3
I0328 16:25:59.021188 2314462 data_utils.py:336] using 256 training seqs, 128 validation seqs
The attention layers in this model are transitioning from computing the RoPE embeddings internally through `position_ids` (2D tensor with the indexes of the tokens), to using externally computed `position_embeddings` (Tuple of tensors, containing cos and sin). In v4.46 `position_ids` will be removed and `position_embeddings` will be mandatory.
I0328 16:26:13.109552 2314322 finetune.py:68] layer 4_v @ epoch 3 new loss 4.6590611191277276e-07 old loss 4.959287593919726e-07 BETTER
I0328 16:26:14.350112 2314392 finetune.py:68] layer 5_v @ epoch 1 new loss 7.589868005197786e-07 old loss 9.014893294079229e-07 BETTER
I0328 16:26:16.594391 2314462 finetune.py:45] layer 6_v initial loss 1.890902694867691e-06
W0328 16:26:16.594658 2314462 warnings.py:109] /workspace/Weight_compression/comp_lm_qtip/lib/algo/finetune.py:46: FutureWarning: `torch.cuda.amp.GradScaler(args...)` is deprecated. Please use `torch.amp.GradScaler('cuda', args...)` instead.
  scaler = torch.cuda.amp.GradScaler(enabled=(orig_dtype==torch.float16))

I0328 16:26:49.161981 2314392 finetune.py:68] layer 5_v @ epoch 2 new loss 7.036042006802745e-07 old loss 7.589868005197786e-07 BETTER
I0328 16:26:50.286484 2314462 finetune.py:68] layer 6_v @ epoch 0 new loss 9.487321790402348e-07 old loss 1.890902694867691e-06 BETTER
I0328 16:26:50.464825 2314322 finetune.py:68] layer 4_v @ epoch 4 new loss 4.4765243956135237e-07 old loss 4.6590611191277276e-07 BETTER
I0328 16:27:02.668907 2313906 quantize_finetune_llama.py:240] computed original embedding for layer 7 in 63.13290357589722s
I0328 16:27:06.569814 2314532 utils.py:146] Note: detected 128 virtual cores but NumExpr set to maximum of 64, check "NUMEXPR_MAX_THREADS" environment variable.
I0328 16:27:06.569947 2314532 utils.py:149] Note: NumExpr detected 128 cores but "NUMEXPR_MAX_THREADS" not set, so enforcing safe limit of 16.
I0328 16:27:06.570007 2314532 utils.py:162] NumExpr defaulting to 16 threads.
I0328 16:27:06.972168 2314532 config.py:54] PyTorch version 2.6.0 available.
W0328 16:27:07.208486 2314532 warnings.py:109] /opt/conda/lib/python3.10/site-packages/torchvision/io/image.py:13: UserWarning: Failed to load image Python extension: '/opt/conda/lib/python3.10/site-packages/torchvision/image.so: undefined symbol: _ZN3c1017RegisterOperatorsD1Ev'If you don't plan on using image functionality from `torchvision.io`, you can ignore this warning. Otherwise, there might be something wrong with your environment. Did you have `libjpeg` or `libpng` installed before building `torchvision` from source?
  warn(

W0328 16:27:07.980261 2314532 warnings.py:109] /opt/conda/lib/python3.10/site-packages/compressai/models/video/google.py:353: FutureWarning: `torch.cuda.amp.autocast(args...)` is deprecated. Please use `torch.amp.autocast('cuda', args...)` instead.
  @amp.autocast(enabled=False)

I0328 16:27:07.984183 2313906 quantize_finetune_llama.py:209] layer 8 gpu 0
I0328 16:27:07.997940 2314532 data_utils.py:336] using 256 training seqs, 128 validation seqs
I0328 16:27:09.768284 2314322 finetune.py:45] layer 4_q initial loss 5.285730821924517e-07
The attention layers in this model are transitioning from computing the RoPE embeddings internally through `position_ids` (2D tensor with the indexes of the tokens), to using externally computed `position_embeddings` (Tuple of tensors, containing cos and sin). In v4.46 `position_ids` will be removed and `position_embeddings` will be mandatory.
I0328 16:27:23.951175 2314392 finetune.py:68] layer 5_v @ epoch 3 new loss 6.745108294126112e-07 old loss 7.036042006802745e-07 BETTER
I0328 16:27:24.782141 2314462 finetune.py:68] layer 6_v @ epoch 1 new loss 8.632495109850424e-07 old loss 9.487321790402348e-07 BETTER
I0328 16:27:25.436141 2314532 finetune.py:45] layer 7_v initial loss 1.8988667989106034e-06
W0328 16:27:25.436365 2314532 warnings.py:109] /workspace/Weight_compression/comp_lm_qtip/lib/algo/finetune.py:46: FutureWarning: `torch.cuda.amp.GradScaler(args...)` is deprecated. Please use `torch.amp.GradScaler('cuda', args...)` instead.
  scaler = torch.cuda.amp.GradScaler(enabled=(orig_dtype==torch.float16))

