I0328 02:14:41.519582 2083830 utils.py:146] Note: detected 128 virtual cores but NumExpr set to maximum of 64, check "NUMEXPR_MAX_THREADS" environment variable.
I0328 02:14:41.519679 2083830 utils.py:149] Note: NumExpr detected 128 cores but "NUMEXPR_MAX_THREADS" not set, so enforcing safe limit of 16.
I0328 02:14:41.519719 2083830 utils.py:162] NumExpr defaulting to 16 threads.
I0328 02:14:41.841167 2083830 config.py:54] PyTorch version 2.6.0 available.
W0328 02:14:42.029483 2083830 warnings.py:109] /opt/conda/lib/python3.10/site-packages/torchvision/io/image.py:13: UserWarning: Failed to load image Python extension: '/opt/conda/lib/python3.10/site-packages/torchvision/image.so: undefined symbol: _ZN3c1017RegisterOperatorsD1Ev'If you don't plan on using image functionality from `torchvision.io`, you can ignore this warning. Otherwise, there might be something wrong with your environment. Did you have `libjpeg` or `libpng` installed before building `torchvision` from source?
  warn(

W0328 02:14:42.584344 2083830 warnings.py:109] /opt/conda/lib/python3.10/site-packages/compressai/models/video/google.py:353: FutureWarning: `torch.cuda.amp.autocast(args...)` is deprecated. Please use `torch.amp.autocast('cuda', args...)` instead.
  @amp.autocast(enabled=False)

Loading checkpoint shards:   0%|          | 0/7 [00:00<?, ?it/s]Loading checkpoint shards:  14%|█▍        | 1/7 [00:00<00:00,  7.29it/s]Loading checkpoint shards:  29%|██▊       | 2/7 [00:00<00:00,  7.67it/s]Loading checkpoint shards:  43%|████▎     | 3/7 [00:00<00:00,  7.83it/s]Loading checkpoint shards:  57%|█████▋    | 4/7 [00:00<00:00,  7.93it/s]Loading checkpoint shards:  71%|███████▏  | 5/7 [00:00<00:00,  7.61it/s]Loading checkpoint shards:  86%|████████▌ | 6/7 [00:00<00:00,  7.77it/s]Loading checkpoint shards: 100%|██████████| 7/7 [00:00<00:00,  7.96it/s]Loading checkpoint shards: 100%|██████████| 7/7 [00:00<00:00,  7.82it/s]
I0328 02:14:44.051388 2083830 quantize_finetune_llama.py:150] loaded model
calculating model weight mean & std:   0%|          | 0/32 [00:00<?, ?it/s]calculating model weight mean & std:   3%|▎         | 1/32 [00:00<00:21,  1.41it/s]calculating model weight mean & std:   6%|▋         | 2/32 [00:01<00:17,  1.69it/s]calculating model weight mean & std:   9%|▉         | 3/32 [00:01<00:16,  1.79it/s]calculating model weight mean & std:  12%|█▎        | 4/32 [00:02<00:15,  1.85it/s]calculating model weight mean & std:  16%|█▌        | 5/32 [00:02<00:14,  1.88it/s]calculating model weight mean & std:  19%|█▉        | 6/32 [00:03<00:13,  1.90it/s]calculating model weight mean & std:  22%|██▏       | 7/32 [00:03<00:13,  1.92it/s]calculating model weight mean & std:  25%|██▌       | 8/32 [00:04<00:12,  1.92it/s]calculating model weight mean & std:  28%|██▊       | 9/32 [00:04<00:11,  1.92it/s]calculating model weight mean & std:  31%|███▏      | 10/32 [00:05<00:11,  1.93it/s]calculating model weight mean & std:  34%|███▍      | 11/32 [00:05<00:10,  1.93it/s]calculating model weight mean & std:  38%|███▊      | 12/32 [00:06<00:10,  1.93it/s]calculating model weight mean & std:  41%|████      | 13/32 [00:06<00:09,  1.92it/s]calculating model weight mean & std:  44%|████▍     | 14/32 [00:07<00:09,  1.92it/s]calculating model weight mean & std:  47%|████▋     | 15/32 [00:07<00:08,  1.93it/s]calculating model weight mean & std:  50%|█████     | 16/32 [00:08<00:08,  1.94it/s]calculating model weight mean & std:  53%|█████▎    | 17/32 [00:08<00:07,  1.95it/s]calculating model weight mean & std:  56%|█████▋    | 18/32 [00:09<00:07,  1.97it/s]calculating model weight mean & std:  59%|█████▉    | 19/32 [00:09<00:06,  1.96it/s]calculating model weight mean & std:  62%|██████▎   | 20/32 [00:10<00:06,  1.96it/s]calculating model weight mean & std:  66%|██████▌   | 21/32 [00:10<00:05,  1.96it/s]calculating model weight mean & std:  69%|██████▉   | 22/32 [00:11<00:05,  1.96it/s]calculating model weight mean & std:  72%|███████▏  | 23/32 [00:12<00:04,  1.96it/s]calculating model weight mean & std:  75%|███████▌  | 24/32 [00:12<00:04,  1.99it/s]calculating model weight mean & std:  78%|███████▊  | 25/32 [00:12<00:03,  2.05it/s]calculating model weight mean & std:  81%|████████▏ | 26/32 [00:13<00:02,  2.10it/s]calculating model weight mean & std:  84%|████████▍ | 27/32 [00:13<00:02,  2.14it/s]calculating model weight mean & std:  88%|████████▊ | 28/32 [00:14<00:01,  2.18it/s]calculating model weight mean & std:  91%|█████████ | 29/32 [00:14<00:01,  2.18it/s]calculating model weight mean & std:  94%|█████████▍| 30/32 [00:15<00:00,  2.19it/s]calculating model weight mean & std:  97%|█████████▋| 31/32 [00:15<00:00,  2.20it/s]calculating model weight mean & std: 100%|██████████| 32/32 [00:16<00:00,  2.21it/s]calculating model weight mean & std: 100%|██████████| 32/32 [00:16<00:00,  1.99it/s]
I0328 02:15:05.657418 2083830 quantize_finetune_llama.py:185] loaded compression model
I0328 02:15:23.679254 2083830 quantize_finetune_llama.py:189] loaded dataset and devset
I0328 02:15:29.085625 2083830 quantize_finetune_llama.py:209] layer 0 gpu 0
The attention layers in this model are transitioning from computing the RoPE embeddings internally through `position_ids` (2D tensor with the indexes of the tokens), to using externally computed `position_embeddings` (Tuple of tensors, containing cos and sin). In v4.46 `position_ids` will be removed and `position_embeddings` will be mandatory.
I0328 02:16:28.669685 2083830 quantize_finetune_llama.py:240] computed original embedding for layer 0 in 59.43602800369263s
tensor(-4.7143e-06) tensor(0.0125)
tensor(0.0125) tensor(-4.7143e-06)
huggingface/tokenizers: The current process just got forked, after parallelism has already been used. Disabling parallelism to avoid deadlocks...
To disable this warning, you can either:
	- Avoid using `tokenizers` before the fork if possible
	- Explicitly set the environment variable TOKENIZERS_PARALLELISM=(true | false)
I0328 02:16:50.293050 2085215 utils.py:146] Note: detected 128 virtual cores but NumExpr set to maximum of 64, check "NUMEXPR_MAX_THREADS" environment variable.
I0328 02:16:50.293150 2085215 utils.py:149] Note: NumExpr detected 128 cores but "NUMEXPR_MAX_THREADS" not set, so enforcing safe limit of 16.
I0328 02:16:50.293188 2085215 utils.py:162] NumExpr defaulting to 16 threads.
I0328 02:16:50.612344 2085215 config.py:54] PyTorch version 2.6.0 available.
W0328 02:16:50.798907 2085215 warnings.py:109] /opt/conda/lib/python3.10/site-packages/torchvision/io/image.py:13: UserWarning: Failed to load image Python extension: '/opt/conda/lib/python3.10/site-packages/torchvision/image.so: undefined symbol: _ZN3c1017RegisterOperatorsD1Ev'If you don't plan on using image functionality from `torchvision.io`, you can ignore this warning. Otherwise, there might be something wrong with your environment. Did you have `libjpeg` or `libpng` installed before building `torchvision` from source?
  warn(

W0328 02:16:51.339990 2085215 warnings.py:109] /opt/conda/lib/python3.10/site-packages/compressai/models/video/google.py:353: FutureWarning: `torch.cuda.amp.autocast(args...)` is deprecated. Please use `torch.amp.autocast('cuda', args...)` instead.
  @amp.autocast(enabled=False)

I0328 02:16:51.346401 2083830 quantize_finetune_llama.py:209] layer 1 gpu 1
I0328 02:16:51.357737 2085215 data_utils.py:336] using 256 training seqs, 128 validation seqs
The attention layers in this model are transitioning from computing the RoPE embeddings internally through `position_ids` (2D tensor with the indexes of the tokens), to using externally computed `position_embeddings` (Tuple of tensors, containing cos and sin). In v4.46 `position_ids` will be removed and `position_embeddings` will be mandatory.
I0328 02:17:07.579493 2085215 finetune.py:45] layer 0_v initial loss 2.059545522570261e-06
W0328 02:17:07.579677 2085215 warnings.py:109] /workspace/Weight_compression/comp_lm_qtip/lib/algo/finetune.py:46: FutureWarning: `torch.cuda.amp.GradScaler(args...)` is deprecated. Please use `torch.amp.GradScaler('cuda', args...)` instead.
  scaler = torch.cuda.amp.GradScaler(enabled=(orig_dtype==torch.float16))

I0328 02:17:42.064114 2085215 finetune.py:68] layer 0_v @ epoch 0 new loss 1.8523826383898268e-06 old loss 2.059545522570261e-06 BETTER
I0328 02:17:45.895402 2083830 quantize_finetune_llama.py:240] computed original embedding for layer 1 in 54.37494111061096s
I0328 02:17:55.066592 2085924 utils.py:146] Note: detected 128 virtual cores but NumExpr set to maximum of 64, check "NUMEXPR_MAX_THREADS" environment variable.
I0328 02:17:55.066691 2085924 utils.py:149] Note: NumExpr detected 128 cores but "NUMEXPR_MAX_THREADS" not set, so enforcing safe limit of 16.
I0328 02:17:55.066727 2085924 utils.py:162] NumExpr defaulting to 16 threads.
I0328 02:17:55.413821 2085924 config.py:54] PyTorch version 2.6.0 available.
W0328 02:17:55.603764 2085924 warnings.py:109] /opt/conda/lib/python3.10/site-packages/torchvision/io/image.py:13: UserWarning: Failed to load image Python extension: '/opt/conda/lib/python3.10/site-packages/torchvision/image.so: undefined symbol: _ZN3c1017RegisterOperatorsD1Ev'If you don't plan on using image functionality from `torchvision.io`, you can ignore this warning. Otherwise, there might be something wrong with your environment. Did you have `libjpeg` or `libpng` installed before building `torchvision` from source?
  warn(

W0328 02:17:56.184103 2085924 warnings.py:109] /opt/conda/lib/python3.10/site-packages/compressai/models/video/google.py:353: FutureWarning: `torch.cuda.amp.autocast(args...)` is deprecated. Please use `torch.amp.autocast('cuda', args...)` instead.
  @amp.autocast(enabled=False)

I0328 02:17:56.188518 2083830 quantize_finetune_llama.py:209] layer 2 gpu 2
I0328 02:17:56.202008 2085924 data_utils.py:336] using 256 training seqs, 128 validation seqs
The attention layers in this model are transitioning from computing the RoPE embeddings internally through `position_ids` (2D tensor with the indexes of the tokens), to using externally computed `position_embeddings` (Tuple of tensors, containing cos and sin). In v4.46 `position_ids` will be removed and `position_embeddings` will be mandatory.
I0328 02:18:12.744286 2085924 finetune.py:45] layer 1_v initial loss 1.789438283594791e-05
W0328 02:18:12.744709 2085924 warnings.py:109] /workspace/Weight_compression/comp_lm_qtip/lib/algo/finetune.py:46: FutureWarning: `torch.cuda.amp.GradScaler(args...)` is deprecated. Please use `torch.amp.GradScaler('cuda', args...)` instead.
  scaler = torch.cuda.amp.GradScaler(enabled=(orig_dtype==torch.float16))

I0328 02:18:18.009582 2085215 finetune.py:68] layer 0_v @ epoch 1 new loss 1.7765756865628646e-06 old loss 1.8523826383898268e-06 BETTER
I0328 02:18:45.833836 2085924 finetune.py:68] layer 1_v @ epoch 0 new loss 4.084497959411237e-06 old loss 1.789438283594791e-05 BETTER
I0328 02:18:54.427639 2085215 finetune.py:68] layer 0_v @ epoch 2 new loss 1.7355207546643214e-06 old loss 1.7765756865628646e-06 BETTER
I0328 02:19:02.842245 2083830 quantize_finetune_llama.py:240] computed original embedding for layer 2 in 66.46329617500305s
I0328 02:19:11.408163 2086757 utils.py:146] Note: detected 128 virtual cores but NumExpr set to maximum of 64, check "NUMEXPR_MAX_THREADS" environment variable.
I0328 02:19:11.408303 2086757 utils.py:149] Note: NumExpr detected 128 cores but "NUMEXPR_MAX_THREADS" not set, so enforcing safe limit of 16.
I0328 02:19:11.408351 2086757 utils.py:162] NumExpr defaulting to 16 threads.
I0328 02:19:11.757553 2086757 config.py:54] PyTorch version 2.6.0 available.
W0328 02:19:11.959580 2086757 warnings.py:109] /opt/conda/lib/python3.10/site-packages/torchvision/io/image.py:13: UserWarning: Failed to load image Python extension: '/opt/conda/lib/python3.10/site-packages/torchvision/image.so: undefined symbol: _ZN3c1017RegisterOperatorsD1Ev'If you don't plan on using image functionality from `torchvision.io`, you can ignore this warning. Otherwise, there might be something wrong with your environment. Did you have `libjpeg` or `libpng` installed before building `torchvision` from source?
  warn(

W0328 02:19:12.557176 2086757 warnings.py:109] /opt/conda/lib/python3.10/site-packages/compressai/models/video/google.py:353: FutureWarning: `torch.cuda.amp.autocast(args...)` is deprecated. Please use `torch.amp.autocast('cuda', args...)` instead.
  @amp.autocast(enabled=False)

I0328 02:19:12.561165 2083830 quantize_finetune_llama.py:209] layer 3 gpu 3
I0328 02:19:12.575766 2086757 data_utils.py:336] using 256 training seqs, 128 validation seqs
I0328 02:19:20.310765 2085924 finetune.py:68] layer 1_v @ epoch 1 new loss 2.819241899487679e-06 old loss 4.084497959411237e-06 BETTER
The attention layers in this model are transitioning from computing the RoPE embeddings internally through `position_ids` (2D tensor with the indexes of the tokens), to using externally computed `position_embeddings` (Tuple of tensors, containing cos and sin). In v4.46 `position_ids` will be removed and `position_embeddings` will be mandatory.
I0328 02:19:30.075119 2086757 finetune.py:45] layer 2_v initial loss 3.777799065574072e-05
W0328 02:19:30.075536 2086757 warnings.py:109] /workspace/Weight_compression/comp_lm_qtip/lib/algo/finetune.py:46: FutureWarning: `torch.cuda.amp.GradScaler(args...)` is deprecated. Please use `torch.amp.GradScaler('cuda', args...)` instead.
  scaler = torch.cuda.amp.GradScaler(enabled=(orig_dtype==torch.float16))

I0328 02:19:31.418104 2085215 finetune.py:68] layer 0_v @ epoch 3 new loss 1.7089962511818158e-06 old loss 1.7355207546643214e-06 BETTER
I0328 02:19:54.992801 2085924 finetune.py:68] layer 1_v @ epoch 2 new loss 2.5533572625136003e-06 old loss 2.819241899487679e-06 BETTER
I0328 02:20:03.758168 2086757 finetune.py:68] layer 2_v @ epoch 0 new loss 6.604177542612888e-06 old loss 3.777799065574072e-05 BETTER
I0328 02:20:08.415697 2085215 finetune.py:68] layer 0_v @ epoch 4 new loss 1.688905399532814e-06 old loss 1.7089962511818158e-06 BETTER
I0328 02:20:25.025048 2083830 quantize_finetune_llama.py:240] computed original embedding for layer 3 in 72.28132891654968s
I0328 02:20:32.268688 2085215 finetune.py:45] layer 0_q initial loss 1.6913705849219696e-06
I0328 02:20:33.696829 2085924 finetune.py:68] layer 1_v @ epoch 3 new loss 2.426938408461865e-06 old loss 2.5533572625136003e-06 BETTER
I0328 02:20:36.756937 2087681 utils.py:146] Note: detected 128 virtual cores but NumExpr set to maximum of 64, check "NUMEXPR_MAX_THREADS" environment variable.
I0328 02:20:36.757050 2087681 utils.py:149] Note: NumExpr detected 128 cores but "NUMEXPR_MAX_THREADS" not set, so enforcing safe limit of 16.
I0328 02:20:36.757093 2087681 utils.py:162] NumExpr defaulting to 16 threads.
I0328 02:20:37.133540 2087681 config.py:54] PyTorch version 2.6.0 available.
W0328 02:20:37.338660 2087681 warnings.py:109] /opt/conda/lib/python3.10/site-packages/torchvision/io/image.py:13: UserWarning: Failed to load image Python extension: '/opt/conda/lib/python3.10/site-packages/torchvision/image.so: undefined symbol: _ZN3c1017RegisterOperatorsD1Ev'If you don't plan on using image functionality from `torchvision.io`, you can ignore this warning. Otherwise, there might be something wrong with your environment. Did you have `libjpeg` or `libpng` installed before building `torchvision` from source?
  warn(

W0328 02:20:37.942315 2087681 warnings.py:109] /opt/conda/lib/python3.10/site-packages/compressai/models/video/google.py:353: FutureWarning: `torch.cuda.amp.autocast(args...)` is deprecated. Please use `torch.amp.autocast('cuda', args...)` instead.
  @amp.autocast(enabled=False)

I0328 02:20:37.946300 2083830 quantize_finetune_llama.py:209] layer 4 gpu 0
I0328 02:20:37.959830 2087681 data_utils.py:336] using 256 training seqs, 128 validation seqs
I0328 02:20:39.316112 2086757 finetune.py:68] layer 2_v @ epoch 1 new loss 4.0697782424103934e-06 old loss 6.604177542612888e-06 BETTER
The attention layers in this model are transitioning from computing the RoPE embeddings internally through `position_ids` (2D tensor with the indexes of the tokens), to using externally computed `position_embeddings` (Tuple of tensors, containing cos and sin). In v4.46 `position_ids` will be removed and `position_embeddings` will be mandatory.
I0328 02:20:54.763144 2087681 finetune.py:45] layer 3_v initial loss 3.9855109207564965e-05
W0328 02:20:54.763456 2087681 warnings.py:109] /workspace/Weight_compression/comp_lm_qtip/lib/algo/finetune.py:46: FutureWarning: `torch.cuda.amp.GradScaler(args...)` is deprecated. Please use `torch.amp.GradScaler('cuda', args...)` instead.
  scaler = torch.cuda.amp.GradScaler(enabled=(orig_dtype==torch.float16))

I0328 02:21:07.318597 2085215 finetune.py:68] layer 0_q @ epoch 0 new loss 1.6746421351854224e-06 old loss 1.6913705849219696e-06 BETTER
I0328 02:21:08.577054 2085924 finetune.py:68] layer 1_v @ epoch 4 new loss 2.3392285584122874e-06 old loss 2.426938408461865e-06 BETTER
I0328 02:21:14.143007 2086757 finetune.py:68] layer 2_v @ epoch 2 new loss 3.6946373711543856e-06 old loss 4.0697782424103934e-06 BETTER
I0328 02:21:27.829492 2085924 finetune.py:45] layer 1_q initial loss 2.378167437200318e-06
I0328 02:21:27.880810 2087681 finetune.py:68] layer 3_v @ epoch 0 new loss 9.349571882921737e-06 old loss 3.9855109207564965e-05 BETTER
I0328 02:21:43.690421 2085215 finetune.py:68] layer 0_q @ epoch 1 new loss 1.6606460349066765e-06 old loss 1.6746421351854224e-06 BETTER
I0328 02:21:49.336895 2086757 finetune.py:68] layer 2_v @ epoch 3 new loss 3.567350859157159e-06 old loss 3.6946373711543856e-06 BETTER
I0328 02:22:01.352996 2085924 finetune.py:68] layer 1_q @ epoch 0 new loss 2.293123316121637e-06 old loss 2.378167437200318e-06 BETTER
I0328 02:22:02.234503 2087681 finetune.py:68] layer 3_v @ epoch 1 new loss 6.544863936142065e-06 old loss 9.349571882921737e-06 BETTER
I0328 02:22:20.262155 2085215 finetune.py:68] layer 0_q @ epoch 2 new loss 1.6484708567077178e-06 old loss 1.6606460349066765e-06 BETTER
I0328 02:22:24.579925 2086757 finetune.py:68] layer 2_v @ epoch 4 new loss 3.4862880511354888e-06 old loss 3.567350859157159e-06 BETTER
I0328 02:22:35.832809 2085924 finetune.py:68] layer 1_q @ epoch 1 new loss 2.2290162178251194e-06 old loss 2.293123316121637e-06 BETTER
I0328 02:22:36.766169 2087681 finetune.py:68] layer 3_v @ epoch 2 new loss 5.932859494350851e-06 old loss 6.544863936142065e-06 BETTER
I0328 02:22:43.872524 2086757 finetune.py:45] layer 2_q initial loss 3.9789611037122086e-06
I0328 02:22:57.157451 2085215 finetune.py:68] layer 0_q @ epoch 3 new loss 1.6375828408854431e-06 old loss 1.6484708567077178e-06 BETTER
I0328 02:23:10.580975 2085924 finetune.py:68] layer 1_q @ epoch 2 new loss 2.1764783468825044e-06 old loss 2.2290162178251194e-06 BETTER
I0328 02:23:11.476096 2087681 finetune.py:68] layer 3_v @ epoch 3 new loss 5.669523034157464e-06 old loss 5.932859494350851e-06 BETTER
I0328 02:23:17.724808 2086757 finetune.py:68] layer 2_q @ epoch 0 new loss 3.8744105950172525e-06 old loss 3.9789611037122086e-06 BETTER
I0328 02:23:34.106760 2085215 finetune.py:68] layer 0_q @ epoch 4 new loss 1.6274451581921312e-06 old loss 1.6375828408854431e-06 BETTER
I0328 02:23:45.156719 2085924 finetune.py:68] layer 1_q @ epoch 3 new loss 2.1349333110265434e-06 old loss 2.1764783468825044e-06 BETTER
I0328 02:23:46.295986 2087681 finetune.py:68] layer 3_v @ epoch 4 new loss 5.509403308678884e-06 old loss 5.669523034157464e-06 BETTER
I0328 02:23:52.128457 2085215 finetune.py:45] layer 0_k initial loss 1.6313160813297145e-06
I0328 02:23:52.712044 2086757 finetune.py:68] layer 2_q @ epoch 1 new loss 3.8066968954808544e-06 old loss 3.8744105950172525e-06 BETTER
I0328 02:24:05.973167 2087681 finetune.py:45] layer 3_q initial loss 6.490174655482406e-06
I0328 02:24:20.099776 2085924 finetune.py:68] layer 1_q @ epoch 4 new loss 2.0955048967152834e-06 old loss 2.1349333110265434e-06 BETTER
I0328 02:24:27.391128 2086757 finetune.py:68] layer 2_q @ epoch 2 new loss 3.7543104554060847e-06 old loss 3.8066968954808544e-06 BETTER
I0328 02:24:27.409998 2085215 finetune.py:68] layer 0_k @ epoch 0 new loss 1.6223618786170846e-06 old loss 1.6313160813297145e-06 BETTER
I0328 02:24:37.672996 2085924 finetune.py:45] layer 1_k initial loss 2.144353175026481e-06
I0328 02:24:39.409144 2087681 finetune.py:68] layer 3_q @ epoch 0 new loss 6.3155162024486344e-06 old loss 6.490174655482406e-06 BETTER
I0328 02:25:02.372585 2086757 finetune.py:68] layer 2_q @ epoch 3 new loss 3.71099122276064e-06 old loss 3.7543104554060847e-06 BETTER
I0328 02:25:03.951669 2085215 finetune.py:68] layer 0_k @ epoch 1 new loss 1.6141535752467462e-06 old loss 1.6223618786170846e-06 BETTER
I0328 02:25:11.650056 2085924 finetune.py:68] layer 1_k @ epoch 0 new loss 2.1049779661552748e-06 old loss 2.144353175026481e-06 BETTER
I0328 02:25:13.729924 2087681 finetune.py:68] layer 3_q @ epoch 1 new loss 6.200421466928674e-06 old loss 6.3155162024486344e-06 BETTER
I0328 02:25:37.403298 2086757 finetune.py:68] layer 2_q @ epoch 4 new loss 3.674515028251335e-06 old loss 3.71099122276064e-06 BETTER
I0328 02:25:40.529112 2085215 finetune.py:68] layer 0_k @ epoch 2 new loss 1.6066013586168992e-06 old loss 1.6141535752467462e-06 BETTER
I0328 02:25:46.008033 2085924 finetune.py:68] layer 1_k @ epoch 1 new loss 2.0749146187881706e-06 old loss 2.1049779661552748e-06 BETTER
I0328 02:25:47.988099 2087681 finetune.py:68] layer 3_q @ epoch 2 new loss 6.113886229286436e-06 old loss 6.200421466928674e-06 BETTER
I0328 02:25:55.620002 2086757 finetune.py:45] layer 2_k initial loss 3.848238520731684e-06
I0328 02:26:17.364430 2085215 finetune.py:68] layer 0_k @ epoch 3 new loss 1.599436814103683e-06 old loss 1.6066013586168992e-06 BETTER
I0328 02:26:20.695280 2085924 finetune.py:68] layer 1_k @ epoch 2 new loss 2.0482925719989e-06 old loss 2.0749146187881706e-06 BETTER
I0328 02:26:22.375947 2087681 finetune.py:68] layer 3_q @ epoch 3 new loss 6.043238045094768e-06 old loss 6.113886229286436e-06 BETTER
I0328 02:26:29.271903 2086757 finetune.py:68] layer 2_k @ epoch 0 new loss 3.8078305806266144e-06 old loss 3.848238520731684e-06 BETTER
I0328 02:26:54.194067 2085215 finetune.py:68] layer 0_k @ epoch 4 new loss 1.5926750620565144e-06 old loss 1.599436814103683e-06 BETTER
I0328 02:26:55.321047 2085924 finetune.py:68] layer 1_k @ epoch 3 new loss 2.024830109803588e-06 old loss 2.0482925719989e-06 BETTER
I0328 02:26:56.749341 2087681 finetune.py:68] layer 3_q @ epoch 4 new loss 5.979784873488825e-06 old loss 6.043238045094768e-06 BETTER
I0328 02:27:03.912226 2086757 finetune.py:68] layer 2_k @ epoch 1 new loss 3.779161488637328e-06 old loss 3.8078305806266144e-06 BETTER
I0328 02:27:13.864969 2085215 finetune.py:45] layer 0_o initial loss 2.673754806892248e-06
I0328 02:27:14.654888 2087681 finetune.py:45] layer 3_k initial loss 6.394810043275356e-06
I0328 02:27:29.848131 2085924 finetune.py:68] layer 1_k @ epoch 4 new loss 2.0030333871545736e-06 old loss 2.024830109803588e-06 BETTER
I0328 02:27:38.468975 2086757 finetune.py:68] layer 2_k @ epoch 2 new loss 3.754257704713382e-06 old loss 3.779161488637328e-06 BETTER
I0328 02:27:47.945375 2087681 finetune.py:68] layer 3_k @ epoch 0 new loss 6.340592790365918e-06 old loss 6.394810043275356e-06 BETTER
I0328 02:27:48.616228 2085215 finetune.py:68] layer 0_o @ epoch 0 new loss 2.6560842343315016e-06 old loss 2.673754806892248e-06 BETTER
I0328 02:27:49.512231 2085924 finetune.py:45] layer 1_o initial loss 7.117113455024082e-06
I0328 02:28:13.269989 2086757 finetune.py:68] layer 2_k @ epoch 3 new loss 3.7322338357625995e-06 old loss 3.754257704713382e-06 BETTER
I0328 02:28:22.511359 2087681 finetune.py:68] layer 3_k @ epoch 1 new loss 6.294950708252145e-06 old loss 6.340592790365918e-06 BETTER
I0328 02:28:22.662945 2085924 finetune.py:68] layer 1_o @ epoch 0 new loss 6.643428605457302e-06 old loss 7.117113455024082e-06 BETTER
I0328 02:28:24.648096 2085215 finetune.py:68] layer 0_o @ epoch 1 new loss 2.642249000928132e-06 old loss 2.6560842343315016e-06 BETTER
I0328 02:28:48.164869 2086757 finetune.py:68] layer 2_k @ epoch 4 new loss 3.7108056858414784e-06 old loss 3.7322338357625995e-06 BETTER
I0328 02:28:56.591718 2085924 finetune.py:68] layer 1_o @ epoch 1 new loss 6.282425601966679e-06 old loss 6.643428605457302e-06 BETTER
I0328 02:28:56.698980 2087681 finetune.py:68] layer 3_k @ epoch 2 new loss 6.253656010812847e-06 old loss 6.294950708252145e-06 BETTER
I0328 02:29:00.907992 2085215 finetune.py:68] layer 0_o @ epoch 2 new loss 2.6307711777917575e-06 old loss 2.642249000928132e-06 BETTER
I0328 02:29:08.140748 2086757 finetune.py:45] layer 2_o initial loss 1.0709442904044408e-05
I0328 02:29:30.708805 2085924 finetune.py:68] layer 1_o @ epoch 2 new loss 6.002681402605958e-06 old loss 6.282425601966679e-06 BETTER
I0328 02:29:31.483447 2087681 finetune.py:68] layer 3_k @ epoch 3 new loss 6.217877398739802e-06 old loss 6.253656010812847e-06 BETTER
I0328 02:29:37.130815 2085215 finetune.py:68] layer 0_o @ epoch 3 new loss 2.6208049348497298e-06 old loss 2.6307711777917575e-06 BETTER
I0328 02:29:41.235663 2086757 finetune.py:68] layer 2_o @ epoch 0 new loss 9.832756404648535e-06 old loss 1.0709442904044408e-05 BETTER
I0328 02:30:04.974691 2085924 finetune.py:68] layer 1_o @ epoch 3 new loss 5.782539574283874e-06 old loss 6.002681402605958e-06 BETTER
I0328 02:30:05.689724 2087681 finetune.py:68] layer 3_k @ epoch 4 new loss 6.184720859891968e-06 old loss 6.217877398739802e-06 BETTER
I0328 02:30:13.342929 2085215 finetune.py:68] layer 0_o @ epoch 4 new loss 2.6122265808226075e-06 old loss 2.6208049348497298e-06 BETTER
I0328 02:30:15.335626 2086757 finetune.py:68] layer 2_o @ epoch 1 new loss 9.286156455345917e-06 old loss 9.832756404648535e-06 BETTER
I0328 02:30:25.075784 2087681 finetune.py:45] layer 3_o initial loss 1.574208181409631e-05
I0328 02:30:39.206904 2085924 finetune.py:68] layer 1_o @ epoch 4 new loss 5.611182132270187e-06 old loss 5.782539574283874e-06 BETTER
I0328 02:30:44.831356 2085215 finetune.py:45] layer 0_up initial loss 3.613588205553242e-06
I0328 02:30:49.447569 2086757 finetune.py:68] layer 2_o @ epoch 2 new loss 8.926444934331812e-06 old loss 9.286156455345917e-06 BETTER
I0328 02:30:57.572549 2087681 finetune.py:68] layer 3_o @ epoch 0 new loss 1.4569332051905803e-05 old loss 1.574208181409631e-05 BETTER
I0328 02:31:10.888592 2085924 finetune.py:45] layer 1_up initial loss 7.8951743489597e-06
I0328 02:31:17.161411 2085215 finetune.py:68] layer 0_up @ epoch 0 new loss 3.595139105527778e-06 old loss 3.613588205553242e-06 BETTER
I0328 02:31:23.761821 2086757 finetune.py:68] layer 2_o @ epoch 3 new loss 8.679086022311822e-06 old loss 8.926444934331812e-06 BETTER
I0328 02:31:31.185469 2087681 finetune.py:68] layer 3_o @ epoch 1 new loss 1.4116260899754707e-05 old loss 1.4569332051905803e-05 BETTER
I0328 02:31:41.602817 2085924 finetune.py:68] layer 1_up @ epoch 0 new loss 7.767303031869233e-06 old loss 7.8951743489597e-06 BETTER
I0328 02:31:50.562851 2085215 finetune.py:68] layer 0_up @ epoch 1 new loss 3.5817322441289434e-06 old loss 3.595139105527778e-06 BETTER
I0328 02:31:57.869445 2086757 finetune.py:68] layer 2_o @ epoch 4 new loss 8.500345757056493e-06 old loss 8.679086022311822e-06 BETTER
I0328 02:32:04.692741 2087681 finetune.py:68] layer 3_o @ epoch 2 new loss 1.3877828678232618e-05 old loss 1.4116260899754707e-05 BETTER
I0328 02:32:13.459706 2085924 finetune.py:68] layer 1_up @ epoch 1 new loss 7.666712008358445e-06 old loss 7.767303031869233e-06 BETTER
I0328 02:32:24.226737 2085215 finetune.py:68] layer 0_up @ epoch 2 new loss 3.5710379506781464e-06 old loss 3.5817322441289434e-06 BETTER
I0328 02:32:29.401267 2086757 finetune.py:45] layer 2_up initial loss 1.4070458746573422e-05
I0328 02:32:38.254774 2087681 finetune.py:68] layer 3_o @ epoch 3 new loss 1.371434518659953e-05 old loss 1.3877828678232618e-05 BETTER
I0328 02:32:45.731088 2085924 finetune.py:68] layer 1_up @ epoch 2 new loss 7.583881142636528e-06 old loss 7.666712008358445e-06 BETTER
I0328 02:32:58.129447 2085215 finetune.py:68] layer 0_up @ epoch 3 new loss 3.562319534466951e-06 old loss 3.5710379506781464e-06 BETTER
I0328 02:33:00.419036 2086757 finetune.py:68] layer 2_up @ epoch 0 new loss 1.39194235089235e-05 old loss 1.4070458746573422e-05 BETTER
I0328 02:33:11.741048 2087681 finetune.py:68] layer 3_o @ epoch 4 new loss 1.3588008187070955e-05 old loss 1.371434518659953e-05 BETTER
I0328 02:33:17.916750 2085924 finetune.py:68] layer 1_up @ epoch 3 new loss 7.516611731261946e-06 old loss 7.583881142636528e-06 BETTER
I0328 02:33:31.876551 2085215 finetune.py:68] layer 0_up @ epoch 4 new loss 3.5549835502024507e-06 old loss 3.562319534466951e-06 BETTER
I0328 02:33:32.549592 2086757 finetune.py:68] layer 2_up @ epoch 1 new loss 1.3808238691126462e-05 old loss 1.39194235089235e-05 BETTER
I0328 02:33:43.012682 2087681 finetune.py:45] layer 3_up initial loss 2.6029476430267096e-05
I0328 02:33:50.051939 2085924 finetune.py:68] layer 1_up @ epoch 4 new loss 7.460509095835732e-06 old loss 7.516611731261946e-06 BETTER
I0328 02:34:03.274924 2085215 finetune.py:45] layer 0_gate initial loss 4.27175109507516e-06
I0328 02:34:04.848557 2086757 finetune.py:68] layer 2_up @ epoch 2 new loss 1.3722076801059302e-05 old loss 1.3808238691126462e-05 BETTER
I0328 02:34:13.309167 2087681 finetune.py:68] layer 3_up @ epoch 0 new loss 2.58700420090463e-05 old loss 2.6029476430267096e-05 BETTER
I0328 02:34:21.788977 2085924 finetune.py:45] layer 1_gate initial loss 9.136556400335394e-06
I0328 02:34:33.618143 2085215 finetune.py:68] layer 0_gate @ epoch 0 new loss 4.252110556990374e-06 old loss 4.27175109507516e-06 BETTER
I0328 02:34:37.130459 2086757 finetune.py:68] layer 2_up @ epoch 3 new loss 1.3651502740685828e-05 old loss 1.3722076801059302e-05 BETTER
I0328 02:34:44.936755 2087681 finetune.py:68] layer 3_up @ epoch 1 new loss 2.5756535251275636e-05 old loss 2.58700420090463e-05 BETTER
I0328 02:34:50.468784 2085924 finetune.py:68] layer 1_gate @ epoch 0 new loss 9.026172847370617e-06 old loss 9.136556400335394e-06 BETTER
I0328 02:35:05.033612 2085215 finetune.py:68] layer 0_gate @ epoch 1 new loss 4.236458607920213e-06 old loss 4.252110556990374e-06 BETTER
I0328 02:35:09.394529 2086757 finetune.py:68] layer 2_up @ epoch 4 new loss 1.35913142003119e-05 old loss 1.3651502740685828e-05 BETTER
I0328 02:35:16.317956 2087681 finetune.py:68] layer 3_up @ epoch 2 new loss 2.5662468033260666e-05 old loss 2.5756535251275636e-05 BETTER
I0328 02:35:20.174417 2085924 finetune.py:68] layer 1_gate @ epoch 1 new loss 8.969021109805908e-06 old loss 9.026172847370617e-06 BETTER
I0328 02:35:36.603907 2085215 finetune.py:68] layer 0_gate @ epoch 2 new loss 4.223599717079196e-06 old loss 4.236458607920213e-06 BETTER
I0328 02:35:41.005012 2086757 finetune.py:45] layer 2_gate initial loss 1.7221420421265066e-05
I0328 02:35:47.922852 2087681 finetune.py:68] layer 3_up @ epoch 3 new loss 2.5579865905456245e-05 old loss 2.5662468033260666e-05 BETTER
I0328 02:35:49.968746 2085924 finetune.py:68] layer 1_gate @ epoch 2 new loss 8.940729458117858e-06 old loss 8.969021109805908e-06 BETTER
I0328 02:36:08.366357 2085215 finetune.py:68] layer 0_gate @ epoch 3 new loss 4.213114152662456e-06 old loss 4.223599717079196e-06 BETTER
I0328 02:36:09.702434 2086757 finetune.py:68] layer 2_gate @ epoch 0 new loss 1.7165346434921958e-05 old loss 1.7221420421265066e-05 BETTER
I0328 02:36:19.878906 2087681 finetune.py:68] layer 3_up @ epoch 4 new loss 2.5504958102828823e-05 old loss 2.5579865905456245e-05 BETTER
I0328 02:36:19.889217 2085924 finetune.py:68] layer 1_gate @ epoch 3 new loss 8.915131729736459e-06 old loss 8.940729458117858e-06 BETTER
I0328 02:36:39.624810 2086757 finetune.py:68] layer 2_gate @ epoch 1 new loss 1.7118036339525133e-05 old loss 1.7165346434921958e-05 BETTER
I0328 02:36:40.177872 2085215 finetune.py:68] layer 0_gate @ epoch 4 new loss 4.203911430522567e-06 old loss 4.213114152662456e-06 BETTER
I0328 02:36:49.885934 2085924 finetune.py:68] layer 1_gate @ epoch 4 new loss 8.896373401512392e-06 old loss 8.915131729736459e-06 BETTER
I0328 02:36:51.199631 2087681 finetune.py:45] layer 3_gate initial loss 3.158268009428866e-05
I0328 02:37:09.601088 2086757 finetune.py:68] layer 2_gate @ epoch 2 new loss 1.7075675714295357e-05 old loss 1.7118036339525133e-05 BETTER
I0328 02:37:19.493267 2087681 finetune.py:68] layer 3_gate @ epoch 0 new loss 3.1490486435359344e-05 old loss 3.158268009428866e-05 BETTER
I0328 02:37:35.889675 2085215 finetune.py:45] layer 0_down initial loss 6.392436262103729e-06
I0328 02:37:39.582012 2086757 finetune.py:68] layer 2_gate @ epoch 3 new loss 1.7038286387105472e-05 old loss 1.7075675714295357e-05 BETTER
I0328 02:37:46.586614 2085924 finetune.py:45] layer 1_down initial loss 1.2796324881492183e-05
I0328 02:37:48.879150 2087681 finetune.py:68] layer 3_gate @ epoch 1 new loss 3.1415518606081605e-05 old loss 3.1490486435359344e-05 BETTER
I0328 02:38:03.492052 2085215 finetune.py:68] layer 0_down @ epoch 0 new loss 6.386963832483161e-06 old loss 6.392436262103729e-06 BETTER
I0328 02:38:09.550990 2086757 finetune.py:68] layer 2_gate @ epoch 4 new loss 1.7003210814436898e-05 old loss 1.7038286387105472e-05 BETTER
I0328 02:38:12.860714 2085924 finetune.py:68] layer 1_down @ epoch 0 new loss 1.278739728149958e-05 old loss 1.2796324881492183e-05 BETTER
I0328 02:38:18.158195 2087681 finetune.py:68] layer 3_gate @ epoch 2 new loss 3.134781582048163e-05 old loss 3.1415518606081605e-05 BETTER
I0328 02:38:32.250838 2085215 finetune.py:68] layer 0_down @ epoch 1 new loss 6.3825732468103524e-06 old loss 6.386963832483161e-06 BETTER
I0328 02:38:40.151973 2085924 finetune.py:68] layer 1_down @ epoch 1 new loss 1.277969204238616e-05 old loss 1.278739728149958e-05 BETTER
I0328 02:38:47.630781 2087681 finetune.py:68] layer 3_gate @ epoch 3 new loss 3.128652315353975e-05 old loss 3.134781582048163e-05 BETTER
I0328 02:39:01.430426 2085215 finetune.py:68] layer 0_down @ epoch 2 new loss 6.378990292432718e-06 old loss 6.3825732468103524e-06 BETTER
I0328 02:39:06.979351 2086757 finetune.py:45] layer 2_down initial loss 2.554310231062118e-05
I0328 02:39:08.151492 2085924 finetune.py:68] layer 1_down @ epoch 2 new loss 1.2773009075317532e-05 old loss 1.277969204238616e-05 BETTER
I0328 02:39:17.239900 2087681 finetune.py:68] layer 3_gate @ epoch 4 new loss 3.1229610613081604e-05 old loss 3.128652315353975e-05 BETTER
I0328 02:39:30.679852 2085215 finetune.py:68] layer 0_down @ epoch 3 new loss 6.375945304171182e-06 old loss 6.378990292432718e-06 BETTER
I0328 02:39:33.462563 2086757 finetune.py:68] layer 2_down @ epoch 0 new loss 2.5531295250402763e-05 old loss 2.554310231062118e-05 BETTER
I0328 02:39:35.940753 2085924 finetune.py:68] layer 1_down @ epoch 3 new loss 1.2766638064931612e-05 old loss 1.2773009075317532e-05 BETTER
I0328 02:40:00.000624 2085215 finetune.py:68] layer 0_down @ epoch 4 new loss 6.37324592389632e-06 old loss 6.375945304171182e-06 BETTER
I0328 02:40:01.209274 2086757 finetune.py:68] layer 2_down @ epoch 1 new loss 2.5520697818137705e-05 old loss 2.5531295250402763e-05 BETTER
0_v proxy err 0.08119596540927887 tr(WHW.T) 60.88684844970703
bpp_loss 2.1023015622922685
0_q proxy err 8.934548532124609e-05 tr(WHW.T) 288005.8125
bpp_loss 2.8969120397232473
0_k proxy err 7.735100371064618e-05 tr(WHW.T) 100080.375
bpp_loss 3.408320155693218
0_o proxy err 0.011993040330708027 tr(WHW.T) 3121.8779296875
bpp_loss 2.181938296678709
0_up proxy err 0.024516209959983826 tr(WHW.T) 8924.7607421875
bpp_loss 2.471223724673369
0_gate proxy err 0.014144292101264 tr(WHW.T) 15779.3369140625
bpp_loss 2.578875479587753
0_down proxy err 0.019264860078692436 tr(WHW.T) 10861.783203125
bpp_loss 2.4624618910020217
I0328 02:40:03.767749 2085924 finetune.py:68] layer 1_down @ epoch 4 new loss 1.2761061952915043e-05 old loss 1.2766638064931612e-05 BETTER
1_v proxy err 0.03550063073635101 tr(WHW.T) 109.07096099853516
bpp_loss 2.2075055494497065
1_q proxy err 0.00012394243094604462 tr(WHW.T) 144731.03125
bpp_loss 3.1247830900538247
1_k proxy err 6.617397593799978e-05 tr(WHW.T) 75410.4921875
bpp_loss 3.7457746871223208
1_o proxy err 0.022613506764173508 tr(WHW.T) 1993.0496826171875
bpp_loss 2.2673542369739152
1_up proxy err 0.028150921687483788 tr(WHW.T) 8230.330078125
bpp_loss 2.485359728136765
1_gate proxy err 0.01697198674082756 tr(WHW.T) 13942.9931640625
bpp_loss 2.589476357945906
1_down proxy err 0.00051503861322999 tr(WHW.T) 13995.8203125
bpp_loss 2.4721583538588936
I0328 02:40:14.978686 2087681 finetune.py:45] layer 3_down initial loss 4.847820309805684e-05
I0328 02:40:29.841003 2086757 finetune.py:68] layer 2_down @ epoch 2 new loss 2.551166107878089e-05 old loss 2.5520697818137705e-05 BETTER
I0328 02:40:40.993816 2087681 finetune.py:68] layer 3_down @ epoch 0 new loss 4.847062882618047e-05 old loss 4.847820309805684e-05 BETTER
I0328 02:40:57.607614 2086757 finetune.py:68] layer 2_down @ epoch 3 new loss 2.550437238824088e-05 old loss 2.551166107878089e-05 BETTER
I0328 02:41:08.130158 2087681 finetune.py:68] layer 3_down @ epoch 1 new loss 4.8465408326592296e-05 old loss 4.847062882618047e-05 BETTER
I0328 02:41:18.925770 2083830 quantize_finetune_llama.py:240] computed original embedding for layer 4 in 67.87044787406921s
I0328 02:41:22.772617 2100301 utils.py:146] Note: detected 128 virtual cores but NumExpr set to maximum of 64, check "NUMEXPR_MAX_THREADS" environment variable.
I0328 02:41:22.772729 2100301 utils.py:149] Note: NumExpr detected 128 cores but "NUMEXPR_MAX_THREADS" not set, so enforcing safe limit of 16.
I0328 02:41:22.772772 2100301 utils.py:162] NumExpr defaulting to 16 threads.
I0328 02:41:23.156430 2100301 config.py:54] PyTorch version 2.6.0 available.
W0328 02:41:23.375535 2100301 warnings.py:109] /opt/conda/lib/python3.10/site-packages/torchvision/io/image.py:13: UserWarning: Failed to load image Python extension: '/opt/conda/lib/python3.10/site-packages/torchvision/image.so: undefined symbol: _ZN3c1017RegisterOperatorsD1Ev'If you don't plan on using image functionality from `torchvision.io`, you can ignore this warning. Otherwise, there might be something wrong with your environment. Did you have `libjpeg` or `libpng` installed before building `torchvision` from source?
  warn(

W0328 02:41:24.041341 2100301 warnings.py:109] /opt/conda/lib/python3.10/site-packages/compressai/models/video/google.py:353: FutureWarning: `torch.cuda.amp.autocast(args...)` is deprecated. Please use `torch.amp.autocast('cuda', args...)` instead.
  @amp.autocast(enabled=False)

I0328 02:41:24.045186 2083830 quantize_finetune_llama.py:209] layer 5 gpu 1
I0328 02:41:24.058875 2100301 data_utils.py:336] using 256 training seqs, 128 validation seqs
I0328 02:41:25.391403 2086757 finetune.py:68] layer 2_down @ epoch 4 new loss 2.549799501139205e-05 old loss 2.550437238824088e-05 BETTER
2_v proxy err 0.053904663771390915 tr(WHW.T) 155.95950317382812
bpp_loss 2.1092207594774663
2_q proxy err 0.0009547056979499757 tr(WHW.T) 41467.15625
bpp_loss 3.0725356237089727
2_k proxy err 0.0004909076960757375 tr(WHW.T) 22591.1953125
bpp_loss 3.8435800901206676
2_o proxy err 0.02195098251104355 tr(WHW.T) 1975.2957763671875
bpp_loss 2.218054223252693
2_up proxy err 0.03322232514619827 tr(WHW.T) 7602.90087890625
bpp_loss 2.474435011856258
2_gate proxy err 0.01722436398267746 tr(WHW.T) 15097.8173828125
bpp_loss 2.61723851309424
2_down proxy err 0.030893467366695404 tr(WHW.T) 7790.5263671875
bpp_loss 2.47715224678229
I0328 02:41:35.398486 2087681 finetune.py:68] layer 3_down @ epoch 2 new loss 4.846107549383305e-05 old loss 4.8465408326592296e-05 BETTER
The attention layers in this model are transitioning from computing the RoPE embeddings internally through `position_ids` (2D tensor with the indexes of the tokens), to using externally computed `position_embeddings` (Tuple of tensors, containing cos and sin). In v4.46 `position_ids` will be removed and `position_embeddings` will be mandatory.
I0328 02:41:40.878447 2100301 finetune.py:45] layer 4_v initial loss 3.695111445267685e-05
W0328 02:41:40.878644 2100301 warnings.py:109] /workspace/Weight_compression/comp_lm_qtip/lib/algo/finetune.py:46: FutureWarning: `torch.cuda.amp.GradScaler(args...)` is deprecated. Please use `torch.amp.GradScaler('cuda', args...)` instead.
  scaler = torch.cuda.amp.GradScaler(enabled=(orig_dtype==torch.float16))

I0328 02:42:02.731746 2087681 finetune.py:68] layer 3_down @ epoch 3 new loss 4.845725925406441e-05 old loss 4.846107549383305e-05 BETTER
I0328 02:42:16.109998 2100301 finetune.py:68] layer 4_v @ epoch 0 new loss 1.0618132364470512e-05 old loss 3.695111445267685e-05 BETTER
I0328 02:42:30.185822 2087681 finetune.py:68] layer 3_down @ epoch 4 new loss 4.845403600484133e-05 old loss 4.845725925406441e-05 BETTER
3_v proxy err 0.041563089936971664 tr(WHW.T) 289.3331604003906
bpp_loss 2.205618715233868
3_q proxy err 0.0011967374011874199 tr(WHW.T) 47559.66015625
bpp_loss 3.1107212985516526
3_k proxy err 0.0006147968233563006 tr(WHW.T) 26144.50390625
bpp_loss 3.9153421856171917
3_o proxy err 0.026392962783575058 tr(WHW.T) 1857.7415771484375
bpp_loss 2.3159450065577403
3_up proxy err 0.032920338213443756 tr(WHW.T) 7535.11083984375
bpp_loss 2.457052669554417
3_gate proxy err 0.012472018599510193 tr(WHW.T) 20861.3125
bpp_loss 2.688552276563964
3_down proxy err 0.035460565239191055 tr(WHW.T) 7065.60546875
bpp_loss 2.4544328843143637
I0328 02:42:34.522141 2083830 quantize_finetune_llama.py:240] computed original embedding for layer 5 in 63.544305086135864s
I0328 02:42:38.188171 2101133 utils.py:146] Note: detected 128 virtual cores but NumExpr set to maximum of 64, check "NUMEXPR_MAX_THREADS" environment variable.
I0328 02:42:38.188280 2101133 utils.py:149] Note: NumExpr detected 128 cores but "NUMEXPR_MAX_THREADS" not set, so enforcing safe limit of 16.
I0328 02:42:38.188319 2101133 utils.py:162] NumExpr defaulting to 16 threads.
I0328 02:42:38.555332 2101133 config.py:54] PyTorch version 2.6.0 available.
W0328 02:42:38.742040 2101133 warnings.py:109] /opt/conda/lib/python3.10/site-packages/torchvision/io/image.py:13: UserWarning: Failed to load image Python extension: '/opt/conda/lib/python3.10/site-packages/torchvision/image.so: undefined symbol: _ZN3c1017RegisterOperatorsD1Ev'If you don't plan on using image functionality from `torchvision.io`, you can ignore this warning. Otherwise, there might be something wrong with your environment. Did you have `libjpeg` or `libpng` installed before building `torchvision` from source?
  warn(

W0328 02:42:39.348824 2101133 warnings.py:109] /opt/conda/lib/python3.10/site-packages/compressai/models/video/google.py:353: FutureWarning: `torch.cuda.amp.autocast(args...)` is deprecated. Please use `torch.amp.autocast('cuda', args...)` instead.
  @amp.autocast(enabled=False)

I0328 02:42:39.352630 2083830 quantize_finetune_llama.py:209] layer 6 gpu 2
I0328 02:42:39.366508 2101133 data_utils.py:336] using 256 training seqs, 128 validation seqs
The attention layers in this model are transitioning from computing the RoPE embeddings internally through `position_ids` (2D tensor with the indexes of the tokens), to using externally computed `position_embeddings` (Tuple of tensors, containing cos and sin). In v4.46 `position_ids` will be removed and `position_embeddings` will be mandatory.
I0328 02:42:52.903590 2100301 finetune.py:68] layer 4_v @ epoch 1 new loss 8.513498869433533e-06 old loss 1.0618132364470512e-05 BETTER
I0328 02:42:56.230307 2101133 finetune.py:45] layer 5_v initial loss 3.7031462852610275e-05
W0328 02:42:56.230531 2101133 warnings.py:109] /workspace/Weight_compression/comp_lm_qtip/lib/algo/finetune.py:46: FutureWarning: `torch.cuda.amp.GradScaler(args...)` is deprecated. Please use `torch.amp.GradScaler('cuda', args...)` instead.
  scaler = torch.cuda.amp.GradScaler(enabled=(orig_dtype==torch.float16))

I0328 02:43:29.641008 2101133 finetune.py:68] layer 5_v @ epoch 0 new loss 1.4077207197260577e-05 old loss 3.7031462852610275e-05 BETTER
I0328 02:43:29.939827 2100301 finetune.py:68] layer 4_v @ epoch 2 new loss 7.923714292701334e-06 old loss 8.513498869433533e-06 BETTER
I0328 02:43:43.604889 2083830 quantize_finetune_llama.py:240] computed original embedding for layer 6 in 63.800174713134766s
I0328 02:43:47.382476 2101890 utils.py:146] Note: detected 128 virtual cores but NumExpr set to maximum of 64, check "NUMEXPR_MAX_THREADS" environment variable.
I0328 02:43:47.382598 2101890 utils.py:149] Note: NumExpr detected 128 cores but "NUMEXPR_MAX_THREADS" not set, so enforcing safe limit of 16.
I0328 02:43:47.382639 2101890 utils.py:162] NumExpr defaulting to 16 threads.
I0328 02:43:47.762439 2101890 config.py:54] PyTorch version 2.6.0 available.
W0328 02:43:47.979479 2101890 warnings.py:109] /opt/conda/lib/python3.10/site-packages/torchvision/io/image.py:13: UserWarning: Failed to load image Python extension: '/opt/conda/lib/python3.10/site-packages/torchvision/image.so: undefined symbol: _ZN3c1017RegisterOperatorsD1Ev'If you don't plan on using image functionality from `torchvision.io`, you can ignore this warning. Otherwise, there might be something wrong with your environment. Did you have `libjpeg` or `libpng` installed before building `torchvision` from source?
  warn(

W0328 02:43:48.659560 2101890 warnings.py:109] /opt/conda/lib/python3.10/site-packages/compressai/models/video/google.py:353: FutureWarning: `torch.cuda.amp.autocast(args...)` is deprecated. Please use `torch.amp.autocast('cuda', args...)` instead.
  @amp.autocast(enabled=False)

I0328 02:43:48.663446 2083830 quantize_finetune_llama.py:209] layer 7 gpu 3
I0328 02:43:48.677517 2101890 data_utils.py:336] using 256 training seqs, 128 validation seqs
The attention layers in this model are transitioning from computing the RoPE embeddings internally through `position_ids` (2D tensor with the indexes of the tokens), to using externally computed `position_embeddings` (Tuple of tensors, containing cos and sin). In v4.46 `position_ids` will be removed and `position_embeddings` will be mandatory.
I0328 02:44:04.379874 2101133 finetune.py:68] layer 5_v @ epoch 1 new loss 1.2375540791254025e-05 old loss 1.4077207197260577e-05 BETTER
I0328 02:44:06.000347 2101890 finetune.py:45] layer 6_v initial loss 3.2518499210709706e-05
W0328 02:44:06.000574 2101890 warnings.py:109] /workspace/Weight_compression/comp_lm_qtip/lib/algo/finetune.py:46: FutureWarning: `torch.cuda.amp.GradScaler(args...)` is deprecated. Please use `torch.amp.GradScaler('cuda', args...)` instead.
  scaler = torch.cuda.amp.GradScaler(enabled=(orig_dtype==torch.float16))

I0328 02:44:07.056599 2100301 finetune.py:68] layer 4_v @ epoch 3 new loss 7.632648703292944e-06 old loss 7.923714292701334e-06 BETTER
I0328 02:44:39.443302 2101133 finetune.py:68] layer 5_v @ epoch 2 new loss 1.1774881386372726e-05 old loss 1.2375540791254025e-05 BETTER
I0328 02:44:39.747744 2101890 finetune.py:68] layer 6_v @ epoch 0 new loss 1.649597834330052e-05 old loss 3.2518499210709706e-05 BETTER
I0328 02:44:44.430645 2100301 finetune.py:68] layer 4_v @ epoch 4 new loss 7.445537448802497e-06 old loss 7.632648703292944e-06 BETTER
I0328 02:44:53.403449 2083830 quantize_finetune_llama.py:240] computed original embedding for layer 7 in 64.19232511520386s
I0328 02:44:57.241681 2102647 utils.py:146] Note: detected 128 virtual cores but NumExpr set to maximum of 64, check "NUMEXPR_MAX_THREADS" environment variable.
I0328 02:44:57.241785 2102647 utils.py:149] Note: NumExpr detected 128 cores but "NUMEXPR_MAX_THREADS" not set, so enforcing safe limit of 16.
I0328 02:44:57.241828 2102647 utils.py:162] NumExpr defaulting to 16 threads.
I0328 02:44:57.606938 2102647 config.py:54] PyTorch version 2.6.0 available.
W0328 02:44:57.835268 2102647 warnings.py:109] /opt/conda/lib/python3.10/site-packages/torchvision/io/image.py:13: UserWarning: Failed to load image Python extension: '/opt/conda/lib/python3.10/site-packages/torchvision/image.so: undefined symbol: _ZN3c1017RegisterOperatorsD1Ev'If you don't plan on using image functionality from `torchvision.io`, you can ignore this warning. Otherwise, there might be something wrong with your environment. Did you have `libjpeg` or `libpng` installed before building `torchvision` from source?
  warn(

W0328 02:44:58.458664 2102647 warnings.py:109] /opt/conda/lib/python3.10/site-packages/compressai/models/video/google.py:353: FutureWarning: `torch.cuda.amp.autocast(args...)` is deprecated. Please use `torch.amp.autocast('cuda', args...)` instead.
  @amp.autocast(enabled=False)

I0328 02:44:58.463047 2083830 quantize_finetune_llama.py:209] layer 8 gpu 0
I0328 02:44:58.478076 2102647 data_utils.py:336] using 256 training seqs, 128 validation seqs
I0328 02:45:03.663999 2100301 finetune.py:45] layer 4_q initial loss 8.991915819933638e-06
The attention layers in this model are transitioning from computing the RoPE embeddings internally through `position_ids` (2D tensor with the indexes of the tokens), to using externally computed `position_embeddings` (Tuple of tensors, containing cos and sin). In v4.46 `position_ids` will be removed and `position_embeddings` will be mandatory.
I0328 02:45:14.634457 2101890 finetune.py:68] layer 6_v @ epoch 1 new loss 1.51614231072017e-05 old loss 1.649597834330052e-05 BETTER
I0328 02:45:14.781177 2101133 finetune.py:68] layer 5_v @ epoch 3 new loss 1.1440298294473905e-05 old loss 1.1774881386372726e-05 BETTER
I0328 02:45:16.315907 2102647 finetune.py:45] layer 7_v initial loss 3.172752258251421e-05
W0328 02:45:16.316099 2102647 warnings.py:109] /workspace/Weight_compression/comp_lm_qtip/lib/algo/finetune.py:46: FutureWarning: `torch.cuda.amp.GradScaler(args...)` is deprecated. Please use `torch.amp.GradScaler('cuda', args...)` instead.
  scaler = torch.cuda.amp.GradScaler(enabled=(orig_dtype==torch.float16))

