  scaler = torch.cuda.amp.GradScaler(enabled=(orig_dtype==torch.float16))

I0328 22:19:08.307064 2318827 finetune.py:68] layer 28_q @ epoch 0 new loss 1.6037537307056482e-06 old loss 1.6473569530717214e-06 BETTER
I0328 22:19:17.105890 2318897 finetune.py:76] layer 29_v @ epoch 4 new loss 2.4097109871945577e-06 old loss 1.5312443792936392e-06 WORSE
I0328 22:19:19.735739 2318967 finetune.py:76] layer 30_v @ epoch 2 new loss 5.680118192685768e-06 old loss 3.0356302431755466e-06 WORSE
I0328 22:19:20.344242 2319037 finetune.py:76] layer 31_v @ epoch 0 new loss 1.2780304132320452e-05 old loss 8.016843821678776e-06 WORSE
I0328 22:19:36.532021 2318897 finetune.py:45] layer 29_q initial loss 2.6386605895822868e-06
I0328 22:19:44.645997 2318827 finetune.py:68] layer 28_q @ epoch 1 new loss 1.5709285889897728e-06 old loss 1.6037537307056482e-06 BETTER
I0328 22:19:54.148641 2319037 finetune.py:76] layer 31_v @ epoch 1 new loss 0.00013613179908134043 old loss 8.016843821678776e-06 WORSE
I0328 22:19:54.375511 2318967 finetune.py:76] layer 30_v @ epoch 3 new loss 5.722177775169257e-06 old loss 3.0356302431755466e-06 WORSE
I0328 22:20:10.005614 2318897 finetune.py:68] layer 29_q @ epoch 0 new loss 2.3520119611930568e-06 old loss 2.6386605895822868e-06 BETTER
I0328 22:20:21.003308 2318827 finetune.py:68] layer 28_q @ epoch 2 new loss 1.5429495761054568e-06 old loss 1.5709285889897728e-06 BETTER
I0328 22:20:28.090304 2319037 finetune.py:76] layer 31_v @ epoch 2 new loss 3.5229189961683005e-05 old loss 8.016843821678776e-06 WORSE
I0328 22:20:29.012414 2318967 finetune.py:76] layer 30_v @ epoch 4 new loss 4.003132744401228e-06 old loss 3.0356302431755466e-06 WORSE
I0328 22:20:44.473804 2318897 finetune.py:76] layer 29_q @ epoch 1 new loss 2.469092351020663e-06 old loss 2.3520119611930568e-06 WORSE
I0328 22:20:48.221472 2318967 finetune.py:45] layer 30_q initial loss 3.7782931485708104e-06
I0328 22:20:57.668241 2318827 finetune.py:68] layer 28_q @ epoch 3 new loss 1.5015466487966478e-06 old loss 1.5429495761054568e-06 BETTER
I0328 22:21:01.969944 2319037 finetune.py:76] layer 31_v @ epoch 3 new loss 3.839661439997144e-05 old loss 8.016843821678776e-06 WORSE
I0328 22:21:18.329400 2318897 finetune.py:76] layer 29_q @ epoch 2 new loss 2.487507117621135e-06 old loss 2.3520119611930568e-06 WORSE
I0328 22:21:21.966450 2318967 finetune.py:68] layer 30_q @ epoch 0 new loss 3.654443162304233e-06 old loss 3.7782931485708104e-06 BETTER
I0328 22:21:34.374760 2318827 finetune.py:76] layer 28_q @ epoch 4 new loss 1.677779437159188e-06 old loss 1.5015466487966478e-06 WORSE
I0328 22:21:35.951620 2319037 finetune.py:76] layer 31_v @ epoch 4 new loss 2.8978085538255982e-05 old loss 8.016843821678776e-06 WORSE
I0328 22:21:52.033968 2318827 finetune.py:45] layer 28_k initial loss 1.972862037291634e-06
I0328 22:21:52.706344 2318897 finetune.py:68] layer 29_q @ epoch 3 new loss 2.2700151021126658e-06 old loss 2.3520119611930568e-06 BETTER
I0328 22:21:55.090574 2319037 finetune.py:45] layer 31_q initial loss 9.60501165536698e-06
I0328 22:21:56.830156 2318967 finetune.py:76] layer 30_q @ epoch 1 new loss 3.911913154297508e-06 old loss 3.654443162304233e-06 WORSE
I0328 22:22:27.586399 2318827 finetune.py:68] layer 28_k @ epoch 0 new loss 1.8748437469184864e-06 old loss 1.972862037291634e-06 BETTER
I0328 22:22:27.949756 2318897 finetune.py:76] layer 29_q @ epoch 4 new loss 2.319206259926432e-06 old loss 2.2700151021126658e-06 WORSE
I0328 22:22:28.664805 2319037 finetune.py:76] layer 31_q @ epoch 0 new loss 1.2781536497641355e-05 old loss 9.60501165536698e-06 WORSE
I0328 22:22:31.040365 2318967 finetune.py:76] layer 30_q @ epoch 2 new loss 4.057386377098737e-06 old loss 3.654443162304233e-06 WORSE
I0328 22:22:45.472472 2318897 finetune.py:45] layer 29_k initial loss 2.8667291189776734e-06
I0328 22:23:02.272197 2319037 finetune.py:76] layer 31_q @ epoch 1 new loss 2.595631667645648e-05 old loss 9.60501165536698e-06 WORSE
I0328 22:23:04.169124 2318827 finetune.py:68] layer 28_k @ epoch 1 new loss 1.7685530337985256e-06 old loss 1.8748437469184864e-06 BETTER
I0328 22:23:05.334518 2318967 finetune.py:76] layer 30_q @ epoch 3 new loss 4.036551672470523e-06 old loss 3.654443162304233e-06 WORSE
I0328 22:23:19.091532 2318897 finetune.py:68] layer 29_k @ epoch 0 new loss 2.7072344437328866e-06 old loss 2.8667291189776734e-06 BETTER
I0328 22:23:36.014558 2319037 finetune.py:76] layer 31_q @ epoch 2 new loss 1.9628072550403886e-05 old loss 9.60501165536698e-06 WORSE
I0328 22:23:39.643742 2318967 finetune.py:76] layer 30_q @ epoch 4 new loss 4.540540885500377e-06 old loss 3.654443162304233e-06 WORSE
I0328 22:23:40.972527 2318827 finetune.py:76] layer 28_k @ epoch 2 new loss 1.8030334558716277e-06 old loss 1.7685530337985256e-06 WORSE
I0328 22:23:53.490534 2318897 finetune.py:68] layer 29_k @ epoch 1 new loss 2.471658717695391e-06 old loss 2.7072344437328866e-06 BETTER
I0328 22:23:57.178928 2318967 finetune.py:45] layer 30_k initial loss 4.913910288451007e-06
I0328 22:24:09.752817 2319037 finetune.py:76] layer 31_q @ epoch 3 new loss 1.9294007870485075e-05 old loss 9.60501165536698e-06 WORSE
I0328 22:24:17.319127 2318827 finetune.py:68] layer 28_k @ epoch 3 new loss 1.7314184788119746e-06 old loss 1.7685530337985256e-06 BETTER
I0328 22:24:28.157552 2318897 finetune.py:76] layer 29_k @ epoch 2 new loss 2.538340368118952e-06 old loss 2.471658717695391e-06 WORSE
I0328 22:24:30.998982 2318967 finetune.py:76] layer 30_k @ epoch 0 new loss 5.900779342482565e-06 old loss 4.913910288451007e-06 WORSE
I0328 22:24:43.257243 2319037 finetune.py:76] layer 31_q @ epoch 4 new loss 1.965929550351575e-05 old loss 9.60501165536698e-06 WORSE
I0328 22:24:54.238262 2318827 finetune.py:76] layer 28_k @ epoch 4 new loss 1.823662273636728e-06 old loss 1.7314184788119746e-06 WORSE
I0328 22:25:00.243915 2319037 finetune.py:45] layer 31_k initial loss 1.1362607438059058e-05
I0328 22:25:01.996091 2318897 finetune.py:76] layer 29_k @ epoch 3 new loss 2.491503892088076e-06 old loss 2.471658717695391e-06 WORSE
I0328 22:25:04.876282 2318967 finetune.py:76] layer 30_k @ epoch 1 new loss 7.197535978775704e-06 old loss 4.913910288451007e-06 WORSE
I0328 22:25:13.725071 2318827 finetune.py:45] layer 28_o initial loss 3.7907384466961958e-06
I0328 22:25:33.440716 2319037 finetune.py:76] layer 31_k @ epoch 0 new loss 1.1731028280337341e-05 old loss 1.1362607438059058e-05 WORSE
I0328 22:25:35.943425 2318897 finetune.py:76] layer 29_k @ epoch 4 new loss 2.6295072075299686e-06 old loss 2.471658717695391e-06 WORSE
I0328 22:25:38.861518 2318967 finetune.py:76] layer 30_k @ epoch 2 new loss 5.590844011749141e-06 old loss 4.913910288451007e-06 WORSE
I0328 22:25:48.356368 2318827 finetune.py:68] layer 28_o @ epoch 0 new loss 3.7321240142773604e-06 old loss 3.7907384466961958e-06 BETTER
I0328 22:25:55.100082 2318897 finetune.py:45] layer 29_o initial loss 4.620428626367357e-06
I0328 22:26:06.815170 2319037 finetune.py:76] layer 31_k @ epoch 1 new loss 1.8716113117989153e-05 old loss 1.1362607438059058e-05 WORSE
I0328 22:26:12.945981 2318967 finetune.py:76] layer 30_k @ epoch 3 new loss 5.451192919281311e-06 old loss 4.913910288451007e-06 WORSE
I0328 22:26:23.997831 2318827 finetune.py:68] layer 28_o @ epoch 1 new loss 3.5393300095165614e-06 old loss 3.7321240142773604e-06 BETTER
I0328 22:26:27.753507 2318897 finetune.py:68] layer 29_o @ epoch 0 new loss 4.444786100066267e-06 old loss 4.620428626367357e-06 BETTER
I0328 22:26:39.882478 2319037 finetune.py:76] layer 31_k @ epoch 2 new loss 1.5916502889012918e-05 old loss 1.1362607438059058e-05 WORSE
I0328 22:26:46.829090 2318967 finetune.py:76] layer 30_k @ epoch 4 new loss 4.923018423141912e-06 old loss 4.913910288451007e-06 WORSE
I0328 22:27:00.150686 2318827 finetune.py:68] layer 28_o @ epoch 2 new loss 3.521382950566476e-06 old loss 3.5393300095165614e-06 BETTER
I0328 22:27:01.419309 2318897 finetune.py:68] layer 29_o @ epoch 1 new loss 4.388813067635056e-06 old loss 4.444786100066267e-06 BETTER
I0328 22:27:06.126968 2318967 finetune.py:45] layer 30_o initial loss 8.390184120798949e-06
I0328 22:27:12.969598 2319037 finetune.py:76] layer 31_k @ epoch 3 new loss 1.9180959498044103e-05 old loss 1.1362607438059058e-05 WORSE
I0328 22:27:35.473824 2318897 finetune.py:68] layer 29_o @ epoch 2 new loss 4.305797574488679e-06 old loss 4.388813067635056e-06 BETTER
I0328 22:27:36.460407 2318827 finetune.py:76] layer 28_o @ epoch 3 new loss 3.549705979821738e-06 old loss 3.521382950566476e-06 WORSE
I0328 22:27:39.023157 2318967 finetune.py:68] layer 30_o @ epoch 0 new loss 8.028867341636214e-06 old loss 8.390184120798949e-06 BETTER
I0328 22:27:45.982262 2319037 finetune.py:76] layer 31_k @ epoch 4 new loss 1.8769702364807017e-05 old loss 1.1362607438059058e-05 WORSE
I0328 22:28:04.362634 2319037 finetune.py:45] layer 31_o initial loss 1.8925074982689694e-05
I0328 22:28:09.488963 2318897 finetune.py:76] layer 29_o @ epoch 3 new loss 4.413724582263967e-06 old loss 4.305797574488679e-06 WORSE
I0328 22:28:11.758574 2318827 finetune.py:76] layer 28_o @ epoch 4 new loss 3.5646978631120874e-06 old loss 3.521382950566476e-06 WORSE
I0328 22:28:13.017527 2318967 finetune.py:68] layer 30_o @ epoch 1 new loss 7.83646282798145e-06 old loss 8.028867341636214e-06 BETTER
I0328 22:28:36.342567 2319037 finetune.py:68] layer 31_o @ epoch 0 new loss 1.5658415577490814e-05 old loss 1.8925074982689694e-05 BETTER
I0328 22:28:42.951471 2318897 finetune.py:68] layer 29_o @ epoch 4 new loss 4.278199867258081e-06 old loss 4.305797574488679e-06 BETTER
I0328 22:28:42.953182 2318827 finetune.py:45] layer 28_up initial loss 8.831964805722237e-06
I0328 22:28:47.203966 2318967 finetune.py:68] layer 30_o @ epoch 2 new loss 7.63760726840701e-06 old loss 7.83646282798145e-06 BETTER
I0328 22:29:09.499770 2319037 finetune.py:76] layer 31_o @ epoch 1 new loss 1.61075313371839e-05 old loss 1.5658415577490814e-05 WORSE
I0328 22:29:14.852428 2318827 finetune.py:68] layer 28_up @ epoch 0 new loss 8.649431947560515e-06 old loss 8.831964805722237e-06 BETTER
I0328 22:29:14.916818 2318897 finetune.py:45] layer 29_up initial loss 1.1634901056822855e-05
I0328 22:29:21.485410 2318967 finetune.py:76] layer 30_o @ epoch 3 new loss 7.996463864401449e-06 old loss 7.63760726840701e-06 WORSE
I0328 22:29:42.350546 2319037 finetune.py:76] layer 31_o @ epoch 2 new loss 1.9554692698875442e-05 old loss 1.5658415577490814e-05 WORSE
I0328 22:29:45.504713 2318897 finetune.py:68] layer 29_up @ epoch 0 new loss 1.119835906138178e-05 old loss 1.1634901056822855e-05 BETTER
I0328 22:29:47.984737 2318827 finetune.py:68] layer 28_up @ epoch 1 new loss 8.441536010650452e-06 old loss 8.649431947560515e-06 BETTER
I0328 22:29:55.110712 2318967 finetune.py:68] layer 30_o @ epoch 4 new loss 7.493210432585329e-06 old loss 7.63760726840701e-06 BETTER
I0328 22:30:15.070905 2319037 finetune.py:76] layer 31_o @ epoch 3 new loss 2.0238496290403418e-05 old loss 1.5658415577490814e-05 WORSE
I0328 22:30:17.125557 2318897 finetune.py:68] layer 29_up @ epoch 1 new loss 1.0979419130308088e-05 old loss 1.119835906138178e-05 BETTER
I0328 22:30:21.674264 2318827 finetune.py:68] layer 28_up @ epoch 2 new loss 8.347961738763843e-06 old loss 8.441536010650452e-06 BETTER
I0328 22:30:27.154532 2318967 finetune.py:45] layer 30_up initial loss 2.2200296371011063e-05
I0328 22:30:47.948301 2319037 finetune.py:76] layer 31_o @ epoch 4 new loss 1.714429527055472e-05 old loss 1.5658415577490814e-05 WORSE
I0328 22:30:48.975904 2318897 finetune.py:68] layer 29_up @ epoch 2 new loss 1.0838019079528749e-05 old loss 1.0979419130308088e-05 BETTER
I0328 22:30:55.491282 2318827 finetune.py:68] layer 28_up @ epoch 3 new loss 8.269009413197637e-06 old loss 8.347961738763843e-06 BETTER
I0328 22:30:57.686496 2318967 finetune.py:68] layer 30_up @ epoch 0 new loss 2.1028234186815098e-05 old loss 2.2200296371011063e-05 BETTER
I0328 22:31:19.219698 2319037 finetune.py:45] layer 31_up initial loss 6.724906415911391e-05
I0328 22:31:21.024817 2318897 finetune.py:68] layer 29_up @ epoch 3 new loss 1.0721494618337601e-05 old loss 1.0838019079528749e-05 BETTER
I0328 22:31:29.508397 2318827 finetune.py:68] layer 28_up @ epoch 4 new loss 8.20752393337898e-06 old loss 8.269009413197637e-06 BETTER
I0328 22:31:29.966624 2318967 finetune.py:68] layer 30_up @ epoch 1 new loss 2.0313107597758062e-05 old loss 2.1028234186815098e-05 BETTER
I0328 22:31:49.362866 2319037 finetune.py:68] layer 31_up @ epoch 0 new loss 5.736429011449218e-05 old loss 6.724906415911391e-05 BETTER
I0328 22:31:52.949759 2318897 finetune.py:68] layer 29_up @ epoch 4 new loss 1.0627094525261782e-05 old loss 1.0721494618337601e-05 BETTER
I0328 22:32:01.111744 2318827 finetune.py:45] layer 28_gate initial loss 1.1189646102138795e-05
I0328 22:32:02.285948 2318967 finetune.py:68] layer 30_up @ epoch 2 new loss 1.983662514248863e-05 old loss 2.0313107597758062e-05 BETTER
I0328 22:32:20.621089 2319037 finetune.py:68] layer 31_up @ epoch 1 new loss 5.232749754213728e-05 old loss 5.736429011449218e-05 BETTER
I0328 22:32:24.928871 2318897 finetune.py:45] layer 29_gate initial loss 1.45680987770902e-05
I0328 22:32:31.107686 2318827 finetune.py:68] layer 28_gate @ epoch 0 new loss 1.1105911653430667e-05 old loss 1.1189646102138795e-05 BETTER
I0328 22:32:34.691387 2318967 finetune.py:68] layer 30_up @ epoch 3 new loss 1.9485281882225536e-05 old loss 1.983662514248863e-05 BETTER
I0328 22:32:52.028108 2319037 finetune.py:68] layer 31_up @ epoch 2 new loss 4.902364162262529e-05 old loss 5.232749754213728e-05 BETTER
I0328 22:32:53.570325 2318897 finetune.py:68] layer 29_gate @ epoch 0 new loss 1.4455012205871753e-05 old loss 1.45680987770902e-05 BETTER
I0328 22:33:02.306619 2318827 finetune.py:68] layer 28_gate @ epoch 1 new loss 1.1044085113098845e-05 old loss 1.1105911653430667e-05 BETTER
I0328 22:33:07.110705 2318967 finetune.py:68] layer 30_up @ epoch 4 new loss 1.9215736756450497e-05 old loss 1.9485281882225536e-05 BETTER
I0328 22:33:23.329086 2318897 finetune.py:68] layer 29_gate @ epoch 1 new loss 1.4367076801136136e-05 old loss 1.4455012205871753e-05 BETTER
I0328 22:33:23.617067 2319037 finetune.py:68] layer 31_up @ epoch 3 new loss 4.6413319068960845e-05 old loss 4.902364162262529e-05 BETTER
I0328 22:33:33.906328 2318827 finetune.py:68] layer 28_gate @ epoch 2 new loss 1.099470773624489e-05 old loss 1.1044085113098845e-05 BETTER
I0328 22:33:39.489367 2318967 finetune.py:45] layer 30_gate initial loss 2.4939034119597636e-05
I0328 22:33:52.906322 2318897 finetune.py:68] layer 29_gate @ epoch 2 new loss 1.4308350728242658e-05 old loss 1.4367076801136136e-05 BETTER
I0328 22:33:55.159076 2319037 finetune.py:68] layer 31_up @ epoch 4 new loss 4.451970016816631e-05 old loss 4.6413319068960845e-05 BETTER
I0328 22:34:05.293832 2318827 finetune.py:68] layer 28_gate @ epoch 3 new loss 1.095786410587607e-05 old loss 1.099470773624489e-05 BETTER
I0328 22:34:08.060645 2318967 finetune.py:68] layer 30_gate @ epoch 0 new loss 2.4584956918261014e-05 old loss 2.4939034119597636e-05 BETTER
I0328 22:34:22.670537 2318897 finetune.py:68] layer 29_gate @ epoch 3 new loss 1.4256238500820473e-05 old loss 1.4308350728242658e-05 BETTER
I0328 22:34:26.941743 2319037 finetune.py:45] layer 31_gate initial loss 5.583868551184423e-05
I0328 22:34:36.710734 2318827 finetune.py:68] layer 28_gate @ epoch 4 new loss 1.0923959052888677e-05 old loss 1.095786410587607e-05 BETTER
I0328 22:34:37.918064 2318967 finetune.py:68] layer 30_gate @ epoch 1 new loss 2.4316434064530768e-05 old loss 2.4584956918261014e-05 BETTER
I0328 22:34:52.284263 2318897 finetune.py:68] layer 29_gate @ epoch 4 new loss 1.4222563549992628e-05 old loss 1.4256238500820473e-05 BETTER
I0328 22:34:54.868350 2319037 finetune.py:68] layer 31_gate @ epoch 0 new loss 5.3693438530899584e-05 old loss 5.583868551184423e-05 BETTER
I0328 22:35:07.616377 2318967 finetune.py:68] layer 30_gate @ epoch 2 new loss 2.415647031739354e-05 old loss 2.4316434064530768e-05 BETTER
I0328 22:35:23.840894 2319037 finetune.py:68] layer 31_gate @ epoch 1 new loss 5.219386002863757e-05 old loss 5.3693438530899584e-05 BETTER
I0328 22:35:33.240154 2318827 finetune.py:45] layer 28_down initial loss 1.8277127310284413e-05
I0328 22:35:37.451593 2318967 finetune.py:68] layer 30_gate @ epoch 3 new loss 2.3987147869775072e-05 old loss 2.415647031739354e-05 BETTER
I0328 22:35:49.318311 2318897 finetune.py:45] layer 29_down initial loss 2.4316434064530768e-05
I0328 22:35:53.134191 2319037 finetune.py:68] layer 31_gate @ epoch 2 new loss 5.110720303491689e-05 old loss 5.219386002863757e-05 BETTER
I0328 22:36:00.628021 2318827 finetune.py:68] layer 28_down @ epoch 0 new loss 1.8273778550792485e-05 old loss 1.8277127310284413e-05 BETTER
I0328 22:36:07.373949 2318967 finetune.py:68] layer 30_gate @ epoch 4 new loss 2.3888547730166465e-05 old loss 2.3987147869775072e-05 BETTER
I0328 22:36:15.449248 2318897 finetune.py:68] layer 29_down @ epoch 0 new loss 2.4310313165187836e-05 old loss 2.4316434064530768e-05 BETTER
I0328 22:36:22.327781 2319037 finetune.py:68] layer 31_gate @ epoch 3 new loss 5.0194568757433444e-05 old loss 5.110720303491689e-05 BETTER
I0328 22:36:29.419002 2318827 finetune.py:68] layer 28_down @ epoch 1 new loss 1.8272297893418e-05 old loss 1.8273778550792485e-05 BETTER
I0328 22:36:42.489143 2318897 finetune.py:68] layer 29_down @ epoch 1 new loss 2.4307331841555424e-05 old loss 2.4310313165187836e-05 BETTER
I0328 22:36:51.604841 2319037 finetune.py:68] layer 31_gate @ epoch 4 new loss 4.944422471453436e-05 old loss 5.0194568757433444e-05 BETTER
I0328 22:36:58.196459 2318827 finetune.py:68] layer 28_down @ epoch 2 new loss 1.827136475185398e-05 old loss 1.8272297893418e-05 BETTER
I0328 22:37:04.250998 2318967 finetune.py:45] layer 30_down initial loss 4.121295205550268e-05
I0328 22:37:09.840188 2318897 finetune.py:68] layer 29_down @ epoch 2 new loss 2.4306089471792802e-05 old loss 2.4307331841555424e-05 BETTER
I0328 22:37:27.107441 2318827 finetune.py:68] layer 28_down @ epoch 3 new loss 1.8270884538651444e-05 old loss 1.827136475185398e-05 BETTER
I0328 22:37:30.529830 2318967 finetune.py:68] layer 30_down @ epoch 0 new loss 4.119809091207571e-05 old loss 4.121295205550268e-05 BETTER
I0328 22:37:37.451215 2318897 finetune.py:68] layer 29_down @ epoch 3 new loss 2.4304848921019584e-05 old loss 2.4306089471792802e-05 BETTER
I0328 22:37:48.524737 2319037 finetune.py:45] layer 31_down initial loss 0.00010724826279329136
I0328 22:37:56.082776 2318827 finetune.py:68] layer 28_down @ epoch 4 new loss 1.8270464352099225e-05 old loss 1.8270884538651444e-05 BETTER
I0328 22:37:58.113389 2318967 finetune.py:68] layer 30_down @ epoch 1 new loss 4.1191560740116984e-05 old loss 4.119809091207571e-05 BETTER
28_v proxy err 0.0003275049093645066 tr(WHW.T) 601.4844360351562
bpp_loss 6.105957684805617
28_q proxy err 4.0191313019022346e-05 tr(WHW.T) 23165.142578125
bpp_loss 6.359547790372744
28_k proxy err 2.477394991728943e-05 tr(WHW.T) 14993.1318359375
bpp_loss 7.293489467585459
28_o proxy err 0.00028895711875520647 tr(WHW.T) 2510.75048828125
bpp_loss 5.877345170592889
28_up proxy err 0.0003141407505609095 tr(WHW.T) 10245.6533203125
bpp_loss 5.837033248639533
28_gate proxy err 0.00010237856622552499 tr(WHW.T) 35922.6640625
bpp_loss 6.215506885732923
28_down proxy err 0.00037359812995418906 tr(WHW.T) 7211.8994140625
bpp_loss 5.824381038380254
I0328 22:38:05.023263 2318897 finetune.py:68] layer 29_down @ epoch 4 new loss 2.4303832105943002e-05 old loss 2.4304848921019584e-05 BETTER
29_v proxy err 0.0002510783670004457 tr(WHW.T) 850.4290161132812
bpp_loss 6.175353225320578
29_q proxy err 4.6306431613629684e-05 tr(WHW.T) 20653.26171875
bpp_loss 6.345763331279159
29_k proxy err 2.3508797312388197e-05 tr(WHW.T) 16367.0107421875
bpp_loss 7.420371081214398
29_o proxy err 0.0001893969892989844 tr(WHW.T) 3101.5458984375
bpp_loss 5.917408764013089
29_up proxy err 0.00024589477106928825 tr(WHW.T) 12869.5771484375
bpp_loss 5.870236773842147
29_gate proxy err 9.310706809628755e-05 tr(WHW.T) 38376.83203125
bpp_loss 6.210140821790056
29_down proxy err 0.00031579536153003573 tr(WHW.T) 7472.310546875
bpp_loss 5.842215576275651
I0328 22:38:14.419562 2319037 finetune.py:68] layer 31_down @ epoch 0 new loss 0.0001071957012754865 old loss 0.00010724826279329136 BETTER
I0328 22:38:25.798447 2318967 finetune.py:68] layer 30_down @ epoch 2 new loss 4.1187282477039844e-05 old loss 4.1191560740116984e-05 BETTER
I0328 22:38:41.281227 2319037 finetune.py:68] layer 31_down @ epoch 1 new loss 0.00010717203986132517 old loss 0.0001071957012754865 BETTER
I0328 22:38:53.549650 2318967 finetune.py:68] layer 30_down @ epoch 3 new loss 4.1184968722518533e-05 old loss 4.1187282477039844e-05 BETTER
I0328 22:39:08.236922 2319037 finetune.py:68] layer 31_down @ epoch 2 new loss 0.00010715352982515469 old loss 0.00010717203986132517 BETTER
I0328 22:39:21.266146 2318967 finetune.py:68] layer 30_down @ epoch 4 new loss 4.118266951991245e-05 old loss 4.1184968722518533e-05 BETTER
30_v proxy err 0.00025379739236086607 tr(WHW.T) 863.060791015625
bpp_loss 6.506117347162217
30_q proxy err 3.6894627555739135e-05 tr(WHW.T) 24050.92578125
bpp_loss 6.24584396649152
30_k proxy err 3.0266410249168985e-05 tr(WHW.T) 14030.7314453125
bpp_loss 6.986852645874023
30_o proxy err 0.000131632958073169 tr(WHW.T) 4869.06884765625
bpp_loss 6.007687895442359
30_up proxy err 0.00014579038543161005 tr(WHW.T) 21709.501953125
bpp_loss 5.902064508891532
30_gate proxy err 6.942402251297608e-05 tr(WHW.T) 51948.11328125
bpp_loss 6.270277877870415
30_down proxy err 0.0001948646386153996 tr(WHW.T) 8809.12109375
bpp_loss 5.846070291807076
I0328 22:39:35.268879 2319037 finetune.py:68] layer 31_down @ epoch 3 new loss 0.00010714208474382758 old loss 0.00010715352982515469 BETTER
I0328 22:40:02.380044 2319037 finetune.py:68] layer 31_down @ epoch 4 new loss 0.00010713399387896061 old loss 0.00010714208474382758 BETTER
31_v proxy err 0.00012048245844198391 tr(WHW.T) 1808.723876953125
bpp_loss 6.28263864654582
31_q proxy err 2.0650573787861504e-05 tr(WHW.T) 46175.66015625
bpp_loss 6.420444000978023
31_k proxy err 1.8031470972346142e-05 tr(WHW.T) 20467.64453125
bpp_loss 7.277849041623995
31_o proxy err 0.00011605103645706549 tr(WHW.T) 2213.58154296875
bpp_loss 5.979711925028823
31_up proxy err 4.6699315134901553e-05 tr(WHW.T) 68997.3984375
bpp_loss 6.109050086034196
31_gate proxy err 2.5679722966742702e-05 tr(WHW.T) 144359.640625
bpp_loss 6.52285848664386
31_down proxy err 8.92236566869542e-05 tr(WHW.T) 9962.2353515625
bpp_loss 5.878449603416292
I0328 22:40:29.123716 2319107 utils.py:146] Note: detected 128 virtual cores but NumExpr set to maximum of 64, check "NUMEXPR_MAX_THREADS" environment variable.
I0328 22:40:29.123866 2319107 utils.py:149] Note: NumExpr detected 128 cores but "NUMEXPR_MAX_THREADS" not set, so enforcing safe limit of 16.
I0328 22:40:29.123910 2319107 utils.py:162] NumExpr defaulting to 16 threads.
I0328 22:40:29.458761 2319107 config.py:54] PyTorch version 2.6.0 available.
W0328 22:40:29.677178 2319107 warnings.py:109] /opt/conda/lib/python3.10/site-packages/torchvision/io/image.py:13: UserWarning: Failed to load image Python extension: '/opt/conda/lib/python3.10/site-packages/torchvision/image.so: undefined symbol: _ZN3c1017RegisterOperatorsD1Ev'If you don't plan on using image functionality from `torchvision.io`, you can ignore this warning. Otherwise, there might be something wrong with your environment. Did you have `libjpeg` or `libpng` installed before building `torchvision` from source?
  warn(

I0328 22:40:29.790924 2319107 hfize_llama.py:27] LlamaConfig {
  "_attn_implementation_autoset": true,
  "_name_or_path": "../Wparam_dataset/hf_model/meta-llama--Meta-Llama-3-8B",
  "architectures": [
    "LlamaForCausalLM"
  ],
  "attention_bias": false,
  "attention_dropout": 0.0,
  "bos_token_id": 128000,
  "eos_token_id": 128001,
  "head_dim": 128,
  "hidden_act": "silu",
  "hidden_size": 4096,
  "initializer_range": 0.02,
  "intermediate_size": 14336,
  "max_position_embeddings": 8192,
  "mlp_bias": false,
  "model_type": "llama",
  "num_attention_heads": 32,
  "num_hidden_layers": 32,
  "num_key_value_heads": 8,
  "pretraining_tp": 1,
  "quip_params": {},
  "rms_norm_eps": 1e-05,
  "rope_scaling": null,
  "rope_theta": 500000.0,
  "tie_word_embeddings": false,
  "torch_dtype": "float32",
  "transformers_version": "4.47.1",
  "use_cache": true,
  "vocab_size": 128256
}

Loading checkpoint shards:   0%|          | 0/7 [00:00<?, ?it/s]Loading checkpoint shards:  14%|█▍        | 1/7 [00:00<00:00,  8.29it/s]Loading checkpoint shards:  29%|██▊       | 2/7 [00:00<00:00,  8.51it/s]Loading checkpoint shards:  43%|████▎     | 3/7 [00:00<00:00,  7.87it/s]Loading checkpoint shards:  57%|█████▋    | 4/7 [00:00<00:00,  7.87it/s]Loading checkpoint shards:  71%|███████▏  | 5/7 [00:00<00:00,  8.10it/s]Loading checkpoint shards:  86%|████████▌ | 6/7 [00:00<00:00,  8.36it/s]Loading checkpoint shards: 100%|██████████| 7/7 [00:00<00:00,  8.62it/s]Loading checkpoint shards: 100%|██████████| 7/7 [00:00<00:00,  8.34it/s]
Loading checkpoint shards:   0%|          | 0/7 [00:00<?, ?it/s]Loading checkpoint shards:  14%|█▍        | 1/7 [00:00<00:00,  8.38it/s]Loading checkpoint shards:  29%|██▊       | 2/7 [00:00<00:00,  8.60it/s]Loading checkpoint shards:  43%|████▎     | 3/7 [00:00<00:00,  8.47it/s]Loading checkpoint shards:  57%|█████▋    | 4/7 [00:00<00:00,  8.65it/s]Loading checkpoint shards:  71%|███████▏  | 5/7 [00:00<00:00,  8.82it/s]Loading checkpoint shards:  86%|████████▌ | 6/7 [00:00<00:00,  8.43it/s]Loading checkpoint shards: 100%|██████████| 7/7 [00:00<00:00,  8.64it/s]Loading checkpoint shards: 100%|██████████| 7/7 [00:00<00:00,  8.60it/s]
I0328 22:40:32.783808 2319107 hfize_llama.py:153] loaded layer 0
I0328 22:40:33.113008 2319107 hfize_llama.py:153] loaded layer 1
I0328 22:40:33.483720 2319107 hfize_llama.py:153] loaded layer 2
I0328 22:40:33.847941 2319107 hfize_llama.py:153] loaded layer 3
I0328 22:40:34.244464 2319107 hfize_llama.py:153] loaded layer 4
I0328 22:40:34.635920 2319107 hfize_llama.py:153] loaded layer 5
I0328 22:40:34.957056 2319107 hfize_llama.py:153] loaded layer 6
I0328 22:40:35.295251 2319107 hfize_llama.py:153] loaded layer 7
I0328 22:40:35.629011 2319107 hfize_llama.py:153] loaded layer 8
I0328 22:40:35.928264 2319107 hfize_llama.py:153] loaded layer 9
I0328 22:40:36.307286 2319107 hfize_llama.py:153] loaded layer 10
I0328 22:40:36.609063 2319107 hfize_llama.py:153] loaded layer 11
I0328 22:40:36.937881 2319107 hfize_llama.py:153] loaded layer 12
I0328 22:40:37.259205 2319107 hfize_llama.py:153] loaded layer 13
I0328 22:40:37.589770 2319107 hfize_llama.py:153] loaded layer 14
I0328 22:40:37.893404 2319107 hfize_llama.py:153] loaded layer 15
I0328 22:40:38.226572 2319107 hfize_llama.py:153] loaded layer 16
I0328 22:40:38.593861 2319107 hfize_llama.py:153] loaded layer 17
I0328 22:40:38.968173 2319107 hfize_llama.py:153] loaded layer 18
I0328 22:40:39.305017 2319107 hfize_llama.py:153] loaded layer 19
I0328 22:40:39.641523 2319107 hfize_llama.py:153] loaded layer 20
I0328 22:40:39.958900 2319107 hfize_llama.py:153] loaded layer 21
I0328 22:40:40.306841 2319107 hfize_llama.py:153] loaded layer 22
I0328 22:40:40.645645 2319107 hfize_llama.py:153] loaded layer 23
I0328 22:40:40.964384 2319107 hfize_llama.py:153] loaded layer 24
I0328 22:40:41.303677 2319107 hfize_llama.py:153] loaded layer 25
I0328 22:40:41.652698 2319107 hfize_llama.py:153] loaded layer 26
I0328 22:40:41.996066 2319107 hfize_llama.py:153] loaded layer 27
I0328 22:40:42.375263 2319107 hfize_llama.py:153] loaded layer 28
I0328 22:40:42.726912 2319107 hfize_llama.py:153] loaded layer 29
I0328 22:40:43.324941 2319107 hfize_llama.py:153] loaded layer 30
I0328 22:40:43.695050 2319107 hfize_llama.py:153] loaded layer 31
I0328 22:40:43.695173 2319107 hfize_llama.py:157] saving model...
Loading checkpoint shards:   0%|          | 0/7 [00:00<?, ?it/s]Loading checkpoint shards:  14%|█▍        | 1/7 [00:01<00:08,  1.46s/it]Loading checkpoint shards:  29%|██▊       | 2/7 [00:02<00:05,  1.14s/it]Loading checkpoint shards:  43%|████▎     | 3/7 [00:03<00:04,  1.03s/it]Loading checkpoint shards:  57%|█████▋    | 4/7 [00:04<00:03,  1.19s/it]Loading checkpoint shards:  71%|███████▏  | 5/7 [00:06<00:02,  1.29s/it]Loading checkpoint shards:  86%|████████▌ | 6/7 [00:07<00:01,  1.35s/it]Loading checkpoint shards: 100%|██████████| 7/7 [00:08<00:00,  1.16s/it]Loading checkpoint shards: 100%|██████████| 7/7 [00:08<00:00,  1.20s/it]
I0328 22:41:34.065496 2319107 hfize_llama.py:167] successfully loaded hfized model
I0328 22:41:39.216586 2319325 utils.py:146] Note: detected 128 virtual cores but NumExpr set to maximum of 64, check "NUMEXPR_MAX_THREADS" environment variable.
I0328 22:41:39.216722 2319325 utils.py:149] Note: NumExpr detected 128 cores but "NUMEXPR_MAX_THREADS" not set, so enforcing safe limit of 16.
I0328 22:41:39.216764 2319325 utils.py:162] NumExpr defaulting to 16 threads.
W0328 22:41:39.572174 2319325 warnings.py:109] /opt/conda/lib/python3.10/site-packages/torchvision/io/image.py:13: UserWarning: Failed to load image Python extension: '/opt/conda/lib/python3.10/site-packages/torchvision/image.so: undefined symbol: _ZN3c1017RegisterOperatorsD1Ev'If you don't plan on using image functionality from `torchvision.io`, you can ignore this warning. Otherwise, there might be something wrong with your environment. Did you have `libjpeg` or `libpng` installed before building `torchvision` from source?
  warn(

I0328 22:41:39.912050 2319325 modeling.py:990] We will use 90% of the memory on device 0 for storing the model, and 10% for the buffer to avoid OOM. You can set `max_memory` in to a higher value to use more memory (at your own risk).
Loading checkpoint shards:   0%|          | 0/7 [00:00<?, ?it/s]Loading checkpoint shards:  14%|█▍        | 1/7 [00:01<00:07,  1.17s/it]Loading checkpoint shards:  29%|██▊       | 2/7 [00:02<00:05,  1.08s/it]Loading checkpoint shards:  43%|████▎     | 3/7 [00:03<00:04,  1.05s/it]Loading checkpoint shards:  57%|█████▋    | 4/7 [00:04<00:03,  1.21s/it]Loading checkpoint shards:  71%|███████▏  | 5/7 [00:06<00:02,  1.35s/it]Loading checkpoint shards:  86%|████████▌ | 6/7 [00:08<00:01,  1.49s/it]Loading checkpoint shards: 100%|██████████| 7/7 [00:08<00:00,  1.29s/it]Loading checkpoint shards: 100%|██████████| 7/7 [00:08<00:00,  1.27s/it]
I0328 22:41:48.910205 2319325 config.py:54] PyTorch version 2.6.0 available.
