I0328 05:40:03.052562 2210624 utils.py:146] Note: detected 128 virtual cores but NumExpr set to maximum of 64, check "NUMEXPR_MAX_THREADS" environment variable.
I0328 05:40:03.052667 2210624 utils.py:149] Note: NumExpr detected 128 cores but "NUMEXPR_MAX_THREADS" not set, so enforcing safe limit of 16.
I0328 05:40:03.052708 2210624 utils.py:162] NumExpr defaulting to 16 threads.
I0328 05:40:03.373714 2210624 config.py:54] PyTorch version 2.6.0 available.
W0328 05:40:03.562035 2210624 warnings.py:109] /opt/conda/lib/python3.10/site-packages/torchvision/io/image.py:13: UserWarning: Failed to load image Python extension: '/opt/conda/lib/python3.10/site-packages/torchvision/image.so: undefined symbol: _ZN3c1017RegisterOperatorsD1Ev'If you don't plan on using image functionality from `torchvision.io`, you can ignore this warning. Otherwise, there might be something wrong with your environment. Did you have `libjpeg` or `libpng` installed before building `torchvision` from source?
  warn(

W0328 05:40:04.125166 2210624 warnings.py:109] /opt/conda/lib/python3.10/site-packages/compressai/models/video/google.py:353: FutureWarning: `torch.cuda.amp.autocast(args...)` is deprecated. Please use `torch.amp.autocast('cuda', args...)` instead.
  @amp.autocast(enabled=False)

Loading checkpoint shards:   0%|          | 0/7 [00:00<?, ?it/s]Loading checkpoint shards:  14%|█▍        | 1/7 [00:00<00:00,  7.27it/s]Loading checkpoint shards:  29%|██▊       | 2/7 [00:00<00:00,  7.72it/s]Loading checkpoint shards:  43%|████▎     | 3/7 [00:00<00:00,  7.85it/s]Loading checkpoint shards:  57%|█████▋    | 4/7 [00:00<00:00,  7.93it/s]Loading checkpoint shards:  71%|███████▏  | 5/7 [00:00<00:00,  7.61it/s]Loading checkpoint shards:  86%|████████▌ | 6/7 [00:00<00:00,  7.76it/s]Loading checkpoint shards: 100%|██████████| 7/7 [00:00<00:00,  7.93it/s]Loading checkpoint shards: 100%|██████████| 7/7 [00:00<00:00,  7.81it/s]
I0328 05:40:05.593857 2210624 quantize_finetune_llama.py:150] loaded model
calculating model weight mean & std:   0%|          | 0/32 [00:00<?, ?it/s]calculating model weight mean & std:   3%|▎         | 1/32 [00:00<00:22,  1.40it/s]calculating model weight mean & std:   6%|▋         | 2/32 [00:01<00:18,  1.66it/s]calculating model weight mean & std:   9%|▉         | 3/32 [00:01<00:16,  1.77it/s]calculating model weight mean & std:  12%|█▎        | 4/32 [00:02<00:15,  1.83it/s]calculating model weight mean & std:  16%|█▌        | 5/32 [00:02<00:14,  1.86it/s]calculating model weight mean & std:  19%|█▉        | 6/32 [00:03<00:13,  1.87it/s]calculating model weight mean & std:  22%|██▏       | 7/32 [00:03<00:13,  1.89it/s]calculating model weight mean & std:  25%|██▌       | 8/32 [00:04<00:12,  1.90it/s]calculating model weight mean & std:  28%|██▊       | 9/32 [00:04<00:12,  1.92it/s]calculating model weight mean & std:  31%|███▏      | 10/32 [00:05<00:11,  1.91it/s]calculating model weight mean & std:  34%|███▍      | 11/32 [00:05<00:10,  1.91it/s]calculating model weight mean & std:  38%|███▊      | 12/32 [00:06<00:10,  1.91it/s]calculating model weight mean & std:  41%|████      | 13/32 [00:06<00:09,  1.91it/s]calculating model weight mean & std:  44%|████▍     | 14/32 [00:07<00:09,  1.91it/s]calculating model weight mean & std:  47%|████▋     | 15/32 [00:08<00:08,  1.92it/s]calculating model weight mean & std:  50%|█████     | 16/32 [00:08<00:08,  1.88it/s]calculating model weight mean & std:  53%|█████▎    | 17/32 [00:09<00:07,  1.91it/s]calculating model weight mean & std:  56%|█████▋    | 18/32 [00:09<00:07,  1.93it/s]calculating model weight mean & std:  59%|█████▉    | 19/32 [00:10<00:06,  1.94it/s]calculating model weight mean & std:  62%|██████▎   | 20/32 [00:10<00:06,  1.94it/s]calculating model weight mean & std:  66%|██████▌   | 21/32 [00:11<00:05,  1.94it/s]calculating model weight mean & std:  69%|██████▉   | 22/32 [00:11<00:05,  1.94it/s]calculating model weight mean & std:  72%|███████▏  | 23/32 [00:12<00:04,  1.94it/s]calculating model weight mean & std:  75%|███████▌  | 24/32 [00:12<00:04,  1.95it/s]calculating model weight mean & std:  78%|███████▊  | 25/32 [00:13<00:03,  1.95it/s]calculating model weight mean & std:  81%|████████▏ | 26/32 [00:13<00:03,  1.95it/s]calculating model weight mean & std:  84%|████████▍ | 27/32 [00:14<00:02,  1.96it/s]calculating model weight mean & std:  88%|████████▊ | 28/32 [00:14<00:02,  1.96it/s]calculating model weight mean & std:  91%|█████████ | 29/32 [00:15<00:01,  1.96it/s]calculating model weight mean & std:  94%|█████████▍| 30/32 [00:15<00:01,  1.96it/s]calculating model weight mean & std:  97%|█████████▋| 31/32 [00:16<00:00,  1.95it/s]calculating model weight mean & std: 100%|██████████| 32/32 [00:16<00:00,  1.94it/s]calculating model weight mean & std: 100%|██████████| 32/32 [00:16<00:00,  1.91it/s]
I0328 05:40:28.227450 2210624 quantize_finetune_llama.py:185] loaded compression model
I0328 05:40:46.660983 2210624 quantize_finetune_llama.py:189] loaded dataset and devset
I0328 05:40:51.703468 2210624 quantize_finetune_llama.py:209] layer 0 gpu 0
The attention layers in this model are transitioning from computing the RoPE embeddings internally through `position_ids` (2D tensor with the indexes of the tokens), to using externally computed `position_embeddings` (Tuple of tensors, containing cos and sin). In v4.46 `position_ids` will be removed and `position_embeddings` will be mandatory.
I0328 05:41:50.324656 2210624 quantize_finetune_llama.py:240] computed original embedding for layer 0 in 58.47732973098755s
tensor(-4.7143e-06) tensor(0.0125)
tensor(0.0125) tensor(-4.7143e-06)
huggingface/tokenizers: The current process just got forked, after parallelism has already been used. Disabling parallelism to avoid deadlocks...
To disable this warning, you can either:
	- Avoid using `tokenizers` before the fork if possible
	- Explicitly set the environment variable TOKENIZERS_PARALLELISM=(true | false)
I0328 05:42:09.502027 2211980 utils.py:146] Note: detected 128 virtual cores but NumExpr set to maximum of 64, check "NUMEXPR_MAX_THREADS" environment variable.
I0328 05:42:09.502129 2211980 utils.py:149] Note: NumExpr detected 128 cores but "NUMEXPR_MAX_THREADS" not set, so enforcing safe limit of 16.
I0328 05:42:09.502167 2211980 utils.py:162] NumExpr defaulting to 16 threads.
I0328 05:42:09.823377 2211980 config.py:54] PyTorch version 2.6.0 available.
W0328 05:42:10.011124 2211980 warnings.py:109] /opt/conda/lib/python3.10/site-packages/torchvision/io/image.py:13: UserWarning: Failed to load image Python extension: '/opt/conda/lib/python3.10/site-packages/torchvision/image.so: undefined symbol: _ZN3c1017RegisterOperatorsD1Ev'If you don't plan on using image functionality from `torchvision.io`, you can ignore this warning. Otherwise, there might be something wrong with your environment. Did you have `libjpeg` or `libpng` installed before building `torchvision` from source?
  warn(

W0328 05:42:10.558771 2211980 warnings.py:109] /opt/conda/lib/python3.10/site-packages/compressai/models/video/google.py:353: FutureWarning: `torch.cuda.amp.autocast(args...)` is deprecated. Please use `torch.amp.autocast('cuda', args...)` instead.
  @amp.autocast(enabled=False)

I0328 05:42:10.562442 2210624 quantize_finetune_llama.py:209] layer 1 gpu 1
I0328 05:42:10.578030 2211980 data_utils.py:336] using 256 training seqs, 128 validation seqs
The attention layers in this model are transitioning from computing the RoPE embeddings internally through `position_ids` (2D tensor with the indexes of the tokens), to using externally computed `position_embeddings` (Tuple of tensors, containing cos and sin). In v4.46 `position_ids` will be removed and `position_embeddings` will be mandatory.
I0328 05:42:26.657649 2211980 finetune.py:45] layer 0_v initial loss 1.0249929118799628e-06
W0328 05:42:26.657887 2211980 warnings.py:109] /workspace/Weight_compression/comp_lm_qtip/lib/algo/finetune.py:46: FutureWarning: `torch.cuda.amp.GradScaler(args...)` is deprecated. Please use `torch.amp.GradScaler('cuda', args...)` instead.
  scaler = torch.cuda.amp.GradScaler(enabled=(orig_dtype==torch.float16))

I0328 05:43:01.033779 2211980 finetune.py:68] layer 0_v @ epoch 0 new loss 9.172014188152389e-07 old loss 1.0249929118799628e-06 BETTER
I0328 05:43:05.736821 2210624 quantize_finetune_llama.py:240] computed original embedding for layer 1 in 54.992305755615234s
I0328 05:43:14.690838 2212675 utils.py:146] Note: detected 128 virtual cores but NumExpr set to maximum of 64, check "NUMEXPR_MAX_THREADS" environment variable.
I0328 05:43:14.690947 2212675 utils.py:149] Note: NumExpr detected 128 cores but "NUMEXPR_MAX_THREADS" not set, so enforcing safe limit of 16.
I0328 05:43:14.690991 2212675 utils.py:162] NumExpr defaulting to 16 threads.
I0328 05:43:15.015522 2212675 config.py:54] PyTorch version 2.6.0 available.
W0328 05:43:15.230340 2212675 warnings.py:109] /opt/conda/lib/python3.10/site-packages/torchvision/io/image.py:13: UserWarning: Failed to load image Python extension: '/opt/conda/lib/python3.10/site-packages/torchvision/image.so: undefined symbol: _ZN3c1017RegisterOperatorsD1Ev'If you don't plan on using image functionality from `torchvision.io`, you can ignore this warning. Otherwise, there might be something wrong with your environment. Did you have `libjpeg` or `libpng` installed before building `torchvision` from source?
  warn(

W0328 05:43:15.812141 2212675 warnings.py:109] /opt/conda/lib/python3.10/site-packages/compressai/models/video/google.py:353: FutureWarning: `torch.cuda.amp.autocast(args...)` is deprecated. Please use `torch.amp.autocast('cuda', args...)` instead.
  @amp.autocast(enabled=False)

I0328 05:43:15.815684 2210624 quantize_finetune_llama.py:209] layer 2 gpu 2
I0328 05:43:15.829740 2212675 data_utils.py:336] using 256 training seqs, 128 validation seqs
The attention layers in this model are transitioning from computing the RoPE embeddings internally through `position_ids` (2D tensor with the indexes of the tokens), to using externally computed `position_embeddings` (Tuple of tensors, containing cos and sin). In v4.46 `position_ids` will be removed and `position_embeddings` will be mandatory.
I0328 05:43:32.279784 2212675 finetune.py:45] layer 1_v initial loss 1.0785691301862244e-05
W0328 05:43:32.279982 2212675 warnings.py:109] /workspace/Weight_compression/comp_lm_qtip/lib/algo/finetune.py:46: FutureWarning: `torch.cuda.amp.GradScaler(args...)` is deprecated. Please use `torch.amp.GradScaler('cuda', args...)` instead.
  scaler = torch.cuda.amp.GradScaler(enabled=(orig_dtype==torch.float16))

I0328 05:43:36.915659 2211980 finetune.py:68] layer 0_v @ epoch 1 new loss 8.812709211269976e-07 old loss 9.172014188152389e-07 BETTER
I0328 05:44:05.002210 2212675 finetune.py:68] layer 1_v @ epoch 0 new loss 2.605856934678741e-06 old loss 1.0785691301862244e-05 BETTER
I0328 05:44:12.923606 2211980 finetune.py:68] layer 0_v @ epoch 2 new loss 8.624446081739734e-07 old loss 8.812709211269976e-07 BETTER
I0328 05:44:20.196182 2210624 quantize_finetune_llama.py:240] computed original embedding for layer 2 in 64.18492412567139s
I0328 05:44:28.978159 2213487 utils.py:146] Note: detected 128 virtual cores but NumExpr set to maximum of 64, check "NUMEXPR_MAX_THREADS" environment variable.
I0328 05:44:28.978269 2213487 utils.py:149] Note: NumExpr detected 128 cores but "NUMEXPR_MAX_THREADS" not set, so enforcing safe limit of 16.
I0328 05:44:28.978313 2213487 utils.py:162] NumExpr defaulting to 16 threads.
I0328 05:44:29.339367 2213487 config.py:54] PyTorch version 2.6.0 available.
W0328 05:44:29.539671 2213487 warnings.py:109] /opt/conda/lib/python3.10/site-packages/torchvision/io/image.py:13: UserWarning: Failed to load image Python extension: '/opt/conda/lib/python3.10/site-packages/torchvision/image.so: undefined symbol: _ZN3c1017RegisterOperatorsD1Ev'If you don't plan on using image functionality from `torchvision.io`, you can ignore this warning. Otherwise, there might be something wrong with your environment. Did you have `libjpeg` or `libpng` installed before building `torchvision` from source?
  warn(

W0328 05:44:30.163604 2213487 warnings.py:109] /opt/conda/lib/python3.10/site-packages/compressai/models/video/google.py:353: FutureWarning: `torch.cuda.amp.autocast(args...)` is deprecated. Please use `torch.amp.autocast('cuda', args...)` instead.
  @amp.autocast(enabled=False)

I0328 05:44:30.167555 2210624 quantize_finetune_llama.py:209] layer 3 gpu 3
I0328 05:44:30.182608 2213487 data_utils.py:336] using 256 training seqs, 128 validation seqs
I0328 05:44:39.088134 2212675 finetune.py:68] layer 1_v @ epoch 1 new loss 1.611399966350291e-06 old loss 2.605856934678741e-06 BETTER
The attention layers in this model are transitioning from computing the RoPE embeddings internally through `position_ids` (2D tensor with the indexes of the tokens), to using externally computed `position_embeddings` (Tuple of tensors, containing cos and sin). In v4.46 `position_ids` will be removed and `position_embeddings` will be mandatory.
I0328 05:44:46.950557 2213487 finetune.py:45] layer 2_v initial loss 2.0308179955463856e-05
W0328 05:44:46.950871 2213487 warnings.py:109] /workspace/Weight_compression/comp_lm_qtip/lib/algo/finetune.py:46: FutureWarning: `torch.cuda.amp.GradScaler(args...)` is deprecated. Please use `torch.amp.GradScaler('cuda', args...)` instead.
  scaler = torch.cuda.amp.GradScaler(enabled=(orig_dtype==torch.float16))

I0328 05:44:49.126003 2211980 finetune.py:68] layer 0_v @ epoch 3 new loss 8.502979085278639e-07 old loss 8.624446081739734e-07 BETTER
I0328 05:45:13.380771 2212675 finetune.py:68] layer 1_v @ epoch 2 new loss 1.3799218550047954e-06 old loss 1.611399966350291e-06 BETTER
I0328 05:45:20.174736 2213487 finetune.py:68] layer 2_v @ epoch 0 new loss 3.737644647117122e-06 old loss 2.0308179955463856e-05 BETTER
I0328 05:45:25.791830 2211980 finetune.py:68] layer 0_v @ epoch 4 new loss 8.414399417233653e-07 old loss 8.502979085278639e-07 BETTER
I0328 05:45:35.063248 2210624 quantize_finetune_llama.py:240] computed original embedding for layer 3 in 64.72167944908142s
I0328 05:45:47.421320 2214371 utils.py:146] Note: detected 128 virtual cores but NumExpr set to maximum of 64, check "NUMEXPR_MAX_THREADS" environment variable.
I0328 05:45:47.421447 2214371 utils.py:149] Note: NumExpr detected 128 cores but "NUMEXPR_MAX_THREADS" not set, so enforcing safe limit of 16.
I0328 05:45:47.421502 2214371 utils.py:162] NumExpr defaulting to 16 threads.
I0328 05:45:47.617587 2211980 finetune.py:45] layer 0_q initial loss 8.425952842117113e-07
I0328 05:45:47.794366 2214371 config.py:54] PyTorch version 2.6.0 available.
I0328 05:45:47.909127 2212675 finetune.py:68] layer 1_v @ epoch 3 new loss 1.2824347095374833e-06 old loss 1.3799218550047954e-06 BETTER
W0328 05:45:48.003245 2214371 warnings.py:109] /opt/conda/lib/python3.10/site-packages/torchvision/io/image.py:13: UserWarning: Failed to load image Python extension: '/opt/conda/lib/python3.10/site-packages/torchvision/image.so: undefined symbol: _ZN3c1017RegisterOperatorsD1Ev'If you don't plan on using image functionality from `torchvision.io`, you can ignore this warning. Otherwise, there might be something wrong with your environment. Did you have `libjpeg` or `libpng` installed before building `torchvision` from source?
  warn(

W0328 05:45:48.611000 2214371 warnings.py:109] /opt/conda/lib/python3.10/site-packages/compressai/models/video/google.py:353: FutureWarning: `torch.cuda.amp.autocast(args...)` is deprecated. Please use `torch.amp.autocast('cuda', args...)` instead.
  @amp.autocast(enabled=False)

I0328 05:45:48.614899 2210624 quantize_finetune_llama.py:209] layer 4 gpu 0
I0328 05:45:48.627737 2214371 data_utils.py:336] using 256 training seqs, 128 validation seqs
I0328 05:45:54.506693 2213487 finetune.py:68] layer 2_v @ epoch 1 new loss 2.1617315724142827e-06 old loss 3.737644647117122e-06 BETTER
The attention layers in this model are transitioning from computing the RoPE embeddings internally through `position_ids` (2D tensor with the indexes of the tokens), to using externally computed `position_embeddings` (Tuple of tensors, containing cos and sin). In v4.46 `position_ids` will be removed and `position_embeddings` will be mandatory.
I0328 05:46:05.444648 2214371 finetune.py:45] layer 3_v initial loss 2.0120676708756946e-05
W0328 05:46:05.444954 2214371 warnings.py:109] /workspace/Weight_compression/comp_lm_qtip/lib/algo/finetune.py:46: FutureWarning: `torch.cuda.amp.GradScaler(args...)` is deprecated. Please use `torch.amp.GradScaler('cuda', args...)` instead.
  scaler = torch.cuda.amp.GradScaler(enabled=(orig_dtype==torch.float16))

I0328 05:46:22.429474 2211980 finetune.py:68] layer 0_q @ epoch 0 new loss 8.352720328730356e-07 old loss 8.425952842117113e-07 BETTER
I0328 05:46:22.540202 2212675 finetune.py:68] layer 1_v @ epoch 4 new loss 1.2225589216541266e-06 old loss 1.2824347095374833e-06 BETTER
I0328 05:46:29.037381 2213487 finetune.py:68] layer 2_v @ epoch 2 new loss 1.9030319435842102e-06 old loss 2.1617315724142827e-06 BETTER
I0328 05:46:38.217757 2214371 finetune.py:68] layer 3_v @ epoch 0 new loss 4.976174295734381e-06 old loss 2.0120676708756946e-05 BETTER
I0328 05:46:42.028896 2212675 finetune.py:45] layer 1_q initial loss 1.2422003692336148e-06
I0328 05:46:58.256251 2211980 finetune.py:68] layer 0_q @ epoch 1 new loss 8.291128210657916e-07 old loss 8.352720328730356e-07 BETTER
I0328 05:47:03.889445 2213487 finetune.py:68] layer 2_v @ epoch 3 new loss 1.8164798802899895e-06 old loss 1.9030319435842102e-06 BETTER
I0328 05:47:12.469316 2214371 finetune.py:68] layer 3_v @ epoch 1 new loss 3.4029023936454905e-06 old loss 4.976174295734381e-06 BETTER
I0328 05:47:15.361869 2212675 finetune.py:68] layer 1_q @ epoch 0 new loss 1.1866204658872448e-06 old loss 1.2422003692336148e-06 BETTER
I0328 05:47:34.390576 2211980 finetune.py:68] layer 0_q @ epoch 2 new loss 8.238320106102037e-07 old loss 8.291128210657916e-07 BETTER
I0328 05:47:38.923232 2213487 finetune.py:68] layer 2_v @ epoch 4 new loss 1.7652415635893703e-06 old loss 1.8164798802899895e-06 BETTER
I0328 05:47:46.860396 2214371 finetune.py:68] layer 3_v @ epoch 2 new loss 3.023606041097082e-06 old loss 3.4029023936454905e-06 BETTER
I0328 05:47:49.455959 2212675 finetune.py:68] layer 1_q @ epoch 1 new loss 1.1462753946034354e-06 old loss 1.1866204658872448e-06 BETTER
I0328 05:47:58.189375 2213487 finetune.py:45] layer 2_q initial loss 2.008117917284835e-06
I0328 05:48:10.860576 2211980 finetune.py:68] layer 0_q @ epoch 3 new loss 8.191127562895417e-07 old loss 8.238320106102037e-07 BETTER
I0328 05:48:21.370990 2214371 finetune.py:68] layer 3_v @ epoch 3 new loss 2.858856078091776e-06 old loss 3.023606041097082e-06 BETTER
I0328 05:48:23.805054 2212675 finetune.py:68] layer 1_q @ epoch 2 new loss 1.114532892643183e-06 old loss 1.1462753946034354e-06 BETTER
I0328 05:48:31.883367 2213487 finetune.py:68] layer 2_q @ epoch 0 new loss 1.95061670638097e-06 old loss 2.008117917284835e-06 BETTER
I0328 05:48:47.159849 2211980 finetune.py:68] layer 0_q @ epoch 4 new loss 8.147233074851101e-07 old loss 8.191127562895417e-07 BETTER
I0328 05:48:56.088574 2214371 finetune.py:68] layer 3_v @ epoch 4 new loss 2.7613918973656837e-06 old loss 2.858856078091776e-06 BETTER
I0328 05:48:58.160394 2212675 finetune.py:68] layer 1_q @ epoch 3 new loss 1.088575345420395e-06 old loss 1.114532892643183e-06 BETTER
I0328 05:49:04.819307 2211980 finetune.py:45] layer 0_k initial loss 8.170465548573702e-07
I0328 05:49:06.394091 2213487 finetune.py:68] layer 2_q @ epoch 1 new loss 1.9140184122079518e-06 old loss 1.95061670638097e-06 BETTER
I0328 05:49:15.449325 2214371 finetune.py:45] layer 3_q initial loss 3.251786438340787e-06
I0328 05:49:32.488886 2212675 finetune.py:68] layer 1_q @ epoch 4 new loss 1.0667973810996045e-06 old loss 1.088575345420395e-06 BETTER
I0328 05:49:39.911622 2211980 finetune.py:68] layer 0_k @ epoch 0 new loss 8.131075333039917e-07 old loss 8.170465548573702e-07 BETTER
I0328 05:49:40.968924 2213487 finetune.py:68] layer 2_q @ epoch 2 new loss 1.8856418364521232e-06 old loss 1.9140184122079518e-06 BETTER
I0328 05:49:48.555958 2214371 finetune.py:68] layer 3_q @ epoch 0 new loss 3.1561669402435655e-06 old loss 3.251786438340787e-06 BETTER
I0328 05:49:50.072824 2212675 finetune.py:45] layer 1_k initial loss 1.0866119737329427e-06
I0328 05:50:15.548954 2213487 finetune.py:68] layer 2_q @ epoch 3 new loss 1.8631722014106344e-06 old loss 1.8856418364521232e-06 BETTER
I0328 05:50:16.018071 2211980 finetune.py:68] layer 0_k @ epoch 1 new loss 8.094692702798056e-07 old loss 8.131075333039917e-07 BETTER
I0328 05:50:22.873363 2214371 finetune.py:68] layer 3_q @ epoch 1 new loss 3.095696911259438e-06 old loss 3.1561669402435655e-06 BETTER
I0328 05:50:23.288551 2212675 finetune.py:68] layer 1_k @ epoch 0 new loss 1.0653758408807334e-06 old loss 1.0866119737329427e-06 BETTER
I0328 05:50:50.359135 2213487 finetune.py:68] layer 2_q @ epoch 4 new loss 1.8439052382746013e-06 old loss 1.8631722014106344e-06 BETTER
I0328 05:50:52.611735 2211980 finetune.py:68] layer 0_k @ epoch 2 new loss 8.061643370638194e-07 old loss 8.094692702798056e-07 BETTER
I0328 05:50:56.967550 2214371 finetune.py:68] layer 3_q @ epoch 2 new loss 3.0518376661348157e-06 old loss 3.095696911259438e-06 BETTER
I0328 05:50:57.308136 2212675 finetune.py:68] layer 1_k @ epoch 1 new loss 1.0487232202649466e-06 old loss 1.0653758408807334e-06 BETTER
I0328 05:51:08.095491 2213487 finetune.py:45] layer 2_k initial loss 1.9344956854183692e-06
I0328 05:51:29.375082 2211980 finetune.py:68] layer 0_k @ epoch 3 new loss 8.0296484838982e-07 old loss 8.061643370638194e-07 BETTER
I0328 05:51:31.231401 2214371 finetune.py:68] layer 3_q @ epoch 3 new loss 3.0148792120598955e-06 old loss 3.0518376661348157e-06 BETTER
I0328 05:51:31.517046 2212675 finetune.py:68] layer 1_k @ epoch 2 new loss 1.034698811963608e-06 old loss 1.0487232202649466e-06 BETTER
I0328 05:51:41.599116 2213487 finetune.py:68] layer 2_k @ epoch 0 new loss 1.913293090183288e-06 old loss 1.9344956854183692e-06 BETTER
I0328 05:52:05.591252 2214371 finetune.py:68] layer 3_q @ epoch 4 new loss 2.984397042382625e-06 old loss 3.0148792120598955e-06 BETTER
I0328 05:52:05.856450 2212675 finetune.py:68] layer 1_k @ epoch 3 new loss 1.0220455806120299e-06 old loss 1.034698811963608e-06 BETTER
I0328 05:52:06.218411 2211980 finetune.py:68] layer 0_k @ epoch 4 new loss 7.999936428859655e-07 old loss 8.0296484838982e-07 BETTER
I0328 05:52:16.129160 2213487 finetune.py:68] layer 2_k @ epoch 1 new loss 1.898785285447957e-06 old loss 1.913293090183288e-06 BETTER
I0328 05:52:22.993123 2214371 finetune.py:45] layer 3_k initial loss 3.1881497761787614e-06
I0328 05:52:25.546552 2211980 finetune.py:45] layer 0_o initial loss 1.3139301699993666e-06
I0328 05:52:40.402635 2212675 finetune.py:68] layer 1_k @ epoch 4 new loss 1.0107518164659268e-06 old loss 1.0220455806120299e-06 BETTER
I0328 05:52:50.652936 2213487 finetune.py:68] layer 2_k @ epoch 2 new loss 1.886117274807475e-06 old loss 1.898785285447957e-06 BETTER
I0328 05:52:55.966798 2214371 finetune.py:68] layer 3_k @ epoch 0 new loss 3.1574807053402765e-06 old loss 3.1881497761787614e-06 BETTER
I0328 05:52:59.789498 2212675 finetune.py:45] layer 1_o initial loss 2.968906301248353e-06
I0328 05:53:00.393065 2211980 finetune.py:68] layer 0_o @ epoch 0 new loss 1.3078823712930898e-06 old loss 1.3139301699993666e-06 BETTER
I0328 05:53:25.274411 2213487 finetune.py:68] layer 2_k @ epoch 3 new loss 1.8749749415292172e-06 old loss 1.886117274807475e-06 BETTER
I0328 05:53:29.929594 2214371 finetune.py:68] layer 3_k @ epoch 1 new loss 3.1346562536782585e-06 old loss 3.1574807053402765e-06 BETTER
I0328 05:53:32.673087 2212675 finetune.py:68] layer 1_o @ epoch 0 new loss 2.8348308660497423e-06 old loss 2.968906301248353e-06 BETTER
I0328 05:53:35.971898 2211980 finetune.py:68] layer 0_o @ epoch 1 new loss 1.3031645949013182e-06 old loss 1.3078823712930898e-06 BETTER
I0328 05:53:59.952892 2213487 finetune.py:68] layer 2_k @ epoch 4 new loss 1.8645022237251396e-06 old loss 1.8749749415292172e-06 BETTER
I0328 05:54:04.187285 2214371 finetune.py:68] layer 3_k @ epoch 2 new loss 3.1145932553044986e-06 old loss 3.1346562536782585e-06 BETTER
I0328 05:54:06.318631 2212675 finetune.py:68] layer 1_o @ epoch 1 new loss 2.736483338594553e-06 old loss 2.8348308660497423e-06 BETTER
I0328 05:54:11.599060 2211980 finetune.py:68] layer 0_o @ epoch 2 new loss 1.299196810577996e-06 old loss 1.3031645949013182e-06 BETTER
I0328 05:54:19.470574 2213487 finetune.py:45] layer 2_o initial loss 4.668306701205438e-06
I0328 05:54:38.342983 2214371 finetune.py:68] layer 3_k @ epoch 3 new loss 3.096766022281372e-06 old loss 3.1145932553044986e-06 BETTER
I0328 05:54:40.063678 2212675 finetune.py:68] layer 1_o @ epoch 2 new loss 2.6609484393702587e-06 old loss 2.736483338594553e-06 BETTER
I0328 05:54:47.217344 2211980 finetune.py:68] layer 0_o @ epoch 3 new loss 1.295769720854878e-06 old loss 1.299196810577996e-06 BETTER
I0328 05:54:52.425190 2213487 finetune.py:68] layer 2_o @ epoch 0 new loss 4.408797394717112e-06 old loss 4.668306701205438e-06 BETTER
I0328 05:55:12.487522 2214371 finetune.py:68] layer 3_k @ epoch 4 new loss 3.0801950288150692e-06 old loss 3.096766022281372e-06 BETTER
I0328 05:55:13.775122 2212675 finetune.py:68] layer 1_o @ epoch 3 new loss 2.6040111151814926e-06 old loss 2.6609484393702587e-06 BETTER
I0328 05:55:22.917022 2211980 finetune.py:68] layer 0_o @ epoch 4 new loss 1.2927874877277645e-06 old loss 1.295769720854878e-06 BETTER
I0328 05:55:26.294886 2213487 finetune.py:68] layer 2_o @ epoch 1 new loss 4.256635293131694e-06 old loss 4.408797394717112e-06 BETTER
I0328 05:55:31.553191 2214371 finetune.py:45] layer 3_o initial loss 7.3109858931275085e-06
I0328 05:55:47.477243 2212675 finetune.py:68] layer 1_o @ epoch 4 new loss 2.556069830461638e-06 old loss 2.6040111151814926e-06 BETTER
I0328 05:55:53.698476 2211980 finetune.py:45] layer 0_up initial loss 1.781067339834408e-06
I0328 05:56:00.240720 2213487 finetune.py:68] layer 2_o @ epoch 2 new loss 4.161138804192888e-06 old loss 4.256635293131694e-06 BETTER
I0328 05:56:04.109103 2214371 finetune.py:68] layer 3_o @ epoch 0 new loss 6.968883099034429e-06 old loss 7.3109858931275085e-06 BETTER
I0328 05:56:18.409993 2212675 finetune.py:45] layer 1_up initial loss 3.683670911414083e-06
I0328 05:56:25.549450 2211980 finetune.py:68] layer 0_up @ epoch 0 new loss 1.7749739527062047e-06 old loss 1.781067339834408e-06 BETTER
I0328 05:56:34.290288 2213487 finetune.py:68] layer 2_o @ epoch 3 new loss 4.097292730875779e-06 old loss 4.161138804192888e-06 BETTER
I0328 05:56:37.408588 2214371 finetune.py:68] layer 3_o @ epoch 1 new loss 6.8490885496430565e-06 old loss 6.968883099034429e-06 BETTER
I0328 05:56:48.854922 2212675 finetune.py:68] layer 1_up @ epoch 0 new loss 3.64845504918776e-06 old loss 3.683670911414083e-06 BETTER
I0328 05:56:58.625988 2211980 finetune.py:68] layer 0_up @ epoch 1 new loss 1.7706238395476248e-06 old loss 1.7749739527062047e-06 BETTER
I0328 05:57:08.313864 2213487 finetune.py:68] layer 2_o @ epoch 4 new loss 4.050581082992721e-06 old loss 4.097292730875779e-06 BETTER
I0328 05:57:10.751973 2214371 finetune.py:68] layer 3_o @ epoch 2 new loss 6.782169748476008e-06 old loss 6.8490885496430565e-06 BETTER
I0328 05:57:20.416113 2212675 finetune.py:68] layer 1_up @ epoch 1 new loss 3.6214003102941206e-06 old loss 3.64845504918776e-06 BETTER
I0328 05:57:31.784911 2211980 finetune.py:68] layer 0_up @ epoch 2 new loss 1.7672261947154766e-06 old loss 1.7706238395476248e-06 BETTER
I0328 05:57:39.265621 2213487 finetune.py:45] layer 2_up initial loss 6.794268756493693e-06
I0328 05:57:43.956606 2214371 finetune.py:68] layer 3_o @ epoch 3 new loss 6.732394012942677e-06 old loss 6.782169748476008e-06 BETTER
I0328 05:57:52.086046 2212675 finetune.py:68] layer 1_up @ epoch 2 new loss 3.5991790809930535e-06 old loss 3.6214003102941206e-06 BETTER
I0328 05:58:05.177267 2211980 finetune.py:68] layer 0_up @ epoch 3 new loss 1.7644240415393142e-06 old loss 1.7672261947154766e-06 BETTER
I0328 05:58:09.943551 2213487 finetune.py:68] layer 2_up @ epoch 0 new loss 6.752983608748764e-06 old loss 6.794268756493693e-06 BETTER
I0328 05:58:17.308407 2214371 finetune.py:68] layer 3_o @ epoch 4 new loss 6.691582711937372e-06 old loss 6.732394012942677e-06 BETTER
I0328 05:58:23.743301 2212675 finetune.py:68] layer 1_up @ epoch 3 new loss 3.5812886380881537e-06 old loss 3.5991790809930535e-06 BETTER
I0328 05:58:38.415971 2211980 finetune.py:68] layer 0_up @ epoch 4 new loss 1.7619909158383962e-06 old loss 1.7644240415393142e-06 BETTER
I0328 05:58:41.556802 2213487 finetune.py:68] layer 2_up @ epoch 1 new loss 6.722466423525475e-06 old loss 6.752983608748764e-06 BETTER
I0328 05:58:48.073216 2214371 finetune.py:45] layer 3_up initial loss 1.2872724255430512e-05
I0328 05:58:55.489522 2212675 finetune.py:68] layer 1_up @ epoch 4 new loss 3.5656992167787394e-06 old loss 3.5812886380881537e-06 BETTER
I0328 05:59:09.060569 2211980 finetune.py:45] layer 0_gate initial loss 2.090557472911314e-06
I0328 05:59:13.666642 2213487 finetune.py:68] layer 2_up @ epoch 2 new loss 6.698046036035521e-06 old loss 6.722466423525475e-06 BETTER
I0328 05:59:18.185834 2214371 finetune.py:68] layer 3_up @ epoch 0 new loss 1.2816158232453745e-05 old loss 1.2872724255430512e-05 BETTER
I0328 05:59:26.471590 2212675 finetune.py:45] layer 1_gate initial loss 4.346593868831405e-06
I0328 05:59:38.914235 2211980 finetune.py:68] layer 0_gate @ epoch 0 new loss 2.0837605916312896e-06 old loss 2.090557472911314e-06 BETTER
I0328 05:59:45.901700 2213487 finetune.py:68] layer 2_up @ epoch 3 new loss 6.677455985482084e-06 old loss 6.698046036035521e-06 BETTER
I0328 05:59:49.219273 2214371 finetune.py:68] layer 3_up @ epoch 1 new loss 1.277355204365449e-05 old loss 1.2816158232453745e-05 BETTER
I0328 05:59:54.926461 2212675 finetune.py:68] layer 1_gate @ epoch 0 new loss 4.328161594457924e-06 old loss 4.346593868831405e-06 BETTER
I0328 06:00:09.848251 2211980 finetune.py:68] layer 0_gate @ epoch 1 new loss 2.078750412692898e-06 old loss 2.0837605916312896e-06 BETTER
I0328 06:00:18.145310 2213487 finetune.py:68] layer 2_up @ epoch 4 new loss 6.659415248577716e-06 old loss 6.677455985482084e-06 BETTER
I0328 06:00:20.389275 2214371 finetune.py:68] layer 3_up @ epoch 2 new loss 1.2736889402731322e-05 old loss 1.277355204365449e-05 BETTER
I0328 06:00:24.188056 2212675 finetune.py:68] layer 1_gate @ epoch 1 new loss 4.318104402045719e-06 old loss 4.328161594457924e-06 BETTER
I0328 06:00:40.949945 2211980 finetune.py:68] layer 0_gate @ epoch 2 new loss 2.074894382531056e-06 old loss 2.078750412692898e-06 BETTER
I0328 06:00:49.129987 2213487 finetune.py:45] layer 2_gate initial loss 8.42307235870976e-06
I0328 06:00:51.664207 2214371 finetune.py:68] layer 3_up @ epoch 3 new loss 1.270349275728222e-05 old loss 1.2736889402731322e-05 BETTER
I0328 06:00:53.563837 2212675 finetune.py:68] layer 1_gate @ epoch 2 new loss 4.30989166488871e-06 old loss 4.318104402045719e-06 BETTER
I0328 06:01:12.222309 2211980 finetune.py:68] layer 0_gate @ epoch 3 new loss 2.0718264295283007e-06 old loss 2.074894382531056e-06 BETTER
I0328 06:01:17.768319 2213487 finetune.py:68] layer 2_gate @ epoch 0 new loss 8.40383563627256e-06 old loss 8.42307235870976e-06 BETTER
I0328 06:01:23.071786 2214371 finetune.py:68] layer 3_up @ epoch 4 new loss 1.2672662705881521e-05 old loss 1.270349275728222e-05 BETTER
I0328 06:01:23.098338 2212675 finetune.py:68] layer 1_gate @ epoch 3 new loss 4.303301921027014e-06 old loss 4.30989166488871e-06 BETTER
I0328 06:01:43.519493 2211980 finetune.py:68] layer 0_gate @ epoch 4 new loss 2.0692623365903273e-06 old loss 2.0718264295283007e-06 BETTER
I0328 06:01:47.355275 2213487 finetune.py:68] layer 2_gate @ epoch 1 new loss 8.387801244680304e-06 old loss 8.40383563627256e-06 BETTER
I0328 06:01:52.536173 2212675 finetune.py:68] layer 1_gate @ epoch 4 new loss 4.296988208807306e-06 old loss 4.303301921027014e-06 BETTER
I0328 06:01:53.867483 2214371 finetune.py:45] layer 3_gate initial loss 1.5673635061830282e-05
I0328 06:02:17.148308 2213487 finetune.py:68] layer 2_gate @ epoch 2 new loss 8.373817763640545e-06 old loss 8.387801244680304e-06 BETTER
I0328 06:02:22.091467 2214371 finetune.py:68] layer 3_gate @ epoch 0 new loss 1.5634976080036722e-05 old loss 1.5673635061830282e-05 BETTER
I0328 06:02:38.870739 2211980 finetune.py:45] layer 0_down initial loss 3.1936008326738374e-06
I0328 06:02:46.848221 2213487 finetune.py:68] layer 2_gate @ epoch 3 new loss 8.361506843357347e-06 old loss 8.373817763640545e-06 BETTER
I0328 06:02:48.649677 2212675 finetune.py:45] layer 1_down initial loss 6.29646137895179e-06
I0328 06:02:51.606221 2214371 finetune.py:68] layer 3_gate @ epoch 1 new loss 1.5604300642735325e-05 old loss 1.5634976080036722e-05 BETTER
I0328 06:03:06.199263 2211980 finetune.py:68] layer 0_down @ epoch 0 new loss 3.1924173526931554e-06 old loss 3.1936008326738374e-06 BETTER
I0328 06:03:14.743538 2212675 finetune.py:68] layer 1_down @ epoch 0 new loss 6.294674676610157e-06 old loss 6.29646137895179e-06 BETTER
I0328 06:03:16.868405 2213487 finetune.py:68] layer 2_gate @ epoch 4 new loss 8.350148164026905e-06 old loss 8.361506843357347e-06 BETTER
I0328 06:03:21.098186 2214371 finetune.py:68] layer 3_gate @ epoch 2 new loss 1.557676660013385e-05 old loss 1.5604300642735325e-05 BETTER
I0328 06:03:34.956763 2211980 finetune.py:68] layer 0_down @ epoch 1 new loss 3.1914335067995125e-06 old loss 3.1924173526931554e-06 BETTER
I0328 06:03:41.908926 2212675 finetune.py:68] layer 1_down @ epoch 1 new loss 6.293118531175423e-06 old loss 6.294674676610157e-06 BETTER
I0328 06:03:50.347262 2214371 finetune.py:68] layer 3_gate @ epoch 3 new loss 1.5551831893390045e-05 old loss 1.557676660013385e-05 BETTER
I0328 06:04:03.598182 2211980 finetune.py:68] layer 0_down @ epoch 2 new loss 3.1906383810564876e-06 old loss 3.1914335067995125e-06 BETTER
I0328 06:04:09.256409 2212675 finetune.py:68] layer 1_down @ epoch 2 new loss 6.2918325056671165e-06 old loss 6.293118531175423e-06 BETTER
I0328 06:04:13.861097 2213487 finetune.py:45] layer 2_down initial loss 1.2754452654917259e-05
I0328 06:04:19.663916 2214371 finetune.py:68] layer 3_gate @ epoch 4 new loss 1.5528428775724024e-05 old loss 1.5551831893390045e-05 BETTER
I0328 06:04:32.557517 2211980 finetune.py:68] layer 0_down @ epoch 3 new loss 3.1899508030619472e-06 old loss 3.1906383810564876e-06 BETTER
I0328 06:04:36.963192 2212675 finetune.py:68] layer 1_down @ epoch 3 new loss 6.290631972660776e-06 old loss 6.2918325056671165e-06 BETTER
I0328 06:04:40.123232 2213487 finetune.py:68] layer 2_down @ epoch 0 new loss 1.2752389011438936e-05 old loss 1.2754452654917259e-05 BETTER
I0328 06:05:01.559463 2211980 finetune.py:68] layer 0_down @ epoch 4 new loss 3.189317112628487e-06 old loss 3.1899508030619472e-06 BETTER
0_v proxy err 0.04042349010705948 tr(WHW.T) 60.88684844970703
bpp_loss 2.591415971692186
0_q proxy err 4.371475370135158e-05 tr(WHW.T) 288047.71875
bpp_loss 3.3827084942604415
0_k proxy err 3.5624561860458925e-05 tr(WHW.T) 100125.921875
bpp_loss 3.897472418320831
0_o proxy err 0.005994276609271765 tr(WHW.T) 3119.123046875
bpp_loss 2.6792344384011813
0_up proxy err 0.012250781059265137 tr(WHW.T) 8924.48046875
bpp_loss 2.9648966256396045
0_gate proxy err 0.007066261954605579 tr(WHW.T) 15779.025390625
bpp_loss 3.071537255109953
0_down proxy err 0.009654042311012745 tr(WHW.T) 10837.9560546875
bpp_loss 2.9572939073799978
I0328 06:05:04.686295 2212675 finetune.py:68] layer 1_down @ epoch 4 new loss 6.289580142038176e-06 old loss 6.290631972660776e-06 BETTER
1_v proxy err 0.017670106142759323 tr(WHW.T) 109.07096099853516
bpp_loss 2.6969408033182845
1_q proxy err 6.196379399625584e-05 tr(WHW.T) 144770.890625
bpp_loss 3.6182657125173137
1_k proxy err 3.233257666579448e-05 tr(WHW.T) 75440.7578125
bpp_loss 4.246224456117488
1_o proxy err 0.011260919272899628 tr(WHW.T) 1997.4031982421875
bpp_loss 2.760110742994584
1_up proxy err 0.014071897603571415 tr(WHW.T) 8227.21875
bpp_loss 2.978919525298157
1_gate proxy err 0.008480646647512913 tr(WHW.T) 13938.7470703125
bpp_loss 3.0821899156352237
1_down proxy err 0.0002580746659077704 tr(WHW.T) 13981.8291015625
bpp_loss 2.969499538635968
I0328 06:05:07.641153 2213487 finetune.py:68] layer 2_down @ epoch 1 new loss 1.2750829228025395e-05 old loss 1.2752389011438936e-05 BETTER
I0328 06:05:16.674066 2214371 finetune.py:45] layer 3_down initial loss 2.4442675567115657e-05
I0328 06:05:35.921509 2213487 finetune.py:68] layer 2_down @ epoch 2 new loss 1.2749644156428985e-05 old loss 1.2750829228025395e-05 BETTER
I0328 06:05:42.627486 2214371 finetune.py:68] layer 3_down @ epoch 0 new loss 2.4441182176815346e-05 old loss 2.4442675567115657e-05 BETTER
I0328 06:06:03.746016 2213487 finetune.py:68] layer 2_down @ epoch 3 new loss 1.2748645531246439e-05 old loss 1.2749644156428985e-05 BETTER
I0328 06:06:09.622963 2214371 finetune.py:68] layer 3_down @ epoch 1 new loss 2.4440458219032735e-05 old loss 2.4441182176815346e-05 BETTER
I0328 06:06:18.907038 2210624 quantize_finetune_llama.py:240] computed original embedding for layer 4 in 67.5778546333313s
I0328 06:06:22.748611 2226924 utils.py:146] Note: detected 128 virtual cores but NumExpr set to maximum of 64, check "NUMEXPR_MAX_THREADS" environment variable.
I0328 06:06:22.748715 2226924 utils.py:149] Note: NumExpr detected 128 cores but "NUMEXPR_MAX_THREADS" not set, so enforcing safe limit of 16.
I0328 06:06:22.748757 2226924 utils.py:162] NumExpr defaulting to 16 threads.
I0328 06:06:23.108933 2226924 config.py:54] PyTorch version 2.6.0 available.
W0328 06:06:23.318695 2226924 warnings.py:109] /opt/conda/lib/python3.10/site-packages/torchvision/io/image.py:13: UserWarning: Failed to load image Python extension: '/opt/conda/lib/python3.10/site-packages/torchvision/image.so: undefined symbol: _ZN3c1017RegisterOperatorsD1Ev'If you don't plan on using image functionality from `torchvision.io`, you can ignore this warning. Otherwise, there might be something wrong with your environment. Did you have `libjpeg` or `libpng` installed before building `torchvision` from source?
  warn(

W0328 06:06:23.919915 2226924 warnings.py:109] /opt/conda/lib/python3.10/site-packages/compressai/models/video/google.py:353: FutureWarning: `torch.cuda.amp.autocast(args...)` is deprecated. Please use `torch.amp.autocast('cuda', args...)` instead.
  @amp.autocast(enabled=False)

I0328 06:06:23.923640 2210624 quantize_finetune_llama.py:209] layer 5 gpu 1
I0328 06:06:23.937138 2226924 data_utils.py:336] using 256 training seqs, 128 validation seqs
I0328 06:06:31.552397 2213487 finetune.py:68] layer 2_down @ epoch 4 new loss 1.2747775144816842e-05 old loss 1.2748645531246439e-05 BETTER
2_v proxy err 0.02686077542603016 tr(WHW.T) 155.95950317382812
bpp_loss 2.603851256542839
2_q proxy err 0.0004764671321026981 tr(WHW.T) 41476.58203125
bpp_loss 3.5693469399702735
2_k proxy err 0.00024030219356063753 tr(WHW.T) 22605.78125
bpp_loss 4.352544658991974
2_o proxy err 0.01098149549216032 tr(WHW.T) 1970.2586669921875
bpp_loss 2.7147797359502874
2_up proxy err 0.01661095581948757 tr(WHW.T) 7599.88330078125
bpp_loss 2.969627234752157
2_gate proxy err 0.008601631969213486 tr(WHW.T) 15105.779296875
bpp_loss 3.1118250196533546
2_down proxy err 0.01551565807312727 tr(WHW.T) 7755.87646484375
bpp_loss 2.973240634260167
The attention layers in this model are transitioning from computing the RoPE embeddings internally through `position_ids` (2D tensor with the indexes of the tokens), to using externally computed `position_embeddings` (Tuple of tensors, containing cos and sin). In v4.46 `position_ids` will be removed and `position_embeddings` will be mandatory.
I0328 06:06:36.756440 2214371 finetune.py:68] layer 3_down @ epoch 2 new loss 2.4439514163532294e-05 old loss 2.4440458219032735e-05 BETTER
I0328 06:06:40.972317 2226924 finetune.py:45] layer 4_v initial loss 1.8232707589049824e-05
W0328 06:06:40.972506 2226924 warnings.py:109] /workspace/Weight_compression/comp_lm_qtip/lib/algo/finetune.py:46: FutureWarning: `torch.cuda.amp.GradScaler(args...)` is deprecated. Please use `torch.amp.GradScaler('cuda', args...)` instead.
  scaler = torch.cuda.amp.GradScaler(enabled=(orig_dtype==torch.float16))

I0328 06:07:04.088600 2214371 finetune.py:68] layer 3_down @ epoch 3 new loss 2.443884477543179e-05 old loss 2.4439514163532294e-05 BETTER
I0328 06:07:15.916766 2226924 finetune.py:68] layer 4_v @ epoch 0 new loss 5.469396000989946e-06 old loss 1.8232707589049824e-05 BETTER
I0328 06:07:31.400847 2214371 finetune.py:68] layer 3_down @ epoch 4 new loss 2.4438222681055777e-05 old loss 2.443884477543179e-05 BETTER
3_v proxy err 0.020749827846884727 tr(WHW.T) 289.3331604003906
bpp_loss 2.7006069412454963
3_q proxy err 0.0005967834731563926 tr(WHW.T) 47554.46875
bpp_loss 3.608891278214287
3_k proxy err 0.00030207366216927767 tr(WHW.T) 26158.796875
bpp_loss 4.425875179760624
3_o proxy err 0.013188548386096954 tr(WHW.T) 1854.198974609375
bpp_loss 2.812196791637689
3_up proxy err 0.01644754782319069 tr(WHW.T) 7537.998046875
bpp_loss 2.9523535517177413
3_gate proxy err 0.006223031785339117 tr(WHW.T) 20886.501953125
bpp_loss 3.1828396981582046
3_down proxy err 0.017812374979257584 tr(WHW.T) 7033.900390625
bpp_loss 2.9510494396256814
I0328 06:07:41.264923 2210624 quantize_finetune_llama.py:240] computed original embedding for layer 5 in 63.62132024765015s
I0328 06:07:44.901367 2227833 utils.py:146] Note: detected 128 virtual cores but NumExpr set to maximum of 64, check "NUMEXPR_MAX_THREADS" environment variable.
I0328 06:07:44.901463 2227833 utils.py:149] Note: NumExpr detected 128 cores but "NUMEXPR_MAX_THREADS" not set, so enforcing safe limit of 16.
I0328 06:07:44.901502 2227833 utils.py:162] NumExpr defaulting to 16 threads.
I0328 06:07:45.252547 2227833 config.py:54] PyTorch version 2.6.0 available.
W0328 06:07:45.456767 2227833 warnings.py:109] /opt/conda/lib/python3.10/site-packages/torchvision/io/image.py:13: UserWarning: Failed to load image Python extension: '/opt/conda/lib/python3.10/site-packages/torchvision/image.so: undefined symbol: _ZN3c1017RegisterOperatorsD1Ev'If you don't plan on using image functionality from `torchvision.io`, you can ignore this warning. Otherwise, there might be something wrong with your environment. Did you have `libjpeg` or `libpng` installed before building `torchvision` from source?
  warn(

W0328 06:07:46.032136 2227833 warnings.py:109] /opt/conda/lib/python3.10/site-packages/compressai/models/video/google.py:353: FutureWarning: `torch.cuda.amp.autocast(args...)` is deprecated. Please use `torch.amp.autocast('cuda', args...)` instead.
  @amp.autocast(enabled=False)

I0328 06:07:46.036136 2210624 quantize_finetune_llama.py:209] layer 6 gpu 2
I0328 06:07:46.050040 2227833 data_utils.py:336] using 256 training seqs, 128 validation seqs
I0328 06:07:52.066398 2226924 finetune.py:68] layer 4_v @ epoch 1 new loss 4.333897777542006e-06 old loss 5.469396000989946e-06 BETTER
The attention layers in this model are transitioning from computing the RoPE embeddings internally through `position_ids` (2D tensor with the indexes of the tokens), to using externally computed `position_embeddings` (Tuple of tensors, containing cos and sin). In v4.46 `position_ids` will be removed and `position_embeddings` will be mandatory.
I0328 06:08:02.531775 2227833 finetune.py:45] layer 5_v initial loss 1.899282869999297e-05
W0328 06:08:02.532010 2227833 warnings.py:109] /workspace/Weight_compression/comp_lm_qtip/lib/algo/finetune.py:46: FutureWarning: `torch.cuda.amp.GradScaler(args...)` is deprecated. Please use `torch.amp.GradScaler('cuda', args...)` instead.
  scaler = torch.cuda.amp.GradScaler(enabled=(orig_dtype==torch.float16))

I0328 06:08:28.737747 2226924 finetune.py:68] layer 4_v @ epoch 2 new loss 3.994788585259812e-06 old loss 4.333897777542006e-06 BETTER
I0328 06:08:35.622198 2227833 finetune.py:68] layer 5_v @ epoch 0 new loss 7.152068064897321e-06 old loss 1.899282869999297e-05 BETTER
I0328 06:08:49.896411 2210624 quantize_finetune_llama.py:240] computed original embedding for layer 6 in 63.3812575340271s
I0328 06:08:53.605628 2228587 utils.py:146] Note: detected 128 virtual cores but NumExpr set to maximum of 64, check "NUMEXPR_MAX_THREADS" environment variable.
I0328 06:08:53.605732 2228587 utils.py:149] Note: NumExpr detected 128 cores but "NUMEXPR_MAX_THREADS" not set, so enforcing safe limit of 16.
I0328 06:08:53.605772 2228587 utils.py:162] NumExpr defaulting to 16 threads.
I0328 06:08:53.970707 2228587 config.py:54] PyTorch version 2.6.0 available.
W0328 06:08:54.175438 2228587 warnings.py:109] /opt/conda/lib/python3.10/site-packages/torchvision/io/image.py:13: UserWarning: Failed to load image Python extension: '/opt/conda/lib/python3.10/site-packages/torchvision/image.so: undefined symbol: _ZN3c1017RegisterOperatorsD1Ev'If you don't plan on using image functionality from `torchvision.io`, you can ignore this warning. Otherwise, there might be something wrong with your environment. Did you have `libjpeg` or `libpng` installed before building `torchvision` from source?
  warn(

W0328 06:08:54.756273 2228587 warnings.py:109] /opt/conda/lib/python3.10/site-packages/compressai/models/video/google.py:353: FutureWarning: `torch.cuda.amp.autocast(args...)` is deprecated. Please use `torch.amp.autocast('cuda', args...)` instead.
  @amp.autocast(enabled=False)

I0328 06:08:54.760086 2210624 quantize_finetune_llama.py:209] layer 7 gpu 3
I0328 06:08:54.773386 2228587 data_utils.py:336] using 256 training seqs, 128 validation seqs
I0328 06:09:05.576053 2226924 finetune.py:68] layer 4_v @ epoch 3 new loss 3.828551143669756e-06 old loss 3.994788585259812e-06 BETTER
The attention layers in this model are transitioning from computing the RoPE embeddings internally through `position_ids` (2D tensor with the indexes of the tokens), to using externally computed `position_embeddings` (Tuple of tensors, containing cos and sin). In v4.46 `position_ids` will be removed and `position_embeddings` will be mandatory.
I0328 06:09:09.961584 2227833 finetune.py:68] layer 5_v @ epoch 1 new loss 6.2058211369731e-06 old loss 7.152068064897321e-06 BETTER
I0328 06:09:11.815805 2228587 finetune.py:45] layer 6_v initial loss 1.618619353394024e-05
W0328 06:09:11.816138 2228587 warnings.py:109] /workspace/Weight_compression/comp_lm_qtip/lib/algo/finetune.py:46: FutureWarning: `torch.cuda.amp.GradScaler(args...)` is deprecated. Please use `torch.amp.GradScaler('cuda', args...)` instead.
  scaler = torch.cuda.amp.GradScaler(enabled=(orig_dtype==torch.float16))

I0328 06:09:42.523943 2226924 finetune.py:68] layer 4_v @ epoch 4 new loss 3.725085662154015e-06 old loss 3.828551143669756e-06 BETTER
I0328 06:09:44.557146 2227833 finetune.py:68] layer 5_v @ epoch 2 new loss 5.871400389878545e-06 old loss 6.2058211369731e-06 BETTER
I0328 06:09:45.365359 2228587 finetune.py:68] layer 6_v @ epoch 0 new loss 8.292523489217274e-06 old loss 1.618619353394024e-05 BETTER
I0328 06:09:58.591810 2210624 quantize_finetune_llama.py:240] computed original embedding for layer 7 in 63.33994650840759s
I0328 06:10:01.851742 2226924 finetune.py:45] layer 4_q initial loss 4.498794169194298e-06
I0328 06:10:02.554150 2229326 utils.py:146] Note: detected 128 virtual cores but NumExpr set to maximum of 64, check "NUMEXPR_MAX_THREADS" environment variable.
I0328 06:10:02.554259 2229326 utils.py:149] Note: NumExpr detected 128 cores but "NUMEXPR_MAX_THREADS" not set, so enforcing safe limit of 16.
I0328 06:10:02.554299 2229326 utils.py:162] NumExpr defaulting to 16 threads.
I0328 06:10:02.905344 2229326 config.py:54] PyTorch version 2.6.0 available.
W0328 06:10:03.119119 2229326 warnings.py:109] /opt/conda/lib/python3.10/site-packages/torchvision/io/image.py:13: UserWarning: Failed to load image Python extension: '/opt/conda/lib/python3.10/site-packages/torchvision/image.so: undefined symbol: _ZN3c1017RegisterOperatorsD1Ev'If you don't plan on using image functionality from `torchvision.io`, you can ignore this warning. Otherwise, there might be something wrong with your environment. Did you have `libjpeg` or `libpng` installed before building `torchvision` from source?
  warn(

W0328 06:10:03.748618 2229326 warnings.py:109] /opt/conda/lib/python3.10/site-packages/compressai/models/video/google.py:353: FutureWarning: `torch.cuda.amp.autocast(args...)` is deprecated. Please use `torch.amp.autocast('cuda', args...)` instead.
  @amp.autocast(enabled=False)

I0328 06:10:03.752447 2210624 quantize_finetune_llama.py:209] layer 8 gpu 0
I0328 06:10:03.765664 2229326 data_utils.py:336] using 256 training seqs, 128 validation seqs
The attention layers in this model are transitioning from computing the RoPE embeddings internally through `position_ids` (2D tensor with the indexes of the tokens), to using externally computed `position_embeddings` (Tuple of tensors, containing cos and sin). In v4.46 `position_ids` will be removed and `position_embeddings` will be mandatory.
I0328 06:10:19.254634 2227833 finetune.py:68] layer 5_v @ epoch 3 new loss 5.692823833669536e-06 old loss 5.871400389878545e-06 BETTER
I0328 06:10:20.058563 2228587 finetune.py:68] layer 6_v @ epoch 1 new loss 7.580292731290683e-06 old loss 8.292523489217274e-06 BETTER
I0328 06:10:20.968185 2229326 finetune.py:45] layer 7_v initial loss 1.623533171368763e-05
W0328 06:10:20.968428 2229326 warnings.py:109] /workspace/Weight_compression/comp_lm_qtip/lib/algo/finetune.py:46: FutureWarning: `torch.cuda.amp.GradScaler(args...)` is deprecated. Please use `torch.amp.GradScaler('cuda', args...)` instead.
  scaler = torch.cuda.amp.GradScaler(enabled=(orig_dtype==torch.float16))

