I0328 18:22:29.879172 2315442 finetune.py:68] layer 20_down @ epoch 0 new loss 2.5584604372852482e-05 old loss 2.5585135517758317e-05 BETTER
I0328 18:22:30.204745 2315652 finetune.py:68] layer 23_gate @ epoch 2 new loss 1.8597891539684497e-05 old loss 1.867588798631914e-05 BETTER
I0328 18:22:38.189576 2315582 finetune.py:68] layer 22_gate @ epoch 4 new loss 1.691707075224258e-05 old loss 1.6984286048682407e-05 BETTER
I0328 18:22:48.106019 2315512 finetune.py:68] layer 21_down @ epoch 0 new loss 2.9690660085179843e-05 old loss 2.9691133022424765e-05 BETTER
I0328 18:22:58.228821 2315442 finetune.py:68] layer 20_down @ epoch 1 new loss 2.558431151555851e-05 old loss 2.5584604372852482e-05 BETTER
I0328 18:22:59.616941 2315652 finetune.py:68] layer 23_gate @ epoch 3 new loss 1.85289991350146e-05 old loss 1.8597891539684497e-05 BETTER
I0328 18:23:15.301062 2315512 finetune.py:68] layer 21_down @ epoch 1 new loss 2.9690349037991837e-05 old loss 2.9690660085179843e-05 BETTER
I0328 18:23:27.332500 2315442 finetune.py:68] layer 20_down @ epoch 2 new loss 2.558408959885128e-05 old loss 2.558431151555851e-05 BETTER
I0328 18:23:28.809667 2315652 finetune.py:68] layer 23_gate @ epoch 4 new loss 1.847011299105361e-05 old loss 1.85289991350146e-05 BETTER
I0328 18:23:34.803846 2315582 finetune.py:45] layer 22_down initial loss 3.100846515735611e-05
I0328 18:23:42.735785 2315512 finetune.py:68] layer 21_down @ epoch 2 new loss 2.969015622511506e-05 old loss 2.9690349037991837e-05 BETTER
I0328 18:23:56.663951 2315442 finetune.py:68] layer 20_down @ epoch 3 new loss 2.5583913156879134e-05 old loss 2.558408959885128e-05 BETTER
I0328 18:24:01.019546 2315582 finetune.py:68] layer 22_down @ epoch 0 new loss 3.1007974030217156e-05 old loss 3.100846515735611e-05 BETTER
I0328 18:24:10.469860 2315512 finetune.py:68] layer 21_down @ epoch 3 new loss 2.9689983421121724e-05 old loss 2.969015622511506e-05 BETTER
I0328 18:24:26.126734 2315442 finetune.py:68] layer 20_down @ epoch 4 new loss 2.558378764661029e-05 old loss 2.5583913156879134e-05 BETTER
I0328 18:24:27.087652 2315652 finetune.py:45] layer 23_down initial loss 3.348810787429102e-05
20_v proxy err 0.0021306262351572514 tr(WHW.T) 330.192138671875
bpp_loss 4.447260332177393
20_q proxy err 0.00014700330211780965 tr(WHW.T) 20738.263671875
bpp_loss 5.2614087532274425
20_k proxy err 6.0308841057121754e-05 tr(WHW.T) 15393.0439453125
bpp_loss 6.259391036815941
20_o proxy err 0.0023393782321363688 tr(WHW.T) 1205.8402099609375
bpp_loss 4.483693222748116
20_up proxy err 0.0018029562197625637 tr(WHW.T) 7601.587890625
bpp_loss 4.570660241879523
20_gate proxy err 0.0004577917861752212 tr(WHW.T) 30664.861328125
bpp_loss 4.966653715952167
20_down proxy err 0.0020271448884159327 tr(WHW.T) 6305.5234375
bpp_loss 4.566658155793058
I0328 18:24:28.872241 2315582 finetune.py:68] layer 22_down @ epoch 1 new loss 3.100764297414571e-05 old loss 3.1007974030217156e-05 BETTER
I0328 18:24:38.366396 2315512 finetune.py:68] layer 21_down @ epoch 4 new loss 2.968990520457737e-05 old loss 2.9689983421121724e-05 BETTER
21_v proxy err 0.001965330448001623 tr(WHW.T) 362.87310791015625
bpp_loss 4.4729978298419155
21_q proxy err 0.00011926479783141986 tr(WHW.T) 25841.197265625
bpp_loss 5.255666424985975
21_k proxy err 5.504713408299722e-05 tr(WHW.T) 16784.95703125
bpp_loss 6.306794405565597
21_o proxy err 0.0015933335525915027 tr(WHW.T) 1266.883544921875
bpp_loss 4.50346652767621
21_up proxy err 0.0017311392584815621 tr(WHW.T) 7772.4013671875
bpp_loss 4.5736052381273895
21_gate proxy err 0.0004373461997602135 tr(WHW.T) 31548.42578125
bpp_loss 4.978741458949766
21_down proxy err 0.0019129920983687043 tr(WHW.T) 6356.27978515625
bpp_loss 4.568094594204532
I0328 18:24:53.244060 2315652 finetune.py:68] layer 23_down @ epoch 0 new loss 3.3487423934275284e-05 old loss 3.348810787429102e-05 BETTER
I0328 18:24:56.940795 2315582 finetune.py:68] layer 22_down @ epoch 2 new loss 3.100736648775637e-05 old loss 3.100764297414571e-05 BETTER
I0328 18:25:20.209810 2315652 finetune.py:68] layer 23_down @ epoch 1 new loss 3.34871765517164e-05 old loss 3.3487423934275284e-05 BETTER
I0328 18:25:24.712098 2315582 finetune.py:68] layer 22_down @ epoch 3 new loss 3.1007188226794824e-05 old loss 3.100736648775637e-05 BETTER
I0328 18:25:47.163142 2315652 finetune.py:68] layer 23_down @ epoch 2 new loss 3.348689278936945e-05 old loss 3.34871765517164e-05 BETTER
I0328 18:25:49.860619 2313906 quantize_finetune_llama.py:240] computed original embedding for layer 24 in 66.43803262710571s
I0328 18:25:52.448674 2315582 finetune.py:68] layer 22_down @ epoch 4 new loss 3.100699541391805e-05 old loss 3.1007188226794824e-05 BETTER
I0328 18:25:53.723999 2315722 utils.py:146] Note: detected 128 virtual cores but NumExpr set to maximum of 64, check "NUMEXPR_MAX_THREADS" environment variable.
I0328 18:25:53.724102 2315722 utils.py:149] Note: NumExpr detected 128 cores but "NUMEXPR_MAX_THREADS" not set, so enforcing safe limit of 16.
I0328 18:25:53.724143 2315722 utils.py:162] NumExpr defaulting to 16 threads.
22_v proxy err 0.001953914761543274 tr(WHW.T) 346.0789489746094
bpp_loss 4.523344975954387
22_q proxy err 0.00014359995839186013 tr(WHW.T) 20322.529296875
bpp_loss 5.211681797285564
22_k proxy err 6.104460771894082e-05 tr(WHW.T) 14722.091796875
bpp_loss 6.233501786366105
22_o proxy err 0.0021819504909217358 tr(WHW.T) 1222.2720947265625
bpp_loss 4.529279937851243
22_up proxy err 0.0018030210630968213 tr(WHW.T) 7548.26513671875
bpp_loss 4.5775068222678135
22_gate proxy err 0.00047227286268025637 tr(WHW.T) 29533.31640625
bpp_loss 4.980743154617293
22_down proxy err 0.0019171504536643624 tr(WHW.T) 6534.15771484375
bpp_loss 4.57318569972579
I0328 18:25:54.078489 2315722 config.py:54] PyTorch version 2.6.0 available.
W0328 18:25:54.289782 2315722 warnings.py:109] /opt/conda/lib/python3.10/site-packages/torchvision/io/image.py:13: UserWarning: Failed to load image Python extension: '/opt/conda/lib/python3.10/site-packages/torchvision/image.so: undefined symbol: _ZN3c1017RegisterOperatorsD1Ev'If you don't plan on using image functionality from `torchvision.io`, you can ignore this warning. Otherwise, there might be something wrong with your environment. Did you have `libjpeg` or `libpng` installed before building `torchvision` from source?
  warn(

W0328 18:25:54.866769 2315722 warnings.py:109] /opt/conda/lib/python3.10/site-packages/compressai/models/video/google.py:353: FutureWarning: `torch.cuda.amp.autocast(args...)` is deprecated. Please use `torch.amp.autocast('cuda', args...)` instead.
  @amp.autocast(enabled=False)

I0328 18:25:54.870576 2313906 quantize_finetune_llama.py:209] layer 25 gpu 1
I0328 18:25:54.884302 2315722 data_utils.py:336] using 256 training seqs, 128 validation seqs
The attention layers in this model are transitioning from computing the RoPE embeddings internally through `position_ids` (2D tensor with the indexes of the tokens), to using externally computed `position_embeddings` (Tuple of tensors, containing cos and sin). In v4.46 `position_ids` will be removed and `position_embeddings` will be mandatory.
I0328 18:26:11.762579 2315722 finetune.py:45] layer 24_v initial loss 9.573489478498232e-06
W0328 18:26:11.762805 2315722 warnings.py:109] /workspace/Weight_compression/comp_lm_qtip/lib/algo/finetune.py:46: FutureWarning: `torch.cuda.amp.GradScaler(args...)` is deprecated. Please use `torch.amp.GradScaler('cuda', args...)` instead.
  scaler = torch.cuda.amp.GradScaler(enabled=(orig_dtype==torch.float16))

I0328 18:26:14.313303 2315652 finetune.py:68] layer 23_down @ epoch 3 new loss 3.3486649044789374e-05 old loss 3.348689278936945e-05 BETTER
I0328 18:26:41.462076 2315652 finetune.py:68] layer 23_down @ epoch 4 new loss 3.348659083712846e-05 old loss 3.3486649044789374e-05 BETTER
23_v proxy err 0.001825840910896659 tr(WHW.T) 397.90704345703125
bpp_loss 4.575637846777681
23_q proxy err 0.00013769797806162387 tr(WHW.T) 22615.671875
bpp_loss 5.223592030000873
23_k proxy err 6.296679930528626e-05 tr(WHW.T) 14857.98046875
bpp_loss 6.234039414674044
23_o proxy err 0.0018480628496035933 tr(WHW.T) 1744.2869873046875
bpp_loss 4.55112520698458
23_up proxy err 0.0018334941705688834 tr(WHW.T) 7418.71435546875
bpp_loss 4.5814619889882
23_gate proxy err 0.0005108888726681471 tr(WHW.T) 27266.7734375
bpp_loss 4.983035921651338
23_down proxy err 0.0019194677006453276 tr(WHW.T) 6673.2802734375
bpp_loss 4.5782845254122675
I0328 18:26:46.644686 2315722 finetune.py:68] layer 24_v @ epoch 0 new loss 2.257916321468656e-06 old loss 9.573489478498232e-06 BETTER
I0328 18:27:00.125020 2313906 quantize_finetune_llama.py:240] computed original embedding for layer 25 in 63.34070014953613s
I0328 18:27:03.676466 2315792 utils.py:146] Note: detected 128 virtual cores but NumExpr set to maximum of 64, check "NUMEXPR_MAX_THREADS" environment variable.
I0328 18:27:03.676571 2315792 utils.py:149] Note: NumExpr detected 128 cores but "NUMEXPR_MAX_THREADS" not set, so enforcing safe limit of 16.
I0328 18:27:03.676617 2315792 utils.py:162] NumExpr defaulting to 16 threads.
I0328 18:27:04.010793 2315792 config.py:54] PyTorch version 2.6.0 available.
W0328 18:27:04.205408 2315792 warnings.py:109] /opt/conda/lib/python3.10/site-packages/torchvision/io/image.py:13: UserWarning: Failed to load image Python extension: '/opt/conda/lib/python3.10/site-packages/torchvision/image.so: undefined symbol: _ZN3c1017RegisterOperatorsD1Ev'If you don't plan on using image functionality from `torchvision.io`, you can ignore this warning. Otherwise, there might be something wrong with your environment. Did you have `libjpeg` or `libpng` installed before building `torchvision` from source?
  warn(

W0328 18:27:04.781481 2315792 warnings.py:109] /opt/conda/lib/python3.10/site-packages/compressai/models/video/google.py:353: FutureWarning: `torch.cuda.amp.autocast(args...)` is deprecated. Please use `torch.amp.autocast('cuda', args...)` instead.
  @amp.autocast(enabled=False)

I0328 18:27:04.785632 2313906 quantize_finetune_llama.py:209] layer 26 gpu 2
I0328 18:27:04.799444 2315792 data_utils.py:336] using 256 training seqs, 128 validation seqs
The attention layers in this model are transitioning from computing the RoPE embeddings internally through `position_ids` (2D tensor with the indexes of the tokens), to using externally computed `position_embeddings` (Tuple of tensors, containing cos and sin). In v4.46 `position_ids` will be removed and `position_embeddings` will be mandatory.
I0328 18:27:21.774889 2315792 finetune.py:45] layer 25_v initial loss 1.1095259651483502e-05
W0328 18:27:21.775111 2315792 warnings.py:109] /workspace/Weight_compression/comp_lm_qtip/lib/algo/finetune.py:46: FutureWarning: `torch.cuda.amp.GradScaler(args...)` is deprecated. Please use `torch.amp.GradScaler('cuda', args...)` instead.
  scaler = torch.cuda.amp.GradScaler(enabled=(orig_dtype==torch.float16))

I0328 18:27:22.893839 2315722 finetune.py:68] layer 24_v @ epoch 1 new loss 1.9946717202401487e-06 old loss 2.257916321468656e-06 BETTER
I0328 18:27:54.929109 2315792 finetune.py:68] layer 25_v @ epoch 0 new loss 2.6070740659633884e-06 old loss 1.1095259651483502e-05 BETTER
I0328 18:27:59.715467 2315722 finetune.py:68] layer 24_v @ epoch 2 new loss 1.926930963236373e-06 old loss 1.9946717202401487e-06 BETTER
I0328 18:28:08.249746 2313906 quantize_finetune_llama.py:240] computed original embedding for layer 26 in 63.0104763507843s
I0328 18:28:11.986069 2315862 utils.py:146] Note: detected 128 virtual cores but NumExpr set to maximum of 64, check "NUMEXPR_MAX_THREADS" environment variable.
I0328 18:28:11.986167 2315862 utils.py:149] Note: NumExpr detected 128 cores but "NUMEXPR_MAX_THREADS" not set, so enforcing safe limit of 16.
I0328 18:28:11.986209 2315862 utils.py:162] NumExpr defaulting to 16 threads.
I0328 18:28:12.335299 2315862 config.py:54] PyTorch version 2.6.0 available.
W0328 18:28:12.535449 2315862 warnings.py:109] /opt/conda/lib/python3.10/site-packages/torchvision/io/image.py:13: UserWarning: Failed to load image Python extension: '/opt/conda/lib/python3.10/site-packages/torchvision/image.so: undefined symbol: _ZN3c1017RegisterOperatorsD1Ev'If you don't plan on using image functionality from `torchvision.io`, you can ignore this warning. Otherwise, there might be something wrong with your environment. Did you have `libjpeg` or `libpng` installed before building `torchvision` from source?
  warn(

W0328 18:28:13.121107 2315862 warnings.py:109] /opt/conda/lib/python3.10/site-packages/compressai/models/video/google.py:353: FutureWarning: `torch.cuda.amp.autocast(args...)` is deprecated. Please use `torch.amp.autocast('cuda', args...)` instead.
  @amp.autocast(enabled=False)

I0328 18:28:13.125642 2313906 quantize_finetune_llama.py:209] layer 27 gpu 3
I0328 18:28:13.140029 2315862 data_utils.py:336] using 256 training seqs, 128 validation seqs
The attention layers in this model are transitioning from computing the RoPE embeddings internally through `position_ids` (2D tensor with the indexes of the tokens), to using externally computed `position_embeddings` (Tuple of tensors, containing cos and sin). In v4.46 `position_ids` will be removed and `position_embeddings` will be mandatory.
I0328 18:28:29.442246 2315792 finetune.py:68] layer 25_v @ epoch 1 new loss 2.377400960540399e-06 old loss 2.6070740659633884e-06 BETTER
I0328 18:28:30.397144 2315862 finetune.py:45] layer 26_v initial loss 1.019283172354335e-05
W0328 18:28:30.397381 2315862 warnings.py:109] /workspace/Weight_compression/comp_lm_qtip/lib/algo/finetune.py:46: FutureWarning: `torch.cuda.amp.GradScaler(args...)` is deprecated. Please use `torch.amp.GradScaler('cuda', args...)` instead.
  scaler = torch.cuda.amp.GradScaler(enabled=(orig_dtype==torch.float16))

I0328 18:28:36.880752 2315722 finetune.py:68] layer 24_v @ epoch 3 new loss 1.9001732880497002e-06 old loss 1.926930963236373e-06 BETTER
I0328 18:29:04.049400 2315862 finetune.py:68] layer 26_v @ epoch 0 new loss 3.558785920176888e-06 old loss 1.019283172354335e-05 BETTER
I0328 18:29:04.434049 2315792 finetune.py:68] layer 25_v @ epoch 2 new loss 2.2755343707103748e-06 old loss 2.377400960540399e-06 BETTER
I0328 18:29:13.894479 2315722 finetune.py:68] layer 24_v @ epoch 4 new loss 1.8712879636950674e-06 old loss 1.9001732880497002e-06 BETTER
I0328 18:29:17.673853 2313906 quantize_finetune_llama.py:240] computed original embedding for layer 27 in 64.1067111492157s
I0328 18:29:21.521406 2315932 utils.py:146] Note: detected 128 virtual cores but NumExpr set to maximum of 64, check "NUMEXPR_MAX_THREADS" environment variable.
I0328 18:29:21.521508 2315932 utils.py:149] Note: NumExpr detected 128 cores but "NUMEXPR_MAX_THREADS" not set, so enforcing safe limit of 16.
I0328 18:29:21.521550 2315932 utils.py:162] NumExpr defaulting to 16 threads.
I0328 18:29:21.888003 2315932 config.py:54] PyTorch version 2.6.0 available.
W0328 18:29:22.089310 2315932 warnings.py:109] /opt/conda/lib/python3.10/site-packages/torchvision/io/image.py:13: UserWarning: Failed to load image Python extension: '/opt/conda/lib/python3.10/site-packages/torchvision/image.so: undefined symbol: _ZN3c1017RegisterOperatorsD1Ev'If you don't plan on using image functionality from `torchvision.io`, you can ignore this warning. Otherwise, there might be something wrong with your environment. Did you have `libjpeg` or `libpng` installed before building `torchvision` from source?
  warn(

W0328 18:29:22.891745 2315932 warnings.py:109] /opt/conda/lib/python3.10/site-packages/compressai/models/video/google.py:353: FutureWarning: `torch.cuda.amp.autocast(args...)` is deprecated. Please use `torch.amp.autocast('cuda', args...)` instead.
  @amp.autocast(enabled=False)

I0328 18:29:22.895462 2313906 quantize_finetune_llama.py:209] layer 28 gpu 0
I0328 18:29:22.908813 2315932 data_utils.py:336] using 256 training seqs, 128 validation seqs
I0328 18:29:33.067728 2315722 finetune.py:45] layer 24_q initial loss 2.3317952582146972e-06
The attention layers in this model are transitioning from computing the RoPE embeddings internally through `position_ids` (2D tensor with the indexes of the tokens), to using externally computed `position_embeddings` (Tuple of tensors, containing cos and sin). In v4.46 `position_ids` will be removed and `position_embeddings` will be mandatory.
I0328 18:29:38.735623 2315862 finetune.py:68] layer 26_v @ epoch 1 new loss 3.3085414088418474e-06 old loss 3.558785920176888e-06 BETTER
I0328 18:29:39.141141 2315792 finetune.py:76] layer 25_v @ epoch 3 new loss 2.469448418196407e-06 old loss 2.2755343707103748e-06 WORSE
I0328 18:29:40.833216 2315932 finetune.py:45] layer 27_v initial loss 1.0723470950324554e-05
W0328 18:29:40.833440 2315932 warnings.py:109] /workspace/Weight_compression/comp_lm_qtip/lib/algo/finetune.py:46: FutureWarning: `torch.cuda.amp.GradScaler(args...)` is deprecated. Please use `torch.amp.GradScaler('cuda', args...)` instead.
  scaler = torch.cuda.amp.GradScaler(enabled=(orig_dtype==torch.float16))

I0328 18:30:08.193381 2315722 finetune.py:68] layer 24_q @ epoch 0 new loss 2.2350916424329625e-06 old loss 2.3317952582146972e-06 BETTER
I0328 18:30:13.585689 2315792 finetune.py:68] layer 25_v @ epoch 4 new loss 2.2238955352804624e-06 old loss 2.2755343707103748e-06 BETTER
I0328 18:30:14.023936 2315932 finetune.py:68] layer 27_v @ epoch 0 new loss 3.2771192763902945e-06 old loss 1.0723470950324554e-05 BETTER
I0328 18:30:14.038182 2315862 finetune.py:76] layer 26_v @ epoch 2 new loss 3.3361864097969374e-06 old loss 3.3085414088418474e-06 WORSE
I0328 18:30:32.820083 2315792 finetune.py:45] layer 25_q initial loss 3.097695980613935e-06
I0328 18:30:44.437552 2315722 finetune.py:68] layer 24_q @ epoch 1 new loss 2.172492258978309e-06 old loss 2.2350916424329625e-06 BETTER
I0328 18:30:48.185499 2315932 finetune.py:68] layer 27_v @ epoch 1 new loss 3.1264241897588363e-06 old loss 3.2771192763902945e-06 BETTER
I0328 18:30:48.514510 2315862 finetune.py:68] layer 26_v @ epoch 3 new loss 3.1889901492831996e-06 old loss 3.3085414088418474e-06 BETTER
I0328 18:31:06.237927 2315792 finetune.py:68] layer 25_q @ epoch 0 new loss 2.9140660444682e-06 old loss 3.097695980613935e-06 BETTER
I0328 18:31:20.943298 2315722 finetune.py:68] layer 24_q @ epoch 2 new loss 2.1521309463423677e-06 old loss 2.172492258978309e-06 BETTER
I0328 18:31:22.917230 2315932 finetune.py:76] layer 27_v @ epoch 2 new loss 3.2356056181015447e-06 old loss 3.1264241897588363e-06 WORSE
I0328 18:31:23.846408 2315862 finetune.py:68] layer 26_v @ epoch 4 new loss 3.178631004630006e-06 old loss 3.1889901492831996e-06 BETTER
I0328 18:31:40.490189 2315792 finetune.py:68] layer 25_q @ epoch 1 new loss 2.80321160062158e-06 old loss 2.9140660444682e-06 BETTER
I0328 18:31:43.594440 2315862 finetune.py:45] layer 26_q initial loss 3.890077096002642e-06
I0328 18:31:56.781965 2315932 finetune.py:76] layer 27_v @ epoch 3 new loss 3.279693601143663e-06 old loss 3.1264241897588363e-06 WORSE
I0328 18:31:57.633126 2315722 finetune.py:68] layer 24_q @ epoch 3 new loss 2.1304883830453036e-06 old loss 2.1521309463423677e-06 BETTER
I0328 18:32:15.014583 2315792 finetune.py:68] layer 25_q @ epoch 2 new loss 2.7895268885913538e-06 old loss 2.80321160062158e-06 BETTER
I0328 18:32:17.159998 2315862 finetune.py:68] layer 26_q @ epoch 0 new loss 3.687731123136473e-06 old loss 3.890077096002642e-06 BETTER
I0328 18:32:30.648741 2315932 finetune.py:68] layer 27_v @ epoch 4 new loss 3.0954572594055207e-06 old loss 3.1264241897588363e-06 BETTER
I0328 18:32:34.193611 2315722 finetune.py:68] layer 24_q @ epoch 4 new loss 2.1167418253753567e-06 old loss 2.1304883830453036e-06 BETTER
I0328 18:32:49.826567 2315792 finetune.py:68] layer 25_q @ epoch 3 new loss 2.745714482443873e-06 old loss 2.7895268885913538e-06 BETTER
I0328 18:32:50.808451 2315932 finetune.py:45] layer 27_q initial loss 4.197378984827083e-06
I0328 18:32:52.149738 2315862 finetune.py:68] layer 26_q @ epoch 1 new loss 3.595478574425215e-06 old loss 3.687731123136473e-06 BETTER
I0328 18:32:52.358968 2315722 finetune.py:45] layer 24_k initial loss 2.4859321001713397e-06
I0328 18:33:24.038011 2315932 finetune.py:68] layer 27_q @ epoch 0 new loss 4.019151674583554e-06 old loss 4.197378984827083e-06 BETTER
I0328 18:33:24.809737 2315792 finetune.py:68] layer 25_q @ epoch 4 new loss 2.6848499601328513e-06 old loss 2.745714482443873e-06 BETTER
I0328 18:33:26.814808 2315862 finetune.py:68] layer 26_q @ epoch 2 new loss 3.570065018720925e-06 old loss 3.595478574425215e-06 BETTER
I0328 18:33:27.840272 2315722 finetune.py:68] layer 24_k @ epoch 0 new loss 2.445783593429951e-06 old loss 2.4859321001713397e-06 BETTER
I0328 18:33:42.882560 2315792 finetune.py:45] layer 25_k initial loss 3.3060048281186027e-06
I0328 18:33:58.334266 2315932 finetune.py:68] layer 27_q @ epoch 1 new loss 3.824885880021611e-06 old loss 4.019151674583554e-06 BETTER
I0328 18:34:01.611249 2315862 finetune.py:68] layer 26_q @ epoch 3 new loss 3.542509830367635e-06 old loss 3.570065018720925e-06 BETTER
I0328 18:34:04.033198 2315722 finetune.py:68] layer 24_k @ epoch 1 new loss 2.42477358369797e-06 old loss 2.445783593429951e-06 BETTER
I0328 18:34:15.999211 2315792 finetune.py:68] layer 25_k @ epoch 0 new loss 3.2454775009682635e-06 old loss 3.3060048281186027e-06 BETTER
I0328 18:34:32.683516 2315932 finetune.py:68] layer 27_q @ epoch 2 new loss 3.7915235679975012e-06 old loss 3.824885880021611e-06 BETTER
I0328 18:34:36.324683 2315862 finetune.py:76] layer 26_q @ epoch 4 new loss 3.5552882309275446e-06 old loss 3.542509830367635e-06 WORSE
I0328 18:34:40.544578 2315722 finetune.py:68] layer 24_k @ epoch 2 new loss 2.418992153252475e-06 old loss 2.42477358369797e-06 BETTER
I0328 18:34:50.089366 2315792 finetune.py:68] layer 25_k @ epoch 1 new loss 3.214549678887124e-06 old loss 3.2454775009682635e-06 BETTER
I0328 18:34:54.217457 2315862 finetune.py:45] layer 26_k initial loss 4.0588151932752226e-06
I0328 18:35:06.944588 2315932 finetune.py:68] layer 27_q @ epoch 3 new loss 3.7695276660087984e-06 old loss 3.7915235679975012e-06 BETTER
I0328 18:35:16.919338 2315722 finetune.py:68] layer 24_k @ epoch 3 new loss 2.4175571979867527e-06 old loss 2.418992153252475e-06 BETTER
I0328 18:35:24.374722 2315792 finetune.py:68] layer 25_k @ epoch 2 new loss 3.190981715306407e-06 old loss 3.214549678887124e-06 BETTER
I0328 18:35:27.807198 2315862 finetune.py:68] layer 26_k @ epoch 0 new loss 3.976685093221022e-06 old loss 4.0588151932752226e-06 BETTER
I0328 18:35:41.001906 2315932 finetune.py:76] layer 27_q @ epoch 4 new loss 3.782947715080809e-06 old loss 3.7695276660087984e-06 WORSE
I0328 18:35:53.300139 2315722 finetune.py:68] layer 24_k @ epoch 4 new loss 2.393640670561581e-06 old loss 2.4175571979867527e-06 BETTER
I0328 18:35:58.473232 2315932 finetune.py:45] layer 27_k initial loss 4.6736440708627924e-06
I0328 18:35:58.816738 2315792 finetune.py:68] layer 25_k @ epoch 3 new loss 3.179570740030613e-06 old loss 3.190981715306407e-06 BETTER
I0328 18:36:02.209707 2315862 finetune.py:68] layer 26_k @ epoch 1 new loss 3.941956947528524e-06 old loss 3.976685093221022e-06 BETTER
I0328 18:36:13.028995 2315722 finetune.py:45] layer 24_o initial loss 5.62959485250758e-06
I0328 18:36:31.304994 2315932 finetune.py:68] layer 27_k @ epoch 0 new loss 4.5630131353391334e-06 old loss 4.6736440708627924e-06 BETTER
I0328 18:36:33.356973 2315792 finetune.py:68] layer 25_k @ epoch 4 new loss 3.174517360093887e-06 old loss 3.179570740030613e-06 BETTER
I0328 18:36:36.711866 2315862 finetune.py:76] layer 26_k @ epoch 2 new loss 3.957444278057665e-06 old loss 3.941956947528524e-06 WORSE
I0328 18:36:47.506590 2315722 finetune.py:68] layer 24_o @ epoch 0 new loss 5.519684236787725e-06 old loss 5.62959485250758e-06 BETTER
I0328 18:36:53.030148 2315792 finetune.py:45] layer 25_o initial loss 6.874653536215192e-06
I0328 18:37:05.435516 2315932 finetune.py:68] layer 27_k @ epoch 1 new loss 4.491630534175783e-06 old loss 4.5630131353391334e-06 BETTER
I0328 18:37:10.536192 2315862 finetune.py:68] layer 26_k @ epoch 3 new loss 3.928452315449249e-06 old loss 3.941956947528524e-06 BETTER
I0328 18:37:23.052302 2315722 finetune.py:68] layer 24_o @ epoch 1 new loss 5.460996362671722e-06 old loss 5.519684236787725e-06 BETTER
I0328 18:37:25.619092 2315792 finetune.py:68] layer 25_o @ epoch 0 new loss 6.7102278080710676e-06 old loss 6.874653536215192e-06 BETTER
I0328 18:37:39.323874 2315932 finetune.py:68] layer 27_k @ epoch 2 new loss 4.490459559747251e-06 old loss 4.491630534175783e-06 BETTER
I0328 18:37:45.185460 2315862 finetune.py:76] layer 26_k @ epoch 4 new loss 3.930775619664928e-06 old loss 3.928452315449249e-06 WORSE
I0328 18:37:59.071184 2315722 finetune.py:68] layer 24_o @ epoch 2 new loss 5.423731181508629e-06 old loss 5.460996362671722e-06 BETTER
I0328 18:37:59.569308 2315792 finetune.py:68] layer 25_o @ epoch 1 new loss 6.586130439245608e-06 old loss 6.7102278080710676e-06 BETTER
I0328 18:38:04.659034 2315862 finetune.py:45] layer 26_o initial loss 9.113711712416261e-06
I0328 18:38:13.437493 2315932 finetune.py:76] layer 27_k @ epoch 3 new loss 4.499290753301466e-06 old loss 4.490459559747251e-06 WORSE
I0328 18:38:33.469712 2315792 finetune.py:68] layer 25_o @ epoch 2 new loss 6.531382041430334e-06 old loss 6.586130439245608e-06 BETTER
I0328 18:38:34.852931 2315722 finetune.py:68] layer 24_o @ epoch 3 new loss 5.393037099565845e-06 old loss 5.423731181508629e-06 BETTER
I0328 18:38:37.635724 2315862 finetune.py:68] layer 26_o @ epoch 0 new loss 8.788261766312644e-06 old loss 9.113711712416261e-06 BETTER
I0328 18:38:46.711014 2315932 finetune.py:76] layer 27_k @ epoch 4 new loss 4.4928956413059495e-06 old loss 4.490459559747251e-06 WORSE
I0328 18:39:05.710531 2315932 finetune.py:45] layer 27_o initial loss 1.0655536243575625e-05
I0328 18:39:07.339239 2315792 finetune.py:68] layer 25_o @ epoch 3 new loss 6.495833531516837e-06 old loss 6.531382041430334e-06 BETTER
I0328 18:39:10.721003 2315722 finetune.py:68] layer 24_o @ epoch 4 new loss 5.3769258556712884e-06 old loss 5.393037099565845e-06 BETTER
I0328 18:39:11.549392 2315862 finetune.py:68] layer 26_o @ epoch 1 new loss 8.629457624920178e-06 old loss 8.788261766312644e-06 BETTER
I0328 18:39:37.545094 2315932 finetune.py:68] layer 27_o @ epoch 0 new loss 1.0353099241910968e-05 old loss 1.0655536243575625e-05 BETTER
I0328 18:39:41.425516 2315792 finetune.py:76] layer 25_o @ epoch 4 new loss 6.504642442450859e-06 old loss 6.495833531516837e-06 WORSE
I0328 18:39:42.145382 2315722 finetune.py:45] layer 24_up initial loss 1.7012616808642633e-05
I0328 18:39:45.595290 2315862 finetune.py:68] layer 26_o @ epoch 2 new loss 8.5617029981222e-06 old loss 8.629457624920178e-06 BETTER
I0328 18:40:10.848578 2315932 finetune.py:68] layer 27_o @ epoch 1 new loss 1.0192529771302361e-05 old loss 1.0353099241910968e-05 BETTER
I0328 18:40:12.452226 2315792 finetune.py:45] layer 25_up initial loss 1.9567196432035416e-05
I0328 18:40:14.028893 2315722 finetune.py:68] layer 24_up @ epoch 0 new loss 1.6712559954612516e-05 old loss 1.7012616808642633e-05 BETTER
I0328 18:40:19.471026 2315862 finetune.py:68] layer 26_o @ epoch 3 new loss 8.48468243930256e-06 old loss 8.5617029981222e-06 BETTER
I0328 18:40:42.889187 2315792 finetune.py:68] layer 25_up @ epoch 0 new loss 1.9221908587496728e-05 old loss 1.9567196432035416e-05 BETTER
I0328 18:40:44.270087 2315932 finetune.py:68] layer 27_o @ epoch 2 new loss 1.0096439837070648e-05 old loss 1.0192529771302361e-05 BETTER
I0328 18:40:47.214038 2315722 finetune.py:68] layer 24_up @ epoch 1 new loss 1.650998274271842e-05 old loss 1.6712559954612516e-05 BETTER
I0328 18:40:53.840920 2315862 finetune.py:68] layer 26_o @ epoch 4 new loss 8.435215931967832e-06 old loss 8.48468243930256e-06 BETTER
I0328 18:41:14.384536 2315792 finetune.py:68] layer 25_up @ epoch 1 new loss 1.8992928744410165e-05 old loss 1.9221908587496728e-05 BETTER
I0328 18:41:17.484512 2315932 finetune.py:68] layer 27_o @ epoch 3 new loss 1.0019626643043011e-05 old loss 1.0096439837070648e-05 BETTER
I0328 18:41:20.553396 2315722 finetune.py:68] layer 24_up @ epoch 2 new loss 1.6353755199816078e-05 old loss 1.650998274271842e-05 BETTER
I0328 18:41:25.873250 2315862 finetune.py:45] layer 26_up initial loss 2.3727427105768584e-05
I0328 18:41:46.127505 2315792 finetune.py:68] layer 25_up @ epoch 2 new loss 1.8818775060935877e-05 old loss 1.8992928744410165e-05 BETTER
I0328 18:41:50.693649 2315932 finetune.py:68] layer 27_o @ epoch 4 new loss 9.976255569199566e-06 old loss 1.0019626643043011e-05 BETTER
I0328 18:41:54.133308 2315722 finetune.py:68] layer 24_up @ epoch 3 new loss 1.6223304555751383e-05 old loss 1.6353755199816078e-05 BETTER
I0328 18:41:56.601486 2315862 finetune.py:68] layer 26_up @ epoch 0 new loss 2.332402436877601e-05 old loss 2.3727427105768584e-05 BETTER
I0328 18:42:17.975514 2315792 finetune.py:68] layer 25_up @ epoch 3 new loss 1.8675624232855625e-05 old loss 1.8818775060935877e-05 BETTER
I0328 18:42:22.389346 2315932 finetune.py:45] layer 27_up initial loss 2.782128103717696e-05
I0328 18:42:27.923866 2315722 finetune.py:68] layer 24_up @ epoch 4 new loss 1.611678999324795e-05 old loss 1.6223304555751383e-05 BETTER
I0328 18:42:28.472571 2315862 finetune.py:68] layer 26_up @ epoch 1 new loss 2.3045033231028356e-05 old loss 2.332402436877601e-05 BETTER
I0328 18:42:49.806190 2315792 finetune.py:68] layer 25_up @ epoch 4 new loss 1.8557266230345704e-05 old loss 1.8675624232855625e-05 BETTER
I0328 18:42:52.403924 2315932 finetune.py:68] layer 27_up @ epoch 0 new loss 2.7314423277857713e-05 old loss 2.782128103717696e-05 BETTER
I0328 18:42:59.148485 2315722 finetune.py:45] layer 24_gate initial loss 2.105039129673969e-05
I0328 18:43:00.462175 2315862 finetune.py:68] layer 26_up @ epoch 2 new loss 2.283424328197725e-05 old loss 2.3045033231028356e-05 BETTER
I0328 18:43:21.274875 2315792 finetune.py:45] layer 25_gate initial loss 2.4278982891701162e-05
I0328 18:43:23.443453 2315932 finetune.py:68] layer 27_up @ epoch 1 new loss 2.6972558771376498e-05 old loss 2.7314423277857713e-05 BETTER
I0328 18:43:28.883034 2315722 finetune.py:68] layer 24_gate @ epoch 0 new loss 2.0939614842063747e-05 old loss 2.105039129673969e-05 BETTER
I0328 18:43:32.523119 2315862 finetune.py:68] layer 26_up @ epoch 3 new loss 2.265845614601858e-05 old loss 2.283424328197725e-05 BETTER
I0328 18:43:49.573878 2315792 finetune.py:68] layer 25_gate @ epoch 0 new loss 2.4156544895959087e-05 old loss 2.4278982891701162e-05 BETTER
I0328 18:43:54.746811 2315932 finetune.py:68] layer 27_up @ epoch 2 new loss 2.6716565116657875e-05 old loss 2.6972558771376498e-05 BETTER
I0328 18:43:59.949993 2315722 finetune.py:68] layer 24_gate @ epoch 1 new loss 2.085024243569933e-05 old loss 2.0939614842063747e-05 BETTER
I0328 18:44:04.725284 2315862 finetune.py:68] layer 26_up @ epoch 4 new loss 2.2512709620059468e-05 old loss 2.265845614601858e-05 BETTER
I0328 18:44:19.007576 2315792 finetune.py:68] layer 25_gate @ epoch 1 new loss 2.4059372663032264e-05 old loss 2.4156544895959087e-05 BETTER
I0328 18:44:25.899867 2315932 finetune.py:68] layer 27_up @ epoch 3 new loss 2.650329224707093e-05 old loss 2.6716565116657875e-05 BETTER
I0328 18:44:31.072611 2315722 finetune.py:68] layer 24_gate @ epoch 2 new loss 2.0777066310984083e-05 old loss 2.085024243569933e-05 BETTER
I0328 18:44:36.660879 2315862 finetune.py:45] layer 26_gate initial loss 2.9304857889655977e-05
I0328 18:44:48.419874 2315792 finetune.py:68] layer 25_gate @ epoch 2 new loss 2.3978145691216923e-05 old loss 2.4059372663032264e-05 BETTER
I0328 18:44:57.150665 2315932 finetune.py:68] layer 27_up @ epoch 4 new loss 2.6333864298067056e-05 old loss 2.650329224707093e-05 BETTER
I0328 18:45:02.410397 2315722 finetune.py:68] layer 24_gate @ epoch 3 new loss 2.0713092453661375e-05 old loss 2.0777066310984083e-05 BETTER
I0328 18:45:05.174472 2315862 finetune.py:68] layer 26_gate @ epoch 0 new loss 2.9157428798498586e-05 old loss 2.9304857889655977e-05 BETTER
I0328 18:45:17.877405 2315792 finetune.py:68] layer 25_gate @ epoch 3 new loss 2.3908483854029328e-05 old loss 2.3978145691216923e-05 BETTER
I0328 18:45:28.753666 2315932 finetune.py:45] layer 27_gate initial loss 3.4752334613585845e-05
I0328 18:45:33.792187 2315722 finetune.py:68] layer 24_gate @ epoch 4 new loss 2.065869739453774e-05 old loss 2.0713092453661375e-05 BETTER
I0328 18:45:34.722783 2315862 finetune.py:68] layer 26_gate @ epoch 1 new loss 2.9043174436083063e-05 old loss 2.9157428798498586e-05 BETTER
I0328 18:45:47.405668 2315792 finetune.py:68] layer 25_gate @ epoch 4 new loss 2.3850883735576645e-05 old loss 2.3908483854029328e-05 BETTER
I0328 18:45:56.627851 2315932 finetune.py:68] layer 27_gate @ epoch 0 new loss 3.45657899742946e-05 old loss 3.4752334613585845e-05 BETTER
I0328 18:46:04.409712 2315862 finetune.py:68] layer 26_gate @ epoch 2 new loss 2.89508043351816e-05 old loss 2.9043174436083063e-05 BETTER
I0328 18:46:25.721498 2315932 finetune.py:68] layer 27_gate @ epoch 1 new loss 3.441423177719116e-05 old loss 3.45657899742946e-05 BETTER
I0328 18:46:28.997611 2315722 finetune.py:45] layer 24_down initial loss 3.647550693131052e-05
I0328 18:46:34.320410 2315862 finetune.py:68] layer 26_gate @ epoch 3 new loss 2.8868800654890947e-05 old loss 2.89508043351816e-05 BETTER
I0328 18:46:43.759891 2315792 finetune.py:45] layer 25_down initial loss 4.098501449334435e-05
I0328 18:46:54.847914 2315932 finetune.py:68] layer 27_gate @ epoch 2 new loss 3.429892240092158e-05 old loss 3.441423177719116e-05 BETTER
I0328 18:46:56.218112 2315722 finetune.py:68] layer 24_down @ epoch 0 new loss 3.6474863009061664e-05 old loss 3.647550693131052e-05 BETTER
I0328 18:47:04.216931 2315862 finetune.py:68] layer 26_gate @ epoch 4 new loss 2.8802276574424468e-05 old loss 2.8868800654890947e-05 BETTER
I0328 18:47:09.821906 2315792 finetune.py:68] layer 25_down @ epoch 0 new loss 4.0982769860420376e-05 old loss 4.098501449334435e-05 BETTER
I0328 18:47:23.991971 2315932 finetune.py:68] layer 27_gate @ epoch 3 new loss 3.41997692885343e-05 old loss 3.429892240092158e-05 BETTER
I0328 18:47:24.812935 2315722 finetune.py:68] layer 24_down @ epoch 1 new loss 3.6474335502134636e-05 old loss 3.6474863009061664e-05 BETTER
I0328 18:47:36.846630 2315792 finetune.py:68] layer 25_down @ epoch 1 new loss 4.098148929188028e-05 old loss 4.0982769860420376e-05 BETTER
I0328 18:47:53.338472 2315932 finetune.py:68] layer 27_gate @ epoch 4 new loss 3.411809666431509e-05 old loss 3.41997692885343e-05 BETTER
I0328 18:47:53.823057 2315722 finetune.py:68] layer 24_down @ epoch 2 new loss 3.647406992968172e-05 old loss 3.6474335502134636e-05 BETTER
I0328 18:48:01.269387 2315862 finetune.py:45] layer 26_down initial loss 4.8472404159838334e-05
I0328 18:48:04.139040 2315792 finetune.py:68] layer 25_down @ epoch 2 new loss 4.098059798707254e-05 old loss 4.098148929188028e-05 BETTER
I0328 18:48:22.424372 2315722 finetune.py:68] layer 24_down @ epoch 3 new loss 3.647361882030964e-05 old loss 3.647406992968172e-05 BETTER
I0328 18:48:27.547546 2315862 finetune.py:68] layer 26_down @ epoch 0 new loss 4.847127274842933e-05 old loss 4.8472404159838334e-05 BETTER
I0328 18:48:31.666317 2315792 finetune.py:68] layer 25_down @ epoch 3 new loss 4.0979819459607825e-05 old loss 4.098059798707254e-05 BETTER
I0328 18:48:51.207999 2315932 finetune.py:45] layer 27_down initial loss 5.7121018471661955e-05
I0328 18:48:51.310582 2315722 finetune.py:68] layer 24_down @ epoch 4 new loss 3.647325866040774e-05 old loss 3.647361882030964e-05 BETTER
24_v proxy err 0.0015239444328472018 tr(WHW.T) 467.2783508300781
bpp_loss 4.675452624331228
24_q proxy err 0.0001353915431536734 tr(WHW.T) 22440.966796875
bpp_loss 5.189144950243644
24_k proxy err 6.38833298580721e-05 tr(WHW.T) 14183.8994140625
bpp_loss 6.044786274433136
24_o proxy err 0.0018063437892124057 tr(WHW.T) 1591.25634765625
bpp_loss 4.593744055368006
24_up proxy err 0.0018798831151798368 tr(WHW.T) 7311.13037109375
bpp_loss 4.586188137464758
24_gate proxy err 0.000544163747690618 tr(WHW.T) 25871.65625
bpp_loss 4.989331053969051
24_down proxy err 0.0019029674585908651 tr(WHW.T) 6747.3974609375
bpp_loss 4.583744183149455
I0328 18:48:55.140251 2315862 finetune.py:68] layer 26_down @ epoch 1 new loss 4.847076706937514e-05 old loss 4.847127274842933e-05 BETTER
I0328 18:48:59.880358 2315792 finetune.py:68] layer 25_down @ epoch 4 new loss 4.0979131881613284e-05 old loss 4.0979819459607825e-05 BETTER
25_v proxy err 0.0013063453370705247 tr(WHW.T) 557.8086547851562
bpp_loss 4.685693298233673
25_q proxy err 0.00011813841410912573 tr(WHW.T) 26116.20703125
bpp_loss 5.1650118679972365
25_k proxy err 6.173231668071821e-05 tr(WHW.T) 14413.8994140625
bpp_loss 6.025240028742701
25_o proxy err 0.0015164322685450315 tr(WHW.T) 1991.3702392578125
bpp_loss 4.594401835813187
25_up proxy err 0.0018592325504869223 tr(WHW.T) 7383.88134765625
bpp_loss 4.595632030296007
25_gate proxy err 0.000534331367816776 tr(WHW.T) 26310.9140625
bpp_loss 4.999951370393059
25_down proxy err 0.001899166265502572 tr(WHW.T) 6621.29541015625
bpp_loss 4.592830000678077
I0328 18:49:17.381890 2315932 finetune.py:68] layer 27_down @ epoch 0 new loss 5.7119505072478205e-05 old loss 5.7121018471661955e-05 BETTER
I0328 18:49:23.011318 2315862 finetune.py:68] layer 26_down @ epoch 2 new loss 4.8470326873939484e-05 old loss 4.847076706937514e-05 BETTER
I0328 18:49:44.238376 2315932 finetune.py:68] layer 27_down @ epoch 1 new loss 5.7118690165225416e-05 old loss 5.7119505072478205e-05 BETTER
I0328 18:49:50.774724 2315862 finetune.py:68] layer 26_down @ epoch 3 new loss 4.846979572903365e-05 old loss 4.8470326873939484e-05 BETTER
I0328 18:50:11.234762 2313906 quantize_finetune_llama.py:240] computed original embedding for layer 28 in 66.41108846664429s
I0328 18:50:11.291409 2315932 finetune.py:68] layer 27_down @ epoch 2 new loss 5.7117955293506384e-05 old loss 5.7118690165225416e-05 BETTER
I0328 18:50:15.121102 2316002 utils.py:146] Note: detected 128 virtual cores but NumExpr set to maximum of 64, check "NUMEXPR_MAX_THREADS" environment variable.
I0328 18:50:15.121205 2316002 utils.py:149] Note: NumExpr detected 128 cores but "NUMEXPR_MAX_THREADS" not set, so enforcing safe limit of 16.
I0328 18:50:15.121247 2316002 utils.py:162] NumExpr defaulting to 16 threads.
I0328 18:50:15.518533 2316002 config.py:54] PyTorch version 2.6.0 available.
W0328 18:50:15.733121 2316002 warnings.py:109] /opt/conda/lib/python3.10/site-packages/torchvision/io/image.py:13: UserWarning: Failed to load image Python extension: '/opt/conda/lib/python3.10/site-packages/torchvision/image.so: undefined symbol: _ZN3c1017RegisterOperatorsD1Ev'If you don't plan on using image functionality from `torchvision.io`, you can ignore this warning. Otherwise, there might be something wrong with your environment. Did you have `libjpeg` or `libpng` installed before building `torchvision` from source?
  warn(

W0328 18:50:16.366318 2316002 warnings.py:109] /opt/conda/lib/python3.10/site-packages/compressai/models/video/google.py:353: FutureWarning: `torch.cuda.amp.autocast(args...)` is deprecated. Please use `torch.amp.autocast('cuda', args...)` instead.
  @amp.autocast(enabled=False)

I0328 18:50:16.370844 2313906 quantize_finetune_llama.py:209] layer 29 gpu 1
I0328 18:50:16.385539 2316002 data_utils.py:336] using 256 training seqs, 128 validation seqs
I0328 18:50:18.613459 2315862 finetune.py:68] layer 26_down @ epoch 4 new loss 4.8469399189343676e-05 old loss 4.846979572903365e-05 BETTER
26_v proxy err 0.0015933813992887735 tr(WHW.T) 434.54583740234375
bpp_loss 4.738523366162553
26_q proxy err 0.00013810594100505114 tr(WHW.T) 21405.375
bpp_loss 5.175423080450855
26_k proxy err 5.80058986088261e-05 tr(WHW.T) 15423.7626953125
bpp_loss 6.117677121888846
26_o proxy err 0.0010900306515395641 tr(WHW.T) 2387.672607421875
bpp_loss 4.611650678212754
26_up proxy err 0.001795380376279354 tr(WHW.T) 7648.22216796875
bpp_loss 4.604899058451077
26_gate proxy err 0.00048659188905730844 tr(WHW.T) 28907.494140625
bpp_loss 5.009824424449887
26_down proxy err 0.0018985312199220061 tr(WHW.T) 6625.30908203125
bpp_loss 4.600810675050265
The attention layers in this model are transitioning from computing the RoPE embeddings internally through `position_ids` (2D tensor with the indexes of the tokens), to using externally computed `position_embeddings` (Tuple of tensors, containing cos and sin). In v4.46 `position_ids` will be removed and `position_embeddings` will be mandatory.
I0328 18:50:33.307981 2316002 finetune.py:45] layer 28_v initial loss 1.3026986380282324e-05
W0328 18:50:33.308205 2316002 warnings.py:109] /workspace/Weight_compression/comp_lm_qtip/lib/algo/finetune.py:46: FutureWarning: `torch.cuda.amp.GradScaler(args...)` is deprecated. Please use `torch.amp.GradScaler('cuda', args...)` instead.
  scaler = torch.cuda.amp.GradScaler(enabled=(orig_dtype==torch.float16))

I0328 18:50:38.506372 2315932 finetune.py:68] layer 27_down @ epoch 3 new loss 5.7117340475087985e-05 old loss 5.7117955293506384e-05 BETTER
I0328 18:51:05.787373 2315932 finetune.py:68] layer 27_down @ epoch 4 new loss 5.711669291486032e-05 old loss 5.7117340475087985e-05 BETTER
27_v proxy err 0.0010974656324833632 tr(WHW.T) 677.69384765625
bpp_loss 4.833270658098627
27_q proxy err 0.00014593146624974906 tr(WHW.T) 21307.462890625
bpp_loss 5.143095601059031
27_k proxy err 6.60215737298131e-05 tr(WHW.T) 14010.4609375
bpp_loss 6.069465680164285
27_o proxy err 0.001296990318223834 tr(WHW.T) 2160.527099609375
bpp_loss 4.652966482797638
27_up proxy err 0.0016345364274457097 tr(WHW.T) 8478.0048828125
bpp_loss 4.620479902319078
27_gate proxy err 0.00043237340287305415 tr(WHW.T) 32819.25
bpp_loss 5.024006843966033
27_down proxy err 0.001578569645062089 tr(WHW.T) 6550.37109375
bpp_loss 4.611998642828049
I0328 18:51:08.286424 2316002 finetune.py:68] layer 28_v @ epoch 0 new loss 4.486850684770616e-06 old loss 1.3026986380282324e-05 BETTER
I0328 18:51:25.889343 2313906 quantize_finetune_llama.py:240] computed original embedding for layer 29 in 62.83392834663391s
I0328 18:51:29.719511 2316072 utils.py:146] Note: detected 128 virtual cores but NumExpr set to maximum of 64, check "NUMEXPR_MAX_THREADS" environment variable.
I0328 18:51:29.719603 2316072 utils.py:149] Note: NumExpr detected 128 cores but "NUMEXPR_MAX_THREADS" not set, so enforcing safe limit of 16.
I0328 18:51:29.719640 2316072 utils.py:162] NumExpr defaulting to 16 threads.
I0328 18:51:30.084486 2316072 config.py:54] PyTorch version 2.6.0 available.
W0328 18:51:30.279187 2316072 warnings.py:109] /opt/conda/lib/python3.10/site-packages/torchvision/io/image.py:13: UserWarning: Failed to load image Python extension: '/opt/conda/lib/python3.10/site-packages/torchvision/image.so: undefined symbol: _ZN3c1017RegisterOperatorsD1Ev'If you don't plan on using image functionality from `torchvision.io`, you can ignore this warning. Otherwise, there might be something wrong with your environment. Did you have `libjpeg` or `libpng` installed before building `torchvision` from source?
  warn(

W0328 18:51:30.871476 2316072 warnings.py:109] /opt/conda/lib/python3.10/site-packages/compressai/models/video/google.py:353: FutureWarning: `torch.cuda.amp.autocast(args...)` is deprecated. Please use `torch.amp.autocast('cuda', args...)` instead.
  @amp.autocast(enabled=False)

I0328 18:51:30.875230 2313906 quantize_finetune_llama.py:209] layer 30 gpu 2
I0328 18:51:30.889512 2316072 data_utils.py:336] using 256 training seqs, 128 validation seqs
The attention layers in this model are transitioning from computing the RoPE embeddings internally through `position_ids` (2D tensor with the indexes of the tokens), to using externally computed `position_embeddings` (Tuple of tensors, containing cos and sin). In v4.46 `position_ids` will be removed and `position_embeddings` will be mandatory.
I0328 18:51:44.804248 2316002 finetune.py:68] layer 28_v @ epoch 1 new loss 4.30693171438179e-06 old loss 4.486850684770616e-06 BETTER
I0328 18:51:48.391582 2316072 finetune.py:45] layer 29_v initial loss 1.6266887541860342e-05
W0328 18:51:48.391770 2316072 warnings.py:109] /workspace/Weight_compression/comp_lm_qtip/lib/algo/finetune.py:46: FutureWarning: `torch.cuda.amp.GradScaler(args...)` is deprecated. Please use `torch.amp.GradScaler('cuda', args...)` instead.
  scaler = torch.cuda.amp.GradScaler(enabled=(orig_dtype==torch.float16))

I0328 18:52:21.673867 2316072 finetune.py:68] layer 29_v @ epoch 0 new loss 5.259177669358905e-06 old loss 1.6266887541860342e-05 BETTER
I0328 18:52:21.746958 2316002 finetune.py:76] layer 28_v @ epoch 2 new loss 4.606043148669414e-06 old loss 4.30693171438179e-06 WORSE
I0328 18:52:34.794711 2313906 quantize_finetune_llama.py:240] computed original embedding for layer 30 in 63.43957042694092s
I0328 18:52:38.557170 2316142 utils.py:146] Note: detected 128 virtual cores but NumExpr set to maximum of 64, check "NUMEXPR_MAX_THREADS" environment variable.
I0328 18:52:38.557372 2316142 utils.py:149] Note: NumExpr detected 128 cores but "NUMEXPR_MAX_THREADS" not set, so enforcing safe limit of 16.
I0328 18:52:38.557454 2316142 utils.py:162] NumExpr defaulting to 16 threads.
I0328 18:52:38.900754 2316142 config.py:54] PyTorch version 2.6.0 available.
W0328 18:52:39.113542 2316142 warnings.py:109] /opt/conda/lib/python3.10/site-packages/torchvision/io/image.py:13: UserWarning: Failed to load image Python extension: '/opt/conda/lib/python3.10/site-packages/torchvision/image.so: undefined symbol: _ZN3c1017RegisterOperatorsD1Ev'If you don't plan on using image functionality from `torchvision.io`, you can ignore this warning. Otherwise, there might be something wrong with your environment. Did you have `libjpeg` or `libpng` installed before building `torchvision` from source?
  warn(

W0328 18:52:39.738573 2316142 warnings.py:109] /opt/conda/lib/python3.10/site-packages/compressai/models/video/google.py:353: FutureWarning: `torch.cuda.amp.autocast(args...)` is deprecated. Please use `torch.amp.autocast('cuda', args...)` instead.
  @amp.autocast(enabled=False)

I0328 18:52:39.742029 2313906 quantize_finetune_llama.py:209] layer 31 gpu 3
I0328 18:52:39.754578 2316142 data_utils.py:336] using 256 training seqs, 128 validation seqs
The attention layers in this model are transitioning from computing the RoPE embeddings internally through `position_ids` (2D tensor with the indexes of the tokens), to using externally computed `position_embeddings` (Tuple of tensors, containing cos and sin). In v4.46 `position_ids` will be removed and `position_embeddings` will be mandatory.
I0328 18:52:56.251203 2316072 finetune.py:76] layer 29_v @ epoch 1 new loss 5.351436811906751e-06 old loss 5.259177669358905e-06 WORSE
I0328 18:52:57.075982 2316142 finetune.py:45] layer 30_v initial loss 1.6984757166937925e-05
W0328 18:52:57.076208 2316142 warnings.py:109] /workspace/Weight_compression/comp_lm_qtip/lib/algo/finetune.py:46: FutureWarning: `torch.cuda.amp.GradScaler(args...)` is deprecated. Please use `torch.amp.GradScaler('cuda', args...)` instead.
  scaler = torch.cuda.amp.GradScaler(enabled=(orig_dtype==torch.float16))

I0328 18:52:57.994908 2316002 finetune.py:76] layer 28_v @ epoch 3 new loss 4.497566806094255e-06 old loss 4.30693171438179e-06 WORSE
I0328 18:53:30.136764 2316072 finetune.py:76] layer 29_v @ epoch 2 new loss 5.649854301736923e-06 old loss 5.259177669358905e-06 WORSE
I0328 18:53:30.650254 2316142 finetune.py:68] layer 30_v @ epoch 0 new loss 9.026592124428134e-06 old loss 1.6984757166937925e-05 BETTER
I0328 18:53:34.505303 2316002 finetune.py:76] layer 28_v @ epoch 4 new loss 4.489918410399696e-06 old loss 4.30693171438179e-06 WORSE
I0328 18:53:35.760649 2313906 quantize_finetune_llama.py:240] computed original embedding for layer 31 in 55.53178572654724s
I0328 18:53:39.526064 2316212 utils.py:146] Note: detected 128 virtual cores but NumExpr set to maximum of 64, check "NUMEXPR_MAX_THREADS" environment variable.
I0328 18:53:39.526168 2316212 utils.py:149] Note: NumExpr detected 128 cores but "NUMEXPR_MAX_THREADS" not set, so enforcing safe limit of 16.
I0328 18:53:39.526211 2316212 utils.py:162] NumExpr defaulting to 16 threads.
I0328 18:53:39.870583 2316212 config.py:54] PyTorch version 2.6.0 available.
W0328 18:53:40.082616 2316212 warnings.py:109] /opt/conda/lib/python3.10/site-packages/torchvision/io/image.py:13: UserWarning: Failed to load image Python extension: '/opt/conda/lib/python3.10/site-packages/torchvision/image.so: undefined symbol: _ZN3c1017RegisterOperatorsD1Ev'If you don't plan on using image functionality from `torchvision.io`, you can ignore this warning. Otherwise, there might be something wrong with your environment. Did you have `libjpeg` or `libpng` installed before building `torchvision` from source?
  warn(

W0328 18:53:40.687395 2316212 warnings.py:109] /opt/conda/lib/python3.10/site-packages/compressai/models/video/google.py:353: FutureWarning: `torch.cuda.amp.autocast(args...)` is deprecated. Please use `torch.amp.autocast('cuda', args...)` instead.
  @amp.autocast(enabled=False)

I0328 18:53:40.705184 2316212 data_utils.py:336] using 256 training seqs, 128 validation seqs
The attention layers in this model are transitioning from computing the RoPE embeddings internally through `position_ids` (2D tensor with the indexes of the tokens), to using externally computed `position_embeddings` (Tuple of tensors, containing cos and sin). In v4.46 `position_ids` will be removed and `position_embeddings` will be mandatory.
I0328 18:53:53.003682 2316002 finetune.py:45] layer 28_q initial loss 5.582913217949681e-06
I0328 18:53:57.501176 2316212 finetune.py:45] layer 31_v initial loss 2.654075615282636e-05
W0328 18:53:57.501626 2316212 warnings.py:109] /workspace/Weight_compression/comp_lm_qtip/lib/algo/finetune.py:46: FutureWarning: `torch.cuda.amp.GradScaler(args...)` is deprecated. Please use `torch.amp.GradScaler('cuda', args...)` instead.
