I0328 20:34:08.519949 2317497 finetune.py:68] layer 9_down @ epoch 0 new loss 2.4355326786462683e-06 old loss 2.4357932488783263e-06 BETTER
I0328 20:34:14.321280 2317427 finetune.py:68] layer 8_down @ epoch 1 new loss 2.2601743694394827e-06 old loss 2.2602866920351516e-06 BETTER
I0328 20:34:18.307665 2317637 finetune.py:68] layer 11_gate @ epoch 3 new loss 1.837523541325936e-06 old loss 1.8475482193025528e-06 BETTER
I0328 20:34:35.675884 2317497 finetune.py:68] layer 9_down @ epoch 1 new loss 2.4354280867555644e-06 old loss 2.4355326786462683e-06 BETTER
I0328 20:34:43.151031 2317427 finetune.py:68] layer 8_down @ epoch 2 new loss 2.2601066120842006e-06 old loss 2.2601743694394827e-06 BETTER
I0328 20:34:47.604713 2317637 finetune.py:68] layer 11_gate @ epoch 4 new loss 1.8283371900906786e-06 old loss 1.837523541325936e-06 BETTER
I0328 20:34:59.685679 2317567 finetune.py:45] layer 10_down initial loss 2.663490022314363e-06
I0328 20:35:03.010404 2317497 finetune.py:68] layer 9_down @ epoch 2 new loss 2.4353648768737912e-06 old loss 2.4354280867555644e-06 BETTER
I0328 20:35:12.141437 2317427 finetune.py:68] layer 8_down @ epoch 3 new loss 2.260059545733384e-06 old loss 2.2601066120842006e-06 BETTER
I0328 20:35:26.044148 2317567 finetune.py:68] layer 10_down @ epoch 0 new loss 2.6632649223756744e-06 old loss 2.663490022314363e-06 BETTER
I0328 20:35:30.620609 2317497 finetune.py:68] layer 9_down @ epoch 3 new loss 2.4353225853701588e-06 old loss 2.4353648768737912e-06 BETTER
I0328 20:35:41.190870 2317427 finetune.py:68] layer 8_down @ epoch 4 new loss 2.2600302145292517e-06 old loss 2.260059545733384e-06 BETTER
8_v proxy err 0.0005599232972599566 tr(WHW.T) 257.7052307128906
bpp_loss 5.512529646512121
8_q proxy err 3.180709609296173e-05 tr(WHW.T) 26601.72265625
bpp_loss 6.435963431955315
8_k proxy err 1.511148366262205e-05 tr(WHW.T) 22526.765625
bpp_loss 7.655264269327745
8_o proxy err 0.0005378864007070661 tr(WHW.T) 745.8627319335938
bpp_loss 5.627158902469091
8_up proxy err 0.0003563145291991532 tr(WHW.T) 8494.8837890625
bpp_loss 5.745811629242131
8_gate proxy err 9.180939377984032e-05 tr(WHW.T) 37237.7890625
bpp_loss 6.075423609066222
8_down proxy err 0.00045887025771662593 tr(WHW.T) 6489.296875
bpp_loss 5.746133796604616
I0328 20:35:43.769146 2317637 finetune.py:45] layer 11_down initial loss 2.7500202577357413e-06
I0328 20:35:54.280725 2317567 finetune.py:68] layer 10_down @ epoch 1 new loss 2.6631480523064965e-06 old loss 2.6632649223756744e-06 BETTER
I0328 20:35:58.715291 2317497 finetune.py:76] layer 9_down @ epoch 4 new loss 2.4353496428375365e-06 old loss 2.4353225853701588e-06 WORSE
9_v proxy err 0.00043341729906387627 tr(WHW.T) 351.4288024902344
bpp_loss 5.615990342921577
9_q proxy err 3.3302978408755735e-05 tr(WHW.T) 25655.12890625
bpp_loss 6.446312080486678
9_k proxy err 1.6572037566220388e-05 tr(WHW.T) 20943.224609375
bpp_loss 7.6770888599567115
9_o proxy err 0.0004954975447617471 tr(WHW.T) 776.854736328125
bpp_loss 5.684240661095828
9_up proxy err 0.0003379792906343937 tr(WHW.T) 8970.3798828125
bpp_loss 5.755335580557585
9_gate proxy err 8.71894953888841e-05 tr(WHW.T) 39408.26953125
bpp_loss 6.093513876199722
9_down proxy err 0.00045512174256145954 tr(WHW.T) 6273.79052734375
bpp_loss 5.749243433188115
I0328 20:36:10.064394 2317637 finetune.py:68] layer 11_down @ epoch 0 new loss 2.7497069368109806e-06 old loss 2.7500202577357413e-06 BETTER
I0328 20:36:22.150325 2317567 finetune.py:68] layer 10_down @ epoch 2 new loss 2.6630598313204246e-06 old loss 2.6631480523064965e-06 BETTER
I0328 20:36:36.945290 2317637 finetune.py:68] layer 11_down @ epoch 1 new loss 2.749569148363662e-06 old loss 2.7497069368109806e-06 BETTER
I0328 20:36:49.937925 2317567 finetune.py:68] layer 10_down @ epoch 3 new loss 2.663047325768275e-06 old loss 2.6630598313204246e-06 BETTER
I0328 20:37:03.917408 2317637 finetune.py:68] layer 11_down @ epoch 2 new loss 2.7495048016135115e-06 old loss 2.749569148363662e-06 BETTER
I0328 20:37:10.227749 2316731 quantize_finetune_llama.py:240] computed original embedding for layer 12 in 66.90953183174133s
I0328 20:37:14.088360 2317707 utils.py:146] Note: detected 128 virtual cores but NumExpr set to maximum of 64, check "NUMEXPR_MAX_THREADS" environment variable.
I0328 20:37:14.088457 2317707 utils.py:149] Note: NumExpr detected 128 cores but "NUMEXPR_MAX_THREADS" not set, so enforcing safe limit of 16.
I0328 20:37:14.088500 2317707 utils.py:162] NumExpr defaulting to 16 threads.
I0328 20:37:14.461872 2317707 config.py:54] PyTorch version 2.6.0 available.
W0328 20:37:14.686394 2317707 warnings.py:109] /opt/conda/lib/python3.10/site-packages/torchvision/io/image.py:13: UserWarning: Failed to load image Python extension: '/opt/conda/lib/python3.10/site-packages/torchvision/image.so: undefined symbol: _ZN3c1017RegisterOperatorsD1Ev'If you don't plan on using image functionality from `torchvision.io`, you can ignore this warning. Otherwise, there might be something wrong with your environment. Did you have `libjpeg` or `libpng` installed before building `torchvision` from source?
  warn(

W0328 20:37:15.356142 2317707 warnings.py:109] /opt/conda/lib/python3.10/site-packages/compressai/models/video/google.py:353: FutureWarning: `torch.cuda.amp.autocast(args...)` is deprecated. Please use `torch.amp.autocast('cuda', args...)` instead.
  @amp.autocast(enabled=False)

I0328 20:37:15.360189 2316731 quantize_finetune_llama.py:209] layer 13 gpu 1
I0328 20:37:15.374041 2317707 data_utils.py:336] using 256 training seqs, 128 validation seqs
I0328 20:37:17.964150 2317567 finetune.py:68] layer 10_down @ epoch 4 new loss 2.6629884359863354e-06 old loss 2.663047325768275e-06 BETTER
10_v proxy err 0.0005583289894275367 tr(WHW.T) 251.83889770507812
bpp_loss 5.503635169705376
10_q proxy err 3.567282692529261e-05 tr(WHW.T) 23339.68359375
bpp_loss 6.462294208351523
10_k proxy err 1.7945823856280185e-05 tr(WHW.T) 19743.330078125
bpp_loss 7.689353656256571
10_o proxy err 0.0006042347522452474 tr(WHW.T) 680.82421875
bpp_loss 5.618331668782048
10_up proxy err 0.00033391345641575754 tr(WHW.T) 9198.712890625
bpp_loss 5.771856035638068
10_gate proxy err 9.142736234935e-05 tr(WHW.T) 37386.15234375
bpp_loss 6.057246092041688
10_down proxy err 0.0004445631639100611 tr(WHW.T) 6525.89892578125
bpp_loss 5.7646112707443535
The attention layers in this model are transitioning from computing the RoPE embeddings internally through `position_ids` (2D tensor with the indexes of the tokens), to using externally computed `position_embeddings` (Tuple of tensors, containing cos and sin). In v4.46 `position_ids` will be removed and `position_embeddings` will be mandatory.
I0328 20:37:30.891670 2317637 finetune.py:68] layer 11_down @ epoch 3 new loss 2.749493660303415e-06 old loss 2.7495048016135115e-06 BETTER
I0328 20:37:32.430963 2317707 finetune.py:45] layer 12_v initial loss 5.734173669225129e-07
W0328 20:37:32.431407 2317707 warnings.py:109] /workspace/Weight_compression/comp_lm_qtip/lib/algo/finetune.py:46: FutureWarning: `torch.cuda.amp.GradScaler(args...)` is deprecated. Please use `torch.amp.GradScaler('cuda', args...)` instead.
  scaler = torch.cuda.amp.GradScaler(enabled=(orig_dtype==torch.float16))

I0328 20:37:57.983433 2317637 finetune.py:68] layer 11_down @ epoch 4 new loss 2.7494079404277727e-06 old loss 2.749493660303415e-06 BETTER
11_v proxy err 0.00045883210259489715 tr(WHW.T) 319.5691223144531
bpp_loss 5.503986765397713
11_q proxy err 3.7177767808316275e-05 tr(WHW.T) 22191.025390625
bpp_loss 6.376913943677209
11_k proxy err 1.8826453015208244e-05 tr(WHW.T) 18025.576171875
bpp_loss 7.674286259454675
11_o proxy err 0.0006049146177247167 tr(WHW.T) 566.0090942382812
bpp_loss 5.637137013836764
11_up proxy err 0.000328755471855402 tr(WHW.T) 9193.27734375
bpp_loss 5.778362338963364
11_gate proxy err 9.047246567206457e-05 tr(WHW.T) 36879.78515625
bpp_loss 6.037644825476621
11_down proxy err 0.0004271346260793507 tr(WHW.T) 6656.9931640625
bpp_loss 5.772468485204237
I0328 20:38:07.013114 2317707 finetune.py:68] layer 12_v @ epoch 0 new loss 4.030348748074175e-07 old loss 5.734173669225129e-07 BETTER
I0328 20:38:26.497630 2316731 quantize_finetune_llama.py:240] computed original embedding for layer 13 in 63.98732233047485s
I0328 20:38:30.117555 2317777 utils.py:146] Note: detected 128 virtual cores but NumExpr set to maximum of 64, check "NUMEXPR_MAX_THREADS" environment variable.
I0328 20:38:30.117660 2317777 utils.py:149] Note: NumExpr detected 128 cores but "NUMEXPR_MAX_THREADS" not set, so enforcing safe limit of 16.
I0328 20:38:30.117704 2317777 utils.py:162] NumExpr defaulting to 16 threads.
I0328 20:38:30.460356 2317777 config.py:54] PyTorch version 2.6.0 available.
W0328 20:38:30.656416 2317777 warnings.py:109] /opt/conda/lib/python3.10/site-packages/torchvision/io/image.py:13: UserWarning: Failed to load image Python extension: '/opt/conda/lib/python3.10/site-packages/torchvision/image.so: undefined symbol: _ZN3c1017RegisterOperatorsD1Ev'If you don't plan on using image functionality from `torchvision.io`, you can ignore this warning. Otherwise, there might be something wrong with your environment. Did you have `libjpeg` or `libpng` installed before building `torchvision` from source?
  warn(

W0328 20:38:31.231518 2317777 warnings.py:109] /opt/conda/lib/python3.10/site-packages/compressai/models/video/google.py:353: FutureWarning: `torch.cuda.amp.autocast(args...)` is deprecated. Please use `torch.amp.autocast('cuda', args...)` instead.
  @amp.autocast(enabled=False)

I0328 20:38:31.235314 2316731 quantize_finetune_llama.py:209] layer 14 gpu 2
I0328 20:38:31.249056 2317777 data_utils.py:336] using 256 training seqs, 128 validation seqs
I0328 20:38:42.946395 2317707 finetune.py:68] layer 12_v @ epoch 1 new loss 3.814760987097543e-07 old loss 4.030348748074175e-07 BETTER
The attention layers in this model are transitioning from computing the RoPE embeddings internally through `position_ids` (2D tensor with the indexes of the tokens), to using externally computed `position_embeddings` (Tuple of tensors, containing cos and sin). In v4.46 `position_ids` will be removed and `position_embeddings` will be mandatory.
I0328 20:38:48.431002 2317777 finetune.py:45] layer 13_v initial loss 5.982836910334299e-07
W0328 20:38:48.431192 2317777 warnings.py:109] /workspace/Weight_compression/comp_lm_qtip/lib/algo/finetune.py:46: FutureWarning: `torch.cuda.amp.GradScaler(args...)` is deprecated. Please use `torch.amp.GradScaler('cuda', args...)` instead.
  scaler = torch.cuda.amp.GradScaler(enabled=(orig_dtype==torch.float16))

I0328 20:39:19.400131 2317707 finetune.py:68] layer 12_v @ epoch 2 new loss 3.661741629912285e-07 old loss 3.814760987097543e-07 BETTER
I0328 20:39:21.199449 2317777 finetune.py:68] layer 13_v @ epoch 0 new loss 4.3994265297442325e-07 old loss 5.982836910334299e-07 BETTER
I0328 20:39:34.794133 2316731 quantize_finetune_llama.py:240] computed original embedding for layer 14 in 63.10787534713745s
I0328 20:39:38.507525 2317847 utils.py:146] Note: detected 128 virtual cores but NumExpr set to maximum of 64, check "NUMEXPR_MAX_THREADS" environment variable.
I0328 20:39:38.507611 2317847 utils.py:149] Note: NumExpr detected 128 cores but "NUMEXPR_MAX_THREADS" not set, so enforcing safe limit of 16.
I0328 20:39:38.507650 2317847 utils.py:162] NumExpr defaulting to 16 threads.
I0328 20:39:38.854092 2317847 config.py:54] PyTorch version 2.6.0 available.
W0328 20:39:39.044633 2317847 warnings.py:109] /opt/conda/lib/python3.10/site-packages/torchvision/io/image.py:13: UserWarning: Failed to load image Python extension: '/opt/conda/lib/python3.10/site-packages/torchvision/image.so: undefined symbol: _ZN3c1017RegisterOperatorsD1Ev'If you don't plan on using image functionality from `torchvision.io`, you can ignore this warning. Otherwise, there might be something wrong with your environment. Did you have `libjpeg` or `libpng` installed before building `torchvision` from source?
  warn(

W0328 20:39:39.683451 2317847 warnings.py:109] /opt/conda/lib/python3.10/site-packages/compressai/models/video/google.py:353: FutureWarning: `torch.cuda.amp.autocast(args...)` is deprecated. Please use `torch.amp.autocast('cuda', args...)` instead.
  @amp.autocast(enabled=False)

I0328 20:39:39.688029 2316731 quantize_finetune_llama.py:209] layer 15 gpu 3
I0328 20:39:39.702324 2317847 data_utils.py:336] using 256 training seqs, 128 validation seqs
The attention layers in this model are transitioning from computing the RoPE embeddings internally through `position_ids` (2D tensor with the indexes of the tokens), to using externally computed `position_embeddings` (Tuple of tensors, containing cos and sin). In v4.46 `position_ids` will be removed and `position_embeddings` will be mandatory.
I0328 20:39:55.487470 2317777 finetune.py:68] layer 13_v @ epoch 1 new loss 4.1660166516521713e-07 old loss 4.3994265297442325e-07 BETTER
I0328 20:39:56.063523 2317707 finetune.py:76] layer 12_v @ epoch 3 new loss 3.686002401082078e-07 old loss 3.661741629912285e-07 WORSE
I0328 20:39:56.971868 2317847 finetune.py:45] layer 14_v initial loss 6.606575766454625e-07
W0328 20:39:56.972251 2317847 warnings.py:109] /workspace/Weight_compression/comp_lm_qtip/lib/algo/finetune.py:46: FutureWarning: `torch.cuda.amp.GradScaler(args...)` is deprecated. Please use `torch.amp.GradScaler('cuda', args...)` instead.
  scaler = torch.cuda.amp.GradScaler(enabled=(orig_dtype==torch.float16))

I0328 20:40:30.101106 2317777 finetune.py:68] layer 13_v @ epoch 2 new loss 4.051089206313918e-07 old loss 4.1660166516521713e-07 BETTER
I0328 20:40:30.353885 2317847 finetune.py:68] layer 14_v @ epoch 0 new loss 4.832320428249659e-07 old loss 6.606575766454625e-07 BETTER
I0328 20:40:32.308076 2317707 finetune.py:76] layer 12_v @ epoch 4 new loss 4.0204812989941274e-07 old loss 3.661741629912285e-07 WORSE
I0328 20:40:43.742615 2316731 quantize_finetune_llama.py:240] computed original embedding for layer 15 in 63.55758237838745s
I0328 20:40:47.663447 2317917 utils.py:146] Note: detected 128 virtual cores but NumExpr set to maximum of 64, check "NUMEXPR_MAX_THREADS" environment variable.
I0328 20:40:47.663670 2317917 utils.py:149] Note: NumExpr detected 128 cores but "NUMEXPR_MAX_THREADS" not set, so enforcing safe limit of 16.
I0328 20:40:47.663779 2317917 utils.py:162] NumExpr defaulting to 16 threads.
I0328 20:40:48.029271 2317917 config.py:54] PyTorch version 2.6.0 available.
W0328 20:40:48.249082 2317917 warnings.py:109] /opt/conda/lib/python3.10/site-packages/torchvision/io/image.py:13: UserWarning: Failed to load image Python extension: '/opt/conda/lib/python3.10/site-packages/torchvision/image.so: undefined symbol: _ZN3c1017RegisterOperatorsD1Ev'If you don't plan on using image functionality from `torchvision.io`, you can ignore this warning. Otherwise, there might be something wrong with your environment. Did you have `libjpeg` or `libpng` installed before building `torchvision` from source?
  warn(

W0328 20:40:48.902827 2317917 warnings.py:109] /opt/conda/lib/python3.10/site-packages/compressai/models/video/google.py:353: FutureWarning: `torch.cuda.amp.autocast(args...)` is deprecated. Please use `torch.amp.autocast('cuda', args...)` instead.
  @amp.autocast(enabled=False)

I0328 20:40:48.906797 2316731 quantize_finetune_llama.py:209] layer 16 gpu 0
I0328 20:40:48.921307 2317917 data_utils.py:336] using 256 training seqs, 128 validation seqs
I0328 20:40:50.964412 2317707 finetune.py:45] layer 12_q initial loss 4.4973739932174794e-07
The attention layers in this model are transitioning from computing the RoPE embeddings internally through `position_ids` (2D tensor with the indexes of the tokens), to using externally computed `position_embeddings` (Tuple of tensors, containing cos and sin). In v4.46 `position_ids` will be removed and `position_embeddings` will be mandatory.
I0328 20:41:04.712130 2317777 finetune.py:76] layer 13_v @ epoch 3 new loss 4.0560513525633723e-07 old loss 4.051089206313918e-07 WORSE
I0328 20:41:04.956550 2317847 finetune.py:68] layer 14_v @ epoch 1 new loss 4.5545792204393365e-07 old loss 4.832320428249659e-07 BETTER
I0328 20:41:06.064730 2317917 finetune.py:45] layer 15_v initial loss 8.732989158488635e-07
W0328 20:41:06.065050 2317917 warnings.py:109] /workspace/Weight_compression/comp_lm_qtip/lib/algo/finetune.py:46: FutureWarning: `torch.cuda.amp.GradScaler(args...)` is deprecated. Please use `torch.amp.GradScaler('cuda', args...)` instead.
  scaler = torch.cuda.amp.GradScaler(enabled=(orig_dtype==torch.float16))

I0328 20:41:25.910776 2317707 finetune.py:68] layer 12_q @ epoch 0 new loss 4.381583664780919e-07 old loss 4.4973739932174794e-07 BETTER
I0328 20:41:38.820312 2317777 finetune.py:76] layer 13_v @ epoch 4 new loss 4.2090533725058776e-07 old loss 4.051089206313918e-07 WORSE
I0328 20:41:39.073273 2317917 finetune.py:68] layer 15_v @ epoch 0 new loss 5.411582719716534e-07 old loss 8.732989158488635e-07 BETTER
I0328 20:41:39.817981 2317847 finetune.py:68] layer 14_v @ epoch 2 new loss 4.386982652704319e-07 old loss 4.5545792204393365e-07 BETTER
I0328 20:41:57.452774 2317777 finetune.py:45] layer 13_q initial loss 5.043598321208265e-07
I0328 20:42:01.935872 2317707 finetune.py:68] layer 12_q @ epoch 1 new loss 4.3580016040323244e-07 old loss 4.381583664780919e-07 BETTER
I0328 20:42:13.599104 2317917 finetune.py:68] layer 15_v @ epoch 1 new loss 5.07455979459337e-07 old loss 5.411582719716534e-07 BETTER
I0328 20:42:15.194089 2317847 finetune.py:68] layer 14_v @ epoch 3 new loss 4.3253837134216155e-07 old loss 4.386982652704319e-07 BETTER
I0328 20:42:30.828727 2317777 finetune.py:68] layer 13_q @ epoch 0 new loss 4.929774490847194e-07 old loss 5.043598321208265e-07 BETTER
I0328 20:42:38.285730 2317707 finetune.py:76] layer 12_q @ epoch 2 new loss 4.3768613977590576e-07 old loss 4.3580016040323244e-07 WORSE
I0328 20:42:47.983997 2317917 finetune.py:68] layer 15_v @ epoch 2 new loss 4.949262688569434e-07 old loss 5.07455979459337e-07 BETTER
I0328 20:42:50.487576 2317847 finetune.py:76] layer 14_v @ epoch 4 new loss 4.427188571298757e-07 old loss 4.3253837134216155e-07 WORSE
I0328 20:43:05.083052 2317777 finetune.py:68] layer 13_q @ epoch 1 new loss 4.878985464529251e-07 old loss 4.929774490847194e-07 BETTER
I0328 20:43:09.396684 2317847 finetune.py:45] layer 14_q initial loss 5.702563043996633e-07
I0328 20:43:14.115109 2317707 finetune.py:68] layer 12_q @ epoch 3 new loss 4.1913983750418993e-07 old loss 4.3580016040323244e-07 BETTER
I0328 20:43:22.501301 2317917 finetune.py:76] layer 15_v @ epoch 3 new loss 5.045685043114645e-07 old loss 4.949262688569434e-07 WORSE
I0328 20:43:39.468249 2317777 finetune.py:68] layer 13_q @ epoch 2 new loss 4.81206029689929e-07 old loss 4.878985464529251e-07 BETTER
I0328 20:43:43.037643 2317847 finetune.py:68] layer 14_q @ epoch 0 new loss 5.46979947557702e-07 old loss 5.702563043996633e-07 BETTER
I0328 20:43:50.560726 2317707 finetune.py:76] layer 12_q @ epoch 4 new loss 4.2841915615099424e-07 old loss 4.1913983750418993e-07 WORSE
I0328 20:43:56.334540 2317917 finetune.py:76] layer 15_v @ epoch 4 new loss 5.528619340111618e-07 old loss 4.949262688569434e-07 WORSE
I0328 20:44:07.660603 2317707 finetune.py:45] layer 12_k initial loss 4.6615383553216816e-07
I0328 20:44:13.940613 2317777 finetune.py:68] layer 13_q @ epoch 3 new loss 4.761354261972883e-07 old loss 4.81206029689929e-07 BETTER
I0328 20:44:14.776368 2317917 finetune.py:45] layer 15_q initial loss 5.871855250916269e-07
I0328 20:44:17.558886 2317847 finetune.py:68] layer 14_q @ epoch 1 new loss 5.336054869076179e-07 old loss 5.46979947557702e-07 BETTER
I0328 20:44:42.879794 2317707 finetune.py:68] layer 12_k @ epoch 0 new loss 4.619855076271051e-07 old loss 4.6615383553216816e-07 BETTER
I0328 20:44:47.696580 2317917 finetune.py:68] layer 15_q @ epoch 0 new loss 5.662437843056978e-07 old loss 5.871855250916269e-07 BETTER
I0328 20:44:48.427349 2317777 finetune.py:76] layer 13_q @ epoch 4 new loss 4.780495146405883e-07 old loss 4.761354261972883e-07 WORSE
I0328 20:44:52.151902 2317847 finetune.py:76] layer 14_q @ epoch 2 new loss 5.505004310180084e-07 old loss 5.336054869076179e-07 WORSE
I0328 20:45:05.752006 2317777 finetune.py:45] layer 13_k initial loss 5.264173523755744e-07
I0328 20:45:18.977319 2317707 finetune.py:68] layer 12_k @ epoch 1 new loss 4.5100790657670586e-07 old loss 4.619855076271051e-07 BETTER
I0328 20:45:21.566057 2317917 finetune.py:68] layer 15_q @ epoch 1 new loss 5.587721716437954e-07 old loss 5.662437843056978e-07 BETTER
I0328 20:45:26.173772 2317847 finetune.py:68] layer 14_q @ epoch 3 new loss 5.282255415295367e-07 old loss 5.336054869076179e-07 BETTER
I0328 20:45:38.929034 2317777 finetune.py:76] layer 13_k @ epoch 0 new loss 5.422688786893559e-07 old loss 5.264173523755744e-07 WORSE
I0328 20:45:55.354918 2317707 finetune.py:68] layer 12_k @ epoch 2 new loss 4.4469769022725814e-07 old loss 4.5100790657670586e-07 BETTER
I0328 20:45:55.657297 2317917 finetune.py:68] layer 15_q @ epoch 2 new loss 5.497890924743842e-07 old loss 5.587721716437954e-07 BETTER
I0328 20:46:00.657925 2317847 finetune.py:68] layer 14_q @ epoch 4 new loss 5.200981263442372e-07 old loss 5.282255415295367e-07 BETTER
I0328 20:46:12.840788 2317777 finetune.py:68] layer 13_k @ epoch 1 new loss 5.263476623440511e-07 old loss 5.264173523755744e-07 BETTER
I0328 20:46:18.420230 2317847 finetune.py:45] layer 14_k initial loss 6.016783231643785e-07
I0328 20:46:29.970955 2317917 finetune.py:68] layer 15_q @ epoch 3 new loss 5.491633601195645e-07 old loss 5.497890924743842e-07 BETTER
I0328 20:46:32.045912 2317707 finetune.py:68] layer 12_k @ epoch 3 new loss 4.428113982157811e-07 old loss 4.4469769022725814e-07 BETTER
I0328 20:46:47.409718 2317777 finetune.py:68] layer 13_k @ epoch 2 new loss 5.110865117785579e-07 old loss 5.263476623440511e-07 BETTER
I0328 20:46:52.131350 2317847 finetune.py:68] layer 14_k @ epoch 0 new loss 5.836801051373186e-07 old loss 6.016783231643785e-07 BETTER
I0328 20:47:03.976945 2317917 finetune.py:76] layer 15_q @ epoch 4 new loss 5.56037434762402e-07 old loss 5.491633601195645e-07 WORSE
I0328 20:47:08.479653 2317707 finetune.py:76] layer 12_k @ epoch 4 new loss 4.4329448201096966e-07 old loss 4.428113982157811e-07 WORSE
I0328 20:47:20.863363 2317917 finetune.py:45] layer 15_k initial loss 6.216013161974843e-07
I0328 20:47:21.680777 2317777 finetune.py:68] layer 13_k @ epoch 3 new loss 5.060177272753208e-07 old loss 5.110865117785579e-07 BETTER
I0328 20:47:26.499107 2317847 finetune.py:68] layer 14_k @ epoch 1 new loss 5.754855010309257e-07 old loss 5.836801051373186e-07 BETTER
I0328 20:47:27.695849 2317707 finetune.py:45] layer 12_o initial loss 9.89136538009916e-07
I0328 20:47:53.851534 2317917 finetune.py:68] layer 15_k @ epoch 0 new loss 6.074586167414964e-07 old loss 6.216013161974843e-07 BETTER
I0328 20:47:55.945059 2317777 finetune.py:68] layer 13_k @ epoch 4 new loss 5.041122790316876e-07 old loss 5.060177272753208e-07 BETTER
I0328 20:48:00.994007 2317847 finetune.py:76] layer 14_k @ epoch 2 new loss 5.757002554673818e-07 old loss 5.754855010309257e-07 WORSE
I0328 20:48:02.114431 2317707 finetune.py:68] layer 12_o @ epoch 0 new loss 9.509060987511475e-07 old loss 9.89136538009916e-07 BETTER
I0328 20:48:15.576186 2317777 finetune.py:45] layer 13_o initial loss 1.2043966535202344e-06
I0328 20:48:27.709966 2317917 finetune.py:68] layer 15_k @ epoch 1 new loss 6.040272637619637e-07 old loss 6.074586167414964e-07 BETTER
I0328 20:48:34.805649 2317847 finetune.py:68] layer 14_k @ epoch 3 new loss 5.699407097381481e-07 old loss 5.754855010309257e-07 BETTER
I0328 20:48:37.706574 2317707 finetune.py:68] layer 12_o @ epoch 1 new loss 9.288485216529807e-07 old loss 9.509060987511475e-07 BETTER
I0328 20:48:48.031875 2317777 finetune.py:68] layer 13_o @ epoch 0 new loss 1.1452532362454804e-06 old loss 1.2043966535202344e-06 BETTER
I0328 20:49:01.504437 2317917 finetune.py:68] layer 15_k @ epoch 2 new loss 5.947699150965491e-07 old loss 6.040272637619637e-07 BETTER
I0328 20:49:09.438855 2317847 finetune.py:76] layer 14_k @ epoch 4 new loss 5.893758157071716e-07 old loss 5.699407097381481e-07 WORSE
I0328 20:49:13.498922 2317707 finetune.py:68] layer 12_o @ epoch 2 new loss 9.155818361250567e-07 old loss 9.288485216529807e-07 BETTER
I0328 20:49:21.666384 2317777 finetune.py:68] layer 13_o @ epoch 1 new loss 1.1202336054338957e-06 old loss 1.1452532362454804e-06 BETTER
I0328 20:49:28.380947 2317847 finetune.py:45] layer 14_o initial loss 1.3084548982078559e-06
I0328 20:49:35.290381 2317917 finetune.py:76] layer 15_k @ epoch 3 new loss 6.128825589257758e-07 old loss 5.947699150965491e-07 WORSE
I0328 20:49:49.297288 2317707 finetune.py:68] layer 12_o @ epoch 3 new loss 9.038907364811166e-07 old loss 9.155818361250567e-07 BETTER
I0328 20:49:55.385447 2317777 finetune.py:68] layer 13_o @ epoch 2 new loss 1.1030897439923137e-06 old loss 1.1202336054338957e-06 BETTER
I0328 20:50:01.210936 2317847 finetune.py:68] layer 14_o @ epoch 0 new loss 1.2566403029268258e-06 old loss 1.3084548982078559e-06 BETTER
I0328 20:50:08.615315 2317917 finetune.py:76] layer 15_k @ epoch 4 new loss 5.984102244838141e-07 old loss 5.947699150965491e-07 WORSE
I0328 20:50:25.094138 2317707 finetune.py:68] layer 12_o @ epoch 4 new loss 8.943832199292956e-07 old loss 9.038907364811166e-07 BETTER
I0328 20:50:27.331745 2317917 finetune.py:45] layer 15_o initial loss 1.3266736687000957e-06
I0328 20:50:28.992420 2317777 finetune.py:68] layer 13_o @ epoch 3 new loss 1.0890405519603519e-06 old loss 1.1030897439923137e-06 BETTER
I0328 20:50:35.265874 2317847 finetune.py:68] layer 14_o @ epoch 1 new loss 1.2297305147512816e-06 old loss 1.2566403029268258e-06 BETTER
I0328 20:50:56.149417 2317707 finetune.py:45] layer 12_up initial loss 1.7068015267796e-06
I0328 20:50:59.742474 2317917 finetune.py:68] layer 15_o @ epoch 0 new loss 1.272437202715082e-06 old loss 1.3266736687000957e-06 BETTER
I0328 20:51:02.730956 2317777 finetune.py:68] layer 13_o @ epoch 4 new loss 1.0775925147754606e-06 old loss 1.0890405519603519e-06 BETTER
I0328 20:51:09.170409 2317847 finetune.py:68] layer 14_o @ epoch 2 new loss 1.2095225656594266e-06 old loss 1.2297305147512816e-06 BETTER
I0328 20:51:28.066201 2317707 finetune.py:68] layer 12_up @ epoch 0 new loss 1.6731341929698829e-06 old loss 1.7068015267796e-06 BETTER
I0328 20:51:32.851276 2317917 finetune.py:68] layer 15_o @ epoch 1 new loss 1.2384128922349191e-06 old loss 1.272437202715082e-06 BETTER
I0328 20:51:34.172719 2317777 finetune.py:45] layer 13_up initial loss 2.0044096800120315e-06
I0328 20:51:43.042593 2317847 finetune.py:68] layer 14_o @ epoch 3 new loss 1.1936135706491768e-06 old loss 1.2095225656594266e-06 BETTER
I0328 20:52:01.334430 2317707 finetune.py:68] layer 12_up @ epoch 1 new loss 1.6486836784679326e-06 old loss 1.6731341929698829e-06 BETTER
I0328 20:52:04.697321 2317777 finetune.py:68] layer 13_up @ epoch 0 new loss 1.963739123311825e-06 old loss 2.0044096800120315e-06 BETTER
I0328 20:52:06.300191 2317917 finetune.py:68] layer 15_o @ epoch 2 new loss 1.218448801409977e-06 old loss 1.2384128922349191e-06 BETTER
I0328 20:52:17.091631 2317847 finetune.py:68] layer 14_o @ epoch 4 new loss 1.1805418580479454e-06 old loss 1.1936135706491768e-06 BETTER
I0328 20:52:34.907060 2317707 finetune.py:68] layer 12_up @ epoch 2 new loss 1.628039854040253e-06 old loss 1.6486836784679326e-06 BETTER
I0328 20:52:36.316381 2317777 finetune.py:68] layer 13_up @ epoch 1 new loss 1.9344151951372623e-06 old loss 1.963739123311825e-06 BETTER
I0328 20:52:39.575703 2317917 finetune.py:68] layer 15_o @ epoch 3 new loss 1.201601435241173e-06 old loss 1.218448801409977e-06 BETTER
I0328 20:52:48.657735 2317847 finetune.py:45] layer 14_up initial loss 2.3023108042252716e-06
I0328 20:53:08.072735 2317777 finetune.py:68] layer 13_up @ epoch 2 new loss 1.9100596091448097e-06 old loss 1.9344151951372623e-06 BETTER
I0328 20:53:08.475528 2317707 finetune.py:68] layer 12_up @ epoch 3 new loss 1.610181357136753e-06 old loss 1.628039854040253e-06 BETTER
I0328 20:53:13.009647 2317917 finetune.py:68] layer 15_o @ epoch 4 new loss 1.1880094916705275e-06 old loss 1.201601435241173e-06 BETTER
I0328 20:53:19.517506 2317847 finetune.py:68] layer 14_up @ epoch 0 new loss 2.249080125693581e-06 old loss 2.3023108042252716e-06 BETTER
I0328 20:53:40.008494 2317777 finetune.py:68] layer 13_up @ epoch 3 new loss 1.8889057855631108e-06 old loss 1.9100596091448097e-06 BETTER
I0328 20:53:42.453334 2317707 finetune.py:68] layer 12_up @ epoch 4 new loss 1.594081709299644e-06 old loss 1.610181357136753e-06 BETTER
I0328 20:53:44.089059 2317917 finetune.py:45] layer 15_up initial loss 2.5207712042174535e-06
I0328 20:53:51.354213 2317847 finetune.py:68] layer 14_up @ epoch 1 new loss 2.2103999981482048e-06 old loss 2.249080125693581e-06 BETTER
I0328 20:54:12.111230 2317777 finetune.py:68] layer 13_up @ epoch 4 new loss 1.8701897488426766e-06 old loss 1.8889057855631108e-06 BETTER
I0328 20:54:13.770101 2317707 finetune.py:45] layer 12_gate initial loss 1.9685207917063963e-06
I0328 20:54:14.180377 2317917 finetune.py:68] layer 15_up @ epoch 0 new loss 2.4502751330146566e-06 old loss 2.5207712042174535e-06 BETTER
I0328 20:54:23.653638 2317847 finetune.py:68] layer 14_up @ epoch 2 new loss 2.1786863726447336e-06 old loss 2.2103999981482048e-06 BETTER
I0328 20:54:43.434362 2317777 finetune.py:45] layer 13_gate initial loss 2.2788449314248282e-06
I0328 20:54:43.800357 2317707 finetune.py:68] layer 12_gate @ epoch 0 new loss 1.951373405972845e-06 old loss 1.9685207917063963e-06 BETTER
I0328 20:54:45.073380 2317917 finetune.py:68] layer 15_up @ epoch 1 new loss 2.4001640213100472e-06 old loss 2.4502751330146566e-06 BETTER
I0328 20:54:55.904608 2317847 finetune.py:68] layer 14_up @ epoch 3 new loss 2.1516752894967794e-06 old loss 2.1786863726447336e-06 BETTER
I0328 20:55:11.858186 2317777 finetune.py:68] layer 13_gate @ epoch 0 new loss 2.258556605738704e-06 old loss 2.2788449314248282e-06 BETTER
I0328 20:55:14.899042 2317707 finetune.py:68] layer 12_gate @ epoch 1 new loss 1.9369629171706038e-06 old loss 1.951373405972845e-06 BETTER
I0328 20:55:16.244846 2317917 finetune.py:68] layer 15_up @ epoch 2 new loss 2.3597585823154077e-06 old loss 2.4001640213100472e-06 BETTER
I0328 20:55:28.094343 2317847 finetune.py:68] layer 14_up @ epoch 4 new loss 2.1277062387525802e-06 old loss 2.1516752894967794e-06 BETTER
I0328 20:55:41.310215 2317777 finetune.py:68] layer 13_gate @ epoch 1 new loss 2.24155905925727e-06 old loss 2.258556605738704e-06 BETTER
I0328 20:55:46.137626 2317707 finetune.py:68] layer 12_gate @ epoch 2 new loss 1.9240549136156915e-06 old loss 1.9369629171706038e-06 BETTER
I0328 20:55:47.527418 2317917 finetune.py:68] layer 15_up @ epoch 3 new loss 2.325391051272163e-06 old loss 2.3597585823154077e-06 BETTER
I0328 20:55:59.378011 2317847 finetune.py:45] layer 14_gate initial loss 2.5776114398468053e-06
I0328 20:56:10.917794 2317777 finetune.py:68] layer 13_gate @ epoch 2 new loss 2.226531023552525e-06 old loss 2.24155905925727e-06 BETTER
I0328 20:56:17.574859 2317707 finetune.py:68] layer 12_gate @ epoch 3 new loss 1.912166680995142e-06 old loss 1.9240549136156915e-06 BETTER
I0328 20:56:18.837953 2317917 finetune.py:68] layer 15_up @ epoch 4 new loss 2.295594867973705e-06 old loss 2.325391051272163e-06 BETTER
I0328 20:56:27.852424 2317847 finetune.py:68] layer 14_gate @ epoch 0 new loss 2.552379328335519e-06 old loss 2.5776114398468053e-06 BETTER
I0328 20:56:40.550230 2317777 finetune.py:68] layer 13_gate @ epoch 3 new loss 2.2126000658317935e-06 old loss 2.226531023552525e-06 BETTER
I0328 20:56:49.164679 2317707 finetune.py:68] layer 12_gate @ epoch 4 new loss 1.9013124301636708e-06 old loss 1.912166680995142e-06 BETTER
I0328 20:56:50.027467 2317917 finetune.py:45] layer 15_gate initial loss 2.7883038455911446e-06
I0328 20:56:57.568910 2317847 finetune.py:68] layer 14_gate @ epoch 1 new loss 2.531375912440126e-06 old loss 2.552379328335519e-06 BETTER
I0328 20:57:10.204115 2317777 finetune.py:68] layer 13_gate @ epoch 4 new loss 2.200187509515672e-06 old loss 2.2126000658317935e-06 BETTER
I0328 20:57:18.163514 2317917 finetune.py:68] layer 15_gate @ epoch 0 new loss 2.756784397206502e-06 old loss 2.7883038455911446e-06 BETTER
I0328 20:57:27.198303 2317847 finetune.py:68] layer 14_gate @ epoch 2 new loss 2.513044364604866e-06 old loss 2.531375912440126e-06 BETTER
I0328 20:57:44.355040 2317707 finetune.py:45] layer 12_down initial loss 2.8762174224539194e-06
I0328 20:57:47.157264 2317917 finetune.py:68] layer 15_gate @ epoch 1 new loss 2.7302635317028034e-06 old loss 2.756784397206502e-06 BETTER
I0328 20:57:57.001363 2317847 finetune.py:68] layer 14_gate @ epoch 3 new loss 2.4962662337202346e-06 old loss 2.513044364604866e-06 BETTER
I0328 20:58:06.686409 2317777 finetune.py:45] layer 13_down initial loss 3.358287358423695e-06
I0328 20:58:11.717439 2317707 finetune.py:68] layer 12_down @ epoch 0 new loss 2.8759050110238604e-06 old loss 2.8762174224539194e-06 BETTER
I0328 20:58:16.229684 2317917 finetune.py:68] layer 15_gate @ epoch 2 new loss 2.7072790089732734e-06 old loss 2.7302635317028034e-06 BETTER
I0328 20:58:26.909646 2317847 finetune.py:68] layer 14_gate @ epoch 4 new loss 2.4811035927996272e-06 old loss 2.4962662337202346e-06 BETTER
I0328 20:58:32.825312 2317777 finetune.py:68] layer 13_down @ epoch 0 new loss 3.3578480724827386e-06 old loss 3.358287358423695e-06 BETTER
I0328 20:58:40.304714 2317707 finetune.py:68] layer 12_down @ epoch 1 new loss 2.8757845029758755e-06 old loss 2.8759050110238604e-06 BETTER
I0328 20:58:45.699364 2317917 finetune.py:68] layer 15_gate @ epoch 3 new loss 2.6867332962865476e-06 old loss 2.7072790089732734e-06 BETTER
I0328 20:59:00.222302 2317777 finetune.py:68] layer 13_down @ epoch 1 new loss 3.3577316571609117e-06 old loss 3.3578480724827386e-06 BETTER
I0328 20:59:09.262973 2317707 finetune.py:68] layer 12_down @ epoch 2 new loss 2.8757362997566815e-06 old loss 2.8757845029758755e-06 BETTER
I0328 20:59:15.171796 2317917 finetune.py:68] layer 15_gate @ epoch 4 new loss 2.6682719180826098e-06 old loss 2.6867332962865476e-06 BETTER
I0328 20:59:24.370839 2317847 finetune.py:45] layer 14_down initial loss 3.885227670252789e-06
I0328 20:59:27.757987 2317777 finetune.py:68] layer 13_down @ epoch 2 new loss 3.3576811802049633e-06 old loss 3.3577316571609117e-06 BETTER
I0328 20:59:38.416818 2317707 finetune.py:68] layer 12_down @ epoch 3 new loss 2.875688323911163e-06 old loss 2.8757362997566815e-06 BETTER
I0328 20:59:50.690913 2317847 finetune.py:68] layer 14_down @ epoch 0 new loss 3.8847042560519185e-06 old loss 3.885227670252789e-06 BETTER
I0328 20:59:55.466310 2317777 finetune.py:68] layer 13_down @ epoch 3 new loss 3.357576815687935e-06 old loss 3.3576811802049633e-06 BETTER
I0328 21:00:07.439686 2317707 finetune.py:68] layer 12_down @ epoch 4 new loss 2.875664222301566e-06 old loss 2.875688323911163e-06 BETTER
12_v proxy err 0.00043522598571144044 tr(WHW.T) 363.6233825683594
bpp_loss 5.6217046396341175
12_q proxy err 2.5434192139073275e-05 tr(WHW.T) 34103.4765625
bpp_loss 6.429890209226869
12_k proxy err 1.4119207662588451e-05 tr(WHW.T) 23055.408203125
bpp_loss 7.63954737293534
12_o proxy err 0.0005048824241384864 tr(WHW.T) 780.076416015625
bpp_loss 5.68546528625302
12_up proxy err 0.00029959995299577713 tr(WHW.T) 10027.0361328125
bpp_loss 5.798958608880639
12_gate proxy err 8.772083674557507e-05 tr(WHW.T) 37319.31640625
bpp_loss 6.019799734199686
12_down proxy err 0.0004084911197423935 tr(WHW.T) 6823.43603515625
bpp_loss 5.7875164030785005
I0328 21:00:11.431963 2317917 finetune.py:45] layer 15_down initial loss 4.429242835612968e-06
I0328 21:00:18.464456 2317847 finetune.py:68] layer 14_down @ epoch 1 new loss 3.884516445396002e-06 old loss 3.8847042560519185e-06 BETTER
I0328 21:00:23.393456 2317777 finetune.py:68] layer 13_down @ epoch 4 new loss 3.3575679481145926e-06 old loss 3.357576815687935e-06 BETTER
13_v proxy err 0.0005364608368836343 tr(WHW.T) 280.153564453125
bpp_loss 5.562051376793534
13_q proxy err 4.053345037391409e-05 tr(WHW.T) 20898.392578125
bpp_loss 6.41735741798766
13_k proxy err 2.1707599444198422e-05 tr(WHW.T) 17798.38671875
bpp_loss 7.7026801612228155
13_o proxy err 0.0005281317862682045 tr(WHW.T) 675.384765625
bpp_loss 5.66444399242755
13_up proxy err 0.0002938276156783104 tr(WHW.T) 10010.1728515625
bpp_loss 5.802224562237305
13_gate proxy err 8.258177695097402e-05 tr(WHW.T) 38914.38671875
bpp_loss 6.0231384772009084
13_down proxy err 0.00041716909618116915 tr(WHW.T) 6561.10986328125
bpp_loss 5.787573299537014
I0328 21:00:37.859337 2317917 finetune.py:68] layer 15_down @ epoch 0 new loss 4.42860800831113e-06 old loss 4.429242835612968e-06 BETTER
I0328 21:00:46.255505 2317847 finetune.py:68] layer 14_down @ epoch 2 new loss 3.884408670273842e-06 old loss 3.884516445396002e-06 BETTER
I0328 21:01:04.909598 2317917 finetune.py:68] layer 15_down @ epoch 1 new loss 4.428416104929056e-06 old loss 4.42860800831113e-06 BETTER
I0328 21:01:14.039494 2317847 finetune.py:68] layer 14_down @ epoch 3 new loss 3.88434591513942e-06 old loss 3.884408670273842e-06 BETTER
I0328 21:01:26.439712 2316731 quantize_finetune_llama.py:240] computed original embedding for layer 16 in 57.9627959728241s
I0328 21:01:30.578786 2317987 utils.py:146] Note: detected 128 virtual cores but NumExpr set to maximum of 64, check "NUMEXPR_MAX_THREADS" environment variable.
I0328 21:01:30.578885 2317987 utils.py:149] Note: NumExpr detected 128 cores but "NUMEXPR_MAX_THREADS" not set, so enforcing safe limit of 16.
I0328 21:01:30.578927 2317987 utils.py:162] NumExpr defaulting to 16 threads.
I0328 21:01:30.959234 2317987 config.py:54] PyTorch version 2.6.0 available.
W0328 21:01:31.184809 2317987 warnings.py:109] /opt/conda/lib/python3.10/site-packages/torchvision/io/image.py:13: UserWarning: Failed to load image Python extension: '/opt/conda/lib/python3.10/site-packages/torchvision/image.so: undefined symbol: _ZN3c1017RegisterOperatorsD1Ev'If you don't plan on using image functionality from `torchvision.io`, you can ignore this warning. Otherwise, there might be something wrong with your environment. Did you have `libjpeg` or `libpng` installed before building `torchvision` from source?
  warn(

W0328 21:01:31.824026 2317987 warnings.py:109] /opt/conda/lib/python3.10/site-packages/compressai/models/video/google.py:353: FutureWarning: `torch.cuda.amp.autocast(args...)` is deprecated. Please use `torch.amp.autocast('cuda', args...)` instead.
  @amp.autocast(enabled=False)

I0328 21:01:31.828260 2316731 quantize_finetune_llama.py:209] layer 17 gpu 1
I0328 21:01:31.845949 2317987 data_utils.py:336] using 256 training seqs, 128 validation seqs
I0328 21:01:32.088255 2317917 finetune.py:68] layer 15_down @ epoch 2 new loss 4.428330612427089e-06 old loss 4.428416104929056e-06 BETTER
I0328 21:01:41.986608 2317847 finetune.py:68] layer 14_down @ epoch 4 new loss 3.884297257172875e-06 old loss 3.88434591513942e-06 BETTER
14_v proxy err 0.0005104686133563519 tr(WHW.T) 281.3382873535156
bpp_loss 5.553883933695033
14_q proxy err 3.836789255728945e-05 tr(WHW.T) 20882.05859375
bpp_loss 6.3789964012103155
14_k proxy err 2.0819779820158146e-05 tr(WHW.T) 18617.15234375
bpp_loss 7.638439118978567
14_o proxy err 0.0005595952970907092 tr(WHW.T) 686.383544921875
bpp_loss 5.658951704856008
14_up proxy err 0.0003202123334631324 tr(WHW.T) 9163.6083984375
bpp_loss 5.797311940496521
14_gate proxy err 7.800306048011407e-05 tr(WHW.T) 41776.7578125
bpp_loss 6.059509934325304
14_down proxy err 0.0004441927303560078 tr(WHW.T) 6391.3291015625
bpp_loss 5.784499382334096
The attention layers in this model are transitioning from computing the RoPE embeddings internally through `position_ids` (2D tensor with the indexes of the tokens), to using externally computed `position_embeddings` (Tuple of tensors, containing cos and sin). In v4.46 `position_ids` will be removed and `position_embeddings` will be mandatory.
I0328 21:01:49.095288 2317987 finetune.py:45] layer 16_v initial loss 1.0844171356438892e-06
W0328 21:01:49.095676 2317987 warnings.py:109] /workspace/Weight_compression/comp_lm_qtip/lib/algo/finetune.py:46: FutureWarning: `torch.cuda.amp.GradScaler(args...)` is deprecated. Please use `torch.amp.GradScaler('cuda', args...)` instead.
  scaler = torch.cuda.amp.GradScaler(enabled=(orig_dtype==torch.float16))

I0328 21:01:59.221198 2317917 finetune.py:68] layer 15_down @ epoch 3 new loss 4.428258307598298e-06 old loss 4.428330612427089e-06 BETTER
I0328 21:02:24.009832 2317987 finetune.py:68] layer 16_v @ epoch 0 new loss 6.149481919237587e-07 old loss 1.0844171356438892e-06 BETTER
I0328 21:02:26.393098 2317917 finetune.py:68] layer 15_down @ epoch 4 new loss 4.428208285389701e-06 old loss 4.428258307598298e-06 BETTER
15_v proxy err 0.0005674110725522041 tr(WHW.T) 284.0271301269531
bpp_loss 5.617056197603233
15_q proxy err 3.4343716833973303e-05 tr(WHW.T) 28080.529296875
bpp_loss 6.557101015001535
15_k proxy err 2.0656751075875945e-05 tr(WHW.T) 18870.99609375
bpp_loss 7.664186060195789
15_o proxy err 0.0005614893743768334 tr(WHW.T) 828.2736206054688
bpp_loss 5.688852100400254
15_up proxy err 0.0003247627755627036 tr(WHW.T) 8994.3076171875
bpp_loss 5.788647682539055
15_gate proxy err 7.134822226362303e-05 tr(WHW.T) 46192.48828125
bpp_loss 6.0979732220460265
15_down proxy err 0.00044247054029256105 tr(WHW.T) 6400.49755859375
bpp_loss 5.778574005035417
I0328 21:02:51.043161 2316731 quantize_finetune_llama.py:240] computed original embedding for layer 17 in 64.33972334861755s
I0328 21:02:54.616932 2318057 utils.py:146] Note: detected 128 virtual cores but NumExpr set to maximum of 64, check "NUMEXPR_MAX_THREADS" environment variable.
I0328 21:02:54.617032 2318057 utils.py:149] Note: NumExpr detected 128 cores but "NUMEXPR_MAX_THREADS" not set, so enforcing safe limit of 16.
I0328 21:02:54.617072 2318057 utils.py:162] NumExpr defaulting to 16 threads.
I0328 21:02:54.954414 2318057 config.py:54] PyTorch version 2.6.0 available.
W0328 21:02:55.150530 2318057 warnings.py:109] /opt/conda/lib/python3.10/site-packages/torchvision/io/image.py:13: UserWarning: Failed to load image Python extension: '/opt/conda/lib/python3.10/site-packages/torchvision/image.so: undefined symbol: _ZN3c1017RegisterOperatorsD1Ev'If you don't plan on using image functionality from `torchvision.io`, you can ignore this warning. Otherwise, there might be something wrong with your environment. Did you have `libjpeg` or `libpng` installed before building `torchvision` from source?
  warn(

W0328 21:02:55.759270 2318057 warnings.py:109] /opt/conda/lib/python3.10/site-packages/compressai/models/video/google.py:353: FutureWarning: `torch.cuda.amp.autocast(args...)` is deprecated. Please use `torch.amp.autocast('cuda', args...)` instead.
  @amp.autocast(enabled=False)

I0328 21:02:55.763290 2316731 quantize_finetune_llama.py:209] layer 18 gpu 2
I0328 21:02:55.777610 2318057 data_utils.py:336] using 256 training seqs, 128 validation seqs
I0328 21:03:00.331712 2317987 finetune.py:68] layer 16_v @ epoch 1 new loss 5.665035018864728e-07 old loss 6.149481919237587e-07 BETTER
The attention layers in this model are transitioning from computing the RoPE embeddings internally through `position_ids` (2D tensor with the indexes of the tokens), to using externally computed `position_embeddings` (Tuple of tensors, containing cos and sin). In v4.46 `position_ids` will be removed and `position_embeddings` will be mandatory.
I0328 21:03:12.702820 2318057 finetune.py:45] layer 17_v initial loss 1.122904677686165e-06
W0328 21:03:12.703018 2318057 warnings.py:109] /workspace/Weight_compression/comp_lm_qtip/lib/algo/finetune.py:46: FutureWarning: `torch.cuda.amp.GradScaler(args...)` is deprecated. Please use `torch.amp.GradScaler('cuda', args...)` instead.
  scaler = torch.cuda.amp.GradScaler(enabled=(orig_dtype==torch.float16))

I0328 21:03:37.040791 2317987 finetune.py:68] layer 16_v @ epoch 2 new loss 5.484844791681098e-07 old loss 5.665035018864728e-07 BETTER
I0328 21:03:45.744572 2318057 finetune.py:68] layer 17_v @ epoch 0 new loss 5.632352326756518e-07 old loss 1.122904677686165e-06 BETTER
I0328 21:03:58.988803 2316731 quantize_finetune_llama.py:240] computed original embedding for layer 18 in 62.723684310913086s
I0328 21:04:02.711219 2318127 utils.py:146] Note: detected 128 virtual cores but NumExpr set to maximum of 64, check "NUMEXPR_MAX_THREADS" environment variable.
I0328 21:04:02.711334 2318127 utils.py:149] Note: NumExpr detected 128 cores but "NUMEXPR_MAX_THREADS" not set, so enforcing safe limit of 16.
I0328 21:04:02.711380 2318127 utils.py:162] NumExpr defaulting to 16 threads.
I0328 21:04:03.067625 2318127 config.py:54] PyTorch version 2.6.0 available.
W0328 21:04:03.271387 2318127 warnings.py:109] /opt/conda/lib/python3.10/site-packages/torchvision/io/image.py:13: UserWarning: Failed to load image Python extension: '/opt/conda/lib/python3.10/site-packages/torchvision/image.so: undefined symbol: _ZN3c1017RegisterOperatorsD1Ev'If you don't plan on using image functionality from `torchvision.io`, you can ignore this warning. Otherwise, there might be something wrong with your environment. Did you have `libjpeg` or `libpng` installed before building `torchvision` from source?
  warn(

W0328 21:04:03.880367 2318127 warnings.py:109] /opt/conda/lib/python3.10/site-packages/compressai/models/video/google.py:353: FutureWarning: `torch.cuda.amp.autocast(args...)` is deprecated. Please use `torch.amp.autocast('cuda', args...)` instead.
  @amp.autocast(enabled=False)

I0328 21:04:03.884246 2316731 quantize_finetune_llama.py:209] layer 19 gpu 3
I0328 21:04:03.897510 2318127 data_utils.py:336] using 256 training seqs, 128 validation seqs
I0328 21:04:13.873353 2317987 finetune.py:76] layer 16_v @ epoch 3 new loss 5.729261829401366e-07 old loss 5.484844791681098e-07 WORSE
The attention layers in this model are transitioning from computing the RoPE embeddings internally through `position_ids` (2D tensor with the indexes of the tokens), to using externally computed `position_embeddings` (Tuple of tensors, containing cos and sin). In v4.46 `position_ids` will be removed and `position_embeddings` will be mandatory.
I0328 21:04:20.173388 2318057 finetune.py:68] layer 17_v @ epoch 1 new loss 5.241744247541646e-07 old loss 5.632352326756518e-07 BETTER
I0328 21:04:21.045620 2318127 finetune.py:45] layer 18_v initial loss 1.6551546195842093e-06
W0328 21:04:21.046079 2318127 warnings.py:109] /workspace/Weight_compression/comp_lm_qtip/lib/algo/finetune.py:46: FutureWarning: `torch.cuda.amp.GradScaler(args...)` is deprecated. Please use `torch.amp.GradScaler('cuda', args...)` instead.
  scaler = torch.cuda.amp.GradScaler(enabled=(orig_dtype==torch.float16))

I0328 21:04:50.178591 2317987 finetune.py:76] layer 16_v @ epoch 4 new loss 5.879132913833018e-07 old loss 5.484844791681098e-07 WORSE
I0328 21:04:54.472085 2318127 finetune.py:68] layer 18_v @ epoch 0 new loss 4.976087666364037e-07 old loss 1.6551546195842093e-06 BETTER
I0328 21:04:54.790673 2318057 finetune.py:68] layer 17_v @ epoch 2 new loss 5.20003879955766e-07 old loss 5.241744247541646e-07 BETTER
I0328 21:05:08.300328 2316731 quantize_finetune_llama.py:240] computed original embedding for layer 19 in 63.910311460494995s
I0328 21:05:09.023056 2317987 finetune.py:45] layer 16_q initial loss 6.647773602708185e-07
I0328 21:05:12.204856 2318197 utils.py:146] Note: detected 128 virtual cores but NumExpr set to maximum of 64, check "NUMEXPR_MAX_THREADS" environment variable.
I0328 21:05:12.204954 2318197 utils.py:149] Note: NumExpr detected 128 cores but "NUMEXPR_MAX_THREADS" not set, so enforcing safe limit of 16.
I0328 21:05:12.204995 2318197 utils.py:162] NumExpr defaulting to 16 threads.
I0328 21:05:12.557898 2318197 config.py:54] PyTorch version 2.6.0 available.
W0328 21:05:12.773069 2318197 warnings.py:109] /opt/conda/lib/python3.10/site-packages/torchvision/io/image.py:13: UserWarning: Failed to load image Python extension: '/opt/conda/lib/python3.10/site-packages/torchvision/image.so: undefined symbol: _ZN3c1017RegisterOperatorsD1Ev'If you don't plan on using image functionality from `torchvision.io`, you can ignore this warning. Otherwise, there might be something wrong with your environment. Did you have `libjpeg` or `libpng` installed before building `torchvision` from source?
  warn(

W0328 21:05:13.367028 2318197 warnings.py:109] /opt/conda/lib/python3.10/site-packages/compressai/models/video/google.py:353: FutureWarning: `torch.cuda.amp.autocast(args...)` is deprecated. Please use `torch.amp.autocast('cuda', args...)` instead.
  @amp.autocast(enabled=False)

I0328 21:05:13.372055 2316731 quantize_finetune_llama.py:209] layer 20 gpu 0
I0328 21:05:13.387613 2318197 data_utils.py:336] using 256 training seqs, 128 validation seqs
The attention layers in this model are transitioning from computing the RoPE embeddings internally through `position_ids` (2D tensor with the indexes of the tokens), to using externally computed `position_embeddings` (Tuple of tensors, containing cos and sin). In v4.46 `position_ids` will be removed and `position_embeddings` will be mandatory.
I0328 21:05:28.947027 2318127 finetune.py:68] layer 18_v @ epoch 1 new loss 4.5364609491116425e-07 old loss 4.976087666364037e-07 BETTER
I0328 21:05:29.500842 2318057 finetune.py:76] layer 17_v @ epoch 3 new loss 5.925233494963322e-07 old loss 5.20003879955766e-07 WORSE
I0328 21:05:30.342408 2318197 finetune.py:45] layer 19_v initial loss 1.8667068388822372e-06
W0328 21:05:30.342645 2318197 warnings.py:109] /workspace/Weight_compression/comp_lm_qtip/lib/algo/finetune.py:46: FutureWarning: `torch.cuda.amp.GradScaler(args...)` is deprecated. Please use `torch.amp.GradScaler('cuda', args...)` instead.
  scaler = torch.cuda.amp.GradScaler(enabled=(orig_dtype==torch.float16))

