I0328 15:29:27.402448 2313235 finetune.py:76] layer 29_v @ epoch 3 new loss 1.648506076890044e-05 old loss 1.589923704159446e-05 WORSE
I0328 15:29:28.695437 2313305 finetune.py:68] layer 30_v @ epoch 1 new loss 2.6645704565453343e-05 old loss 2.80620988633018e-05 BETTER
I0328 15:29:52.368983 2313165 finetune.py:68] layer 28_q @ epoch 0 new loss 1.6559353753109463e-05 old loss 1.712755511107389e-05 BETTER
I0328 15:29:55.329773 2313375 finetune.py:68] layer 31_v @ epoch 0 new loss 5.43884962098673e-05 old loss 8.057078957790509e-05 BETTER
I0328 15:30:01.873438 2313235 finetune.py:68] layer 29_v @ epoch 4 new loss 1.5726191122666933e-05 old loss 1.589923704159446e-05 BETTER
I0328 15:30:03.577148 2313305 finetune.py:76] layer 30_v @ epoch 2 new loss 2.6889278160524555e-05 old loss 2.6645704565453343e-05 WORSE
I0328 15:30:21.462681 2313235 finetune.py:45] layer 29_q initial loss 2.6484784029889852e-05
I0328 15:30:28.885780 2313165 finetune.py:68] layer 28_q @ epoch 1 new loss 1.6241461707977578e-05 old loss 1.6559353753109463e-05 BETTER
I0328 15:30:29.665226 2313375 finetune.py:76] layer 31_v @ epoch 1 new loss 0.00011715231084963307 old loss 5.43884962098673e-05 WORSE
I0328 15:30:38.011737 2313305 finetune.py:76] layer 30_v @ epoch 3 new loss 2.7736450647353195e-05 old loss 2.6645704565453343e-05 WORSE
I0328 15:30:54.907369 2313235 finetune.py:68] layer 29_q @ epoch 0 new loss 2.466356636432465e-05 old loss 2.6484784029889852e-05 BETTER
I0328 15:31:03.500153 2313375 finetune.py:76] layer 31_v @ epoch 2 new loss 8.89725997694768e-05 old loss 5.43884962098673e-05 WORSE
I0328 15:31:05.561289 2313165 finetune.py:68] layer 28_q @ epoch 2 new loss 1.60185281856684e-05 old loss 1.6241461707977578e-05 BETTER
I0328 15:31:12.459663 2313305 finetune.py:68] layer 30_v @ epoch 4 new loss 2.6083571356139146e-05 old loss 2.6645704565453343e-05 BETTER
I0328 15:31:29.415957 2313235 finetune.py:68] layer 29_q @ epoch 1 new loss 2.3777502065058798e-05 old loss 2.466356636432465e-05 BETTER
I0328 15:31:32.339172 2313305 finetune.py:45] layer 30_q initial loss 3.322631528135389e-05
I0328 15:31:37.269131 2313375 finetune.py:76] layer 31_v @ epoch 3 new loss 8.30503850011155e-05 old loss 5.43884962098673e-05 WORSE
I0328 15:31:42.287640 2313165 finetune.py:68] layer 28_q @ epoch 3 new loss 1.5824552974663675e-05 old loss 1.60185281856684e-05 BETTER
I0328 15:32:04.016270 2313235 finetune.py:68] layer 29_q @ epoch 2 new loss 2.332741678401362e-05 old loss 2.3777502065058798e-05 BETTER
I0328 15:32:06.316708 2313305 finetune.py:68] layer 30_q @ epoch 0 new loss 3.213485615560785e-05 old loss 3.322631528135389e-05 BETTER
I0328 15:32:11.416386 2313375 finetune.py:76] layer 31_v @ epoch 4 new loss 6.887885683681816e-05 old loss 5.43884962098673e-05 WORSE
I0328 15:32:19.125444 2313165 finetune.py:68] layer 28_q @ epoch 4 new loss 1.5791778423590586e-05 old loss 1.5824552974663675e-05 BETTER
I0328 15:32:30.377528 2313375 finetune.py:45] layer 31_q initial loss 7.562113751191646e-05
I0328 15:32:37.038689 2313165 finetune.py:45] layer 28_k initial loss 1.7673337424639612e-05
I0328 15:32:38.591309 2313235 finetune.py:68] layer 29_q @ epoch 3 new loss 2.2832962713437155e-05 old loss 2.332741678401362e-05 BETTER
I0328 15:32:41.127145 2313305 finetune.py:68] layer 30_q @ epoch 1 new loss 3.099957393715158e-05 old loss 3.213485615560785e-05 BETTER
I0328 15:33:03.614223 2313375 finetune.py:76] layer 31_q @ epoch 0 new loss 8.196009730454534e-05 old loss 7.562113751191646e-05 WORSE
I0328 15:33:12.628703 2313165 finetune.py:68] layer 28_k @ epoch 0 new loss 1.7395841496181674e-05 old loss 1.7673337424639612e-05 BETTER
I0328 15:33:13.367805 2313235 finetune.py:68] layer 29_q @ epoch 4 new loss 2.269999822601676e-05 old loss 2.2832962713437155e-05 BETTER
I0328 15:33:15.869023 2313305 finetune.py:68] layer 30_q @ epoch 2 new loss 3.067662692046724e-05 old loss 3.099957393715158e-05 BETTER
I0328 15:33:31.483907 2313235 finetune.py:45] layer 29_k initial loss 2.573206802480854e-05
I0328 15:33:37.102238 2313375 finetune.py:68] layer 31_q @ epoch 1 new loss 7.12547916918993e-05 old loss 7.562113751191646e-05 BETTER
I0328 15:33:49.122596 2313165 finetune.py:68] layer 28_k @ epoch 1 new loss 1.72264644788811e-05 old loss 1.7395841496181674e-05 BETTER
I0328 15:33:50.702619 2313305 finetune.py:68] layer 30_q @ epoch 3 new loss 3.0478846383630298e-05 old loss 3.067662692046724e-05 BETTER
I0328 15:34:05.037934 2313235 finetune.py:68] layer 29_k @ epoch 0 new loss 2.506011151126586e-05 old loss 2.573206802480854e-05 BETTER
I0328 15:34:11.360263 2313375 finetune.py:68] layer 31_q @ epoch 2 new loss 6.142124038888142e-05 old loss 7.12547916918993e-05 BETTER
I0328 15:34:25.538833 2313305 finetune.py:76] layer 30_q @ epoch 4 new loss 3.062918767682277e-05 old loss 3.0478846383630298e-05 WORSE
I0328 15:34:25.741937 2313165 finetune.py:68] layer 28_k @ epoch 2 new loss 1.7175245375256054e-05 old loss 1.72264644788811e-05 BETTER
I0328 15:34:39.190509 2313235 finetune.py:68] layer 29_k @ epoch 1 new loss 2.4788942027953453e-05 old loss 2.506011151126586e-05 BETTER
I0328 15:34:43.032655 2313305 finetune.py:45] layer 30_k initial loss 3.520520476740785e-05
I0328 15:34:45.585678 2313375 finetune.py:76] layer 31_q @ epoch 3 new loss 6.472768291132525e-05 old loss 6.142124038888142e-05 WORSE
I0328 15:35:02.383760 2313165 finetune.py:68] layer 28_k @ epoch 3 new loss 1.7046835637302138e-05 old loss 1.7175245375256054e-05 BETTER
I0328 15:35:13.475536 2313235 finetune.py:76] layer 29_k @ epoch 2 new loss 2.479098657204304e-05 old loss 2.4788942027953453e-05 WORSE
I0328 15:35:16.684669 2313305 finetune.py:76] layer 30_k @ epoch 0 new loss 3.5274431866128e-05 old loss 3.520520476740785e-05 WORSE
I0328 15:35:19.277534 2313375 finetune.py:76] layer 31_q @ epoch 4 new loss 6.522498006233945e-05 old loss 6.142124038888142e-05 WORSE
I0328 15:35:36.488620 2313375 finetune.py:45] layer 31_k initial loss 7.288429333129898e-05
I0328 15:35:39.199834 2313165 finetune.py:76] layer 28_k @ epoch 4 new loss 1.705849717836827e-05 old loss 1.7046835637302138e-05 WORSE
I0328 15:35:47.268922 2313235 finetune.py:68] layer 29_k @ epoch 3 new loss 2.465439320076257e-05 old loss 2.4788942027953453e-05 BETTER
I0328 15:35:50.391434 2313305 finetune.py:76] layer 30_k @ epoch 1 new loss 3.6166500649414957e-05 old loss 3.520520476740785e-05 WORSE
I0328 15:35:58.348722 2313165 finetune.py:45] layer 28_o initial loss 4.2821757233468816e-05
I0328 15:36:09.501857 2313375 finetune.py:68] layer 31_k @ epoch 0 new loss 6.783559365430847e-05 old loss 7.288429333129898e-05 BETTER
I0328 15:36:21.779882 2313235 finetune.py:76] layer 29_k @ epoch 4 new loss 2.4830629627103917e-05 old loss 2.465439320076257e-05 WORSE
I0328 15:36:24.596846 2313305 finetune.py:76] layer 30_k @ epoch 2 new loss 3.690456651384011e-05 old loss 3.520520476740785e-05 WORSE
I0328 15:36:33.205283 2313165 finetune.py:68] layer 28_o @ epoch 0 new loss 4.146323772147298e-05 old loss 4.2821757233468816e-05 BETTER
I0328 15:36:41.266078 2313235 finetune.py:45] layer 29_o initial loss 5.0506441766628996e-05
I0328 15:36:43.396274 2313375 finetune.py:68] layer 31_k @ epoch 1 new loss 6.72656751703471e-05 old loss 6.783559365430847e-05 BETTER
I0328 15:36:58.510494 2313305 finetune.py:68] layer 30_k @ epoch 3 new loss 3.5049823054578155e-05 old loss 3.520520476740785e-05 BETTER
I0328 15:37:08.799324 2313165 finetune.py:68] layer 28_o @ epoch 1 new loss 4.063600499648601e-05 old loss 4.146323772147298e-05 BETTER
I0328 15:37:14.178558 2313235 finetune.py:68] layer 29_o @ epoch 0 new loss 4.879628249909729e-05 old loss 5.0506441766628996e-05 BETTER
I0328 15:37:17.439856 2313375 finetune.py:68] layer 31_k @ epoch 2 new loss 6.440407014451921e-05 old loss 6.72656751703471e-05 BETTER
I0328 15:37:33.102112 2313305 finetune.py:68] layer 30_k @ epoch 4 new loss 3.491873212624341e-05 old loss 3.5049823054578155e-05 BETTER
I0328 15:37:44.744269 2313165 finetune.py:68] layer 28_o @ epoch 2 new loss 4.01435827370733e-05 old loss 4.063600499648601e-05 BETTER
I0328 15:37:47.795021 2313235 finetune.py:68] layer 29_o @ epoch 1 new loss 4.7971705498639494e-05 old loss 4.879628249909729e-05 BETTER
I0328 15:37:51.712587 2313375 finetune.py:76] layer 31_k @ epoch 3 new loss 6.592658610315993e-05 old loss 6.440407014451921e-05 WORSE
I0328 15:37:52.992131 2313305 finetune.py:45] layer 30_o initial loss 7.767769420752302e-05
I0328 15:38:20.785948 2313165 finetune.py:68] layer 28_o @ epoch 3 new loss 3.982458292739466e-05 old loss 4.01435827370733e-05 BETTER
I0328 15:38:21.516830 2313235 finetune.py:68] layer 29_o @ epoch 2 new loss 4.744690522784367e-05 old loss 4.7971705498639494e-05 BETTER
I0328 15:38:25.122651 2313375 finetune.py:76] layer 31_k @ epoch 4 new loss 6.683280662400648e-05 old loss 6.440407014451921e-05 WORSE
I0328 15:38:25.846495 2313305 finetune.py:68] layer 30_o @ epoch 0 new loss 7.580684177810326e-05 old loss 7.767769420752302e-05 BETTER
I0328 15:38:44.048914 2313375 finetune.py:45] layer 31_o initial loss 0.0001527014683233574
I0328 15:38:55.509875 2313235 finetune.py:68] layer 29_o @ epoch 3 new loss 4.7139266825979576e-05 old loss 4.744690522784367e-05 BETTER
I0328 15:38:56.943770 2313165 finetune.py:68] layer 28_o @ epoch 4 new loss 3.952943370677531e-05 old loss 3.982458292739466e-05 BETTER
I0328 15:38:59.747862 2313305 finetune.py:68] layer 30_o @ epoch 1 new loss 7.40166287869215e-05 old loss 7.580684177810326e-05 BETTER
I0328 15:39:16.243201 2313375 finetune.py:68] layer 31_o @ epoch 0 new loss 0.0001351867977064103 old loss 0.0001527014683233574 BETTER
I0328 15:39:28.828482 2313165 finetune.py:45] layer 28_up initial loss 0.00011070878099417314
I0328 15:39:29.381833 2313235 finetune.py:68] layer 29_o @ epoch 4 new loss 4.681272184825502e-05 old loss 4.7139266825979576e-05 BETTER
I0328 15:39:33.923083 2313305 finetune.py:68] layer 30_o @ epoch 2 new loss 7.334745896514505e-05 old loss 7.40166287869215e-05 BETTER
I0328 15:39:49.715301 2313375 finetune.py:68] layer 31_o @ epoch 1 new loss 0.00012879357382189482 old loss 0.0001351867977064103 BETTER
I0328 15:40:00.664521 2313165 finetune.py:68] layer 28_up @ epoch 0 new loss 0.00010884725634241477 old loss 0.00011070878099417314 BETTER
I0328 15:40:01.520983 2313235 finetune.py:45] layer 29_up initial loss 0.00014501236728392541
I0328 15:40:07.916839 2313305 finetune.py:68] layer 30_o @ epoch 3 new loss 7.298332639038563e-05 old loss 7.334745896514505e-05 BETTER
I0328 15:40:23.104266 2313375 finetune.py:68] layer 31_o @ epoch 2 new loss 0.00012554138083942235 old loss 0.00012879357382189482 BETTER
I0328 15:40:32.097478 2313235 finetune.py:68] layer 29_up @ epoch 0 new loss 0.00014188975910656154 old loss 0.00014501236728392541 BETTER
I0328 15:40:33.931608 2313165 finetune.py:68] layer 28_up @ epoch 1 new loss 0.00010746100451797247 old loss 0.00010884725634241477 BETTER
I0328 15:40:41.808149 2313305 finetune.py:68] layer 30_o @ epoch 4 new loss 7.243191066663712e-05 old loss 7.298332639038563e-05 BETTER
I0328 15:40:56.395546 2313375 finetune.py:68] layer 31_o @ epoch 3 new loss 0.00012473479728214443 old loss 0.00012554138083942235 BETTER
I0328 15:41:03.791194 2313235 finetune.py:68] layer 29_up @ epoch 1 new loss 0.00013998350186739117 old loss 0.00014188975910656154 BETTER
I0328 15:41:07.270254 2313165 finetune.py:68] layer 28_up @ epoch 2 new loss 0.00010647871386026964 old loss 0.00010746100451797247 BETTER
I0328 15:41:13.383844 2313305 finetune.py:45] layer 30_up initial loss 0.0002661092148628086
I0328 15:41:29.848315 2313375 finetune.py:68] layer 31_o @ epoch 4 new loss 0.00012260733637958765 old loss 0.00012473479728214443 BETTER
I0328 15:41:35.579668 2313235 finetune.py:68] layer 29_up @ epoch 2 new loss 0.000138490300741978 old loss 0.00013998350186739117 BETTER
I0328 15:41:40.855792 2313165 finetune.py:68] layer 28_up @ epoch 3 new loss 0.00010563969408394769 old loss 0.00010647871386026964 BETTER
I0328 15:41:44.018482 2313305 finetune.py:68] layer 30_up @ epoch 0 new loss 0.00025754724629223347 old loss 0.0002661092148628086 BETTER
I0328 15:42:01.506975 2313375 finetune.py:45] layer 31_up initial loss 0.0007756950217299163
I0328 15:42:07.554826 2313235 finetune.py:68] layer 29_up @ epoch 3 new loss 0.00013720804417971522 old loss 0.000138490300741978 BETTER
I0328 15:42:14.443663 2313165 finetune.py:68] layer 28_up @ epoch 4 new loss 0.0001049338752636686 old loss 0.00010563969408394769 BETTER
I0328 15:42:16.005258 2313305 finetune.py:68] layer 30_up @ epoch 1 new loss 0.0002520493289921433 old loss 0.00025754724629223347 BETTER
I0328 15:42:31.663590 2313375 finetune.py:68] layer 31_up @ epoch 0 new loss 0.0007183753768913448 old loss 0.0007756950217299163 BETTER
I0328 15:42:39.519781 2313235 finetune.py:68] layer 29_up @ epoch 4 new loss 0.00013619210221804678 old loss 0.00013720804417971522 BETTER
I0328 15:42:46.131389 2313165 finetune.py:45] layer 28_gate initial loss 0.0001397703745169565
I0328 15:42:47.988412 2313305 finetune.py:68] layer 30_up @ epoch 2 new loss 0.0002477033995091915 old loss 0.0002520493289921433 BETTER
I0328 15:43:02.957680 2313375 finetune.py:68] layer 31_up @ epoch 1 new loss 0.0006862590671516955 old loss 0.0007183753768913448 BETTER
I0328 15:43:10.942384 2313235 finetune.py:45] layer 29_gate initial loss 0.00018267503764946014
I0328 15:43:16.260990 2313165 finetune.py:68] layer 28_gate @ epoch 0 new loss 0.0001389917597407475 old loss 0.0001397703745169565 BETTER
I0328 15:43:20.192207 2313305 finetune.py:68] layer 30_up @ epoch 3 new loss 0.0002440125826979056 old loss 0.0002477033995091915 BETTER
I0328 15:43:34.380882 2313375 finetune.py:68] layer 31_up @ epoch 2 new loss 0.0006600443739444017 old loss 0.0006862590671516955 BETTER
I0328 15:43:39.263627 2313235 finetune.py:68] layer 29_gate @ epoch 0 new loss 0.0001815631694626063 old loss 0.00018267503764946014 BETTER
I0328 15:43:47.628434 2313165 finetune.py:68] layer 28_gate @ epoch 1 new loss 0.00013837104779668152 old loss 0.0001389917597407475 BETTER
I0328 15:43:52.442447 2313305 finetune.py:68] layer 30_up @ epoch 4 new loss 0.00024090275110211223 old loss 0.0002440125826979056 BETTER
I0328 15:44:05.948712 2313375 finetune.py:68] layer 31_up @ epoch 3 new loss 0.0006375286029651761 old loss 0.0006600443739444017 BETTER
I0328 15:44:08.792670 2313235 finetune.py:68] layer 29_gate @ epoch 1 new loss 0.000180718008778058 old loss 0.0001815631694626063 BETTER
I0328 15:44:19.028069 2313165 finetune.py:68] layer 28_gate @ epoch 2 new loss 0.00013781979214400053 old loss 0.00013837104779668152 BETTER
I0328 15:44:24.005558 2313305 finetune.py:45] layer 30_gate initial loss 0.00030801541288383305
I0328 15:44:37.667794 2313375 finetune.py:68] layer 31_up @ epoch 4 new loss 0.0006175613962113857 old loss 0.0006375286029651761 BETTER
I0328 15:44:38.388845 2313235 finetune.py:68] layer 29_gate @ epoch 2 new loss 0.00018000027921516448 old loss 0.000180718008778058 BETTER
I0328 15:44:50.586431 2313165 finetune.py:68] layer 28_gate @ epoch 3 new loss 0.00013738745474256575 old loss 0.00013781979214400053 BETTER
I0328 15:44:52.651301 2313305 finetune.py:68] layer 30_gate @ epoch 0 new loss 0.0003048923972528428 old loss 0.00030801541288383305 BETTER
I0328 15:45:08.024832 2313235 finetune.py:68] layer 29_gate @ epoch 3 new loss 0.00017939519602805376 old loss 0.00018000027921516448 BETTER
I0328 15:45:09.168210 2313375 finetune.py:45] layer 31_gate initial loss 0.0007439674809575081
I0328 15:45:22.166379 2313165 finetune.py:68] layer 28_gate @ epoch 4 new loss 0.0001369841629639268 old loss 0.00013738745474256575 BETTER
I0328 15:45:22.293927 2313305 finetune.py:68] layer 30_gate @ epoch 1 new loss 0.000302539934637025 old loss 0.0003048923972528428 BETTER
I0328 15:45:37.507924 2313375 finetune.py:68] layer 31_gate @ epoch 0 new loss 0.0007268699118867517 old loss 0.0007439674809575081 BETTER
I0328 15:45:37.725133 2313235 finetune.py:68] layer 29_gate @ epoch 4 new loss 0.00017890229355543852 old loss 0.00017939519602805376 BETTER
I0328 15:45:52.121802 2313305 finetune.py:68] layer 30_gate @ epoch 2 new loss 0.00030050508212298155 old loss 0.000302539934637025 BETTER
I0328 15:46:06.679889 2313375 finetune.py:68] layer 31_gate @ epoch 1 new loss 0.0007138944929465652 old loss 0.0007268699118867517 BETTER
I0328 15:46:17.349819 2313165 finetune.py:45] layer 28_down initial loss 0.00022952583094593138
I0328 15:46:21.962350 2313305 finetune.py:68] layer 30_gate @ epoch 3 new loss 0.00029878722853027284 old loss 0.00030050508212298155 BETTER
I0328 15:46:33.737393 2313235 finetune.py:45] layer 29_down initial loss 0.00030205328948795795
I0328 15:46:35.970575 2313375 finetune.py:68] layer 31_gate @ epoch 2 new loss 0.0007029032567515969 old loss 0.0007138944929465652 BETTER
I0328 15:46:44.769201 2313165 finetune.py:68] layer 28_down @ epoch 0 new loss 0.00022952165454626083 old loss 0.00022952583094593138 BETTER
I0328 15:46:51.763513 2313305 finetune.py:68] layer 30_gate @ epoch 4 new loss 0.0002972094516735524 old loss 0.00029878722853027284 BETTER
I0328 15:46:59.895498 2313235 finetune.py:68] layer 29_down @ epoch 0 new loss 0.0003020449075847864 old loss 0.00030205328948795795 BETTER
I0328 15:47:05.422763 2313375 finetune.py:68] layer 31_gate @ epoch 3 new loss 0.0006928804214112461 old loss 0.0007029032567515969 BETTER
I0328 15:47:13.551812 2313165 finetune.py:68] layer 28_down @ epoch 1 new loss 0.00022951867140363902 old loss 0.00022952165454626083 BETTER
I0328 15:47:27.074328 2313235 finetune.py:68] layer 29_down @ epoch 1 new loss 0.0003020379226654768 old loss 0.0003020449075847864 BETTER
I0328 15:47:34.760431 2313375 finetune.py:68] layer 31_gate @ epoch 4 new loss 0.0006838455446995795 old loss 0.0006928804214112461 BETTER
I0328 15:47:42.615206 2313165 finetune.py:68] layer 28_down @ epoch 2 new loss 0.0002295152225997299 old loss 0.00022951867140363902 BETTER
I0328 15:47:48.605485 2313305 finetune.py:45] layer 30_down initial loss 0.000494659470859915
I0328 15:47:54.525407 2313235 finetune.py:68] layer 29_down @ epoch 2 new loss 0.0003020312578883022 old loss 0.0003020379226654768 BETTER
I0328 15:48:11.481904 2313165 finetune.py:68] layer 28_down @ epoch 3 new loss 0.00022951321443542838 old loss 0.0002295152225997299 BETTER
I0328 15:48:14.861303 2313305 finetune.py:68] layer 30_down @ epoch 0 new loss 0.0004946378176100552 old loss 0.000494659470859915 BETTER
I0328 15:48:22.210170 2313235 finetune.py:68] layer 29_down @ epoch 3 new loss 0.0003020259609911591 old loss 0.0003020312578883022 BETTER
I0328 15:48:31.678404 2313375 finetune.py:45] layer 31_down initial loss 0.0012409259798005223
I0328 15:48:40.630908 2313165 finetune.py:68] layer 28_down @ epoch 4 new loss 0.00022951082792133093 old loss 0.00022951321443542838 BETTER
I0328 15:48:42.496511 2313305 finetune.py:68] layer 30_down @ epoch 1 new loss 0.000494615756906569 old loss 0.0004946378176100552 BETTER
28_v proxy err 0.003847681451588869 tr(WHW.T) 601.4844360351562
bpp_loss 4.047001019760501
28_q proxy err 0.0004143593250773847 tr(WHW.T) 23168.701171875
bpp_loss 4.3067927388474345
28_k proxy err 0.00017869719886220992 tr(WHW.T) 14992.6044921875
bpp_loss 5.119062904966995
28_o proxy err 0.0036011235788464546 tr(WHW.T) 2511.931396484375
bpp_loss 3.847467905259691
28_up proxy err 0.004220475908368826 tr(WHW.T) 10244.041015625
bpp_loss 3.8101533141785433
28_gate proxy err 0.0012298945803195238 tr(WHW.T) 35926.22265625
bpp_loss 4.165252126420715
28_down proxy err 0.004744461737573147 tr(WHW.T) 7225.84716796875
bpp_loss 3.7939566278198202
I0328 15:48:49.888346 2313235 finetune.py:68] layer 29_down @ epoch 4 new loss 0.0003020212461706251 old loss 0.0003020259609911591 BETTER
29_v proxy err 0.0029381222557276487 tr(WHW.T) 850.4290161132812
bpp_loss 4.116949769668281
29_q proxy err 0.0004954937030561268 tr(WHW.T) 20656.9296875
bpp_loss 4.29489380994346
29_k proxy err 0.00017284456407651305 tr(WHW.T) 16358.451171875
bpp_loss 5.213030721177347
29_o proxy err 0.0022686782758682966 tr(WHW.T) 3102.1748046875
bpp_loss 3.884343975223601
29_up proxy err 0.003269998822361231 tr(WHW.T) 12883.1396484375
bpp_loss 3.844146227331034
29_gate proxy err 0.0011193057289347053 tr(WHW.T) 38382.54296875
bpp_loss 4.157193931551384
29_down proxy err 0.003889393759891391 tr(WHW.T) 7490.56298828125
bpp_loss 3.8091556405748372
I0328 15:48:57.743280 2313375 finetune.py:68] layer 31_down @ epoch 0 new loss 0.0012407279573380947 old loss 0.0012409259798005223 BETTER
I0328 15:49:10.161660 2313305 finetune.py:68] layer 30_down @ epoch 2 new loss 0.0004945994005538523 old loss 0.000494615756906569 BETTER
I0328 15:49:24.798289 2313375 finetune.py:68] layer 31_down @ epoch 1 new loss 0.0012405983870849013 old loss 0.0012407279573380947 BETTER
I0328 15:49:37.847261 2313305 finetune.py:68] layer 30_down @ epoch 3 new loss 0.0004945837426930666 old loss 0.0004945994005538523 BETTER
I0328 15:49:51.871330 2313375 finetune.py:68] layer 31_down @ epoch 2 new loss 0.0012404870940372348 old loss 0.0012405983870849013 BETTER
I0328 15:50:05.546429 2313305 finetune.py:68] layer 30_down @ epoch 4 new loss 0.0004945674445480108 old loss 0.0004945837426930666 BETTER
30_v proxy err 0.0026350212283432484 tr(WHW.T) 863.060791015625
bpp_loss 4.408901377930306
30_q proxy err 0.0003821249702014029 tr(WHW.T) 24056.669921875
bpp_loss 4.198484200169332
30_k proxy err 0.00019005044305231422 tr(WHW.T) 14030.478515625
bpp_loss 4.857788401073776
30_o proxy err 0.001621144125238061 tr(WHW.T) 4872.35009765625
bpp_loss 3.972514807479456
30_up proxy err 0.0019296251703053713 tr(WHW.T) 21695.015625
bpp_loss 3.8770768023761257
30_gate proxy err 0.0008237185538746417 tr(WHW.T) 51892.65234375
bpp_loss 4.210173136488136
30_down proxy err 0.002239516004920006 tr(WHW.T) 8822.623046875
bpp_loss 3.810237953655555
I0328 15:50:19.204115 2313375 finetune.py:68] layer 31_down @ epoch 3 new loss 0.0012403883738443255 old loss 0.0012404870940372348 BETTER
I0328 15:50:46.414896 2313375 finetune.py:68] layer 31_down @ epoch 4 new loss 0.0012402976863086224 old loss 0.0012403883738443255 BETTER
31_v proxy err 0.001346766366623342 tr(WHW.T) 1808.723876953125
bpp_loss 4.2226204256294295
31_q proxy err 0.00021482030570041388 tr(WHW.T) 46178.765625
bpp_loss 4.3543213594239205
31_k proxy err 0.000133016292238608 tr(WHW.T) 20468.88671875
bpp_loss 5.102805036818609
31_o proxy err 0.001367418677546084 tr(WHW.T) 2212.325927734375
bpp_loss 3.9329277123324573
31_up proxy err 0.0005848376895301044 tr(WHW.T) 69010.859375
bpp_loss 4.076920081462179
31_gate proxy err 0.0002867263974621892 tr(WHW.T) 143985.078125
bpp_loss 4.434300917001175
31_down proxy err 0.0008786945254541934 tr(WHW.T) 9971.6337890625
bpp_loss 3.837777582113631
I0328 15:51:11.703102 2313445 utils.py:146] Note: detected 128 virtual cores but NumExpr set to maximum of 64, check "NUMEXPR_MAX_THREADS" environment variable.
I0328 15:51:11.703241 2313445 utils.py:149] Note: NumExpr detected 128 cores but "NUMEXPR_MAX_THREADS" not set, so enforcing safe limit of 16.
I0328 15:51:11.703287 2313445 utils.py:162] NumExpr defaulting to 16 threads.
I0328 15:51:12.040439 2313445 config.py:54] PyTorch version 2.6.0 available.
W0328 15:51:12.257195 2313445 warnings.py:109] /opt/conda/lib/python3.10/site-packages/torchvision/io/image.py:13: UserWarning: Failed to load image Python extension: '/opt/conda/lib/python3.10/site-packages/torchvision/image.so: undefined symbol: _ZN3c1017RegisterOperatorsD1Ev'If you don't plan on using image functionality from `torchvision.io`, you can ignore this warning. Otherwise, there might be something wrong with your environment. Did you have `libjpeg` or `libpng` installed before building `torchvision` from source?
  warn(

I0328 15:51:12.371083 2313445 hfize_llama.py:27] LlamaConfig {
  "_attn_implementation_autoset": true,
  "_name_or_path": "../Wparam_dataset/hf_model/meta-llama--Meta-Llama-3-8B",
  "architectures": [
    "LlamaForCausalLM"
  ],
  "attention_bias": false,
  "attention_dropout": 0.0,
  "bos_token_id": 128000,
  "eos_token_id": 128001,
  "head_dim": 128,
  "hidden_act": "silu",
  "hidden_size": 4096,
  "initializer_range": 0.02,
  "intermediate_size": 14336,
  "max_position_embeddings": 8192,
  "mlp_bias": false,
  "model_type": "llama",
  "num_attention_heads": 32,
  "num_hidden_layers": 32,
  "num_key_value_heads": 8,
  "pretraining_tp": 1,
  "quip_params": {},
  "rms_norm_eps": 1e-05,
  "rope_scaling": null,
  "rope_theta": 500000.0,
  "tie_word_embeddings": false,
  "torch_dtype": "float32",
  "transformers_version": "4.47.1",
  "use_cache": true,
  "vocab_size": 128256
}

Loading checkpoint shards:   0%|          | 0/7 [00:00<?, ?it/s]Loading checkpoint shards:  14%|█▍        | 1/7 [00:00<00:00,  7.86it/s]Loading checkpoint shards:  29%|██▊       | 2/7 [00:00<00:00,  8.53it/s]Loading checkpoint shards:  43%|████▎     | 3/7 [00:00<00:00,  8.87it/s]Loading checkpoint shards:  57%|█████▋    | 4/7 [00:00<00:00,  8.61it/s]Loading checkpoint shards:  71%|███████▏  | 5/7 [00:00<00:00,  8.87it/s]Loading checkpoint shards:  86%|████████▌ | 6/7 [00:00<00:00,  8.81it/s]Loading checkpoint shards: 100%|██████████| 7/7 [00:00<00:00,  8.96it/s]Loading checkpoint shards: 100%|██████████| 7/7 [00:00<00:00,  8.79it/s]
Loading checkpoint shards:   0%|          | 0/7 [00:00<?, ?it/s]Loading checkpoint shards:  14%|█▍        | 1/7 [00:00<00:00,  9.21it/s]Loading checkpoint shards:  29%|██▊       | 2/7 [00:00<00:00,  8.88it/s]Loading checkpoint shards:  43%|████▎     | 3/7 [00:00<00:00,  8.99it/s]Loading checkpoint shards:  57%|█████▋    | 4/7 [00:00<00:00,  8.66it/s]Loading checkpoint shards:  71%|███████▏  | 5/7 [00:00<00:00,  8.69it/s]Loading checkpoint shards:  86%|████████▌ | 6/7 [00:00<00:00,  8.83it/s]Loading checkpoint shards: 100%|██████████| 7/7 [00:00<00:00,  9.08it/s]Loading checkpoint shards: 100%|██████████| 7/7 [00:00<00:00,  8.93it/s]
I0328 15:51:15.227318 2313445 hfize_llama.py:153] loaded layer 0
I0328 15:51:15.742064 2313445 hfize_llama.py:153] loaded layer 1
I0328 15:51:16.144670 2313445 hfize_llama.py:153] loaded layer 2
I0328 15:51:16.502825 2313445 hfize_llama.py:153] loaded layer 3
I0328 15:51:17.072499 2313445 hfize_llama.py:153] loaded layer 4
I0328 15:51:17.479709 2313445 hfize_llama.py:153] loaded layer 5
I0328 15:51:17.818656 2313445 hfize_llama.py:153] loaded layer 6
I0328 15:51:18.190824 2313445 hfize_llama.py:153] loaded layer 7
I0328 15:51:18.557712 2313445 hfize_llama.py:153] loaded layer 8
I0328 15:51:18.965156 2313445 hfize_llama.py:153] loaded layer 9
I0328 15:51:19.334933 2313445 hfize_llama.py:153] loaded layer 10
I0328 15:51:19.688569 2313445 hfize_llama.py:153] loaded layer 11
I0328 15:51:20.023867 2313445 hfize_llama.py:153] loaded layer 12
I0328 15:51:20.387905 2313445 hfize_llama.py:153] loaded layer 13
I0328 15:51:20.689191 2313445 hfize_llama.py:153] loaded layer 14
I0328 15:51:21.011147 2313445 hfize_llama.py:153] loaded layer 15
I0328 15:51:21.363685 2313445 hfize_llama.py:153] loaded layer 16
I0328 15:51:21.734789 2313445 hfize_llama.py:153] loaded layer 17
I0328 15:51:22.086840 2313445 hfize_llama.py:153] loaded layer 18
I0328 15:51:22.455838 2313445 hfize_llama.py:153] loaded layer 19
I0328 15:51:22.794495 2313445 hfize_llama.py:153] loaded layer 20
I0328 15:51:23.142369 2313445 hfize_llama.py:153] loaded layer 21
I0328 15:51:23.485048 2313445 hfize_llama.py:153] loaded layer 22
I0328 15:51:23.859897 2313445 hfize_llama.py:153] loaded layer 23
I0328 15:51:24.236195 2313445 hfize_llama.py:153] loaded layer 24
I0328 15:51:24.598342 2313445 hfize_llama.py:153] loaded layer 25
I0328 15:51:24.965689 2313445 hfize_llama.py:153] loaded layer 26
I0328 15:51:25.583271 2313445 hfize_llama.py:153] loaded layer 27
I0328 15:51:25.929759 2313445 hfize_llama.py:153] loaded layer 28
I0328 15:51:26.293897 2313445 hfize_llama.py:153] loaded layer 29
I0328 15:51:26.631543 2313445 hfize_llama.py:153] loaded layer 30
I0328 15:51:26.959813 2313445 hfize_llama.py:153] loaded layer 31
I0328 15:51:26.959976 2313445 hfize_llama.py:157] saving model...
Loading checkpoint shards:   0%|          | 0/7 [00:00<?, ?it/s]Loading checkpoint shards:  14%|█▍        | 1/7 [00:01<00:10,  1.83s/it]Loading checkpoint shards:  29%|██▊       | 2/7 [00:03<00:08,  1.61s/it]Loading checkpoint shards:  43%|████▎     | 3/7 [00:04<00:06,  1.56s/it]Loading checkpoint shards:  57%|█████▋    | 4/7 [00:06<00:04,  1.53s/it]Loading checkpoint shards:  71%|███████▏  | 5/7 [00:07<00:02,  1.46s/it]Loading checkpoint shards:  86%|████████▌ | 6/7 [00:08<00:01,  1.38s/it]Loading checkpoint shards: 100%|██████████| 7/7 [00:09<00:00,  1.21s/it]Loading checkpoint shards: 100%|██████████| 7/7 [00:09<00:00,  1.39s/it]
I0328 15:52:28.143861 2313445 hfize_llama.py:167] successfully loaded hfized model
I0328 15:52:33.576699 2313664 utils.py:146] Note: detected 128 virtual cores but NumExpr set to maximum of 64, check "NUMEXPR_MAX_THREADS" environment variable.
I0328 15:52:33.576845 2313664 utils.py:149] Note: NumExpr detected 128 cores but "NUMEXPR_MAX_THREADS" not set, so enforcing safe limit of 16.
I0328 15:52:33.576888 2313664 utils.py:162] NumExpr defaulting to 16 threads.
W0328 15:52:33.938768 2313664 warnings.py:109] /opt/conda/lib/python3.10/site-packages/torchvision/io/image.py:13: UserWarning: Failed to load image Python extension: '/opt/conda/lib/python3.10/site-packages/torchvision/image.so: undefined symbol: _ZN3c1017RegisterOperatorsD1Ev'If you don't plan on using image functionality from `torchvision.io`, you can ignore this warning. Otherwise, there might be something wrong with your environment. Did you have `libjpeg` or `libpng` installed before building `torchvision` from source?
  warn(

I0328 15:52:34.480801 2313664 modeling.py:990] We will use 90% of the memory on device 0 for storing the model, and 10% for the buffer to avoid OOM. You can set `max_memory` in to a higher value to use more memory (at your own risk).
Loading checkpoint shards:   0%|          | 0/7 [00:00<?, ?it/s]Loading checkpoint shards:  14%|█▍        | 1/7 [00:01<00:09,  1.62s/it]Loading checkpoint shards:  29%|██▊       | 2/7 [00:03<00:08,  1.63s/it]Loading checkpoint shards:  43%|████▎     | 3/7 [00:04<00:06,  1.67s/it]Loading checkpoint shards:  57%|█████▋    | 4/7 [00:06<00:04,  1.59s/it]Loading checkpoint shards:  71%|███████▏  | 5/7 [00:07<00:03,  1.51s/it]Loading checkpoint shards:  86%|████████▌ | 6/7 [00:09<00:01,  1.47s/it]Loading checkpoint shards: 100%|██████████| 7/7 [00:10<00:00,  1.26s/it]Loading checkpoint shards: 100%|██████████| 7/7 [00:10<00:00,  1.43s/it]
I0328 15:52:44.623744 2313664 config.py:54] PyTorch version 2.6.0 available.
