I0327 23:07:18.327828 2043150 finetune.py:68] layer 22_gate @ epoch 4 new loss 0.0005420435918495059 old loss 0.0005443057743832469 BETTER
I0327 23:07:31.094759 2043080 finetune.py:68] layer 21_down @ epoch 0 new loss 0.0009028132189996541 old loss 0.0009029803331941366 BETTER
I0327 23:07:34.288043 2043220 finetune.py:68] layer 23_gate @ epoch 3 new loss 0.0005924644647166133 old loss 0.0005947129102423787 BETTER
I0327 23:07:42.786499 2043010 finetune.py:68] layer 20_down @ epoch 1 new loss 0.0007712418446317315 old loss 0.0007713654777035117 BETTER
I0327 23:07:58.696110 2043080 finetune.py:68] layer 21_down @ epoch 1 new loss 0.0009026615880429745 old loss 0.0009028132189996541 BETTER
I0327 23:08:04.486336 2043220 finetune.py:68] layer 23_gate @ epoch 4 new loss 0.0005903978017158806 old loss 0.0005924644647166133 BETTER
I0327 23:08:12.277151 2043010 finetune.py:68] layer 20_down @ epoch 2 new loss 0.0007711260113865137 old loss 0.0007712418446317315 BETTER
I0327 23:08:19.888065 2043150 finetune.py:45] layer 22_down initial loss 0.000939706398639828
I0327 23:08:26.717280 2043080 finetune.py:68] layer 21_down @ epoch 2 new loss 0.0009025202016346157 old loss 0.0009026615880429745 BETTER
I0327 23:08:41.868921 2043010 finetune.py:68] layer 20_down @ epoch 3 new loss 0.0007710189092904329 old loss 0.0007711260113865137 BETTER
I0327 23:08:46.736608 2043150 finetune.py:68] layer 22_down @ epoch 0 new loss 0.0009395210072398186 old loss 0.000939706398639828 BETTER
I0327 23:08:55.684795 2043080 finetune.py:68] layer 21_down @ epoch 3 new loss 0.0009023866732604802 old loss 0.0009025202016346157 BETTER
I0327 23:09:06.118856 2043220 finetune.py:45] layer 23_down initial loss 0.0010123446118086576
I0327 23:09:11.939302 2043010 finetune.py:68] layer 20_down @ epoch 4 new loss 0.0007709200726822019 old loss 0.0007710189092904329 BETTER
20_v proxy err 0.06299115717411041 tr(WHW.T) 330.192138671875
bpp_loss 1.9726499523385428
20_q proxy err 0.004631466697901487 tr(WHW.T) 20779.0
bpp_loss 2.6826722504920326
20_k proxy err 0.0017918241210281849 tr(WHW.T) 15387.1953125
bpp_loss 3.467163199558854
20_o proxy err 0.07010968774557114 tr(WHW.T) 1213.7655029296875
bpp_loss 2.0101858758716844
20_up proxy err 0.055520690977573395 tr(WHW.T) 7607.9853515625
bpp_loss 2.09791649854742
20_gate proxy err 0.015023760497570038 tr(WHW.T) 30416.62890625
bpp_loss 2.449319605582527
20_down proxy err 0.06121985614299774 tr(WHW.T) 6382.32080078125
bpp_loss 2.0939640729588325
I0327 23:09:15.117732 2043150 finetune.py:68] layer 22_down @ epoch 1 new loss 0.0009393501095473766 old loss 0.0009395210072398186 BETTER
I0327 23:09:24.485275 2043080 finetune.py:68] layer 21_down @ epoch 4 new loss 0.0009022603626362979 old loss 0.0009023866732604802 BETTER
21_v proxy err 0.05848994478583336 tr(WHW.T) 362.87310791015625
bpp_loss 1.998263080167817
21_q proxy err 0.003775784047320485 tr(WHW.T) 25880.515625
bpp_loss 2.683651924948208
21_k proxy err 0.0016799279255792499 tr(WHW.T) 16762.234375
bpp_loss 3.5034602199448273
21_o proxy err 0.04727917164564133 tr(WHW.T) 1279.374267578125
bpp_loss 2.0281168698274996
21_up proxy err 0.0533481128513813 tr(WHW.T) 7778.21533203125
bpp_loss 2.100552383444405
21_gate proxy err 0.014382537454366684 tr(WHW.T) 31286.5703125
bpp_loss 2.4597560197580606
21_down proxy err 0.05777770280838013 tr(WHW.T) 6426.2783203125
bpp_loss 2.094450415128709
I0327 23:09:32.686038 2043220 finetune.py:68] layer 23_down @ epoch 0 new loss 0.0010121682425960898 old loss 0.0010123446118086576 BETTER
I0327 23:09:43.665557 2043150 finetune.py:68] layer 22_down @ epoch 2 new loss 0.0009391861385665834 old loss 0.0009393501095473766 BETTER
I0327 23:09:59.839724 2043220 finetune.py:68] layer 23_down @ epoch 1 new loss 0.0010120010701939464 old loss 0.0010121682425960898 BETTER
I0327 23:10:11.471370 2043150 finetune.py:68] layer 22_down @ epoch 3 new loss 0.000939035031478852 old loss 0.0009391861385665834 BETTER
I0327 23:10:26.992951 2043220 finetune.py:68] layer 23_down @ epoch 2 new loss 0.0010118504287675023 old loss 0.0010120010701939464 BETTER
I0327 23:10:28.915866 2041475 quantize_finetune_llama.py:240] computed original embedding for layer 24 in 59.57700157165527s
I0327 23:10:32.701857 2043290 utils.py:146] Note: detected 128 virtual cores but NumExpr set to maximum of 64, check "NUMEXPR_MAX_THREADS" environment variable.
I0327 23:10:32.701967 2043290 utils.py:149] Note: NumExpr detected 128 cores but "NUMEXPR_MAX_THREADS" not set, so enforcing safe limit of 16.
I0327 23:10:32.702009 2043290 utils.py:162] NumExpr defaulting to 16 threads.
I0327 23:10:33.054060 2043290 config.py:54] PyTorch version 2.6.0 available.
W0327 23:10:33.262860 2043290 warnings.py:109] /opt/conda/lib/python3.10/site-packages/torchvision/io/image.py:13: UserWarning: Failed to load image Python extension: '/opt/conda/lib/python3.10/site-packages/torchvision/image.so: undefined symbol: _ZN3c1017RegisterOperatorsD1Ev'If you don't plan on using image functionality from `torchvision.io`, you can ignore this warning. Otherwise, there might be something wrong with your environment. Did you have `libjpeg` or `libpng` installed before building `torchvision` from source?
  warn(

W0327 23:10:33.884617 2043290 warnings.py:109] /opt/conda/lib/python3.10/site-packages/compressai/models/video/google.py:353: FutureWarning: `torch.cuda.amp.autocast(args...)` is deprecated. Please use `torch.amp.autocast('cuda', args...)` instead.
  @amp.autocast(enabled=False)

I0327 23:10:33.888568 2041475 quantize_finetune_llama.py:209] layer 25 gpu 1
I0327 23:10:33.903652 2043290 data_utils.py:336] using 256 training seqs, 128 validation seqs
I0327 23:10:39.269961 2043150 finetune.py:68] layer 22_down @ epoch 4 new loss 0.0009388970793224871 old loss 0.000939035031478852 BETTER
22_v proxy err 0.05852571129798889 tr(WHW.T) 346.0789489746094
bpp_loss 2.0469409323704895
22_q proxy err 0.0044892351143062115 tr(WHW.T) 20366.39453125
bpp_loss 2.6474959974875674
22_k proxy err 0.0017852947348728776 tr(WHW.T) 14709.7197265625
bpp_loss 3.447463667835109
22_o proxy err 0.06623739749193192 tr(WHW.T) 1227.4532470703125
bpp_loss 2.0551002989232074
22_up proxy err 0.055616676807403564 tr(WHW.T) 7551.5986328125
bpp_loss 2.104662663070485
22_gate proxy err 0.015526468865573406 tr(WHW.T) 29326.474609375
bpp_loss 2.46429722616449
22_down proxy err 0.05797411501407623 tr(WHW.T) 6608.74560546875
bpp_loss 2.1004367833291844
The attention layers in this model are transitioning from computing the RoPE embeddings internally through `position_ids` (2D tensor with the indexes of the tokens), to using externally computed `position_embeddings` (Tuple of tensors, containing cos and sin). In v4.46 `position_ids` will be removed and `position_embeddings` will be mandatory.
I0327 23:10:50.824519 2043290 finetune.py:45] layer 24_v initial loss 0.0002623475738801062
W0327 23:10:50.824790 2043290 warnings.py:109] /workspace/Weight_compression/comp_lm_qtip/lib/algo/finetune.py:46: FutureWarning: `torch.cuda.amp.GradScaler(args...)` is deprecated. Please use `torch.amp.GradScaler('cuda', args...)` instead.
  scaler = torch.cuda.amp.GradScaler(enabled=(orig_dtype==torch.float16))

I0327 23:10:54.145107 2043220 finetune.py:68] layer 23_down @ epoch 3 new loss 0.0010117089841514826 old loss 0.0010118504287675023 BETTER
I0327 23:11:21.437031 2043220 finetune.py:68] layer 23_down @ epoch 4 new loss 0.0010115751065313816 old loss 0.0010117089841514826 BETTER
23_v proxy err 0.05547742173075676 tr(WHW.T) 397.90704345703125
bpp_loss 2.0959126909729093
23_q proxy err 0.004352016840130091 tr(WHW.T) 22652.107421875
bpp_loss 2.65842976141721
23_k proxy err 0.0019070629496127367 tr(WHW.T) 14848.857421875
bpp_loss 3.4504245062125847
23_o proxy err 0.056220412254333496 tr(WHW.T) 1746.6510009765625
bpp_loss 2.078015572100412
23_up proxy err 0.05658089369535446 tr(WHW.T) 7426.60205078125
bpp_loss 2.108227317986478
23_gate proxy err 0.016814475879073143 tr(WHW.T) 27079.42578125
bpp_loss 2.465974924753287
23_down proxy err 0.058051999658346176 tr(WHW.T) 6744.2216796875
bpp_loss 2.105048008105119
I0327 23:11:26.094601 2043290 finetune.py:68] layer 24_v @ epoch 0 new loss 7.128229481168091e-05 old loss 0.0002623475738801062 BETTER
I0327 23:11:44.611009 2041475 quantize_finetune_llama.py:240] computed original embedding for layer 25 in 61.02744150161743s
I0327 23:11:48.160302 2043360 utils.py:146] Note: detected 128 virtual cores but NumExpr set to maximum of 64, check "NUMEXPR_MAX_THREADS" environment variable.
I0327 23:11:48.160407 2043360 utils.py:149] Note: NumExpr detected 128 cores but "NUMEXPR_MAX_THREADS" not set, so enforcing safe limit of 16.
I0327 23:11:48.160446 2043360 utils.py:162] NumExpr defaulting to 16 threads.
I0327 23:11:48.481727 2043360 config.py:54] PyTorch version 2.6.0 available.
W0327 23:11:48.689386 2043360 warnings.py:109] /opt/conda/lib/python3.10/site-packages/torchvision/io/image.py:13: UserWarning: Failed to load image Python extension: '/opt/conda/lib/python3.10/site-packages/torchvision/image.so: undefined symbol: _ZN3c1017RegisterOperatorsD1Ev'If you don't plan on using image functionality from `torchvision.io`, you can ignore this warning. Otherwise, there might be something wrong with your environment. Did you have `libjpeg` or `libpng` installed before building `torchvision` from source?
  warn(

W0327 23:11:49.282203 2043360 warnings.py:109] /opt/conda/lib/python3.10/site-packages/compressai/models/video/google.py:353: FutureWarning: `torch.cuda.amp.autocast(args...)` is deprecated. Please use `torch.amp.autocast('cuda', args...)` instead.
  @amp.autocast(enabled=False)

I0327 23:11:49.285708 2041475 quantize_finetune_llama.py:209] layer 26 gpu 2
I0327 23:11:49.298818 2043360 data_utils.py:336] using 256 training seqs, 128 validation seqs
The attention layers in this model are transitioning from computing the RoPE embeddings internally through `position_ids` (2D tensor with the indexes of the tokens), to using externally computed `position_embeddings` (Tuple of tensors, containing cos and sin). In v4.46 `position_ids` will be removed and `position_embeddings` will be mandatory.
I0327 23:12:02.516655 2043290 finetune.py:68] layer 24_v @ epoch 1 new loss 6.108620436862111e-05 old loss 7.128229481168091e-05 BETTER
I0327 23:12:05.981474 2043360 finetune.py:45] layer 25_v initial loss 0.00029674911638721824
W0327 23:12:05.981664 2043360 warnings.py:109] /workspace/Weight_compression/comp_lm_qtip/lib/algo/finetune.py:46: FutureWarning: `torch.cuda.amp.GradScaler(args...)` is deprecated. Please use `torch.amp.GradScaler('cuda', args...)` instead.
  scaler = torch.cuda.amp.GradScaler(enabled=(orig_dtype==torch.float16))

I0327 23:12:39.239357 2043360 finetune.py:68] layer 25_v @ epoch 0 new loss 8.414324111072347e-05 old loss 0.00029674911638721824 BETTER
I0327 23:12:39.349246 2043290 finetune.py:68] layer 24_v @ epoch 2 new loss 5.768311893916689e-05 old loss 6.108620436862111e-05 BETTER
I0327 23:12:51.878326 2041475 quantize_finetune_llama.py:240] computed original embedding for layer 26 in 62.160587549209595s
I0327 23:12:55.644662 2043430 utils.py:146] Note: detected 128 virtual cores but NumExpr set to maximum of 64, check "NUMEXPR_MAX_THREADS" environment variable.
I0327 23:12:55.644753 2043430 utils.py:149] Note: NumExpr detected 128 cores but "NUMEXPR_MAX_THREADS" not set, so enforcing safe limit of 16.
I0327 23:12:55.644791 2043430 utils.py:162] NumExpr defaulting to 16 threads.
I0327 23:12:56.021257 2043430 config.py:54] PyTorch version 2.6.0 available.
W0327 23:12:56.223755 2043430 warnings.py:109] /opt/conda/lib/python3.10/site-packages/torchvision/io/image.py:13: UserWarning: Failed to load image Python extension: '/opt/conda/lib/python3.10/site-packages/torchvision/image.so: undefined symbol: _ZN3c1017RegisterOperatorsD1Ev'If you don't plan on using image functionality from `torchvision.io`, you can ignore this warning. Otherwise, there might be something wrong with your environment. Did you have `libjpeg` or `libpng` installed before building `torchvision` from source?
  warn(

W0327 23:12:56.826216 2043430 warnings.py:109] /opt/conda/lib/python3.10/site-packages/compressai/models/video/google.py:353: FutureWarning: `torch.cuda.amp.autocast(args...)` is deprecated. Please use `torch.amp.autocast('cuda', args...)` instead.
  @amp.autocast(enabled=False)

I0327 23:12:56.830096 2041475 quantize_finetune_llama.py:209] layer 27 gpu 3
I0327 23:12:56.845029 2043430 data_utils.py:336] using 256 training seqs, 128 validation seqs
The attention layers in this model are transitioning from computing the RoPE embeddings internally through `position_ids` (2D tensor with the indexes of the tokens), to using externally computed `position_embeddings` (Tuple of tensors, containing cos and sin). In v4.46 `position_ids` will be removed and `position_embeddings` will be mandatory.
I0327 23:13:13.527971 2043360 finetune.py:68] layer 25_v @ epoch 1 new loss 7.250809721881524e-05 old loss 8.414324111072347e-05 BETTER
I0327 23:13:13.669293 2043430 finetune.py:45] layer 26_v initial loss 0.000269824085989967
W0327 23:13:13.669526 2043430 warnings.py:109] /workspace/Weight_compression/comp_lm_qtip/lib/algo/finetune.py:46: FutureWarning: `torch.cuda.amp.GradScaler(args...)` is deprecated. Please use `torch.amp.GradScaler('cuda', args...)` instead.
  scaler = torch.cuda.amp.GradScaler(enabled=(orig_dtype==torch.float16))

I0327 23:13:16.211463 2043290 finetune.py:68] layer 24_v @ epoch 3 new loss 5.5968637752812356e-05 old loss 5.768311893916689e-05 BETTER
I0327 23:13:47.382699 2043430 finetune.py:68] layer 26_v @ epoch 0 new loss 0.00011521932174218819 old loss 0.000269824085989967 BETTER
I0327 23:13:48.290428 2043360 finetune.py:68] layer 25_v @ epoch 2 new loss 6.864700117148459e-05 old loss 7.250809721881524e-05 BETTER
I0327 23:13:53.163450 2043290 finetune.py:68] layer 24_v @ epoch 4 new loss 5.476238948176615e-05 old loss 5.5968637752812356e-05 BETTER
I0327 23:13:58.916427 2041475 quantize_finetune_llama.py:240] computed original embedding for layer 27 in 61.628103256225586s
I0327 23:14:02.693753 2043500 utils.py:146] Note: detected 128 virtual cores but NumExpr set to maximum of 64, check "NUMEXPR_MAX_THREADS" environment variable.
I0327 23:14:02.693844 2043500 utils.py:149] Note: NumExpr detected 128 cores but "NUMEXPR_MAX_THREADS" not set, so enforcing safe limit of 16.
I0327 23:14:02.693883 2043500 utils.py:162] NumExpr defaulting to 16 threads.
I0327 23:14:03.048051 2043500 config.py:54] PyTorch version 2.6.0 available.
W0327 23:14:03.236922 2043500 warnings.py:109] /opt/conda/lib/python3.10/site-packages/torchvision/io/image.py:13: UserWarning: Failed to load image Python extension: '/opt/conda/lib/python3.10/site-packages/torchvision/image.so: undefined symbol: _ZN3c1017RegisterOperatorsD1Ev'If you don't plan on using image functionality from `torchvision.io`, you can ignore this warning. Otherwise, there might be something wrong with your environment. Did you have `libjpeg` or `libpng` installed before building `torchvision` from source?
  warn(

W0327 23:14:03.829146 2043500 warnings.py:109] /opt/conda/lib/python3.10/site-packages/compressai/models/video/google.py:353: FutureWarning: `torch.cuda.amp.autocast(args...)` is deprecated. Please use `torch.amp.autocast('cuda', args...)` instead.
  @amp.autocast(enabled=False)

I0327 23:14:03.833137 2041475 quantize_finetune_llama.py:209] layer 28 gpu 0
I0327 23:14:03.849983 2043500 data_utils.py:336] using 256 training seqs, 128 validation seqs
I0327 23:14:12.023191 2043290 finetune.py:45] layer 24_q initial loss 6.925493653398007e-05
The attention layers in this model are transitioning from computing the RoPE embeddings internally through `position_ids` (2D tensor with the indexes of the tokens), to using externally computed `position_embeddings` (Tuple of tensors, containing cos and sin). In v4.46 `position_ids` will be removed and `position_embeddings` will be mandatory.
I0327 23:14:21.346807 2043500 finetune.py:45] layer 27_v initial loss 0.000275818892987445
W0327 23:14:21.347022 2043500 warnings.py:109] /workspace/Weight_compression/comp_lm_qtip/lib/algo/finetune.py:46: FutureWarning: `torch.cuda.amp.GradScaler(args...)` is deprecated. Please use `torch.amp.GradScaler('cuda', args...)` instead.
  scaler = torch.cuda.amp.GradScaler(enabled=(orig_dtype==torch.float16))

I0327 23:14:22.212615 2043430 finetune.py:68] layer 26_v @ epoch 1 new loss 0.00010535169712966308 old loss 0.00011521932174218819 BETTER
I0327 23:14:23.284577 2043360 finetune.py:68] layer 25_v @ epoch 3 new loss 6.671438313787803e-05 old loss 6.864700117148459e-05 BETTER
I0327 23:14:47.318688 2043290 finetune.py:68] layer 24_q @ epoch 0 new loss 6.707308784825727e-05 old loss 6.925493653398007e-05 BETTER
I0327 23:14:54.593073 2043500 finetune.py:68] layer 27_v @ epoch 0 new loss 0.00010573483450571075 old loss 0.000275818892987445 BETTER
I0327 23:14:57.470046 2043430 finetune.py:68] layer 26_v @ epoch 2 new loss 0.00010134223703062162 old loss 0.00010535169712966308 BETTER
I0327 23:14:58.433476 2043360 finetune.py:68] layer 25_v @ epoch 4 new loss 6.528809171868488e-05 old loss 6.671438313787803e-05 BETTER
I0327 23:15:17.850888 2043360 finetune.py:45] layer 25_q initial loss 9.231455624103546e-05
I0327 23:15:23.972693 2043290 finetune.py:68] layer 24_q @ epoch 1 new loss 6.594835576834157e-05 old loss 6.707308784825727e-05 BETTER
I0327 23:15:29.234870 2043500 finetune.py:68] layer 27_v @ epoch 1 new loss 9.785700967768207e-05 old loss 0.00010573483450571075 BETTER
I0327 23:15:32.841467 2043430 finetune.py:68] layer 26_v @ epoch 3 new loss 9.886437328532338e-05 old loss 0.00010134223703062162 BETTER
I0327 23:15:51.408757 2043360 finetune.py:68] layer 25_q @ epoch 0 new loss 8.867462020134553e-05 old loss 9.231455624103546e-05 BETTER
I0327 23:16:00.915451 2043290 finetune.py:68] layer 24_q @ epoch 2 new loss 6.506501813419163e-05 old loss 6.594835576834157e-05 BETTER
I0327 23:16:03.874075 2043500 finetune.py:68] layer 27_v @ epoch 2 new loss 9.461043373448774e-05 old loss 9.785700967768207e-05 BETTER
I0327 23:16:08.188002 2043430 finetune.py:68] layer 26_v @ epoch 4 new loss 9.697506175143644e-05 old loss 9.886437328532338e-05 BETTER
I0327 23:16:26.110527 2043360 finetune.py:68] layer 25_q @ epoch 1 new loss 8.655151032144204e-05 old loss 8.867462020134553e-05 BETTER
I0327 23:16:27.384807 2043430 finetune.py:45] layer 26_q initial loss 0.00011907803127542138
I0327 23:16:38.124055 2043290 finetune.py:68] layer 24_q @ epoch 3 new loss 6.442813173634931e-05 old loss 6.506501813419163e-05 BETTER
I0327 23:16:38.730366 2043500 finetune.py:68] layer 27_v @ epoch 3 new loss 9.266539564123377e-05 old loss 9.461043373448774e-05 BETTER
I0327 23:17:00.880945 2043360 finetune.py:68] layer 25_q @ epoch 2 new loss 8.502398122800514e-05 old loss 8.655151032144204e-05 BETTER
I0327 23:17:01.204943 2043430 finetune.py:68] layer 26_q @ epoch 0 new loss 0.00011585890024434775 old loss 0.00011907803127542138 BETTER
I0327 23:17:13.514181 2043500 finetune.py:68] layer 27_v @ epoch 4 new loss 9.111013059737161e-05 old loss 9.266539564123377e-05 BETTER
I0327 23:17:15.267424 2043290 finetune.py:68] layer 24_q @ epoch 4 new loss 6.381317507475615e-05 old loss 6.442813173634931e-05 BETTER
I0327 23:17:33.581187 2043290 finetune.py:45] layer 24_k initial loss 7.132536848075688e-05
I0327 23:17:33.898706 2043500 finetune.py:45] layer 27_q initial loss 0.00012567905650939792
I0327 23:17:36.158280 2043360 finetune.py:68] layer 25_q @ epoch 3 new loss 8.374901517527178e-05 old loss 8.502398122800514e-05 BETTER
I0327 23:17:36.775083 2043430 finetune.py:68] layer 26_q @ epoch 1 new loss 0.00011388835991965607 old loss 0.00011585890024434775 BETTER
I0327 23:18:07.499320 2043500 finetune.py:68] layer 27_q @ epoch 0 new loss 0.00012204508675495163 old loss 0.00012567905650939792 BETTER
I0327 23:18:08.939897 2043290 finetune.py:68] layer 24_k @ epoch 0 new loss 7.071771688060835e-05 old loss 7.132536848075688e-05 BETTER
I0327 23:18:11.049220 2043360 finetune.py:68] layer 25_q @ epoch 4 new loss 8.27158655738458e-05 old loss 8.374901517527178e-05 BETTER
I0327 23:18:11.726168 2043430 finetune.py:68] layer 26_q @ epoch 2 new loss 0.00011232314864173532 old loss 0.00011388835991965607 BETTER
I0327 23:18:29.309359 2043360 finetune.py:45] layer 25_k initial loss 9.57301672315225e-05
I0327 23:18:42.164969 2043500 finetune.py:68] layer 27_q @ epoch 1 new loss 0.00012015938409604132 old loss 0.00012204508675495163 BETTER
I0327 23:18:45.394022 2043290 finetune.py:68] layer 24_k @ epoch 1 new loss 7.024272053968161e-05 old loss 7.071771688060835e-05 BETTER
I0327 23:18:46.762105 2043430 finetune.py:68] layer 26_q @ epoch 3 new loss 0.0001109838267439045 old loss 0.00011232314864173532 BETTER
I0327 23:19:02.862075 2043360 finetune.py:68] layer 25_k @ epoch 0 new loss 9.443329327041283e-05 old loss 9.57301672315225e-05 BETTER
I0327 23:19:16.736527 2043500 finetune.py:68] layer 27_q @ epoch 2 new loss 0.00011875276686623693 old loss 0.00012015938409604132 BETTER
I0327 23:19:21.705443 2043430 finetune.py:68] layer 26_q @ epoch 4 new loss 0.00010990506416419521 old loss 0.0001109838267439045 BETTER
I0327 23:19:22.152342 2043290 finetune.py:68] layer 24_k @ epoch 2 new loss 6.988101085880771e-05 old loss 7.024272053968161e-05 BETTER
I0327 23:19:37.432347 2043360 finetune.py:68] layer 25_k @ epoch 1 new loss 9.361925185658038e-05 old loss 9.443329327041283e-05 BETTER
I0327 23:19:39.586446 2043430 finetune.py:45] layer 26_k initial loss 0.00011934898793697357
I0327 23:19:51.057922 2043500 finetune.py:68] layer 27_q @ epoch 3 new loss 0.00011757126776501536 old loss 0.00011875276686623693 BETTER
I0327 23:19:58.903559 2043290 finetune.py:68] layer 24_k @ epoch 3 new loss 6.952549301786348e-05 old loss 6.988101085880771e-05 BETTER
I0327 23:20:12.030230 2043360 finetune.py:68] layer 25_k @ epoch 2 new loss 9.291985770687461e-05 old loss 9.361925185658038e-05 BETTER
I0327 23:20:13.393095 2043430 finetune.py:68] layer 26_k @ epoch 0 new loss 0.00011803188681369647 old loss 0.00011934898793697357 BETTER
I0327 23:20:25.469496 2043500 finetune.py:68] layer 27_q @ epoch 4 new loss 0.0001166046058642678 old loss 0.00011757126776501536 BETTER
I0327 23:20:35.770932 2043290 finetune.py:68] layer 24_k @ epoch 4 new loss 6.925357592990622e-05 old loss 6.952549301786348e-05 BETTER
I0327 23:20:43.472553 2043500 finetune.py:45] layer 27_k initial loss 0.00013432599371299148
I0327 23:20:46.779927 2043360 finetune.py:68] layer 25_k @ epoch 3 new loss 9.23186307772994e-05 old loss 9.291985770687461e-05 BETTER
I0327 23:20:48.075618 2043430 finetune.py:68] layer 26_k @ epoch 1 new loss 0.00011713144340319559 old loss 0.00011803188681369647 BETTER
I0327 23:20:55.225367 2043290 finetune.py:45] layer 24_o initial loss 0.0001759795268299058
I0327 23:21:16.703895 2043500 finetune.py:68] layer 27_k @ epoch 0 new loss 0.00013263772416394204 old loss 0.00013432599371299148 BETTER
I0327 23:21:21.566198 2043360 finetune.py:68] layer 25_k @ epoch 4 new loss 9.181843051919714e-05 old loss 9.23186307772994e-05 BETTER
I0327 23:21:23.044448 2043430 finetune.py:68] layer 26_k @ epoch 2 new loss 0.00011628477659542114 old loss 0.00011713144340319559 BETTER
I0327 23:21:29.937377 2043290 finetune.py:68] layer 24_o @ epoch 0 new loss 0.00016238477837760001 old loss 0.0001759795268299058 BETTER
I0327 23:21:41.437285 2043360 finetune.py:45] layer 25_o initial loss 0.0002147894847439602
I0327 23:21:51.392871 2043500 finetune.py:68] layer 27_k @ epoch 1 new loss 0.00013170753663871437 old loss 0.00013263772416394204 BETTER
I0327 23:21:57.913596 2043430 finetune.py:68] layer 26_k @ epoch 3 new loss 0.0001156263897428289 old loss 0.00011628477659542114 BETTER
I0327 23:22:06.072853 2043290 finetune.py:68] layer 24_o @ epoch 1 new loss 0.00016042169590946287 old loss 0.00016238477837760001 BETTER
I0327 23:22:14.505706 2043360 finetune.py:68] layer 25_o @ epoch 0 new loss 0.00019699330732692033 old loss 0.0002147894847439602 BETTER
I0327 23:22:25.532951 2043500 finetune.py:68] layer 27_k @ epoch 2 new loss 0.0001309961371589452 old loss 0.00013170753663871437 BETTER
I0327 23:22:32.990609 2043430 finetune.py:68] layer 26_k @ epoch 4 new loss 0.00011499937681946903 old loss 0.0001156263897428289 BETTER
I0327 23:22:42.464394 2043290 finetune.py:68] layer 24_o @ epoch 2 new loss 0.00015920538862701505 old loss 0.00016042169590946287 BETTER
I0327 23:22:48.477697 2043360 finetune.py:68] layer 25_o @ epoch 1 new loss 0.00019424337369855493 old loss 0.00019699330732692033 BETTER
I0327 23:22:54.359970 2043430 finetune.py:45] layer 26_o initial loss 0.00027747932472266257
I0327 23:23:00.192113 2043500 finetune.py:68] layer 27_k @ epoch 3 new loss 0.00013039055920671672 old loss 0.0001309961371589452 BETTER
I0327 23:23:18.785745 2043290 finetune.py:68] layer 24_o @ epoch 3 new loss 0.00015831427299417555 old loss 0.00015920538862701505 BETTER
I0327 23:23:22.326661 2043360 finetune.py:68] layer 25_o @ epoch 2 new loss 0.0001925136602949351 old loss 0.00019424337369855493 BETTER
I0327 23:23:27.536203 2043430 finetune.py:68] layer 26_o @ epoch 0 new loss 0.00026055198395624757 old loss 0.00027747932472266257 BETTER
I0327 23:23:34.451522 2043500 finetune.py:68] layer 27_k @ epoch 4 new loss 0.00012988837261218578 old loss 0.00013039055920671672 BETTER
I0327 23:23:56.309653 2043500 finetune.py:45] layer 27_o initial loss 0.00032501635723747313
I0327 23:23:57.473873 2043290 finetune.py:68] layer 24_o @ epoch 4 new loss 0.00015759660163894296 old loss 0.00015831427299417555 BETTER
I0327 23:23:58.507706 2043360 finetune.py:68] layer 25_o @ epoch 3 new loss 0.00019121458171866834 old loss 0.0001925136602949351 BETTER
I0327 23:24:02.061436 2043430 finetune.py:68] layer 26_o @ epoch 1 new loss 0.0002573216916061938 old loss 0.00026055198395624757 BETTER
I0327 23:24:30.260041 2043500 finetune.py:68] layer 27_o @ epoch 0 new loss 0.00030636825249530375 old loss 0.00032501635723747313 BETTER
I0327 23:24:33.204467 2043290 finetune.py:45] layer 24_up initial loss 0.0005228290683589876
I0327 23:24:33.679519 2043360 finetune.py:68] layer 25_o @ epoch 4 new loss 0.00019016009173355997 old loss 0.00019121458171866834 BETTER
I0327 23:24:36.775007 2043430 finetune.py:68] layer 26_o @ epoch 2 new loss 0.00025506599922664464 old loss 0.0002573216916061938 BETTER
I0327 23:25:04.657998 2043500 finetune.py:68] layer 27_o @ epoch 1 new loss 0.00030273330048657954 old loss 0.00030636825249530375 BETTER
I0327 23:25:05.867949 2043290 finetune.py:68] layer 24_up @ epoch 0 new loss 0.0005167780327610672 old loss 0.0005228290683589876 BETTER
I0327 23:25:07.970958 2043360 finetune.py:45] layer 25_up initial loss 0.0006003062590025365
I0327 23:25:11.442673 2043430 finetune.py:68] layer 26_o @ epoch 3 new loss 0.00025327023467980325 old loss 0.00025506599922664464 BETTER
I0327 23:25:38.735435 2043500 finetune.py:68] layer 27_o @ epoch 2 new loss 0.0003002148005180061 old loss 0.00030273330048657954 BETTER
I0327 23:25:38.917483 2043360 finetune.py:68] layer 25_up @ epoch 0 new loss 0.0005934376968070865 old loss 0.0006003062590025365 BETTER
I0327 23:25:39.766729 2043290 finetune.py:68] layer 24_up @ epoch 1 new loss 0.0005127046024426818 old loss 0.0005167780327610672 BETTER
I0327 23:25:46.461307 2043430 finetune.py:68] layer 26_o @ epoch 4 new loss 0.0002518010442145169 old loss 0.00025327023467980325 BETTER
I0327 23:26:12.474439 2043360 finetune.py:68] layer 25_up @ epoch 1 new loss 0.000588847731705755 old loss 0.0005934376968070865 BETTER
I0327 23:26:13.393429 2043500 finetune.py:68] layer 27_o @ epoch 3 new loss 0.00029808582621626556 old loss 0.0003002148005180061 BETTER
I0327 23:26:14.797764 2043290 finetune.py:68] layer 24_up @ epoch 2 new loss 0.0005093571380712092 old loss 0.0005127046024426818 BETTER
I0327 23:26:21.995279 2043430 finetune.py:45] layer 26_up initial loss 0.0007319631986320019
I0327 23:26:45.486401 2043360 finetune.py:68] layer 25_up @ epoch 2 new loss 0.0005851149326190352 old loss 0.000588847731705755 BETTER
I0327 23:26:48.280044 2043500 finetune.py:68] layer 27_o @ epoch 4 new loss 0.00029642361914739013 old loss 0.00029808582621626556 BETTER
I0327 23:26:49.510423 2043290 finetune.py:68] layer 24_up @ epoch 3 new loss 0.0005064050783403218 old loss 0.0005093571380712092 BETTER
I0327 23:26:53.329126 2043430 finetune.py:68] layer 26_up @ epoch 0 new loss 0.000723948935046792 old loss 0.0007319631986320019 BETTER
I0327 23:27:18.364468 2043360 finetune.py:68] layer 25_up @ epoch 3 new loss 0.0005818451754748821 old loss 0.0005851149326190352 BETTER
I0327 23:27:23.644808 2043500 finetune.py:45] layer 27_up initial loss 0.0008582228911109269
I0327 23:27:24.501264 2043290 finetune.py:68] layer 24_up @ epoch 4 new loss 0.0005037928931415081 old loss 0.0005064050783403218 BETTER
I0327 23:27:26.242518 2043430 finetune.py:68] layer 26_up @ epoch 1 new loss 0.0007184304995462298 old loss 0.000723948935046792 BETTER
I0327 23:27:51.828914 2043360 finetune.py:68] layer 25_up @ epoch 4 new loss 0.0005789318238385022 old loss 0.0005818451754748821 BETTER
I0327 23:27:54.790938 2043500 finetune.py:68] layer 27_up @ epoch 0 new loss 0.0008482467965222895 old loss 0.0008582228911109269 BETTER
I0327 23:27:59.108974 2043430 finetune.py:68] layer 26_up @ epoch 2 new loss 0.0007138904766179621 old loss 0.0007184304995462298 BETTER
I0327 23:27:59.604454 2043290 finetune.py:45] layer 24_gate initial loss 0.0006665698019787669
I0327 23:28:27.637373 2043500 finetune.py:68] layer 27_up @ epoch 1 new loss 0.0008417125791311264 old loss 0.0008482467965222895 BETTER
I0327 23:28:29.050943 2043360 finetune.py:45] layer 25_gate initial loss 0.0007654217770323157
I0327 23:28:31.203786 2043290 finetune.py:68] layer 24_gate @ epoch 0 new loss 0.0006636092439293861 old loss 0.0006665698019787669 BETTER
I0327 23:28:32.768561 2043430 finetune.py:68] layer 26_up @ epoch 3 new loss 0.0007098802016116679 old loss 0.0007138904766179621 BETTER
I0327 23:28:57.935552 2043360 finetune.py:68] layer 25_gate @ epoch 0 new loss 0.0007621892727911472 old loss 0.0007654217770323157 BETTER
I0327 23:29:00.086799 2043500 finetune.py:68] layer 27_up @ epoch 2 new loss 0.0008363763918168843 old loss 0.0008417125791311264 BETTER
I0327 23:29:04.149694 2043290 finetune.py:68] layer 24_gate @ epoch 1 new loss 0.0006610752898268402 old loss 0.0006636092439293861 BETTER
I0327 23:29:06.139081 2043430 finetune.py:68] layer 26_up @ epoch 4 new loss 0.0007063364610075951 old loss 0.0007098802016116679 BETTER
I0327 23:29:27.839255 2043360 finetune.py:68] layer 25_gate @ epoch 1 new loss 0.000759453687351197 old loss 0.0007621892727911472 BETTER
I0327 23:29:32.461519 2043500 finetune.py:68] layer 27_up @ epoch 3 new loss 0.0008317329338751733 old loss 0.0008363763918168843 BETTER
I0327 23:29:36.164599 2043290 finetune.py:68] layer 24_gate @ epoch 2 new loss 0.000658840814139694 old loss 0.0006610752898268402 BETTER
I0327 23:29:42.406198 2043430 finetune.py:45] layer 26_gate initial loss 0.0009269929141737521
I0327 23:29:58.578991 2043360 finetune.py:68] layer 25_gate @ epoch 2 new loss 0.0007569954032078385 old loss 0.000759453687351197 BETTER
I0327 23:30:04.964252 2043500 finetune.py:68] layer 27_up @ epoch 4 new loss 0.0008274827850982547 old loss 0.0008317329338751733 BETTER
I0327 23:30:08.315195 2043290 finetune.py:68] layer 24_gate @ epoch 3 new loss 0.0006566966767422855 old loss 0.000658840814139694 BETTER
I0327 23:30:11.506328 2043430 finetune.py:68] layer 26_gate @ epoch 0 new loss 0.0009231118019670248 old loss 0.0009269929141737521 BETTER
I0327 23:30:29.093228 2043360 finetune.py:68] layer 25_gate @ epoch 3 new loss 0.000754720123950392 old loss 0.0007569954032078385 BETTER
I0327 23:30:41.217528 2043500 finetune.py:45] layer 27_gate initial loss 0.0011011718306690454
I0327 23:30:41.633386 2043290 finetune.py:68] layer 24_gate @ epoch 4 new loss 0.0006547566736117005 old loss 0.0006566966767422855 BETTER
I0327 23:30:42.867329 2043430 finetune.py:68] layer 26_gate @ epoch 1 new loss 0.000919899670407176 old loss 0.0009231118019670248 BETTER
I0327 23:30:59.397884 2043360 finetune.py:68] layer 25_gate @ epoch 4 new loss 0.0007526101544499397 old loss 0.000754720123950392 BETTER
I0327 23:31:09.286633 2043500 finetune.py:68] layer 27_gate @ epoch 0 new loss 0.0010963703971356153 old loss 0.0011011718306690454 BETTER
I0327 23:31:13.318948 2043430 finetune.py:68] layer 26_gate @ epoch 2 new loss 0.0009170100092887878 old loss 0.000919899670407176 BETTER
I0327 23:31:39.023404 2043500 finetune.py:68] layer 27_gate @ epoch 1 new loss 0.0010924518574029207 old loss 0.0010963703971356153 BETTER
I0327 23:31:41.268728 2043290 finetune.py:45] layer 24_down initial loss 0.0010971492156386375
I0327 23:31:44.099509 2043430 finetune.py:68] layer 26_gate @ epoch 3 new loss 0.0009142616181634367 old loss 0.0009170100092887878 BETTER
I0327 23:32:00.713708 2043360 finetune.py:45] layer 25_down initial loss 0.0012291291495785117
I0327 23:32:09.740910 2043290 finetune.py:68] layer 24_down @ epoch 0 new loss 0.001096988096833229 old loss 0.0010971492156386375 BETTER
I0327 23:32:09.743439 2043500 finetune.py:68] layer 27_gate @ epoch 2 new loss 0.0010889120167121291 old loss 0.0010924518574029207 BETTER
I0327 23:32:15.114994 2043430 finetune.py:68] layer 26_gate @ epoch 4 new loss 0.0009117896552197635 old loss 0.0009142616181634367 BETTER
I0327 23:32:27.267132 2043360 finetune.py:68] layer 25_down @ epoch 0 new loss 0.0012289879377931356 old loss 0.0012291291495785117 BETTER
I0327 23:32:39.997794 2043290 finetune.py:68] layer 24_down @ epoch 1 new loss 0.0010968385031446815 old loss 0.001096988096833229 BETTER
I0327 23:32:40.831338 2043500 finetune.py:68] layer 27_gate @ epoch 3 new loss 0.0010856539011001587 old loss 0.0010889120167121291 BETTER
I0327 23:32:54.979005 2043360 finetune.py:68] layer 25_down @ epoch 1 new loss 0.0012288519646972418 old loss 0.0012289879377931356 BETTER
I0327 23:33:10.265487 2043290 finetune.py:68] layer 24_down @ epoch 2 new loss 0.0010967005509883165 old loss 0.0010968385031446815 BETTER
I0327 23:33:11.693986 2043500 finetune.py:68] layer 27_gate @ epoch 4 new loss 0.0010826560901477933 old loss 0.0010856539011001587 BETTER
I0327 23:33:17.625558 2043430 finetune.py:45] layer 26_down initial loss 0.0014598005218431354
I0327 23:33:23.157304 2043360 finetune.py:68] layer 25_down @ epoch 2 new loss 0.001228725421242416 old loss 0.0012288519646972418 BETTER
I0327 23:33:39.923478 2043290 finetune.py:68] layer 24_down @ epoch 3 new loss 0.001096570398658514 old loss 0.0010967005509883165 BETTER
I0327 23:33:44.261204 2043430 finetune.py:68] layer 26_down @ epoch 0 new loss 0.0014596249675378203 old loss 0.0014598005218431354 BETTER
I0327 23:33:51.864050 2043360 finetune.py:68] layer 25_down @ epoch 3 new loss 0.0012286092387512326 old loss 0.001228725421242416 BETTER
I0327 23:34:09.733477 2043290 finetune.py:68] layer 24_down @ epoch 4 new loss 0.0010964535176753998 old loss 0.001096570398658514 BETTER
I0327 23:34:12.669742 2043430 finetune.py:68] layer 26_down @ epoch 1 new loss 0.001459464430809021 old loss 0.0014596249675378203 BETTER
24_v proxy err 0.046822674572467804 tr(WHW.T) 467.2783508300781
bpp_loss 2.18604642196442
24_q proxy err 0.004239802714437246 tr(WHW.T) 22489.564453125
bpp_loss 2.6282740585156716
24_k proxy err 0.0018941815942525864 tr(WHW.T) 14176.9169921875
bpp_loss 3.3020106917247176
24_o proxy err 0.05512185022234917 tr(WHW.T) 1599.4462890625
bpp_loss 2.117421621311223
24_up proxy err 0.05812004953622818 tr(WHW.T) 7311.74658203125
bpp_loss 2.1120959296489934
24_gate proxy err 0.01791580580174923 tr(WHW.T) 25721.349609375
bpp_loss 2.4707132933129157
24_down proxy err 0.05760100856423378 tr(WHW.T) 6819.56884765625
bpp_loss 2.1094061712335264
I0327 23:34:14.645897 2043500 finetune.py:45] layer 27_down initial loss 0.0017235138220712543
I0327 23:34:20.951802 2043360 finetune.py:68] layer 25_down @ epoch 4 new loss 0.0012284971307963133 old loss 0.0012286092387512326 BETTER
25_v proxy err 0.04040604829788208 tr(WHW.T) 557.8086547851562
bpp_loss 2.1988578415766824
25_q proxy err 0.003725675633177161 tr(WHW.T) 26173.96484375
bpp_loss 2.6113457356696017
25_k proxy err 0.0019083095248788595 tr(WHW.T) 14408.0673828125
bpp_loss 3.2823276472627185
25_o proxy err 0.046280637383461 tr(WHW.T) 1994.973388671875
bpp_loss 2.1157995216490235
25_up proxy err 0.05752328410744667 tr(WHW.T) 7392.43017578125
bpp_loss 2.1205513391510715
25_gate proxy err 0.017622938379645348 tr(WHW.T) 26156.763671875
bpp_loss 2.4782067739537785
25_down proxy err 0.057341646403074265 tr(WHW.T) 6695.52197265625
bpp_loss 2.1174167987441512
I0327 23:34:41.279525 2043430 finetune.py:68] layer 26_down @ epoch 2 new loss 0.0014593147207051516 old loss 0.001459464430809021 BETTER
I0327 23:34:41.335791 2043500 finetune.py:68] layer 27_down @ epoch 0 new loss 0.0017233239486813545 old loss 0.0017235138220712543 BETTER
I0327 23:35:08.394388 2043500 finetune.py:68] layer 27_down @ epoch 1 new loss 0.0017231538658961654 old loss 0.0017233239486813545 BETTER
I0327 23:35:09.000679 2043430 finetune.py:68] layer 26_down @ epoch 3 new loss 0.0014591736253350973 old loss 0.0014593147207051516 BETTER
I0327 23:35:31.519207 2041475 quantize_finetune_llama.py:240] computed original embedding for layer 28 in 65.61946988105774s
I0327 23:35:35.548990 2043500 finetune.py:68] layer 27_down @ epoch 2 new loss 0.001722995424643159 old loss 0.0017231538658961654 BETTER
I0327 23:35:35.670855 2043570 utils.py:146] Note: detected 128 virtual cores but NumExpr set to maximum of 64, check "NUMEXPR_MAX_THREADS" environment variable.
I0327 23:35:35.670955 2043570 utils.py:149] Note: NumExpr detected 128 cores but "NUMEXPR_MAX_THREADS" not set, so enforcing safe limit of 16.
I0327 23:35:35.670995 2043570 utils.py:162] NumExpr defaulting to 16 threads.
I0327 23:35:36.061074 2043570 config.py:54] PyTorch version 2.6.0 available.
W0327 23:35:36.272160 2043570 warnings.py:109] /opt/conda/lib/python3.10/site-packages/torchvision/io/image.py:13: UserWarning: Failed to load image Python extension: '/opt/conda/lib/python3.10/site-packages/torchvision/image.so: undefined symbol: _ZN3c1017RegisterOperatorsD1Ev'If you don't plan on using image functionality from `torchvision.io`, you can ignore this warning. Otherwise, there might be something wrong with your environment. Did you have `libjpeg` or `libpng` installed before building `torchvision` from source?
  warn(

W0327 23:35:36.920339 2043570 warnings.py:109] /opt/conda/lib/python3.10/site-packages/compressai/models/video/google.py:353: FutureWarning: `torch.cuda.amp.autocast(args...)` is deprecated. Please use `torch.amp.autocast('cuda', args...)` instead.
  @amp.autocast(enabled=False)

I0327 23:35:36.924324 2041475 quantize_finetune_llama.py:209] layer 29 gpu 1
I0327 23:35:36.941230 2043570 data_utils.py:336] using 256 training seqs, 128 validation seqs
I0327 23:35:37.107123 2043430 finetune.py:68] layer 26_down @ epoch 4 new loss 0.0014590484788641334 old loss 0.0014591736253350973 BETTER
26_v proxy err 0.04967596381902695 tr(WHW.T) 434.54583740234375
bpp_loss 2.24074423770071
26_q proxy err 0.004314655438065529 tr(WHW.T) 21428.9609375
bpp_loss 2.6203189757070504
26_k proxy err 0.0017097099917009473 tr(WHW.T) 15408.759765625
bpp_loss 3.3558078939677216
26_o proxy err 0.033510722219944 tr(WHW.T) 2391.775634765625
bpp_loss 2.1339941407204606
26_up proxy err 0.05559805408120155 tr(WHW.T) 7661.7265625
bpp_loss 2.1295814342198094
26_gate proxy err 0.016021428629755974 tr(WHW.T) 28810.353515625
bpp_loss 2.482707888919062
26_down proxy err 0.05745677277445793 tr(WHW.T) 6695.96923828125
bpp_loss 2.124610807122995
The attention layers in this model are transitioning from computing the RoPE embeddings internally through `position_ids` (2D tensor with the indexes of the tokens), to using externally computed `position_embeddings` (Tuple of tensors, containing cos and sin). In v4.46 `position_ids` will be removed and `position_embeddings` will be mandatory.
I0327 23:35:54.036586 2043570 finetune.py:45] layer 28_v initial loss 0.00035962951369583607
W0327 23:35:54.036865 2043570 warnings.py:109] /workspace/Weight_compression/comp_lm_qtip/lib/algo/finetune.py:46: FutureWarning: `torch.cuda.amp.GradScaler(args...)` is deprecated. Please use `torch.amp.GradScaler('cuda', args...)` instead.
  scaler = torch.cuda.amp.GradScaler(enabled=(orig_dtype==torch.float16))

I0327 23:36:02.982581 2043500 finetune.py:68] layer 27_down @ epoch 3 new loss 0.0017228471115231514 old loss 0.001722995424643159 BETTER
I0327 23:36:29.329648 2043570 finetune.py:68] layer 28_v @ epoch 0 new loss 0.00014867661229800433 old loss 0.00035962951369583607 BETTER
I0327 23:36:30.454684 2043500 finetune.py:68] layer 27_down @ epoch 4 new loss 0.0017227069474756718 old loss 0.0017228471115231514 BETTER
27_v proxy err 0.034560173749923706 tr(WHW.T) 677.69384765625
bpp_loss 2.3256026072776876
27_q proxy err 0.0045987446792423725 tr(WHW.T) 21336.61328125
bpp_loss 2.591570874705212
27_k proxy err 0.0019928652327507734 tr(WHW.T) 14007.4306640625
bpp_loss 3.3138012186973356
27_o proxy err 0.04002055898308754 tr(WHW.T) 2168.962158203125
bpp_loss 2.1707173867034726
27_up proxy err 0.050790537148714066 tr(WHW.T) 8483.0380859375
bpp_loss 2.144100204309715
27_gate proxy err 0.014278020709753036 tr(WHW.T) 32658.076171875
bpp_loss 2.4914747885361845
27_down proxy err 0.04779297485947609 tr(WHW.T) 6620.2216796875
bpp_loss 2.1350023896250474
I0327 23:36:43.005713 2041475 quantize_finetune_llama.py:240] computed original embedding for layer 29 in 61.59890127182007s
I0327 23:36:46.535719 2043640 utils.py:146] Note: detected 128 virtual cores but NumExpr set to maximum of 64, check "NUMEXPR_MAX_THREADS" environment variable.
I0327 23:36:46.535835 2043640 utils.py:149] Note: NumExpr detected 128 cores but "NUMEXPR_MAX_THREADS" not set, so enforcing safe limit of 16.
I0327 23:36:46.535876 2043640 utils.py:162] NumExpr defaulting to 16 threads.
I0327 23:36:46.867282 2043640 config.py:54] PyTorch version 2.6.0 available.
W0327 23:36:47.055989 2043640 warnings.py:109] /opt/conda/lib/python3.10/site-packages/torchvision/io/image.py:13: UserWarning: Failed to load image Python extension: '/opt/conda/lib/python3.10/site-packages/torchvision/image.so: undefined symbol: _ZN3c1017RegisterOperatorsD1Ev'If you don't plan on using image functionality from `torchvision.io`, you can ignore this warning. Otherwise, there might be something wrong with your environment. Did you have `libjpeg` or `libpng` installed before building `torchvision` from source?
  warn(

W0327 23:36:47.614416 2043640 warnings.py:109] /opt/conda/lib/python3.10/site-packages/compressai/models/video/google.py:353: FutureWarning: `torch.cuda.amp.autocast(args...)` is deprecated. Please use `torch.amp.autocast('cuda', args...)` instead.
  @amp.autocast(enabled=False)

I0327 23:36:47.617905 2041475 quantize_finetune_llama.py:209] layer 30 gpu 2
I0327 23:36:47.630697 2043640 data_utils.py:336] using 256 training seqs, 128 validation seqs
The attention layers in this model are transitioning from computing the RoPE embeddings internally through `position_ids` (2D tensor with the indexes of the tokens), to using externally computed `position_embeddings` (Tuple of tensors, containing cos and sin). In v4.46 `position_ids` will be removed and `position_embeddings` will be mandatory.
I0327 23:37:04.174032 2043640 finetune.py:45] layer 29_v initial loss 0.00045633703120984137
W0327 23:37:04.174282 2043640 warnings.py:109] /workspace/Weight_compression/comp_lm_qtip/lib/algo/finetune.py:46: FutureWarning: `torch.cuda.amp.GradScaler(args...)` is deprecated. Please use `torch.amp.GradScaler('cuda', args...)` instead.
  scaler = torch.cuda.amp.GradScaler(enabled=(orig_dtype==torch.float16))

I0327 23:37:06.242608 2043570 finetune.py:68] layer 28_v @ epoch 1 new loss 0.00014052317419555038 old loss 0.00014867661229800433 BETTER
I0327 23:37:37.573629 2043640 finetune.py:68] layer 29_v @ epoch 0 new loss 0.00017347399261780083 old loss 0.00045633703120984137 BETTER
I0327 23:37:43.167690 2043570 finetune.py:68] layer 28_v @ epoch 2 new loss 0.00013642052363138646 old loss 0.00014052317419555038 BETTER
I0327 23:37:49.839519 2041475 quantize_finetune_llama.py:240] computed original embedding for layer 30 in 61.78098464012146s
I0327 23:37:53.586940 2043710 utils.py:146] Note: detected 128 virtual cores but NumExpr set to maximum of 64, check "NUMEXPR_MAX_THREADS" environment variable.
I0327 23:37:53.587039 2043710 utils.py:149] Note: NumExpr detected 128 cores but "NUMEXPR_MAX_THREADS" not set, so enforcing safe limit of 16.
I0327 23:37:53.587078 2043710 utils.py:162] NumExpr defaulting to 16 threads.
I0327 23:37:53.940284 2043710 config.py:54] PyTorch version 2.6.0 available.
W0327 23:37:54.129461 2043710 warnings.py:109] /opt/conda/lib/python3.10/site-packages/torchvision/io/image.py:13: UserWarning: Failed to load image Python extension: '/opt/conda/lib/python3.10/site-packages/torchvision/image.so: undefined symbol: _ZN3c1017RegisterOperatorsD1Ev'If you don't plan on using image functionality from `torchvision.io`, you can ignore this warning. Otherwise, there might be something wrong with your environment. Did you have `libjpeg` or `libpng` installed before building `torchvision` from source?
  warn(

W0327 23:37:54.707580 2043710 warnings.py:109] /opt/conda/lib/python3.10/site-packages/compressai/models/video/google.py:353: FutureWarning: `torch.cuda.amp.autocast(args...)` is deprecated. Please use `torch.amp.autocast('cuda', args...)` instead.
  @amp.autocast(enabled=False)

I0327 23:37:54.711735 2041475 quantize_finetune_llama.py:209] layer 31 gpu 3
I0327 23:37:54.730496 2043710 data_utils.py:336] using 256 training seqs, 128 validation seqs
The attention layers in this model are transitioning from computing the RoPE embeddings internally through `position_ids` (2D tensor with the indexes of the tokens), to using externally computed `position_embeddings` (Tuple of tensors, containing cos and sin). In v4.46 `position_ids` will be removed and `position_embeddings` will be mandatory.
I0327 23:38:11.341696 2043710 finetune.py:45] layer 30_v initial loss 0.0005302850040607154
W0327 23:38:11.342040 2043710 warnings.py:109] /workspace/Weight_compression/comp_lm_qtip/lib/algo/finetune.py:46: FutureWarning: `torch.cuda.amp.GradScaler(args...)` is deprecated. Please use `torch.amp.GradScaler('cuda', args...)` instead.
  scaler = torch.cuda.amp.GradScaler(enabled=(orig_dtype==torch.float16))

I0327 23:38:12.012588 2043640 finetune.py:68] layer 29_v @ epoch 1 new loss 0.0001644128788029775 old loss 0.00017347399261780083 BETTER
I0327 23:38:20.163071 2043570 finetune.py:68] layer 28_v @ epoch 3 new loss 0.00013357972784433514 old loss 0.00013642052363138646 BETTER
I0327 23:38:45.004102 2043710 finetune.py:68] layer 30_v @ epoch 0 new loss 0.0002952931681647897 old loss 0.0005302850040607154 BETTER
I0327 23:38:46.875237 2043640 finetune.py:68] layer 29_v @ epoch 2 new loss 0.00015971048560459167 old loss 0.0001644128788029775 BETTER
I0327 23:38:51.178896 2041475 quantize_finetune_llama.py:240] computed original embedding for layer 31 in 56.002326250076294s
I0327 23:38:55.093583 2043780 utils.py:146] Note: detected 128 virtual cores but NumExpr set to maximum of 64, check "NUMEXPR_MAX_THREADS" environment variable.
I0327 23:38:55.093698 2043780 utils.py:149] Note: NumExpr detected 128 cores but "NUMEXPR_MAX_THREADS" not set, so enforcing safe limit of 16.
I0327 23:38:55.093745 2043780 utils.py:162] NumExpr defaulting to 16 threads.
I0327 23:38:55.448030 2043780 config.py:54] PyTorch version 2.6.0 available.
W0327 23:38:55.670086 2043780 warnings.py:109] /opt/conda/lib/python3.10/site-packages/torchvision/io/image.py:13: UserWarning: Failed to load image Python extension: '/opt/conda/lib/python3.10/site-packages/torchvision/image.so: undefined symbol: _ZN3c1017RegisterOperatorsD1Ev'If you don't plan on using image functionality from `torchvision.io`, you can ignore this warning. Otherwise, there might be something wrong with your environment. Did you have `libjpeg` or `libpng` installed before building `torchvision` from source?
  warn(

W0327 23:38:56.303482 2043780 warnings.py:109] /opt/conda/lib/python3.10/site-packages/compressai/models/video/google.py:353: FutureWarning: `torch.cuda.amp.autocast(args...)` is deprecated. Please use `torch.amp.autocast('cuda', args...)` instead.
  @amp.autocast(enabled=False)

I0327 23:38:56.320329 2043780 data_utils.py:336] using 256 training seqs, 128 validation seqs
I0327 23:38:57.225253 2043570 finetune.py:68] layer 28_v @ epoch 4 new loss 0.0001316330599365756 old loss 0.00013357972784433514 BETTER
The attention layers in this model are transitioning from computing the RoPE embeddings internally through `position_ids` (2D tensor with the indexes of the tokens), to using externally computed `position_embeddings` (Tuple of tensors, containing cos and sin). In v4.46 `position_ids` will be removed and `position_embeddings` will be mandatory.
I0327 23:39:15.163056 2043780 finetune.py:45] layer 31_v initial loss 0.0008191267843358219
W0327 23:39:15.163310 2043780 warnings.py:109] /workspace/Weight_compression/comp_lm_qtip/lib/algo/finetune.py:46: FutureWarning: `torch.cuda.amp.GradScaler(args...)` is deprecated. Please use `torch.amp.GradScaler('cuda', args...)` instead.
  scaler = torch.cuda.amp.GradScaler(enabled=(orig_dtype==torch.float16))

I0327 23:39:18.295561 2043570 finetune.py:45] layer 28_q initial loss 0.00017174688400700688
I0327 23:39:20.802591 2043710 finetune.py:68] layer 30_v @ epoch 1 new loss 0.00028217246290296316 old loss 0.0002952931681647897 BETTER
I0327 23:39:22.722906 2043640 finetune.py:68] layer 29_v @ epoch 3 new loss 0.00015712107415311038 old loss 0.00015971048560459167 BETTER
