I0328 14:57:46.740486 2312815 finetune.py:68] layer 23_gate @ epoch 2 new loss 5.974720261292532e-05 old loss 6.0003469116054475e-05 BETTER
I0328 14:57:50.101435 2312745 finetune.py:68] layer 22_gate @ epoch 4 new loss 5.431448880699463e-05 old loss 5.453688572742976e-05 BETTER
I0328 14:57:58.075358 2312675 finetune.py:68] layer 21_down @ epoch 0 new loss 9.49322638916783e-05 old loss 9.49335953919217e-05 BETTER
I0328 14:58:09.055284 2312605 finetune.py:68] layer 20_down @ epoch 1 new loss 8.173780224751681e-05 old loss 8.173893002094701e-05 BETTER
I0328 14:58:16.232944 2312815 finetune.py:68] layer 23_gate @ epoch 3 new loss 5.95191158936359e-05 old loss 5.974720261292532e-05 BETTER
I0328 14:58:25.155472 2312675 finetune.py:68] layer 21_down @ epoch 1 new loss 9.493121615378186e-05 old loss 9.49322638916783e-05 BETTER
I0328 14:58:38.012042 2312605 finetune.py:68] layer 20_down @ epoch 2 new loss 8.17370237200521e-05 old loss 8.173780224751681e-05 BETTER
I0328 14:58:45.537677 2312815 finetune.py:68] layer 23_gate @ epoch 4 new loss 5.9322366723790765e-05 old loss 5.95191158936359e-05 BETTER
I0328 14:58:47.387698 2312745 finetune.py:45] layer 22_down initial loss 9.903912723530084e-05
I0328 14:58:52.583247 2312675 finetune.py:68] layer 21_down @ epoch 2 new loss 9.493018296780065e-05 old loss 9.493121615378186e-05 BETTER
I0328 14:59:07.228015 2312605 finetune.py:68] layer 20_down @ epoch 3 new loss 8.17361069493927e-05 old loss 8.17370237200521e-05 BETTER
I0328 14:59:13.573657 2312745 finetune.py:68] layer 22_down @ epoch 0 new loss 9.90377229754813e-05 old loss 9.903912723530084e-05 BETTER
I0328 14:59:20.049559 2312675 finetune.py:68] layer 21_down @ epoch 3 new loss 9.492946264799684e-05 old loss 9.493018296780065e-05 BETTER
I0328 14:59:36.593565 2312605 finetune.py:68] layer 20_down @ epoch 4 new loss 8.17356922198087e-05 old loss 8.17361069493927e-05 BETTER
20_v proxy err 0.006745405960828066 tr(WHW.T) 330.192138671875
bpp_loss 3.6089831505087204
20_q proxy err 0.0004612554039340466 tr(WHW.T) 20742.044921875
bpp_loss 4.408401930239052
20_k proxy err 0.00018219648336526006 tr(WHW.T) 15390.7412109375
bpp_loss 5.349392196396366
20_o proxy err 0.007462187670171261 tr(WHW.T) 1206.2579345703125
bpp_loss 3.647300444135908
20_up proxy err 0.005770571995526552 tr(WHW.T) 7602.451171875
bpp_loss 3.7370697491403138
20_gate proxy err 0.001464869361370802 tr(WHW.T) 30656.3828125
bpp_loss 4.1255158785996695
20_down proxy err 0.006463497411459684 tr(WHW.T) 6312.9794921875
bpp_loss 3.732740713832235
I0328 14:59:41.135190 2312745 finetune.py:68] layer 22_down @ epoch 1 new loss 9.903675527311862e-05 old loss 9.90377229754813e-05 BETTER
I0328 14:59:45.714442 2312815 finetune.py:45] layer 23_down initial loss 0.0001069453137461096
I0328 14:59:48.145838 2312675 finetune.py:68] layer 21_down @ epoch 4 new loss 9.492899698670954e-05 old loss 9.492946264799684e-05 BETTER
21_v proxy err 0.006231190171092749 tr(WHW.T) 362.87310791015625
bpp_loss 3.6345796978566796
21_q proxy err 0.0003749222378246486 tr(WHW.T) 25845.17578125
bpp_loss 4.404458460514434
21_k proxy err 0.00016740287537686527 tr(WHW.T) 16781.7265625
bpp_loss 5.394161853357218
21_o proxy err 0.005060584284365177 tr(WHW.T) 1268.4730224609375
bpp_loss 3.666865906561725
21_up proxy err 0.005541905295103788 tr(WHW.T) 7772.787109375
bpp_loss 3.7399764115523015
21_gate proxy err 0.0013998609501868486 tr(WHW.T) 31535.693359375
bpp_loss 4.137524236525808
21_down proxy err 0.006093364208936691 tr(WHW.T) 6363.75537109375
bpp_loss 3.7338251442083026
I0328 15:00:09.359731 2312745 finetune.py:68] layer 22_down @ epoch 2 new loss 9.903573663905263e-05 old loss 9.903675527311862e-05 BETTER
I0328 15:00:11.708989 2312815 finetune.py:68] layer 23_down @ epoch 0 new loss 0.00010694374941522256 old loss 0.0001069453137461096 BETTER
I0328 15:00:37.142594 2312745 finetune.py:68] layer 22_down @ epoch 3 new loss 9.903492173179984e-05 old loss 9.903573663905263e-05 BETTER
I0328 15:00:38.585422 2312815 finetune.py:68] layer 23_down @ epoch 1 new loss 0.00010694232332753018 old loss 0.00010694374941522256 BETTER
I0328 15:00:52.674977 2311068 quantize_finetune_llama.py:240] computed original embedding for layer 24 in 59.526700019836426s
I0328 15:00:56.452599 2312885 utils.py:146] Note: detected 128 virtual cores but NumExpr set to maximum of 64, check "NUMEXPR_MAX_THREADS" environment variable.
I0328 15:00:56.452758 2312885 utils.py:149] Note: NumExpr detected 128 cores but "NUMEXPR_MAX_THREADS" not set, so enforcing safe limit of 16.
I0328 15:00:56.452799 2312885 utils.py:162] NumExpr defaulting to 16 threads.
I0328 15:00:56.813312 2312885 config.py:54] PyTorch version 2.6.0 available.
W0328 15:00:57.030246 2312885 warnings.py:109] /opt/conda/lib/python3.10/site-packages/torchvision/io/image.py:13: UserWarning: Failed to load image Python extension: '/opt/conda/lib/python3.10/site-packages/torchvision/image.so: undefined symbol: _ZN3c1017RegisterOperatorsD1Ev'If you don't plan on using image functionality from `torchvision.io`, you can ignore this warning. Otherwise, there might be something wrong with your environment. Did you have `libjpeg` or `libpng` installed before building `torchvision` from source?
  warn(

W0328 15:00:57.637088 2312885 warnings.py:109] /opt/conda/lib/python3.10/site-packages/compressai/models/video/google.py:353: FutureWarning: `torch.cuda.amp.autocast(args...)` is deprecated. Please use `torch.amp.autocast('cuda', args...)` instead.
  @amp.autocast(enabled=False)

I0328 15:00:57.641222 2311068 quantize_finetune_llama.py:209] layer 25 gpu 1
I0328 15:00:57.660439 2312885 data_utils.py:336] using 256 training seqs, 128 validation seqs
I0328 15:01:04.959718 2312745 finetune.py:68] layer 22_down @ epoch 4 new loss 9.903419413603842e-05 old loss 9.903492173179984e-05 BETTER
I0328 15:01:05.639310 2312815 finetune.py:68] layer 23_down @ epoch 2 new loss 0.00010694144293665886 old loss 0.00010694232332753018 BETTER
22_v proxy err 0.006179550662636757 tr(WHW.T) 346.0789489746094
bpp_loss 3.6849318064632826
22_q proxy err 0.0004491245490498841 tr(WHW.T) 20326.59765625
bpp_loss 4.36279835482128
22_k proxy err 0.00018323783297091722 tr(WHW.T) 14721.00390625
bpp_loss 5.325556579511613
22_o proxy err 0.006964760832488537 tr(WHW.T) 1222.267333984375
bpp_loss 3.6940764919272624
22_up proxy err 0.005771930795162916 tr(WHW.T) 7548.646484375
bpp_loss 3.7441105845916485
22_gate proxy err 0.0015117530710995197 tr(WHW.T) 29524.259765625
bpp_loss 4.141195899341255
22_down proxy err 0.006111132446676493 tr(WHW.T) 6541.99169921875
bpp_loss 3.73939192153713
The attention layers in this model are transitioning from computing the RoPE embeddings internally through `position_ids` (2D tensor with the indexes of the tokens), to using externally computed `position_embeddings` (Tuple of tensors, containing cos and sin). In v4.46 `position_ids` will be removed and `position_embeddings` will be mandatory.
I0328 15:01:15.043361 2312885 finetune.py:45] layer 24_v initial loss 3.0096045520622283e-05
W0328 15:01:15.043585 2312885 warnings.py:109] /workspace/Weight_compression/comp_lm_qtip/lib/algo/finetune.py:46: FutureWarning: `torch.cuda.amp.GradScaler(args...)` is deprecated. Please use `torch.amp.GradScaler('cuda', args...)` instead.
  scaler = torch.cuda.amp.GradScaler(enabled=(orig_dtype==torch.float16))

I0328 15:01:32.789546 2312815 finetune.py:68] layer 23_down @ epoch 3 new loss 0.00010694063530536368 old loss 0.00010694144293665886 BETTER
I0328 15:01:50.039550 2312885 finetune.py:68] layer 24_v @ epoch 0 new loss 7.239844762807479e-06 old loss 3.0096045520622283e-05 BETTER
I0328 15:02:00.051848 2312815 finetune.py:68] layer 23_down @ epoch 4 new loss 0.00010693974763853475 old loss 0.00010694063530536368 BETTER
23_v proxy err 0.005791909992694855 tr(WHW.T) 397.90704345703125
bpp_loss 3.7374452096410096
23_q proxy err 0.00043328534229658544 tr(WHW.T) 22617.953125
bpp_loss 4.375116075621918
23_k proxy err 0.00019021541811525822 tr(WHW.T) 14856.1669921875
bpp_loss 5.328166205435991
23_o proxy err 0.0058890110813081264 tr(WHW.T) 1744.0814208984375
bpp_loss 3.7169787303428166
23_up proxy err 0.005868909880518913 tr(WHW.T) 7419.701171875
bpp_loss 3.7480804060718844
23_gate proxy err 0.0016353405080735683 tr(WHW.T) 27263.359375
bpp_loss 4.143552054251943
23_down proxy err 0.006117255426943302 tr(WHW.T) 6679.88232421875
bpp_loss 3.744684297242202
I0328 15:02:14.631360 2311068 quantize_finetune_llama.py:240] computed original embedding for layer 25 in 65.01565408706665s
I0328 15:02:18.248386 2312955 utils.py:146] Note: detected 128 virtual cores but NumExpr set to maximum of 64, check "NUMEXPR_MAX_THREADS" environment variable.
I0328 15:02:18.248483 2312955 utils.py:149] Note: NumExpr detected 128 cores but "NUMEXPR_MAX_THREADS" not set, so enforcing safe limit of 16.
I0328 15:02:18.248526 2312955 utils.py:162] NumExpr defaulting to 16 threads.
I0328 15:02:18.582246 2312955 config.py:54] PyTorch version 2.6.0 available.
W0328 15:02:18.788559 2312955 warnings.py:109] /opt/conda/lib/python3.10/site-packages/torchvision/io/image.py:13: UserWarning: Failed to load image Python extension: '/opt/conda/lib/python3.10/site-packages/torchvision/image.so: undefined symbol: _ZN3c1017RegisterOperatorsD1Ev'If you don't plan on using image functionality from `torchvision.io`, you can ignore this warning. Otherwise, there might be something wrong with your environment. Did you have `libjpeg` or `libpng` installed before building `torchvision` from source?
  warn(

W0328 15:02:19.467143 2312955 warnings.py:109] /opt/conda/lib/python3.10/site-packages/compressai/models/video/google.py:353: FutureWarning: `torch.cuda.amp.autocast(args...)` is deprecated. Please use `torch.amp.autocast('cuda', args...)` instead.
  @amp.autocast(enabled=False)

I0328 15:02:19.471316 2311068 quantize_finetune_llama.py:209] layer 26 gpu 2
I0328 15:02:19.484754 2312955 data_utils.py:336] using 256 training seqs, 128 validation seqs
I0328 15:02:26.751135 2312885 finetune.py:68] layer 24_v @ epoch 1 new loss 6.304991984507069e-06 old loss 7.239844762807479e-06 BETTER
The attention layers in this model are transitioning from computing the RoPE embeddings internally through `position_ids` (2D tensor with the indexes of the tokens), to using externally computed `position_embeddings` (Tuple of tensors, containing cos and sin). In v4.46 `position_ids` will be removed and `position_embeddings` will be mandatory.
I0328 15:02:36.940723 2312955 finetune.py:45] layer 25_v initial loss 3.391340214875527e-05
W0328 15:02:36.941192 2312955 warnings.py:109] /workspace/Weight_compression/comp_lm_qtip/lib/algo/finetune.py:46: FutureWarning: `torch.cuda.amp.GradScaler(args...)` is deprecated. Please use `torch.amp.GradScaler('cuda', args...)` instead.
  scaler = torch.cuda.amp.GradScaler(enabled=(orig_dtype==torch.float16))

I0328 15:03:03.799775 2312885 finetune.py:68] layer 24_v @ epoch 2 new loss 6.001904239383293e-06 old loss 6.304991984507069e-06 BETTER
I0328 15:03:10.200536 2312955 finetune.py:68] layer 25_v @ epoch 0 new loss 8.341134162037633e-06 old loss 3.391340214875527e-05 BETTER
I0328 15:03:24.272420 2311068 quantize_finetune_llama.py:240] computed original embedding for layer 26 in 64.33896470069885s
I0328 15:03:28.119367 2313025 utils.py:146] Note: detected 128 virtual cores but NumExpr set to maximum of 64, check "NUMEXPR_MAX_THREADS" environment variable.
I0328 15:03:28.119464 2313025 utils.py:149] Note: NumExpr detected 128 cores but "NUMEXPR_MAX_THREADS" not set, so enforcing safe limit of 16.
I0328 15:03:28.119502 2313025 utils.py:162] NumExpr defaulting to 16 threads.
I0328 15:03:28.479102 2313025 config.py:54] PyTorch version 2.6.0 available.
W0328 15:03:28.676109 2313025 warnings.py:109] /opt/conda/lib/python3.10/site-packages/torchvision/io/image.py:13: UserWarning: Failed to load image Python extension: '/opt/conda/lib/python3.10/site-packages/torchvision/image.so: undefined symbol: _ZN3c1017RegisterOperatorsD1Ev'If you don't plan on using image functionality from `torchvision.io`, you can ignore this warning. Otherwise, there might be something wrong with your environment. Did you have `libjpeg` or `libpng` installed before building `torchvision` from source?
  warn(

W0328 15:03:29.271700 2313025 warnings.py:109] /opt/conda/lib/python3.10/site-packages/compressai/models/video/google.py:353: FutureWarning: `torch.cuda.amp.autocast(args...)` is deprecated. Please use `torch.amp.autocast('cuda', args...)` instead.
  @amp.autocast(enabled=False)

I0328 15:03:29.276456 2311068 quantize_finetune_llama.py:209] layer 27 gpu 3
I0328 15:03:29.296957 2313025 data_utils.py:336] using 256 training seqs, 128 validation seqs
I0328 15:03:41.043089 2312885 finetune.py:68] layer 24_v @ epoch 3 new loss 5.83201062909211e-06 old loss 6.001904239383293e-06 BETTER
The attention layers in this model are transitioning from computing the RoPE embeddings internally through `position_ids` (2D tensor with the indexes of the tokens), to using externally computed `position_embeddings` (Tuple of tensors, containing cos and sin). In v4.46 `position_ids` will be removed and `position_embeddings` will be mandatory.
I0328 15:03:44.696246 2312955 finetune.py:68] layer 25_v @ epoch 1 new loss 7.4381182457727846e-06 old loss 8.341134162037633e-06 BETTER
I0328 15:03:47.457894 2313025 finetune.py:45] layer 26_v initial loss 3.202493462595157e-05
W0328 15:03:47.458295 2313025 warnings.py:109] /workspace/Weight_compression/comp_lm_qtip/lib/algo/finetune.py:46: FutureWarning: `torch.cuda.amp.GradScaler(args...)` is deprecated. Please use `torch.amp.GradScaler('cuda', args...)` instead.
  scaler = torch.cuda.amp.GradScaler(enabled=(orig_dtype==torch.float16))

I0328 15:04:18.435616 2312885 finetune.py:68] layer 24_v @ epoch 4 new loss 5.715598945243983e-06 old loss 5.83201062909211e-06 BETTER
I0328 15:04:20.018205 2312955 finetune.py:68] layer 25_v @ epoch 2 new loss 7.019297299848404e-06 old loss 7.4381182457727846e-06 BETTER
I0328 15:04:21.282506 2313025 finetune.py:68] layer 26_v @ epoch 0 new loss 1.148656247096369e-05 old loss 3.202493462595157e-05 BETTER
I0328 15:04:35.250556 2311068 quantize_finetune_llama.py:240] computed original embedding for layer 27 in 65.52569031715393s
I0328 15:04:38.824828 2312885 finetune.py:45] layer 24_q initial loss 7.132966402423335e-06
I0328 15:04:39.276277 2313095 utils.py:146] Note: detected 128 virtual cores but NumExpr set to maximum of 64, check "NUMEXPR_MAX_THREADS" environment variable.
I0328 15:04:39.276369 2313095 utils.py:149] Note: NumExpr detected 128 cores but "NUMEXPR_MAX_THREADS" not set, so enforcing safe limit of 16.
I0328 15:04:39.276409 2313095 utils.py:162] NumExpr defaulting to 16 threads.
I0328 15:04:39.648737 2313095 config.py:54] PyTorch version 2.6.0 available.
W0328 15:04:39.847743 2313095 warnings.py:109] /opt/conda/lib/python3.10/site-packages/torchvision/io/image.py:13: UserWarning: Failed to load image Python extension: '/opt/conda/lib/python3.10/site-packages/torchvision/image.so: undefined symbol: _ZN3c1017RegisterOperatorsD1Ev'If you don't plan on using image functionality from `torchvision.io`, you can ignore this warning. Otherwise, there might be something wrong with your environment. Did you have `libjpeg` or `libpng` installed before building `torchvision` from source?
  warn(

W0328 15:04:40.467003 2313095 warnings.py:109] /opt/conda/lib/python3.10/site-packages/compressai/models/video/google.py:353: FutureWarning: `torch.cuda.amp.autocast(args...)` is deprecated. Please use `torch.amp.autocast('cuda', args...)` instead.
  @amp.autocast(enabled=False)

I0328 15:04:40.470818 2311068 quantize_finetune_llama.py:209] layer 28 gpu 0
I0328 15:04:40.484321 2313095 data_utils.py:336] using 256 training seqs, 128 validation seqs
The attention layers in this model are transitioning from computing the RoPE embeddings internally through `position_ids` (2D tensor with the indexes of the tokens), to using externally computed `position_embeddings` (Tuple of tensors, containing cos and sin). In v4.46 `position_ids` will be removed and `position_embeddings` will be mandatory.
I0328 15:04:55.086129 2312955 finetune.py:68] layer 25_v @ epoch 3 new loss 6.980257239774801e-06 old loss 7.019297299848404e-06 BETTER
I0328 15:04:55.927897 2313025 finetune.py:68] layer 26_v @ epoch 1 new loss 1.0539981303736567e-05 old loss 1.148656247096369e-05 BETTER
I0328 15:04:58.168098 2313095 finetune.py:45] layer 27_v initial loss 3.353611100465059e-05
W0328 15:04:58.168282 2313095 warnings.py:109] /workspace/Weight_compression/comp_lm_qtip/lib/algo/finetune.py:46: FutureWarning: `torch.cuda.amp.GradScaler(args...)` is deprecated. Please use `torch.amp.GradScaler('cuda', args...)` instead.
  scaler = torch.cuda.amp.GradScaler(enabled=(orig_dtype==torch.float16))

I0328 15:05:14.116845 2312885 finetune.py:68] layer 24_q @ epoch 0 new loss 6.919718543940689e-06 old loss 7.132966402423335e-06 BETTER
I0328 15:05:30.552654 2312955 finetune.py:68] layer 25_v @ epoch 4 new loss 6.763963028788567e-06 old loss 6.980257239774801e-06 BETTER
I0328 15:05:31.284187 2313025 finetune.py:68] layer 26_v @ epoch 2 new loss 1.0207440936937928e-05 old loss 1.0539981303736567e-05 BETTER
I0328 15:05:31.531851 2313095 finetune.py:68] layer 27_v @ epoch 0 new loss 1.0526805453991983e-05 old loss 3.353611100465059e-05 BETTER
I0328 15:05:50.256857 2312955 finetune.py:45] layer 25_q initial loss 9.47951411944814e-06
I0328 15:05:50.721719 2312885 finetune.py:68] layer 24_q @ epoch 1 new loss 6.8016292971151415e-06 old loss 6.919718543940689e-06 BETTER
I0328 15:06:05.909985 2313095 finetune.py:68] layer 27_v @ epoch 1 new loss 9.80304685072042e-06 old loss 1.0526805453991983e-05 BETTER
I0328 15:06:06.499746 2313025 finetune.py:68] layer 26_v @ epoch 3 new loss 9.881966434477363e-06 old loss 1.0207440936937928e-05 BETTER
I0328 15:06:23.865631 2312955 finetune.py:68] layer 25_q @ epoch 0 new loss 9.051204870047513e-06 old loss 9.47951411944814e-06 BETTER
I0328 15:06:27.535456 2312885 finetune.py:68] layer 24_q @ epoch 2 new loss 6.724091235810192e-06 old loss 6.8016292971151415e-06 BETTER
I0328 15:06:40.383169 2313095 finetune.py:68] layer 27_v @ epoch 2 new loss 9.53849757934222e-06 old loss 9.80304685072042e-06 BETTER
I0328 15:06:41.726884 2313025 finetune.py:68] layer 26_v @ epoch 4 new loss 9.777847481018398e-06 old loss 9.881966434477363e-06 BETTER
I0328 15:06:58.359929 2312955 finetune.py:68] layer 25_q @ epoch 1 new loss 8.795885150902905e-06 old loss 9.051204870047513e-06 BETTER
I0328 15:07:01.764135 2313025 finetune.py:45] layer 26_q initial loss 1.2023885574308224e-05
I0328 15:07:04.401515 2312885 finetune.py:68] layer 24_q @ epoch 3 new loss 6.672410563623998e-06 old loss 6.724091235810192e-06 BETTER
I0328 15:07:15.073382 2313095 finetune.py:68] layer 27_v @ epoch 3 new loss 9.426458746020216e-06 old loss 9.53849757934222e-06 BETTER
I0328 15:07:32.899685 2312955 finetune.py:68] layer 25_q @ epoch 2 new loss 8.663492735649925e-06 old loss 8.795885150902905e-06 BETTER
I0328 15:07:35.402912 2313025 finetune.py:68] layer 26_q @ epoch 0 new loss 1.1602252925513312e-05 old loss 1.2023885574308224e-05 BETTER
I0328 15:07:41.479916 2312885 finetune.py:68] layer 24_q @ epoch 4 new loss 6.620377916988218e-06 old loss 6.672410563623998e-06 BETTER
I0328 15:07:49.667659 2313095 finetune.py:68] layer 27_v @ epoch 4 new loss 9.221205800713506e-06 old loss 9.426458746020216e-06 BETTER
I0328 15:07:59.385738 2312885 finetune.py:45] layer 24_k initial loss 7.660192750336137e-06
I0328 15:08:07.626993 2312955 finetune.py:68] layer 25_q @ epoch 3 new loss 8.539766895410139e-06 old loss 8.663492735649925e-06 BETTER
I0328 15:08:09.708157 2313095 finetune.py:45] layer 27_q initial loss 1.268208052351838e-05
I0328 15:08:09.969447 2313025 finetune.py:68] layer 26_q @ epoch 1 new loss 1.1394839020795189e-05 old loss 1.1602252925513312e-05 BETTER
I0328 15:08:34.591232 2312885 finetune.py:68] layer 24_k @ epoch 0 new loss 7.565387932118028e-06 old loss 7.660192750336137e-06 BETTER
I0328 15:08:42.808814 2312955 finetune.py:68] layer 25_q @ epoch 4 new loss 8.416180207859725e-06 old loss 8.539766895410139e-06 BETTER
I0328 15:08:43.099019 2313095 finetune.py:68] layer 27_q @ epoch 0 new loss 1.2328057891863864e-05 old loss 1.268208052351838e-05 BETTER
I0328 15:08:44.985098 2313025 finetune.py:68] layer 26_q @ epoch 2 new loss 1.124100435845321e-05 old loss 1.1394839020795189e-05 BETTER
I0328 15:09:00.819967 2312955 finetune.py:45] layer 25_k initial loss 1.0080028914671857e-05
I0328 15:09:11.165850 2312885 finetune.py:68] layer 24_k @ epoch 1 new loss 7.504770564992214e-06 old loss 7.565387932118028e-06 BETTER
I0328 15:09:17.083343 2313095 finetune.py:68] layer 27_q @ epoch 1 new loss 1.204986165248556e-05 old loss 1.2328057891863864e-05 BETTER
I0328 15:09:19.732100 2313025 finetune.py:68] layer 26_q @ epoch 3 new loss 1.1116975656477734e-05 old loss 1.124100435845321e-05 BETTER
I0328 15:09:34.205375 2312955 finetune.py:68] layer 25_k @ epoch 0 new loss 9.944197699951474e-06 old loss 1.0080028914671857e-05 BETTER
I0328 15:09:48.312089 2312885 finetune.py:68] layer 24_k @ epoch 2 new loss 7.467079740308691e-06 old loss 7.504770564992214e-06 BETTER
I0328 15:09:51.361012 2313095 finetune.py:68] layer 27_q @ epoch 2 new loss 1.1930764230783097e-05 old loss 1.204986165248556e-05 BETTER
I0328 15:09:54.941465 2313025 finetune.py:68] layer 26_q @ epoch 4 new loss 1.1024041668861173e-05 old loss 1.1116975656477734e-05 BETTER
I0328 15:10:08.782359 2312955 finetune.py:68] layer 25_k @ epoch 1 new loss 9.858481462288182e-06 old loss 9.944197699951474e-06 BETTER
I0328 15:10:13.244913 2313025 finetune.py:45] layer 26_k initial loss 1.2234469068062026e-05
I0328 15:10:25.252336 2312885 finetune.py:68] layer 24_k @ epoch 3 new loss 7.4399986260687e-06 old loss 7.467079740308691e-06 BETTER
I0328 15:10:25.701983 2313095 finetune.py:68] layer 27_q @ epoch 3 new loss 1.1840306797239464e-05 old loss 1.1930764230783097e-05 BETTER
I0328 15:10:43.175750 2312955 finetune.py:68] layer 25_k @ epoch 2 new loss 9.791572665562853e-06 old loss 9.858481462288182e-06 BETTER
I0328 15:10:46.744105 2313025 finetune.py:68] layer 26_k @ epoch 0 new loss 1.2062638234056067e-05 old loss 1.2234469068062026e-05 BETTER
I0328 15:11:00.087153 2313095 finetune.py:68] layer 27_q @ epoch 4 new loss 1.178819547931198e-05 old loss 1.1840306797239464e-05 BETTER
I0328 15:11:02.155642 2312885 finetune.py:68] layer 24_k @ epoch 4 new loss 7.400322374451207e-06 old loss 7.4399986260687e-06 BETTER
I0328 15:11:17.717493 2312955 finetune.py:68] layer 25_k @ epoch 3 new loss 9.736806532600895e-06 old loss 9.791572665562853e-06 BETTER
I0328 15:11:17.918257 2313095 finetune.py:45] layer 27_k initial loss 1.4175707292451989e-05
I0328 15:11:21.247200 2313025 finetune.py:68] layer 26_k @ epoch 1 new loss 1.198383415612625e-05 old loss 1.2062638234056067e-05 BETTER
I0328 15:11:22.606789 2312885 finetune.py:45] layer 24_o initial loss 1.7814005332184024e-05
I0328 15:11:51.025642 2313095 finetune.py:68] layer 27_k @ epoch 0 new loss 1.398950280417921e-05 old loss 1.4175707292451989e-05 BETTER
I0328 15:11:52.274464 2312955 finetune.py:68] layer 25_k @ epoch 4 new loss 9.702117495180573e-06 old loss 9.736806532600895e-06 BETTER
I0328 15:11:55.889167 2313025 finetune.py:68] layer 26_k @ epoch 2 new loss 1.1967928912781645e-05 old loss 1.198383415612625e-05 BETTER
I0328 15:11:57.366964 2312885 finetune.py:68] layer 24_o @ epoch 0 new loss 1.7367836335324682e-05 old loss 1.7814005332184024e-05 BETTER
I0328 15:12:12.097574 2312955 finetune.py:45] layer 25_o initial loss 2.157725793949794e-05
I0328 15:12:24.852952 2313095 finetune.py:68] layer 27_k @ epoch 1 new loss 1.3816667888022494e-05 old loss 1.398950280417921e-05 BETTER
I0328 15:12:30.330772 2313025 finetune.py:68] layer 26_k @ epoch 3 new loss 1.189361501019448e-05 old loss 1.1967928912781645e-05 BETTER
I0328 15:12:33.065407 2312885 finetune.py:68] layer 24_o @ epoch 1 new loss 1.720063119137194e-05 old loss 1.7367836335324682e-05 BETTER
I0328 15:12:44.933185 2312955 finetune.py:68] layer 25_o @ epoch 0 new loss 2.092795148200821e-05 old loss 2.157725793949794e-05 BETTER
I0328 15:12:58.588371 2313095 finetune.py:68] layer 27_k @ epoch 2 new loss 1.3753777238889597e-05 old loss 1.3816667888022494e-05 BETTER
I0328 15:13:04.983311 2313025 finetune.py:68] layer 26_k @ epoch 4 new loss 1.1866511158586945e-05 old loss 1.189361501019448e-05 BETTER
I0328 15:13:08.847696 2312885 finetune.py:68] layer 24_o @ epoch 2 new loss 1.7087950254790485e-05 old loss 1.720063119137194e-05 BETTER
I0328 15:13:18.624545 2312955 finetune.py:68] layer 25_o @ epoch 1 new loss 2.0650722944992594e-05 old loss 2.092795148200821e-05 BETTER
I0328 15:13:24.757127 2313025 finetune.py:45] layer 26_o initial loss 2.8374737667036243e-05
I0328 15:13:32.558014 2313095 finetune.py:68] layer 27_k @ epoch 3 new loss 1.3722740732191596e-05 old loss 1.3753777238889597e-05 BETTER
I0328 15:13:44.792817 2312885 finetune.py:68] layer 24_o @ epoch 3 new loss 1.6996318663586862e-05 old loss 1.7087950254790485e-05 BETTER
I0328 15:13:52.313703 2312955 finetune.py:68] layer 25_o @ epoch 2 new loss 2.0476840290939435e-05 old loss 2.0650722944992594e-05 BETTER
I0328 15:13:57.614045 2313025 finetune.py:68] layer 26_o @ epoch 0 new loss 2.7417228920967318e-05 old loss 2.8374737667036243e-05 BETTER
I0328 15:14:06.601395 2313095 finetune.py:68] layer 27_k @ epoch 4 new loss 1.3690893865714315e-05 old loss 1.3722740732191596e-05 BETTER
I0328 15:14:20.861094 2312885 finetune.py:68] layer 24_o @ epoch 4 new loss 1.6929590856307186e-05 old loss 1.6996318663586862e-05 BETTER
I0328 15:14:25.984916 2312955 finetune.py:68] layer 25_o @ epoch 3 new loss 2.0352566934889182e-05 old loss 2.0476840290939435e-05 BETTER
I0328 15:14:26.454178 2313095 finetune.py:45] layer 27_o initial loss 3.3397882361896336e-05
I0328 15:14:31.572365 2313025 finetune.py:68] layer 26_o @ epoch 1 new loss 2.702533674892038e-05 old loss 2.7417228920967318e-05 BETTER
I0328 15:14:52.387012 2312885 finetune.py:45] layer 24_up initial loss 5.4185304179554805e-05
I0328 15:14:58.603745 2313095 finetune.py:68] layer 27_o @ epoch 0 new loss 3.244982872274704e-05 old loss 3.3397882361896336e-05 BETTER
I0328 15:14:59.833548 2312955 finetune.py:68] layer 25_o @ epoch 4 new loss 2.0286028302507475e-05 old loss 2.0352566934889182e-05 BETTER
I0328 15:15:05.461108 2313025 finetune.py:68] layer 26_o @ epoch 2 new loss 2.677477095858194e-05 old loss 2.702533674892038e-05 BETTER
I0328 15:15:24.260972 2312885 finetune.py:68] layer 24_up @ epoch 0 new loss 5.337462789611891e-05 old loss 5.4185304179554805e-05 BETTER
I0328 15:15:31.717143 2312955 finetune.py:45] layer 25_up initial loss 6.214529275894165e-05
I0328 15:15:31.865485 2313095 finetune.py:68] layer 27_o @ epoch 1 new loss 3.199787170160562e-05 old loss 3.244982872274704e-05 BETTER
I0328 15:15:39.623161 2313025 finetune.py:68] layer 26_o @ epoch 3 new loss 2.6584155421005562e-05 old loss 2.677477095858194e-05 BETTER
I0328 15:15:57.785485 2312885 finetune.py:68] layer 24_up @ epoch 1 new loss 5.2811028581345454e-05 old loss 5.337462789611891e-05 BETTER
I0328 15:16:02.047253 2312955 finetune.py:68] layer 25_up @ epoch 0 new loss 6.120435864431784e-05 old loss 6.214529275894165e-05 BETTER
I0328 15:16:05.393566 2313095 finetune.py:68] layer 27_o @ epoch 2 new loss 3.172431388520636e-05 old loss 3.199787170160562e-05 BETTER
I0328 15:16:13.828989 2313025 finetune.py:68] layer 26_o @ epoch 4 new loss 2.64380760199856e-05 old loss 2.6584155421005562e-05 BETTER
I0328 15:16:31.229132 2312885 finetune.py:68] layer 24_up @ epoch 2 new loss 5.235819480731152e-05 old loss 5.2811028581345454e-05 BETTER
I0328 15:16:33.737714 2312955 finetune.py:68] layer 25_up @ epoch 1 new loss 6.057842620066367e-05 old loss 6.120435864431784e-05 BETTER
I0328 15:16:38.901634 2313095 finetune.py:68] layer 27_o @ epoch 3 new loss 3.148716496070847e-05 old loss 3.172431388520636e-05 BETTER
I0328 15:16:46.153048 2313025 finetune.py:45] layer 26_up initial loss 7.541646482422948e-05
I0328 15:17:04.854013 2312885 finetune.py:68] layer 24_up @ epoch 3 new loss 5.196885467739776e-05 old loss 5.235819480731152e-05 BETTER
I0328 15:17:05.496480 2312955 finetune.py:68] layer 25_up @ epoch 2 new loss 6.008238415233791e-05 old loss 6.057842620066367e-05 BETTER
I0328 15:17:12.302562 2313095 finetune.py:68] layer 27_o @ epoch 4 new loss 3.132499477942474e-05 old loss 3.148716496070847e-05 BETTER
I0328 15:17:16.887071 2313025 finetune.py:68] layer 26_up @ epoch 0 new loss 7.434336293954402e-05 old loss 7.541646482422948e-05 BETTER
I0328 15:17:37.578295 2312955 finetune.py:68] layer 25_up @ epoch 3 new loss 5.965978925814852e-05 old loss 6.008238415233791e-05 BETTER
I0328 15:17:38.822560 2312885 finetune.py:68] layer 24_up @ epoch 4 new loss 5.1640872698044404e-05 old loss 5.196885467739776e-05 BETTER
I0328 15:17:44.643110 2313095 finetune.py:45] layer 27_up initial loss 8.849040023051202e-05
I0328 15:17:48.791435 2313025 finetune.py:68] layer 26_up @ epoch 1 new loss 7.358199945883825e-05 old loss 7.434336293954402e-05 BETTER
I0328 15:18:09.783671 2312955 finetune.py:68] layer 25_up @ epoch 4 new loss 5.9298050473444164e-05 old loss 5.965978925814852e-05 BETTER
I0328 15:18:10.962842 2312885 finetune.py:45] layer 24_gate initial loss 6.743283302057534e-05
I0328 15:18:14.768853 2313095 finetune.py:68] layer 27_up @ epoch 0 new loss 8.715516742086038e-05 old loss 8.849040023051202e-05 BETTER
I0328 15:18:20.957643 2313025 finetune.py:68] layer 26_up @ epoch 2 new loss 7.297404226846993e-05 old loss 7.358199945883825e-05 BETTER
I0328 15:18:40.841644 2312885 finetune.py:68] layer 24_gate @ epoch 0 new loss 6.708825094392523e-05 old loss 6.743283302057534e-05 BETTER
I0328 15:18:41.630143 2312955 finetune.py:45] layer 25_gate initial loss 7.759829168207943e-05
I0328 15:18:46.135649 2313095 finetune.py:68] layer 27_up @ epoch 1 new loss 8.62091692397371e-05 old loss 8.715516742086038e-05 BETTER
I0328 15:18:53.280248 2313025 finetune.py:68] layer 26_up @ epoch 3 new loss 7.245571759995073e-05 old loss 7.297404226846993e-05 BETTER
I0328 15:19:10.175711 2312955 finetune.py:68] layer 25_gate @ epoch 0 new loss 7.722526788711548e-05 old loss 7.759829168207943e-05 BETTER
I0328 15:19:12.246915 2312885 finetune.py:68] layer 24_gate @ epoch 1 new loss 6.68033171677962e-05 old loss 6.708825094392523e-05 BETTER
I0328 15:19:17.531319 2313095 finetune.py:68] layer 27_up @ epoch 2 new loss 8.548173354938626e-05 old loss 8.62091692397371e-05 BETTER
I0328 15:19:25.542459 2313025 finetune.py:68] layer 26_up @ epoch 4 new loss 7.20163225196302e-05 old loss 7.245571759995073e-05 BETTER
I0328 15:19:39.844691 2312955 finetune.py:68] layer 25_gate @ epoch 1 new loss 7.69187172409147e-05 old loss 7.722526788711548e-05 BETTER
I0328 15:19:43.617316 2312885 finetune.py:68] layer 24_gate @ epoch 2 new loss 6.656572077190503e-05 old loss 6.68033171677962e-05 BETTER
I0328 15:19:48.839920 2313095 finetune.py:68] layer 27_up @ epoch 3 new loss 8.48510826472193e-05 old loss 8.548173354938626e-05 BETTER
I0328 15:19:57.414386 2313025 finetune.py:45] layer 26_gate initial loss 9.372994827572256e-05
I0328 15:20:09.451445 2312955 finetune.py:68] layer 25_gate @ epoch 2 new loss 7.666075543966144e-05 old loss 7.69187172409147e-05 BETTER
I0328 15:20:15.064082 2312885 finetune.py:68] layer 24_gate @ epoch 3 new loss 6.635008321609348e-05 old loss 6.656572077190503e-05 BETTER
I0328 15:20:20.373544 2313095 finetune.py:68] layer 27_up @ epoch 4 new loss 8.432896720478311e-05 old loss 8.48510826472193e-05 BETTER
I0328 15:20:25.954566 2313025 finetune.py:68] layer 26_gate @ epoch 0 new loss 9.327903535449877e-05 old loss 9.372994827572256e-05 BETTER
I0328 15:20:39.247467 2312955 finetune.py:68] layer 25_gate @ epoch 3 new loss 7.643653952982277e-05 old loss 7.666075543966144e-05 BETTER
I0328 15:20:46.504988 2312885 finetune.py:68] layer 24_gate @ epoch 4 new loss 6.616830069106072e-05 old loss 6.635008321609348e-05 BETTER
I0328 15:20:52.484607 2313095 finetune.py:45] layer 27_gate initial loss 0.00011123785225208849
I0328 15:20:55.522645 2313025 finetune.py:68] layer 26_gate @ epoch 1 new loss 9.291860624216497e-05 old loss 9.327903535449877e-05 BETTER
I0328 15:21:08.990528 2312955 finetune.py:68] layer 25_gate @ epoch 4 new loss 7.624162390129641e-05 old loss 7.643653952982277e-05 BETTER
I0328 15:21:20.629563 2313095 finetune.py:68] layer 27_gate @ epoch 0 new loss 0.00011068040475947782 old loss 0.00011123785225208849 BETTER
I0328 15:21:25.310241 2313025 finetune.py:68] layer 26_gate @ epoch 2 new loss 9.261678496841341e-05 old loss 9.291860624216497e-05 BETTER
I0328 15:21:42.781078 2312885 finetune.py:45] layer 24_down initial loss 0.0001163506749435328
I0328 15:21:49.804999 2313095 finetune.py:68] layer 27_gate @ epoch 1 new loss 0.00011021761019947007 old loss 0.00011068040475947782 BETTER
I0328 15:21:55.188691 2313025 finetune.py:68] layer 26_gate @ epoch 3 new loss 9.234096069121733e-05 old loss 9.261678496841341e-05 BETTER
I0328 15:22:06.350095 2312955 finetune.py:45] layer 25_down initial loss 0.00013047605170868337
I0328 15:22:10.082769 2312885 finetune.py:68] layer 24_down @ epoch 0 new loss 0.00011634869588306174 old loss 0.0001163506749435328 BETTER
I0328 15:22:19.194918 2313095 finetune.py:68] layer 27_gate @ epoch 2 new loss 0.00010984396794810891 old loss 0.00011021761019947007 BETTER
I0328 15:22:25.208692 2313025 finetune.py:68] layer 26_gate @ epoch 4 new loss 9.211218275595456e-05 old loss 9.234096069121733e-05 BETTER
I0328 15:22:32.529039 2312955 finetune.py:68] layer 25_down @ epoch 0 new loss 0.00013047004176769406 old loss 0.00013047605170868337 BETTER
I0328 15:22:38.756645 2312885 finetune.py:68] layer 24_down @ epoch 1 new loss 0.0001163468841696158 old loss 0.00011634869588306174 BETTER
I0328 15:22:48.647407 2313095 finetune.py:68] layer 27_gate @ epoch 3 new loss 0.00010951259901048616 old loss 0.00010984396794810891 BETTER
I0328 15:22:59.661911 2312955 finetune.py:68] layer 25_down @ epoch 1 new loss 0.000130466214613989 old loss 0.00013047004176769406 BETTER
I0328 15:23:07.530037 2312885 finetune.py:68] layer 24_down @ epoch 2 new loss 0.00011634589463938028 old loss 0.0001163468841696158 BETTER
I0328 15:23:18.279367 2313095 finetune.py:68] layer 27_gate @ epoch 4 new loss 0.00010922748333541676 old loss 0.00010951259901048616 BETTER
I0328 15:23:22.613445 2313025 finetune.py:45] layer 26_down initial loss 0.00015438934497069567
I0328 15:23:27.174882 2312955 finetune.py:68] layer 25_down @ epoch 2 new loss 0.00013046360982116312 old loss 0.000130466214613989 BETTER
I0328 15:23:36.565549 2312885 finetune.py:68] layer 24_down @ epoch 3 new loss 0.00011634448310360312 old loss 0.00011634589463938028 BETTER
I0328 15:23:48.826944 2313025 finetune.py:68] layer 26_down @ epoch 0 new loss 0.0001543879770906642 old loss 0.00015438934497069567 BETTER
I0328 15:23:54.811502 2312955 finetune.py:68] layer 25_down @ epoch 3 new loss 0.00013046135427430272 old loss 0.00013046360982116312 BETTER
I0328 15:24:05.870046 2312885 finetune.py:68] layer 24_down @ epoch 4 new loss 0.00011634341353783384 old loss 0.00011634448310360312 BETTER
24_v proxy err 0.004832085222005844 tr(WHW.T) 467.2783508300781
bpp_loss 3.8371447435347363
24_q proxy err 0.0004249176708981395 tr(WHW.T) 22446.91796875
bpp_loss 4.340841807308607
24_k proxy err 0.0001931328879436478 tr(WHW.T) 14181.3046875
bpp_loss 5.149743964313529
24_o proxy err 0.005755122285336256 tr(WHW.T) 1592.092041015625
bpp_loss 3.7593415048904717
24_up proxy err 0.006018816493451595 tr(WHW.T) 7311.78515625
bpp_loss 3.7528072276950946
24_gate proxy err 0.0017423996469005942 tr(WHW.T) 25863.423828125
bpp_loss 4.1497188678144346
24_down proxy err 0.006063112989068031 tr(WHW.T) 6756.56396484375
bpp_loss 3.750133102743088
I0328 15:24:16.156433 2313095 finetune.py:45] layer 27_down initial loss 0.00018197558529209346
I0328 15:24:16.623780 2313025 finetune.py:68] layer 26_down @ epoch 1 new loss 0.00015438701666425914 old loss 0.0001543879770906642 BETTER
I0328 15:24:22.863462 2312955 finetune.py:68] layer 25_down @ epoch 4 new loss 0.00013045953528489918 old loss 0.00013046135427430272 BETTER
25_v proxy err 0.004151288885623217 tr(WHW.T) 557.8086547851562
bpp_loss 3.8477118847658858
25_q proxy err 0.0003722110704984516 tr(WHW.T) 26120.865234375
bpp_loss 4.318128317128867
25_k proxy err 0.00018929109501186758 tr(WHW.T) 14411.9033203125
bpp_loss 5.131288651842624
25_o proxy err 0.004822381306439638 tr(WHW.T) 1990.302734375
bpp_loss 3.7593866752577014
25_up proxy err 0.005951377097517252 tr(WHW.T) 7386.3759765625
bpp_loss 3.7622951571164385
25_gate proxy err 0.0017111642519012094 tr(WHW.T) 26303.267578125
bpp_loss 4.1594309240047425
25_down proxy err 0.0060427808202803135 tr(WHW.T) 6630.7255859375
bpp_loss 3.759272104611487
I0328 15:24:42.146240 2313095 finetune.py:68] layer 27_down @ epoch 0 new loss 0.000181970841367729 old loss 0.00018197558529209346 BETTER
I0328 15:24:44.207738 2313025 finetune.py:68] layer 26_down @ epoch 2 new loss 0.00015438560512848198 old loss 0.00015438701666425914 BETTER
I0328 15:25:09.041472 2313095 finetune.py:68] layer 27_down @ epoch 1 new loss 0.00018196803284808993 old loss 0.000181970841367729 BETTER
I0328 15:25:11.973624 2313025 finetune.py:68] layer 26_down @ epoch 3 new loss 0.0001543844846310094 old loss 0.00015438560512848198 BETTER
I0328 15:25:33.898196 2311068 quantize_finetune_llama.py:240] computed original embedding for layer 28 in 66.16164302825928s
I0328 15:25:36.314007 2313095 finetune.py:68] layer 27_down @ epoch 2 new loss 0.0001819659082684666 old loss 0.00018196803284808993 BETTER
I0328 15:25:37.880800 2313165 utils.py:146] Note: detected 128 virtual cores but NumExpr set to maximum of 64, check "NUMEXPR_MAX_THREADS" environment variable.
I0328 15:25:37.880915 2313165 utils.py:149] Note: NumExpr detected 128 cores but "NUMEXPR_MAX_THREADS" not set, so enforcing safe limit of 16.
I0328 15:25:37.880959 2313165 utils.py:162] NumExpr defaulting to 16 threads.
I0328 15:25:38.233258 2313165 config.py:54] PyTorch version 2.6.0 available.
W0328 15:25:38.434400 2313165 warnings.py:109] /opt/conda/lib/python3.10/site-packages/torchvision/io/image.py:13: UserWarning: Failed to load image Python extension: '/opt/conda/lib/python3.10/site-packages/torchvision/image.so: undefined symbol: _ZN3c1017RegisterOperatorsD1Ev'If you don't plan on using image functionality from `torchvision.io`, you can ignore this warning. Otherwise, there might be something wrong with your environment. Did you have `libjpeg` or `libpng` installed before building `torchvision` from source?
  warn(

W0328 15:25:39.044872 2313165 warnings.py:109] /opt/conda/lib/python3.10/site-packages/compressai/models/video/google.py:353: FutureWarning: `torch.cuda.amp.autocast(args...)` is deprecated. Please use `torch.amp.autocast('cuda', args...)` instead.
  @amp.autocast(enabled=False)

I0328 15:25:39.048925 2311068 quantize_finetune_llama.py:209] layer 29 gpu 1
I0328 15:25:39.062487 2313165 data_utils.py:336] using 256 training seqs, 128 validation seqs
I0328 15:25:39.819631 2313025 finetune.py:68] layer 26_down @ epoch 4 new loss 0.00015438349510077387 old loss 0.0001543844846310094 BETTER
26_v proxy err 0.005061013624072075 tr(WHW.T) 434.54583740234375
bpp_loss 3.8994429325684905
26_q proxy err 0.0004337962600402534 tr(WHW.T) 21407.33203125
bpp_loss 4.328754570800811
26_k proxy err 0.00017539483087603003 tr(WHW.T) 15420.7900390625
bpp_loss 5.21631745446939
26_o proxy err 0.003462847089394927 tr(WHW.T) 2388.557861328125
bpp_loss 3.776832697505597
26_up proxy err 0.005748309660702944 tr(WHW.T) 7649.64501953125
bpp_loss 3.771681724049683
26_gate proxy err 0.00155834446195513 tr(WHW.T) 28898.408203125
bpp_loss 4.166989270065512
26_down proxy err 0.006042078137397766 tr(WHW.T) 6633.2724609375
bpp_loss 3.7671820872430026
The attention layers in this model are transitioning from computing the RoPE embeddings internally through `position_ids` (2D tensor with the indexes of the tokens), to using externally computed `position_embeddings` (Tuple of tensors, containing cos and sin). In v4.46 `position_ids` will be removed and `position_embeddings` will be mandatory.
I0328 15:25:55.672728 2313165 finetune.py:45] layer 28_v initial loss 4.048019400215708e-05
W0328 15:25:55.673128 2313165 warnings.py:109] /workspace/Weight_compression/comp_lm_qtip/lib/algo/finetune.py:46: FutureWarning: `torch.cuda.amp.GradScaler(args...)` is deprecated. Please use `torch.amp.GradScaler('cuda', args...)` instead.
  scaler = torch.cuda.amp.GradScaler(enabled=(orig_dtype==torch.float16))

I0328 15:26:03.546761 2313095 finetune.py:68] layer 27_down @ epoch 3 new loss 0.00018196362361777574 old loss 0.0001819659082684666 BETTER
I0328 15:26:30.689551 2313165 finetune.py:68] layer 28_v @ epoch 0 new loss 1.4391373952094e-05 old loss 4.048019400215708e-05 BETTER
I0328 15:26:30.860095 2313095 finetune.py:68] layer 27_down @ epoch 4 new loss 0.000181961600901559 old loss 0.00018196362361777574 BETTER
27_v proxy err 0.0034907013177871704 tr(WHW.T) 677.69384765625
bpp_loss 3.9927002968615852
27_q proxy err 0.0004601315886247903 tr(WHW.T) 21309.80078125
bpp_loss 4.297273161122575
27_k proxy err 0.00020147865870967507 tr(WHW.T) 14010.33203125
bpp_loss 5.168578892014921
27_o proxy err 0.004133392591029406 tr(WHW.T) 2160.751708984375
bpp_loss 3.8177425833418965
27_up proxy err 0.005233301315456629 tr(WHW.T) 8481.896484375
bpp_loss 3.787467904987612
27_gate proxy err 0.0013846446527168155 tr(WHW.T) 32819.5
bpp_loss 4.17879185818934
27_down proxy err 0.005017580930143595 tr(WHW.T) 6561.8525390625
bpp_loss 3.7784793513128534
I0328 15:26:47.477289 2311068 quantize_finetune_llama.py:240] computed original embedding for layer 29 in 63.20621418952942s
I0328 15:26:51.228847 2313235 utils.py:146] Note: detected 128 virtual cores but NumExpr set to maximum of 64, check "NUMEXPR_MAX_THREADS" environment variable.
I0328 15:26:51.228946 2313235 utils.py:149] Note: NumExpr detected 128 cores but "NUMEXPR_MAX_THREADS" not set, so enforcing safe limit of 16.
I0328 15:26:51.228990 2313235 utils.py:162] NumExpr defaulting to 16 threads.
I0328 15:26:51.561900 2313235 config.py:54] PyTorch version 2.6.0 available.
W0328 15:26:51.762440 2313235 warnings.py:109] /opt/conda/lib/python3.10/site-packages/torchvision/io/image.py:13: UserWarning: Failed to load image Python extension: '/opt/conda/lib/python3.10/site-packages/torchvision/image.so: undefined symbol: _ZN3c1017RegisterOperatorsD1Ev'If you don't plan on using image functionality from `torchvision.io`, you can ignore this warning. Otherwise, there might be something wrong with your environment. Did you have `libjpeg` or `libpng` installed before building `torchvision` from source?
  warn(

W0328 15:26:52.402894 2313235 warnings.py:109] /opt/conda/lib/python3.10/site-packages/compressai/models/video/google.py:353: FutureWarning: `torch.cuda.amp.autocast(args...)` is deprecated. Please use `torch.amp.autocast('cuda', args...)` instead.
  @amp.autocast(enabled=False)

I0328 15:26:52.406793 2311068 quantize_finetune_llama.py:209] layer 30 gpu 2
I0328 15:26:52.419937 2313235 data_utils.py:336] using 256 training seqs, 128 validation seqs
The attention layers in this model are transitioning from computing the RoPE embeddings internally through `position_ids` (2D tensor with the indexes of the tokens), to using externally computed `position_embeddings` (Tuple of tensors, containing cos and sin). In v4.46 `position_ids` will be removed and `position_embeddings` will be mandatory.
I0328 15:27:07.142647 2313165 finetune.py:68] layer 28_v @ epoch 1 new loss 1.36092176035163e-05 old loss 1.4391373952094e-05 BETTER
I0328 15:27:09.350413 2313235 finetune.py:45] layer 29_v initial loss 4.946070475853048e-05
W0328 15:27:09.350612 2313235 warnings.py:109] /workspace/Weight_compression/comp_lm_qtip/lib/algo/finetune.py:46: FutureWarning: `torch.cuda.amp.GradScaler(args...)` is deprecated. Please use `torch.amp.GradScaler('cuda', args...)` instead.
  scaler = torch.cuda.amp.GradScaler(enabled=(orig_dtype==torch.float16))

I0328 15:27:42.690728 2313235 finetune.py:68] layer 29_v @ epoch 0 new loss 1.657852226344403e-05 old loss 4.946070475853048e-05 BETTER
I0328 15:27:44.058217 2313165 finetune.py:68] layer 28_v @ epoch 2 new loss 1.3389616469794419e-05 old loss 1.36092176035163e-05 BETTER
I0328 15:27:56.149992 2311068 quantize_finetune_llama.py:240] computed original embedding for layer 30 in 63.284170150756836s
I0328 15:27:59.935966 2313305 utils.py:146] Note: detected 128 virtual cores but NumExpr set to maximum of 64, check "NUMEXPR_MAX_THREADS" environment variable.
I0328 15:27:59.936067 2313305 utils.py:149] Note: NumExpr detected 128 cores but "NUMEXPR_MAX_THREADS" not set, so enforcing safe limit of 16.
I0328 15:27:59.936110 2313305 utils.py:162] NumExpr defaulting to 16 threads.
I0328 15:28:00.304126 2313305 config.py:54] PyTorch version 2.6.0 available.
W0328 15:28:00.530566 2313305 warnings.py:109] /opt/conda/lib/python3.10/site-packages/torchvision/io/image.py:13: UserWarning: Failed to load image Python extension: '/opt/conda/lib/python3.10/site-packages/torchvision/image.so: undefined symbol: _ZN3c1017RegisterOperatorsD1Ev'If you don't plan on using image functionality from `torchvision.io`, you can ignore this warning. Otherwise, there might be something wrong with your environment. Did you have `libjpeg` or `libpng` installed before building `torchvision` from source?
  warn(

W0328 15:28:02.492352 2313305 warnings.py:109] /opt/conda/lib/python3.10/site-packages/compressai/models/video/google.py:353: FutureWarning: `torch.cuda.amp.autocast(args...)` is deprecated. Please use `torch.amp.autocast('cuda', args...)` instead.
  @amp.autocast(enabled=False)

I0328 15:28:02.496316 2311068 quantize_finetune_llama.py:209] layer 31 gpu 3
I0328 15:28:02.510480 2313305 data_utils.py:336] using 256 training seqs, 128 validation seqs
The attention layers in this model are transitioning from computing the RoPE embeddings internally through `position_ids` (2D tensor with the indexes of the tokens), to using externally computed `position_embeddings` (Tuple of tensors, containing cos and sin). In v4.46 `position_ids` will be removed and `position_embeddings` will be mandatory.
I0328 15:28:17.453721 2313235 finetune.py:68] layer 29_v @ epoch 1 new loss 1.5984665878931992e-05 old loss 1.657852226344403e-05 BETTER
I0328 15:28:20.365052 2313305 finetune.py:45] layer 30_v initial loss 5.428344229585491e-05
W0328 15:28:20.365403 2313305 warnings.py:109] /workspace/Weight_compression/comp_lm_qtip/lib/algo/finetune.py:46: FutureWarning: `torch.cuda.amp.GradScaler(args...)` is deprecated. Please use `torch.amp.GradScaler('cuda', args...)` instead.
  scaler = torch.cuda.amp.GradScaler(enabled=(orig_dtype==torch.float16))

I0328 15:28:21.130162 2313165 finetune.py:68] layer 28_v @ epoch 3 new loss 1.3136516827216838e-05 old loss 1.3389616469794419e-05 BETTER
I0328 15:28:52.353965 2313235 finetune.py:68] layer 29_v @ epoch 2 new loss 1.589923704159446e-05 old loss 1.5984665878931992e-05 BETTER
I0328 15:28:54.012849 2313305 finetune.py:68] layer 30_v @ epoch 0 new loss 2.80620988633018e-05 old loss 5.428344229585491e-05 BETTER
I0328 15:28:58.219706 2313165 finetune.py:76] layer 28_v @ epoch 4 new loss 1.3203492017055396e-05 old loss 1.3136516827216838e-05 WORSE
I0328 15:28:59.614385 2311068 quantize_finetune_llama.py:240] computed original embedding for layer 31 in 56.64853835105896s
I0328 15:29:03.319872 2313375 utils.py:146] Note: detected 128 virtual cores but NumExpr set to maximum of 64, check "NUMEXPR_MAX_THREADS" environment variable.
I0328 15:29:03.319967 2313375 utils.py:149] Note: NumExpr detected 128 cores but "NUMEXPR_MAX_THREADS" not set, so enforcing safe limit of 16.
I0328 15:29:03.320004 2313375 utils.py:162] NumExpr defaulting to 16 threads.
I0328 15:29:03.697731 2313375 config.py:54] PyTorch version 2.6.0 available.
W0328 15:29:03.914912 2313375 warnings.py:109] /opt/conda/lib/python3.10/site-packages/torchvision/io/image.py:13: UserWarning: Failed to load image Python extension: '/opt/conda/lib/python3.10/site-packages/torchvision/image.so: undefined symbol: _ZN3c1017RegisterOperatorsD1Ev'If you don't plan on using image functionality from `torchvision.io`, you can ignore this warning. Otherwise, there might be something wrong with your environment. Did you have `libjpeg` or `libpng` installed before building `torchvision` from source?
  warn(

W0328 15:29:04.729382 2313375 warnings.py:109] /opt/conda/lib/python3.10/site-packages/compressai/models/video/google.py:353: FutureWarning: `torch.cuda.amp.autocast(args...)` is deprecated. Please use `torch.amp.autocast('cuda', args...)` instead.
  @amp.autocast(enabled=False)

I0328 15:29:04.747561 2313375 data_utils.py:336] using 256 training seqs, 128 validation seqs
I0328 15:29:16.898058 2313165 finetune.py:45] layer 28_q initial loss 1.712755511107389e-05
The attention layers in this model are transitioning from computing the RoPE embeddings internally through `position_ids` (2D tensor with the indexes of the tokens), to using externally computed `position_embeddings` (Tuple of tensors, containing cos and sin). In v4.46 `position_ids` will be removed and `position_embeddings` will be mandatory.
I0328 15:29:22.411778 2313375 finetune.py:45] layer 31_v initial loss 8.057078957790509e-05
W0328 15:29:22.411990 2313375 warnings.py:109] /workspace/Weight_compression/comp_lm_qtip/lib/algo/finetune.py:46: FutureWarning: `torch.cuda.amp.GradScaler(args...)` is deprecated. Please use `torch.amp.GradScaler('cuda', args...)` instead.
  scaler = torch.cuda.amp.GradScaler(enabled=(orig_dtype==torch.float16))

