W0320 23:58:44.606566 1532398 warnings.py:109] /opt/conda/lib/python3.10/site-packages/torchvision/io/image.py:13: UserWarning: Failed to load image Python extension: '/opt/conda/lib/python3.10/site-packages/torchvision/image.so: undefined symbol: _ZN3c1017RegisterOperatorsD1Ev'If you don't plan on using image functionality from `torchvision.io`, you can ignore this warning. Otherwise, there might be something wrong with your environment. Did you have `libjpeg` or `libpng` installed before building `torchvision` from source?
  warn(

W0320 23:58:45.670016 1532398 warnings.py:109] /opt/conda/lib/python3.10/site-packages/compressai/models/video/google.py:353: FutureWarning: `torch.cuda.amp.autocast(args...)` is deprecated. Please use `torch.amp.autocast('cuda', args...)` instead.
  @amp.autocast(enabled=False)

I0320 23:58:45.673961 1531629 quantize_finetune_llama.py:203] layer 13 gpu 1
I0320 23:58:45.688183 1532398 data_utils.py:336] using 256 training seqs, 128 validation seqs
The attention layers in this model are transitioning from computing the RoPE embeddings internally through `position_ids` (2D tensor with the indexes of the tokens), to using externally computed `position_embeddings` (Tuple of tensors, containing cos and sin). In v4.46 `position_ids` will be removed and `position_embeddings` will be mandatory.
I0320 23:58:59.156417 1532398 finetune.py:45] layer 12_v initial loss 0.00016738144040573388
W0320 23:58:59.156714 1532398 warnings.py:109] /workspace/Weight_compression/comp_lm_qtip/lib/algo/finetune.py:46: FutureWarning: `torch.cuda.amp.GradScaler(args...)` is deprecated. Please use `torch.amp.GradScaler('cuda', args...)` instead.
  scaler = torch.cuda.amp.GradScaler(enabled=(orig_dtype==torch.float16))

I0320 23:59:12.446106 1532344 finetune.py:68] layer 11_down @ epoch 3 new loss 0.0003259431105107069 old loss 0.0003259551012888551 BETTER
I0320 23:59:34.227494 1532398 finetune.py:68] layer 12_v @ epoch 0 new loss 8.266291115432978e-05 old loss 0.00016738144040573388 BETTER
I0320 23:59:41.169448 1532344 finetune.py:68] layer 11_down @ epoch 4 new loss 0.0003259344375692308 old loss 0.0003259431105107069 BETTER
11_v proxy err 0.010858329944312572 tr(WHW.T) 723.1956176757812
bpp_loss 3.535570502281189
11_q proxy err 0.0013331706868484616 tr(WHW.T) 7032.1611328125
bpp_loss 4.140434265136719
11_k proxy err 0.0009103913907893002 tr(WHW.T) 10528.255859375
bpp_loss 4.135746240615845
11_o proxy err 0.013740943744778633 tr(WHW.T) 36.8162956237793
bpp_loss 3.526512026786804
11_up proxy err 0.005612241104245186 tr(WHW.T) 1140.126708984375
bpp_loss 3.7431958220725834
11_gate proxy err 0.0027525965124368668 tr(WHW.T) 2396.47021484375
bpp_loss 3.815196015114008
11_down proxy err 0.007587254513055086 tr(WHW.T) 56.38547134399414
bpp_loss 3.729678908059763
I0320 23:59:56.553869 1531629 quantize_finetune_llama.py:234] computed original embedding for layer 13 in 70.41246461868286s
I0321 00:00:00.289681 1532452 config.py:54] PyTorch version 2.6.0 available.
W0321 00:00:00.645209 1532452 warnings.py:109] /opt/conda/lib/python3.10/site-packages/torchvision/io/image.py:13: UserWarning: Failed to load image Python extension: '/opt/conda/lib/python3.10/site-packages/torchvision/image.so: undefined symbol: _ZN3c1017RegisterOperatorsD1Ev'If you don't plan on using image functionality from `torchvision.io`, you can ignore this warning. Otherwise, there might be something wrong with your environment. Did you have `libjpeg` or `libpng` installed before building `torchvision` from source?
  warn(

W0321 00:00:01.719962 1532452 warnings.py:109] /opt/conda/lib/python3.10/site-packages/compressai/models/video/google.py:353: FutureWarning: `torch.cuda.amp.autocast(args...)` is deprecated. Please use `torch.amp.autocast('cuda', args...)` instead.
  @amp.autocast(enabled=False)

I0321 00:00:01.724018 1531629 quantize_finetune_llama.py:203] layer 14 gpu 2
I0321 00:00:01.738613 1532452 data_utils.py:336] using 256 training seqs, 128 validation seqs
The attention layers in this model are transitioning from computing the RoPE embeddings internally through `position_ids` (2D tensor with the indexes of the tokens), to using externally computed `position_embeddings` (Tuple of tensors, containing cos and sin). In v4.46 `position_ids` will be removed and `position_embeddings` will be mandatory.
I0321 00:00:10.440798 1532398 finetune.py:68] layer 12_v @ epoch 1 new loss 7.027304673101753e-05 old loss 8.266291115432978e-05 BETTER
I0321 00:00:16.357165 1532452 finetune.py:45] layer 13_v initial loss 0.00015774517669342458
W0321 00:00:16.357442 1532452 warnings.py:109] /workspace/Weight_compression/comp_lm_qtip/lib/algo/finetune.py:46: FutureWarning: `torch.cuda.amp.GradScaler(args...)` is deprecated. Please use `torch.amp.GradScaler('cuda', args...)` instead.
  scaler = torch.cuda.amp.GradScaler(enabled=(orig_dtype==torch.float16))

I0321 00:00:47.649854 1532398 finetune.py:68] layer 12_v @ epoch 2 new loss 6.461442535510287e-05 old loss 7.027304673101753e-05 BETTER
I0321 00:00:50.434340 1532452 finetune.py:68] layer 13_v @ epoch 0 new loss 8.143946615746245e-05 old loss 0.00015774517669342458 BETTER
I0321 00:01:18.480899 1531629 quantize_finetune_llama.py:234] computed original embedding for layer 14 in 76.2850193977356s
I0321 00:01:23.047250 1532506 config.py:54] PyTorch version 2.6.0 available.
W0321 00:01:23.541566 1532506 warnings.py:109] /opt/conda/lib/python3.10/site-packages/torchvision/io/image.py:13: UserWarning: Failed to load image Python extension: '/opt/conda/lib/python3.10/site-packages/torchvision/image.so: undefined symbol: _ZN3c1017RegisterOperatorsD1Ev'If you don't plan on using image functionality from `torchvision.io`, you can ignore this warning. Otherwise, there might be something wrong with your environment. Did you have `libjpeg` or `libpng` installed before building `torchvision` from source?
  warn(

W0321 00:01:24.673196 1532506 warnings.py:109] /opt/conda/lib/python3.10/site-packages/compressai/models/video/google.py:353: FutureWarning: `torch.cuda.amp.autocast(args...)` is deprecated. Please use `torch.amp.autocast('cuda', args...)` instead.
  @amp.autocast(enabled=False)

I0321 00:01:24.678299 1531629 quantize_finetune_llama.py:203] layer 15 gpu 3
I0321 00:01:24.696299 1532506 data_utils.py:336] using 256 training seqs, 128 validation seqs
I0321 00:01:25.248434 1532398 finetune.py:68] layer 12_v @ epoch 3 new loss 6.103799387346953e-05 old loss 6.461442535510287e-05 BETTER
I0321 00:01:25.696343 1532452 finetune.py:68] layer 13_v @ epoch 1 new loss 7.027730316622183e-05 old loss 8.143946615746245e-05 BETTER
The attention layers in this model are transitioning from computing the RoPE embeddings internally through `position_ids` (2D tensor with the indexes of the tokens), to using externally computed `position_embeddings` (Tuple of tensors, containing cos and sin). In v4.46 `position_ids` will be removed and `position_embeddings` will be mandatory.
I0321 00:01:39.151971 1532506 finetune.py:45] layer 14_v initial loss 0.0002092529321089387
W0321 00:01:39.153520 1532506 warnings.py:109] /workspace/Weight_compression/comp_lm_qtip/lib/algo/finetune.py:46: FutureWarning: `torch.cuda.amp.GradScaler(args...)` is deprecated. Please use `torch.amp.GradScaler('cuda', args...)` instead.
  scaler = torch.cuda.amp.GradScaler(enabled=(orig_dtype==torch.float16))

I0321 00:02:00.667659 1532452 finetune.py:68] layer 13_v @ epoch 2 new loss 6.50124202365987e-05 old loss 7.027730316622183e-05 BETTER
I0321 00:02:02.646969 1532398 finetune.py:68] layer 12_v @ epoch 4 new loss 5.8499961596680805e-05 old loss 6.103799387346953e-05 BETTER
I0321 00:02:13.138319 1532506 finetune.py:68] layer 14_v @ epoch 0 new loss 0.00010758308053482324 old loss 0.0002092529321089387 BETTER
I0321 00:02:19.307358 1532398 finetune.py:45] layer 12_q initial loss 7.345824997173622e-05
I0321 00:02:37.021393 1532452 finetune.py:68] layer 13_v @ epoch 3 new loss 6.164739170344546e-05 old loss 6.50124202365987e-05 BETTER
I0321 00:02:44.663032 1531629 quantize_finetune_llama.py:234] computed original embedding for layer 15 in 79.39679336547852s
I0321 00:02:49.221469 1532506 finetune.py:68] layer 14_v @ epoch 1 new loss 9.259532816940919e-05 old loss 0.00010758308053482324 BETTER
I0321 00:02:49.281694 1532560 config.py:54] PyTorch version 2.6.0 available.
W0321 00:02:49.734930 1532560 warnings.py:109] /opt/conda/lib/python3.10/site-packages/torchvision/io/image.py:13: UserWarning: Failed to load image Python extension: '/opt/conda/lib/python3.10/site-packages/torchvision/image.so: undefined symbol: _ZN3c1017RegisterOperatorsD1Ev'If you don't plan on using image functionality from `torchvision.io`, you can ignore this warning. Otherwise, there might be something wrong with your environment. Did you have `libjpeg` or `libpng` installed before building `torchvision` from source?
  warn(

W0321 00:02:51.010231 1532560 warnings.py:109] /opt/conda/lib/python3.10/site-packages/compressai/models/video/google.py:353: FutureWarning: `torch.cuda.amp.autocast(args...)` is deprecated. Please use `torch.amp.autocast('cuda', args...)` instead.
  @amp.autocast(enabled=False)

I0321 00:02:51.015290 1531629 quantize_finetune_llama.py:203] layer 16 gpu 0
I0321 00:02:51.044335 1532560 data_utils.py:336] using 256 training seqs, 128 validation seqs
I0321 00:02:54.850512 1532398 finetune.py:68] layer 12_q @ epoch 0 new loss 6.709533045068383e-05 old loss 7.345824997173622e-05 BETTER
The attention layers in this model are transitioning from computing the RoPE embeddings internally through `position_ids` (2D tensor with the indexes of the tokens), to using externally computed `position_embeddings` (Tuple of tensors, containing cos and sin). In v4.46 `position_ids` will be removed and `position_embeddings` will be mandatory.
I0321 00:03:07.896148 1532560 finetune.py:45] layer 15_v initial loss 0.00020385788229759783
W0321 00:03:07.897022 1532560 warnings.py:109] /workspace/Weight_compression/comp_lm_qtip/lib/algo/finetune.py:46: FutureWarning: `torch.cuda.amp.GradScaler(args...)` is deprecated. Please use `torch.amp.GradScaler('cuda', args...)` instead.
  scaler = torch.cuda.amp.GradScaler(enabled=(orig_dtype==torch.float16))

I0321 00:03:13.232985 1532452 finetune.py:68] layer 13_v @ epoch 4 new loss 5.923577555222437e-05 old loss 6.164739170344546e-05 BETTER
I0321 00:03:25.220359 1532506 finetune.py:68] layer 14_v @ epoch 2 new loss 8.538275142200291e-05 old loss 9.259532816940919e-05 BETTER
I0321 00:03:31.695884 1532452 finetune.py:45] layer 13_q initial loss 7.546667620772496e-05
I0321 00:03:32.900525 1532398 finetune.py:68] layer 12_q @ epoch 1 new loss 6.453747482737526e-05 old loss 6.709533045068383e-05 BETTER
I0321 00:03:42.450293 1532560 finetune.py:68] layer 15_v @ epoch 0 new loss 0.00010347668285248801 old loss 0.00020385788229759783 BETTER
I0321 00:04:02.746088 1532506 finetune.py:68] layer 14_v @ epoch 3 new loss 8.074499783106148e-05 old loss 8.538275142200291e-05 BETTER
I0321 00:04:07.056951 1532452 finetune.py:68] layer 13_q @ epoch 0 new loss 6.79661170579493e-05 old loss 7.546667620772496e-05 BETTER
I0321 00:04:10.766491 1532398 finetune.py:68] layer 12_q @ epoch 2 new loss 6.265981937758625e-05 old loss 6.453747482737526e-05 BETTER
I0321 00:04:18.379003 1532560 finetune.py:68] layer 15_v @ epoch 1 new loss 8.984816668089479e-05 old loss 0.00010347668285248801 BETTER
I0321 00:04:40.401641 1532506 finetune.py:68] layer 14_v @ epoch 4 new loss 7.748731877654791e-05 old loss 8.074499783106148e-05 BETTER
I0321 00:04:43.173486 1532452 finetune.py:68] layer 13_q @ epoch 1 new loss 6.549023237312213e-05 old loss 6.79661170579493e-05 BETTER
I0321 00:04:47.807502 1532398 finetune.py:68] layer 12_q @ epoch 3 new loss 6.117701559560373e-05 old loss 6.265981937758625e-05 BETTER
I0321 00:04:53.397271 1532560 finetune.py:68] layer 15_v @ epoch 2 new loss 8.315320883411914e-05 old loss 8.984816668089479e-05 BETTER
I0321 00:05:00.205803 1532506 finetune.py:45] layer 14_q initial loss 9.504538320470601e-05
I0321 00:05:19.079359 1532452 finetune.py:68] layer 13_q @ epoch 2 new loss 6.366216985043138e-05 old loss 6.549023237312213e-05 BETTER
I0321 00:05:26.283692 1532398 finetune.py:68] layer 12_q @ epoch 4 new loss 5.995696483296342e-05 old loss 6.117701559560373e-05 BETTER
I0321 00:05:29.769912 1532560 finetune.py:68] layer 15_v @ epoch 3 new loss 7.883268699515611e-05 old loss 8.315320883411914e-05 BETTER
I0321 00:05:34.496803 1532506 finetune.py:68] layer 14_q @ epoch 0 new loss 8.722036727704108e-05 old loss 9.504538320470601e-05 BETTER
I0321 00:05:44.552660 1532398 finetune.py:45] layer 12_k initial loss 7.301295408979058e-05
I0321 00:05:55.132304 1532452 finetune.py:68] layer 13_q @ epoch 3 new loss 6.223531090654433e-05 old loss 6.366216985043138e-05 BETTER
I0321 00:06:06.020971 1532560 finetune.py:68] layer 15_v @ epoch 4 new loss 7.56576846470125e-05 old loss 7.883268699515611e-05 BETTER
I0321 00:06:11.016863 1532506 finetune.py:68] layer 14_q @ epoch 1 new loss 8.387559500988573e-05 old loss 8.722036727704108e-05 BETTER
I0321 00:06:20.241521 1532398 finetune.py:68] layer 12_k @ epoch 0 new loss 6.853674130979925e-05 old loss 7.301295408979058e-05 BETTER
I0321 00:06:24.045933 1532560 finetune.py:45] layer 15_q initial loss 9.629393753129989e-05
I0321 00:06:31.209630 1532452 finetune.py:68] layer 13_q @ epoch 4 new loss 6.107559602241963e-05 old loss 6.223531090654433e-05 BETTER
I0321 00:06:48.110601 1532506 finetune.py:68] layer 14_q @ epoch 2 new loss 8.144890307448804e-05 old loss 8.387559500988573e-05 BETTER
I0321 00:06:49.362679 1532452 finetune.py:45] layer 13_k initial loss 7.433947757817805e-05
I0321 00:06:57.647712 1532398 finetune.py:68] layer 12_k @ epoch 1 new loss 6.745647988282144e-05 old loss 6.853674130979925e-05 BETTER
I0321 00:06:59.072354 1532560 finetune.py:68] layer 15_q @ epoch 0 new loss 8.680132305016741e-05 old loss 9.629393753129989e-05 BETTER
I0321 00:07:24.740717 1532452 finetune.py:68] layer 13_k @ epoch 0 new loss 6.99357406119816e-05 old loss 7.433947757817805e-05 BETTER
I0321 00:07:25.494966 1532506 finetune.py:68] layer 14_q @ epoch 3 new loss 7.950373401399702e-05 old loss 8.144890307448804e-05 BETTER
I0321 00:07:36.097871 1532398 finetune.py:68] layer 12_k @ epoch 2 new loss 6.654160824837163e-05 old loss 6.745647988282144e-05 BETTER
I0321 00:07:36.262278 1532560 finetune.py:68] layer 15_q @ epoch 1 new loss 8.342808723682538e-05 old loss 8.680132305016741e-05 BETTER
I0321 00:08:01.486923 1532452 finetune.py:68] layer 13_k @ epoch 1 new loss 6.884267349960282e-05 old loss 6.99357406119816e-05 BETTER
I0321 00:08:02.865908 1532506 finetune.py:68] layer 14_q @ epoch 4 new loss 7.78991452534683e-05 old loss 7.950373401399702e-05 BETTER
I0321 00:08:11.826610 1532560 finetune.py:68] layer 15_q @ epoch 2 new loss 8.093820360954851e-05 old loss 8.342808723682538e-05 BETTER
I0321 00:08:13.007605 1532398 finetune.py:68] layer 12_k @ epoch 3 new loss 6.576521991519257e-05 old loss 6.654160824837163e-05 BETTER
I0321 00:08:21.322962 1532506 finetune.py:45] layer 14_k initial loss 9.27072178456001e-05
I0321 00:08:36.751798 1532452 finetune.py:68] layer 13_k @ epoch 2 new loss 6.793326610932127e-05 old loss 6.884267349960282e-05 BETTER
I0321 00:08:47.805007 1532560 finetune.py:68] layer 15_q @ epoch 3 new loss 7.899056072346866e-05 old loss 8.093820360954851e-05 BETTER
I0321 00:08:50.919101 1532398 finetune.py:68] layer 12_k @ epoch 4 new loss 6.508332444354892e-05 old loss 6.576521991519257e-05 BETTER
I0321 00:08:55.864853 1532506 finetune.py:68] layer 14_k @ epoch 0 new loss 8.875148341758177e-05 old loss 9.27072178456001e-05 BETTER
I0321 00:09:09.992697 1532398 finetune.py:45] layer 12_o initial loss 0.00018276978516951203
I0321 00:09:12.110709 1532452 finetune.py:68] layer 13_k @ epoch 3 new loss 6.721389945596457e-05 old loss 6.793326610932127e-05 BETTER
I0321 00:09:23.294147 1532560 finetune.py:68] layer 15_q @ epoch 4 new loss 7.736271800240502e-05 old loss 7.899056072346866e-05 BETTER
I0321 00:09:30.636976 1532506 finetune.py:68] layer 14_k @ epoch 1 new loss 8.723959763301536e-05 old loss 8.875148341758177e-05 BETTER
I0321 00:09:41.015497 1532560 finetune.py:45] layer 15_k initial loss 9.332483023172244e-05
I0321 00:09:45.558663 1532398 finetune.py:68] layer 12_o @ epoch 0 new loss 0.00016862682241480798 old loss 0.00018276978516951203 BETTER
I0321 00:09:47.983426 1532452 finetune.py:68] layer 13_k @ epoch 4 new loss 6.654854951193556e-05 old loss 6.721389945596457e-05 BETTER
I0321 00:10:06.188329 1532452 finetune.py:45] layer 13_o initial loss 0.00018590503896120936
I0321 00:10:07.729147 1532506 finetune.py:68] layer 14_k @ epoch 2 new loss 8.602122397860512e-05 old loss 8.723959763301536e-05 BETTER
I0321 00:10:15.541806 1532560 finetune.py:68] layer 15_k @ epoch 0 new loss 8.882502879714593e-05 old loss 9.332483023172244e-05 BETTER
I0321 00:10:22.019676 1532398 finetune.py:68] layer 12_o @ epoch 1 new loss 0.0001618598762433976 old loss 0.00016862682241480798 BETTER
I0321 00:10:40.633465 1532452 finetune.py:68] layer 13_o @ epoch 0 new loss 0.00017035978089552373 old loss 0.00018590503896120936 BETTER
I0321 00:10:43.728828 1532506 finetune.py:68] layer 14_k @ epoch 3 new loss 8.499059185851365e-05 old loss 8.602122397860512e-05 BETTER
I0321 00:10:50.380016 1532560 finetune.py:68] layer 15_k @ epoch 1 new loss 8.731975685805082e-05 old loss 8.882502879714593e-05 BETTER
I0321 00:10:57.464189 1532398 finetune.py:68] layer 12_o @ epoch 2 new loss 0.00015722832176834345 old loss 0.0001618598762433976 BETTER
I0321 00:11:15.987633 1532452 finetune.py:68] layer 13_o @ epoch 1 new loss 0.00016313882952090353 old loss 0.00017035978089552373 BETTER
I0321 00:11:20.267724 1532506 finetune.py:68] layer 14_k @ epoch 4 new loss 8.411726594204083e-05 old loss 8.499059185851365e-05 BETTER
I0321 00:11:24.999453 1532560 finetune.py:68] layer 15_k @ epoch 2 new loss 8.612649980932474e-05 old loss 8.731975685805082e-05 BETTER
I0321 00:11:33.453276 1532398 finetune.py:68] layer 12_o @ epoch 3 new loss 0.00015375092334579676 old loss 0.00015722832176834345 BETTER
I0321 00:11:38.809172 1532506 finetune.py:45] layer 14_o initial loss 0.0002343416417716071
I0321 00:11:51.079724 1532452 finetune.py:68] layer 13_o @ epoch 2 new loss 0.00015828954929020256 old loss 0.00016313882952090353 BETTER
I0321 00:12:00.561383 1532560 finetune.py:68] layer 15_k @ epoch 3 new loss 8.512449858244509e-05 old loss 8.612649980932474e-05 BETTER
I0321 00:12:10.370983 1532398 finetune.py:68] layer 12_o @ epoch 4 new loss 0.00015101458120625466 old loss 0.00015375092334579676 BETTER
I0321 00:12:13.131645 1532506 finetune.py:68] layer 14_o @ epoch 0 new loss 0.0002170150983147323 old loss 0.0002343416417716071 BETTER
I0321 00:12:25.465519 1532452 finetune.py:68] layer 13_o @ epoch 3 new loss 0.00015464823809452355 old loss 0.00015828954929020256 BETTER
I0321 00:12:35.616157 1532560 finetune.py:68] layer 15_k @ epoch 4 new loss 8.428323781117797e-05 old loss 8.512449858244509e-05 BETTER
I0321 00:12:39.380119 1532398 finetune.py:45] layer 12_up initial loss 0.00022517962497659028
I0321 00:12:47.685960 1532506 finetune.py:68] layer 14_o @ epoch 1 new loss 0.0002087982138618827 old loss 0.0002170150983147323 BETTER
I0321 00:12:54.441226 1532560 finetune.py:45] layer 15_o initial loss 0.0002362580125918612
I0321 00:13:00.838024 1532452 finetune.py:68] layer 13_o @ epoch 4 new loss 0.00015179281763266772 old loss 0.00015464823809452355 BETTER
I0321 00:13:12.275622 1532398 finetune.py:68] layer 12_up @ epoch 0 new loss 0.00021891137294005603 old loss 0.00022517962497659028 BETTER
I0321 00:13:24.042261 1532506 finetune.py:68] layer 14_o @ epoch 2 new loss 0.0002032006304943934 old loss 0.0002087982138618827 BETTER
I0321 00:13:27.979990 1532560 finetune.py:68] layer 15_o @ epoch 0 new loss 0.00021450090571306646 old loss 0.0002362580125918612 BETTER
I0321 00:13:30.461608 1532452 finetune.py:45] layer 13_up initial loss 0.0002404615079285577
I0321 00:13:47.607362 1532398 finetune.py:68] layer 12_up @ epoch 1 new loss 0.00021540063607972115 old loss 0.00021891137294005603 BETTER
I0321 00:14:00.980197 1532506 finetune.py:68] layer 14_o @ epoch 3 new loss 0.00019890512339770794 old loss 0.0002032006304943934 BETTER
I0321 00:14:03.508128 1532452 finetune.py:68] layer 13_up @ epoch 0 new loss 0.00023252348182722926 old loss 0.0002404615079285577 BETTER
I0321 00:14:03.752172 1532560 finetune.py:68] layer 15_o @ epoch 1 new loss 0.00020546728046610951 old loss 0.00021450090571306646 BETTER
I0321 00:14:22.521343 1532398 finetune.py:68] layer 12_up @ epoch 2 new loss 0.000212647850275971 old loss 0.00021540063607972115 BETTER
I0321 00:14:38.523931 1532452 finetune.py:68] layer 13_up @ epoch 1 new loss 0.00022830306261312217 old loss 0.00023252348182722926 BETTER
I0321 00:14:38.627570 1532506 finetune.py:68] layer 14_o @ epoch 4 new loss 0.00019550046999938786 old loss 0.00019890512339770794 BETTER
I0321 00:14:39.566389 1532560 finetune.py:68] layer 15_o @ epoch 2 new loss 0.0001994313352042809 old loss 0.00020546728046610951 BETTER
I0321 00:14:57.116845 1532398 finetune.py:68] layer 12_up @ epoch 3 new loss 0.00021029279741924256 old loss 0.000212647850275971 BETTER
I0321 00:15:09.332417 1532506 finetune.py:45] layer 14_up initial loss 0.0002935614320449531
I0321 00:15:13.132359 1532452 finetune.py:68] layer 13_up @ epoch 2 new loss 0.00022506050299853086 old loss 0.00022830306261312217 BETTER
I0321 00:15:14.591635 1532560 finetune.py:68] layer 15_o @ epoch 3 new loss 0.0001949934958247468 old loss 0.0001994313352042809 BETTER
I0321 00:15:32.118126 1532398 finetune.py:68] layer 12_up @ epoch 4 new loss 0.0002082917926600203 old loss 0.00021029279741924256 BETTER
I0321 00:15:41.908739 1532506 finetune.py:68] layer 14_up @ epoch 0 new loss 0.00028535170713439584 old loss 0.0002935614320449531 BETTER
I0321 00:15:46.979162 1532452 finetune.py:68] layer 13_up @ epoch 3 new loss 0.0002223476767539978 old loss 0.00022506050299853086 BETTER
I0321 00:15:49.057168 1532560 finetune.py:68] layer 15_o @ epoch 4 new loss 0.00019149479339830577 old loss 0.0001949934958247468 BETTER
I0321 00:16:02.535315 1532398 finetune.py:45] layer 12_gate initial loss 0.00026026368141174316
I0321 00:16:16.867761 1532506 finetune.py:68] layer 14_up @ epoch 1 new loss 0.0002807702694553882 old loss 0.00028535170713439584 BETTER
I0321 00:16:20.509422 1532560 finetune.py:45] layer 15_up initial loss 0.0003110719844698906
I0321 00:16:22.153242 1532452 finetune.py:68] layer 13_up @ epoch 4 new loss 0.00022005350911058486 old loss 0.0002223476767539978 BETTER
I0321 00:16:34.031813 1532398 finetune.py:68] layer 12_gate @ epoch 0 new loss 0.00025737404939718544 old loss 0.00026026368141174316 BETTER
I0321 00:16:52.160434 1532506 finetune.py:68] layer 14_up @ epoch 2 new loss 0.00027726287953555584 old loss 0.0002807702694553882 BETTER
I0321 00:16:53.671129 1532560 finetune.py:68] layer 15_up @ epoch 0 new loss 0.0003005216713063419 old loss 0.0003110719844698906 BETTER
I0321 00:16:53.861981 1532452 finetune.py:45] layer 13_gate initial loss 0.0002831687161233276
I0321 00:17:07.613298 1532398 finetune.py:68] layer 12_gate @ epoch 1 new loss 0.0002554177481215447 old loss 0.00025737404939718544 BETTER
I0321 00:17:24.833040 1532452 finetune.py:68] layer 13_gate @ epoch 0 new loss 0.00027949517243541777 old loss 0.0002831687161233276 BETTER
I0321 00:17:28.223471 1532560 finetune.py:68] layer 15_up @ epoch 1 new loss 0.00029502189136110246 old loss 0.0003005216713063419 BETTER
I0321 00:17:28.405605 1532506 finetune.py:68] layer 14_up @ epoch 3 new loss 0.0002743007498793304 old loss 0.00027726287953555584 BETTER
I0321 00:17:40.770675 1532398 finetune.py:68] layer 12_gate @ epoch 2 new loss 0.0002537872060202062 old loss 0.0002554177481215447 BETTER
I0321 00:17:58.182203 1532452 finetune.py:68] layer 13_gate @ epoch 1 new loss 0.0002771267609205097 old loss 0.00027949517243541777 BETTER
I0321 00:18:03.624963 1532560 finetune.py:68] layer 15_up @ epoch 2 new loss 0.0002907954913098365 old loss 0.00029502189136110246 BETTER
I0321 00:18:04.176995 1532506 finetune.py:68] layer 14_up @ epoch 4 new loss 0.0002717485185712576 old loss 0.0002743007498793304 BETTER
I0321 00:18:14.040717 1532398 finetune.py:68] layer 12_gate @ epoch 3 new loss 0.0002523819275666028 old loss 0.0002537872060202062 BETTER
I0321 00:18:31.084361 1532452 finetune.py:68] layer 13_gate @ epoch 2 new loss 0.0002752001164481044 old loss 0.0002771267609205097 BETTER
I0321 00:18:37.154098 1532506 finetune.py:45] layer 14_gate initial loss 0.0003446655464358628
I0321 00:18:37.865951 1532560 finetune.py:68] layer 15_up @ epoch 3 new loss 0.0002873786143027246 old loss 0.0002907954913098365 BETTER
I0321 00:18:46.869068 1532398 finetune.py:68] layer 12_gate @ epoch 4 new loss 0.0002511425700504333 old loss 0.0002523819275666028 BETTER
I0321 00:19:03.122978 1532452 finetune.py:68] layer 13_gate @ epoch 3 new loss 0.00027353790937922895 old loss 0.0002752001164481044 BETTER
I0321 00:19:08.170196 1532506 finetune.py:68] layer 14_gate @ epoch 0 new loss 0.0003407329204492271 old loss 0.0003446655464358628 BETTER
I0321 00:19:11.541503 1532560 finetune.py:68] layer 15_up @ epoch 4 new loss 0.00028452189872041345 old loss 0.0002873786143027246 BETTER
I0321 00:19:18.767054 1532398 finetune.py:45] layer 12_down initial loss 0.0003676903434097767
I0321 00:19:34.917159 1532452 finetune.py:68] layer 13_gate @ epoch 4 new loss 0.0002720826305449009 old loss 0.00027353790937922895 BETTER
I0321 00:19:40.574002 1532506 finetune.py:68] layer 14_gate @ epoch 1 new loss 0.00033812038600444794 old loss 0.0003407329204492271 BETTER
I0321 00:19:43.099344 1532560 finetune.py:45] layer 15_gate initial loss 0.0003750867326743901
I0321 00:19:49.039162 1532398 finetune.py:68] layer 12_down @ epoch 0 new loss 0.00036765728145837784 old loss 0.0003676903434097767 BETTER
I0321 00:20:07.881378 1532452 finetune.py:45] layer 13_down initial loss 0.00041659484850242734
I0321 00:20:14.957839 1532560 finetune.py:68] layer 15_gate @ epoch 0 new loss 0.00036990485386922956 old loss 0.0003750867326743901 BETTER
I0321 00:20:15.156054 1532506 finetune.py:68] layer 14_gate @ epoch 2 new loss 0.00033600631286390126 old loss 0.00033812038600444794 BETTER
I0321 00:20:21.806077 1532398 finetune.py:68] layer 12_down @ epoch 1 new loss 0.0003676320193335414 old loss 0.00036765728145837784 BETTER
I0321 00:20:37.873211 1532452 finetune.py:68] layer 13_down @ epoch 0 new loss 0.00041654740925878286 old loss 0.00041659484850242734 BETTER
I0321 00:20:48.290168 1532560 finetune.py:68] layer 15_gate @ epoch 1 new loss 0.00036666603409685194 old loss 0.00036990485386922956 BETTER
I0321 00:20:49.316581 1532506 finetune.py:68] layer 14_gate @ epoch 3 new loss 0.00033417053055018187 old loss 0.00033600631286390126 BETTER
I0321 00:20:54.074797 1532398 finetune.py:68] layer 12_down @ epoch 2 new loss 0.0003676202322822064 old loss 0.0003676320193335414 BETTER
I0321 00:21:09.046598 1532452 finetune.py:68] layer 13_down @ epoch 1 new loss 0.0004165192658547312 old loss 0.00041654740925878286 BETTER
I0321 00:21:21.038895 1532560 finetune.py:68] layer 15_gate @ epoch 2 new loss 0.0003641286166384816 old loss 0.00036666603409685194 BETTER
I0321 00:21:23.125386 1532506 finetune.py:68] layer 14_gate @ epoch 4 new loss 0.00033257403993047774 old loss 0.00033417053055018187 BETTER
I0321 00:21:26.572454 1532398 finetune.py:68] layer 12_down @ epoch 3 new loss 0.0003676129854284227 old loss 0.0003676202322822064 BETTER
I0321 00:21:39.618480 1532452 finetune.py:68] layer 13_down @ epoch 2 new loss 0.00041649985359981656 old loss 0.0004165192658547312 BETTER
I0321 00:21:53.409806 1532560 finetune.py:68] layer 15_gate @ epoch 3 new loss 0.0003619571798481047 old loss 0.0003641286166384816 BETTER
I0321 00:21:59.061786 1532398 finetune.py:68] layer 12_down @ epoch 4 new loss 0.0003676027408801019 old loss 0.0003676129854284227 BETTER
I0321 00:21:59.247220 1532506 finetune.py:45] layer 14_down initial loss 0.0005007735453546047
12_v proxy err 0.011099142953753471 tr(WHW.T) 703.318603515625
bpp_loss 3.5237964391708374
12_q proxy err 0.0013463806826621294 tr(WHW.T) 7050.29931640625
bpp_loss 4.175138473510742
12_k proxy err 0.0008848775760270655 tr(WHW.T) 10912.7177734375
bpp_loss 4.22894024848938
12_o proxy err 0.013957081362605095 tr(WHW.T) 39.5162353515625
bpp_loss 3.5157140493392944
12_up proxy err 0.00556804146617651 tr(WHW.T) 1228.728759765625
bpp_loss 3.7543384640715844
12_gate proxy err 0.002938950667157769 tr(WHW.T) 2381.41064453125
bpp_loss 3.806921670603198
12_down proxy err 0.007589979562908411 tr(WHW.T) 64.44345092773438
bpp_loss 3.7398071510847224
I0321 00:22:10.978653 1532452 finetune.py:68] layer 13_down @ epoch 3 new loss 0.00041648754267953336 old loss 0.00041649985359981656 BETTER
I0321 00:22:27.010288 1532560 finetune.py:68] layer 15_gate @ epoch 4 new loss 0.0003601043135859072 old loss 0.0003619571798481047 BETTER
I0321 00:22:29.764222 1532506 finetune.py:68] layer 14_down @ epoch 0 new loss 0.0005007204599678516 old loss 0.0005007735453546047 BETTER
I0321 00:22:40.701567 1532452 finetune.py:68] layer 13_down @ epoch 4 new loss 0.00041647584293968976 old loss 0.00041648754267953336 BETTER
13_v proxy err 0.011026892811059952 tr(WHW.T) 714.5677490234375
bpp_loss 3.557979106903076
13_q proxy err 0.0013472544960677624 tr(WHW.T) 6960.8896484375
bpp_loss 4.158705949783325
13_k proxy err 0.0009167614043690264 tr(WHW.T) 10451.8271484375
bpp_loss 4.189858436584473
13_o proxy err 0.01242339052259922 tr(WHW.T) 46.03984451293945
bpp_loss 3.5483267307281494
13_up proxy err 0.005368180572986603 tr(WHW.T) 1367.76513671875
bpp_loss 3.76692412620367
13_gate proxy err 0.002878322033211589 tr(WHW.T) 2602.98388671875
bpp_loss 3.8021825746048328
13_down proxy err 0.007618349511176348 tr(WHW.T) 79.67709350585938
bpp_loss 3.7496052231899526
I0321 00:22:56.060640 1532560 finetune.py:45] layer 15_down initial loss 0.000572477001696825
I0321 00:22:59.651392 1532506 finetune.py:68] layer 14_down @ epoch 1 new loss 0.0005006910650990903 old loss 0.0005007204599678516 BETTER
I0321 00:23:24.111587 1532560 finetune.py:68] layer 15_down @ epoch 0 new loss 0.0005724111688323319 old loss 0.000572477001696825 BETTER
I0321 00:23:29.581622 1532506 finetune.py:68] layer 14_down @ epoch 2 new loss 0.0005006722058169544 old loss 0.0005006910650990903 BETTER
I0321 00:23:53.634217 1532560 finetune.py:68] layer 15_down @ epoch 1 new loss 0.00057237345026806 old loss 0.0005724111688323319 BETTER
I0321 00:23:59.323704 1532506 finetune.py:68] layer 14_down @ epoch 3 new loss 0.0005006587016396224 old loss 0.0005006722058169544 BETTER
I0321 00:24:04.165410 1531629 quantize_finetune_llama.py:234] computed original embedding for layer 16 in 77.20057773590088s
I0321 00:24:08.463146 1532614 config.py:54] PyTorch version 2.6.0 available.
W0321 00:24:08.874789 1532614 warnings.py:109] /opt/conda/lib/python3.10/site-packages/torchvision/io/image.py:13: UserWarning: Failed to load image Python extension: '/opt/conda/lib/python3.10/site-packages/torchvision/image.so: undefined symbol: _ZN3c1017RegisterOperatorsD1Ev'If you don't plan on using image functionality from `torchvision.io`, you can ignore this warning. Otherwise, there might be something wrong with your environment. Did you have `libjpeg` or `libpng` installed before building `torchvision` from source?
  warn(

W0321 00:24:10.066651 1532614 warnings.py:109] /opt/conda/lib/python3.10/site-packages/compressai/models/video/google.py:353: FutureWarning: `torch.cuda.amp.autocast(args...)` is deprecated. Please use `torch.amp.autocast('cuda', args...)` instead.
  @amp.autocast(enabled=False)

I0321 00:24:10.078285 1531629 quantize_finetune_llama.py:203] layer 17 gpu 1
I0321 00:24:10.097842 1532614 data_utils.py:336] using 256 training seqs, 128 validation seqs
The attention layers in this model are transitioning from computing the RoPE embeddings internally through `position_ids` (2D tensor with the indexes of the tokens), to using externally computed `position_embeddings` (Tuple of tensors, containing cos and sin). In v4.46 `position_ids` will be removed and `position_embeddings` will be mandatory.
I0321 00:24:23.226118 1532560 finetune.py:68] layer 15_down @ epoch 2 new loss 0.000572348537389189 old loss 0.00057237345026806 BETTER
I0321 00:24:26.339800 1532614 finetune.py:45] layer 16_v initial loss 0.00024015437520574778
W0321 00:24:26.340385 1532614 warnings.py:109] /workspace/Weight_compression/comp_lm_qtip/lib/algo/finetune.py:46: FutureWarning: `torch.cuda.amp.GradScaler(args...)` is deprecated. Please use `torch.amp.GradScaler('cuda', args...)` instead.
  scaler = torch.cuda.amp.GradScaler(enabled=(orig_dtype==torch.float16))

I0321 00:24:29.915872 1532506 finetune.py:68] layer 14_down @ epoch 4 new loss 0.0005006474093534052 old loss 0.0005006587016396224 BETTER
14_v proxy err 0.01165449433028698 tr(WHW.T) 706.1612548828125
bpp_loss 3.5400612354278564
14_q proxy err 0.0013780399458482862 tr(WHW.T) 7080.75
bpp_loss 4.15415358543396
14_k proxy err 0.0008821543306112289 tr(WHW.T) 11316.4091796875
bpp_loss 4.187345266342163
14_o proxy err 0.013645685277879238 tr(WHW.T) 51.252437591552734
bpp_loss 3.5296322107315063
14_up proxy err 0.00541680958122015 tr(WHW.T) 1465.4935302734375
bpp_loss 3.7683178214139716
14_gate proxy err 0.003011850407347083 tr(WHW.T) 2684.039794921875
bpp_loss 3.799610049225563
14_down proxy err 0.007783304899930954 tr(WHW.T) 90.69793701171875
bpp_loss 3.7508745193481445
I0321 00:24:52.534489 1532560 finetune.py:68] layer 15_down @ epoch 3 new loss 0.0005723298527300358 old loss 0.000572348537389189 BETTER
I0321 00:25:01.675186 1532614 finetune.py:68] layer 16_v @ epoch 0 new loss 0.00013161776587367058 old loss 0.00024015437520574778 BETTER
I0321 00:25:21.328385 1532560 finetune.py:68] layer 15_down @ epoch 4 new loss 0.0005723148351535201 old loss 0.0005723298527300358 BETTER
15_v proxy err 0.010668395087122917 tr(WHW.T) 762.7275390625
bpp_loss 3.578308343887329
15_q proxy err 0.001328361569903791 tr(WHW.T) 7256.95751953125
bpp_loss 4.133378505706787
15_k proxy err 0.000892824842594564 tr(WHW.T) 11095.6162109375
bpp_loss 4.19167685508728
15_o proxy err 0.011669824831187725 tr(WHW.T) 59.94387435913086
bpp_loss 3.5653825998306274
15_up proxy err 0.005287954583764076 tr(WHW.T) 1641.3719482421875
bpp_loss 3.775030624034793
15_gate proxy err 0.0030421207193285227 tr(WHW.T) 2906.453857421875
bpp_loss 3.8064589389534884
15_down proxy err 0.007783796172589064 tr(WHW.T) 114.64061737060547
bpp_loss 3.755335253338481
I0321 00:25:37.150846 1532614 finetune.py:68] layer 16_v @ epoch 1 new loss 0.00011561710562091321 old loss 0.00013161776587367058 BETTER
I0321 00:25:47.594943 1531629 quantize_finetune_llama.py:234] computed original embedding for layer 17 in 71.97471284866333s
I0321 00:25:51.707312 1532668 config.py:54] PyTorch version 2.6.0 available.
W0321 00:25:52.090208 1532668 warnings.py:109] /opt/conda/lib/python3.10/site-packages/torchvision/io/image.py:13: UserWarning: Failed to load image Python extension: '/opt/conda/lib/python3.10/site-packages/torchvision/image.so: undefined symbol: _ZN3c1017RegisterOperatorsD1Ev'If you don't plan on using image functionality from `torchvision.io`, you can ignore this warning. Otherwise, there might be something wrong with your environment. Did you have `libjpeg` or `libpng` installed before building `torchvision` from source?
  warn(

W0321 00:25:53.133197 1532668 warnings.py:109] /opt/conda/lib/python3.10/site-packages/compressai/models/video/google.py:353: FutureWarning: `torch.cuda.amp.autocast(args...)` is deprecated. Please use `torch.amp.autocast('cuda', args...)` instead.
  @amp.autocast(enabled=False)

I0321 00:25:53.138313 1531629 quantize_finetune_llama.py:203] layer 18 gpu 2
I0321 00:25:53.157141 1532668 data_utils.py:336] using 256 training seqs, 128 validation seqs
The attention layers in this model are transitioning from computing the RoPE embeddings internally through `position_ids` (2D tensor with the indexes of the tokens), to using externally computed `position_embeddings` (Tuple of tensors, containing cos and sin). In v4.46 `position_ids` will be removed and `position_embeddings` will be mandatory.
I0321 00:26:06.917564 1532668 finetune.py:45] layer 17_v initial loss 0.00019925073138438165
W0321 00:26:06.917878 1532668 warnings.py:109] /workspace/Weight_compression/comp_lm_qtip/lib/algo/finetune.py:46: FutureWarning: `torch.cuda.amp.GradScaler(args...)` is deprecated. Please use `torch.amp.GradScaler('cuda', args...)` instead.
  scaler = torch.cuda.amp.GradScaler(enabled=(orig_dtype==torch.float16))

I0321 00:26:14.584525 1532614 finetune.py:68] layer 16_v @ epoch 2 new loss 0.00010736710100900382 old loss 0.00011561710562091321 BETTER
I0321 00:26:39.103520 1532668 finetune.py:68] layer 17_v @ epoch 0 new loss 0.00010885761730605736 old loss 0.00019925073138438165 BETTER
I0321 00:26:51.834789 1532614 finetune.py:68] layer 16_v @ epoch 3 new loss 0.00010200480028288439 old loss 0.00010736710100900382 BETTER
I0321 00:27:06.122839 1531629 quantize_finetune_llama.py:234] computed original embedding for layer 18 in 72.44002175331116s
I0321 00:27:10.673505 1532722 config.py:54] PyTorch version 2.6.0 available.
W0321 00:27:11.183088 1532722 warnings.py:109] /opt/conda/lib/python3.10/site-packages/torchvision/io/image.py:13: UserWarning: Failed to load image Python extension: '/opt/conda/lib/python3.10/site-packages/torchvision/image.so: undefined symbol: _ZN3c1017RegisterOperatorsD1Ev'If you don't plan on using image functionality from `torchvision.io`, you can ignore this warning. Otherwise, there might be something wrong with your environment. Did you have `libjpeg` or `libpng` installed before building `torchvision` from source?
  warn(

W0321 00:27:12.280112 1532722 warnings.py:109] /opt/conda/lib/python3.10/site-packages/compressai/models/video/google.py:353: FutureWarning: `torch.cuda.amp.autocast(args...)` is deprecated. Please use `torch.amp.autocast('cuda', args...)` instead.
  @amp.autocast(enabled=False)

I0321 00:27:12.284268 1531629 quantize_finetune_llama.py:203] layer 19 gpu 3
I0321 00:27:12.297977 1532722 data_utils.py:336] using 256 training seqs, 128 validation seqs
I0321 00:27:13.494419 1532668 finetune.py:68] layer 17_v @ epoch 1 new loss 9.659640636527911e-05 old loss 0.00010885761730605736 BETTER
The attention layers in this model are transitioning from computing the RoPE embeddings internally through `position_ids` (2D tensor with the indexes of the tokens), to using externally computed `position_embeddings` (Tuple of tensors, containing cos and sin). In v4.46 `position_ids` will be removed and `position_embeddings` will be mandatory.
I0321 00:27:27.049606 1532722 finetune.py:45] layer 18_v initial loss 0.00020357086032163352
W0321 00:27:27.050371 1532722 warnings.py:109] /workspace/Weight_compression/comp_lm_qtip/lib/algo/finetune.py:46: FutureWarning: `torch.cuda.amp.GradScaler(args...)` is deprecated. Please use `torch.amp.GradScaler('cuda', args...)` instead.
  scaler = torch.cuda.amp.GradScaler(enabled=(orig_dtype==torch.float16))

I0321 00:27:29.415950 1532614 finetune.py:68] layer 16_v @ epoch 4 new loss 9.803691500565037e-05 old loss 0.00010200480028288439 BETTER
I0321 00:27:45.826716 1532614 finetune.py:45] layer 16_q initial loss 0.0001214160438394174
I0321 00:27:48.964066 1532668 finetune.py:68] layer 17_v @ epoch 2 new loss 9.031326771946624e-05 old loss 9.659640636527911e-05 BETTER
I0321 00:28:01.135465 1532722 finetune.py:68] layer 18_v @ epoch 0 new loss 0.00010540820221649483 old loss 0.00020357086032163352 BETTER
I0321 00:28:22.306163 1532614 finetune.py:68] layer 16_q @ epoch 0 new loss 0.0001110700104618445 old loss 0.0001214160438394174 BETTER
I0321 00:28:25.641083 1532668 finetune.py:68] layer 17_v @ epoch 3 new loss 8.604961476521567e-05 old loss 9.031326771946624e-05 BETTER
I0321 00:28:30.555783 1531629 quantize_finetune_llama.py:234] computed original embedding for layer 19 in 77.74170708656311s
I0321 00:28:35.120796 1532776 config.py:54] PyTorch version 2.6.0 available.
W0321 00:28:35.550480 1532776 warnings.py:109] /opt/conda/lib/python3.10/site-packages/torchvision/io/image.py:13: UserWarning: Failed to load image Python extension: '/opt/conda/lib/python3.10/site-packages/torchvision/image.so: undefined symbol: _ZN3c1017RegisterOperatorsD1Ev'If you don't plan on using image functionality from `torchvision.io`, you can ignore this warning. Otherwise, there might be something wrong with your environment. Did you have `libjpeg` or `libpng` installed before building `torchvision` from source?
  warn(

I0321 00:28:36.457620 1532722 finetune.py:68] layer 18_v @ epoch 1 new loss 9.435813262825832e-05 old loss 0.00010540820221649483 BETTER
W0321 00:28:36.643290 1532776 warnings.py:109] /opt/conda/lib/python3.10/site-packages/compressai/models/video/google.py:353: FutureWarning: `torch.cuda.amp.autocast(args...)` is deprecated. Please use `torch.amp.autocast('cuda', args...)` instead.
  @amp.autocast(enabled=False)

I0321 00:28:36.647414 1531629 quantize_finetune_llama.py:203] layer 20 gpu 0
I0321 00:28:36.664358 1532776 data_utils.py:336] using 256 training seqs, 128 validation seqs
The attention layers in this model are transitioning from computing the RoPE embeddings internally through `position_ids` (2D tensor with the indexes of the tokens), to using externally computed `position_embeddings` (Tuple of tensors, containing cos and sin). In v4.46 `position_ids` will be removed and `position_embeddings` will be mandatory.
I0321 00:28:52.075961 1532776 finetune.py:45] layer 19_v initial loss 0.0001972831814782694
W0321 00:28:52.076872 1532776 warnings.py:109] /workspace/Weight_compression/comp_lm_qtip/lib/algo/finetune.py:46: FutureWarning: `torch.cuda.amp.GradScaler(args...)` is deprecated. Please use `torch.amp.GradScaler('cuda', args...)` instead.
  scaler = torch.cuda.amp.GradScaler(enabled=(orig_dtype==torch.float16))

I0321 00:29:00.617480 1532614 finetune.py:68] layer 16_q @ epoch 1 new loss 0.00010683383152354509 old loss 0.0001110700104618445 BETTER
I0321 00:29:02.220067 1532668 finetune.py:68] layer 17_v @ epoch 4 new loss 8.309660915983841e-05 old loss 8.604961476521567e-05 BETTER
I0321 00:29:11.895959 1532722 finetune.py:68] layer 18_v @ epoch 2 new loss 8.858426008373499e-05 old loss 9.435813262825832e-05 BETTER
I0321 00:29:19.880310 1532668 finetune.py:45] layer 17_q initial loss 0.00010496938193682581
I0321 00:29:26.594486 1532776 finetune.py:68] layer 19_v @ epoch 0 new loss 0.0001014170702546835 old loss 0.0001972831814782694 BETTER
I0321 00:29:37.871464 1532614 finetune.py:68] layer 16_q @ epoch 2 new loss 0.0001038934788084589 old loss 0.00010683383152354509 BETTER
I0321 00:29:47.957973 1532722 finetune.py:68] layer 18_v @ epoch 3 new loss 8.522519055986777e-05 old loss 8.858426008373499e-05 BETTER
I0321 00:29:54.841669 1532668 finetune.py:68] layer 17_q @ epoch 0 new loss 9.530394163448364e-05 old loss 0.00010496938193682581 BETTER
I0321 00:30:02.599663 1532776 finetune.py:68] layer 19_v @ epoch 1 new loss 9.080701420316473e-05 old loss 0.0001014170702546835 BETTER
I0321 00:30:15.429363 1532614 finetune.py:68] layer 16_q @ epoch 3 new loss 0.00010155689233215526 old loss 0.0001038934788084589 BETTER
I0321 00:30:24.673832 1532722 finetune.py:68] layer 18_v @ epoch 4 new loss 8.236080611823127e-05 old loss 8.522519055986777e-05 BETTER
I0321 00:30:30.496697 1532668 finetune.py:68] layer 17_q @ epoch 1 new loss 9.189016418531537e-05 old loss 9.530394163448364e-05 BETTER
I0321 00:30:38.507689 1532776 finetune.py:68] layer 19_v @ epoch 2 new loss 8.541344868717715e-05 old loss 9.080701420316473e-05 BETTER
I0321 00:30:43.023431 1532722 finetune.py:45] layer 18_q initial loss 0.00011184717732248828
I0321 00:30:53.016414 1532614 finetune.py:68] layer 16_q @ epoch 4 new loss 9.965735807782039e-05 old loss 0.00010155689233215526 BETTER
I0321 00:31:06.825715 1532668 finetune.py:68] layer 17_q @ epoch 2 new loss 8.944905857788399e-05 old loss 9.189016418531537e-05 BETTER
I0321 00:31:12.000849 1532614 finetune.py:45] layer 16_k initial loss 0.00011733594874385744
I0321 00:31:15.429871 1532776 finetune.py:68] layer 19_v @ epoch 3 new loss 8.180244185496122e-05 old loss 8.541344868717715e-05 BETTER
I0321 00:31:18.265973 1532722 finetune.py:68] layer 18_q @ epoch 0 new loss 0.00010037353786174208 old loss 0.00011184717732248828 BETTER
I0321 00:31:43.869261 1532668 finetune.py:68] layer 17_q @ epoch 3 new loss 8.754432201385498e-05 old loss 8.944905857788399e-05 BETTER
I0321 00:31:48.940786 1532614 finetune.py:68] layer 16_k @ epoch 0 new loss 0.00011290139809716493 old loss 0.00011733594874385744 BETTER
I0321 00:31:52.303771 1532776 finetune.py:68] layer 19_v @ epoch 4 new loss 7.92499486124143e-05 old loss 8.180244185496122e-05 BETTER
I0321 00:31:54.816729 1532722 finetune.py:68] layer 18_q @ epoch 1 new loss 9.685931581771001e-05 old loss 0.00010037353786174208 BETTER
I0321 00:32:10.026415 1532776 finetune.py:45] layer 19_q initial loss 0.00010309452045476064
I0321 00:32:20.725224 1532668 finetune.py:68] layer 17_q @ epoch 4 new loss 8.6004743934609e-05 old loss 8.754432201385498e-05 BETTER
I0321 00:32:25.751783 1532614 finetune.py:68] layer 16_k @ epoch 1 new loss 0.00011125143646495417 old loss 0.00011290139809716493 BETTER
I0321 00:32:30.361265 1532722 finetune.py:68] layer 18_q @ epoch 2 new loss 9.4312104920391e-05 old loss 9.685931581771001e-05 BETTER
I0321 00:32:39.912540 1532668 finetune.py:45] layer 17_k initial loss 0.00010300742724211887
I0321 00:32:44.485193 1532776 finetune.py:68] layer 19_q @ epoch 0 new loss 9.465149196330458e-05 old loss 0.00010309452045476064 BETTER
I0321 00:33:02.738976 1532614 finetune.py:68] layer 16_k @ epoch 2 new loss 0.00010993365140166134 old loss 0.00011125143646495417 BETTER
I0321 00:33:06.822555 1532722 finetune.py:68] layer 18_q @ epoch 3 new loss 9.23104744288139e-05 old loss 9.4312104920391e-05 BETTER
I0321 00:33:15.218159 1532668 finetune.py:68] layer 17_k @ epoch 0 new loss 9.861212311079726e-05 old loss 0.00010300742724211887 BETTER
I0321 00:33:20.246915 1532776 finetune.py:68] layer 19_q @ epoch 1 new loss 9.150525875156745e-05 old loss 9.465149196330458e-05 BETTER
I0321 00:33:41.116151 1532614 finetune.py:68] layer 16_k @ epoch 3 new loss 0.00010883720096899197 old loss 0.00010993365140166134 BETTER
I0321 00:33:43.583650 1532722 finetune.py:68] layer 18_q @ epoch 4 new loss 9.066801430890337e-05 old loss 9.23104744288139e-05 BETTER
I0321 00:33:50.716983 1532668 finetune.py:68] layer 17_k @ epoch 1 new loss 9.725036943564191e-05 old loss 9.861212311079726e-05 BETTER
I0321 00:33:56.091857 1532776 finetune.py:68] layer 19_q @ epoch 2 new loss 8.931316551752388e-05 old loss 9.150525875156745e-05 BETTER
I0321 00:34:01.944640 1532722 finetune.py:45] layer 18_k initial loss 0.00011458112567197531
I0321 00:34:18.059371 1532614 finetune.py:68] layer 16_k @ epoch 4 new loss 0.00010787420615088195 old loss 0.00010883720096899197 BETTER
I0321 00:34:25.987025 1532668 finetune.py:68] layer 17_k @ epoch 2 new loss 9.616341412765905e-05 old loss 9.725036943564191e-05 BETTER
I0321 00:34:32.542064 1532776 finetune.py:68] layer 19_q @ epoch 3 new loss 8.750187407713383e-05 old loss 8.931316551752388e-05 BETTER
I0321 00:34:37.180710 1532722 finetune.py:68] layer 18_k @ epoch 0 new loss 0.00010799356823554263 old loss 0.00011458112567197531 BETTER
I0321 00:34:37.196310 1532614 finetune.py:45] layer 16_o initial loss 0.00029040861409157515
I0321 00:35:02.175059 1532668 finetune.py:68] layer 17_k @ epoch 3 new loss 9.524945926386863e-05 old loss 9.616341412765905e-05 BETTER
I0321 00:35:09.945222 1532776 finetune.py:68] layer 19_q @ epoch 4 new loss 8.612933743279427e-05 old loss 8.750187407713383e-05 BETTER
I0321 00:35:13.326278 1532614 finetune.py:68] layer 16_o @ epoch 0 new loss 0.0002672130358405411 old loss 0.00029040861409157515 BETTER
I0321 00:35:13.638810 1532722 finetune.py:68] layer 18_k @ epoch 1 new loss 0.00010644915164448321 old loss 0.00010799356823554263 BETTER
I0321 00:35:28.217699 1532776 finetune.py:45] layer 19_k initial loss 0.00010622452828101814
I0321 00:35:38.253884 1532668 finetune.py:68] layer 17_k @ epoch 4 new loss 9.438224515179172e-05 old loss 9.524945926386863e-05 BETTER
I0321 00:35:49.864016 1532722 finetune.py:68] layer 18_k @ epoch 2 new loss 0.0001052576772053726 old loss 0.00010644915164448321 BETTER
I0321 00:35:50.072233 1532614 finetune.py:68] layer 16_o @ epoch 1 new loss 0.000257105624768883 old loss 0.0002672130358405411 BETTER
I0321 00:35:56.875748 1532668 finetune.py:45] layer 17_o initial loss 0.0002308059629285708
I0321 00:36:02.632208 1532776 finetune.py:68] layer 19_k @ epoch 0 new loss 0.00010086649854201823 old loss 0.00010622452828101814 BETTER
I0321 00:36:27.466630 1532722 finetune.py:68] layer 18_k @ epoch 3 new loss 0.00010427970119053498 old loss 0.0001052576772053726 BETTER
I0321 00:36:28.018465 1532614 finetune.py:68] layer 16_o @ epoch 2 new loss 0.0002501621493138373 old loss 0.000257105624768883 BETTER
I0321 00:36:31.614116 1532668 finetune.py:68] layer 17_o @ epoch 0 new loss 0.00021558710432145745 old loss 0.0002308059629285708 BETTER
I0321 00:36:38.177869 1532776 finetune.py:68] layer 19_k @ epoch 1 new loss 9.957439033314586e-05 old loss 0.00010086649854201823 BETTER
I0321 00:37:04.460210 1532722 finetune.py:68] layer 18_k @ epoch 4 new loss 0.00010345171176595613 old loss 0.00010427970119053498 BETTER
I0321 00:37:06.204005 1532614 finetune.py:68] layer 16_o @ epoch 3 new loss 0.00024492060765624046 old loss 0.0002501621493138373 BETTER
I0321 00:37:07.804043 1532668 finetune.py:68] layer 17_o @ epoch 1 new loss 0.0002087251777993515 old loss 0.00021558710432145745 BETTER
