I0320 23:15:39.532871 1532020 finetune.py:45] layer 5_k initial loss 1.3921672689320985e-05
I0320 23:15:39.772552 1532074 finetune.py:68] layer 6_q @ epoch 2 new loss 1.7478536392445676e-05 old loss 1.8098704458680004e-05 BETTER
I0320 23:15:54.863779 1532128 finetune.py:68] layer 7_q @ epoch 0 new loss 2.5118617486441508e-05 old loss 2.821650377882179e-05 BETTER
I0320 23:16:12.277654 1531966 finetune.py:68] layer 4_k @ epoch 2 new loss 8.061357220867649e-06 old loss 8.244845957960933e-06 BETTER
I0320 23:16:15.334409 1532020 finetune.py:68] layer 5_k @ epoch 0 new loss 1.3175185813452117e-05 old loss 1.3921672689320985e-05 BETTER
I0320 23:16:16.960439 1532074 finetune.py:68] layer 6_q @ epoch 3 new loss 1.6988604329526424e-05 old loss 1.7478536392445676e-05 BETTER
I0320 23:16:30.475163 1532128 finetune.py:68] layer 7_q @ epoch 1 new loss 2.405434861429967e-05 old loss 2.5118617486441508e-05 BETTER
I0320 23:16:50.815568 1531966 finetune.py:68] layer 4_k @ epoch 3 new loss 7.906939572421834e-06 old loss 8.061357220867649e-06 BETTER
I0320 23:16:52.452934 1532020 finetune.py:68] layer 5_k @ epoch 1 new loss 1.288567636947846e-05 old loss 1.3175185813452117e-05 BETTER
I0320 23:16:54.261857 1532074 finetune.py:68] layer 6_q @ epoch 4 new loss 1.6577290807617828e-05 old loss 1.6988604329526424e-05 BETTER
I0320 23:17:05.849527 1532128 finetune.py:68] layer 7_q @ epoch 2 new loss 2.3296304789255373e-05 old loss 2.405434861429967e-05 BETTER
I0320 23:17:12.422725 1532074 finetune.py:45] layer 6_k initial loss 2.0387791664688848e-05
I0320 23:17:28.761273 1531966 finetune.py:68] layer 4_k @ epoch 4 new loss 7.77355489844922e-06 old loss 7.906939572421834e-06 BETTER
I0320 23:17:28.764262 1532020 finetune.py:68] layer 5_k @ epoch 2 new loss 1.2647137737076264e-05 old loss 1.288567636947846e-05 BETTER
I0320 23:17:41.442374 1532128 finetune.py:68] layer 7_q @ epoch 3 new loss 2.2701447960571386e-05 old loss 2.3296304789255373e-05 BETTER
I0320 23:17:46.890801 1531966 finetune.py:45] layer 4_o initial loss 1.9144188627251424e-05
I0320 23:17:47.751885 1532074 finetune.py:68] layer 6_k @ epoch 0 new loss 1.8967341020470485e-05 old loss 2.0387791664688848e-05 BETTER
I0320 23:18:04.505930 1532020 finetune.py:68] layer 5_k @ epoch 3 new loss 1.2444707863323856e-05 old loss 1.2647137737076264e-05 BETTER
I0320 23:18:17.261680 1532128 finetune.py:68] layer 7_q @ epoch 4 new loss 2.2205944333109073e-05 old loss 2.2701447960571386e-05 BETTER
I0320 23:18:22.397885 1531966 finetune.py:68] layer 4_o @ epoch 0 new loss 1.8390257537248544e-05 old loss 1.9144188627251424e-05 BETTER
I0320 23:18:23.377954 1532074 finetune.py:68] layer 6_k @ epoch 1 new loss 1.8562119294074364e-05 old loss 1.8967341020470485e-05 BETTER
I0320 23:18:37.142529 1532128 finetune.py:45] layer 7_k initial loss 2.7327885618433356e-05
I0320 23:18:39.763674 1532020 finetune.py:68] layer 5_k @ epoch 4 new loss 1.2269863873370923e-05 old loss 1.2444707863323856e-05 BETTER
I0320 23:18:57.878119 1532020 finetune.py:45] layer 5_o initial loss 3.489888695185073e-05
I0320 23:19:00.129793 1531966 finetune.py:68] layer 4_o @ epoch 1 new loss 1.8026901670964435e-05 old loss 1.8390257537248544e-05 BETTER
I0320 23:19:00.649311 1532074 finetune.py:68] layer 6_k @ epoch 2 new loss 1.8245276805828325e-05 old loss 1.8562119294074364e-05 BETTER
I0320 23:19:11.146118 1532128 finetune.py:68] layer 7_k @ epoch 0 new loss 2.5752287911018357e-05 old loss 2.7327885618433356e-05 BETTER
I0320 23:19:32.393991 1532020 finetune.py:68] layer 5_o @ epoch 0 new loss 3.29714675899595e-05 old loss 3.489888695185073e-05 BETTER
I0320 23:19:37.729270 1532074 finetune.py:68] layer 6_k @ epoch 3 new loss 1.7977125025936402e-05 old loss 1.8245276805828325e-05 BETTER
I0320 23:19:38.016005 1531966 finetune.py:68] layer 4_o @ epoch 2 new loss 1.7764046788215637e-05 old loss 1.8026901670964435e-05 BETTER
I0320 23:19:46.794108 1532128 finetune.py:68] layer 7_k @ epoch 1 new loss 2.525266791053582e-05 old loss 2.5752287911018357e-05 BETTER
I0320 23:20:07.859203 1532020 finetune.py:68] layer 5_o @ epoch 1 new loss 3.1903033232083544e-05 old loss 3.29714675899595e-05 BETTER
I0320 23:20:14.694483 1532074 finetune.py:68] layer 6_k @ epoch 4 new loss 1.7758085959940217e-05 old loss 1.7977125025936402e-05 BETTER
I0320 23:20:15.864864 1531966 finetune.py:68] layer 4_o @ epoch 3 new loss 1.7545384253025986e-05 old loss 1.7764046788215637e-05 BETTER
I0320 23:20:21.664777 1532128 finetune.py:68] layer 7_k @ epoch 2 new loss 2.48709420702653e-05 old loss 2.525266791053582e-05 BETTER
I0320 23:20:32.065526 1532074 finetune.py:45] layer 6_o initial loss 4.6192886657081544e-05
I0320 23:20:42.462179 1532020 finetune.py:68] layer 5_o @ epoch 2 new loss 3.110606121481396e-05 old loss 3.1903033232083544e-05 BETTER
I0320 23:20:52.069055 1531966 finetune.py:68] layer 4_o @ epoch 4 new loss 1.735642035782803e-05 old loss 1.7545384253025986e-05 BETTER
I0320 23:20:57.130095 1532128 finetune.py:68] layer 7_k @ epoch 3 new loss 2.454233617754653e-05 old loss 2.48709420702653e-05 BETTER
I0320 23:21:05.935778 1532074 finetune.py:68] layer 6_o @ epoch 0 new loss 4.318405990488827e-05 old loss 4.6192886657081544e-05 BETTER
I0320 23:21:17.162218 1532020 finetune.py:68] layer 5_o @ epoch 3 new loss 3.0455878004431725e-05 old loss 3.110606121481396e-05 BETTER
I0320 23:21:22.892930 1531966 finetune.py:45] layer 4_up initial loss 2.8251401090528816e-05
I0320 23:21:32.229126 1532128 finetune.py:68] layer 7_k @ epoch 4 new loss 2.4259876227006316e-05 old loss 2.454233617754653e-05 BETTER
I0320 23:21:40.486010 1532074 finetune.py:68] layer 6_o @ epoch 1 new loss 4.1895764297805727e-05 old loss 4.318405990488827e-05 BETTER
I0320 23:21:53.434956 1532020 finetune.py:68] layer 5_o @ epoch 4 new loss 2.990982284245547e-05 old loss 3.0455878004431725e-05 BETTER
I0320 23:21:53.791482 1532128 finetune.py:45] layer 7_o initial loss 6.376537203323096e-05
I0320 23:21:56.791712 1531966 finetune.py:68] layer 4_up @ epoch 0 new loss 2.78557236015331e-05 old loss 2.8251401090528816e-05 BETTER
I0320 23:22:15.270798 1532074 finetune.py:68] layer 6_o @ epoch 2 new loss 4.0985396481119096e-05 old loss 4.1895764297805727e-05 BETTER
I0320 23:22:23.435340 1532020 finetune.py:45] layer 5_up initial loss 4.734672256745398e-05
I0320 23:22:27.891114 1532128 finetune.py:68] layer 7_o @ epoch 0 new loss 5.875888018636033e-05 old loss 6.376537203323096e-05 BETTER
I0320 23:22:31.322152 1531966 finetune.py:68] layer 4_up @ epoch 1 new loss 2.7605505238170736e-05 old loss 2.78557236015331e-05 BETTER
I0320 23:22:51.226547 1532074 finetune.py:68] layer 6_o @ epoch 3 new loss 4.027207978651859e-05 old loss 4.0985396481119096e-05 BETTER
I0320 23:22:55.761847 1532020 finetune.py:68] layer 5_up @ epoch 0 new loss 4.648016329156235e-05 old loss 4.734672256745398e-05 BETTER
I0320 23:23:03.362298 1532128 finetune.py:68] layer 7_o @ epoch 1 new loss 5.66366761631798e-05 old loss 5.875888018636033e-05 BETTER
I0320 23:23:06.997283 1531966 finetune.py:68] layer 4_up @ epoch 2 new loss 2.7401529223425314e-05 old loss 2.7605505238170736e-05 BETTER
I0320 23:23:27.577729 1532074 finetune.py:68] layer 6_o @ epoch 4 new loss 3.9692378777544945e-05 old loss 4.027207978651859e-05 BETTER
I0320 23:23:29.853255 1532020 finetune.py:68] layer 5_up @ epoch 1 new loss 4.5913609937997535e-05 old loss 4.648016329156235e-05 BETTER
I0320 23:23:38.242499 1532128 finetune.py:68] layer 7_o @ epoch 2 new loss 5.517817407962866e-05 old loss 5.66366761631798e-05 BETTER
I0320 23:23:41.742811 1531966 finetune.py:68] layer 4_up @ epoch 3 new loss 2.7218005925533362e-05 old loss 2.7401529223425314e-05 BETTER
I0320 23:23:57.002617 1532074 finetune.py:45] layer 6_up initial loss 6.651446892647073e-05
I0320 23:24:02.980580 1532020 finetune.py:68] layer 5_up @ epoch 2 new loss 4.5435001084115356e-05 old loss 4.5913609937997535e-05 BETTER
I0320 23:24:14.729701 1532128 finetune.py:68] layer 7_o @ epoch 3 new loss 5.407903518062085e-05 old loss 5.517817407962866e-05 BETTER
I0320 23:24:17.948412 1531966 finetune.py:68] layer 4_up @ epoch 4 new loss 2.7049725758843124e-05 old loss 2.7218005925533362e-05 BETTER
I0320 23:24:29.790096 1532074 finetune.py:68] layer 6_up @ epoch 0 new loss 6.503975600935519e-05 old loss 6.651446892647073e-05 BETTER
I0320 23:24:35.989667 1532020 finetune.py:68] layer 5_up @ epoch 3 new loss 4.501047806115821e-05 old loss 4.5435001084115356e-05 BETTER
I0320 23:24:49.303825 1531966 finetune.py:45] layer 4_gate initial loss 3.415333048906177e-05
I0320 23:24:50.193848 1532128 finetune.py:68] layer 7_o @ epoch 4 new loss 5.3186322475085035e-05 old loss 5.407903518062085e-05 BETTER
I0320 23:25:03.520204 1532074 finetune.py:68] layer 6_up @ epoch 1 new loss 6.421980651794001e-05 old loss 6.503975600935519e-05 BETTER
I0320 23:25:09.284440 1532020 finetune.py:68] layer 5_up @ epoch 4 new loss 4.462735523702577e-05 old loss 4.501047806115821e-05 BETTER
I0320 23:25:20.642874 1531966 finetune.py:68] layer 4_gate @ epoch 0 new loss 3.39299876941368e-05 old loss 3.415333048906177e-05 BETTER
I0320 23:25:22.050235 1532128 finetune.py:45] layer 7_up initial loss 9.018215496325865e-05
I0320 23:25:38.179122 1532074 finetune.py:68] layer 6_up @ epoch 2 new loss 6.353934440994635e-05 old loss 6.421980651794001e-05 BETTER
I0320 23:25:40.563572 1532020 finetune.py:45] layer 5_gate initial loss 5.540060737985186e-05
I0320 23:25:54.717406 1532128 finetune.py:68] layer 7_up @ epoch 0 new loss 8.769574924372137e-05 old loss 9.018215496325865e-05 BETTER
I0320 23:25:54.957798 1531966 finetune.py:68] layer 4_gate @ epoch 1 new loss 3.376493987161666e-05 old loss 3.39299876941368e-05 BETTER
I0320 23:26:12.766111 1532020 finetune.py:68] layer 5_gate @ epoch 0 new loss 5.4967666073935106e-05 old loss 5.540060737985186e-05 BETTER
I0320 23:26:13.851310 1532074 finetune.py:68] layer 6_up @ epoch 3 new loss 6.2953433371149e-05 old loss 6.353934440994635e-05 BETTER
I0320 23:26:29.249068 1531966 finetune.py:68] layer 4_gate @ epoch 2 new loss 3.3624022762523964e-05 old loss 3.376493987161666e-05 BETTER
I0320 23:26:29.387398 1532128 finetune.py:68] layer 7_up @ epoch 1 new loss 8.633056131657213e-05 old loss 8.769574924372137e-05 BETTER
I0320 23:26:45.342890 1532020 finetune.py:68] layer 5_gate @ epoch 1 new loss 5.46294468222186e-05 old loss 5.4967666073935106e-05 BETTER
I0320 23:26:48.888490 1532074 finetune.py:68] layer 6_up @ epoch 4 new loss 6.243397365324199e-05 old loss 6.2953433371149e-05 BETTER
I0320 23:27:03.477379 1531966 finetune.py:68] layer 4_gate @ epoch 3 new loss 3.349653343320824e-05 old loss 3.3624022762523964e-05 BETTER
I0320 23:27:03.562713 1532128 finetune.py:68] layer 7_up @ epoch 2 new loss 8.526405144948512e-05 old loss 8.633056131657213e-05 BETTER
I0320 23:27:18.124896 1532020 finetune.py:68] layer 5_gate @ epoch 2 new loss 5.433726983028464e-05 old loss 5.46294468222186e-05 BETTER
I0320 23:27:20.779211 1532074 finetune.py:45] layer 6_gate initial loss 7.75947337388061e-05
I0320 23:27:37.609129 1531966 finetune.py:68] layer 4_gate @ epoch 4 new loss 3.337824819027446e-05 old loss 3.349653343320824e-05 BETTER
I0320 23:27:37.840122 1532128 finetune.py:68] layer 7_up @ epoch 3 new loss 8.434987830696627e-05 old loss 8.526405144948512e-05 BETTER
I0320 23:27:50.876310 1532020 finetune.py:68] layer 5_gate @ epoch 3 new loss 5.406835407484323e-05 old loss 5.433726983028464e-05 BETTER
I0320 23:27:51.718995 1532074 finetune.py:68] layer 6_gate @ epoch 0 new loss 7.694725354667753e-05 old loss 7.75947337388061e-05 BETTER
I0320 23:28:11.529782 1531966 finetune.py:45] layer 4_down initial loss 5.277068339637481e-05
I0320 23:28:11.956472 1532128 finetune.py:68] layer 7_up @ epoch 4 new loss 8.356064063264057e-05 old loss 8.434987830696627e-05 BETTER
I0320 23:28:23.386827 1532020 finetune.py:68] layer 5_gate @ epoch 4 new loss 5.382407471188344e-05 old loss 5.406835407484323e-05 BETTER
I0320 23:28:24.347987 1532074 finetune.py:68] layer 6_gate @ epoch 1 new loss 7.646235462743789e-05 old loss 7.694725354667753e-05 BETTER
I0320 23:28:41.363497 1531966 finetune.py:68] layer 4_down @ epoch 0 new loss 5.275219518807717e-05 old loss 5.277068339637481e-05 BETTER
I0320 23:28:45.077708 1532128 finetune.py:45] layer 7_gate initial loss 0.00010427653614897281
I0320 23:28:56.692748 1532020 finetune.py:45] layer 5_down initial loss 8.147508924594149e-05
I0320 23:28:56.954183 1532074 finetune.py:68] layer 6_gate @ epoch 2 new loss 7.604523125337437e-05 old loss 7.646235462743789e-05 BETTER
I0320 23:29:14.274822 1531966 finetune.py:68] layer 4_down @ epoch 1 new loss 5.274586510495283e-05 old loss 5.275219518807717e-05 BETTER
I0320 23:29:16.498104 1532128 finetune.py:68] layer 7_gate @ epoch 0 new loss 0.00010322166053811088 old loss 0.00010427653614897281 BETTER
I0320 23:29:27.019450 1532020 finetune.py:68] layer 5_down @ epoch 0 new loss 8.146141772158444e-05 old loss 8.147508924594149e-05 BETTER
I0320 23:29:30.242945 1532074 finetune.py:68] layer 6_gate @ epoch 3 new loss 7.56732260924764e-05 old loss 7.604523125337437e-05 BETTER
I0320 23:29:47.007475 1531966 finetune.py:68] layer 4_down @ epoch 2 new loss 5.2742514526471496e-05 old loss 5.274586510495283e-05 BETTER
I0320 23:29:48.657058 1532128 finetune.py:68] layer 7_gate @ epoch 1 new loss 0.00010246477904729545 old loss 0.00010322166053811088 BETTER
I0320 23:29:58.176031 1532020 finetune.py:68] layer 5_down @ epoch 1 new loss 8.145524043357e-05 old loss 8.146141772158444e-05 BETTER
I0320 23:30:03.550724 1532074 finetune.py:68] layer 6_gate @ epoch 4 new loss 7.533318421337754e-05 old loss 7.56732260924764e-05 BETTER
I0320 23:30:19.299878 1531966 finetune.py:68] layer 4_down @ epoch 3 new loss 5.274029172142036e-05 old loss 5.2742514526471496e-05 BETTER
I0320 23:30:20.917107 1532128 finetune.py:68] layer 7_gate @ epoch 2 new loss 0.00010183592530665919 old loss 0.00010246477904729545 BETTER
I0320 23:30:28.304799 1532020 finetune.py:68] layer 5_down @ epoch 2 new loss 8.145194442477077e-05 old loss 8.145524043357e-05 BETTER
I0320 23:30:37.963199 1532074 finetune.py:45] layer 6_down initial loss 0.00011714641732396558
I0320 23:30:52.070583 1531966 finetune.py:68] layer 4_down @ epoch 4 new loss 5.273838178254664e-05 old loss 5.274029172142036e-05 BETTER
I0320 23:30:53.607368 1532128 finetune.py:68] layer 7_gate @ epoch 3 new loss 0.00010128506983164698 old loss 0.00010183592530665919 BETTER
4_v proxy err 0.013461359776556492 tr(WHW.T) 274.6131286621094
bpp_loss 3.4971959590911865
4_q proxy err 0.0006847326876595616 tr(WHW.T) 6923.92431640625
bpp_loss 4.310526609420776
4_k proxy err 0.00047089994768612087 tr(WHW.T) 10432.6640625
bpp_loss 4.350158929824829
4_o proxy err 0.007871086709201336 tr(WHW.T) 5.145592212677002
bpp_loss 3.477746605873108
4_up proxy err 0.006752131972461939 tr(WHW.T) 397.8131103515625
bpp_loss 3.6978344584620277
4_gate proxy err 0.003410657402127981 tr(WHW.T) 820.3585205078125
bpp_loss 3.828789289607558
4_down proxy err 0.007059122901409864 tr(WHW.T) 11.599902153015137
bpp_loss 3.695038174473962
I0320 23:30:58.614876 1532020 finetune.py:68] layer 5_down @ epoch 3 new loss 8.144925959641114e-05 old loss 8.145194442477077e-05 BETTER
I0320 23:31:08.954268 1532074 finetune.py:68] layer 6_down @ epoch 0 new loss 0.00011712200648617 old loss 0.00011714641732396558 BETTER
I0320 23:31:26.800620 1532128 finetune.py:68] layer 7_gate @ epoch 4 new loss 0.00010077939805341884 old loss 0.00010128506983164698 BETTER
I0320 23:31:30.156411 1532020 finetune.py:68] layer 5_down @ epoch 4 new loss 8.144714956870303e-05 old loss 8.144925959641114e-05 BETTER
5_v proxy err 0.013410351239144802 tr(WHW.T) 298.47540283203125
bpp_loss 3.520462989807129
5_q proxy err 0.0007409557001665235 tr(WHW.T) 6778.8916015625
bpp_loss 4.320307970046997
5_k proxy err 0.00048742149374447763 tr(WHW.T) 10857.9453125
bpp_loss 4.397663354873657
5_o proxy err 0.011137139052152634 tr(WHW.T) 7.961273670196533
bpp_loss 3.5003554821014404
5_up proxy err 0.0066271559335291386 tr(WHW.T) 506.6600646972656
bpp_loss 3.6977657939112465
5_gate proxy err 0.0031778402626514435 tr(WHW.T) 1104.355712890625
bpp_loss 3.8364853969840116
5_down proxy err 0.007434831466525793 tr(WHW.T) 15.695380210876465
bpp_loss 3.696066324100938
I0320 23:31:37.707199 1532074 finetune.py:68] layer 6_down @ epoch 1 new loss 0.0001171113908640109 old loss 0.00011712200648617 BETTER
I0320 23:31:54.345596 1532128 finetune.py:45] layer 7_down initial loss 0.00015724542026873678
I0320 23:32:06.803292 1532074 finetune.py:68] layer 6_down @ epoch 2 new loss 0.0001171057447209023 old loss 0.0001171113908640109 BETTER
I0320 23:32:22.061231 1532128 finetune.py:68] layer 7_down @ epoch 0 new loss 0.0001572228648001328 old loss 0.00015724542026873678 BETTER
I0320 23:32:36.170113 1532074 finetune.py:68] layer 6_down @ epoch 3 new loss 0.00011710173566825688 old loss 0.0001171057447209023 BETTER
I0320 23:32:50.601779 1532128 finetune.py:68] layer 7_down @ epoch 1 new loss 0.00015721160161774606 old loss 0.0001572228648001328 BETTER
I0320 23:32:51.990229 1531629 quantize_finetune_llama.py:234] computed original embedding for layer 8 in 75.40810751914978s
I0320 23:32:56.518126 1532182 config.py:54] PyTorch version 2.6.0 available.
W0320 23:32:56.937521 1532182 warnings.py:109] /opt/conda/lib/python3.10/site-packages/torchvision/io/image.py:13: UserWarning: Failed to load image Python extension: '/opt/conda/lib/python3.10/site-packages/torchvision/image.so: undefined symbol: _ZN3c1017RegisterOperatorsD1Ev'If you don't plan on using image functionality from `torchvision.io`, you can ignore this warning. Otherwise, there might be something wrong with your environment. Did you have `libjpeg` or `libpng` installed before building `torchvision` from source?
  warn(

W0320 23:32:58.083450 1532182 warnings.py:109] /opt/conda/lib/python3.10/site-packages/compressai/models/video/google.py:353: FutureWarning: `torch.cuda.amp.autocast(args...)` is deprecated. Please use `torch.amp.autocast('cuda', args...)` instead.
  @amp.autocast(enabled=False)

I0320 23:32:58.088779 1531629 quantize_finetune_llama.py:203] layer 9 gpu 1
I0320 23:32:58.111445 1532182 data_utils.py:336] using 256 training seqs, 128 validation seqs
The attention layers in this model are transitioning from computing the RoPE embeddings internally through `position_ids` (2D tensor with the indexes of the tokens), to using externally computed `position_embeddings` (Tuple of tensors, containing cos and sin). In v4.46 `position_ids` will be removed and `position_embeddings` will be mandatory.
I0320 23:33:05.531016 1532074 finetune.py:68] layer 6_down @ epoch 4 new loss 0.00011709883256116882 old loss 0.00011710173566825688 BETTER
6_v proxy err 0.013063895516097546 tr(WHW.T) 443.5464782714844
bpp_loss 3.454642653465271
6_q proxy err 0.0009521631873212755 tr(WHW.T) 7580.90625
bpp_loss 4.214670181274414
6_k proxy err 0.0007108948193490505 tr(WHW.T) 10426.7216796875
bpp_loss 4.249807834625244
6_o proxy err 0.010248545557260513 tr(WHW.T) 11.593282699584961
bpp_loss 3.4427833557128906
6_up proxy err 0.006635603029280901 tr(WHW.T) 617.46484375
bpp_loss 3.693729666776435
6_gate proxy err 0.002776945009827614 tr(WHW.T) 1554.95751953125
bpp_loss 3.8594818115234375
6_down proxy err 0.007664451375603676 tr(WHW.T) 23.072065353393555
bpp_loss 3.6895178196042084
I0320 23:33:13.070466 1532182 finetune.py:45] layer 8_v initial loss 9.481045708525926e-05
W0320 23:33:13.070699 1532182 warnings.py:109] /workspace/Weight_compression/comp_lm_qtip/lib/algo/finetune.py:46: FutureWarning: `torch.cuda.amp.GradScaler(args...)` is deprecated. Please use `torch.amp.GradScaler('cuda', args...)` instead.
  scaler = torch.cuda.amp.GradScaler(enabled=(orig_dtype==torch.float16))

I0320 23:33:19.631278 1532128 finetune.py:68] layer 7_down @ epoch 2 new loss 0.00015720573719590902 old loss 0.00015721160161774606 BETTER
I0320 23:33:48.289856 1532182 finetune.py:68] layer 8_v @ epoch 0 new loss 4.5745175157207996e-05 old loss 9.481045708525926e-05 BETTER
I0320 23:33:48.743444 1532128 finetune.py:68] layer 7_down @ epoch 3 new loss 0.00015719934890512377 old loss 0.00015720573719590902 BETTER
I0320 23:34:17.623655 1532128 finetune.py:68] layer 7_down @ epoch 4 new loss 0.00015719501243438572 old loss 0.00015719934890512377 BETTER
7_v proxy err 0.012750092893838882 tr(WHW.T) 489.9357604980469
bpp_loss 3.4653502702713013
7_q proxy err 0.001017545466311276 tr(WHW.T) 7677.787109375
bpp_loss 4.211457252502441
7_k proxy err 0.000771447317674756 tr(WHW.T) 10213.0751953125
bpp_loss 4.220105171203613
7_o proxy err 0.011700780130922794 tr(WHW.T) 15.186613082885742
bpp_loss 3.449340581893921
7_up proxy err 0.006546773016452789 tr(WHW.T) 736.0653076171875
bpp_loss 3.697751244833303
7_gate proxy err 0.0027052557561546564 tr(WHW.T) 1877.51953125
bpp_loss 3.858637432719386
7_down proxy err 0.0077689532190561295 tr(WHW.T) 30.68963623046875
bpp_loss 3.691411306691724
I0320 23:34:23.403377 1532182 finetune.py:68] layer 8_v @ epoch 1 new loss 3.79502926080022e-05 old loss 4.5745175157207996e-05 BETTER
I0320 23:34:25.092100 1531629 quantize_finetune_llama.py:234] computed original embedding for layer 9 in 73.28627443313599s
I0320 23:34:28.949406 1532236 config.py:54] PyTorch version 2.6.0 available.
W0320 23:34:29.283427 1532236 warnings.py:109] /opt/conda/lib/python3.10/site-packages/torchvision/io/image.py:13: UserWarning: Failed to load image Python extension: '/opt/conda/lib/python3.10/site-packages/torchvision/image.so: undefined symbol: _ZN3c1017RegisterOperatorsD1Ev'If you don't plan on using image functionality from `torchvision.io`, you can ignore this warning. Otherwise, there might be something wrong with your environment. Did you have `libjpeg` or `libpng` installed before building `torchvision` from source?
  warn(

W0320 23:34:30.300077 1532236 warnings.py:109] /opt/conda/lib/python3.10/site-packages/compressai/models/video/google.py:353: FutureWarning: `torch.cuda.amp.autocast(args...)` is deprecated. Please use `torch.amp.autocast('cuda', args...)` instead.
  @amp.autocast(enabled=False)

I0320 23:34:30.304549 1531629 quantize_finetune_llama.py:203] layer 10 gpu 2
I0320 23:34:30.324754 1532236 data_utils.py:336] using 256 training seqs, 128 validation seqs
The attention layers in this model are transitioning from computing the RoPE embeddings internally through `position_ids` (2D tensor with the indexes of the tokens), to using externally computed `position_embeddings` (Tuple of tensors, containing cos and sin). In v4.46 `position_ids` will be removed and `position_embeddings` will be mandatory.
I0320 23:34:43.752106 1532236 finetune.py:45] layer 9_v initial loss 0.0001108574797399342
W0320 23:34:43.752645 1532236 warnings.py:109] /workspace/Weight_compression/comp_lm_qtip/lib/algo/finetune.py:46: FutureWarning: `torch.cuda.amp.GradScaler(args...)` is deprecated. Please use `torch.amp.GradScaler('cuda', args...)` instead.
  scaler = torch.cuda.amp.GradScaler(enabled=(orig_dtype==torch.float16))

I0320 23:34:59.989798 1532182 finetune.py:68] layer 8_v @ epoch 2 new loss 3.4429802326485515e-05 old loss 3.79502926080022e-05 BETTER
I0320 23:35:15.859520 1532236 finetune.py:68] layer 9_v @ epoch 0 new loss 5.350653736968525e-05 old loss 0.0001108574797399342 BETTER
I0320 23:35:36.548838 1532182 finetune.py:68] layer 8_v @ epoch 3 new loss 3.2278650905936956e-05 old loss 3.4429802326485515e-05 BETTER
I0320 23:35:44.269402 1531629 quantize_finetune_llama.py:234] computed original embedding for layer 10 in 73.46160316467285s
I0320 23:35:48.783187 1532290 config.py:54] PyTorch version 2.6.0 available.
W0320 23:35:49.267715 1532290 warnings.py:109] /opt/conda/lib/python3.10/site-packages/torchvision/io/image.py:13: UserWarning: Failed to load image Python extension: '/opt/conda/lib/python3.10/site-packages/torchvision/image.so: undefined symbol: _ZN3c1017RegisterOperatorsD1Ev'If you don't plan on using image functionality from `torchvision.io`, you can ignore this warning. Otherwise, there might be something wrong with your environment. Did you have `libjpeg` or `libpng` installed before building `torchvision` from source?
  warn(

I0320 23:35:49.787995 1532236 finetune.py:68] layer 9_v @ epoch 1 new loss 4.4575932406587526e-05 old loss 5.350653736968525e-05 BETTER
W0320 23:35:50.378798 1532290 warnings.py:109] /opt/conda/lib/python3.10/site-packages/compressai/models/video/google.py:353: FutureWarning: `torch.cuda.amp.autocast(args...)` is deprecated. Please use `torch.amp.autocast('cuda', args...)` instead.
  @amp.autocast(enabled=False)

I0320 23:35:50.382577 1531629 quantize_finetune_llama.py:203] layer 11 gpu 3
I0320 23:35:50.397735 1532290 data_utils.py:336] using 256 training seqs, 128 validation seqs
The attention layers in this model are transitioning from computing the RoPE embeddings internally through `position_ids` (2D tensor with the indexes of the tokens), to using externally computed `position_embeddings` (Tuple of tensors, containing cos and sin). In v4.46 `position_ids` will be removed and `position_embeddings` will be mandatory.
I0320 23:36:04.426820 1532290 finetune.py:45] layer 10_v initial loss 0.00015393424837384373
W0320 23:36:04.427126 1532290 warnings.py:109] /workspace/Weight_compression/comp_lm_qtip/lib/algo/finetune.py:46: FutureWarning: `torch.cuda.amp.GradScaler(args...)` is deprecated. Please use `torch.amp.GradScaler('cuda', args...)` instead.
  scaler = torch.cuda.amp.GradScaler(enabled=(orig_dtype==torch.float16))

I0320 23:36:13.878143 1532182 finetune.py:68] layer 8_v @ epoch 4 new loss 3.0787690775468946e-05 old loss 3.2278650905936956e-05 BETTER
I0320 23:36:24.522731 1532236 finetune.py:68] layer 9_v @ epoch 2 new loss 4.063844244228676e-05 old loss 4.4575932406587526e-05 BETTER
I0320 23:36:30.435459 1532182 finetune.py:45] layer 8_q initial loss 4.031362186651677e-05
I0320 23:36:38.827195 1532290 finetune.py:68] layer 10_v @ epoch 0 new loss 7.500359060941264e-05 old loss 0.00015393424837384373 BETTER
I0320 23:37:00.489180 1532236 finetune.py:68] layer 9_v @ epoch 3 new loss 3.82281796191819e-05 old loss 4.063844244228676e-05 BETTER
I0320 23:37:06.726079 1532182 finetune.py:68] layer 8_q @ epoch 0 new loss 3.5314213164383546e-05 old loss 4.031362186651677e-05 BETTER
I0320 23:37:11.421758 1531629 quantize_finetune_llama.py:234] computed original embedding for layer 11 in 80.48503851890564s
I0320 23:37:14.537252 1532290 finetune.py:68] layer 10_v @ epoch 1 new loss 6.27770641585812e-05 old loss 7.500359060941264e-05 BETTER
I0320 23:37:15.840602 1532344 config.py:54] PyTorch version 2.6.0 available.
W0320 23:37:16.249631 1532344 warnings.py:109] /opt/conda/lib/python3.10/site-packages/torchvision/io/image.py:13: UserWarning: Failed to load image Python extension: '/opt/conda/lib/python3.10/site-packages/torchvision/image.so: undefined symbol: _ZN3c1017RegisterOperatorsD1Ev'If you don't plan on using image functionality from `torchvision.io`, you can ignore this warning. Otherwise, there might be something wrong with your environment. Did you have `libjpeg` or `libpng` installed before building `torchvision` from source?
  warn(

W0320 23:37:17.467544 1532344 warnings.py:109] /opt/conda/lib/python3.10/site-packages/compressai/models/video/google.py:353: FutureWarning: `torch.cuda.amp.autocast(args...)` is deprecated. Please use `torch.amp.autocast('cuda', args...)` instead.
  @amp.autocast(enabled=False)

I0320 23:37:17.473975 1531629 quantize_finetune_llama.py:203] layer 12 gpu 0
I0320 23:37:17.490044 1532344 data_utils.py:336] using 256 training seqs, 128 validation seqs
The attention layers in this model are transitioning from computing the RoPE embeddings internally through `position_ids` (2D tensor with the indexes of the tokens), to using externally computed `position_embeddings` (Tuple of tensors, containing cos and sin). In v4.46 `position_ids` will be removed and `position_embeddings` will be mandatory.
I0320 23:37:33.328303 1532344 finetune.py:45] layer 11_v initial loss 0.0001604733697604388
W0320 23:37:33.328716 1532344 warnings.py:109] /workspace/Weight_compression/comp_lm_qtip/lib/algo/finetune.py:46: FutureWarning: `torch.cuda.amp.GradScaler(args...)` is deprecated. Please use `torch.amp.GradScaler('cuda', args...)` instead.
  scaler = torch.cuda.amp.GradScaler(enabled=(orig_dtype==torch.float16))

I0320 23:37:37.136623 1532236 finetune.py:68] layer 9_v @ epoch 4 new loss 3.654035390354693e-05 old loss 3.82281796191819e-05 BETTER
I0320 23:37:43.222098 1532182 finetune.py:68] layer 8_q @ epoch 1 new loss 3.378715700819157e-05 old loss 3.5314213164383546e-05 BETTER
I0320 23:37:50.542843 1532290 finetune.py:68] layer 10_v @ epoch 2 new loss 5.713634891435504e-05 old loss 6.27770641585812e-05 BETTER
I0320 23:37:55.198664 1532236 finetune.py:45] layer 9_q initial loss 4.785502460435964e-05
I0320 23:38:08.017192 1532344 finetune.py:68] layer 11_v @ epoch 0 new loss 7.897328760009259e-05 old loss 0.0001604733697604388 BETTER
I0320 23:38:20.631356 1532182 finetune.py:68] layer 8_q @ epoch 2 new loss 3.271115565439686e-05 old loss 3.378715700819157e-05 BETTER
I0320 23:38:27.099349 1532290 finetune.py:68] layer 10_v @ epoch 3 new loss 5.366215918911621e-05 old loss 5.713634891435504e-05 BETTER
I0320 23:38:29.738999 1532236 finetune.py:68] layer 9_q @ epoch 0 new loss 4.205647564958781e-05 old loss 4.785502460435964e-05 BETTER
I0320 23:38:43.664475 1532344 finetune.py:68] layer 11_v @ epoch 1 new loss 6.618339102715254e-05 old loss 7.897328760009259e-05 BETTER
I0320 23:38:58.352579 1532182 finetune.py:68] layer 8_q @ epoch 3 new loss 3.185054083587602e-05 old loss 3.271115565439686e-05 BETTER
I0320 23:39:04.603939 1532290 finetune.py:68] layer 10_v @ epoch 4 new loss 5.127981421537697e-05 old loss 5.366215918911621e-05 BETTER
I0320 23:39:05.941328 1532236 finetune.py:68] layer 9_q @ epoch 1 new loss 4.03014782932587e-05 old loss 4.205647564958781e-05 BETTER
I0320 23:39:19.851324 1532344 finetune.py:68] layer 11_v @ epoch 2 new loss 6.033271347405389e-05 old loss 6.618339102715254e-05 BETTER
I0320 23:39:22.358569 1532290 finetune.py:45] layer 10_q initial loss 6.482350727310404e-05
I0320 23:39:36.803224 1532182 finetune.py:68] layer 8_q @ epoch 4 new loss 3.116063089692034e-05 old loss 3.185054083587602e-05 BETTER
I0320 23:39:42.067760 1532236 finetune.py:68] layer 9_q @ epoch 2 new loss 3.9047114114509895e-05 old loss 4.03014782932587e-05 BETTER
I0320 23:39:55.371106 1532182 finetune.py:45] layer 8_k initial loss 3.8513717299792916e-05
I0320 23:39:56.949524 1532344 finetune.py:68] layer 11_v @ epoch 3 new loss 5.6801538448780775e-05 old loss 6.033271347405389e-05 BETTER
I0320 23:39:57.886209 1532290 finetune.py:68] layer 10_q @ epoch 0 new loss 5.7618464779807255e-05 old loss 6.482350727310404e-05 BETTER
I0320 23:40:17.706430 1532236 finetune.py:68] layer 9_q @ epoch 3 new loss 3.8078604120528325e-05 old loss 3.9047114114509895e-05 BETTER
I0320 23:40:32.428328 1532182 finetune.py:68] layer 8_k @ epoch 0 new loss 3.5933509934693575e-05 old loss 3.8513717299792916e-05 BETTER
I0320 23:40:34.391100 1532344 finetune.py:68] layer 11_v @ epoch 4 new loss 5.426302595878951e-05 old loss 5.6801538448780775e-05 BETTER
I0320 23:40:35.255870 1532290 finetune.py:68] layer 10_q @ epoch 1 new loss 5.523893560166471e-05 old loss 5.7618464779807255e-05 BETTER
I0320 23:40:52.387290 1532344 finetune.py:45] layer 11_q initial loss 6.754809874109924e-05
I0320 23:40:54.070233 1532236 finetune.py:68] layer 9_q @ epoch 4 new loss 3.7272813642630354e-05 old loss 3.8078604120528325e-05 BETTER
I0320 23:41:10.249602 1532182 finetune.py:68] layer 8_k @ epoch 1 new loss 3.5212990042055026e-05 old loss 3.5933509934693575e-05 BETTER
I0320 23:41:11.768845 1532290 finetune.py:68] layer 10_q @ epoch 2 new loss 5.348346894606948e-05 old loss 5.523893560166471e-05 BETTER
I0320 23:41:12.267148 1532236 finetune.py:45] layer 9_k initial loss 4.731396256829612e-05
I0320 23:41:26.254284 1532344 finetune.py:68] layer 11_q @ epoch 0 new loss 6.15174722042866e-05 old loss 6.754809874109924e-05 BETTER
I0320 23:41:48.730911 1532236 finetune.py:68] layer 9_k @ epoch 0 new loss 4.3373154767323285e-05 old loss 4.731396256829612e-05 BETTER
I0320 23:41:49.111913 1532182 finetune.py:68] layer 8_k @ epoch 2 new loss 3.466523776296526e-05 old loss 3.5212990042055026e-05 BETTER
I0320 23:41:49.737454 1532290 finetune.py:68] layer 10_q @ epoch 3 new loss 5.206073183217086e-05 old loss 5.348346894606948e-05 BETTER
I0320 23:42:02.674322 1532344 finetune.py:68] layer 11_q @ epoch 1 new loss 5.91396055824589e-05 old loss 6.15174722042866e-05 BETTER
I0320 23:42:25.974284 1532236 finetune.py:68] layer 9_k @ epoch 1 new loss 4.250321944709867e-05 old loss 4.3373154767323285e-05 BETTER
I0320 23:42:27.282029 1532290 finetune.py:68] layer 10_q @ epoch 4 new loss 5.088869511382654e-05 old loss 5.206073183217086e-05 BETTER
I0320 23:42:27.334065 1532182 finetune.py:68] layer 8_k @ epoch 3 new loss 3.419487620703876e-05 old loss 3.466523776296526e-05 BETTER
I0320 23:42:37.791228 1532344 finetune.py:68] layer 11_q @ epoch 2 new loss 5.740356209571473e-05 old loss 5.91396055824589e-05 BETTER
I0320 23:42:45.087191 1532290 finetune.py:45] layer 10_k initial loss 6.408932677004486e-05
I0320 23:43:02.477228 1532236 finetune.py:68] layer 9_k @ epoch 2 new loss 4.183991768513806e-05 old loss 4.250321944709867e-05 BETTER
I0320 23:43:04.595515 1532182 finetune.py:68] layer 8_k @ epoch 4 new loss 3.38087702402845e-05 old loss 3.419487620703876e-05 BETTER
I0320 23:43:13.048617 1532344 finetune.py:68] layer 11_q @ epoch 3 new loss 5.61080414627213e-05 old loss 5.740356209571473e-05 BETTER
I0320 23:43:19.716288 1532290 finetune.py:68] layer 10_k @ epoch 0 new loss 5.8297115174354985e-05 old loss 6.408932677004486e-05 BETTER
I0320 23:43:23.419621 1532182 finetune.py:45] layer 8_o initial loss 9.316467912867665e-05
I0320 23:43:38.052079 1532236 finetune.py:68] layer 9_k @ epoch 3 new loss 4.129721855861135e-05 old loss 4.183991768513806e-05 BETTER
I0320 23:43:48.538693 1532344 finetune.py:68] layer 11_q @ epoch 4 new loss 5.517990575754084e-05 old loss 5.61080414627213e-05 BETTER
I0320 23:43:55.126859 1532290 finetune.py:68] layer 10_k @ epoch 1 new loss 5.7074823416769505e-05 old loss 5.8297115174354985e-05 BETTER
I0320 23:43:57.592211 1532182 finetune.py:68] layer 8_o @ epoch 0 new loss 8.569136844016612e-05 old loss 9.316467912867665e-05 BETTER
I0320 23:44:07.789638 1532344 finetune.py:45] layer 11_k initial loss 6.562807539012283e-05
I0320 23:44:13.368179 1532236 finetune.py:68] layer 9_k @ epoch 4 new loss 4.08407358918339e-05 old loss 4.129721855861135e-05 BETTER
I0320 23:44:31.770050 1532236 finetune.py:45] layer 9_o initial loss 0.00011486428411444649
I0320 23:44:32.624571 1532290 finetune.py:68] layer 10_k @ epoch 2 new loss 5.613629400613718e-05 old loss 5.7074823416769505e-05 BETTER
I0320 23:44:35.226382 1532182 finetune.py:68] layer 8_o @ epoch 1 new loss 8.231170795625076e-05 old loss 8.569136844016612e-05 BETTER
I0320 23:44:41.689874 1532344 finetune.py:68] layer 11_k @ epoch 0 new loss 6.287305586738512e-05 old loss 6.562807539012283e-05 BETTER
I0320 23:45:06.550695 1532236 finetune.py:68] layer 9_o @ epoch 0 new loss 0.00010570748418103904 old loss 0.00011486428411444649 BETTER
I0320 23:45:09.496136 1532290 finetune.py:68] layer 10_k @ epoch 3 new loss 5.534603769774549e-05 old loss 5.613629400613718e-05 BETTER
I0320 23:45:12.236390 1532182 finetune.py:68] layer 8_o @ epoch 2 new loss 8.000257366802543e-05 old loss 8.231170795625076e-05 BETTER
I0320 23:45:17.200477 1532344 finetune.py:68] layer 11_k @ epoch 1 new loss 6.182167999213561e-05 old loss 6.287305586738512e-05 BETTER
I0320 23:45:42.443245 1532236 finetune.py:68] layer 9_o @ epoch 1 new loss 0.00010128408757736906 old loss 0.00010570748418103904 BETTER
I0320 23:45:46.879789 1532290 finetune.py:68] layer 10_k @ epoch 4 new loss 5.468678500619717e-05 old loss 5.534603769774549e-05 BETTER
I0320 23:45:49.149152 1532182 finetune.py:68] layer 8_o @ epoch 3 new loss 7.825665670679882e-05 old loss 8.000257366802543e-05 BETTER
I0320 23:45:52.519695 1532344 finetune.py:68] layer 11_k @ epoch 2 new loss 6.102544648456387e-05 old loss 6.182167999213561e-05 BETTER
I0320 23:46:04.572135 1532290 finetune.py:45] layer 10_o initial loss 0.00015737488865852356
I0320 23:46:17.938274 1532236 finetune.py:68] layer 9_o @ epoch 2 new loss 9.832176147028804e-05 old loss 0.00010128408757736906 BETTER
I0320 23:46:26.001935 1532182 finetune.py:68] layer 8_o @ epoch 4 new loss 7.68563331803307e-05 old loss 7.825665670679882e-05 BETTER
I0320 23:46:27.946381 1532344 finetune.py:68] layer 11_k @ epoch 3 new loss 6.035737897036597e-05 old loss 6.102544648456387e-05 BETTER
I0320 23:46:38.772800 1532290 finetune.py:68] layer 10_o @ epoch 0 new loss 0.00014508435560856014 old loss 0.00015737488865852356 BETTER
I0320 23:46:53.123324 1532236 finetune.py:68] layer 9_o @ epoch 3 new loss 9.608273830963299e-05 old loss 9.832176147028804e-05 BETTER
I0320 23:46:55.930581 1532182 finetune.py:45] layer 8_up initial loss 0.00012128110392950475
I0320 23:47:03.702850 1532344 finetune.py:68] layer 11_k @ epoch 4 new loss 5.976183092570864e-05 old loss 6.035737897036597e-05 BETTER
I0320 23:47:13.299279 1532290 finetune.py:68] layer 10_o @ epoch 1 new loss 0.00013903126819059253 old loss 0.00014508435560856014 BETTER
I0320 23:47:21.441988 1532344 finetune.py:45] layer 11_o initial loss 0.00016638678789604455
I0320 23:47:29.072756 1532236 finetune.py:68] layer 9_o @ epoch 4 new loss 9.42985134315677e-05 old loss 9.608273830963299e-05 BETTER
I0320 23:47:30.077510 1532182 finetune.py:68] layer 8_up @ epoch 0 new loss 0.000117685784061905 old loss 0.00012128110392950475 BETTER
I0320 23:47:48.913881 1532290 finetune.py:68] layer 10_o @ epoch 2 new loss 0.00013484655937645584 old loss 0.00013903126819059253 BETTER
I0320 23:47:54.905350 1532344 finetune.py:68] layer 11_o @ epoch 0 new loss 0.0001531574089312926 old loss 0.00016638678789604455 BETTER
I0320 23:47:59.350872 1532236 finetune.py:45] layer 9_up initial loss 0.0001461927458876744
I0320 23:48:04.895688 1532182 finetune.py:68] layer 8_up @ epoch 1 new loss 0.00011576720862649381 old loss 0.000117685784061905 BETTER
I0320 23:48:25.695058 1532290 finetune.py:68] layer 10_o @ epoch 3 new loss 0.0001316468114964664 old loss 0.00013484655937645584 BETTER
I0320 23:48:31.216671 1532344 finetune.py:68] layer 11_o @ epoch 1 new loss 0.00014698650920763612 old loss 0.0001531574089312926 BETTER
I0320 23:48:32.245249 1532236 finetune.py:68] layer 9_up @ epoch 0 new loss 0.00014186058251652867 old loss 0.0001461927458876744 BETTER
I0320 23:48:39.913532 1532182 finetune.py:68] layer 8_up @ epoch 2 new loss 0.000114260139525868 old loss 0.00011576720862649381 BETTER
I0320 23:49:02.244125 1532290 finetune.py:68] layer 10_o @ epoch 4 new loss 0.0001290725194849074 old loss 0.0001316468114964664 BETTER
I0320 23:49:06.549490 1532344 finetune.py:68] layer 11_o @ epoch 2 new loss 0.00014283369819168001 old loss 0.00014698650920763612 BETTER
I0320 23:49:06.729035 1532236 finetune.py:68] layer 9_up @ epoch 1 new loss 0.00013945891987532377 old loss 0.00014186058251652867 BETTER
I0320 23:49:14.884888 1532182 finetune.py:68] layer 8_up @ epoch 3 new loss 0.00011299647303530946 old loss 0.000114260139525868 BETTER
I0320 23:49:32.088150 1532290 finetune.py:45] layer 10_up initial loss 0.0001878648326965049
I0320 23:49:41.285752 1532236 finetune.py:68] layer 9_up @ epoch 2 new loss 0.00013758709246758372 old loss 0.00013945891987532377 BETTER
I0320 23:49:41.401422 1532344 finetune.py:68] layer 11_o @ epoch 3 new loss 0.00013973534805700183 old loss 0.00014283369819168001 BETTER
I0320 23:49:50.696738 1532182 finetune.py:68] layer 8_up @ epoch 4 new loss 0.0001118895597755909 old loss 0.00011299647303530946 BETTER
I0320 23:50:04.304705 1532290 finetune.py:68] layer 10_up @ epoch 0 new loss 0.00018234533490613103 old loss 0.0001878648326965049 BETTER
I0320 23:50:15.317499 1532236 finetune.py:68] layer 9_up @ epoch 3 new loss 0.00013602228136733174 old loss 0.00013758709246758372 BETTER
I0320 23:50:16.353487 1532344 finetune.py:68] layer 11_o @ epoch 4 new loss 0.00013720618153456599 old loss 0.00013973534805700183 BETTER
I0320 23:50:21.298704 1532182 finetune.py:45] layer 8_gate initial loss 0.00013905878586228937
I0320 23:50:38.063285 1532290 finetune.py:68] layer 10_up @ epoch 1 new loss 0.00017928457236848772 old loss 0.00018234533490613103 BETTER
I0320 23:50:45.896279 1532344 finetune.py:45] layer 11_up initial loss 0.00020351487910375
I0320 23:50:50.327285 1532236 finetune.py:68] layer 9_up @ epoch 4 new loss 0.00013466665404848754 old loss 0.00013602228136733174 BETTER
I0320 23:50:52.975034 1532182 finetune.py:68] layer 8_gate @ epoch 0 new loss 0.00013751073856838048 old loss 0.00013905878586228937 BETTER
I0320 23:51:12.076121 1532290 finetune.py:68] layer 10_up @ epoch 2 new loss 0.00017685354396235198 old loss 0.00017928457236848772 BETTER
I0320 23:51:18.210967 1532344 finetune.py:68] layer 11_up @ epoch 0 new loss 0.0001977347710635513 old loss 0.00020351487910375 BETTER
I0320 23:51:22.145243 1532236 finetune.py:45] layer 9_gate initial loss 0.00016763867461122572
I0320 23:51:26.848228 1532182 finetune.py:68] layer 8_gate @ epoch 1 new loss 0.00013644016871694475 old loss 0.00013751073856838048 BETTER
I0320 23:51:47.038100 1532290 finetune.py:68] layer 10_up @ epoch 3 new loss 0.00017480456153862178 old loss 0.00017685354396235198 BETTER
I0320 23:51:52.470160 1532344 finetune.py:68] layer 11_up @ epoch 1 new loss 0.00019456385052762926 old loss 0.0001977347710635513 BETTER
I0320 23:51:53.504819 1532236 finetune.py:68] layer 9_gate @ epoch 0 new loss 0.00016571332525927573 old loss 0.00016763867461122572 BETTER
I0320 23:52:00.034666 1532182 finetune.py:68] layer 8_gate @ epoch 2 new loss 0.00013555304030887783 old loss 0.00013644016871694475 BETTER
I0320 23:52:22.722032 1532290 finetune.py:68] layer 10_up @ epoch 4 new loss 0.00017302960623055696 old loss 0.00017480456153862178 BETTER
I0320 23:52:26.539332 1532236 finetune.py:68] layer 9_gate @ epoch 1 new loss 0.0001644038420636207 old loss 0.00016571332525927573 BETTER
I0320 23:52:26.760009 1532344 finetune.py:68] layer 11_up @ epoch 2 new loss 0.0001921007060445845 old loss 0.00019456385052762926 BETTER
I0320 23:52:33.600035 1532182 finetune.py:68] layer 8_gate @ epoch 3 new loss 0.0001347819488728419 old loss 0.00013555304030887783 BETTER
I0320 23:52:53.656518 1532290 finetune.py:45] layer 10_gate initial loss 0.0002125575119862333
I0320 23:52:59.418188 1532236 finetune.py:68] layer 9_gate @ epoch 2 new loss 0.00016331375809386373 old loss 0.0001644038420636207 BETTER
I0320 23:53:00.738264 1532344 finetune.py:68] layer 11_up @ epoch 3 new loss 0.00019000483734998852 old loss 0.0001921007060445845 BETTER
I0320 23:53:06.719508 1532182 finetune.py:68] layer 8_gate @ epoch 4 new loss 0.0001340869057457894 old loss 0.0001347819488728419 BETTER
I0320 23:53:23.995648 1532290 finetune.py:68] layer 10_gate @ epoch 0 new loss 0.00021003045549150556 old loss 0.0002125575119862333 BETTER
I0320 23:53:31.897150 1532236 finetune.py:68] layer 9_gate @ epoch 3 new loss 0.0001623532152734697 old loss 0.00016331375809386373 BETTER
I0320 23:53:34.420496 1532344 finetune.py:68] layer 11_up @ epoch 4 new loss 0.00018818819080479443 old loss 0.00019000483734998852 BETTER
I0320 23:53:39.858541 1532182 finetune.py:45] layer 8_down initial loss 0.00020264268096070737
I0320 23:53:55.530075 1532290 finetune.py:68] layer 10_gate @ epoch 1 new loss 0.00020834003225900233 old loss 0.00021003045549150556 BETTER
I0320 23:54:04.590869 1532236 finetune.py:68] layer 9_gate @ epoch 4 new loss 0.0001615065266378224 old loss 0.0001623532152734697 BETTER
I0320 23:54:05.547798 1532344 finetune.py:45] layer 11_gate initial loss 0.00023253810650203377
I0320 23:54:10.030897 1532182 finetune.py:68] layer 8_down @ epoch 0 new loss 0.00020261119061615318 old loss 0.00020264268096070737 BETTER
I0320 23:54:27.565255 1532290 finetune.py:68] layer 10_gate @ epoch 2 new loss 0.00020691101963166147 old loss 0.00020834003225900233 BETTER
I0320 23:54:36.827965 1532344 finetune.py:68] layer 11_gate @ epoch 0 new loss 0.0002299523475812748 old loss 0.00023253810650203377 BETTER
I0320 23:54:39.030765 1532236 finetune.py:45] layer 9_down initial loss 0.00024113638210110366
I0320 23:54:42.451061 1532182 finetune.py:68] layer 8_down @ epoch 1 new loss 0.0002025961148319766 old loss 0.00020261119061615318 BETTER
I0320 23:55:01.449334 1532290 finetune.py:68] layer 10_gate @ epoch 3 new loss 0.0002056745142908767 old loss 0.00020691101963166147 BETTER
I0320 23:55:09.438738 1532236 finetune.py:68] layer 9_down @ epoch 0 new loss 0.00024110483354888856 old loss 0.00024113638210110366 BETTER
I0320 23:55:10.188626 1532344 finetune.py:68] layer 11_gate @ epoch 1 new loss 0.00022822749451734126 old loss 0.0002299523475812748 BETTER
I0320 23:55:15.027489 1532182 finetune.py:68] layer 8_down @ epoch 2 new loss 0.0002025875583058223 old loss 0.0002025961148319766 BETTER
I0320 23:55:35.052622 1532290 finetune.py:68] layer 10_gate @ epoch 4 new loss 0.00020457150822039694 old loss 0.0002056745142908767 BETTER
I0320 23:55:40.579328 1532236 finetune.py:68] layer 9_down @ epoch 1 new loss 0.00024108709476422518 old loss 0.00024110483354888856 BETTER
I0320 23:55:41.950065 1532344 finetune.py:68] layer 11_gate @ epoch 2 new loss 0.00022676675871480256 old loss 0.00022822749451734126 BETTER
I0320 23:55:47.009735 1532182 finetune.py:68] layer 8_down @ epoch 3 new loss 0.0002025809808401391 old loss 0.0002025875583058223 BETTER
I0320 23:56:09.400824 1532290 finetune.py:45] layer 10_down initial loss 0.0002967572945635766
I0320 23:56:12.522566 1532236 finetune.py:68] layer 9_down @ epoch 2 new loss 0.00024107701028697193 old loss 0.00024108709476422518 BETTER
I0320 23:56:14.981562 1532344 finetune.py:68] layer 11_gate @ epoch 3 new loss 0.00022549905406776816 old loss 0.00022676675871480256 BETTER
I0320 23:56:19.276523 1532182 finetune.py:68] layer 8_down @ epoch 4 new loss 0.00020257511641830206 old loss 0.0002025809808401391 BETTER
8_v proxy err 0.012079006992280483 tr(WHW.T) 530.9967041015625
bpp_loss 3.488605260848999
8_q proxy err 0.0011042403057217598 tr(WHW.T) 7235.314453125
bpp_loss 4.228878021240234
8_k proxy err 0.0007598486263304949 tr(WHW.T) 10658.125
bpp_loss 4.2394185066223145
8_o proxy err 0.013239695690572262 tr(WHW.T) 20.22292709350586
bpp_loss 3.4742250442504883
8_up proxy err 0.006037752144038677 tr(WHW.T) 866.4569091796875
bpp_loss 3.71224532016488
8_gate proxy err 0.002776016714051366 tr(WHW.T) 1970.8406982421875
bpp_loss 3.837012002634448
8_down proxy err 0.007741833571344614 tr(WHW.T) 37.32512283325195
bpp_loss 3.7035359670949535
I0320 23:56:40.955509 1532290 finetune.py:68] layer 10_down @ epoch 0 new loss 0.00029670418007299304 old loss 0.0002967572945635766 BETTER
I0320 23:56:45.377512 1532236 finetune.py:68] layer 9_down @ epoch 3 new loss 0.00024106980708893389 old loss 0.00024107701028697193 BETTER
I0320 23:56:48.807468 1532344 finetune.py:68] layer 11_gate @ epoch 4 new loss 0.00022439366148319095 old loss 0.00022549905406776816 BETTER
I0320 23:57:10.612790 1532290 finetune.py:68] layer 10_down @ epoch 1 new loss 0.0002966752799693495 old loss 0.00029670418007299304 BETTER
I0320 23:57:15.304093 1532236 finetune.py:68] layer 9_down @ epoch 4 new loss 0.00024106379714794457 old loss 0.00024106980708893389 BETTER
9_v proxy err 0.011371701955795288 tr(WHW.T) 565.0663452148438
bpp_loss 3.5060571432113647
9_q proxy err 0.0011397955240681767 tr(WHW.T) 6974.95849609375
bpp_loss 4.231244087219238
9_k proxy err 0.0007367400685325265 tr(WHW.T) 11004.34765625
bpp_loss 4.276098966598511
9_o proxy err 0.013196355663239956 tr(WHW.T) 25.7464542388916
bpp_loss 3.493689179420471
9_up proxy err 0.005830372218042612 tr(WHW.T) 970.7380981445312
bpp_loss 3.7202946862509085
9_gate proxy err 0.0027605793438851833 tr(WHW.T) 2132.4365234375
bpp_loss 3.8241332298101383
9_down proxy err 0.00776748126372695 tr(WHW.T) 43.14749526977539
bpp_loss 3.711713724358137
I0320 23:57:19.235746 1532344 finetune.py:45] layer 11_down initial loss 0.00032604989246465266
I0320 23:57:40.579577 1532290 finetune.py:68] layer 10_down @ epoch 2 new loss 0.00029666084446944296 old loss 0.0002966752799693495 BETTER
I0320 23:57:46.934312 1532344 finetune.py:68] layer 11_down @ epoch 0 new loss 0.00032599602127447724 old loss 0.00032604989246465266 BETTER
I0320 23:58:10.175363 1532290 finetune.py:68] layer 10_down @ epoch 3 new loss 0.000296650396194309 old loss 0.00029666084446944296 BETTER
I0320 23:58:15.463694 1532344 finetune.py:68] layer 11_down @ epoch 1 new loss 0.0003259694785811007 old loss 0.00032599602127447724 BETTER
I0320 23:58:39.790489 1532290 finetune.py:68] layer 10_down @ epoch 4 new loss 0.00029664288740605116 old loss 0.000296650396194309 BETTER
I0320 23:58:40.272112 1531629 quantize_finetune_llama.py:234] computed original embedding for layer 12 in 77.43934082984924s
10_v proxy err 0.011494613252580166 tr(WHW.T) 578.807373046875
bpp_loss 3.4970861673355103
10_q proxy err 0.0011779465712606907 tr(WHW.T) 6919.88671875
bpp_loss 4.228840351104736
10_k proxy err 0.0007677818648517132 tr(WHW.T) 11013.6767578125
bpp_loss 4.283559560775757
10_o proxy err 0.013592629693448544 tr(WHW.T) 35.3609733581543
bpp_loss 3.4901102781295776
10_up proxy err 0.005512581672519445 tr(WHW.T) 1079.93896484375
bpp_loss 3.7329218664834665
10_gate proxy err 0.002729804953560233 tr(WHW.T) 2260.345947265625
bpp_loss 3.820006791935411
10_down proxy err 0.007403098046779633 tr(WHW.T) 52.578731536865234
bpp_loss 3.7218886752461278
I0320 23:58:43.900401 1532344 finetune.py:68] layer 11_down @ epoch 2 new loss 0.0003259551012888551 old loss 0.0003259694785811007 BETTER
I0320 23:58:44.298871 1532398 config.py:54] PyTorch version 2.6.0 available.
