I0320 22:39:15.175441 1531629 config.py:54] PyTorch version 2.6.0 available.
W0320 22:39:15.455647 1531629 warnings.py:109] /opt/conda/lib/python3.10/site-packages/torchvision/io/image.py:13: UserWarning: Failed to load image Python extension: '/opt/conda/lib/python3.10/site-packages/torchvision/image.so: undefined symbol: _ZN3c1017RegisterOperatorsD1Ev'If you don't plan on using image functionality from `torchvision.io`, you can ignore this warning. Otherwise, there might be something wrong with your environment. Did you have `libjpeg` or `libpng` installed before building `torchvision` from source?
  warn(

W0320 22:39:16.417644 1531629 warnings.py:109] /opt/conda/lib/python3.10/site-packages/compressai/models/video/google.py:353: FutureWarning: `torch.cuda.amp.autocast(args...)` is deprecated. Please use `torch.amp.autocast('cuda', args...)` instead.
  @amp.autocast(enabled=False)

Loading checkpoint shards:   0%|          | 0/6 [00:00<?, ?it/s]Loading checkpoint shards:  17%|█▋        | 1/6 [00:00<00:00,  7.59it/s]Loading checkpoint shards:  33%|███▎      | 2/6 [00:00<00:00,  7.24it/s]Loading checkpoint shards:  50%|█████     | 3/6 [00:00<00:00,  7.65it/s]Loading checkpoint shards:  67%|██████▋   | 4/6 [00:00<00:00,  7.91it/s]Loading checkpoint shards:  83%|████████▎ | 5/6 [00:00<00:00,  8.03it/s]Loading checkpoint shards: 100%|██████████| 6/6 [00:00<00:00,  8.20it/s]Loading checkpoint shards: 100%|██████████| 6/6 [00:00<00:00,  7.95it/s]
I0320 22:39:17.376279 1531629 quantize_finetune_llama.py:144] loaded model
calculating model weight mean & std:   0%|          | 0/32 [00:00<?, ?it/s]calculating model weight mean & std:   3%|▎         | 1/32 [00:00<00:14,  2.07it/s]calculating model weight mean & std:   6%|▋         | 2/32 [00:00<00:14,  2.09it/s]calculating model weight mean & std:   9%|▉         | 3/32 [00:01<00:13,  2.11it/s]calculating model weight mean & std:  12%|█▎        | 4/32 [00:01<00:13,  2.11it/s]calculating model weight mean & std:  16%|█▌        | 5/32 [00:02<00:12,  2.22it/s]calculating model weight mean & std:  19%|█▉        | 6/32 [00:02<00:11,  2.31it/s]calculating model weight mean & std:  22%|██▏       | 7/32 [00:03<00:10,  2.40it/s]calculating model weight mean & std:  25%|██▌       | 8/32 [00:03<00:09,  2.46it/s]calculating model weight mean & std:  28%|██▊       | 9/32 [00:04<00:11,  1.97it/s]calculating model weight mean & std:  31%|███▏      | 10/32 [00:05<00:13,  1.59it/s]calculating model weight mean & std:  34%|███▍      | 11/32 [00:06<00:14,  1.41it/s]calculating model weight mean & std:  38%|███▊      | 12/32 [00:06<00:15,  1.30it/s]calculating model weight mean & std:  41%|████      | 13/32 [00:07<00:15,  1.24it/s]calculating model weight mean & std:  44%|████▍     | 14/32 [00:08<00:15,  1.20it/s]calculating model weight mean & std:  47%|████▋     | 15/32 [00:09<00:14,  1.17it/s]calculating model weight mean & std:  50%|█████     | 16/32 [00:10<00:13,  1.17it/s]calculating model weight mean & std:  53%|█████▎    | 17/32 [00:11<00:12,  1.20it/s]calculating model weight mean & std:  56%|█████▋    | 18/32 [00:12<00:11,  1.22it/s]calculating model weight mean & std:  59%|█████▉    | 19/32 [00:12<00:10,  1.24it/s]calculating model weight mean & std:  62%|██████▎   | 20/32 [00:13<00:09,  1.25it/s]calculating model weight mean & std:  66%|██████▌   | 21/32 [00:14<00:08,  1.26it/s]calculating model weight mean & std:  69%|██████▉   | 22/32 [00:15<00:07,  1.26it/s]calculating model weight mean & std:  72%|███████▏  | 23/32 [00:15<00:07,  1.26it/s]calculating model weight mean & std:  75%|███████▌  | 24/32 [00:16<00:06,  1.27it/s]calculating model weight mean & std:  78%|███████▊  | 25/32 [00:17<00:05,  1.27it/s]calculating model weight mean & std:  81%|████████▏ | 26/32 [00:18<00:04,  1.27it/s]calculating model weight mean & std:  84%|████████▍ | 27/32 [00:19<00:03,  1.27it/s]calculating model weight mean & std:  88%|████████▊ | 28/32 [00:19<00:03,  1.27it/s]calculating model weight mean & std:  91%|█████████ | 29/32 [00:20<00:02,  1.28it/s]calculating model weight mean & std:  94%|█████████▍| 30/32 [00:21<00:01,  1.28it/s]calculating model weight mean & std:  97%|█████████▋| 31/32 [00:22<00:00,  1.28it/s]calculating model weight mean & std: 100%|██████████| 32/32 [00:23<00:00,  1.17it/s]calculating model weight mean & std: 100%|██████████| 32/32 [00:23<00:00,  1.38it/s]
I0320 22:39:49.168003 1531629 quantize_finetune_llama.py:179] loaded compression model
I0320 22:40:03.566335 1531629 quantize_finetune_llama.py:183] loaded dataset and devset
I0320 22:40:08.983966 1531629 quantize_finetune_llama.py:203] layer 0 gpu 0
The attention layers in this model are transitioning from computing the RoPE embeddings internally through `position_ids` (2D tensor with the indexes of the tokens), to using externally computed `position_embeddings` (Tuple of tensors, containing cos and sin). In v4.46 `position_ids` will be removed and `position_embeddings` will be mandatory.
I0320 22:41:24.799351 1531629 quantize_finetune_llama.py:234] computed original embedding for layer 0 in 75.67437815666199s
tensor(0.0192) tensor(-3.6338e-06)
huggingface/tokenizers: The current process just got forked, after parallelism has already been used. Disabling parallelism to avoid deadlocks...
To disable this warning, you can either:
	- Avoid using `tokenizers` before the fork if possible
	- Explicitly set the environment variable TOKENIZERS_PARALLELISM=(true | false)
I0320 22:41:48.633434 1531744 config.py:54] PyTorch version 2.6.0 available.
W0320 22:41:48.916000 1531744 warnings.py:109] /opt/conda/lib/python3.10/site-packages/torchvision/io/image.py:13: UserWarning: Failed to load image Python extension: '/opt/conda/lib/python3.10/site-packages/torchvision/image.so: undefined symbol: _ZN3c1017RegisterOperatorsD1Ev'If you don't plan on using image functionality from `torchvision.io`, you can ignore this warning. Otherwise, there might be something wrong with your environment. Did you have `libjpeg` or `libpng` installed before building `torchvision` from source?
  warn(

W0320 22:41:49.800464 1531744 warnings.py:109] /opt/conda/lib/python3.10/site-packages/compressai/models/video/google.py:353: FutureWarning: `torch.cuda.amp.autocast(args...)` is deprecated. Please use `torch.amp.autocast('cuda', args...)` instead.
  @amp.autocast(enabled=False)

I0320 22:41:49.804437 1531629 quantize_finetune_llama.py:203] layer 1 gpu 1
I0320 22:41:49.817480 1531744 data_utils.py:336] using 256 training seqs, 128 validation seqs
The attention layers in this model are transitioning from computing the RoPE embeddings internally through `position_ids` (2D tensor with the indexes of the tokens), to using externally computed `position_embeddings` (Tuple of tensors, containing cos and sin). In v4.46 `position_ids` will be removed and `position_embeddings` will be mandatory.
I0320 22:42:01.364791 1531744 finetune.py:45] layer 0_v initial loss 5.642715223075356e-06
W0320 22:42:01.364994 1531744 warnings.py:109] /workspace/Weight_compression/comp_lm_qtip/lib/algo/finetune.py:46: FutureWarning: `torch.cuda.amp.GradScaler(args...)` is deprecated. Please use `torch.amp.GradScaler('cuda', args...)` instead.
  scaler = torch.cuda.amp.GradScaler(enabled=(orig_dtype==torch.float16))

I0320 22:42:35.164848 1531744 finetune.py:68] layer 0_v @ epoch 0 new loss 1.56589851485478e-06 old loss 5.642715223075356e-06 BETTER
I0320 22:43:02.739803 1531629 quantize_finetune_llama.py:234] computed original embedding for layer 1 in 72.7710485458374s
I0320 22:43:12.689095 1531744 finetune.py:68] layer 0_v @ epoch 1 new loss 6.413553137463168e-07 old loss 1.56589851485478e-06 BETTER
I0320 22:43:13.918944 1531800 config.py:54] PyTorch version 2.6.0 available.
W0320 22:43:14.254446 1531800 warnings.py:109] /opt/conda/lib/python3.10/site-packages/torchvision/io/image.py:13: UserWarning: Failed to load image Python extension: '/opt/conda/lib/python3.10/site-packages/torchvision/image.so: undefined symbol: _ZN3c1017RegisterOperatorsD1Ev'If you don't plan on using image functionality from `torchvision.io`, you can ignore this warning. Otherwise, there might be something wrong with your environment. Did you have `libjpeg` or `libpng` installed before building `torchvision` from source?
  warn(

W0320 22:43:15.230355 1531800 warnings.py:109] /opt/conda/lib/python3.10/site-packages/compressai/models/video/google.py:353: FutureWarning: `torch.cuda.amp.autocast(args...)` is deprecated. Please use `torch.amp.autocast('cuda', args...)` instead.
  @amp.autocast(enabled=False)

I0320 22:43:15.234870 1531629 quantize_finetune_llama.py:203] layer 2 gpu 2
I0320 22:43:15.248410 1531800 data_utils.py:336] using 256 training seqs, 128 validation seqs
The attention layers in this model are transitioning from computing the RoPE embeddings internally through `position_ids` (2D tensor with the indexes of the tokens), to using externally computed `position_embeddings` (Tuple of tensors, containing cos and sin). In v4.46 `position_ids` will be removed and `position_embeddings` will be mandatory.
I0320 22:43:27.901433 1531800 finetune.py:45] layer 1_v initial loss 0.00016559541109018028
W0320 22:43:27.901735 1531800 warnings.py:109] /workspace/Weight_compression/comp_lm_qtip/lib/algo/finetune.py:46: FutureWarning: `torch.cuda.amp.GradScaler(args...)` is deprecated. Please use `torch.amp.GradScaler('cuda', args...)` instead.
  scaler = torch.cuda.amp.GradScaler(enabled=(orig_dtype==torch.float16))

I0320 22:43:48.239267 1531744 finetune.py:68] layer 0_v @ epoch 2 new loss 3.8777997701799904e-07 old loss 6.413553137463168e-07 BETTER
I0320 22:44:00.701512 1531800 finetune.py:68] layer 1_v @ epoch 0 new loss 3.421835208428092e-05 old loss 0.00016559541109018028 BETTER
I0320 22:44:24.012362 1531744 finetune.py:68] layer 0_v @ epoch 3 new loss 3.0627819569417625e-07 old loss 3.8777997701799904e-07 BETTER
I0320 22:44:33.841973 1531629 quantize_finetune_llama.py:234] computed original embedding for layer 2 in 78.39050054550171s
I0320 22:44:36.109221 1531800 finetune.py:68] layer 1_v @ epoch 1 new loss 1.97485296666855e-05 old loss 3.421835208428092e-05 BETTER
I0320 22:44:46.745654 1531856 config.py:54] PyTorch version 2.6.0 available.
W0320 22:44:47.101756 1531856 warnings.py:109] /opt/conda/lib/python3.10/site-packages/torchvision/io/image.py:13: UserWarning: Failed to load image Python extension: '/opt/conda/lib/python3.10/site-packages/torchvision/image.so: undefined symbol: _ZN3c1017RegisterOperatorsD1Ev'If you don't plan on using image functionality from `torchvision.io`, you can ignore this warning. Otherwise, there might be something wrong with your environment. Did you have `libjpeg` or `libpng` installed before building `torchvision` from source?
  warn(

W0320 22:44:48.143309 1531856 warnings.py:109] /opt/conda/lib/python3.10/site-packages/compressai/models/video/google.py:353: FutureWarning: `torch.cuda.amp.autocast(args...)` is deprecated. Please use `torch.amp.autocast('cuda', args...)` instead.
  @amp.autocast(enabled=False)

I0320 22:44:48.147602 1531629 quantize_finetune_llama.py:203] layer 3 gpu 3
I0320 22:44:48.184388 1531856 data_utils.py:336] using 256 training seqs, 128 validation seqs
The attention layers in this model are transitioning from computing the RoPE embeddings internally through `position_ids` (2D tensor with the indexes of the tokens), to using externally computed `position_embeddings` (Tuple of tensors, containing cos and sin). In v4.46 `position_ids` will be removed and `position_embeddings` will be mandatory.
I0320 22:45:02.907981 1531744 finetune.py:68] layer 0_v @ epoch 4 new loss 2.698260459510493e-07 old loss 3.0627819569417625e-07 BETTER
I0320 22:45:03.376367 1531856 finetune.py:45] layer 2_v initial loss 9.555295036989264e-06
W0320 22:45:03.376701 1531856 warnings.py:109] /workspace/Weight_compression/comp_lm_qtip/lib/algo/finetune.py:46: FutureWarning: `torch.cuda.amp.GradScaler(args...)` is deprecated. Please use `torch.amp.GradScaler('cuda', args...)` instead.
  scaler = torch.cuda.amp.GradScaler(enabled=(orig_dtype==torch.float16))

I0320 22:45:13.331138 1531800 finetune.py:68] layer 1_v @ epoch 2 new loss 1.2604818039108068e-05 old loss 1.97485296666855e-05 BETTER
I0320 22:45:18.704774 1531744 finetune.py:45] layer 0_q initial loss 2.9135026125004515e-07
I0320 22:45:37.655959 1531856 finetune.py:68] layer 2_v @ epoch 0 new loss 7.005811312410515e-06 old loss 9.555295036989264e-06 BETTER
I0320 22:45:49.483504 1531800 finetune.py:68] layer 1_v @ epoch 3 new loss 8.944889486883767e-06 old loss 1.2604818039108068e-05 BETTER
I0320 22:45:53.778089 1531744 finetune.py:68] layer 0_q @ epoch 0 new loss 2.4520369379388285e-07 old loss 2.9135026125004515e-07 BETTER
I0320 22:46:10.561644 1531629 quantize_finetune_llama.py:234] computed original embedding for layer 3 in 82.1770122051239s
I0320 22:46:17.367712 1531856 finetune.py:68] layer 2_v @ epoch 1 new loss 5.6713365665927995e-06 old loss 7.005811312410515e-06 BETTER
I0320 22:46:24.574009 1531912 config.py:54] PyTorch version 2.6.0 available.
W0320 22:46:25.110322 1531912 warnings.py:109] /opt/conda/lib/python3.10/site-packages/torchvision/io/image.py:13: UserWarning: Failed to load image Python extension: '/opt/conda/lib/python3.10/site-packages/torchvision/image.so: undefined symbol: _ZN3c1017RegisterOperatorsD1Ev'If you don't plan on using image functionality from `torchvision.io`, you can ignore this warning. Otherwise, there might be something wrong with your environment. Did you have `libjpeg` or `libpng` installed before building `torchvision` from source?
  warn(

W0320 22:46:26.514460 1531912 warnings.py:109] /opt/conda/lib/python3.10/site-packages/compressai/models/video/google.py:353: FutureWarning: `torch.cuda.amp.autocast(args...)` is deprecated. Please use `torch.amp.autocast('cuda', args...)` instead.
  @amp.autocast(enabled=False)

I0320 22:46:26.519285 1531629 quantize_finetune_llama.py:203] layer 4 gpu 0
I0320 22:46:26.552314 1531912 data_utils.py:336] using 256 training seqs, 128 validation seqs
I0320 22:46:27.223767 1531800 finetune.py:68] layer 1_v @ epoch 4 new loss 7.452909358107718e-06 old loss 8.944889486883767e-06 BETTER
I0320 22:46:31.627738 1531744 finetune.py:68] layer 0_q @ epoch 1 new loss 2.2411140321310086e-07 old loss 2.4520369379388285e-07 BETTER
The attention layers in this model are transitioning from computing the RoPE embeddings internally through `position_ids` (2D tensor with the indexes of the tokens), to using externally computed `position_embeddings` (Tuple of tensors, containing cos and sin). In v4.46 `position_ids` will be removed and `position_embeddings` will be mandatory.
I0320 22:46:42.678105 1531912 finetune.py:45] layer 3_v initial loss 1.3875282093067653e-05
W0320 22:46:42.678328 1531912 warnings.py:109] /workspace/Weight_compression/comp_lm_qtip/lib/algo/finetune.py:46: FutureWarning: `torch.cuda.amp.GradScaler(args...)` is deprecated. Please use `torch.amp.GradScaler('cuda', args...)` instead.
  scaler = torch.cuda.amp.GradScaler(enabled=(orig_dtype==torch.float16))

I0320 22:46:45.448098 1531800 finetune.py:45] layer 1_q initial loss 8.677184268890414e-06
I0320 22:46:52.960376 1531856 finetune.py:68] layer 2_v @ epoch 2 new loss 4.896733571513323e-06 old loss 5.6713365665927995e-06 BETTER
I0320 22:47:08.188402 1531744 finetune.py:68] layer 0_q @ epoch 2 new loss 2.082401096004105e-07 old loss 2.2411140321310086e-07 BETTER
I0320 22:47:17.450863 1531912 finetune.py:68] layer 3_v @ epoch 0 new loss 8.818832611723337e-06 old loss 1.3875282093067653e-05 BETTER
I0320 22:47:20.599505 1531800 finetune.py:68] layer 1_q @ epoch 0 new loss 6.795140052417992e-06 old loss 8.677184268890414e-06 BETTER
I0320 22:47:29.005651 1531856 finetune.py:68] layer 2_v @ epoch 3 new loss 4.4018670450896025e-06 old loss 4.896733571513323e-06 BETTER
I0320 22:47:44.951776 1531744 finetune.py:68] layer 0_q @ epoch 3 new loss 1.9511271887040493e-07 old loss 2.082401096004105e-07 BETTER
I0320 22:47:53.122402 1531912 finetune.py:68] layer 3_v @ epoch 1 new loss 7.104705218807794e-06 old loss 8.818832611723337e-06 BETTER
I0320 22:47:56.199986 1531800 finetune.py:68] layer 1_q @ epoch 1 new loss 5.1924967010563705e-06 old loss 6.795140052417992e-06 BETTER
I0320 22:48:05.583140 1531856 finetune.py:68] layer 2_v @ epoch 4 new loss 4.063653250341304e-06 old loss 4.4018670450896025e-06 BETTER
I0320 22:48:22.271903 1531744 finetune.py:68] layer 0_q @ epoch 4 new loss 1.8312202598735894e-07 old loss 1.9511271887040493e-07 BETTER
I0320 22:48:23.010043 1531856 finetune.py:45] layer 2_q initial loss 4.53200618721894e-06
I0320 22:48:28.777504 1531912 finetune.py:68] layer 3_v @ epoch 2 new loss 6.331258646241622e-06 old loss 7.104705218807794e-06 BETTER
I0320 22:48:31.749599 1531800 finetune.py:68] layer 1_q @ epoch 2 new loss 5.138015694683418e-06 old loss 5.1924967010563705e-06 BETTER
I0320 22:48:40.543109 1531744 finetune.py:45] layer 0_k initial loss 2.0151038881977001e-07
I0320 22:48:57.673993 1531856 finetune.py:68] layer 2_q @ epoch 0 new loss 4.009983058494981e-06 old loss 4.53200618721894e-06 BETTER
I0320 22:49:04.937462 1531912 finetune.py:68] layer 3_v @ epoch 3 new loss 5.871877419849625e-06 old loss 6.331258646241622e-06 BETTER
I0320 22:49:08.058806 1531800 finetune.py:68] layer 1_q @ epoch 3 new loss 3.987705895269755e-06 old loss 5.138015694683418e-06 BETTER
I0320 22:49:16.644320 1531744 finetune.py:68] layer 0_k @ epoch 0 new loss 1.8000409340857004e-07 old loss 2.0151038881977001e-07 BETTER
I0320 22:49:33.590184 1531856 finetune.py:68] layer 2_q @ epoch 1 new loss 3.7766296827612678e-06 old loss 4.009983058494981e-06 BETTER
I0320 22:49:41.502047 1531912 finetune.py:68] layer 3_v @ epoch 4 new loss 5.542554390558507e-06 old loss 5.871877419849625e-06 BETTER
I0320 22:49:44.207466 1531800 finetune.py:76] layer 1_q @ epoch 4 new loss 4.477049969864311e-06 old loss 3.987705895269755e-06 WORSE
I0320 22:49:52.828376 1531744 finetune.py:68] layer 0_k @ epoch 1 new loss 1.6984560602395504e-07 old loss 1.8000409340857004e-07 BETTER
I0320 22:49:59.461650 1531912 finetune.py:45] layer 3_q initial loss 6.714051778544672e-06
I0320 22:50:01.819344 1531800 finetune.py:45] layer 1_k initial loss 4.312523742555641e-06
I0320 22:50:09.797369 1531856 finetune.py:68] layer 2_q @ epoch 2 new loss 3.599596311687492e-06 old loss 3.7766296827612678e-06 BETTER
I0320 22:50:29.539980 1531744 finetune.py:68] layer 0_k @ epoch 2 new loss 1.6184327478185878e-07 old loss 1.6984560602395504e-07 BETTER
I0320 22:50:34.252272 1531912 finetune.py:68] layer 3_q @ epoch 0 new loss 5.969426638330333e-06 old loss 6.714051778544672e-06 BETTER
I0320 22:50:36.401925 1531800 finetune.py:76] layer 1_k @ epoch 0 new loss 5.851408786838874e-06 old loss 4.312523742555641e-06 WORSE
I0320 22:50:45.422933 1531856 finetune.py:68] layer 2_q @ epoch 3 new loss 3.454327952567837e-06 old loss 3.599596311687492e-06 BETTER
I0320 22:51:07.248610 1531744 finetune.py:68] layer 0_k @ epoch 3 new loss 1.5536124919890426e-07 old loss 1.6184327478185878e-07 BETTER
I0320 22:51:10.717399 1531912 finetune.py:68] layer 3_q @ epoch 1 new loss 5.683371000486659e-06 old loss 5.969426638330333e-06 BETTER
I0320 22:51:11.717783 1531800 finetune.py:68] layer 1_k @ epoch 1 new loss 4.270393219485413e-06 old loss 4.312523742555641e-06 BETTER
I0320 22:51:21.657837 1531856 finetune.py:68] layer 2_q @ epoch 4 new loss 3.3309190712316195e-06 old loss 3.454327952567837e-06 BETTER
I0320 22:51:38.708697 1531856 finetune.py:45] layer 2_k initial loss 3.759662149604992e-06
I0320 22:51:46.114033 1531744 finetune.py:68] layer 0_k @ epoch 4 new loss 1.4880330923006113e-07 old loss 1.5536124919890426e-07 BETTER
I0320 22:51:47.029293 1531912 finetune.py:68] layer 3_q @ epoch 2 new loss 5.466120910568861e-06 old loss 5.683371000486659e-06 BETTER
I0320 22:51:47.760674 1531800 finetune.py:68] layer 1_k @ epoch 2 new loss 3.6319986520538805e-06 old loss 4.270393219485413e-06 BETTER
I0320 22:52:02.203101 1531744 finetune.py:45] layer 0_o initial loss 1.0425452501294785e-06
I0320 22:52:12.857074 1531856 finetune.py:68] layer 2_k @ epoch 0 new loss 3.5668124382937094e-06 old loss 3.759662149604992e-06 BETTER
I0320 22:52:22.557561 1531912 finetune.py:68] layer 3_q @ epoch 3 new loss 5.2896175475325435e-06 old loss 5.466120910568861e-06 BETTER
I0320 22:52:24.057700 1531800 finetune.py:76] layer 1_k @ epoch 3 new loss 3.6889773582515772e-06 old loss 3.6319986520538805e-06 WORSE
I0320 22:52:37.459934 1531744 finetune.py:68] layer 0_o @ epoch 0 new loss 9.13669680357998e-07 old loss 1.0425452501294785e-06 BETTER
I0320 22:52:48.365632 1531856 finetune.py:68] layer 2_k @ epoch 1 new loss 3.446977643761784e-06 old loss 3.5668124382937094e-06 BETTER
I0320 22:52:58.029240 1531912 finetune.py:68] layer 3_q @ epoch 4 new loss 5.143688667885726e-06 old loss 5.2896175475325435e-06 BETTER
I0320 22:52:58.548201 1531800 finetune.py:76] layer 1_k @ epoch 4 new loss 3.797437784669455e-06 old loss 3.6319986520538805e-06 WORSE
I0320 22:53:14.744494 1531744 finetune.py:68] layer 0_o @ epoch 1 new loss 8.248395602095115e-07 old loss 9.13669680357998e-07 BETTER
I0320 22:53:15.248968 1531800 finetune.py:45] layer 1_o initial loss 3.185722016496584e-05
I0320 22:53:16.006808 1531912 finetune.py:45] layer 3_k initial loss 6.058367034711409e-06
I0320 22:53:24.084302 1531856 finetune.py:68] layer 2_k @ epoch 2 new loss 3.3501501093269326e-06 old loss 3.446977643761784e-06 BETTER
I0320 22:53:50.224006 1531800 finetune.py:68] layer 1_o @ epoch 0 new loss 9.236312507709954e-06 old loss 3.185722016496584e-05 BETTER
I0320 22:53:51.241714 1531912 finetune.py:68] layer 3_k @ epoch 0 new loss 5.754966878157575e-06 old loss 6.058367034711409e-06 BETTER
I0320 22:53:52.238749 1531744 finetune.py:68] layer 0_o @ epoch 2 new loss 7.585153980471659e-07 old loss 8.248395602095115e-07 BETTER
I0320 22:53:59.391767 1531856 finetune.py:68] layer 2_k @ epoch 3 new loss 3.266146677560755e-06 old loss 3.3501501093269326e-06 BETTER
I0320 22:54:26.304276 1531800 finetune.py:68] layer 1_o @ epoch 1 new loss 8.31682700663805e-06 old loss 9.236312507709954e-06 BETTER
I0320 22:54:27.407335 1531912 finetune.py:68] layer 3_k @ epoch 1 new loss 5.61090155315469e-06 old loss 5.754966878157575e-06 BETTER
I0320 22:54:29.200721 1531744 finetune.py:68] layer 0_o @ epoch 3 new loss 7.05275908785552e-07 old loss 7.585153980471659e-07 BETTER
I0320 22:54:35.017382 1531856 finetune.py:68] layer 2_k @ epoch 4 new loss 3.191880523445434e-06 old loss 3.266146677560755e-06 BETTER
I0320 22:54:52.008740 1531856 finetune.py:45] layer 2_o initial loss 6.888926691317465e-06
I0320 22:55:02.003954 1531800 finetune.py:68] layer 1_o @ epoch 2 new loss 7.88574106991291e-06 old loss 8.31682700663805e-06 BETTER
I0320 22:55:04.145990 1531912 finetune.py:68] layer 3_k @ epoch 2 new loss 5.4962843023531605e-06 old loss 5.61090155315469e-06 BETTER
I0320 22:55:06.204420 1531744 finetune.py:68] layer 0_o @ epoch 4 new loss 6.612424954255403e-07 old loss 7.05275908785552e-07 BETTER
I0320 22:55:25.512284 1531856 finetune.py:68] layer 2_o @ epoch 0 new loss 6.791053237975575e-06 old loss 6.888926691317465e-06 BETTER
I0320 22:55:35.285590 1531744 finetune.py:45] layer 0_up initial loss 7.570073989882076e-07
I0320 22:55:38.092554 1531800 finetune.py:68] layer 1_o @ epoch 3 new loss 7.554308467661031e-06 old loss 7.88574106991291e-06 BETTER
I0320 22:55:40.072541 1531912 finetune.py:68] layer 3_k @ epoch 3 new loss 5.394338586484082e-06 old loss 5.4962843023531605e-06 BETTER
I0320 22:56:00.778177 1531856 finetune.py:68] layer 2_o @ epoch 1 new loss 6.716373263770947e-06 old loss 6.791053237975575e-06 BETTER
I0320 22:56:09.175395 1531744 finetune.py:68] layer 0_up @ epoch 0 new loss 7.083642117322597e-07 old loss 7.570073989882076e-07 BETTER
I0320 22:56:14.224500 1531800 finetune.py:68] layer 1_o @ epoch 4 new loss 7.201149401225848e-06 old loss 7.554308467661031e-06 BETTER
I0320 22:56:15.804018 1531912 finetune.py:68] layer 3_k @ epoch 4 new loss 5.305906597641297e-06 old loss 5.394338586484082e-06 BETTER
I0320 22:56:32.193247 1531912 finetune.py:45] layer 3_o initial loss 1.3377799405134283e-05
I0320 22:56:35.672806 1531856 finetune.py:68] layer 2_o @ epoch 2 new loss 6.652734555245843e-06 old loss 6.716373263770947e-06 BETTER
I0320 22:56:44.341659 1531744 finetune.py:68] layer 0_up @ epoch 1 new loss 6.736201498824812e-07 old loss 7.083642117322597e-07 BETTER
I0320 22:56:45.093364 1531800 finetune.py:45] layer 1_up initial loss 5.0651207857299596e-05
I0320 22:57:05.501950 1531912 finetune.py:68] layer 3_o @ epoch 0 new loss 1.2936983694089577e-05 old loss 1.3377799405134283e-05 BETTER
I0320 22:57:11.644007 1531856 finetune.py:68] layer 2_o @ epoch 3 new loss 6.597306764888344e-06 old loss 6.652734555245843e-06 BETTER
I0320 22:57:18.022158 1531800 finetune.py:68] layer 1_up @ epoch 0 new loss 1.0666008165571839e-05 old loss 5.0651207857299596e-05 BETTER
I0320 22:57:19.821673 1531744 finetune.py:68] layer 0_up @ epoch 2 new loss 6.456115784203575e-07 old loss 6.736201498824812e-07 BETTER
I0320 22:57:40.572199 1531912 finetune.py:68] layer 3_o @ epoch 1 new loss 1.2662389963224996e-05 old loss 1.2936983694089577e-05 BETTER
I0320 22:57:48.224058 1531856 finetune.py:68] layer 2_o @ epoch 4 new loss 6.547120847244514e-06 old loss 6.597306764888344e-06 BETTER
I0320 22:57:52.070531 1531800 finetune.py:68] layer 1_up @ epoch 1 new loss 8.067480848694686e-06 old loss 1.0666008165571839e-05 BETTER
I0320 22:57:54.156961 1531744 finetune.py:68] layer 0_up @ epoch 3 new loss 6.218086809894885e-07 old loss 6.456115784203575e-07 BETTER
I0320 22:58:15.472997 1531912 finetune.py:68] layer 3_o @ epoch 2 new loss 1.24631469589076e-05 old loss 1.2662389963224996e-05 BETTER
I0320 22:58:18.527998 1531856 finetune.py:45] layer 2_up initial loss 8.909641110221855e-06
I0320 22:58:26.023964 1531800 finetune.py:68] layer 1_up @ epoch 2 new loss 7.95748746895697e-06 old loss 8.067480848694686e-06 BETTER
I0320 22:58:29.335850 1531744 finetune.py:68] layer 0_up @ epoch 4 new loss 6.015604867570801e-07 old loss 6.218086809894885e-07 BETTER
I0320 22:58:50.838732 1531912 finetune.py:68] layer 3_o @ epoch 3 new loss 1.2299308764340822e-05 old loss 1.24631469589076e-05 BETTER
I0320 22:58:51.709274 1531856 finetune.py:68] layer 2_up @ epoch 0 new loss 8.850315680319909e-06 old loss 8.909641110221855e-06 BETTER
I0320 22:59:00.475660 1531800 finetune.py:68] layer 1_up @ epoch 3 new loss 7.69127109379042e-06 old loss 7.95748746895697e-06 BETTER
I0320 22:59:00.563879 1531744 finetune.py:45] layer 0_gate initial loss 6.802852112741675e-07
I0320 22:59:26.551425 1531856 finetune.py:68] layer 2_up @ epoch 1 new loss 8.805343895801343e-06 old loss 8.850315680319909e-06 BETTER
I0320 22:59:26.892394 1531912 finetune.py:68] layer 3_o @ epoch 4 new loss 1.2163090104877483e-05 old loss 1.2299308764340822e-05 BETTER
I0320 22:59:32.710674 1531744 finetune.py:68] layer 0_gate @ epoch 0 new loss 6.531192298098176e-07 old loss 6.802852112741675e-07 BETTER
I0320 22:59:33.715258 1531800 finetune.py:68] layer 1_up @ epoch 4 new loss 7.544826530647697e-06 old loss 7.69127109379042e-06 BETTER
I0320 22:59:56.436702 1531912 finetune.py:45] layer 3_up initial loss 1.784196683729533e-05
I0320 23:00:00.933657 1531856 finetune.py:68] layer 2_up @ epoch 2 new loss 8.765491656959057e-06 old loss 8.805343895801343e-06 BETTER
I0320 23:00:05.057276 1531800 finetune.py:45] layer 1_gate initial loss 4.945397813571617e-05
I0320 23:00:06.257469 1531744 finetune.py:68] layer 0_gate @ epoch 1 new loss 6.360841098285164e-07 old loss 6.531192298098176e-07 BETTER
I0320 23:00:28.999858 1531912 finetune.py:68] layer 3_up @ epoch 0 new loss 1.7674807168077677e-05 old loss 1.784196683729533e-05 BETTER
I0320 23:00:36.755642 1531856 finetune.py:68] layer 2_up @ epoch 3 new loss 8.728657121537253e-06 old loss 8.765491656959057e-06 BETTER
I0320 23:00:37.080893 1531800 finetune.py:68] layer 1_gate @ epoch 0 new loss 1.2270587831153534e-05 old loss 4.945397813571617e-05 BETTER
I0320 23:00:40.975974 1531744 finetune.py:68] layer 0_gate @ epoch 2 new loss 6.225445758900605e-07 old loss 6.360841098285164e-07 BETTER
I0320 23:01:03.125073 1531912 finetune.py:68] layer 3_up @ epoch 1 new loss 1.75521108758403e-05 old loss 1.7674807168077677e-05 BETTER
I0320 23:01:10.121340 1531800 finetune.py:68] layer 1_gate @ epoch 1 new loss 8.694316420587711e-06 old loss 1.2270587831153534e-05 BETTER
I0320 23:01:12.046062 1531856 finetune.py:68] layer 2_up @ epoch 4 new loss 8.694116331753321e-06 old loss 8.728657121537253e-06 BETTER
I0320 23:01:14.714364 1531744 finetune.py:68] layer 0_gate @ epoch 3 new loss 6.111927177698817e-07 old loss 6.225445758900605e-07 BETTER
I0320 23:01:36.821263 1531912 finetune.py:68] layer 3_up @ epoch 2 new loss 1.7445714547648095e-05 old loss 1.75521108758403e-05 BETTER
I0320 23:01:42.966482 1531856 finetune.py:45] layer 2_gate initial loss 1.0409859896753915e-05
I0320 23:01:43.962973 1531800 finetune.py:68] layer 1_gate @ epoch 2 new loss 8.481575605401304e-06 old loss 8.694316420587711e-06 BETTER
I0320 23:01:48.546068 1531744 finetune.py:68] layer 0_gate @ epoch 4 new loss 6.013779056956992e-07 old loss 6.111927177698817e-07 BETTER
I0320 23:02:11.113828 1531912 finetune.py:68] layer 3_up @ epoch 3 new loss 1.7349060726701282e-05 old loss 1.7445714547648095e-05 BETTER
I0320 23:02:14.543277 1531856 finetune.py:68] layer 2_gate @ epoch 0 new loss 1.0363085493736435e-05 old loss 1.0409859896753915e-05 BETTER
I0320 23:02:15.831861 1531800 finetune.py:68] layer 1_gate @ epoch 3 new loss 8.37232255435083e-06 old loss 8.481575605401304e-06 BETTER
I0320 23:02:21.212332 1531744 finetune.py:45] layer 0_down initial loss 1.1531794825714314e-06
I0320 23:02:45.936405 1531912 finetune.py:68] layer 3_up @ epoch 4 new loss 1.725932816043496e-05 old loss 1.7349060726701282e-05 BETTER
I0320 23:02:48.138311 1531856 finetune.py:68] layer 2_gate @ epoch 1 new loss 1.033047192322556e-05 old loss 1.0363085493736435e-05 BETTER
I0320 23:02:48.841895 1531800 finetune.py:68] layer 1_gate @ epoch 4 new loss 8.228075785154942e-06 old loss 8.37232255435083e-06 BETTER
I0320 23:02:51.386430 1531744 finetune.py:68] layer 0_down @ epoch 0 new loss 1.1470153822301654e-06 old loss 1.1531794825714314e-06 BETTER
I0320 23:03:16.725352 1531912 finetune.py:45] layer 3_gate initial loss 2.1339457816793583e-05
I0320 23:03:22.088217 1531856 finetune.py:68] layer 2_gate @ epoch 2 new loss 1.030155544867739e-05 old loss 1.033047192322556e-05 BETTER
I0320 23:03:22.165935 1531800 finetune.py:45] layer 1_down initial loss 0.0014725528890267015
I0320 23:03:23.615512 1531744 finetune.py:68] layer 0_down @ epoch 1 new loss 1.1456879747129278e-06 old loss 1.1470153822301654e-06 BETTER
I0320 23:03:48.423777 1531912 finetune.py:68] layer 3_gate @ epoch 0 new loss 2.123202102666255e-05 old loss 2.1339457816793583e-05 BETTER
I0320 23:03:52.766164 1531800 finetune.py:68] layer 1_down @ epoch 0 new loss 0.0014566041063517332 old loss 0.0014725528890267015 BETTER
I0320 23:03:55.837324 1531856 finetune.py:68] layer 2_gate @ epoch 3 new loss 1.0275273780280259e-05 old loss 1.030155544867739e-05 BETTER
I0320 23:03:56.226970 1531744 finetune.py:68] layer 0_down @ epoch 2 new loss 1.1450151760072913e-06 old loss 1.1456879747129278e-06 BETTER
I0320 23:04:21.827755 1531912 finetune.py:68] layer 3_gate @ epoch 1 new loss 2.1151874534552917e-05 old loss 2.123202102666255e-05 BETTER
I0320 23:04:24.549712 1531800 finetune.py:68] layer 1_down @ epoch 1 new loss 0.0014560821000486612 old loss 0.0014566041063517332 BETTER
I0320 23:04:28.826938 1531744 finetune.py:68] layer 0_down @ epoch 3 new loss 1.1444955134720658e-06 old loss 1.1450151760072913e-06 BETTER
I0320 23:04:29.222842 1531856 finetune.py:68] layer 2_gate @ epoch 4 new loss 1.0250119885313325e-05 old loss 1.0275273780280259e-05 BETTER
I0320 23:04:54.084121 1531912 finetune.py:68] layer 3_gate @ epoch 2 new loss 2.1081705199321732e-05 old loss 2.1151874534552917e-05 BETTER
I0320 23:04:55.362002 1531800 finetune.py:68] layer 1_down @ epoch 2 new loss 0.001455872436054051 old loss 0.0014560821000486612 BETTER
I0320 23:05:00.881323 1531744 finetune.py:68] layer 0_down @ epoch 4 new loss 1.1440114349170472e-06 old loss 1.1444955134720658e-06 BETTER
0_v proxy err 0.03965747356414795 tr(WHW.T) 4.225186347961426
bpp_loss 3.303962826728821
0_q proxy err 0.0001614121865713969 tr(WHW.T) 2710.606689453125
bpp_loss 3.4393850564956665
0_k proxy err 0.00019645005522761494 tr(WHW.T) 1699.218017578125
bpp_loss 3.5403919219970703
0_o proxy err 0.002799158450216055 tr(WHW.T) 0.9710482954978943
bpp_loss 3.117640495300293
0_up proxy err 0.004899368155747652 tr(WHW.T) 43.290138244628906
bpp_loss 3.6095847196357194
0_gate proxy err 0.003385437186807394 tr(WHW.T) 63.488494873046875
bpp_loss 3.6275402335233466
0_down proxy err 0.0033542211167514324 tr(WHW.T) 0.6580609083175659
bpp_loss 3.654481111570846
I0320 23:05:03.870179 1531856 finetune.py:45] layer 2_down initial loss 1.5144805729505606e-05
I0320 23:05:27.199585 1531912 finetune.py:68] layer 3_gate @ epoch 3 new loss 2.1017105609644204e-05 old loss 2.1081705199321732e-05 BETTER
I0320 23:05:27.970493 1531800 finetune.py:68] layer 1_down @ epoch 3 new loss 0.0014556164387613535 old loss 0.001455872436054051 BETTER
I0320 23:05:33.959733 1531856 finetune.py:68] layer 2_down @ epoch 0 new loss 1.5141125913942233e-05 old loss 1.5144805729505606e-05 BETTER
I0320 23:05:59.212133 1531800 finetune.py:68] layer 1_down @ epoch 4 new loss 0.001455313409678638 old loss 0.0014556164387613535 BETTER
I0320 23:05:59.360197 1531912 finetune.py:68] layer 3_gate @ epoch 4 new loss 2.0956584194209427e-05 old loss 2.1017105609644204e-05 BETTER
1_v proxy err 0.05781306326389313 tr(WHW.T) 16.465883255004883
bpp_loss 3.2507294416427612
1_q proxy err 0.00030145407072268426 tr(WHW.T) 4779.80126953125
bpp_loss 4.322580814361572
1_k proxy err 0.0002915026852861047 tr(WHW.T) 4999.890625
bpp_loss 4.318829298019409
1_o proxy err 0.009700675494968891 tr(WHW.T) 1.1117877960205078
bpp_loss 3.163782238960266
1_up proxy err 0.005132959224283695 tr(WHW.T) 109.92166137695312
bpp_loss 3.677332323650981
1_gate proxy err 0.0026274980045855045 tr(WHW.T) 221.72103881835938
bpp_loss 3.748407940531886
1_down proxy err 0.002983252052217722 tr(WHW.T) 2043.5308837890625
bpp_loss 3.6939858724904613
I0320 23:06:03.578343 1531856 finetune.py:68] layer 2_down @ epoch 1 new loss 1.5139336937863845e-05 old loss 1.5141125913942233e-05 BETTER
I0320 23:06:27.135320 1531912 finetune.py:45] layer 3_down initial loss 3.132334677502513e-05
I0320 23:06:32.652361 1531856 finetune.py:68] layer 2_down @ epoch 2 new loss 1.5138068192754872e-05 old loss 1.5139336937863845e-05 BETTER
I0320 23:06:54.431361 1531912 finetune.py:68] layer 3_down @ epoch 0 new loss 3.131413541268557e-05 old loss 3.132334677502513e-05 BETTER
I0320 23:07:02.381922 1531856 finetune.py:68] layer 2_down @ epoch 3 new loss 1.513691768195713e-05 old loss 1.5138068192754872e-05 BETTER
I0320 23:07:19.946005 1531629 quantize_finetune_llama.py:234] computed original embedding for layer 4 in 73.75597047805786s
I0320 23:07:22.928022 1531912 finetune.py:68] layer 3_down @ epoch 1 new loss 3.131218545604497e-05 old loss 3.131413541268557e-05 BETTER
I0320 23:07:24.272064 1531966 config.py:54] PyTorch version 2.6.0 available.
W0320 23:07:24.660297 1531966 warnings.py:109] /opt/conda/lib/python3.10/site-packages/torchvision/io/image.py:13: UserWarning: Failed to load image Python extension: '/opt/conda/lib/python3.10/site-packages/torchvision/image.so: undefined symbol: _ZN3c1017RegisterOperatorsD1Ev'If you don't plan on using image functionality from `torchvision.io`, you can ignore this warning. Otherwise, there might be something wrong with your environment. Did you have `libjpeg` or `libpng` installed before building `torchvision` from source?
  warn(

W0320 23:07:25.785001 1531966 warnings.py:109] /opt/conda/lib/python3.10/site-packages/compressai/models/video/google.py:353: FutureWarning: `torch.cuda.amp.autocast(args...)` is deprecated. Please use `torch.amp.autocast('cuda', args...)` instead.
  @amp.autocast(enabled=False)

I0320 23:07:25.789299 1531629 quantize_finetune_llama.py:203] layer 5 gpu 1
I0320 23:07:25.805216 1531966 data_utils.py:336] using 256 training seqs, 128 validation seqs
I0320 23:07:31.467480 1531856 finetune.py:68] layer 2_down @ epoch 4 new loss 1.5135921785258688e-05 old loss 1.513691768195713e-05 BETTER
The attention layers in this model are transitioning from computing the RoPE embeddings internally through `position_ids` (2D tensor with the indexes of the tokens), to using externally computed `position_embeddings` (Tuple of tensors, containing cos and sin). In v4.46 `position_ids` will be removed and `position_embeddings` will be mandatory.
2_v proxy err 0.014974652789533138 tr(WHW.T) 136.67332458496094
bpp_loss 3.496095299720764
2_q proxy err 0.0003684539988171309 tr(WHW.T) 7766.84765625
bpp_loss 4.3353307247161865
2_k proxy err 0.00028841313906013966 tr(WHW.T) 10218.611328125
bpp_loss 4.4339001178741455
2_o proxy err 0.007901201955974102 tr(WHW.T) 1.4652316570281982
bpp_loss 3.469383955001831
2_up proxy err 0.00599703611806035 tr(WHW.T) 193.498291015625
bpp_loss 3.6977012101994005
2_gate proxy err 0.003888170700520277 tr(WHW.T) 306.6650085449219
bpp_loss 3.783025164936864
2_down proxy err 0.006908738985657692 tr(WHW.T) 3.01460337638855
bpp_loss 3.705028533935547
I0320 23:07:41.027342 1531966 finetune.py:45] layer 4_v initial loss 2.5711022317409515e-05
W0320 23:07:41.027948 1531966 warnings.py:109] /workspace/Weight_compression/comp_lm_qtip/lib/algo/finetune.py:46: FutureWarning: `torch.cuda.amp.GradScaler(args...)` is deprecated. Please use `torch.amp.GradScaler('cuda', args...)` instead.
  scaler = torch.cuda.amp.GradScaler(enabled=(orig_dtype==torch.float16))

I0320 23:07:51.452714 1531912 finetune.py:68] layer 3_down @ epoch 2 new loss 3.1310581107391044e-05 old loss 3.131218545604497e-05 BETTER
I0320 23:08:15.738539 1531966 finetune.py:68] layer 4_v @ epoch 0 new loss 1.397021424054401e-05 old loss 2.5711022317409515e-05 BETTER
I0320 23:08:19.987242 1531912 finetune.py:68] layer 3_down @ epoch 3 new loss 3.1309555197367445e-05 old loss 3.1310581107391044e-05 BETTER
I0320 23:08:49.062409 1531912 finetune.py:68] layer 3_down @ epoch 4 new loss 3.130850018351339e-05 old loss 3.1309555197367445e-05 BETTER
I0320 23:08:51.680335 1531629 quantize_finetune_llama.py:234] computed original embedding for layer 5 in 73.11000537872314s
3_v proxy err 0.014078691601753235 tr(WHW.T) 284.77557373046875
bpp_loss 3.4509406089782715
3_q proxy err 0.0007122599054127932 tr(WHW.T) 7224.14794921875
bpp_loss 4.233824968338013
3_k proxy err 0.0005226695211604238 tr(WHW.T) 10088.0283203125
bpp_loss 4.3062543869018555
3_o proxy err 0.007882476784288883 tr(WHW.T) 3.360722780227661
bpp_loss 3.433118224143982
3_up proxy err 0.006841047666966915 tr(WHW.T) 284.8253173828125
bpp_loss 3.706118384072947
3_gate proxy err 0.004197556059807539 tr(WHW.T) 478.0318908691406
bpp_loss 3.8017689904501273
3_down proxy err 0.007056008093059063 tr(WHW.T) 6.143034934997559
bpp_loss 3.7085673753605333
I0320 23:08:52.203755 1531966 finetune.py:68] layer 4_v @ epoch 1 new loss 1.0910729542956688e-05 old loss 1.397021424054401e-05 BETTER
I0320 23:08:55.591183 1532020 config.py:54] PyTorch version 2.6.0 available.
W0320 23:08:55.941963 1532020 warnings.py:109] /opt/conda/lib/python3.10/site-packages/torchvision/io/image.py:13: UserWarning: Failed to load image Python extension: '/opt/conda/lib/python3.10/site-packages/torchvision/image.so: undefined symbol: _ZN3c1017RegisterOperatorsD1Ev'If you don't plan on using image functionality from `torchvision.io`, you can ignore this warning. Otherwise, there might be something wrong with your environment. Did you have `libjpeg` or `libpng` installed before building `torchvision` from source?
  warn(

W0320 23:08:56.925393 1532020 warnings.py:109] /opt/conda/lib/python3.10/site-packages/compressai/models/video/google.py:353: FutureWarning: `torch.cuda.amp.autocast(args...)` is deprecated. Please use `torch.amp.autocast('cuda', args...)` instead.
  @amp.autocast(enabled=False)

I0320 23:08:56.929783 1531629 quantize_finetune_llama.py:203] layer 6 gpu 2
I0320 23:08:56.944260 1532020 data_utils.py:336] using 256 training seqs, 128 validation seqs
The attention layers in this model are transitioning from computing the RoPE embeddings internally through `position_ids` (2D tensor with the indexes of the tokens), to using externally computed `position_embeddings` (Tuple of tensors, containing cos and sin). In v4.46 `position_ids` will be removed and `position_embeddings` will be mandatory.
I0320 23:09:09.382744 1532020 finetune.py:45] layer 5_v initial loss 3.917486174032092e-05
W0320 23:09:09.382942 1532020 warnings.py:109] /workspace/Weight_compression/comp_lm_qtip/lib/algo/finetune.py:46: FutureWarning: `torch.cuda.amp.GradScaler(args...)` is deprecated. Please use `torch.amp.GradScaler('cuda', args...)` instead.
  scaler = torch.cuda.amp.GradScaler(enabled=(orig_dtype==torch.float16))

I0320 23:09:28.310437 1531966 finetune.py:68] layer 4_v @ epoch 2 new loss 9.582284292264376e-06 old loss 1.0910729542956688e-05 BETTER
I0320 23:09:42.576483 1532020 finetune.py:68] layer 5_v @ epoch 0 new loss 2.0865460101049393e-05 old loss 3.917486174032092e-05 BETTER
I0320 23:10:05.186738 1531966 finetune.py:68] layer 4_v @ epoch 3 new loss 8.788435479800683e-06 old loss 9.582284292264376e-06 BETTER
I0320 23:10:12.150040 1531629 quantize_finetune_llama.py:234] computed original embedding for layer 6 in 74.75110697746277s
I0320 23:10:16.651045 1532020 finetune.py:68] layer 5_v @ epoch 1 new loss 1.6817979485495016e-05 old loss 2.0865460101049393e-05 BETTER
I0320 23:10:16.796858 1532074 config.py:54] PyTorch version 2.6.0 available.
W0320 23:10:17.156589 1532074 warnings.py:109] /opt/conda/lib/python3.10/site-packages/torchvision/io/image.py:13: UserWarning: Failed to load image Python extension: '/opt/conda/lib/python3.10/site-packages/torchvision/image.so: undefined symbol: _ZN3c1017RegisterOperatorsD1Ev'If you don't plan on using image functionality from `torchvision.io`, you can ignore this warning. Otherwise, there might be something wrong with your environment. Did you have `libjpeg` or `libpng` installed before building `torchvision` from source?
  warn(

W0320 23:10:18.329171 1532074 warnings.py:109] /opt/conda/lib/python3.10/site-packages/compressai/models/video/google.py:353: FutureWarning: `torch.cuda.amp.autocast(args...)` is deprecated. Please use `torch.amp.autocast('cuda', args...)` instead.
  @amp.autocast(enabled=False)

I0320 23:10:18.333587 1531629 quantize_finetune_llama.py:203] layer 7 gpu 3
I0320 23:10:18.351654 1532074 data_utils.py:336] using 256 training seqs, 128 validation seqs
The attention layers in this model are transitioning from computing the RoPE embeddings internally through `position_ids` (2D tensor with the indexes of the tokens), to using externally computed `position_embeddings` (Tuple of tensors, containing cos and sin). In v4.46 `position_ids` will be removed and `position_embeddings` will be mandatory.
I0320 23:10:32.590395 1532074 finetune.py:45] layer 6_v initial loss 5.056495501776226e-05
W0320 23:10:32.590991 1532074 warnings.py:109] /workspace/Weight_compression/comp_lm_qtip/lib/algo/finetune.py:46: FutureWarning: `torch.cuda.amp.GradScaler(args...)` is deprecated. Please use `torch.amp.GradScaler('cuda', args...)` instead.
  scaler = torch.cuda.amp.GradScaler(enabled=(orig_dtype==torch.float16))

I0320 23:10:42.105388 1531966 finetune.py:68] layer 4_v @ epoch 4 new loss 8.227457328757737e-06 old loss 8.788435479800683e-06 BETTER
I0320 23:10:51.179447 1532020 finetune.py:68] layer 5_v @ epoch 2 new loss 1.5021375475043897e-05 old loss 1.6817979485495016e-05 BETTER
I0320 23:10:58.506911 1531966 finetune.py:45] layer 4_q initial loss 1.0036449566541705e-05
I0320 23:11:07.084998 1532074 finetune.py:68] layer 6_v @ epoch 0 new loss 2.5382089006598108e-05 old loss 5.056495501776226e-05 BETTER
I0320 23:11:26.701056 1532020 finetune.py:68] layer 5_v @ epoch 3 new loss 1.3916244824940804e-05 old loss 1.5021375475043897e-05 BETTER
I0320 23:11:33.701067 1531966 finetune.py:68] layer 4_q @ epoch 0 new loss 8.845687261782587e-06 old loss 1.0036449566541705e-05 BETTER
I0320 23:11:37.718989 1531629 quantize_finetune_llama.py:234] computed original embedding for layer 7 in 78.8266806602478s
I0320 23:11:42.279001 1532128 config.py:54] PyTorch version 2.6.0 available.
I0320 23:11:42.521136 1532074 finetune.py:68] layer 6_v @ epoch 1 new loss 2.0939307432854548e-05 old loss 2.5382089006598108e-05 BETTER
W0320 23:11:42.701570 1532128 warnings.py:109] /opt/conda/lib/python3.10/site-packages/torchvision/io/image.py:13: UserWarning: Failed to load image Python extension: '/opt/conda/lib/python3.10/site-packages/torchvision/image.so: undefined symbol: _ZN3c1017RegisterOperatorsD1Ev'If you don't plan on using image functionality from `torchvision.io`, you can ignore this warning. Otherwise, there might be something wrong with your environment. Did you have `libjpeg` or `libpng` installed before building `torchvision` from source?
  warn(

W0320 23:11:43.963339 1532128 warnings.py:109] /opt/conda/lib/python3.10/site-packages/compressai/models/video/google.py:353: FutureWarning: `torch.cuda.amp.autocast(args...)` is deprecated. Please use `torch.amp.autocast('cuda', args...)` instead.
  @amp.autocast(enabled=False)

I0320 23:11:43.968735 1531629 quantize_finetune_llama.py:203] layer 8 gpu 0
I0320 23:11:43.988389 1532128 data_utils.py:336] using 256 training seqs, 128 validation seqs
The attention layers in this model are transitioning from computing the RoPE embeddings internally through `position_ids` (2D tensor with the indexes of the tokens), to using externally computed `position_embeddings` (Tuple of tensors, containing cos and sin). In v4.46 `position_ids` will be removed and `position_embeddings` will be mandatory.
I0320 23:12:00.766444 1532128 finetune.py:45] layer 7_v initial loss 6.230418512132019e-05
W0320 23:12:00.766836 1532128 warnings.py:109] /workspace/Weight_compression/comp_lm_qtip/lib/algo/finetune.py:46: FutureWarning: `torch.cuda.amp.GradScaler(args...)` is deprecated. Please use `torch.amp.GradScaler('cuda', args...)` instead.
  scaler = torch.cuda.amp.GradScaler(enabled=(orig_dtype==torch.float16))

I0320 23:12:03.226247 1532020 finetune.py:68] layer 5_v @ epoch 4 new loss 1.31474753288785e-05 old loss 1.3916244824940804e-05 BETTER
I0320 23:12:10.181993 1531966 finetune.py:68] layer 4_q @ epoch 1 new loss 8.381778570765164e-06 old loss 8.845687261782587e-06 BETTER
I0320 23:12:18.837651 1532074 finetune.py:68] layer 6_v @ epoch 2 new loss 1.8867989638238214e-05 old loss 2.0939307432854548e-05 BETTER
I0320 23:12:21.323127 1532020 finetune.py:45] layer 5_q initial loss 1.590665488038212e-05
I0320 23:12:34.958640 1532128 finetune.py:68] layer 7_v @ epoch 0 new loss 3.117396408924833e-05 old loss 6.230418512132019e-05 BETTER
I0320 23:12:47.124850 1531966 finetune.py:68] layer 4_q @ epoch 2 new loss 8.032923688006122e-06 old loss 8.381778570765164e-06 BETTER
I0320 23:12:56.083040 1532074 finetune.py:68] layer 6_v @ epoch 3 new loss 1.7552523786434904e-05 old loss 1.8867989638238214e-05 BETTER
I0320 23:12:56.637807 1532020 finetune.py:68] layer 5_q @ epoch 0 new loss 1.3983783901494462e-05 old loss 1.590665488038212e-05 BETTER
I0320 23:13:10.756802 1532128 finetune.py:68] layer 7_v @ epoch 1 new loss 2.6191528377239592e-05 old loss 3.117396408924833e-05 BETTER
I0320 23:13:24.721054 1531966 finetune.py:68] layer 4_q @ epoch 3 new loss 7.75522039475618e-06 old loss 8.032923688006122e-06 BETTER
I0320 23:13:33.548904 1532020 finetune.py:68] layer 5_q @ epoch 1 new loss 1.3332534763321746e-05 old loss 1.3983783901494462e-05 BETTER
I0320 23:13:33.576411 1532074 finetune.py:68] layer 6_v @ epoch 4 new loss 1.6662965208524838e-05 old loss 1.7552523786434904e-05 BETTER
I0320 23:13:46.593557 1532128 finetune.py:68] layer 7_v @ epoch 2 new loss 2.3885173504822887e-05 old loss 2.6191528377239592e-05 BETTER
I0320 23:13:51.220399 1532074 finetune.py:45] layer 6_q initial loss 2.1772057152702473e-05
I0320 23:14:03.321644 1531966 finetune.py:68] layer 4_q @ epoch 4 new loss 7.523689873778494e-06 old loss 7.75522039475618e-06 BETTER
I0320 23:14:08.980965 1532020 finetune.py:68] layer 5_q @ epoch 2 new loss 1.2861942195740994e-05 old loss 1.3332534763321746e-05 BETTER
I0320 23:14:20.424678 1531966 finetune.py:45] layer 4_k initial loss 9.018522177939303e-06
I0320 23:14:23.672642 1532128 finetune.py:68] layer 7_v @ epoch 3 new loss 2.2456679289462045e-05 old loss 2.3885173504822887e-05 BETTER
I0320 23:14:26.420908 1532074 finetune.py:68] layer 6_q @ epoch 0 new loss 1.8943763279821724e-05 old loss 2.1772057152702473e-05 BETTER
I0320 23:14:44.798837 1532020 finetune.py:68] layer 5_q @ epoch 3 new loss 1.2485337720136158e-05 old loss 1.2861942195740994e-05 BETTER
I0320 23:14:56.923040 1531966 finetune.py:68] layer 4_k @ epoch 0 new loss 8.474185051454697e-06 old loss 9.018522177939303e-06 BETTER
I0320 23:15:00.722360 1532128 finetune.py:68] layer 7_v @ epoch 4 new loss 2.1465237296069972e-05 old loss 2.2456679289462045e-05 BETTER
I0320 23:15:02.863281 1532074 finetune.py:68] layer 6_q @ epoch 1 new loss 1.8098704458680004e-05 old loss 1.8943763279821724e-05 BETTER
I0320 23:15:20.505179 1532128 finetune.py:45] layer 7_q initial loss 2.821650377882179e-05
I0320 23:15:21.228116 1532020 finetune.py:68] layer 5_q @ epoch 4 new loss 1.217189674207475e-05 old loss 1.2485337720136158e-05 BETTER
I0320 23:15:33.854394 1531966 finetune.py:68] layer 4_k @ epoch 1 new loss 8.244845957960933e-06 old loss 8.474185051454697e-06 BETTER
