I0320 19:40:15.860129 1526191 finetune.py:45] layer 5_k initial loss 2.9297279979800805e-05
I0320 19:40:17.968652 1526356 finetune.py:68] layer 6_q @ epoch 2 new loss 3.604521043598652e-05 old loss 3.739280509762466e-05 BETTER
I0320 19:40:22.392861 1525975 finetune.py:68] layer 4_k @ epoch 2 new loss 1.6612813851679675e-05 old loss 1.7021804524119943e-05 BETTER
I0320 19:40:26.475867 1526524 finetune.py:68] layer 7_q @ epoch 0 new loss 5.1678485760930926e-05 old loss 5.834075636812486e-05 BETTER
I0320 19:40:50.833796 1526191 finetune.py:68] layer 5_k @ epoch 0 new loss 2.717232382565271e-05 old loss 2.9297279979800805e-05 BETTER
I0320 19:40:54.539557 1526356 finetune.py:68] layer 6_q @ epoch 3 new loss 3.49850051861722e-05 old loss 3.604521043598652e-05 BETTER
I0320 19:41:00.275814 1525975 finetune.py:68] layer 4_k @ epoch 3 new loss 1.626677294552792e-05 old loss 1.6612813851679675e-05 BETTER
I0320 19:41:02.331046 1526524 finetune.py:68] layer 7_q @ epoch 1 new loss 4.9401383876102045e-05 old loss 5.1678485760930926e-05 BETTER
I0320 19:41:27.003255 1526191 finetune.py:68] layer 5_k @ epoch 1 new loss 2.6534657081356272e-05 old loss 2.717232382565271e-05 BETTER
I0320 19:41:31.687082 1526356 finetune.py:68] layer 6_q @ epoch 4 new loss 3.4088381653418764e-05 old loss 3.49850051861722e-05 BETTER
I0320 19:41:37.819103 1525975 finetune.py:68] layer 4_k @ epoch 4 new loss 1.5966914361342788e-05 old loss 1.626677294552792e-05 BETTER
I0320 19:41:38.579189 1526524 finetune.py:68] layer 7_q @ epoch 2 new loss 4.776742207468487e-05 old loss 4.9401383876102045e-05 BETTER
I0320 19:41:49.789324 1526356 finetune.py:45] layer 6_k initial loss 4.304399772081524e-05
I0320 19:41:54.852033 1525975 finetune.py:45] layer 4_o initial loss 3.916068089893088e-05
I0320 19:42:02.364603 1526191 finetune.py:68] layer 5_k @ epoch 2 new loss 2.600357765913941e-05 old loss 2.6534657081356272e-05 BETTER
I0320 19:42:13.972037 1526524 finetune.py:68] layer 7_q @ epoch 3 new loss 4.648672620533034e-05 old loss 4.776742207468487e-05 BETTER
I0320 19:42:24.284142 1526356 finetune.py:68] layer 6_k @ epoch 0 new loss 3.9421047404175624e-05 old loss 4.304399772081524e-05 BETTER
I0320 19:42:29.544659 1525975 finetune.py:68] layer 4_o @ epoch 0 new loss 3.745243884623051e-05 old loss 3.916068089893088e-05 BETTER
I0320 19:42:38.103474 1526191 finetune.py:68] layer 5_k @ epoch 3 new loss 2.5550420104991645e-05 old loss 2.600357765913941e-05 BETTER
I0320 19:42:49.377194 1526524 finetune.py:68] layer 7_q @ epoch 4 new loss 4.543137038126588e-05 old loss 4.648672620533034e-05 BETTER
I0320 19:42:59.957688 1526356 finetune.py:68] layer 6_k @ epoch 1 new loss 3.855379327433184e-05 old loss 3.9421047404175624e-05 BETTER
I0320 19:43:06.774858 1525975 finetune.py:68] layer 4_o @ epoch 1 new loss 3.663636016426608e-05 old loss 3.745243884623051e-05 BETTER
I0320 19:43:10.638349 1526524 finetune.py:45] layer 7_k initial loss 5.6244800362037495e-05
I0320 19:43:14.809168 1526191 finetune.py:68] layer 5_k @ epoch 4 new loss 2.5155775801977143e-05 old loss 2.5550420104991645e-05 BETTER
I0320 19:43:32.771324 1526191 finetune.py:45] layer 5_o initial loss 7.094888860592619e-05
I0320 19:43:36.263476 1526356 finetune.py:68] layer 6_k @ epoch 2 new loss 3.78455915779341e-05 old loss 3.855379327433184e-05 BETTER
I0320 19:43:44.421239 1525975 finetune.py:68] layer 4_o @ epoch 2 new loss 3.6069119232706726e-05 old loss 3.663636016426608e-05 BETTER
I0320 19:43:45.285347 1526524 finetune.py:68] layer 7_k @ epoch 0 new loss 5.2921091992175207e-05 old loss 5.6244800362037495e-05 BETTER
I0320 19:44:06.332274 1526191 finetune.py:68] layer 5_o @ epoch 0 new loss 6.696102354908362e-05 old loss 7.094888860592619e-05 BETTER
I0320 19:44:12.560263 1526356 finetune.py:68] layer 6_k @ epoch 3 new loss 3.7237499782349914e-05 old loss 3.78455915779341e-05 BETTER
I0320 19:44:21.555888 1525975 finetune.py:68] layer 4_o @ epoch 3 new loss 3.560449476935901e-05 old loss 3.6069119232706726e-05 BETTER
I0320 19:44:21.867218 1526524 finetune.py:68] layer 7_k @ epoch 1 new loss 5.188017166801728e-05 old loss 5.2921091992175207e-05 BETTER
I0320 19:44:41.324969 1526191 finetune.py:68] layer 5_o @ epoch 1 new loss 6.4807893068064e-05 old loss 6.696102354908362e-05 BETTER
I0320 19:44:47.848799 1526356 finetune.py:68] layer 6_k @ epoch 4 new loss 3.671584272524342e-05 old loss 3.7237499782349914e-05 BETTER
I0320 19:44:57.667659 1525975 finetune.py:68] layer 4_o @ epoch 4 new loss 3.5205073800170794e-05 old loss 3.560449476935901e-05 BETTER
I0320 19:44:57.709700 1526524 finetune.py:68] layer 7_k @ epoch 2 new loss 5.105702439323068e-05 old loss 5.188017166801728e-05 BETTER
I0320 19:45:06.257236 1526356 finetune.py:45] layer 6_o initial loss 9.433144441572949e-05
I0320 19:45:16.162765 1526191 finetune.py:68] layer 5_o @ epoch 2 new loss 6.3217208662536e-05 old loss 6.4807893068064e-05 BETTER
I0320 19:45:27.902851 1525975 finetune.py:45] layer 4_up initial loss 5.704563591280021e-05
I0320 19:45:33.523855 1526524 finetune.py:68] layer 7_k @ epoch 3 new loss 5.035691719967872e-05 old loss 5.105702439323068e-05 BETTER
I0320 19:45:40.496595 1526356 finetune.py:68] layer 6_o @ epoch 0 new loss 8.81005689734593e-05 old loss 9.433144441572949e-05 BETTER
I0320 19:45:51.272085 1526191 finetune.py:68] layer 5_o @ epoch 3 new loss 6.191155989654362e-05 old loss 6.3217208662536e-05 BETTER
I0320 19:46:00.979973 1525975 finetune.py:68] layer 4_up @ epoch 0 new loss 5.6216853408841416e-05 old loss 5.704563591280021e-05 BETTER
I0320 19:46:09.740962 1526524 finetune.py:68] layer 7_k @ epoch 4 new loss 4.972609531250782e-05 old loss 5.035691719967872e-05 BETTER
I0320 19:46:15.122222 1526356 finetune.py:68] layer 6_o @ epoch 1 new loss 8.54898607940413e-05 old loss 8.81005689734593e-05 BETTER
I0320 19:46:26.842258 1526191 finetune.py:68] layer 5_o @ epoch 4 new loss 6.080703315092251e-05 old loss 6.191155989654362e-05 BETTER
I0320 19:46:29.919732 1526524 finetune.py:45] layer 7_o initial loss 0.00012905476614832878
I0320 19:46:35.331242 1525975 finetune.py:68] layer 4_up @ epoch 1 new loss 5.5687021813355386e-05 old loss 5.6216853408841416e-05 BETTER
I0320 19:46:50.379221 1526356 finetune.py:68] layer 6_o @ epoch 2 new loss 8.365135727217421e-05 old loss 8.54898607940413e-05 BETTER
I0320 19:46:56.478480 1526191 finetune.py:45] layer 5_up initial loss 9.569515532348305e-05
I0320 19:47:03.679583 1526524 finetune.py:68] layer 7_o @ epoch 0 new loss 0.00011935707880184054 old loss 0.00012905476614832878 BETTER
I0320 19:47:10.684277 1525975 finetune.py:68] layer 4_up @ epoch 2 new loss 5.526383392862044e-05 old loss 5.5687021813355386e-05 BETTER
I0320 19:47:26.902922 1526356 finetune.py:68] layer 6_o @ epoch 3 new loss 8.220109884859994e-05 old loss 8.365135727217421e-05 BETTER
I0320 19:47:29.432470 1526191 finetune.py:68] layer 5_up @ epoch 0 new loss 9.396620589541271e-05 old loss 9.569515532348305e-05 BETTER
I0320 19:47:38.700551 1526524 finetune.py:68] layer 7_o @ epoch 1 new loss 0.00011514762445585802 old loss 0.00011935707880184054 BETTER
I0320 19:47:45.939971 1525975 finetune.py:68] layer 4_up @ epoch 3 new loss 5.4888434533495456e-05 old loss 5.526383392862044e-05 BETTER
I0320 19:48:03.647540 1526356 finetune.py:68] layer 6_o @ epoch 4 new loss 8.101091225398704e-05 old loss 8.220109884859994e-05 BETTER
I0320 19:48:04.235550 1526191 finetune.py:68] layer 5_up @ epoch 1 new loss 9.28207955439575e-05 old loss 9.396620589541271e-05 BETTER
I0320 19:48:14.106632 1526524 finetune.py:68] layer 7_o @ epoch 2 new loss 0.00011223032925045118 old loss 0.00011514762445585802 BETTER
I0320 19:48:20.694074 1525975 finetune.py:68] layer 4_up @ epoch 4 new loss 5.454598067444749e-05 old loss 5.4888434533495456e-05 BETTER
I0320 19:48:34.404761 1526356 finetune.py:45] layer 6_up initial loss 0.00013468108954839408
I0320 19:48:38.014232 1526191 finetune.py:68] layer 5_up @ epoch 2 new loss 9.18600126169622e-05 old loss 9.28207955439575e-05 BETTER
I0320 19:48:50.190221 1526524 finetune.py:68] layer 7_o @ epoch 3 new loss 0.00011000171070918441 old loss 0.00011223032925045118 BETTER
I0320 19:48:51.004512 1525975 finetune.py:45] layer 4_gate initial loss 6.88717991579324e-05
I0320 19:49:07.066572 1526356 finetune.py:68] layer 6_up @ epoch 0 new loss 0.00013181396934669465 old loss 0.00013468108954839408 BETTER
I0320 19:49:11.782970 1526191 finetune.py:68] layer 5_up @ epoch 3 new loss 9.100924944505095e-05 old loss 9.18600126169622e-05 BETTER
I0320 19:49:23.720717 1525975 finetune.py:68] layer 4_gate @ epoch 0 new loss 6.839918933110312e-05 old loss 6.88717991579324e-05 BETTER
I0320 19:49:26.024292 1526524 finetune.py:68] layer 7_o @ epoch 4 new loss 0.00010818172449944541 old loss 0.00011000171070918441 BETTER
I0320 19:49:41.337941 1526356 finetune.py:68] layer 6_up @ epoch 1 new loss 0.00013019616017118096 old loss 0.00013181396934669465 BETTER
I0320 19:49:45.393774 1526191 finetune.py:68] layer 5_up @ epoch 4 new loss 9.023926395457238e-05 old loss 9.100924944505095e-05 BETTER
I0320 19:49:57.389214 1525975 finetune.py:68] layer 4_gate @ epoch 1 new loss 6.803661381127313e-05 old loss 6.839918933110312e-05 BETTER
I0320 19:49:58.510255 1526524 finetune.py:45] layer 7_up initial loss 0.00018213997827842832
I0320 19:50:15.784709 1526356 finetune.py:68] layer 6_up @ epoch 2 new loss 0.00012885444448329508 old loss 0.00013019616017118096 BETTER
I0320 19:50:16.604380 1526191 finetune.py:45] layer 5_gate initial loss 0.00011191375233465806
I0320 19:50:31.174620 1526524 finetune.py:68] layer 7_up @ epoch 0 new loss 0.0001774228148860857 old loss 0.00018213997827842832 BETTER
I0320 19:50:31.474749 1525975 finetune.py:68] layer 4_gate @ epoch 2 new loss 6.772919732611626e-05 old loss 6.803661381127313e-05 BETTER
I0320 19:50:48.091409 1526191 finetune.py:68] layer 5_gate @ epoch 0 new loss 0.00011102615826530382 old loss 0.00011191375233465806 BETTER
I0320 19:50:50.436282 1526356 finetune.py:68] layer 6_up @ epoch 3 new loss 0.00012769023305736482 old loss 0.00012885444448329508 BETTER
I0320 19:51:05.229965 1526524 finetune.py:68] layer 7_up @ epoch 1 new loss 0.00017474695050623268 old loss 0.0001774228148860857 BETTER
I0320 19:51:05.551714 1525975 finetune.py:68] layer 4_gate @ epoch 3 new loss 6.74556358717382e-05 old loss 6.772919732611626e-05 BETTER
I0320 19:51:20.828665 1526191 finetune.py:68] layer 5_gate @ epoch 1 new loss 0.00011031587928300723 old loss 0.00011102615826530382 BETTER
I0320 19:51:25.446866 1526356 finetune.py:68] layer 6_up @ epoch 4 new loss 0.00012665416579693556 old loss 0.00012769023305736482 BETTER
I0320 19:51:39.450409 1526524 finetune.py:68] layer 7_up @ epoch 2 new loss 0.00017264542111661285 old loss 0.00017474695050623268 BETTER
I0320 19:51:39.862370 1525975 finetune.py:68] layer 4_gate @ epoch 4 new loss 6.720551755279303e-05 old loss 6.74556358717382e-05 BETTER
I0320 19:51:52.574994 1526191 finetune.py:68] layer 5_gate @ epoch 2 new loss 0.00010970118455588818 old loss 0.00011031587928300723 BETTER
I0320 19:51:57.314526 1526356 finetune.py:45] layer 6_gate initial loss 0.00015713223547209054
I0320 19:52:13.374329 1525975 finetune.py:45] layer 4_down initial loss 0.00010548078716965392
I0320 19:52:13.742427 1526524 finetune.py:68] layer 7_up @ epoch 3 new loss 0.00017082849808502942 old loss 0.00017264542111661285 BETTER
I0320 19:52:25.043741 1526191 finetune.py:68] layer 5_gate @ epoch 3 new loss 0.0001091392186935991 old loss 0.00010970118455588818 BETTER
I0320 19:52:28.325246 1526356 finetune.py:68] layer 6_gate @ epoch 0 new loss 0.0001558255316922441 old loss 0.00015713223547209054 BETTER
I0320 19:52:44.730150 1525975 finetune.py:68] layer 4_down @ epoch 0 new loss 0.00010541638039285317 old loss 0.00010548078716965392 BETTER
I0320 19:52:48.585784 1526524 finetune.py:68] layer 7_up @ epoch 4 new loss 0.00016925099771469831 old loss 0.00017082849808502942 BETTER
I0320 19:52:57.003933 1526191 finetune.py:68] layer 5_gate @ epoch 4 new loss 0.00010862977796932682 old loss 0.0001091392186935991 BETTER
I0320 19:53:00.261505 1526356 finetune.py:68] layer 6_gate @ epoch 1 new loss 0.00015482111484743655 old loss 0.0001558255316922441 BETTER
I0320 19:53:15.585221 1525975 finetune.py:68] layer 4_down @ epoch 1 new loss 0.00010538353672018275 old loss 0.00010541638039285317 BETTER
I0320 19:53:21.373782 1526524 finetune.py:45] layer 7_gate initial loss 0.0002108213520841673
I0320 19:53:30.614640 1526191 finetune.py:45] layer 5_down initial loss 0.0001631647755857557
I0320 19:53:35.038133 1526356 finetune.py:68] layer 6_gate @ epoch 2 new loss 0.0001539510121801868 old loss 0.00015482111484743655 BETTER
I0320 19:53:49.277425 1525975 finetune.py:68] layer 4_down @ epoch 2 new loss 0.00010536450281506404 old loss 0.00010538353672018275 BETTER
I0320 19:53:53.920285 1526524 finetune.py:68] layer 7_gate @ epoch 0 new loss 0.0002087475877488032 old loss 0.0002108213520841673 BETTER
I0320 19:54:00.966183 1526191 finetune.py:68] layer 5_down @ epoch 0 new loss 0.00016310292994603515 old loss 0.0001631647755857557 BETTER
I0320 19:54:08.490850 1526356 finetune.py:68] layer 6_gate @ epoch 3 new loss 0.00015317529323510826 old loss 0.0001539510121801868 BETTER
I0320 19:54:22.470420 1525975 finetune.py:68] layer 4_down @ epoch 3 new loss 0.00010535183537285775 old loss 0.00010536450281506404 BETTER
I0320 19:54:27.276116 1526524 finetune.py:68] layer 7_gate @ epoch 1 new loss 0.0002071975904982537 old loss 0.0002087475877488032 BETTER
I0320 19:54:32.097414 1526191 finetune.py:68] layer 5_down @ epoch 1 new loss 0.00016306850011460483 old loss 0.00016310292994603515 BETTER
I0320 19:54:41.867209 1526356 finetune.py:68] layer 6_gate @ epoch 4 new loss 0.000152467648149468 old loss 0.00015317529323510826 BETTER
I0320 19:54:53.647016 1525975 finetune.py:68] layer 4_down @ epoch 4 new loss 0.00010534276225371286 old loss 0.00010535183537285775 BETTER
4_v proxy err 0.02682258002460003 tr(WHW.T) 274.6131286621094
bpp_loss 2.9972251653671265
4_q proxy err 0.0014246983919292688 tr(WHW.T) 6928.93701171875
bpp_loss 3.8048676252365112
4_k proxy err 0.0009952052496373653 tr(WHW.T) 10443.900390625
bpp_loss 3.8427101373672485
4_o proxy err 0.015757057815790176 tr(WHW.T) 5.148172855377197
bpp_loss 2.977257490158081
4_up proxy err 0.013442061841487885 tr(WHW.T) 397.9268493652344
bpp_loss 3.2009742204533067
4_gate proxy err 0.00683412654325366 tr(WHW.T) 820.33642578125
bpp_loss 3.3331169305845747
4_down proxy err 0.014015144668519497 tr(WHW.T) 11.635781288146973
bpp_loss 3.1983394179233287
I0320 19:54:59.168044 1526524 finetune.py:68] layer 7_gate @ epoch 2 new loss 0.00020589519408531487 old loss 0.0002071975904982537 BETTER
I0320 19:55:01.791443 1526191 finetune.py:68] layer 5_down @ epoch 2 new loss 0.00016304657037835568 old loss 0.00016306850011460483 BETTER
I0320 19:55:15.665321 1526356 finetune.py:45] layer 6_down initial loss 0.00023485074052587152
I0320 19:55:32.057513 1526524 finetune.py:68] layer 7_gate @ epoch 3 new loss 0.00020474751363508403 old loss 0.00020589519408531487 BETTER
I0320 19:55:32.803097 1526191 finetune.py:68] layer 5_down @ epoch 3 new loss 0.00016303212032653391 old loss 0.00016304657037835568 BETTER
I0320 19:55:44.695782 1526356 finetune.py:68] layer 6_down @ epoch 0 new loss 0.0002347596746403724 old loss 0.00023485074052587152 BETTER
I0320 19:56:03.728545 1526191 finetune.py:68] layer 5_down @ epoch 4 new loss 0.00016302167205139995 old loss 0.00016303212032653391 BETTER
I0320 19:56:04.501119 1526524 finetune.py:68] layer 7_gate @ epoch 4 new loss 0.000203695148229599 old loss 0.00020474751363508403 BETTER
5_v proxy err 0.02669444866478443 tr(WHW.T) 298.47540283203125
bpp_loss 3.020872712135315
5_q proxy err 0.0015352206537500024 tr(WHW.T) 6783.6416015625
bpp_loss 3.8141629695892334
5_k proxy err 0.0010245571611449122 tr(WHW.T) 10869.6064453125
bpp_loss 3.8877761363983154
5_o proxy err 0.02217397466301918 tr(WHW.T) 7.97523307800293
bpp_loss 3.0003252029418945
5_up proxy err 0.013195921666920185 tr(WHW.T) 506.759765625
bpp_loss 3.2009176209915515
5_gate proxy err 0.006376044359058142 tr(WHW.T) 1103.8973388671875
bpp_loss 3.340868218000545
5_down proxy err 0.014746085740625858 tr(WHW.T) 15.748488426208496
bpp_loss 3.199377503505973
I0320 19:56:13.710714 1526356 finetune.py:68] layer 6_down @ epoch 1 new loss 0.00023470418818760663 old loss 0.0002347596746403724 BETTER
I0320 19:56:31.846427 1526524 finetune.py:45] layer 7_down initial loss 0.0003148968971800059
I0320 19:56:42.599670 1526356 finetune.py:68] layer 6_down @ epoch 2 new loss 0.0002346689288970083 old loss 0.00023470418818760663 BETTER
I0320 19:56:59.251341 1526524 finetune.py:68] layer 7_down @ epoch 0 new loss 0.00031480140751227736 old loss 0.0003148968971800059 BETTER
I0320 19:57:11.748831 1526356 finetune.py:68] layer 6_down @ epoch 3 new loss 0.00023464529658667743 old loss 0.0002346689288970083 BETTER
I0320 19:57:25.065634 1523378 quantize_finetune_llama.py:234] computed original embedding for layer 8 in 75.79939007759094s
I0320 19:57:27.538373 1526524 finetune.py:68] layer 7_down @ epoch 1 new loss 0.0003147396491840482 old loss 0.00031480140751227736 BETTER
I0320 19:57:29.549984 1528321 config.py:54] PyTorch version 2.6.0 available.
W0320 19:57:29.965483 1528321 warnings.py:109] /opt/conda/lib/python3.10/site-packages/torchvision/io/image.py:13: UserWarning: Failed to load image Python extension: '/opt/conda/lib/python3.10/site-packages/torchvision/image.so: undefined symbol: _ZN3c1017RegisterOperatorsD1Ev'If you don't plan on using image functionality from `torchvision.io`, you can ignore this warning. Otherwise, there might be something wrong with your environment. Did you have `libjpeg` or `libpng` installed before building `torchvision` from source?
  warn(

W0320 19:57:31.320163 1528321 warnings.py:109] /opt/conda/lib/python3.10/site-packages/compressai/models/video/google.py:353: FutureWarning: `torch.cuda.amp.autocast(args...)` is deprecated. Please use `torch.amp.autocast('cuda', args...)` instead.
  @amp.autocast(enabled=False)

I0320 19:57:31.327997 1523378 quantize_finetune_llama.py:203] layer 9 gpu 1
I0320 19:57:31.348051 1528321 data_utils.py:336] using 256 training seqs, 128 validation seqs
The attention layers in this model are transitioning from computing the RoPE embeddings internally through `position_ids` (2D tensor with the indexes of the tokens), to using externally computed `position_embeddings` (Tuple of tensors, containing cos and sin). In v4.46 `position_ids` will be removed and `position_embeddings` will be mandatory.
I0320 19:57:40.856838 1526356 finetune.py:68] layer 6_down @ epoch 4 new loss 0.00023462926037609577 old loss 0.00023464529658667743 BETTER
6_v proxy err 0.026063157245516777 tr(WHW.T) 443.5464782714844
bpp_loss 2.954001545906067
6_q proxy err 0.001965591451153159 tr(WHW.T) 7582.67041015625
bpp_loss 3.71279776096344
6_k proxy err 0.0014879046939313412 tr(WHW.T) 10434.7958984375
bpp_loss 3.7467563152313232
6_o proxy err 0.020460430532693863 tr(WHW.T) 11.61609935760498
bpp_loss 2.941820502281189
6_up proxy err 0.013218672014772892 tr(WHW.T) 617.555419921875
bpp_loss 3.1968124744504
6_gate proxy err 0.005583558697253466 tr(WHW.T) 1554.63916015625
bpp_loss 3.3639015375181684
6_down proxy err 0.015200073830783367 tr(WHW.T) 23.14940071105957
bpp_loss 3.1927990137144575
I0320 19:57:47.474927 1528321 finetune.py:45] layer 8_v initial loss 0.00018910359358415008
W0320 19:57:47.475295 1528321 warnings.py:109] /workspace/Weight_compression/comp_lm_qtip/lib/algo/finetune.py:46: FutureWarning: `torch.cuda.amp.GradScaler(args...)` is deprecated. Please use `torch.amp.GradScaler('cuda', args...)` instead.
  scaler = torch.cuda.amp.GradScaler(enabled=(orig_dtype==torch.float16))

I0320 19:57:56.382190 1526524 finetune.py:68] layer 7_down @ epoch 2 new loss 0.0003147008828818798 old loss 0.0003147396491840482 BETTER
I0320 19:58:23.071333 1528321 finetune.py:68] layer 8_v @ epoch 0 new loss 9.659387433202937e-05 old loss 0.00018910359358415008 BETTER
I0320 19:58:25.897040 1526524 finetune.py:68] layer 7_down @ epoch 3 new loss 0.00031467273947782815 old loss 0.0003147008828818798 BETTER
I0320 19:58:55.432243 1526524 finetune.py:68] layer 7_down @ epoch 4 new loss 0.0003146533272229135 old loss 0.00031467273947782815 BETTER
7_v proxy err 0.0254356786608696 tr(WHW.T) 489.9357604980469
bpp_loss 2.9648576974868774
7_q proxy err 0.002092755399644375 tr(WHW.T) 7681.22412109375
bpp_loss 3.7097532749176025
7_k proxy err 0.0016011359402909875 tr(WHW.T) 10223.837890625
bpp_loss 3.718231439590454
7_o proxy err 0.023266473785042763 tr(WHW.T) 15.244744300842285
bpp_loss 2.9485015869140625
7_up proxy err 0.013041759841144085 tr(WHW.T) 736.1460571289062
bpp_loss 3.200876280318859
7_gate proxy err 0.0054371291771531105 tr(WHW.T) 1879.314697265625
bpp_loss 3.363043319347293
7_down proxy err 0.015400944277644157 tr(WHW.T) 30.795459747314453
bpp_loss 3.194758282151333
I0320 19:59:00.486044 1528321 finetune.py:68] layer 8_v @ epoch 1 new loss 7.945683319121599e-05 old loss 9.659387433202937e-05 BETTER
I0320 19:59:02.562050 1523378 quantize_finetune_llama.py:234] computed original embedding for layer 9 in 75.64981532096863s
I0320 19:59:06.533918 1528507 config.py:54] PyTorch version 2.6.0 available.
W0320 19:59:06.897199 1528507 warnings.py:109] /opt/conda/lib/python3.10/site-packages/torchvision/io/image.py:13: UserWarning: Failed to load image Python extension: '/opt/conda/lib/python3.10/site-packages/torchvision/image.so: undefined symbol: _ZN3c1017RegisterOperatorsD1Ev'If you don't plan on using image functionality from `torchvision.io`, you can ignore this warning. Otherwise, there might be something wrong with your environment. Did you have `libjpeg` or `libpng` installed before building `torchvision` from source?
  warn(

W0320 19:59:07.984171 1528507 warnings.py:109] /opt/conda/lib/python3.10/site-packages/compressai/models/video/google.py:353: FutureWarning: `torch.cuda.amp.autocast(args...)` is deprecated. Please use `torch.amp.autocast('cuda', args...)` instead.
  @amp.autocast(enabled=False)

I0320 19:59:07.988335 1523378 quantize_finetune_llama.py:203] layer 10 gpu 2
I0320 19:59:08.003489 1528507 data_utils.py:336] using 256 training seqs, 128 validation seqs
The attention layers in this model are transitioning from computing the RoPE embeddings internally through `position_ids` (2D tensor with the indexes of the tokens), to using externally computed `position_embeddings` (Tuple of tensors, containing cos and sin). In v4.46 `position_ids` will be removed and `position_embeddings` will be mandatory.
I0320 19:59:21.716186 1528507 finetune.py:45] layer 9_v initial loss 0.00021675745665561408
W0320 19:59:21.716519 1528507 warnings.py:109] /workspace/Weight_compression/comp_lm_qtip/lib/algo/finetune.py:46: FutureWarning: `torch.cuda.amp.GradScaler(args...)` is deprecated. Please use `torch.amp.GradScaler('cuda', args...)` instead.
  scaler = torch.cuda.amp.GradScaler(enabled=(orig_dtype==torch.float16))

I0320 19:59:37.247406 1528321 finetune.py:68] layer 8_v @ epoch 2 new loss 7.181621913332492e-05 old loss 7.945683319121599e-05 BETTER
I0320 19:59:55.562211 1528507 finetune.py:68] layer 9_v @ epoch 0 new loss 0.00011197634012205526 old loss 0.00021675745665561408 BETTER
I0320 20:00:14.055405 1528321 finetune.py:68] layer 8_v @ epoch 3 new loss 6.711985042784363e-05 old loss 7.181621913332492e-05 BETTER
I0320 20:00:24.641559 1523378 quantize_finetune_llama.py:234] computed original embedding for layer 10 in 76.1928813457489s
I0320 20:00:29.182027 1528675 config.py:54] PyTorch version 2.6.0 available.
I0320 20:00:29.383755 1528507 finetune.py:68] layer 9_v @ epoch 1 new loss 9.282343671657145e-05 old loss 0.00011197634012205526 BETTER
W0320 20:00:29.605157 1528675 warnings.py:109] /opt/conda/lib/python3.10/site-packages/torchvision/io/image.py:13: UserWarning: Failed to load image Python extension: '/opt/conda/lib/python3.10/site-packages/torchvision/image.so: undefined symbol: _ZN3c1017RegisterOperatorsD1Ev'If you don't plan on using image functionality from `torchvision.io`, you can ignore this warning. Otherwise, there might be something wrong with your environment. Did you have `libjpeg` or `libpng` installed before building `torchvision` from source?
  warn(

W0320 20:00:30.739799 1528675 warnings.py:109] /opt/conda/lib/python3.10/site-packages/compressai/models/video/google.py:353: FutureWarning: `torch.cuda.amp.autocast(args...)` is deprecated. Please use `torch.amp.autocast('cuda', args...)` instead.
  @amp.autocast(enabled=False)

I0320 20:00:30.743992 1523378 quantize_finetune_llama.py:203] layer 11 gpu 3
I0320 20:00:30.762602 1528675 data_utils.py:336] using 256 training seqs, 128 validation seqs
The attention layers in this model are transitioning from computing the RoPE embeddings internally through `position_ids` (2D tensor with the indexes of the tokens), to using externally computed `position_embeddings` (Tuple of tensors, containing cos and sin). In v4.46 `position_ids` will be removed and `position_embeddings` will be mandatory.
I0320 20:00:45.035478 1528675 finetune.py:45] layer 10_v initial loss 0.00030437158420681953
W0320 20:00:45.035839 1528675 warnings.py:109] /workspace/Weight_compression/comp_lm_qtip/lib/algo/finetune.py:46: FutureWarning: `torch.cuda.amp.GradScaler(args...)` is deprecated. Please use `torch.amp.GradScaler('cuda', args...)` instead.
  scaler = torch.cuda.amp.GradScaler(enabled=(orig_dtype==torch.float16))

I0320 20:00:50.807755 1528321 finetune.py:68] layer 8_v @ epoch 4 new loss 6.387180474121124e-05 old loss 6.711985042784363e-05 BETTER
I0320 20:01:04.412204 1528507 finetune.py:68] layer 9_v @ epoch 2 new loss 8.43555826577358e-05 old loss 9.282343671657145e-05 BETTER
I0320 20:01:07.175955 1528321 finetune.py:45] layer 8_q initial loss 8.434331539319828e-05
I0320 20:01:19.235157 1528675 finetune.py:68] layer 10_v @ epoch 0 new loss 0.00015799155517015606 old loss 0.00030437158420681953 BETTER
I0320 20:01:40.431540 1528507 finetune.py:68] layer 9_v @ epoch 3 new loss 7.920974167063832e-05 old loss 8.43555826577358e-05 BETTER
I0320 20:01:43.084875 1528321 finetune.py:68] layer 8_q @ epoch 0 new loss 7.344420009758323e-05 old loss 8.434331539319828e-05 BETTER
I0320 20:01:49.832043 1523378 quantize_finetune_llama.py:234] computed original embedding for layer 11 in 78.58059072494507s
I0320 20:01:54.576171 1528675 finetune.py:68] layer 10_v @ epoch 1 new loss 0.00013113144086673856 old loss 0.00015799155517015606 BETTER
I0320 20:01:54.667479 1528846 config.py:54] PyTorch version 2.6.0 available.
W0320 20:01:55.140166 1528846 warnings.py:109] /opt/conda/lib/python3.10/site-packages/torchvision/io/image.py:13: UserWarning: Failed to load image Python extension: '/opt/conda/lib/python3.10/site-packages/torchvision/image.so: undefined symbol: _ZN3c1017RegisterOperatorsD1Ev'If you don't plan on using image functionality from `torchvision.io`, you can ignore this warning. Otherwise, there might be something wrong with your environment. Did you have `libjpeg` or `libpng` installed before building `torchvision` from source?
  warn(

W0320 20:01:56.418921 1528846 warnings.py:109] /opt/conda/lib/python3.10/site-packages/compressai/models/video/google.py:353: FutureWarning: `torch.cuda.amp.autocast(args...)` is deprecated. Please use `torch.amp.autocast('cuda', args...)` instead.
  @amp.autocast(enabled=False)

I0320 20:01:56.429039 1523378 quantize_finetune_llama.py:203] layer 12 gpu 0
I0320 20:01:56.447058 1528846 data_utils.py:336] using 256 training seqs, 128 validation seqs
The attention layers in this model are transitioning from computing the RoPE embeddings internally through `position_ids` (2D tensor with the indexes of the tokens), to using externally computed `position_embeddings` (Tuple of tensors, containing cos and sin). In v4.46 `position_ids` will be removed and `position_embeddings` will be mandatory.
I0320 20:02:12.916014 1528846 finetune.py:45] layer 11_v initial loss 0.0003228792629670352
W0320 20:02:12.916965 1528846 warnings.py:109] /workspace/Weight_compression/comp_lm_qtip/lib/algo/finetune.py:46: FutureWarning: `torch.cuda.amp.GradScaler(args...)` is deprecated. Please use `torch.amp.GradScaler('cuda', args...)` instead.
  scaler = torch.cuda.amp.GradScaler(enabled=(orig_dtype==torch.float16))

I0320 20:02:17.062811 1528507 finetune.py:68] layer 9_v @ epoch 4 new loss 7.558827201137319e-05 old loss 7.920974167063832e-05 BETTER
I0320 20:02:20.461467 1528321 finetune.py:68] layer 8_q @ epoch 1 new loss 7.008662942098454e-05 old loss 7.344420009758323e-05 BETTER
I0320 20:02:30.292524 1528675 finetune.py:68] layer 10_v @ epoch 2 new loss 0.00011897370859514922 old loss 0.00013113144086673856 BETTER
I0320 20:02:35.382484 1528507 finetune.py:45] layer 9_q initial loss 9.952463733498007e-05
I0320 20:02:47.526088 1528846 finetune.py:68] layer 11_v @ epoch 0 new loss 0.0001676853426033631 old loss 0.0003228792629670352 BETTER
I0320 20:02:57.499555 1528321 finetune.py:68] layer 8_q @ epoch 2 new loss 6.767577724531293e-05 old loss 7.008662942098454e-05 BETTER
I0320 20:03:07.585352 1528675 finetune.py:68] layer 10_v @ epoch 3 new loss 0.00011151525541208684 old loss 0.00011897370859514922 BETTER
I0320 20:03:10.708495 1528507 finetune.py:68] layer 9_q @ epoch 0 new loss 8.712142880540341e-05 old loss 9.952463733498007e-05 BETTER
I0320 20:03:23.466090 1528846 finetune.py:68] layer 11_v @ epoch 1 new loss 0.00013921884237788618 old loss 0.0001676853426033631 BETTER
I0320 20:03:35.242288 1528321 finetune.py:68] layer 8_q @ epoch 3 new loss 6.577496969839558e-05 old loss 6.767577724531293e-05 BETTER
I0320 20:03:44.530908 1528675 finetune.py:68] layer 10_v @ epoch 4 new loss 0.0001062848386936821 old loss 0.00011151525541208684 BETTER
I0320 20:03:47.036779 1528507 finetune.py:68] layer 9_q @ epoch 1 new loss 8.33539743325673e-05 old loss 8.712142880540341e-05 BETTER
I0320 20:03:59.233133 1528846 finetune.py:68] layer 11_v @ epoch 2 new loss 0.00012619006156455725 old loss 0.00013921884237788618 BETTER
I0320 20:04:03.444200 1528675 finetune.py:45] layer 10_q initial loss 0.00013453573046717793
I0320 20:04:13.178766 1528321 finetune.py:68] layer 8_q @ epoch 4 new loss 6.420645513571799e-05 old loss 6.577496969839558e-05 BETTER
I0320 20:04:22.261641 1528507 finetune.py:68] layer 9_q @ epoch 2 new loss 8.063120912993327e-05 old loss 8.33539743325673e-05 BETTER
I0320 20:04:31.014298 1528321 finetune.py:45] layer 8_k initial loss 8.020423410926014e-05
I0320 20:04:36.088278 1528846 finetune.py:68] layer 11_v @ epoch 3 new loss 0.00011834110046038404 old loss 0.00012619006156455725 BETTER
I0320 20:04:38.382761 1528675 finetune.py:68] layer 10_q @ epoch 0 new loss 0.00011950976477237418 old loss 0.00013453573046717793 BETTER
I0320 20:04:58.194334 1528507 finetune.py:68] layer 9_q @ epoch 3 new loss 7.849664689274505e-05 old loss 8.063120912993327e-05 BETTER
I0320 20:05:06.868592 1528321 finetune.py:68] layer 8_k @ epoch 0 new loss 7.451562851201743e-05 old loss 8.020423410926014e-05 BETTER
I0320 20:05:12.742554 1528846 finetune.py:68] layer 11_v @ epoch 4 new loss 0.00011283264757366851 old loss 0.00011834110046038404 BETTER
I0320 20:05:15.288713 1528675 finetune.py:68] layer 10_q @ epoch 1 new loss 0.00011433047620812431 old loss 0.00011950976477237418 BETTER
I0320 20:05:32.421246 1528846 finetune.py:45] layer 11_q initial loss 0.00014113463112153113
I0320 20:05:34.313865 1528507 finetune.py:68] layer 9_q @ epoch 4 new loss 7.674538937862962e-05 old loss 7.849664689274505e-05 BETTER
I0320 20:05:42.954633 1528321 finetune.py:68] layer 8_k @ epoch 1 new loss 7.29549428797327e-05 old loss 7.451562851201743e-05 BETTER
I0320 20:05:51.818141 1528675 finetune.py:68] layer 10_q @ epoch 2 new loss 0.00011053936759708449 old loss 0.00011433047620812431 BETTER
I0320 20:05:52.443218 1528507 finetune.py:45] layer 9_k initial loss 0.00010005210060626268
I0320 20:06:06.699247 1528846 finetune.py:68] layer 11_q @ epoch 0 new loss 0.000127903011161834 old loss 0.00014113463112153113 BETTER
I0320 20:06:20.750771 1528321 finetune.py:68] layer 8_k @ epoch 2 new loss 7.174379425123334e-05 old loss 7.29549428797327e-05 BETTER
I0320 20:06:27.433345 1528507 finetune.py:68] layer 9_k @ epoch 0 new loss 8.999402052722871e-05 old loss 0.00010005210060626268 BETTER
I0320 20:06:28.927509 1528675 finetune.py:68] layer 10_q @ epoch 3 new loss 0.00010745473991846666 old loss 0.00011053936759708449 BETTER
I0320 20:06:42.462123 1528846 finetune.py:68] layer 11_q @ epoch 1 new loss 0.00012261532538104802 old loss 0.000127903011161834 BETTER
I0320 20:06:57.304900 1528321 finetune.py:68] layer 8_k @ epoch 3 new loss 7.069215644150972e-05 old loss 7.174379425123334e-05 BETTER
I0320 20:07:03.204536 1528507 finetune.py:68] layer 9_k @ epoch 1 new loss 8.811105362838134e-05 old loss 8.999402052722871e-05 BETTER
I0320 20:07:05.111574 1528675 finetune.py:68] layer 10_q @ epoch 4 new loss 0.0001049171551130712 old loss 0.00010745473991846666 BETTER
I0320 20:07:17.204163 1528846 finetune.py:68] layer 11_q @ epoch 2 new loss 0.00011871621973114088 old loss 0.00012261532538104802 BETTER
I0320 20:07:23.918536 1528675 finetune.py:45] layer 10_k initial loss 0.00013185292482376099
I0320 20:07:34.241361 1528321 finetune.py:68] layer 8_k @ epoch 4 new loss 6.979903992032632e-05 old loss 7.069215644150972e-05 BETTER
I0320 20:07:38.419667 1528507 finetune.py:68] layer 9_k @ epoch 2 new loss 8.664250344736502e-05 old loss 8.811105362838134e-05 BETTER
I0320 20:07:52.346702 1528321 finetune.py:45] layer 8_o initial loss 0.00018868785991799086
I0320 20:07:54.291297 1528846 finetune.py:68] layer 11_q @ epoch 3 new loss 0.00011576325778150931 old loss 0.00011871621973114088 BETTER
I0320 20:07:58.575031 1528675 finetune.py:68] layer 10_k @ epoch 0 new loss 0.00012059434084221721 old loss 0.00013185292482376099 BETTER
I0320 20:08:14.724465 1528507 finetune.py:68] layer 9_k @ epoch 3 new loss 8.543668809579685e-05 old loss 8.664250344736502e-05 BETTER
I0320 20:08:28.945248 1528321 finetune.py:68] layer 8_o @ epoch 0 new loss 0.0001744008914101869 old loss 0.00018868785991799086 BETTER
I0320 20:08:31.206110 1528846 finetune.py:68] layer 11_q @ epoch 4 new loss 0.00011337793694110587 old loss 0.00011576325778150931 BETTER
I0320 20:08:34.513334 1528675 finetune.py:68] layer 10_k @ epoch 1 new loss 0.00011796131730079651 old loss 0.00012059434084221721 BETTER
I0320 20:08:50.807543 1528507 finetune.py:68] layer 9_k @ epoch 4 new loss 8.438042277703062e-05 old loss 8.543668809579685e-05 BETTER
I0320 20:08:51.649758 1528846 finetune.py:45] layer 11_k initial loss 0.000137043054564856
I0320 20:09:05.956413 1528321 finetune.py:68] layer 8_o @ epoch 1 new loss 0.00016780209261924028 old loss 0.0001744008914101869 BETTER
I0320 20:09:09.410166 1528507 finetune.py:45] layer 9_o initial loss 0.00023262383183464408
I0320 20:09:11.155287 1528675 finetune.py:68] layer 10_k @ epoch 2 new loss 0.00011589560017455369 old loss 0.00011796131730079651 BETTER
I0320 20:09:25.813676 1528846 finetune.py:68] layer 11_k @ epoch 0 new loss 0.00013022804341744632 old loss 0.000137043054564856 BETTER
I0320 20:09:43.208727 1528321 finetune.py:68] layer 8_o @ epoch 2 new loss 0.00016322723240591586 old loss 0.00016780209261924028 BETTER
I0320 20:09:44.436983 1528507 finetune.py:68] layer 9_o @ epoch 0 new loss 0.00021528366778511554 old loss 0.00023262383183464408 BETTER
I0320 20:09:47.647032 1528675 finetune.py:68] layer 10_k @ epoch 3 new loss 0.00011415740300435573 old loss 0.00011589560017455369 BETTER
I0320 20:10:01.211355 1528846 finetune.py:68] layer 11_k @ epoch 1 new loss 0.00012795842485502362 old loss 0.00013022804341744632 BETTER
I0320 20:10:21.275809 1528507 finetune.py:68] layer 9_o @ epoch 1 new loss 0.00020674438565038145 old loss 0.00021528366778511554 BETTER
I0320 20:10:21.325129 1528321 finetune.py:68] layer 8_o @ epoch 3 new loss 0.00015972320397850126 old loss 0.00016322723240591586 BETTER
I0320 20:10:24.665452 1528675 finetune.py:68] layer 10_k @ epoch 4 new loss 0.00011265641660429537 old loss 0.00011415740300435573 BETTER
I0320 20:10:36.180503 1528846 finetune.py:68] layer 11_k @ epoch 2 new loss 0.00012615285231731832 old loss 0.00012795842485502362 BETTER
I0320 20:10:43.546423 1528675 finetune.py:45] layer 10_o initial loss 0.0003170614072587341
I0320 20:10:57.574923 1528507 finetune.py:68] layer 9_o @ epoch 2 new loss 0.00020087328448425978 old loss 0.00020674438565038145 BETTER
I0320 20:10:58.712733 1528321 finetune.py:68] layer 8_o @ epoch 4 new loss 0.00015688009443692863 old loss 0.00015972320397850126 BETTER
I0320 20:11:11.870229 1528846 finetune.py:68] layer 11_k @ epoch 3 new loss 0.00012460215657483786 old loss 0.00012615285231731832 BETTER
I0320 20:11:17.861875 1528675 finetune.py:68] layer 10_o @ epoch 0 new loss 0.00029433987219817936 old loss 0.0003170614072587341 BETTER
I0320 20:11:27.483291 1528321 finetune.py:45] layer 8_up initial loss 0.0002455495414324105
I0320 20:11:32.423679 1528507 finetune.py:68] layer 9_o @ epoch 3 new loss 0.00019636594515759498 old loss 0.00020087328448425978 BETTER
I0320 20:11:48.044321 1528846 finetune.py:68] layer 11_k @ epoch 4 new loss 0.00012319705274421722 old loss 0.00012460215657483786 BETTER
I0320 20:11:52.972691 1528675 finetune.py:68] layer 10_o @ epoch 1 new loss 0.00028302709688432515 old loss 0.00029433987219817936 BETTER
I0320 20:12:00.329677 1528321 finetune.py:68] layer 8_up @ epoch 0 new loss 0.0002389386499999091 old loss 0.0002455495414324105 BETTER
I0320 20:12:08.469583 1528507 finetune.py:68] layer 9_o @ epoch 4 new loss 0.0001927359844557941 old loss 0.00019636594515759498 BETTER
I0320 20:12:09.713514 1528846 finetune.py:45] layer 11_o initial loss 0.0003350683255121112
I0320 20:12:28.261873 1528675 finetune.py:68] layer 10_o @ epoch 2 new loss 0.00027495590620674193 old loss 0.00028302709688432515 BETTER
I0320 20:12:35.120805 1528321 finetune.py:68] layer 8_up @ epoch 1 new loss 0.00023519780370406806 old loss 0.0002389386499999091 BETTER
I0320 20:12:40.177090 1528507 finetune.py:45] layer 9_up initial loss 0.00029629975324496627
I0320 20:12:42.940309 1528846 finetune.py:68] layer 11_o @ epoch 0 new loss 0.00031051860423758626 old loss 0.0003350683255121112 BETTER
I0320 20:13:04.428483 1528675 finetune.py:68] layer 10_o @ epoch 3 new loss 0.0002686673542484641 old loss 0.00027495590620674193 BETTER
I0320 20:13:10.912563 1528321 finetune.py:68] layer 8_up @ epoch 2 new loss 0.0002322235086467117 old loss 0.00023519780370406806 BETTER
I0320 20:13:13.339296 1528507 finetune.py:68] layer 9_up @ epoch 0 new loss 0.0002882417757064104 old loss 0.00029629975324496627 BETTER
I0320 20:13:17.907493 1528846 finetune.py:68] layer 11_o @ epoch 1 new loss 0.0002988833875861019 old loss 0.00031051860423758626 BETTER
I0320 20:13:40.790580 1528675 finetune.py:68] layer 10_o @ epoch 4 new loss 0.00026354449801146984 old loss 0.0002686673542484641 BETTER
I0320 20:13:46.734312 1528321 finetune.py:68] layer 8_up @ epoch 3 new loss 0.00022970479039940983 old loss 0.0002322235086467117 BETTER
I0320 20:13:46.998975 1528507 finetune.py:68] layer 9_up @ epoch 1 new loss 0.0002835612394846976 old loss 0.0002882417757064104 BETTER
I0320 20:13:52.089449 1528846 finetune.py:68] layer 11_o @ epoch 2 new loss 0.0002907832677010447 old loss 0.0002988833875861019 BETTER
I0320 20:14:14.005119 1528675 finetune.py:45] layer 10_up initial loss 0.00038142732228152454
I0320 20:14:21.259373 1528507 finetune.py:68] layer 9_up @ epoch 2 new loss 0.00027986866189166903 old loss 0.0002835612394846976 BETTER
I0320 20:14:22.718438 1528321 finetune.py:68] layer 8_up @ epoch 4 new loss 0.00022748693299945444 old loss 0.00022970479039940983 BETTER
I0320 20:14:26.988159 1528846 finetune.py:68] layer 11_o @ epoch 3 new loss 0.0002846205607056618 old loss 0.0002907832677010447 BETTER
I0320 20:14:46.320766 1528675 finetune.py:68] layer 10_up @ epoch 0 new loss 0.0003709954326041043 old loss 0.00038142732228152454 BETTER
I0320 20:14:54.461059 1528321 finetune.py:45] layer 8_gate initial loss 0.00028197458595968783
I0320 20:14:56.395674 1528507 finetune.py:68] layer 9_up @ epoch 3 new loss 0.00027674066950567067 old loss 0.00027986866189166903 BETTER
I0320 20:15:02.115508 1528846 finetune.py:68] layer 11_o @ epoch 4 new loss 0.0002795279142446816 old loss 0.0002846205607056618 BETTER
I0320 20:15:19.914173 1528675 finetune.py:68] layer 10_up @ epoch 1 new loss 0.000365070765838027 old loss 0.0003709954326041043 BETTER
I0320 20:15:26.244697 1528321 finetune.py:68] layer 8_gate @ epoch 0 new loss 0.0002789644058793783 old loss 0.00028197458595968783 BETTER
I0320 20:15:30.301765 1528507 finetune.py:68] layer 9_up @ epoch 4 new loss 0.0002740144554991275 old loss 0.00027674066950567067 BETTER
I0320 20:15:35.343582 1528846 finetune.py:45] layer 11_up initial loss 0.00041210828931070864
I0320 20:15:54.175526 1528675 finetune.py:68] layer 10_up @ epoch 2 new loss 0.0003602839424274862 old loss 0.000365070765838027 BETTER
I0320 20:15:59.648131 1528321 finetune.py:68] layer 8_gate @ epoch 1 new loss 0.0002767898258753121 old loss 0.0002789644058793783 BETTER
I0320 20:16:01.725283 1528507 finetune.py:45] layer 9_gate initial loss 0.00034008309012278914
I0320 20:16:07.383200 1528846 finetune.py:68] layer 11_up @ epoch 0 new loss 0.0004013788129668683 old loss 0.00041210828931070864 BETTER
I0320 20:16:29.533942 1528675 finetune.py:68] layer 10_up @ epoch 3 new loss 0.00035620041307993233 old loss 0.0003602839424274862 BETTER
I0320 20:16:33.595007 1528507 finetune.py:68] layer 9_gate @ epoch 0 new loss 0.0003363782598171383 old loss 0.00034008309012278914 BETTER
I0320 20:16:34.317307 1528321 finetune.py:68] layer 8_gate @ epoch 2 new loss 0.0002749655395746231 old loss 0.0002767898258753121 BETTER
I0320 20:16:40.671732 1528846 finetune.py:68] layer 11_up @ epoch 1 new loss 0.00039527894114144146 old loss 0.0004013788129668683 BETTER
I0320 20:17:02.145813 1528675 finetune.py:68] layer 10_up @ epoch 4 new loss 0.00035263015888631344 old loss 0.00035620041307993233 BETTER
I0320 20:17:03.930764 1528507 finetune.py:68] layer 9_gate @ epoch 1 new loss 0.0003337398811709136 old loss 0.0003363782598171383 BETTER
I0320 20:17:05.967149 1528321 finetune.py:68] layer 8_gate @ epoch 3 new loss 0.0002733654691837728 old loss 0.0002749655395746231 BETTER
I0320 20:17:15.268598 1528846 finetune.py:68] layer 11_up @ epoch 2 new loss 0.0003904263721778989 old loss 0.00039527894114144146 BETTER
I0320 20:17:34.119002 1528675 finetune.py:45] layer 10_gate initial loss 0.00043183055822737515
I0320 20:17:38.396546 1528507 finetune.py:68] layer 9_gate @ epoch 2 new loss 0.00033149824594147503 old loss 0.0003337398811709136 BETTER
I0320 20:17:40.584450 1528321 finetune.py:68] layer 8_gate @ epoch 4 new loss 0.000271920784143731 old loss 0.0002733654691837728 BETTER
I0320 20:17:48.012534 1528846 finetune.py:68] layer 11_up @ epoch 3 new loss 0.00038626143941655755 old loss 0.0003904263721778989 BETTER
I0320 20:18:05.959369 1528675 finetune.py:68] layer 10_gate @ epoch 0 new loss 0.0004269756027497351 old loss 0.00043183055822737515 BETTER
I0320 20:18:11.406799 1528507 finetune.py:68] layer 9_gate @ epoch 3 new loss 0.0003295059723313898 old loss 0.00033149824594147503 BETTER
I0320 20:18:12.517209 1528321 finetune.py:45] layer 8_down initial loss 0.00040694946073926985
I0320 20:18:22.624451 1528846 finetune.py:68] layer 11_up @ epoch 4 new loss 0.00038261478766798973 old loss 0.00038626143941655755 BETTER
I0320 20:18:40.238435 1528675 finetune.py:68] layer 10_gate @ epoch 1 new loss 0.0004235920787323266 old loss 0.0004269756027497351 BETTER
I0320 20:18:44.236830 1528321 finetune.py:68] layer 8_down @ epoch 0 new loss 0.00040682419785298407 old loss 0.00040694946073926985 BETTER
I0320 20:18:46.511102 1528507 finetune.py:68] layer 9_gate @ epoch 4 new loss 0.0003277370997238904 old loss 0.0003295059723313898 BETTER
I0320 20:18:54.339484 1528846 finetune.py:45] layer 11_gate initial loss 0.0004713920643553138
I0320 20:19:13.814074 1528675 finetune.py:68] layer 10_gate @ epoch 2 new loss 0.00042066926835104823 old loss 0.0004235920787323266 BETTER
I0320 20:19:18.217312 1528321 finetune.py:68] layer 8_down @ epoch 1 new loss 0.0004067473637405783 old loss 0.00040682419785298407 BETTER
I0320 20:19:23.356179 1528507 finetune.py:45] layer 9_down initial loss 0.00048448736197315156
I0320 20:19:27.532821 1528846 finetune.py:68] layer 11_gate @ epoch 0 new loss 0.00046643035602755845 old loss 0.0004713920643553138 BETTER
I0320 20:19:48.155536 1528675 finetune.py:68] layer 10_gate @ epoch 3 new loss 0.000418103183619678 old loss 0.00042066926835104823 BETTER
I0320 20:19:52.159873 1528321 finetune.py:68] layer 8_down @ epoch 2 new loss 0.00040669634472578764 old loss 0.0004067473637405783 BETTER
I0320 20:19:55.225679 1528507 finetune.py:68] layer 9_down @ epoch 0 new loss 0.0004843551432713866 old loss 0.00048448736197315156 BETTER
I0320 20:20:01.023043 1528846 finetune.py:68] layer 11_gate @ epoch 1 new loss 0.0004629783798009157 old loss 0.00046643035602755845 BETTER
I0320 20:20:23.589803 1528675 finetune.py:68] layer 10_gate @ epoch 4 new loss 0.00041580406832508743 old loss 0.000418103183619678 BETTER
I0320 20:20:26.248014 1528321 finetune.py:68] layer 8_down @ epoch 3 new loss 0.0004066603141836822 old loss 0.00040669634472578764 BETTER
I0320 20:20:27.849099 1528507 finetune.py:68] layer 9_down @ epoch 1 new loss 0.00048426646389998496 old loss 0.0004843551432713866 BETTER
I0320 20:20:33.981068 1528846 finetune.py:68] layer 11_gate @ epoch 2 new loss 0.00045997550478205085 old loss 0.0004629783798009157 BETTER
I0320 20:21:00.808477 1528675 finetune.py:45] layer 10_down initial loss 0.000597206293605268
I0320 20:21:00.864852 1528321 finetune.py:68] layer 8_down @ epoch 4 new loss 0.00040663493564352393 old loss 0.0004066603141836822 BETTER
I0320 20:21:01.512897 1528507 finetune.py:68] layer 9_down @ epoch 2 new loss 0.00048420351231470704 old loss 0.00048426646389998496 BETTER
8_v proxy err 0.024089381098747253 tr(WHW.T) 530.9967041015625
bpp_loss 2.9884990453720093
8_q proxy err 0.002270004479214549 tr(WHW.T) 7240.17919921875
bpp_loss 3.726596474647522
8_k proxy err 0.0015738599468022585 tr(WHW.T) 10670.0390625
bpp_loss 3.7367738485336304
8_o proxy err 0.026319582015275955 tr(WHW.T) 20.284799575805664
bpp_loss 2.973792552947998
8_up proxy err 0.012032654136419296 tr(WHW.T) 866.4723510742188
bpp_loss 3.2155573645303415
8_gate proxy err 0.005581630393862724 tr(WHW.T) 1971.6414794921875
bpp_loss 3.3413976624954578
8_down proxy err 0.01534628588706255 tr(WHW.T) 37.4548225402832
bpp_loss 3.207034465878509
I0320 20:21:05.947856 1528846 finetune.py:68] layer 11_gate @ epoch 3 new loss 0.00045734940795227885 old loss 0.00045997550478205085 BETTER
I0320 20:21:28.992558 1528675 finetune.py:68] layer 10_down @ epoch 0 new loss 0.0005970080965198576 old loss 0.000597206293605268 BETTER
I0320 20:21:31.980880 1528507 finetune.py:68] layer 9_down @ epoch 3 new loss 0.00048415770288556814 old loss 0.00048420351231470704 BETTER
I0320 20:21:38.720225 1528846 finetune.py:68] layer 11_gate @ epoch 4 new loss 0.0004550287267193198 old loss 0.00045734940795227885 BETTER
I0320 20:21:59.420713 1528675 finetune.py:68] layer 10_down @ epoch 1 new loss 0.0005968838231638074 old loss 0.0005970080965198576 BETTER
I0320 20:22:01.942293 1528507 finetune.py:68] layer 9_down @ epoch 4 new loss 0.00048412446631118655 old loss 0.00048415770288556814 BETTER
9_v proxy err 0.02268657647073269 tr(WHW.T) 565.0663452148438
bpp_loss 3.0062332153320312
9_q proxy err 0.0023362180218100548 tr(WHW.T) 6977.08544921875
bpp_loss 3.7288708686828613
9_k proxy err 0.0015289578586816788 tr(WHW.T) 11015.9306640625
bpp_loss 3.7721242904663086
9_o proxy err 0.026227833703160286 tr(WHW.T) 25.817201614379883
bpp_loss 2.993558168411255
9_up proxy err 0.01162340771406889 tr(WHW.T) 970.4138793945312
bpp_loss 3.22367663716161
9_gate proxy err 0.005555071402341127 tr(WHW.T) 2131.581787109375
bpp_loss 3.328544439271439
9_down proxy err 0.015396113507449627 tr(WHW.T) 43.294315338134766
bpp_loss 3.2153580465982126
I0320 20:22:07.296433 1528846 finetune.py:45] layer 11_down initial loss 0.000655278330668807
I0320 20:22:27.301315 1528675 finetune.py:68] layer 10_down @ epoch 2 new loss 0.0005967954057268798 old loss 0.0005968838231638074 BETTER
I0320 20:22:33.685583 1528846 finetune.py:68] layer 11_down @ epoch 0 new loss 0.0006550801335833967 old loss 0.000655278330668807 BETTER
I0320 20:22:55.066584 1528675 finetune.py:68] layer 10_down @ epoch 3 new loss 0.0005967324250377715 old loss 0.0005967954057268798 BETTER
I0320 20:23:00.695695 1528846 finetune.py:68] layer 11_down @ epoch 1 new loss 0.0006549452082253993 old loss 0.0006550801335833967 BETTER
I0320 20:23:15.489065 1523378 quantize_finetune_llama.py:234] computed original embedding for layer 12 in 67.19411277770996s
I0320 20:23:19.683528 1530260 config.py:54] PyTorch version 2.6.0 available.
W0320 20:23:20.076972 1530260 warnings.py:109] /opt/conda/lib/python3.10/site-packages/torchvision/io/image.py:13: UserWarning: Failed to load image Python extension: '/opt/conda/lib/python3.10/site-packages/torchvision/image.so: undefined symbol: _ZN3c1017RegisterOperatorsD1Ev'If you don't plan on using image functionality from `torchvision.io`, you can ignore this warning. Otherwise, there might be something wrong with your environment. Did you have `libjpeg` or `libpng` installed before building `torchvision` from source?
  warn(

W0320 20:23:21.231970 1530260 warnings.py:109] /opt/conda/lib/python3.10/site-packages/compressai/models/video/google.py:353: FutureWarning: `torch.cuda.amp.autocast(args...)` is deprecated. Please use `torch.amp.autocast('cuda', args...)` instead.
  @amp.autocast(enabled=False)

I0320 20:23:21.236210 1523378 quantize_finetune_llama.py:203] layer 13 gpu 1
