I0320 19:03:33.484079 1523378 config.py:54] PyTorch version 2.6.0 available.
W0320 19:03:33.764002 1523378 warnings.py:109] /opt/conda/lib/python3.10/site-packages/torchvision/io/image.py:13: UserWarning: Failed to load image Python extension: '/opt/conda/lib/python3.10/site-packages/torchvision/image.so: undefined symbol: _ZN3c1017RegisterOperatorsD1Ev'If you don't plan on using image functionality from `torchvision.io`, you can ignore this warning. Otherwise, there might be something wrong with your environment. Did you have `libjpeg` or `libpng` installed before building `torchvision` from source?
  warn(

W0320 19:03:34.735331 1523378 warnings.py:109] /opt/conda/lib/python3.10/site-packages/compressai/models/video/google.py:353: FutureWarning: `torch.cuda.amp.autocast(args...)` is deprecated. Please use `torch.amp.autocast('cuda', args...)` instead.
  @amp.autocast(enabled=False)

Loading checkpoint shards:   0%|          | 0/6 [00:00<?, ?it/s]Loading checkpoint shards:  17%|█▋        | 1/6 [00:00<00:00,  7.48it/s]Loading checkpoint shards:  33%|███▎      | 2/6 [00:00<00:00,  7.98it/s]Loading checkpoint shards:  50%|█████     | 3/6 [00:00<00:00,  8.13it/s]Loading checkpoint shards:  67%|██████▋   | 4/6 [00:00<00:00,  8.23it/s]Loading checkpoint shards:  83%|████████▎ | 5/6 [00:00<00:00,  8.30it/s]Loading checkpoint shards: 100%|██████████| 6/6 [00:00<00:00,  7.98it/s]Loading checkpoint shards: 100%|██████████| 6/6 [00:00<00:00,  8.04it/s]
I0320 19:03:35.686295 1523378 quantize_finetune_llama.py:144] loaded model
calculating model weight mean & std:   0%|          | 0/32 [00:00<?, ?it/s]calculating model weight mean & std:   3%|▎         | 1/32 [00:00<00:14,  2.11it/s]calculating model weight mean & std:   6%|▋         | 2/32 [00:00<00:12,  2.32it/s]calculating model weight mean & std:   9%|▉         | 3/32 [00:01<00:11,  2.45it/s]calculating model weight mean & std:  12%|█▎        | 4/32 [00:01<00:11,  2.49it/s]calculating model weight mean & std:  16%|█▌        | 5/32 [00:02<00:10,  2.55it/s]calculating model weight mean & std:  19%|█▉        | 6/32 [00:02<00:13,  1.90it/s]calculating model weight mean & std:  22%|██▏       | 7/32 [00:03<00:15,  1.58it/s]calculating model weight mean & std:  25%|██▌       | 8/32 [00:04<00:16,  1.47it/s]calculating model weight mean & std:  28%|██▊       | 9/32 [00:05<00:16,  1.41it/s]calculating model weight mean & std:  31%|███▏      | 10/32 [00:05<00:16,  1.37it/s]calculating model weight mean & std:  34%|███▍      | 11/32 [00:06<00:15,  1.34it/s]calculating model weight mean & std:  38%|███▊      | 12/32 [00:07<00:15,  1.31it/s]calculating model weight mean & std:  41%|████      | 13/32 [00:08<00:14,  1.31it/s]calculating model weight mean & std:  44%|████▍     | 14/32 [00:09<00:13,  1.29it/s]calculating model weight mean & std:  47%|████▋     | 15/32 [00:09<00:13,  1.28it/s]calculating model weight mean & std:  50%|█████     | 16/32 [00:10<00:12,  1.28it/s]calculating model weight mean & std:  53%|█████▎    | 17/32 [00:11<00:11,  1.28it/s]calculating model weight mean & std:  56%|█████▋    | 18/32 [00:12<00:10,  1.28it/s]calculating model weight mean & std:  59%|█████▉    | 19/32 [00:13<00:10,  1.27it/s]calculating model weight mean & std:  62%|██████▎   | 20/32 [00:13<00:09,  1.27it/s]calculating model weight mean & std:  66%|██████▌   | 21/32 [00:14<00:08,  1.28it/s]calculating model weight mean & std:  69%|██████▉   | 22/32 [00:15<00:07,  1.27it/s]calculating model weight mean & std:  72%|███████▏  | 23/32 [00:16<00:07,  1.27it/s]calculating model weight mean & std:  75%|███████▌  | 24/32 [00:17<00:06,  1.27it/s]calculating model weight mean & std:  78%|███████▊  | 25/32 [00:17<00:05,  1.28it/s]calculating model weight mean & std:  81%|████████▏ | 26/32 [00:18<00:04,  1.28it/s]calculating model weight mean & std:  84%|████████▍ | 27/32 [00:19<00:03,  1.28it/s]calculating model weight mean & std:  88%|████████▊ | 28/32 [00:20<00:03,  1.28it/s]calculating model weight mean & std:  91%|█████████ | 29/32 [00:20<00:02,  1.29it/s]calculating model weight mean & std:  94%|█████████▍| 30/32 [00:21<00:01,  1.29it/s]calculating model weight mean & std:  97%|█████████▋| 31/32 [00:22<00:00,  1.29it/s]calculating model weight mean & std: 100%|██████████| 32/32 [00:23<00:00,  1.29it/s]calculating model weight mean & std: 100%|██████████| 32/32 [00:23<00:00,  1.38it/s]
I0320 19:04:07.699942 1523378 quantize_finetune_llama.py:179] loaded compression model
I0320 19:04:23.569195 1523378 quantize_finetune_llama.py:183] loaded dataset and devset
I0320 19:04:29.123905 1523378 quantize_finetune_llama.py:203] layer 0 gpu 0
The attention layers in this model are transitioning from computing the RoPE embeddings internally through `position_ids` (2D tensor with the indexes of the tokens), to using externally computed `position_embeddings` (Tuple of tensors, containing cos and sin). In v4.46 `position_ids` will be removed and `position_embeddings` will be mandatory.
I0320 19:05:42.764540 1523378 quantize_finetune_llama.py:234] computed original embedding for layer 0 in 73.47321724891663s
tensor(0.0192) tensor(-3.6338e-06)
huggingface/tokenizers: The current process just got forked, after parallelism has already been used. Disabling parallelism to avoid deadlocks...
To disable this warning, you can either:
	- Avoid using `tokenizers` before the fork if possible
	- Explicitly set the environment variable TOKENIZERS_PARALLELISM=(true | false)
I0320 19:06:04.687409 1523695 config.py:54] PyTorch version 2.6.0 available.
W0320 19:06:04.969424 1523695 warnings.py:109] /opt/conda/lib/python3.10/site-packages/torchvision/io/image.py:13: UserWarning: Failed to load image Python extension: '/opt/conda/lib/python3.10/site-packages/torchvision/image.so: undefined symbol: _ZN3c1017RegisterOperatorsD1Ev'If you don't plan on using image functionality from `torchvision.io`, you can ignore this warning. Otherwise, there might be something wrong with your environment. Did you have `libjpeg` or `libpng` installed before building `torchvision` from source?
  warn(

W0320 19:06:05.846248 1523695 warnings.py:109] /opt/conda/lib/python3.10/site-packages/compressai/models/video/google.py:353: FutureWarning: `torch.cuda.amp.autocast(args...)` is deprecated. Please use `torch.amp.autocast('cuda', args...)` instead.
  @amp.autocast(enabled=False)

I0320 19:06:05.850301 1523378 quantize_finetune_llama.py:203] layer 1 gpu 1
I0320 19:06:05.863782 1523695 data_utils.py:336] using 256 training seqs, 128 validation seqs
The attention layers in this model are transitioning from computing the RoPE embeddings internally through `position_ids` (2D tensor with the indexes of the tokens), to using externally computed `position_embeddings` (Tuple of tensors, containing cos and sin). In v4.46 `position_ids` will be removed and `position_embeddings` will be mandatory.
I0320 19:06:17.716372 1523695 finetune.py:45] layer 0_v initial loss 1.40496713356697e-05
W0320 19:06:17.716699 1523695 warnings.py:109] /workspace/Weight_compression/comp_lm_qtip/lib/algo/finetune.py:46: FutureWarning: `torch.cuda.amp.GradScaler(args...)` is deprecated. Please use `torch.amp.GradScaler('cuda', args...)` instead.
  scaler = torch.cuda.amp.GradScaler(enabled=(orig_dtype==torch.float16))

I0320 19:06:51.866560 1523695 finetune.py:68] layer 0_v @ epoch 0 new loss 2.8144497719040373e-06 old loss 1.40496713356697e-05 BETTER
I0320 19:07:19.682531 1523378 quantize_finetune_llama.py:234] computed original embedding for layer 1 in 73.66053342819214s
I0320 19:07:29.671691 1523695 finetune.py:68] layer 0_v @ epoch 1 new loss 1.1426963055782835e-06 old loss 2.8144497719040373e-06 BETTER
I0320 19:07:30.907676 1523865 config.py:54] PyTorch version 2.6.0 available.
W0320 19:07:31.269906 1523865 warnings.py:109] /opt/conda/lib/python3.10/site-packages/torchvision/io/image.py:13: UserWarning: Failed to load image Python extension: '/opt/conda/lib/python3.10/site-packages/torchvision/image.so: undefined symbol: _ZN3c1017RegisterOperatorsD1Ev'If you don't plan on using image functionality from `torchvision.io`, you can ignore this warning. Otherwise, there might be something wrong with your environment. Did you have `libjpeg` or `libpng` installed before building `torchvision` from source?
  warn(

W0320 19:07:32.314139 1523865 warnings.py:109] /opt/conda/lib/python3.10/site-packages/compressai/models/video/google.py:353: FutureWarning: `torch.cuda.amp.autocast(args...)` is deprecated. Please use `torch.amp.autocast('cuda', args...)` instead.
  @amp.autocast(enabled=False)

I0320 19:07:32.318230 1523378 quantize_finetune_llama.py:203] layer 2 gpu 2
I0320 19:07:32.333150 1523865 data_utils.py:336] using 256 training seqs, 128 validation seqs
The attention layers in this model are transitioning from computing the RoPE embeddings internally through `position_ids` (2D tensor with the indexes of the tokens), to using externally computed `position_embeddings` (Tuple of tensors, containing cos and sin). In v4.46 `position_ids` will be removed and `position_embeddings` will be mandatory.
I0320 19:07:45.161900 1523865 finetune.py:45] layer 1_v initial loss 0.0004491885774768889
W0320 19:07:45.162236 1523865 warnings.py:109] /workspace/Weight_compression/comp_lm_qtip/lib/algo/finetune.py:46: FutureWarning: `torch.cuda.amp.GradScaler(args...)` is deprecated. Please use `torch.amp.GradScaler('cuda', args...)` instead.
  scaler = torch.cuda.amp.GradScaler(enabled=(orig_dtype==torch.float16))

I0320 19:08:05.419148 1523695 finetune.py:68] layer 0_v @ epoch 2 new loss 7.428636763506802e-07 old loss 1.1426963055782835e-06 BETTER
I0320 19:08:17.807909 1523865 finetune.py:68] layer 1_v @ epoch 0 new loss 6.928208313183859e-05 old loss 0.0004491885774768889 BETTER
I0320 19:08:41.380464 1523695 finetune.py:68] layer 0_v @ epoch 3 new loss 6.125841309767566e-07 old loss 7.428636763506802e-07 BETTER
I0320 19:08:49.010610 1523378 quantize_finetune_llama.py:234] computed original embedding for layer 2 in 76.47971725463867s
I0320 19:08:56.167387 1523865 finetune.py:68] layer 1_v @ epoch 1 new loss 4.179954339633696e-05 old loss 6.928208313183859e-05 BETTER
I0320 19:09:02.318509 1524044 config.py:54] PyTorch version 2.6.0 available.
W0320 19:09:02.721481 1524044 warnings.py:109] /opt/conda/lib/python3.10/site-packages/torchvision/io/image.py:13: UserWarning: Failed to load image Python extension: '/opt/conda/lib/python3.10/site-packages/torchvision/image.so: undefined symbol: _ZN3c1017RegisterOperatorsD1Ev'If you don't plan on using image functionality from `torchvision.io`, you can ignore this warning. Otherwise, there might be something wrong with your environment. Did you have `libjpeg` or `libpng` installed before building `torchvision` from source?
  warn(

W0320 19:09:03.896665 1524044 warnings.py:109] /opt/conda/lib/python3.10/site-packages/compressai/models/video/google.py:353: FutureWarning: `torch.cuda.amp.autocast(args...)` is deprecated. Please use `torch.amp.autocast('cuda', args...)` instead.
  @amp.autocast(enabled=False)

I0320 19:09:03.901079 1523378 quantize_finetune_llama.py:203] layer 3 gpu 3
I0320 19:09:03.917547 1524044 data_utils.py:336] using 256 training seqs, 128 validation seqs
The attention layers in this model are transitioning from computing the RoPE embeddings internally through `position_ids` (2D tensor with the indexes of the tokens), to using externally computed `position_embeddings` (Tuple of tensors, containing cos and sin). In v4.46 `position_ids` will be removed and `position_embeddings` will be mandatory.
I0320 19:09:18.848717 1524044 finetune.py:45] layer 2_v initial loss 1.9173146938555874e-05
W0320 19:09:18.849886 1524044 warnings.py:109] /workspace/Weight_compression/comp_lm_qtip/lib/algo/finetune.py:46: FutureWarning: `torch.cuda.amp.GradScaler(args...)` is deprecated. Please use `torch.amp.GradScaler('cuda', args...)` instead.
  scaler = torch.cuda.amp.GradScaler(enabled=(orig_dtype==torch.float16))

I0320 19:09:20.548110 1523695 finetune.py:68] layer 0_v @ epoch 4 new loss 5.461557179842202e-07 old loss 6.125841309767566e-07 BETTER
I0320 19:09:30.739316 1523865 finetune.py:68] layer 1_v @ epoch 2 new loss 2.8719110559904948e-05 old loss 4.179954339633696e-05 BETTER
I0320 19:09:36.808064 1523695 finetune.py:45] layer 0_q initial loss 6.301082748905174e-07
I0320 19:09:52.645402 1524044 finetune.py:68] layer 2_v @ epoch 0 new loss 1.374028215650469e-05 old loss 1.9173146938555874e-05 BETTER
I0320 19:10:06.358784 1523865 finetune.py:68] layer 1_v @ epoch 3 new loss 2.0597417460521683e-05 old loss 2.8719110559904948e-05 BETTER
I0320 19:10:12.187494 1523695 finetune.py:68] layer 0_q @ epoch 0 new loss 5.068224027127144e-07 old loss 6.301082748905174e-07 BETTER
I0320 19:10:27.731998 1523378 quantize_finetune_llama.py:234] computed original embedding for layer 3 in 83.55959367752075s
I0320 19:10:27.828030 1524044 finetune.py:68] layer 2_v @ epoch 1 new loss 1.1071880180679727e-05 old loss 1.374028215650469e-05 BETTER
I0320 19:10:42.720283 1524235 config.py:54] PyTorch version 2.6.0 available.
W0320 19:10:43.229656 1524235 warnings.py:109] /opt/conda/lib/python3.10/site-packages/torchvision/io/image.py:13: UserWarning: Failed to load image Python extension: '/opt/conda/lib/python3.10/site-packages/torchvision/image.so: undefined symbol: _ZN3c1017RegisterOperatorsD1Ev'If you don't plan on using image functionality from `torchvision.io`, you can ignore this warning. Otherwise, there might be something wrong with your environment. Did you have `libjpeg` or `libpng` installed before building `torchvision` from source?
  warn(

I0320 19:10:43.572528 1523865 finetune.py:68] layer 1_v @ epoch 4 new loss 1.626800985832233e-05 old loss 2.0597417460521683e-05 BETTER
W0320 19:10:44.369289 1524235 warnings.py:109] /opt/conda/lib/python3.10/site-packages/compressai/models/video/google.py:353: FutureWarning: `torch.cuda.amp.autocast(args...)` is deprecated. Please use `torch.amp.autocast('cuda', args...)` instead.
  @amp.autocast(enabled=False)

I0320 19:10:44.374009 1523378 quantize_finetune_llama.py:203] layer 4 gpu 0
I0320 19:10:44.390488 1524235 data_utils.py:336] using 256 training seqs, 128 validation seqs
I0320 19:10:50.252782 1523695 finetune.py:68] layer 0_q @ epoch 1 new loss 4.5745449028800067e-07 old loss 5.068224027127144e-07 BETTER
The attention layers in this model are transitioning from computing the RoPE embeddings internally through `position_ids` (2D tensor with the indexes of the tokens), to using externally computed `position_embeddings` (Tuple of tensors, containing cos and sin). In v4.46 `position_ids` will be removed and `position_embeddings` will be mandatory.
I0320 19:11:00.858287 1523865 finetune.py:45] layer 1_q initial loss 1.701407745713368e-05
I0320 19:11:01.637633 1524235 finetune.py:45] layer 3_v initial loss 2.7625383154372685e-05
W0320 19:11:01.638041 1524235 warnings.py:109] /workspace/Weight_compression/comp_lm_qtip/lib/algo/finetune.py:46: FutureWarning: `torch.cuda.amp.GradScaler(args...)` is deprecated. Please use `torch.amp.GradScaler('cuda', args...)` instead.
  scaler = torch.cuda.amp.GradScaler(enabled=(orig_dtype==torch.float16))

I0320 19:11:07.157584 1524044 finetune.py:68] layer 2_v @ epoch 2 new loss 9.573825082043186e-06 old loss 1.1071880180679727e-05 BETTER
I0320 19:11:27.006222 1523695 finetune.py:68] layer 0_q @ epoch 2 new loss 4.226201895107806e-07 old loss 4.5745449028800067e-07 BETTER
I0320 19:11:36.126817 1523865 finetune.py:68] layer 1_q @ epoch 0 new loss 1.256704217666993e-05 old loss 1.701407745713368e-05 BETTER
I0320 19:11:36.573669 1524235 finetune.py:68] layer 3_v @ epoch 0 new loss 1.7661606761976145e-05 old loss 2.7625383154372685e-05 BETTER
I0320 19:11:43.372644 1524044 finetune.py:68] layer 2_v @ epoch 3 new loss 8.632404387753922e-06 old loss 9.573825082043186e-06 BETTER
I0320 19:12:04.397644 1523695 finetune.py:68] layer 0_q @ epoch 3 new loss 3.938999668662291e-07 old loss 4.226201895107806e-07 BETTER
I0320 19:12:13.167119 1523865 finetune.py:68] layer 1_q @ epoch 1 new loss 1.1275216820649803e-05 old loss 1.256704217666993e-05 BETTER
I0320 19:12:13.359992 1524235 finetune.py:68] layer 3_v @ epoch 1 new loss 1.4273231499828398e-05 old loss 1.7661606761976145e-05 BETTER
I0320 19:12:19.962931 1524044 finetune.py:68] layer 2_v @ epoch 4 new loss 7.990862286533229e-06 old loss 8.632404387753922e-06 BETTER
I0320 19:12:38.238422 1524044 finetune.py:45] layer 2_q initial loss 9.190065611619502e-06
I0320 19:12:42.301448 1523695 finetune.py:68] layer 0_q @ epoch 4 new loss 3.687960656861833e-07 old loss 3.938999668662291e-07 BETTER
I0320 19:12:48.817359 1523865 finetune.py:68] layer 1_q @ epoch 2 new loss 8.964291737356689e-06 old loss 1.1275216820649803e-05 BETTER
I0320 19:12:49.205663 1524235 finetune.py:68] layer 3_v @ epoch 2 new loss 1.2740234524244443e-05 old loss 1.4273231499828398e-05 BETTER
I0320 19:13:00.476482 1523695 finetune.py:45] layer 0_k initial loss 4.448415324986854e-07
I0320 19:13:12.654821 1524044 finetune.py:68] layer 2_q @ epoch 0 new loss 7.948059646878392e-06 old loss 9.190065611619502e-06 BETTER
I0320 19:13:25.524330 1523865 finetune.py:76] layer 1_q @ epoch 3 new loss 9.656610927777365e-06 old loss 8.964291737356689e-06 WORSE
I0320 19:13:26.267685 1524235 finetune.py:68] layer 3_v @ epoch 3 new loss 1.1829616596514825e-05 old loss 1.2740234524244443e-05 BETTER
I0320 19:13:36.459678 1523695 finetune.py:68] layer 0_k @ epoch 0 new loss 3.7719857459705963e-07 old loss 4.448415324986854e-07 BETTER
I0320 19:13:48.868601 1524044 finetune.py:68] layer 2_q @ epoch 1 new loss 7.483073659386719e-06 old loss 7.948059646878392e-06 BETTER
I0320 19:14:00.715140 1523865 finetune.py:76] layer 1_q @ epoch 4 new loss 9.517801117908675e-06 old loss 8.964291737356689e-06 WORSE
I0320 19:14:02.464298 1524235 finetune.py:68] layer 3_v @ epoch 4 new loss 1.1174558494531084e-05 old loss 1.1829616596514825e-05 BETTER
I0320 19:14:12.948634 1523695 finetune.py:68] layer 0_k @ epoch 1 new loss 3.528666070451436e-07 old loss 3.7719857459705963e-07 BETTER
I0320 19:14:16.917372 1523865 finetune.py:45] layer 1_k initial loss 9.921421224134974e-06
I0320 19:14:22.273892 1524235 finetune.py:45] layer 3_q initial loss 1.3769684301223606e-05
I0320 19:14:25.354741 1524044 finetune.py:68] layer 2_q @ epoch 2 new loss 7.132281098165549e-06 old loss 7.483073659386719e-06 BETTER
I0320 19:14:50.556113 1523695 finetune.py:68] layer 0_k @ epoch 2 new loss 3.344150911743782e-07 old loss 3.528666070451436e-07 BETTER
I0320 19:14:52.076718 1523865 finetune.py:76] layer 1_k @ epoch 0 new loss 1.025798155751545e-05 old loss 9.921421224134974e-06 WORSE
I0320 19:14:57.101874 1524235 finetune.py:68] layer 3_q @ epoch 0 new loss 1.2155011972936336e-05 old loss 1.3769684301223606e-05 BETTER
I0320 19:15:01.891830 1524044 finetune.py:68] layer 2_q @ epoch 3 new loss 6.842082257207949e-06 old loss 7.132281098165549e-06 BETTER
I0320 19:15:27.645878 1523865 finetune.py:68] layer 1_k @ epoch 1 new loss 8.440199962933548e-06 old loss 9.921421224134974e-06 BETTER
I0320 19:15:28.628048 1523695 finetune.py:68] layer 0_k @ epoch 3 new loss 3.1965484481588646e-07 old loss 3.344150911743782e-07 BETTER
I0320 19:15:33.211808 1524235 finetune.py:68] layer 3_q @ epoch 1 new loss 1.1555564014997799e-05 old loss 1.2155011972936336e-05 BETTER
I0320 19:15:38.529662 1524044 finetune.py:68] layer 2_q @ epoch 4 new loss 6.593922989850398e-06 old loss 6.842082257207949e-06 BETTER
I0320 19:15:56.099578 1524044 finetune.py:45] layer 2_k initial loss 7.499258572352119e-06
I0320 19:16:03.819298 1523865 finetune.py:68] layer 1_k @ epoch 2 new loss 8.270142643596046e-06 old loss 8.440199962933548e-06 BETTER
I0320 19:16:06.481474 1523695 finetune.py:68] layer 0_k @ epoch 4 new loss 3.0506146231346065e-07 old loss 3.1965484481588646e-07 BETTER
I0320 19:16:09.187797 1524235 finetune.py:68] layer 3_q @ epoch 2 new loss 1.1102872122137342e-05 old loss 1.1555564014997799e-05 BETTER
I0320 19:16:22.380534 1523695 finetune.py:45] layer 0_o initial loss 2.4662963369337376e-06
I0320 19:16:30.261448 1524044 finetune.py:68] layer 2_k @ epoch 0 new loss 7.075798293953994e-06 old loss 7.499258572352119e-06 BETTER
I0320 19:16:39.845073 1523865 finetune.py:76] layer 1_k @ epoch 3 new loss 9.261211744160391e-06 old loss 8.270142643596046e-06 WORSE
I0320 19:16:44.660373 1524235 finetune.py:68] layer 3_q @ epoch 3 new loss 1.0733760063885711e-05 old loss 1.1102872122137342e-05 BETTER
I0320 19:16:57.245193 1523695 finetune.py:68] layer 0_o @ epoch 0 new loss 2.2182373413670575e-06 old loss 2.4662963369337376e-06 BETTER
I0320 19:17:05.895244 1524044 finetune.py:68] layer 2_k @ epoch 1 new loss 6.8277190621302e-06 old loss 7.075798293953994e-06 BETTER
I0320 19:17:14.417550 1523865 finetune.py:68] layer 1_k @ epoch 4 new loss 8.241729119617958e-06 old loss 8.270142643596046e-06 BETTER
I0320 19:17:19.439314 1524235 finetune.py:68] layer 3_q @ epoch 4 new loss 1.0426615517644677e-05 old loss 1.0733760063885711e-05 BETTER
I0320 19:17:31.220494 1523865 finetune.py:45] layer 1_o initial loss 8.298738248413429e-05
I0320 19:17:34.519592 1523695 finetune.py:68] layer 0_o @ epoch 1 new loss 2.0259542452549795e-06 old loss 2.2182373413670575e-06 BETTER
I0320 19:17:40.079582 1524235 finetune.py:45] layer 3_k initial loss 1.2691976735368371e-05
I0320 19:17:42.466166 1524044 finetune.py:68] layer 2_k @ epoch 2 new loss 6.63045375404181e-06 old loss 6.8277190621302e-06 BETTER
I0320 19:18:05.730089 1523865 finetune.py:68] layer 1_o @ epoch 0 new loss 2.612770549603738e-05 old loss 8.298738248413429e-05 BETTER
I0320 19:18:11.986800 1523695 finetune.py:68] layer 0_o @ epoch 2 new loss 1.8713645886236918e-06 old loss 2.0259542452549795e-06 BETTER
I0320 19:18:14.894764 1524235 finetune.py:68] layer 3_k @ epoch 0 new loss 1.1899178389285225e-05 old loss 1.2691976735368371e-05 BETTER
I0320 19:18:19.076960 1524044 finetune.py:68] layer 2_k @ epoch 3 new loss 6.459843007178279e-06 old loss 6.63045375404181e-06 BETTER
I0320 19:18:41.110574 1523865 finetune.py:68] layer 1_o @ epoch 1 new loss 2.19516168726841e-05 old loss 2.612770549603738e-05 BETTER
I0320 19:18:49.829463 1523695 finetune.py:68] layer 0_o @ epoch 3 new loss 1.7416235778000555e-06 old loss 1.8713645886236918e-06 BETTER
I0320 19:18:51.387438 1524235 finetune.py:68] layer 3_k @ epoch 1 new loss 1.1569429261726327e-05 old loss 1.1899178389285225e-05 BETTER
I0320 19:18:55.325490 1524044 finetune.py:68] layer 2_k @ epoch 4 new loss 6.309129275905434e-06 old loss 6.459843007178279e-06 BETTER
I0320 19:19:14.012147 1524044 finetune.py:45] layer 2_o initial loss 1.3849844435753766e-05
I0320 19:19:16.603070 1523865 finetune.py:68] layer 1_o @ epoch 2 new loss 2.0707928342744708e-05 old loss 2.19516168726841e-05 BETTER
I0320 19:19:27.932141 1524235 finetune.py:68] layer 3_k @ epoch 2 new loss 1.1308666216791607e-05 old loss 1.1569429261726327e-05 BETTER
I0320 19:19:27.996941 1523695 finetune.py:68] layer 0_o @ epoch 4 new loss 1.6305879171341076e-06 old loss 1.7416235778000555e-06 BETTER
I0320 19:19:48.426164 1524044 finetune.py:68] layer 2_o @ epoch 0 new loss 1.3630272405862343e-05 old loss 1.3849844435753766e-05 BETTER
I0320 19:19:51.662714 1523865 finetune.py:68] layer 1_o @ epoch 3 new loss 1.9547465853975154e-05 old loss 2.0707928342744708e-05 BETTER
I0320 19:19:57.326459 1523695 finetune.py:45] layer 0_up initial loss 1.844722078203631e-06
I0320 19:20:03.068809 1524235 finetune.py:68] layer 3_k @ epoch 3 new loss 1.1078428542532492e-05 old loss 1.1308666216791607e-05 BETTER
I0320 19:20:24.709953 1524044 finetune.py:68] layer 2_o @ epoch 1 new loss 1.3467039025272243e-05 old loss 1.3630272405862343e-05 BETTER
I0320 19:20:27.672640 1523865 finetune.py:68] layer 1_o @ epoch 4 new loss 1.8583383280201815e-05 old loss 1.9547465853975154e-05 BETTER
I0320 19:20:30.657346 1523695 finetune.py:68] layer 0_up @ epoch 0 new loss 1.721151988931524e-06 old loss 1.844722078203631e-06 BETTER
I0320 19:20:38.324378 1524235 finetune.py:68] layer 3_k @ epoch 4 new loss 1.0878627108468208e-05 old loss 1.1078428542532492e-05 BETTER
I0320 19:20:56.961080 1524235 finetune.py:45] layer 3_o initial loss 2.7210386178921908e-05
I0320 19:20:58.455037 1523865 finetune.py:45] layer 1_up initial loss 0.00016951926227193326
I0320 19:21:01.563077 1524044 finetune.py:68] layer 2_o @ epoch 2 new loss 1.3329342436918523e-05 old loss 1.3467039025272243e-05 BETTER
I0320 19:21:05.358765 1523695 finetune.py:68] layer 0_up @ epoch 1 new loss 1.6263669522231794e-06 old loss 1.721151988931524e-06 BETTER
I0320 19:21:31.309437 1524235 finetune.py:68] layer 3_o @ epoch 0 new loss 2.625018169055693e-05 old loss 2.7210386178921908e-05 BETTER
I0320 19:21:31.337531 1523865 finetune.py:68] layer 1_up @ epoch 0 new loss 6.50125730317086e-05 old loss 0.00016951926227193326 BETTER
I0320 19:21:38.241743 1524044 finetune.py:68] layer 2_o @ epoch 3 new loss 1.3209753888077103e-05 old loss 1.3329342436918523e-05 BETTER
I0320 19:21:40.709173 1523695 finetune.py:68] layer 0_up @ epoch 2 new loss 1.5490379610128002e-06 old loss 1.6263669522231794e-06 BETTER
I0320 19:22:05.554542 1523865 finetune.py:68] layer 1_up @ epoch 1 new loss 2.8217818908160552e-05 old loss 6.50125730317086e-05 BETTER
I0320 19:22:06.550316 1524235 finetune.py:68] layer 3_o @ epoch 1 new loss 2.5669984097476117e-05 old loss 2.625018169055693e-05 BETTER
I0320 19:22:14.762090 1524044 finetune.py:68] layer 2_o @ epoch 4 new loss 1.3102277080179192e-05 old loss 1.3209753888077103e-05 BETTER
I0320 19:22:16.673547 1523695 finetune.py:68] layer 0_up @ epoch 3 new loss 1.4821099512118963e-06 old loss 1.5490379610128002e-06 BETTER
I0320 19:22:39.059589 1523865 finetune.py:68] layer 1_up @ epoch 2 new loss 2.1534573534154333e-05 old loss 2.8217818908160552e-05 BETTER
I0320 19:22:42.105771 1524235 finetune.py:68] layer 3_o @ epoch 2 new loss 2.52431673288811e-05 old loss 2.5669984097476117e-05 BETTER
I0320 19:22:47.568067 1524044 finetune.py:45] layer 2_up initial loss 1.7853151803137735e-05
I0320 19:22:52.072582 1523695 finetune.py:68] layer 0_up @ epoch 4 new loss 1.4237980394682381e-06 old loss 1.4821099512118963e-06 BETTER
I0320 19:23:12.569096 1523865 finetune.py:68] layer 1_up @ epoch 3 new loss 2.0077943190699443e-05 old loss 2.1534573534154333e-05 BETTER
I0320 19:23:18.080376 1524235 finetune.py:68] layer 3_o @ epoch 3 new loss 2.4893099180189893e-05 old loss 2.52431673288811e-05 BETTER
I0320 19:23:20.501330 1524044 finetune.py:68] layer 2_up @ epoch 0 new loss 1.7716110960463993e-05 old loss 1.7853151803137735e-05 BETTER
I0320 19:23:22.500728 1523695 finetune.py:45] layer 0_gate initial loss 1.6062743952716119e-06
I0320 19:23:47.257266 1523865 finetune.py:68] layer 1_up @ epoch 4 new loss 1.9599279767135158e-05 old loss 2.0077943190699443e-05 BETTER
I0320 19:23:54.071262 1524235 finetune.py:68] layer 3_o @ epoch 4 new loss 2.460291034367401e-05 old loss 2.4893099180189893e-05 BETTER
I0320 19:23:54.820671 1523695 finetune.py:68] layer 0_gate @ epoch 0 new loss 1.5274526958819479e-06 old loss 1.6062743952716119e-06 BETTER
I0320 19:23:55.077995 1524044 finetune.py:68] layer 2_up @ epoch 1 new loss 1.7613387171877548e-05 old loss 1.7716110960463993e-05 BETTER
I0320 19:24:16.947586 1523865 finetune.py:45] layer 1_gate initial loss 0.0001587670558365062
I0320 19:24:26.423213 1524235 finetune.py:45] layer 3_up initial loss 3.598590410547331e-05
I0320 19:24:29.171168 1523695 finetune.py:68] layer 0_gate @ epoch 1 new loss 1.4709688684888533e-06 old loss 1.5274526958819479e-06 BETTER
I0320 19:24:30.099210 1524044 finetune.py:68] layer 2_up @ epoch 2 new loss 1.752566640789155e-05 old loss 1.7613387171877548e-05 BETTER
I0320 19:24:47.531028 1523865 finetune.py:68] layer 1_gate @ epoch 0 new loss 7.676555105717853e-05 old loss 0.0001587670558365062 BETTER
I0320 19:24:59.511394 1524235 finetune.py:68] layer 3_up @ epoch 0 new loss 3.561487028491683e-05 old loss 3.598590410547331e-05 BETTER
I0320 19:25:03.678524 1523695 finetune.py:68] layer 0_gate @ epoch 2 new loss 1.4265147001424339e-06 old loss 1.4709688684888533e-06 BETTER
I0320 19:25:05.072999 1524044 finetune.py:68] layer 2_up @ epoch 3 new loss 1.7446576748625375e-05 old loss 1.752566640789155e-05 BETTER
I0320 19:25:19.352308 1523865 finetune.py:68] layer 1_gate @ epoch 1 new loss 3.942181501770392e-05 old loss 7.676555105717853e-05 BETTER
I0320 19:25:34.102340 1524235 finetune.py:68] layer 3_up @ epoch 1 new loss 3.5345248761586845e-05 old loss 3.561487028491683e-05 BETTER
I0320 19:25:38.115537 1523695 finetune.py:68] layer 0_gate @ epoch 3 new loss 1.3894194808017346e-06 old loss 1.4265147001424339e-06 BETTER
I0320 19:25:39.842855 1524044 finetune.py:68] layer 2_up @ epoch 4 new loss 1.7373833543388173e-05 old loss 1.7446576748625375e-05 BETTER
I0320 19:25:51.684742 1523865 finetune.py:68] layer 1_gate @ epoch 2 new loss 2.726459024415817e-05 old loss 3.942181501770392e-05 BETTER
I0320 19:26:08.238069 1524235 finetune.py:68] layer 3_up @ epoch 2 new loss 3.5119410313200206e-05 old loss 3.5345248761586845e-05 BETTER
I0320 19:26:12.811695 1523695 finetune.py:68] layer 0_gate @ epoch 4 new loss 1.3576257060776697e-06 old loss 1.3894194808017346e-06 BETTER
I0320 19:26:13.663873 1524044 finetune.py:45] layer 2_gate initial loss 2.0868894353043288e-05
I0320 19:26:23.044114 1523865 finetune.py:68] layer 1_gate @ epoch 3 new loss 2.4048891646089032e-05 old loss 2.726459024415817e-05 BETTER
I0320 19:26:42.744559 1524235 finetune.py:68] layer 3_up @ epoch 3 new loss 3.4917738958029076e-05 old loss 3.5119410313200206e-05 BETTER
I0320 19:26:45.157980 1524044 finetune.py:68] layer 2_gate @ epoch 0 new loss 2.0758739992743358e-05 old loss 2.0868894353043288e-05 BETTER
I0320 19:26:46.289472 1523695 finetune.py:45] layer 0_down initial loss 2.4829419089655858e-06
I0320 19:26:55.525020 1523865 finetune.py:68] layer 1_gate @ epoch 4 new loss 2.311153002665378e-05 old loss 2.4048891646089032e-05 BETTER
I0320 19:27:17.343949 1523695 finetune.py:68] layer 0_down @ epoch 0 new loss 2.4638004560983973e-06 old loss 2.4829419089655858e-06 BETTER
I0320 19:27:17.426944 1524235 finetune.py:68] layer 3_up @ epoch 4 new loss 3.473235119599849e-05 old loss 3.4917738958029076e-05 BETTER
I0320 19:27:18.204407 1524044 finetune.py:68] layer 2_gate @ epoch 1 new loss 2.06781714950921e-05 old loss 2.0758739992743358e-05 BETTER
I0320 19:27:28.299249 1523865 finetune.py:45] layer 1_down initial loss 0.002972659654915333
I0320 19:27:50.325167 1523695 finetune.py:68] layer 0_down @ epoch 1 new loss 2.4562150429119356e-06 old loss 2.4638004560983973e-06 BETTER
I0320 19:27:51.612828 1524044 finetune.py:68] layer 2_gate @ epoch 2 new loss 2.060977931250818e-05 old loss 2.06781714950921e-05 BETTER
I0320 19:27:52.111423 1524235 finetune.py:45] layer 3_gate initial loss 4.2966061300830916e-05
I0320 19:27:58.253437 1523865 finetune.py:68] layer 1_down @ epoch 0 new loss 0.002926889806985855 old loss 0.002972659654915333 BETTER
I0320 19:28:24.106584 1523695 finetune.py:68] layer 0_down @ epoch 2 new loss 2.452808985253796e-06 old loss 2.4562150429119356e-06 BETTER
I0320 19:28:24.405659 1524235 finetune.py:68] layer 3_gate @ epoch 0 new loss 4.272603473509662e-05 old loss 4.2966061300830916e-05 BETTER
I0320 19:28:25.771476 1524044 finetune.py:68] layer 2_gate @ epoch 3 new loss 2.05495634872932e-05 old loss 2.060977931250818e-05 BETTER
I0320 19:28:29.403394 1523865 finetune.py:68] layer 1_down @ epoch 1 new loss 0.0029138883110135794 old loss 0.002926889806985855 BETTER
I0320 19:28:57.651029 1523695 finetune.py:68] layer 0_down @ epoch 3 new loss 2.4504324755980633e-06 old loss 2.452808985253796e-06 BETTER
I0320 19:28:57.892213 1524235 finetune.py:68] layer 3_gate @ epoch 1 new loss 4.254198574926704e-05 old loss 4.272603473509662e-05 BETTER
I0320 19:28:59.731337 1524044 finetune.py:68] layer 2_gate @ epoch 4 new loss 2.049401700787712e-05 old loss 2.05495634872932e-05 BETTER
I0320 19:29:01.367349 1523865 finetune.py:68] layer 1_down @ epoch 2 new loss 0.0029114852659404278 old loss 0.0029138883110135794 BETTER
I0320 19:29:30.262623 1523695 finetune.py:68] layer 0_down @ epoch 4 new loss 2.448735358484555e-06 old loss 2.4504324755980633e-06 BETTER
I0320 19:29:30.945822 1524235 finetune.py:68] layer 3_gate @ epoch 2 new loss 4.238583642290905e-05 old loss 4.254198574926704e-05 BETTER
I0320 19:29:32.166207 1523865 finetune.py:68] layer 1_down @ epoch 3 new loss 0.0029108370654284954 old loss 0.0029114852659404278 BETTER
0_v proxy err 0.07907167822122574 tr(WHW.T) 4.225186347961426
bpp_loss 2.8014720678329468
0_q proxy err 0.0004707342595793307 tr(WHW.T) 2711.236328125
bpp_loss 2.938601493835449
0_k proxy err 0.0005335673340596259 tr(WHW.T) 1699.7862548828125
bpp_loss 3.0411417484283447
0_o proxy err 0.005542864557355642 tr(WHW.T) 0.9731641411781311
bpp_loss 2.615100622177124
0_up proxy err 0.00981828197836876 tr(WHW.T) 43.2901496887207
bpp_loss 3.1114601312681684
0_gate proxy err 0.006816041190177202 tr(WHW.T) 63.53058624267578
bpp_loss 3.129676996275436
0_down proxy err 0.006753421854227781 tr(WHW.T) 0.6594926118850708
bpp_loss 3.1570311479790267
I0320 19:29:34.651457 1524044 finetune.py:45] layer 2_down initial loss 3.0181325200828724e-05
I0320 19:30:04.346289 1523865 finetune.py:68] layer 1_down @ epoch 4 new loss 0.002910264302045107 old loss 0.0029108370654284954 BETTER
I0320 19:30:04.603823 1524235 finetune.py:68] layer 3_gate @ epoch 3 new loss 4.224521399009973e-05 old loss 4.238583642290905e-05 BETTER
I0320 19:30:05.297681 1524044 finetune.py:68] layer 2_down @ epoch 0 new loss 3.01655127259437e-05 old loss 3.0181325200828724e-05 BETTER
1_v proxy err 0.11526663601398468 tr(WHW.T) 16.465883255004883
bpp_loss 2.7479324340820312
1_q proxy err 0.0006583277136087418 tr(WHW.T) 4780.0361328125
bpp_loss 3.8160465955734253
1_k proxy err 0.0006417096010409296 tr(WHW.T) 5001.5234375
bpp_loss 3.812467932701111
1_o proxy err 0.019386151805520058 tr(WHW.T) 1.1128511428833008
bpp_loss 2.6609832048416138
1_up proxy err 0.010241390205919743 tr(WHW.T) 110.09931945800781
bpp_loss 3.1803471764852835
1_gate proxy err 0.005294230300933123 tr(WHW.T) 221.9840087890625
bpp_loss 3.2522971574650255
1_down proxy err 0.00600643502548337 tr(WHW.T) 2045.2271728515625
bpp_loss 3.1973157483477923
I0320 19:30:35.262194 1524044 finetune.py:68] layer 2_down @ epoch 1 new loss 3.0156739740050398e-05 old loss 3.01655127259437e-05 BETTER
I0320 19:30:35.419617 1524235 finetune.py:68] layer 3_gate @ epoch 4 new loss 4.2115610995097086e-05 old loss 4.224521399009973e-05 BETTER
I0320 19:31:01.801356 1524235 finetune.py:45] layer 3_down initial loss 6.25671018497087e-05
I0320 19:31:04.455508 1524044 finetune.py:68] layer 2_down @ epoch 2 new loss 3.01508407574147e-05 old loss 3.0156739740050398e-05 BETTER
I0320 19:31:26.411725 1523378 quantize_finetune_llama.py:234] computed original embedding for layer 4 in 74.49302744865417s
I0320 19:31:29.555329 1524235 finetune.py:68] layer 3_down @ epoch 0 new loss 6.253467290662229e-05 old loss 6.25671018497087e-05 BETTER
I0320 19:31:30.934792 1525975 config.py:54] PyTorch version 2.6.0 available.
W0320 19:31:31.456054 1525975 warnings.py:109] /opt/conda/lib/python3.10/site-packages/torchvision/io/image.py:13: UserWarning: Failed to load image Python extension: '/opt/conda/lib/python3.10/site-packages/torchvision/image.so: undefined symbol: _ZN3c1017RegisterOperatorsD1Ev'If you don't plan on using image functionality from `torchvision.io`, you can ignore this warning. Otherwise, there might be something wrong with your environment. Did you have `libjpeg` or `libpng` installed before building `torchvision` from source?
  warn(

W0320 19:31:32.650030 1525975 warnings.py:109] /opt/conda/lib/python3.10/site-packages/compressai/models/video/google.py:353: FutureWarning: `torch.cuda.amp.autocast(args...)` is deprecated. Please use `torch.amp.autocast('cuda', args...)` instead.
  @amp.autocast(enabled=False)

I0320 19:31:32.654750 1523378 quantize_finetune_llama.py:203] layer 5 gpu 1
I0320 19:31:32.670584 1525975 data_utils.py:336] using 256 training seqs, 128 validation seqs
I0320 19:31:33.740061 1524044 finetune.py:68] layer 2_down @ epoch 3 new loss 3.014650610566605e-05 old loss 3.01508407574147e-05 BETTER
The attention layers in this model are transitioning from computing the RoPE embeddings internally through `position_ids` (2D tensor with the indexes of the tokens), to using externally computed `position_embeddings` (Tuple of tensors, containing cos and sin). In v4.46 `position_ids` will be removed and `position_embeddings` will be mandatory.
I0320 19:31:48.033561 1525975 finetune.py:45] layer 4_v initial loss 5.2317660447442904e-05
W0320 19:31:48.033955 1525975 warnings.py:109] /workspace/Weight_compression/comp_lm_qtip/lib/algo/finetune.py:46: FutureWarning: `torch.cuda.amp.GradScaler(args...)` is deprecated. Please use `torch.amp.GradScaler('cuda', args...)` instead.
  scaler = torch.cuda.amp.GradScaler(enabled=(orig_dtype==torch.float16))

I0320 19:31:59.208580 1524235 finetune.py:68] layer 3_down @ epoch 1 new loss 6.25226239208132e-05 old loss 6.253467290662229e-05 BETTER
I0320 19:32:03.838447 1524044 finetune.py:68] layer 2_down @ epoch 4 new loss 3.0143201001919806e-05 old loss 3.014650610566605e-05 BETTER
2_v proxy err 0.029816165566444397 tr(WHW.T) 136.67332458496094
bpp_loss 2.9960973262786865
2_q proxy err 0.0007879018667154014 tr(WHW.T) 7772.25537109375
bpp_loss 3.828418493270874
2_k proxy err 0.0006184070953167975 tr(WHW.T) 10225.783203125
bpp_loss 3.921951413154602
2_o proxy err 0.01582578383386135 tr(WHW.T) 1.4651926755905151
bpp_loss 2.9688650369644165
2_up proxy err 0.011955986730754375 tr(WHW.T) 193.52098083496094
bpp_loss 3.2008610215297963
2_gate proxy err 0.007778527215123177 tr(WHW.T) 306.7027893066406
bpp_loss 3.287043194438136
2_down proxy err 0.013739796355366707 tr(WHW.T) 3.018057346343994
bpp_loss 3.2083337029745413
I0320 19:32:23.206314 1525975 finetune.py:68] layer 4_v @ epoch 0 new loss 2.879838939406909e-05 old loss 5.2317660447442904e-05 BETTER
I0320 19:32:27.887751 1524235 finetune.py:68] layer 3_down @ epoch 2 new loss 6.251500599319115e-05 old loss 6.25226239208132e-05 BETTER
I0320 19:32:57.104032 1524235 finetune.py:68] layer 3_down @ epoch 3 new loss 6.25094908173196e-05 old loss 6.251500599319115e-05 BETTER
I0320 19:33:00.436954 1525975 finetune.py:68] layer 4_v @ epoch 1 new loss 2.2359281501849182e-05 old loss 2.879838939406909e-05 BETTER
I0320 19:33:25.679746 1523378 quantize_finetune_llama.py:234] computed original embedding for layer 5 in 74.8233916759491s
I0320 19:33:26.171412 1524235 finetune.py:68] layer 3_down @ epoch 4 new loss 6.250493606785312e-05 old loss 6.25094908173196e-05 BETTER
3_v proxy err 0.02809854969382286 tr(WHW.T) 284.77557373046875
bpp_loss 2.9501672983169556
3_q proxy err 0.0014828077983111143 tr(WHW.T) 7229.84765625
bpp_loss 3.7312809228897095
3_k proxy err 0.0011018479708582163 tr(WHW.T) 10100.5947265625
bpp_loss 3.8007951974868774
3_o proxy err 0.015802906826138496 tr(WHW.T) 3.3643436431884766
bpp_loss 2.9319794178009033
3_up proxy err 0.013618801720440388 tr(WHW.T) 284.831787109375
bpp_loss 3.2093520053597384
3_gate proxy err 0.00839210208505392 tr(WHW.T) 477.976806640625
bpp_loss 3.305936059286428
3_down proxy err 0.014023695141077042 tr(WHW.T) 6.15281343460083
bpp_loss 3.211900289668593
I0320 19:33:29.639487 1526191 config.py:54] PyTorch version 2.6.0 available.
W0320 19:33:29.972624 1526191 warnings.py:109] /opt/conda/lib/python3.10/site-packages/torchvision/io/image.py:13: UserWarning: Failed to load image Python extension: '/opt/conda/lib/python3.10/site-packages/torchvision/image.so: undefined symbol: _ZN3c1017RegisterOperatorsD1Ev'If you don't plan on using image functionality from `torchvision.io`, you can ignore this warning. Otherwise, there might be something wrong with your environment. Did you have `libjpeg` or `libpng` installed before building `torchvision` from source?
  warn(

W0320 19:33:30.962875 1526191 warnings.py:109] /opt/conda/lib/python3.10/site-packages/compressai/models/video/google.py:353: FutureWarning: `torch.cuda.amp.autocast(args...)` is deprecated. Please use `torch.amp.autocast('cuda', args...)` instead.
  @amp.autocast(enabled=False)

I0320 19:33:30.967493 1523378 quantize_finetune_llama.py:203] layer 6 gpu 2
I0320 19:33:30.986297 1526191 data_utils.py:336] using 256 training seqs, 128 validation seqs
I0320 19:33:36.972207 1525975 finetune.py:68] layer 4_v @ epoch 2 new loss 1.9596178390202112e-05 old loss 2.2359281501849182e-05 BETTER
The attention layers in this model are transitioning from computing the RoPE embeddings internally through `position_ids` (2D tensor with the indexes of the tokens), to using externally computed `position_embeddings` (Tuple of tensors, containing cos and sin). In v4.46 `position_ids` will be removed and `position_embeddings` will be mandatory.
I0320 19:33:44.967987 1526191 finetune.py:45] layer 5_v initial loss 7.79431065893732e-05
W0320 19:33:44.968244 1526191 warnings.py:109] /workspace/Weight_compression/comp_lm_qtip/lib/algo/finetune.py:46: FutureWarning: `torch.cuda.amp.GradScaler(args...)` is deprecated. Please use `torch.amp.GradScaler('cuda', args...)` instead.
  scaler = torch.cuda.amp.GradScaler(enabled=(orig_dtype==torch.float16))

I0320 19:34:13.848649 1525975 finetune.py:68] layer 4_v @ epoch 3 new loss 1.7962151105166413e-05 old loss 1.9596178390202112e-05 BETTER
I0320 19:34:18.330848 1526191 finetune.py:68] layer 5_v @ epoch 0 new loss 4.288809577701613e-05 old loss 7.79431065893732e-05 BETTER
I0320 19:34:47.158845 1523378 quantize_finetune_llama.py:234] computed original embedding for layer 6 in 74.67555928230286s
I0320 19:34:50.949479 1525975 finetune.py:68] layer 4_v @ epoch 4 new loss 1.680636705714278e-05 old loss 1.7962151105166413e-05 BETTER
I0320 19:34:51.485590 1526356 config.py:54] PyTorch version 2.6.0 available.
W0320 19:34:51.866089 1526356 warnings.py:109] /opt/conda/lib/python3.10/site-packages/torchvision/io/image.py:13: UserWarning: Failed to load image Python extension: '/opt/conda/lib/python3.10/site-packages/torchvision/image.so: undefined symbol: _ZN3c1017RegisterOperatorsD1Ev'If you don't plan on using image functionality from `torchvision.io`, you can ignore this warning. Otherwise, there might be something wrong with your environment. Did you have `libjpeg` or `libpng` installed before building `torchvision` from source?
  warn(

W0320 19:34:52.894120 1526356 warnings.py:109] /opt/conda/lib/python3.10/site-packages/compressai/models/video/google.py:353: FutureWarning: `torch.cuda.amp.autocast(args...)` is deprecated. Please use `torch.amp.autocast('cuda', args...)` instead.
  @amp.autocast(enabled=False)

I0320 19:34:52.898282 1523378 quantize_finetune_llama.py:203] layer 7 gpu 3
I0320 19:34:52.916170 1526356 data_utils.py:336] using 256 training seqs, 128 validation seqs
I0320 19:34:52.947289 1526191 finetune.py:68] layer 5_v @ epoch 1 new loss 3.446664413786493e-05 old loss 4.288809577701613e-05 BETTER
The attention layers in this model are transitioning from computing the RoPE embeddings internally through `position_ids` (2D tensor with the indexes of the tokens), to using externally computed `position_embeddings` (Tuple of tensors, containing cos and sin). In v4.46 `position_ids` will be removed and `position_embeddings` will be mandatory.
I0320 19:35:07.144323 1525975 finetune.py:45] layer 4_q initial loss 2.0803810912184417e-05
I0320 19:35:07.774367 1526356 finetune.py:45] layer 6_v initial loss 0.00010111287701874971
W0320 19:35:07.774635 1526356 warnings.py:109] /workspace/Weight_compression/comp_lm_qtip/lib/algo/finetune.py:46: FutureWarning: `torch.cuda.amp.GradScaler(args...)` is deprecated. Please use `torch.amp.GradScaler('cuda', args...)` instead.
  scaler = torch.cuda.amp.GradScaler(enabled=(orig_dtype==torch.float16))

I0320 19:35:27.983082 1526191 finetune.py:68] layer 5_v @ epoch 2 new loss 3.077014480368234e-05 old loss 3.446664413786493e-05 BETTER
I0320 19:35:42.821643 1526356 finetune.py:68] layer 6_v @ epoch 0 new loss 5.2606330427806824e-05 old loss 0.00010111287701874971 BETTER
I0320 19:35:43.461748 1525975 finetune.py:68] layer 4_q @ epoch 0 new loss 1.8225122403237037e-05 old loss 2.0803810912184417e-05 BETTER
I0320 19:36:03.783573 1526191 finetune.py:68] layer 5_v @ epoch 3 new loss 2.8498199753812514e-05 old loss 3.077014480368234e-05 BETTER
I0320 19:36:11.137297 1523378 quantize_finetune_llama.py:234] computed original embedding for layer 7 in 77.78007912635803s
I0320 19:36:16.201583 1526524 config.py:54] PyTorch version 2.6.0 available.
W0320 19:36:16.845685 1526524 warnings.py:109] /opt/conda/lib/python3.10/site-packages/torchvision/io/image.py:13: UserWarning: Failed to load image Python extension: '/opt/conda/lib/python3.10/site-packages/torchvision/image.so: undefined symbol: _ZN3c1017RegisterOperatorsD1Ev'If you don't plan on using image functionality from `torchvision.io`, you can ignore this warning. Otherwise, there might be something wrong with your environment. Did you have `libjpeg` or `libpng` installed before building `torchvision` from source?
  warn(

W0320 19:36:18.239260 1526524 warnings.py:109] /opt/conda/lib/python3.10/site-packages/compressai/models/video/google.py:353: FutureWarning: `torch.cuda.amp.autocast(args...)` is deprecated. Please use `torch.amp.autocast('cuda', args...)` instead.
  @amp.autocast(enabled=False)

I0320 19:36:18.244180 1523378 quantize_finetune_llama.py:203] layer 8 gpu 0
I0320 19:36:18.260990 1526524 data_utils.py:336] using 256 training seqs, 128 validation seqs
I0320 19:36:18.331008 1526356 finetune.py:68] layer 6_v @ epoch 1 new loss 4.324628389440477e-05 old loss 5.2606330427806824e-05 BETTER
I0320 19:36:20.544966 1525975 finetune.py:68] layer 4_q @ epoch 1 new loss 1.7211677914019674e-05 old loss 1.8225122403237037e-05 BETTER
The attention layers in this model are transitioning from computing the RoPE embeddings internally through `position_ids` (2D tensor with the indexes of the tokens), to using externally computed `position_embeddings` (Tuple of tensors, containing cos and sin). In v4.46 `position_ids` will be removed and `position_embeddings` will be mandatory.
I0320 19:36:34.619714 1526524 finetune.py:45] layer 7_v initial loss 0.00012356651131995022
W0320 19:36:34.620132 1526524 warnings.py:109] /workspace/Weight_compression/comp_lm_qtip/lib/algo/finetune.py:46: FutureWarning: `torch.cuda.amp.GradScaler(args...)` is deprecated. Please use `torch.amp.GradScaler('cuda', args...)` instead.
  scaler = torch.cuda.amp.GradScaler(enabled=(orig_dtype==torch.float16))

I0320 19:36:39.815492 1526191 finetune.py:68] layer 5_v @ epoch 4 new loss 2.690638939384371e-05 old loss 2.8498199753812514e-05 BETTER
I0320 19:36:55.109626 1526356 finetune.py:68] layer 6_v @ epoch 2 new loss 3.890939842676744e-05 old loss 4.324628389440477e-05 BETTER
I0320 19:36:57.762011 1526191 finetune.py:45] layer 5_q initial loss 3.328611273900606e-05
I0320 19:36:58.652418 1525975 finetune.py:68] layer 4_q @ epoch 2 new loss 1.6460446204291657e-05 old loss 1.7211677914019674e-05 BETTER
I0320 19:37:08.942080 1526524 finetune.py:68] layer 7_v @ epoch 0 new loss 6.508048682007939e-05 old loss 0.00012356651131995022 BETTER
I0320 19:37:32.543834 1526356 finetune.py:68] layer 6_v @ epoch 3 new loss 3.62082282663323e-05 old loss 3.890939842676744e-05 BETTER
I0320 19:37:33.029219 1526191 finetune.py:68] layer 5_q @ epoch 0 new loss 2.8837972422479652e-05 old loss 3.328611273900606e-05 BETTER
I0320 19:37:36.590597 1525975 finetune.py:68] layer 4_q @ epoch 3 new loss 1.5864539818721823e-05 old loss 1.6460446204291657e-05 BETTER
I0320 19:37:44.688575 1526524 finetune.py:68] layer 7_v @ epoch 1 new loss 5.438782318378799e-05 old loss 6.508048682007939e-05 BETTER
I0320 19:38:10.362494 1526191 finetune.py:68] layer 5_q @ epoch 1 new loss 2.7411462724558078e-05 old loss 2.8837972422479652e-05 BETTER
I0320 19:38:10.586769 1526356 finetune.py:68] layer 6_v @ epoch 4 new loss 3.4328677429584786e-05 old loss 3.62082282663323e-05 BETTER
I0320 19:38:14.634528 1525975 finetune.py:68] layer 4_q @ epoch 4 new loss 1.536683521408122e-05 old loss 1.5864539818721823e-05 BETTER
I0320 19:38:20.136163 1526524 finetune.py:68] layer 7_v @ epoch 2 new loss 4.9474900151835755e-05 old loss 5.438782318378799e-05 BETTER
I0320 19:38:30.037403 1526356 finetune.py:45] layer 6_q initial loss 4.549496588879265e-05
I0320 19:38:32.355151 1525975 finetune.py:45] layer 4_k initial loss 1.8933456885861233e-05
I0320 19:38:46.575122 1526191 finetune.py:68] layer 5_q @ epoch 2 new loss 2.637123725435231e-05 old loss 2.7411462724558078e-05 BETTER
I0320 19:38:56.060843 1526524 finetune.py:68] layer 7_v @ epoch 3 new loss 4.640860788640566e-05 old loss 4.9474900151835755e-05 BETTER
I0320 19:39:05.176830 1526356 finetune.py:68] layer 6_q @ epoch 0 new loss 3.922628457075916e-05 old loss 4.549496588879265e-05 BETTER
I0320 19:39:07.915203 1525975 finetune.py:68] layer 4_k @ epoch 0 new loss 1.7530348486616276e-05 old loss 1.8933456885861233e-05 BETTER
I0320 19:39:22.120613 1526191 finetune.py:68] layer 5_q @ epoch 3 new loss 2.554602724558208e-05 old loss 2.637123725435231e-05 BETTER
I0320 19:39:31.612082 1526524 finetune.py:68] layer 7_v @ epoch 4 new loss 4.42647396994289e-05 old loss 4.640860788640566e-05 BETTER
I0320 19:39:41.010469 1526356 finetune.py:68] layer 6_q @ epoch 1 new loss 3.739280509762466e-05 old loss 3.922628457075916e-05 BETTER
I0320 19:39:44.592444 1525975 finetune.py:68] layer 4_k @ epoch 1 new loss 1.7021804524119943e-05 old loss 1.7530348486616276e-05 BETTER
I0320 19:39:52.537980 1526524 finetune.py:45] layer 7_q initial loss 5.834075636812486e-05
I0320 19:39:58.228892 1526191 finetune.py:68] layer 5_q @ epoch 4 new loss 2.4861135898390785e-05 old loss 2.554602724558208e-05 BETTER
