I0321 00:37:13.154165 1532776 finetune.py:68] layer 19_k @ epoch 2 new loss 9.8542841442395e-05 old loss 9.957439033314586e-05 BETTER
I0321 00:37:23.234058 1532722 finetune.py:45] layer 18_o initial loss 0.0002525420277379453
I0321 00:37:43.928588 1532614 finetune.py:68] layer 16_o @ epoch 4 new loss 0.00024078979913610965 old loss 0.00024492060765624046 BETTER
I0321 00:37:43.946301 1532668 finetune.py:68] layer 17_o @ epoch 2 new loss 0.00020408832642715424 old loss 0.0002087251777993515 BETTER
I0321 00:37:48.484060 1532776 finetune.py:68] layer 19_k @ epoch 3 new loss 9.770462929736823e-05 old loss 9.8542841442395e-05 BETTER
I0321 00:37:57.363491 1532722 finetune.py:68] layer 18_o @ epoch 0 new loss 0.0002350196155020967 old loss 0.0002525420277379453 BETTER
I0321 00:38:14.055319 1532614 finetune.py:45] layer 16_up initial loss 0.0003924329939763993
I0321 00:38:19.373787 1532668 finetune.py:68] layer 17_o @ epoch 3 new loss 0.00020055784261785448 old loss 0.00020408832642715424 BETTER
I0321 00:38:24.001343 1532776 finetune.py:68] layer 19_k @ epoch 4 new loss 9.703460818855092e-05 old loss 9.770462929736823e-05 BETTER
I0321 00:38:31.980572 1532722 finetune.py:68] layer 18_o @ epoch 1 new loss 0.0002277308376505971 old loss 0.0002350196155020967 BETTER
I0321 00:38:43.038770 1532776 finetune.py:45] layer 19_o initial loss 0.00023030521697364748
I0321 00:38:48.074962 1532614 finetune.py:68] layer 16_up @ epoch 0 new loss 0.0003804742300417274 old loss 0.0003924329939763993 BETTER
I0321 00:38:54.706736 1532668 finetune.py:68] layer 17_o @ epoch 4 new loss 0.0001978013606276363 old loss 0.00020055784261785448 BETTER
I0321 00:39:07.583349 1532722 finetune.py:68] layer 18_o @ epoch 2 new loss 0.00022282369900494814 old loss 0.0002277308376505971 BETTER
I0321 00:39:16.755401 1532776 finetune.py:68] layer 19_o @ epoch 0 new loss 0.00021530581580009311 old loss 0.00023030521697364748 BETTER
I0321 00:39:22.989602 1532614 finetune.py:68] layer 16_up @ epoch 1 new loss 0.00037399737630039454 old loss 0.0003804742300417274 BETTER
I0321 00:39:26.188977 1532668 finetune.py:45] layer 17_up initial loss 0.0003655205073300749
I0321 00:39:42.683908 1532722 finetune.py:68] layer 18_o @ epoch 3 new loss 0.00021914586250204593 old loss 0.00022282369900494814 BETTER
I0321 00:39:50.908385 1532776 finetune.py:68] layer 19_o @ epoch 1 new loss 0.00020945399592164904 old loss 0.00021530581580009311 BETTER
I0321 00:39:58.533567 1532614 finetune.py:68] layer 16_up @ epoch 2 new loss 0.00036895344965159893 old loss 0.00037399737630039454 BETTER
I0321 00:39:59.000487 1532668 finetune.py:68] layer 17_up @ epoch 0 new loss 0.00035523431142792106 old loss 0.0003655205073300749 BETTER
I0321 00:40:18.735283 1532722 finetune.py:68] layer 18_o @ epoch 4 new loss 0.00021631803247146308 old loss 0.00021914586250204593 BETTER
I0321 00:40:25.690702 1532776 finetune.py:68] layer 19_o @ epoch 2 new loss 0.00020564212172757834 old loss 0.00020945399592164904 BETTER
I0321 00:40:32.814426 1532668 finetune.py:68] layer 17_up @ epoch 1 new loss 0.0003494500124361366 old loss 0.00035523431142792106 BETTER
I0321 00:40:33.775193 1532614 finetune.py:68] layer 16_up @ epoch 3 new loss 0.00036486610770225525 old loss 0.00036895344965159893 BETTER
I0321 00:40:49.556777 1532722 finetune.py:45] layer 18_up initial loss 0.000417294999351725
I0321 00:41:01.002801 1532776 finetune.py:68] layer 19_o @ epoch 3 new loss 0.00020281679462641478 old loss 0.00020564212172757834 BETTER
I0321 00:41:07.061442 1532668 finetune.py:68] layer 17_up @ epoch 2 new loss 0.0003451201773714274 old loss 0.0003494500124361366 BETTER
I0321 00:41:09.546180 1532614 finetune.py:68] layer 16_up @ epoch 4 new loss 0.00036141875898465514 old loss 0.00036486610770225525 BETTER
I0321 00:41:22.145021 1532722 finetune.py:68] layer 18_up @ epoch 0 new loss 0.000405511527787894 old loss 0.000417294999351725 BETTER
I0321 00:41:36.774219 1532776 finetune.py:68] layer 19_o @ epoch 4 new loss 0.00020068084995727986 old loss 0.00020281679462641478 BETTER
I0321 00:41:40.910561 1532614 finetune.py:45] layer 16_gate initial loss 0.0004773146065417677
I0321 00:41:41.001691 1532668 finetune.py:68] layer 17_up @ epoch 3 new loss 0.0003416238469071686 old loss 0.0003451201773714274 BETTER
I0321 00:41:55.894843 1532722 finetune.py:68] layer 18_up @ epoch 1 new loss 0.00039914652006700635 old loss 0.000405511527787894 BETTER
I0321 00:42:08.526821 1532776 finetune.py:45] layer 19_up initial loss 0.0004262360744178295
I0321 00:42:13.286709 1532614 finetune.py:68] layer 16_gate @ epoch 0 new loss 0.0004711817018687725 old loss 0.0004773146065417677 BETTER
I0321 00:42:14.874581 1532668 finetune.py:68] layer 17_up @ epoch 4 new loss 0.00033866666490212083 old loss 0.0003416238469071686 BETTER
I0321 00:42:29.385595 1532722 finetune.py:68] layer 18_up @ epoch 2 new loss 0.00039434374775737524 old loss 0.00039914652006700635 BETTER
I0321 00:42:40.281899 1532776 finetune.py:68] layer 19_up @ epoch 0 new loss 0.0004143724509049207 old loss 0.0004262360744178295 BETTER
I0321 00:42:46.380753 1532668 finetune.py:45] layer 17_gate initial loss 0.00046672631287947297
I0321 00:42:47.435483 1532614 finetune.py:68] layer 16_gate @ epoch 1 new loss 0.00046726592699997127 old loss 0.0004711817018687725 BETTER
I0321 00:43:03.635869 1532722 finetune.py:68] layer 18_up @ epoch 3 new loss 0.0003904087352566421 old loss 0.00039434374775737524 BETTER
I0321 00:43:14.969230 1532776 finetune.py:68] layer 19_up @ epoch 1 new loss 0.0004080515936948359 old loss 0.0004143724509049207 BETTER
I0321 00:43:17.834778 1532668 finetune.py:68] layer 17_gate @ epoch 0 new loss 0.000461538351373747 old loss 0.00046672631287947297 BETTER
I0321 00:43:21.195938 1532614 finetune.py:68] layer 16_gate @ epoch 2 new loss 0.0004640821716748178 old loss 0.00046726592699997127 BETTER
I0321 00:43:37.960101 1532722 finetune.py:68] layer 18_up @ epoch 4 new loss 0.0003872342349495739 old loss 0.0003904087352566421 BETTER
I0321 00:43:49.143946 1532776 finetune.py:68] layer 19_up @ epoch 2 new loss 0.000403311918489635 old loss 0.0004080515936948359 BETTER
I0321 00:43:50.095761 1532668 finetune.py:68] layer 17_gate @ epoch 1 new loss 0.0004580861423164606 old loss 0.000461538351373747 BETTER
I0321 00:43:54.828381 1532614 finetune.py:68] layer 16_gate @ epoch 3 new loss 0.0004614761855918914 old loss 0.0004640821716748178 BETTER
I0321 00:44:10.279148 1532722 finetune.py:45] layer 18_gate initial loss 0.0005377467023208737
I0321 00:44:24.077989 1532668 finetune.py:68] layer 17_gate @ epoch 2 new loss 0.00045532433432526886 old loss 0.0004580861423164606 BETTER
I0321 00:44:24.082545 1532776 finetune.py:68] layer 19_up @ epoch 3 new loss 0.00039960487629286945 old loss 0.000403311918489635 BETTER
I0321 00:44:28.978305 1532614 finetune.py:68] layer 16_gate @ epoch 4 new loss 0.00045918786781840026 old loss 0.0004614761855918914 BETTER
I0321 00:44:41.197173 1532722 finetune.py:68] layer 18_gate @ epoch 0 new loss 0.0005324488738551736 old loss 0.0005377467023208737 BETTER
I0321 00:44:56.971438 1532668 finetune.py:68] layer 17_gate @ epoch 3 new loss 0.0004530353471636772 old loss 0.00045532433432526886 BETTER
I0321 00:44:58.163628 1532776 finetune.py:68] layer 19_up @ epoch 4 new loss 0.00039655089494772255 old loss 0.00039960487629286945 BETTER
I0321 00:45:02.475121 1532614 finetune.py:45] layer 16_down initial loss 0.0007461211644113064
I0321 00:45:13.653898 1532722 finetune.py:68] layer 18_gate @ epoch 1 new loss 0.0005287283565849066 old loss 0.0005324488738551736 BETTER
I0321 00:45:29.898331 1532668 finetune.py:68] layer 17_gate @ epoch 4 new loss 0.000451092841103673 old loss 0.0004530353471636772 BETTER
I0321 00:45:32.020385 1532776 finetune.py:45] layer 19_gate initial loss 0.0005732339923270047
I0321 00:45:32.768165 1532614 finetune.py:68] layer 16_down @ epoch 0 new loss 0.0007460351334884763 old loss 0.0007461211644113064 BETTER
I0321 00:45:45.759070 1532722 finetune.py:68] layer 18_gate @ epoch 2 new loss 0.0005257939337752759 old loss 0.0005287283565849066 BETTER
I0321 00:46:03.789343 1532776 finetune.py:68] layer 19_gate @ epoch 0 new loss 0.0005674805142916739 old loss 0.0005732339923270047 BETTER
I0321 00:46:05.185079 1532668 finetune.py:45] layer 17_down initial loss 0.0007582266116514802
I0321 00:46:05.612804 1532614 finetune.py:68] layer 16_down @ epoch 1 new loss 0.0007459830376319587 old loss 0.0007460351334884763 BETTER
I0321 00:46:19.930360 1532722 finetune.py:68] layer 18_gate @ epoch 3 new loss 0.0005233825650066137 old loss 0.0005257939337752759 BETTER
I0321 00:46:36.362332 1532668 finetune.py:68] layer 17_down @ epoch 0 new loss 0.0007581246318295598 old loss 0.0007582266116514802 BETTER
I0321 00:46:37.249921 1532776 finetune.py:68] layer 19_gate @ epoch 1 new loss 0.0005636988207697868 old loss 0.0005674805142916739 BETTER
I0321 00:46:38.350356 1532614 finetune.py:68] layer 16_down @ epoch 2 new loss 0.0007459457265213132 old loss 0.0007459830376319587 BETTER
I0321 00:46:53.393518 1532722 finetune.py:68] layer 18_gate @ epoch 4 new loss 0.0005213148542679846 old loss 0.0005233825650066137 BETTER
I0321 00:47:07.719157 1532668 finetune.py:68] layer 17_down @ epoch 1 new loss 0.0007580783567391336 old loss 0.0007581246318295598 BETTER
I0321 00:47:09.323757 1532776 finetune.py:68] layer 19_gate @ epoch 2 new loss 0.0005606949562206864 old loss 0.0005636988207697868 BETTER
I0321 00:47:10.564059 1532614 finetune.py:68] layer 16_down @ epoch 3 new loss 0.0007459181942977011 old loss 0.0007459457265213132 BETTER
I0321 00:47:28.152292 1532722 finetune.py:45] layer 18_down initial loss 0.0008921416592784226
I0321 00:47:39.699851 1532668 finetune.py:68] layer 17_down @ epoch 2 new loss 0.0007580496603623033 old loss 0.0007580783567391336 BETTER
I0321 00:47:42.585112 1532776 finetune.py:68] layer 19_gate @ epoch 3 new loss 0.0005582520388998091 old loss 0.0005606949562206864 BETTER
I0321 00:47:43.353092 1532614 finetune.py:68] layer 16_down @ epoch 4 new loss 0.0007458949694409966 old loss 0.0007459181942977011 BETTER
16_v proxy err 0.01081458106637001 tr(WHW.T) 780.7407836914062
bpp_loss 3.6209797859191895
16_q proxy err 0.0013666641898453236 tr(WHW.T) 7197.17431640625
bpp_loss 4.121272325515747
16_k proxy err 0.0008677087025716901 tr(WHW.T) 11652.08984375
bpp_loss 4.166062116622925
16_o proxy err 0.009175283834338188 tr(WHW.T) 88.55754852294922
bpp_loss 3.6104336977005005
16_up proxy err 0.005173232406377792 tr(WHW.T) 1891.1649169921875
bpp_loss 3.774035786473474
16_gate proxy err 0.002965718973428011 tr(WHW.T) 3369.06640625
bpp_loss 3.815455059672511
16_down proxy err 0.007893162779510021 tr(WHW.T) 152.7859344482422
bpp_loss 3.7545085064200467
I0321 00:47:59.059061 1532722 finetune.py:68] layer 18_down @ epoch 0 new loss 0.000892029027454555 old loss 0.0008921416592784226 BETTER
I0321 00:48:11.710820 1532668 finetune.py:68] layer 17_down @ epoch 3 new loss 0.0007580256788060069 old loss 0.0007580496603623033 BETTER
I0321 00:48:15.420312 1532776 finetune.py:68] layer 19_gate @ epoch 4 new loss 0.0005562027217820287 old loss 0.0005582520388998091 BETTER
I0321 00:48:28.922033 1532722 finetune.py:68] layer 18_down @ epoch 1 new loss 0.0008919708780013025 old loss 0.000892029027454555 BETTER
I0321 00:48:41.233919 1532668 finetune.py:68] layer 17_down @ epoch 4 new loss 0.0007580072269774973 old loss 0.0007580256788060069 BETTER
17_v proxy err 0.010176604613661766 tr(WHW.T) 845.7654418945312
bpp_loss 3.617333769798279
17_q proxy err 0.0013859790051355958 tr(WHW.T) 7166.83251953125
bpp_loss 4.10785698890686
17_k proxy err 0.0009472332312725484 tr(WHW.T) 10719.216796875
bpp_loss 4.144883394241333
17_o proxy err 0.010021000169217587 tr(WHW.T) 58.36525344848633
bpp_loss 3.6111456155776978
17_up proxy err 0.005625956226140261 tr(WHW.T) 1921.9869384765625
bpp_loss 3.7693121266919514
17_gate proxy err 0.0030973702669143677 tr(WHW.T) 3576.6904296875
bpp_loss 3.8276858662450035
17_down proxy err 0.007818946614861488 tr(WHW.T) 166.12156677246094
bpp_loss 3.753233022468035
I0321 00:48:45.930437 1532776 finetune.py:45] layer 19_down initial loss 0.0009606289095245302
I0321 00:48:58.706415 1532722 finetune.py:68] layer 18_down @ epoch 2 new loss 0.0008919296087697148 old loss 0.0008919708780013025 BETTER
I0321 00:49:13.914524 1532776 finetune.py:68] layer 19_down @ epoch 0 new loss 0.0009604977094568312 old loss 0.0009606289095245302 BETTER
I0321 00:49:28.732799 1532722 finetune.py:68] layer 18_down @ epoch 3 new loss 0.0008918975363485515 old loss 0.0008919296087697148 BETTER
I0321 00:49:42.997517 1532776 finetune.py:68] layer 19_down @ epoch 1 new loss 0.000960435951128602 old loss 0.0009604977094568312 BETTER
I0321 00:49:58.375900 1532722 finetune.py:68] layer 18_down @ epoch 4 new loss 0.0008918726234696805 old loss 0.0008918975363485515 BETTER
18_v proxy err 0.009368526749312878 tr(WHW.T) 1003.7705078125
bpp_loss 3.6675031185150146
18_q proxy err 0.0014241280732676387 tr(WHW.T) 7513.525390625
bpp_loss 4.070798397064209
18_k proxy err 0.0010395684512332082 tr(WHW.T) 10484.7080078125
bpp_loss 4.106471538543701
18_o proxy err 0.008859071880578995 tr(WHW.T) 70.18033599853516
bpp_loss 3.652099609375
18_up proxy err 0.005991219077259302 tr(WHW.T) 2022.25390625
bpp_loss 3.7656863900118096
18_gate proxy err 0.003291082102805376 tr(WHW.T) 3780.718017578125
bpp_loss 3.8396338529365006
18_down proxy err 0.007850638590753078 tr(WHW.T) 199.35882568359375
bpp_loss 3.752066922742267
I0321 00:50:05.645784 1531629 quantize_finetune_llama.py:234] computed original embedding for layer 20 in 77.12695026397705s
I0321 00:50:09.632552 1532830 config.py:54] PyTorch version 2.6.0 available.
W0321 00:50:10.018067 1532830 warnings.py:109] /opt/conda/lib/python3.10/site-packages/torchvision/io/image.py:13: UserWarning: Failed to load image Python extension: '/opt/conda/lib/python3.10/site-packages/torchvision/image.so: undefined symbol: _ZN3c1017RegisterOperatorsD1Ev'If you don't plan on using image functionality from `torchvision.io`, you can ignore this warning. Otherwise, there might be something wrong with your environment. Did you have `libjpeg` or `libpng` installed before building `torchvision` from source?
  warn(

W0321 00:50:11.006558 1532830 warnings.py:109] /opt/conda/lib/python3.10/site-packages/compressai/models/video/google.py:353: FutureWarning: `torch.cuda.amp.autocast(args...)` is deprecated. Please use `torch.amp.autocast('cuda', args...)` instead.
  @amp.autocast(enabled=False)

I0321 00:50:11.010512 1531629 quantize_finetune_llama.py:203] layer 21 gpu 1
I0321 00:50:11.024263 1532830 data_utils.py:336] using 256 training seqs, 128 validation seqs
I0321 00:50:11.168178 1532776 finetune.py:68] layer 19_down @ epoch 2 new loss 0.0009603978833183646 old loss 0.000960435951128602 BETTER
The attention layers in this model are transitioning from computing the RoPE embeddings internally through `position_ids` (2D tensor with the indexes of the tokens), to using externally computed `position_embeddings` (Tuple of tensors, containing cos and sin). In v4.46 `position_ids` will be removed and `position_embeddings` will be mandatory.
I0321 00:50:24.995157 1532830 finetune.py:45] layer 20_v initial loss 0.00022324529709294438
W0321 00:50:24.995376 1532830 warnings.py:109] /workspace/Weight_compression/comp_lm_qtip/lib/algo/finetune.py:46: FutureWarning: `torch.cuda.amp.GradScaler(args...)` is deprecated. Please use `torch.amp.GradScaler('cuda', args...)` instead.
  scaler = torch.cuda.amp.GradScaler(enabled=(orig_dtype==torch.float16))

I0321 00:50:39.716913 1532776 finetune.py:68] layer 19_down @ epoch 3 new loss 0.0009603687794879079 old loss 0.0009603978833183646 BETTER
I0321 00:50:59.859718 1532830 finetune.py:68] layer 20_v @ epoch 0 new loss 0.00011494554200908169 old loss 0.00022324529709294438 BETTER
I0321 00:51:09.191449 1532776 finetune.py:68] layer 19_down @ epoch 4 new loss 0.0009603470098227262 old loss 0.0009603687794879079 BETTER
19_v proxy err 0.00914890505373478 tr(WHW.T) 1019.1412353515625
bpp_loss 3.677343010902405
19_q proxy err 0.0015152741689234972 tr(WHW.T) 6948.58154296875
bpp_loss 4.051127672195435
19_k proxy err 0.0010163096012547612 tr(WHW.T) 10574.2041015625
bpp_loss 4.082043170928955
19_o proxy err 0.008736618794500828 tr(WHW.T) 62.43318557739258
bpp_loss 3.666049003601074
19_up proxy err 0.006021797191351652 tr(WHW.T) 2149.580810546875
bpp_loss 3.7656159511832303
19_gate proxy err 0.0036021864507347345 tr(WHW.T) 3689.68212890625
bpp_loss 3.8444096764852835
19_down proxy err 0.007647961378097534 tr(WHW.T) 223.81698608398438
bpp_loss 3.7547702123952464
I0321 00:51:23.572002 1531629 quantize_finetune_llama.py:234] computed original embedding for layer 21 in 72.0979950428009s
I0321 00:51:27.319248 1532884 config.py:54] PyTorch version 2.6.0 available.
W0321 00:51:27.692178 1532884 warnings.py:109] /opt/conda/lib/python3.10/site-packages/torchvision/io/image.py:13: UserWarning: Failed to load image Python extension: '/opt/conda/lib/python3.10/site-packages/torchvision/image.so: undefined symbol: _ZN3c1017RegisterOperatorsD1Ev'If you don't plan on using image functionality from `torchvision.io`, you can ignore this warning. Otherwise, there might be something wrong with your environment. Did you have `libjpeg` or `libpng` installed before building `torchvision` from source?
  warn(

W0321 00:51:28.714612 1532884 warnings.py:109] /opt/conda/lib/python3.10/site-packages/compressai/models/video/google.py:353: FutureWarning: `torch.cuda.amp.autocast(args...)` is deprecated. Please use `torch.amp.autocast('cuda', args...)` instead.
  @amp.autocast(enabled=False)

I0321 00:51:28.718991 1531629 quantize_finetune_llama.py:203] layer 22 gpu 2
I0321 00:51:28.738132 1532884 data_utils.py:336] using 256 training seqs, 128 validation seqs
The attention layers in this model are transitioning from computing the RoPE embeddings internally through `position_ids` (2D tensor with the indexes of the tokens), to using externally computed `position_embeddings` (Tuple of tensors, containing cos and sin). In v4.46 `position_ids` will be removed and `position_embeddings` will be mandatory.
I0321 00:51:36.047497 1532830 finetune.py:68] layer 20_v @ epoch 1 new loss 0.00010283332812832668 old loss 0.00011494554200908169 BETTER
I0321 00:51:43.344892 1532884 finetune.py:45] layer 21_v initial loss 0.00019882975902874023
W0321 00:51:43.345307 1532884 warnings.py:109] /workspace/Weight_compression/comp_lm_qtip/lib/algo/finetune.py:46: FutureWarning: `torch.cuda.amp.GradScaler(args...)` is deprecated. Please use `torch.amp.GradScaler('cuda', args...)` instead.
  scaler = torch.cuda.amp.GradScaler(enabled=(orig_dtype==torch.float16))

I0321 00:52:13.014602 1532830 finetune.py:68] layer 20_v @ epoch 2 new loss 9.685057011665776e-05 old loss 0.00010283332812832668 BETTER
I0321 00:52:16.756526 1532884 finetune.py:68] layer 21_v @ epoch 0 new loss 0.0001043665615725331 old loss 0.00019882975902874023 BETTER
I0321 00:52:45.087934 1531629 quantize_finetune_llama.py:234] computed original embedding for layer 22 in 75.80019664764404s
I0321 00:52:49.700777 1532938 config.py:54] PyTorch version 2.6.0 available.
W0321 00:52:50.145670 1532938 warnings.py:109] /opt/conda/lib/python3.10/site-packages/torchvision/io/image.py:13: UserWarning: Failed to load image Python extension: '/opt/conda/lib/python3.10/site-packages/torchvision/image.so: undefined symbol: _ZN3c1017RegisterOperatorsD1Ev'If you don't plan on using image functionality from `torchvision.io`, you can ignore this warning. Otherwise, there might be something wrong with your environment. Did you have `libjpeg` or `libpng` installed before building `torchvision` from source?
  warn(

I0321 00:52:50.215302 1532830 finetune.py:68] layer 20_v @ epoch 3 new loss 9.312762995250523e-05 old loss 9.685057011665776e-05 BETTER
W0321 00:52:51.199377 1532938 warnings.py:109] /opt/conda/lib/python3.10/site-packages/compressai/models/video/google.py:353: FutureWarning: `torch.cuda.amp.autocast(args...)` is deprecated. Please use `torch.amp.autocast('cuda', args...)` instead.
  @amp.autocast(enabled=False)

I0321 00:52:51.203779 1531629 quantize_finetune_llama.py:203] layer 23 gpu 3
I0321 00:52:51.219177 1532938 data_utils.py:336] using 256 training seqs, 128 validation seqs
I0321 00:52:51.646440 1532884 finetune.py:68] layer 21_v @ epoch 1 new loss 9.464297909289598e-05 old loss 0.0001043665615725331 BETTER
The attention layers in this model are transitioning from computing the RoPE embeddings internally through `position_ids` (2D tensor with the indexes of the tokens), to using externally computed `position_embeddings` (Tuple of tensors, containing cos and sin). In v4.46 `position_ids` will be removed and `position_embeddings` will be mandatory.
I0321 00:53:06.093057 1532938 finetune.py:45] layer 22_v initial loss 0.00023876158229541034
W0321 00:53:06.093762 1532938 warnings.py:109] /workspace/Weight_compression/comp_lm_qtip/lib/algo/finetune.py:46: FutureWarning: `torch.cuda.amp.GradScaler(args...)` is deprecated. Please use `torch.amp.GradScaler('cuda', args...)` instead.
  scaler = torch.cuda.amp.GradScaler(enabled=(orig_dtype==torch.float16))

I0321 00:53:27.451235 1532884 finetune.py:68] layer 21_v @ epoch 2 new loss 8.992649236461148e-05 old loss 9.464297909289598e-05 BETTER
I0321 00:53:27.937190 1532830 finetune.py:68] layer 20_v @ epoch 4 new loss 9.093108383240178e-05 old loss 9.312762995250523e-05 BETTER
I0321 00:53:40.499625 1532938 finetune.py:68] layer 22_v @ epoch 0 new loss 0.00012852666259277612 old loss 0.00023876158229541034 BETTER
I0321 00:53:45.294676 1532830 finetune.py:45] layer 20_q initial loss 0.00011967457248829305
I0321 00:54:03.289872 1532884 finetune.py:68] layer 21_v @ epoch 3 new loss 8.685123611940071e-05 old loss 8.992649236461148e-05 BETTER
I0321 00:54:07.456765 1531629 quantize_finetune_llama.py:234] computed original embedding for layer 23 in 75.71832036972046s
I0321 00:54:12.057183 1532992 config.py:54] PyTorch version 2.6.0 available.
W0321 00:54:12.506311 1532992 warnings.py:109] /opt/conda/lib/python3.10/site-packages/torchvision/io/image.py:13: UserWarning: Failed to load image Python extension: '/opt/conda/lib/python3.10/site-packages/torchvision/image.so: undefined symbol: _ZN3c1017RegisterOperatorsD1Ev'If you don't plan on using image functionality from `torchvision.io`, you can ignore this warning. Otherwise, there might be something wrong with your environment. Did you have `libjpeg` or `libpng` installed before building `torchvision` from source?
  warn(

W0321 00:54:13.685799 1532992 warnings.py:109] /opt/conda/lib/python3.10/site-packages/compressai/models/video/google.py:353: FutureWarning: `torch.cuda.amp.autocast(args...)` is deprecated. Please use `torch.amp.autocast('cuda', args...)` instead.
  @amp.autocast(enabled=False)

I0321 00:54:13.691115 1531629 quantize_finetune_llama.py:203] layer 24 gpu 0
I0321 00:54:13.707286 1532992 data_utils.py:336] using 256 training seqs, 128 validation seqs
I0321 00:54:15.734185 1532938 finetune.py:68] layer 22_v @ epoch 1 new loss 0.00011659126175800338 old loss 0.00012852666259277612 BETTER
I0321 00:54:20.489842 1532830 finetune.py:68] layer 20_q @ epoch 0 new loss 0.00010874500731006265 old loss 0.00011967457248829305 BETTER
The attention layers in this model are transitioning from computing the RoPE embeddings internally through `position_ids` (2D tensor with the indexes of the tokens), to using externally computed `position_embeddings` (Tuple of tensors, containing cos and sin). In v4.46 `position_ids` will be removed and `position_embeddings` will be mandatory.
I0321 00:54:30.611700 1532992 finetune.py:45] layer 23_v initial loss 0.00024097487039398402
W0321 00:54:30.612326 1532992 warnings.py:109] /workspace/Weight_compression/comp_lm_qtip/lib/algo/finetune.py:46: FutureWarning: `torch.cuda.amp.GradScaler(args...)` is deprecated. Please use `torch.amp.GradScaler('cuda', args...)` instead.
  scaler = torch.cuda.amp.GradScaler(enabled=(orig_dtype==torch.float16))

I0321 00:54:39.226529 1532884 finetune.py:68] layer 21_v @ epoch 4 new loss 8.47565388539806e-05 old loss 8.685123611940071e-05 BETTER
I0321 00:54:51.792848 1532938 finetune.py:68] layer 22_v @ epoch 2 new loss 0.000110572153062094 old loss 0.00011659126175800338 BETTER
I0321 00:54:57.373798 1532884 finetune.py:45] layer 21_q initial loss 0.00010916247265413404
I0321 00:54:58.453231 1532830 finetune.py:68] layer 20_q @ epoch 1 new loss 0.00010525832476560026 old loss 0.00010874500731006265 BETTER
I0321 00:55:04.585947 1532992 finetune.py:68] layer 23_v @ epoch 0 new loss 0.00012777872325386852 old loss 0.00024097487039398402 BETTER
I0321 00:55:29.418373 1532938 finetune.py:68] layer 22_v @ epoch 3 new loss 0.00010672934877220541 old loss 0.000110572153062094 BETTER
I0321 00:55:32.982301 1532884 finetune.py:68] layer 21_q @ epoch 0 new loss 0.00010124673281097785 old loss 0.00010916247265413404 BETTER
I0321 00:55:36.382919 1532830 finetune.py:68] layer 20_q @ epoch 2 new loss 0.00010280034621246159 old loss 0.00010525832476560026 BETTER
I0321 00:55:40.593290 1532992 finetune.py:68] layer 23_v @ epoch 1 new loss 0.0001161121399491094 old loss 0.00012777872325386852 BETTER
I0321 00:56:06.788905 1532938 finetune.py:68] layer 22_v @ epoch 4 new loss 0.0001039273411151953 old loss 0.00010672934877220541 BETTER
I0321 00:56:09.565529 1532884 finetune.py:68] layer 21_q @ epoch 1 new loss 9.834209777181968e-05 old loss 0.00010124673281097785 BETTER
I0321 00:56:13.873119 1532830 finetune.py:68] layer 20_q @ epoch 3 new loss 0.00010084574751090258 old loss 0.00010280034621246159 BETTER
I0321 00:56:15.986781 1532992 finetune.py:68] layer 23_v @ epoch 2 new loss 0.00011038836237275973 old loss 0.0001161121399491094 BETTER
I0321 00:56:26.116036 1532938 finetune.py:45] layer 22_q initial loss 0.0001440654305042699
I0321 00:56:45.525495 1532884 finetune.py:68] layer 21_q @ epoch 2 new loss 9.633394074626267e-05 old loss 9.834209777181968e-05 BETTER
I0321 00:56:51.964128 1532830 finetune.py:68] layer 20_q @ epoch 4 new loss 9.9258977570571e-05 old loss 0.00010084574751090258 BETTER
I0321 00:56:52.715077 1532992 finetune.py:68] layer 23_v @ epoch 3 new loss 0.0001068219862645492 old loss 0.00011038836237275973 BETTER
I0321 00:57:00.535236 1532938 finetune.py:68] layer 22_q @ epoch 0 new loss 0.00013075840251985937 old loss 0.0001440654305042699 BETTER
I0321 00:57:09.426475 1532830 finetune.py:45] layer 20_k initial loss 0.00011990116036031395
I0321 00:57:21.365090 1532884 finetune.py:68] layer 21_q @ epoch 3 new loss 9.47499938774854e-05 old loss 9.633394074626267e-05 BETTER
I0321 00:57:28.413147 1532992 finetune.py:68] layer 23_v @ epoch 4 new loss 0.0001042173316818662 old loss 0.0001068219862645492 BETTER
I0321 00:57:35.828232 1532938 finetune.py:68] layer 22_q @ epoch 1 new loss 0.00012647431867662817 old loss 0.00013075840251985937 BETTER
I0321 00:57:44.822674 1532830 finetune.py:68] layer 20_k @ epoch 0 new loss 0.00011604265455389395 old loss 0.00011990116036031395 BETTER
I0321 00:57:49.586857 1532992 finetune.py:45] layer 23_q initial loss 0.00013628894521389157
I0321 00:57:58.056320 1532884 finetune.py:68] layer 21_q @ epoch 4 new loss 9.351998596685007e-05 old loss 9.47499938774854e-05 BETTER
I0321 00:58:11.862158 1532938 finetune.py:68] layer 22_q @ epoch 2 new loss 0.00012336269719526172 old loss 0.00012647431867662817 BETTER
I0321 00:58:15.977503 1532884 finetune.py:45] layer 21_k initial loss 0.0001144344059866853
I0321 00:58:21.986587 1532830 finetune.py:68] layer 20_k @ epoch 1 new loss 0.00011462678230600432 old loss 0.00011604265455389395 BETTER
I0321 00:58:24.545675 1532992 finetune.py:68] layer 23_q @ epoch 0 new loss 0.00012654511374421418 old loss 0.00013628894521389157 BETTER
I0321 00:58:49.417092 1532938 finetune.py:68] layer 22_q @ epoch 3 new loss 0.00012111028627259657 old loss 0.00012336269719526172 BETTER
I0321 00:58:51.112815 1532884 finetune.py:68] layer 21_k @ epoch 0 new loss 0.000110150984255597 old loss 0.0001144344059866853 BETTER
I0321 00:58:59.030726 1532830 finetune.py:68] layer 20_k @ epoch 2 new loss 0.0001135254351538606 old loss 0.00011462678230600432 BETTER
I0321 00:59:01.128358 1532992 finetune.py:68] layer 23_q @ epoch 1 new loss 0.00012303923722356558 old loss 0.00012654511374421418 BETTER
I0321 00:59:26.411772 1532938 finetune.py:68] layer 22_q @ epoch 4 new loss 0.0001190810144180432 old loss 0.00012111028627259657 BETTER
I0321 00:59:27.443968 1532884 finetune.py:68] layer 21_k @ epoch 1 new loss 0.00010907616524491459 old loss 0.000110150984255597 BETTER
I0321 00:59:36.723945 1532830 finetune.py:68] layer 20_k @ epoch 3 new loss 0.00011262309271842241 old loss 0.0001135254351538606 BETTER
I0321 00:59:37.260474 1532992 finetune.py:68] layer 23_q @ epoch 2 new loss 0.00012052022793795913 old loss 0.00012303923722356558 BETTER
I0321 00:59:45.644065 1532938 finetune.py:45] layer 22_k initial loss 0.00014791134162805974
I0321 01:00:03.046581 1532884 finetune.py:68] layer 21_k @ epoch 2 new loss 0.00010826375364558771 old loss 0.00010907616524491459 BETTER
I0321 01:00:14.452408 1532992 finetune.py:68] layer 23_q @ epoch 3 new loss 0.00011864118278026581 old loss 0.00012052022793795913 BETTER
I0321 01:00:15.060734 1532830 finetune.py:68] layer 20_k @ epoch 4 new loss 0.00011186557821929455 old loss 0.00011262309271842241 BETTER
I0321 01:00:19.744809 1532938 finetune.py:68] layer 22_k @ epoch 0 new loss 0.00014415747136808932 old loss 0.00014791134162805974 BETTER
I0321 01:00:32.298608 1532830 finetune.py:45] layer 20_o initial loss 0.0002699119795579463
I0321 01:00:39.198378 1532884 finetune.py:68] layer 21_k @ epoch 3 new loss 0.00010758532152976841 old loss 0.00010826375364558771 BETTER
I0321 01:00:49.823535 1532992 finetune.py:68] layer 23_q @ epoch 4 new loss 0.00011708527017617598 old loss 0.00011864118278026581 BETTER
I0321 01:00:54.858009 1532938 finetune.py:68] layer 22_k @ epoch 1 new loss 0.00014263698540162295 old loss 0.00014415747136808932 BETTER
I0321 01:01:07.199654 1532830 finetune.py:68] layer 20_o @ epoch 0 new loss 0.0002519238041713834 old loss 0.0002699119795579463 BETTER
I0321 01:01:11.333029 1532992 finetune.py:45] layer 23_k initial loss 0.00014412388554774225
I0321 01:01:15.788015 1532884 finetune.py:68] layer 21_k @ epoch 4 new loss 0.00010708445915952325 old loss 0.00010758532152976841 BETTER
I0321 01:01:31.252656 1532938 finetune.py:68] layer 22_k @ epoch 2 new loss 0.00014149055641610175 old loss 0.00014263698540162295 BETTER
I0321 01:01:33.816426 1532884 finetune.py:45] layer 21_o initial loss 0.00023858998611103743
I0321 01:01:43.850425 1532830 finetune.py:68] layer 20_o @ epoch 1 new loss 0.00024508850765414536 old loss 0.0002519238041713834 BETTER
I0321 01:01:45.486946 1532992 finetune.py:68] layer 23_k @ epoch 0 new loss 0.00014094900689087808 old loss 0.00014412388554774225 BETTER
I0321 01:02:08.356510 1532938 finetune.py:68] layer 22_k @ epoch 3 new loss 0.00014055086649022996 old loss 0.00014149055641610175 BETTER
I0321 01:02:08.756583 1532884 finetune.py:68] layer 21_o @ epoch 0 new loss 0.00022860002354718745 old loss 0.00023858998611103743 BETTER
I0321 01:02:21.760783 1532830 finetune.py:68] layer 20_o @ epoch 2 new loss 0.0002404572005616501 old loss 0.00024508850765414536 BETTER
I0321 01:02:22.532544 1532992 finetune.py:68] layer 23_k @ epoch 1 new loss 0.0001397050218656659 old loss 0.00014094900689087808 BETTER
I0321 01:02:44.850664 1532884 finetune.py:68] layer 21_o @ epoch 1 new loss 0.00022485037334263325 old loss 0.00022860002354718745 BETTER
I0321 01:02:44.966145 1532938 finetune.py:68] layer 22_k @ epoch 4 new loss 0.000139773910632357 old loss 0.00014055086649022996 BETTER
I0321 01:02:58.471916 1532992 finetune.py:68] layer 23_k @ epoch 2 new loss 0.0001387470547342673 old loss 0.0001397050218656659 BETTER
I0321 01:02:58.552535 1532830 finetune.py:68] layer 20_o @ epoch 3 new loss 0.0002370982401771471 old loss 0.0002404572005616501 BETTER
I0321 01:03:05.309319 1532938 finetune.py:45] layer 22_o initial loss 0.00031066889641806483
I0321 01:03:20.391888 1532884 finetune.py:68] layer 21_o @ epoch 2 new loss 0.00022237372468225658 old loss 0.00022485037334263325 BETTER
I0321 01:03:34.652097 1532992 finetune.py:68] layer 23_k @ epoch 3 new loss 0.00013796749408356845 old loss 0.0001387470547342673 BETTER
I0321 01:03:35.524181 1532830 finetune.py:68] layer 20_o @ epoch 4 new loss 0.00023439707001671195 old loss 0.0002370982401771471 BETTER
I0321 01:03:39.421152 1532938 finetune.py:68] layer 22_o @ epoch 0 new loss 0.000294929021038115 old loss 0.00031066889641806483 BETTER
I0321 01:03:55.141704 1532884 finetune.py:68] layer 21_o @ epoch 3 new loss 0.00022048571554478258 old loss 0.00022237372468225658 BETTER
I0321 01:04:04.829631 1532830 finetune.py:45] layer 20_up initial loss 0.000497755769174546
I0321 01:04:10.601933 1532992 finetune.py:68] layer 23_k @ epoch 4 new loss 0.00013730148202739656 old loss 0.00013796749408356845 BETTER
I0321 01:04:14.405280 1532938 finetune.py:68] layer 22_o @ epoch 1 new loss 0.0002885654103010893 old loss 0.000294929021038115 BETTER
I0321 01:04:30.153383 1532992 finetune.py:45] layer 23_o initial loss 0.00029000607901252806
I0321 01:04:30.591975 1532884 finetune.py:68] layer 21_o @ epoch 4 new loss 0.00021906429901719093 old loss 0.00022048571554478258 BETTER
I0321 01:04:37.223690 1532830 finetune.py:68] layer 20_up @ epoch 0 new loss 0.0004849411197938025 old loss 0.000497755769174546 BETTER
I0321 01:04:49.831569 1532938 finetune.py:68] layer 22_o @ epoch 2 new loss 0.00028421918977983296 old loss 0.0002885654103010893 BETTER
I0321 01:05:01.036681 1532884 finetune.py:45] layer 21_up initial loss 0.0005059015238657594
I0321 01:05:04.222888 1532992 finetune.py:68] layer 23_o @ epoch 0 new loss 0.00027839993708766997 old loss 0.00029000607901252806 BETTER
I0321 01:05:12.468164 1532830 finetune.py:68] layer 20_up @ epoch 1 new loss 0.0004777848953381181 old loss 0.0004849411197938025 BETTER
I0321 01:05:25.136290 1532938 finetune.py:68] layer 22_o @ epoch 3 new loss 0.0002810559526551515 old loss 0.00028421918977983296 BETTER
I0321 01:05:33.727409 1532884 finetune.py:68] layer 21_up @ epoch 0 new loss 0.0004944676766172051 old loss 0.0005059015238657594 BETTER
I0321 01:05:39.464164 1532992 finetune.py:68] layer 23_o @ epoch 1 new loss 0.0002737513859756291 old loss 0.00027839993708766997 BETTER
I0321 01:05:47.598657 1532830 finetune.py:68] layer 20_up @ epoch 2 new loss 0.00047255511162802577 old loss 0.0004777848953381181 BETTER
I0321 01:06:01.398939 1532938 finetune.py:68] layer 22_o @ epoch 4 new loss 0.00027862301794812083 old loss 0.0002810559526551515 BETTER
I0321 01:06:06.558932 1532884 finetune.py:68] layer 21_up @ epoch 1 new loss 0.0004881775239482522 old loss 0.0004944676766172051 BETTER
I0321 01:06:14.228133 1532992 finetune.py:68] layer 23_o @ epoch 2 new loss 0.0002707076782826334 old loss 0.0002737513859756291 BETTER
I0321 01:06:22.588125 1532830 finetune.py:68] layer 20_up @ epoch 3 new loss 0.0004684393643401563 old loss 0.00047255511162802577 BETTER
I0321 01:06:34.432730 1532938 finetune.py:45] layer 22_up initial loss 0.0006026945193298161
I0321 01:06:39.947707 1532884 finetune.py:68] layer 21_up @ epoch 2 new loss 0.00048363348469138145 old loss 0.0004881775239482522 BETTER
I0321 01:06:49.305163 1532992 finetune.py:68] layer 23_o @ epoch 3 new loss 0.00026852742303162813 old loss 0.0002707076782826334 BETTER
I0321 01:06:57.724244 1532830 finetune.py:68] layer 20_up @ epoch 4 new loss 0.0004649031034205109 old loss 0.0004684393643401563 BETTER
I0321 01:07:06.417852 1532938 finetune.py:68] layer 22_up @ epoch 0 new loss 0.0005908194580115378 old loss 0.0006026945193298161 BETTER
I0321 01:07:13.139774 1532884 finetune.py:68] layer 21_up @ epoch 3 new loss 0.00048000915558077395 old loss 0.00048363348469138145 BETTER
I0321 01:07:23.767790 1532992 finetune.py:68] layer 23_o @ epoch 4 new loss 0.00026691818493418396 old loss 0.00026852742303162813 BETTER
I0321 01:07:27.568235 1532830 finetune.py:45] layer 20_gate initial loss 0.000669930363073945
I0321 01:07:40.129145 1532938 finetune.py:68] layer 22_up @ epoch 1 new loss 0.0005839965306222439 old loss 0.0005908194580115378 BETTER
I0321 01:07:46.310713 1532884 finetune.py:68] layer 21_up @ epoch 4 new loss 0.0004771284875459969 old loss 0.00048000915558077395 BETTER
I0321 01:07:56.840191 1532992 finetune.py:45] layer 23_up initial loss 0.0006226092227734625
I0321 01:07:59.515222 1532830 finetune.py:68] layer 20_gate @ epoch 0 new loss 0.000663582410197705 old loss 0.000669930363073945 BETTER
I0321 01:08:14.357167 1532938 finetune.py:68] layer 22_up @ epoch 2 new loss 0.0005789755377918482 old loss 0.0005839965306222439 BETTER
I0321 01:08:17.475458 1532884 finetune.py:45] layer 21_gate initial loss 0.0006994706345722079
I0321 01:08:29.243906 1532992 finetune.py:68] layer 23_up @ epoch 0 new loss 0.0006105939974077046 old loss 0.0006226092227734625 BETTER
I0321 01:08:33.447932 1532830 finetune.py:68] layer 20_gate @ epoch 1 new loss 0.0006593379657715559 old loss 0.000663582410197705 BETTER
I0321 01:08:49.104758 1532884 finetune.py:68] layer 21_gate @ epoch 0 new loss 0.0006941893370822072 old loss 0.0006994706345722079 BETTER
I0321 01:08:49.475317 1532938 finetune.py:68] layer 22_up @ epoch 3 new loss 0.0005748886615037918 old loss 0.0005789755377918482 BETTER
I0321 01:09:03.011027 1532992 finetune.py:68] layer 23_up @ epoch 1 new loss 0.0006041303277015686 old loss 0.0006105939974077046 BETTER
I0321 01:09:07.048493 1532830 finetune.py:68] layer 20_gate @ epoch 2 new loss 0.0006558477762155235 old loss 0.0006593379657715559 BETTER
I0321 01:09:22.171881 1532884 finetune.py:68] layer 21_gate @ epoch 1 new loss 0.0006905565387569368 old loss 0.0006941893370822072 BETTER
I0321 01:09:24.963551 1532938 finetune.py:68] layer 22_up @ epoch 4 new loss 0.0005716704181395471 old loss 0.0005748886615037918 BETTER
I0321 01:09:36.391489 1532992 finetune.py:68] layer 23_up @ epoch 2 new loss 0.0005994006060063839 old loss 0.0006041303277015686 BETTER
I0321 01:09:40.103605 1532830 finetune.py:68] layer 20_gate @ epoch 3 new loss 0.000653131166473031 old loss 0.0006558477762155235 BETTER
I0321 01:09:54.367081 1532884 finetune.py:68] layer 21_gate @ epoch 2 new loss 0.0006877022096887231 old loss 0.0006905565387569368 BETTER
I0321 01:09:58.263223 1532938 finetune.py:45] layer 22_gate initial loss 0.0008241258328780532
I0321 01:10:10.847904 1532992 finetune.py:68] layer 23_up @ epoch 3 new loss 0.0005956318927928805 old loss 0.0005994006060063839 BETTER
I0321 01:10:14.091488 1532830 finetune.py:68] layer 20_gate @ epoch 4 new loss 0.0006507900543510914 old loss 0.000653131166473031 BETTER
I0321 01:10:26.487568 1532884 finetune.py:68] layer 21_gate @ epoch 3 new loss 0.0006853248924016953 old loss 0.0006877022096887231 BETTER
I0321 01:10:29.200902 1532938 finetune.py:68] layer 22_gate @ epoch 0 new loss 0.0008186083869077265 old loss 0.0008241258328780532 BETTER
I0321 01:10:45.642827 1532992 finetune.py:68] layer 23_up @ epoch 4 new loss 0.0005925700534135103 old loss 0.0005956318927928805 BETTER
I0321 01:10:48.473658 1532830 finetune.py:45] layer 20_down initial loss 0.0011490528704598546
I0321 01:10:58.822881 1532884 finetune.py:68] layer 21_gate @ epoch 4 new loss 0.0006834144587628543 old loss 0.0006853248924016953 BETTER
I0321 01:11:01.626806 1532938 finetune.py:68] layer 22_gate @ epoch 1 new loss 0.0008146502659656107 old loss 0.0008186083869077265 BETTER
I0321 01:11:18.303092 1532992 finetune.py:45] layer 23_gate initial loss 0.0008770478889346123
I0321 01:11:19.107611 1532830 finetune.py:68] layer 20_down @ epoch 0 new loss 0.0011488735908642411 old loss 0.0011490528704598546 BETTER
I0321 01:11:32.250196 1532884 finetune.py:45] layer 21_down initial loss 0.001187665737234056
I0321 01:11:35.080812 1532938 finetune.py:68] layer 22_gate @ epoch 2 new loss 0.0008115581586025655 old loss 0.0008146502659656107 BETTER
I0321 01:11:50.328566 1532992 finetune.py:68] layer 23_gate @ epoch 0 new loss 0.0008715701405890286 old loss 0.0008770478889346123 BETTER
I0321 01:11:51.795632 1532830 finetune.py:68] layer 20_down @ epoch 1 new loss 0.001148761948570609 old loss 0.0011488735908642411 BETTER
I0321 01:12:02.428085 1532884 finetune.py:68] layer 21_down @ epoch 0 new loss 0.0011875126510858536 old loss 0.001187665737234056 BETTER
I0321 01:12:08.573087 1532938 finetune.py:68] layer 22_gate @ epoch 3 new loss 0.0008089736220426857 old loss 0.0008115581586025655 BETTER
I0321 01:12:23.192901 1532992 finetune.py:68] layer 23_gate @ epoch 1 new loss 0.0008677689475007355 old loss 0.0008715701405890286 BETTER
I0321 01:12:24.114192 1532830 finetune.py:68] layer 20_down @ epoch 2 new loss 0.0011486862786114216 old loss 0.001148761948570609 BETTER
I0321 01:12:32.977210 1532884 finetune.py:68] layer 21_down @ epoch 1 new loss 0.0011874138144776225 old loss 0.0011875126510858536 BETTER
I0321 01:12:41.742061 1532938 finetune.py:68] layer 22_gate @ epoch 4 new loss 0.0008069004979915917 old loss 0.0008089736220426857 BETTER
I0321 01:12:54.978264 1532992 finetune.py:68] layer 23_gate @ epoch 2 new loss 0.0008648325456306338 old loss 0.0008677689475007355 BETTER
I0321 01:12:55.905971 1532830 finetune.py:68] layer 20_down @ epoch 3 new loss 0.001148632145486772 old loss 0.0011486862786114216 BETTER
I0321 01:13:02.651333 1532884 finetune.py:68] layer 21_down @ epoch 2 new loss 0.0011873524636030197 old loss 0.0011874138144776225 BETTER
I0321 01:13:17.428454 1532938 finetune.py:45] layer 22_down initial loss 0.0013625533320009708
I0321 01:13:28.043036 1532992 finetune.py:68] layer 23_gate @ epoch 3 new loss 0.0008623891626484692 old loss 0.0008648325456306338 BETTER
I0321 01:13:28.798695 1532830 finetune.py:68] layer 20_down @ epoch 4 new loss 0.0011485895374789834 old loss 0.001148632145486772 BETTER
20_v proxy err 0.009495759382843971 tr(WHW.T) 990.5983276367188
bpp_loss 3.6948658227920532
20_q proxy err 0.0014799815835431218 tr(WHW.T) 7154.125
bpp_loss 4.061401844024658
20_k proxy err 0.001037854584865272 tr(WHW.T) 10410.966796875
bpp_loss 4.090919494628906
20_o proxy err 0.006483473815023899 tr(WHW.T) 100.50587463378906
bpp_loss 3.6879305839538574
20_up proxy err 0.00589741999283433 tr(WHW.T) 2340.571044921875
bpp_loss 3.7647955251294514
20_gate proxy err 0.003528857370838523 tr(WHW.T) 4023.122802734375
bpp_loss 3.851736024368641
20_down proxy err 0.007598807103931904 tr(WHW.T) 276.1263732910156
bpp_loss 3.7547256780225178
I0321 01:13:32.831180 1532884 finetune.py:68] layer 21_down @ epoch 3 new loss 0.0011873055482283235 old loss 0.0011873524636030197 BETTER
I0321 01:13:47.472210 1532938 finetune.py:68] layer 22_down @ epoch 0 new loss 0.0013623913982883096 old loss 0.0013625533320009708 BETTER
I0321 01:14:01.609218 1532992 finetune.py:68] layer 23_gate @ epoch 4 new loss 0.0008604180766269565 old loss 0.0008623891626484692 BETTER
I0321 01:14:04.276937 1532884 finetune.py:68] layer 21_down @ epoch 4 new loss 0.0011872684117406607 old loss 0.0011873055482283235 BETTER
21_v proxy err 0.009113771840929985 tr(WHW.T) 1144.5655517578125
bpp_loss 3.730854034423828
21_q proxy err 0.0016363138565793633 tr(WHW.T) 7069.08203125
bpp_loss 4.025635242462158
21_k proxy err 0.0011768372496590018 tr(WHW.T) 9999.126953125
bpp_loss 4.042912721633911
21_o proxy err 0.006936784368008375 tr(WHW.T) 75.6786880493164
bpp_loss 3.7137084007263184
21_up proxy err 0.006202767137438059 tr(WHW.T) 2361.2958984375
bpp_loss 3.762755815372911
21_gate proxy err 0.0037724680732935667 tr(WHW.T) 4001.726806640625
bpp_loss 3.8609257187954213
21_down proxy err 0.007608325220644474 tr(WHW.T) 277.64752197265625
bpp_loss 3.7545848003653592
I0321 01:14:16.768948 1532938 finetune.py:68] layer 22_down @ epoch 1 new loss 0.0013622831320390105 old loss 0.0013623913982883096 BETTER
I0321 01:14:29.691073 1532992 finetune.py:45] layer 23_down initial loss 0.0014340532943606377
I0321 01:14:46.022279 1532938 finetune.py:68] layer 22_down @ epoch 2 new loss 0.0013622078113257885 old loss 0.0013622831320390105 BETTER
I0321 01:14:57.174055 1532992 finetune.py:68] layer 23_down @ epoch 0 new loss 0.0014339144108816981 old loss 0.0014340532943606377 BETTER
I0321 01:15:15.741437 1532938 finetune.py:68] layer 22_down @ epoch 3 new loss 0.0013621520483866334 old loss 0.0013622078113257885 BETTER
I0321 01:15:26.229003 1532992 finetune.py:68] layer 23_down @ epoch 1 new loss 0.0014338272158056498 old loss 0.0014339144108816981 BETTER
I0321 01:15:29.201611 1531629 quantize_finetune_llama.py:234] computed original embedding for layer 24 in 78.52735161781311s
I0321 01:15:33.802129 1533046 config.py:54] PyTorch version 2.6.0 available.
W0321 01:15:34.225864 1533046 warnings.py:109] /opt/conda/lib/python3.10/site-packages/torchvision/io/image.py:13: UserWarning: Failed to load image Python extension: '/opt/conda/lib/python3.10/site-packages/torchvision/image.so: undefined symbol: _ZN3c1017RegisterOperatorsD1Ev'If you don't plan on using image functionality from `torchvision.io`, you can ignore this warning. Otherwise, there might be something wrong with your environment. Did you have `libjpeg` or `libpng` installed before building `torchvision` from source?
  warn(

W0321 01:15:35.464396 1533046 warnings.py:109] /opt/conda/lib/python3.10/site-packages/compressai/models/video/google.py:353: FutureWarning: `torch.cuda.amp.autocast(args...)` is deprecated. Please use `torch.amp.autocast('cuda', args...)` instead.
  @amp.autocast(enabled=False)

I0321 01:15:35.468758 1531629 quantize_finetune_llama.py:203] layer 25 gpu 1
I0321 01:15:35.485696 1533046 data_utils.py:336] using 256 training seqs, 128 validation seqs
The attention layers in this model are transitioning from computing the RoPE embeddings internally through `position_ids` (2D tensor with the indexes of the tokens), to using externally computed `position_embeddings` (Tuple of tensors, containing cos and sin). In v4.46 `position_ids` will be removed and `position_embeddings` will be mandatory.
I0321 01:15:45.326352 1532938 finetune.py:68] layer 22_down @ epoch 4 new loss 0.001362113980576396 old loss 0.0013621520483866334 BETTER
22_v proxy err 0.008742555044591427 tr(WHW.T) 1243.2529296875
bpp_loss 3.735073447227478
22_q proxy err 0.0015559722669422626 tr(WHW.T) 7749.4443359375
bpp_loss 4.0586864948272705
22_k proxy err 0.0011519357794895768 tr(WHW.T) 10622.513671875
bpp_loss 4.079096555709839
22_o proxy err 0.005860623437911272 tr(WHW.T) 114.47338104248047
bpp_loss 3.7164711952209473
22_up proxy err 0.006238732952624559 tr(WHW.T) 2475.303955078125
bpp_loss 3.762170303699582
22_gate proxy err 0.0038399233017116785 tr(WHW.T) 4155.72119140625
bpp_loss 3.868806528490643
22_down proxy err 0.007569769863039255 tr(WHW.T) 313.14202880859375
bpp_loss 3.7551599546920422
I0321 01:15:50.608584 1533046 finetune.py:45] layer 24_v initial loss 0.0002795569889713079
W0321 01:15:50.608860 1533046 warnings.py:109] /workspace/Weight_compression/comp_lm_qtip/lib/algo/finetune.py:46: FutureWarning: `torch.cuda.amp.GradScaler(args...)` is deprecated. Please use `torch.amp.GradScaler('cuda', args...)` instead.
  scaler = torch.cuda.amp.GradScaler(enabled=(orig_dtype==torch.float16))

I0321 01:15:55.065541 1532992 finetune.py:68] layer 23_down @ epoch 2 new loss 0.0014337679604068398 old loss 0.0014338272158056498 BETTER
I0321 01:16:24.070566 1532992 finetune.py:68] layer 23_down @ epoch 3 new loss 0.0014337229076772928 old loss 0.0014337679604068398 BETTER
I0321 01:16:25.658396 1533046 finetune.py:68] layer 24_v @ epoch 0 new loss 0.00015225137758534402 old loss 0.0002795569889713079 BETTER
I0321 01:16:53.223186 1532992 finetune.py:68] layer 23_down @ epoch 4 new loss 0.0014336920576170087 old loss 0.0014337229076772928 BETTER
23_v proxy err 0.00799660012125969 tr(WHW.T) 1486.037353515625
bpp_loss 3.792277693748474
23_q proxy err 0.0017618552083149552 tr(WHW.T) 7350.35498046875
bpp_loss 4.0475172996521
23_k proxy err 0.0013098182389512658 tr(WHW.T) 10003.33203125
bpp_loss 4.060006141662598
23_o proxy err 0.007099397014826536 tr(WHW.T) 85.35491943359375
bpp_loss 3.7769992351531982
23_up proxy err 0.006469112355262041 tr(WHW.T) 2534.113525390625
bpp_loss 3.768257318541061
23_gate proxy err 0.004119206219911575 tr(WHW.T) 4098.439453125
bpp_loss 3.868452560069949
23_down proxy err 0.0076078674755990505 tr(WHW.T) 322.51385498046875
bpp_loss 3.7624289490455807
I0321 01:17:01.026193 1533046 finetune.py:68] layer 24_v @ epoch 1 new loss 0.0001373601844534278 old loss 0.00015225137758534402 BETTER
I0321 01:17:03.823156 1531629 quantize_finetune_llama.py:234] computed original embedding for layer 25 in 72.09773206710815s
I0321 01:17:07.802906 1533100 config.py:54] PyTorch version 2.6.0 available.
W0321 01:17:08.205674 1533100 warnings.py:109] /opt/conda/lib/python3.10/site-packages/torchvision/io/image.py:13: UserWarning: Failed to load image Python extension: '/opt/conda/lib/python3.10/site-packages/torchvision/image.so: undefined symbol: _ZN3c1017RegisterOperatorsD1Ev'If you don't plan on using image functionality from `torchvision.io`, you can ignore this warning. Otherwise, there might be something wrong with your environment. Did you have `libjpeg` or `libpng` installed before building `torchvision` from source?
  warn(

W0321 01:17:09.287314 1533100 warnings.py:109] /opt/conda/lib/python3.10/site-packages/compressai/models/video/google.py:353: FutureWarning: `torch.cuda.amp.autocast(args...)` is deprecated. Please use `torch.amp.autocast('cuda', args...)` instead.
  @amp.autocast(enabled=False)

I0321 01:17:09.291730 1531629 quantize_finetune_llama.py:203] layer 26 gpu 2
I0321 01:17:09.310634 1533100 data_utils.py:336] using 256 training seqs, 128 validation seqs
